Command line invocation:
    /Applications/Xcode.app/Contents/Developer/usr/bin/xcodebuild -project NotedCore.xcodeproj -scheme NotedCore -destination "platform=iOS Simulator,id=1246CF7A-38EA-460D-AE57-E7155B891D0D" -configuration Debug build

Resolve Package Graph


Resolved source packages:
  Jinja: https://github.com/johnmai-dev/Jinja @ 1.3.0
  swift-transformers: https://github.com/huggingface/swift-transformers.git @ 0.1.15
  whisperkit: https://github.com/argmaxinc/WhisperKit @ main (3a38043)
  swift-collections: https://github.com/apple/swift-collections.git @ 1.2.1
  swift-argument-parser: https://github.com/apple/swift-argument-parser.git @ 1.6.1
  mlx-swift: https://github.com/ml-explore/mlx-swift @ 0.25.6
  swift-numerics: https://github.com/apple/swift-numerics @ 1.1.0

2025-09-28 17:42:52.333 xcodebuild[14083:1555071] [MT] IDERunDestination: Supported platforms for the buildables in the current scheme is empty.
--- xcodebuild: WARNING: Using the first of multiple matching destinations:
{ platform:iOS Simulator, arch:arm64, id:1246CF7A-38EA-460D-AE57-E7155B891D0D, OS:18.5, name:iPhone 16 Pro }
{ platform:iOS Simulator, arch:x86_64, id:1246CF7A-38EA-460D-AE57-E7155B891D0D, OS:18.5, name:iPhone 16 Pro }
ComputePackagePrebuildTargetDependencyGraph

Prepare packages

CreateBuildRequest

SendProjectDescription

CreateBuildOperation

ComputeTargetDependencyGraph
note: Building targets in dependency order
note: Target dependency graph (38 targets)
    Target 'NotedCore' in project 'NotedCore'
        ➜ Explicit dependency on target 'NotedWatch Watch App' in project 'NotedCore'
        ➜ Explicit dependency on target 'whisperkit-cli' in project 'whisperkit'
        ➜ Explicit dependency on target 'MLX' in project 'mlx-swift'
        ➜ Explicit dependency on target 'MLXLinalg' in project 'mlx-swift'
        ➜ Explicit dependency on target 'WhisperKit' in project 'whisperkit'
        ➜ Explicit dependency on target 'MLXFast' in project 'mlx-swift'
        ➜ Explicit dependency on target 'MLXNN' in project 'mlx-swift'
        ➜ Explicit dependency on target 'MLXFFT' in project 'mlx-swift'
    Target 'MLXFFT' in project 'mlx-swift'
        ➜ Explicit dependency on target 'MLXFFT' in project 'mlx-swift'
        ➜ Explicit dependency on target 'Cmlx' in project 'mlx-swift'
        ➜ Explicit dependency on target 'MLX' in project 'mlx-swift'
        ➜ Explicit dependency on target 'Numerics' in project 'swift-numerics'
    Target 'MLXFFT' in project 'mlx-swift'
        ➜ Explicit dependency on target 'Cmlx' in project 'mlx-swift'
        ➜ Explicit dependency on target 'MLX' in project 'mlx-swift'
        ➜ Explicit dependency on target 'Numerics' in project 'swift-numerics'
    Target 'MLXNN' in project 'mlx-swift'
        ➜ Explicit dependency on target 'MLXNN' in project 'mlx-swift'
        ➜ Explicit dependency on target 'Cmlx' in project 'mlx-swift'
        ➜ Explicit dependency on target 'MLX' in project 'mlx-swift'
        ➜ Explicit dependency on target 'MLXRandom' in project 'mlx-swift'
        ➜ Explicit dependency on target 'MLXFast' in project 'mlx-swift'
        ➜ Explicit dependency on target 'Numerics' in project 'swift-numerics'
    Target 'MLXNN' in project 'mlx-swift'
        ➜ Explicit dependency on target 'Cmlx' in project 'mlx-swift'
        ➜ Explicit dependency on target 'MLX' in project 'mlx-swift'
        ➜ Explicit dependency on target 'MLXRandom' in project 'mlx-swift'
        ➜ Explicit dependency on target 'MLXFast' in project 'mlx-swift'
        ➜ Explicit dependency on target 'Numerics' in project 'swift-numerics'
    Target 'MLXRandom' in project 'mlx-swift'
        ➜ Explicit dependency on target 'Cmlx' in project 'mlx-swift'
        ➜ Explicit dependency on target 'MLX' in project 'mlx-swift'
        ➜ Explicit dependency on target 'Numerics' in project 'swift-numerics'
    Target 'MLXFast' in project 'mlx-swift'
        ➜ Explicit dependency on target 'MLXFast' in project 'mlx-swift'
        ➜ Explicit dependency on target 'Cmlx' in project 'mlx-swift'
        ➜ Explicit dependency on target 'MLX' in project 'mlx-swift'
        ➜ Explicit dependency on target 'Numerics' in project 'swift-numerics'
    Target 'MLXFast' in project 'mlx-swift'
        ➜ Explicit dependency on target 'Cmlx' in project 'mlx-swift'
        ➜ Explicit dependency on target 'MLX' in project 'mlx-swift'
        ➜ Explicit dependency on target 'Numerics' in project 'swift-numerics'
    Target 'WhisperKit' in project 'whisperkit'
        ➜ Explicit dependency on target 'WhisperKit' in project 'whisperkit'
        ➜ Explicit dependency on target 'Transformers' in project 'swift-transformers'
    Target 'MLXLinalg' in project 'mlx-swift'
        ➜ Explicit dependency on target 'MLXLinalg' in project 'mlx-swift'
        ➜ Explicit dependency on target 'Cmlx' in project 'mlx-swift'
        ➜ Explicit dependency on target 'MLX' in project 'mlx-swift'
        ➜ Explicit dependency on target 'Numerics' in project 'swift-numerics'
    Target 'MLXLinalg' in project 'mlx-swift'
        ➜ Explicit dependency on target 'Cmlx' in project 'mlx-swift'
        ➜ Explicit dependency on target 'MLX' in project 'mlx-swift'
        ➜ Explicit dependency on target 'Numerics' in project 'swift-numerics'
    Target 'MLX' in project 'mlx-swift'
        ➜ Explicit dependency on target 'MLX' in project 'mlx-swift'
        ➜ Explicit dependency on target 'Cmlx' in project 'mlx-swift'
        ➜ Explicit dependency on target 'Numerics' in project 'swift-numerics'
    Target 'MLX' in project 'mlx-swift'
        ➜ Explicit dependency on target 'Cmlx' in project 'mlx-swift'
        ➜ Explicit dependency on target 'Numerics' in project 'swift-numerics'
    Target 'Numerics' in project 'swift-numerics'
        ➜ Explicit dependency on target 'Numerics' in project 'swift-numerics'
        ➜ Explicit dependency on target '_NumericsShims' in project 'swift-numerics'
        ➜ Explicit dependency on target 'RealModule' in project 'swift-numerics'
        ➜ Explicit dependency on target 'ComplexModule' in project 'swift-numerics'
    Target 'Numerics' in project 'swift-numerics'
        ➜ Explicit dependency on target '_NumericsShims' in project 'swift-numerics'
        ➜ Explicit dependency on target 'RealModule' in project 'swift-numerics'
        ➜ Explicit dependency on target 'ComplexModule' in project 'swift-numerics'
    Target 'ComplexModule' in project 'swift-numerics'
        ➜ Explicit dependency on target '_NumericsShims' in project 'swift-numerics'
        ➜ Explicit dependency on target 'RealModule' in project 'swift-numerics'
    Target 'RealModule' in project 'swift-numerics'
        ➜ Explicit dependency on target '_NumericsShims' in project 'swift-numerics'
    Target '_NumericsShims' in project 'swift-numerics' (no dependencies)
    Target 'Cmlx' in project 'mlx-swift'
        ➜ Explicit dependency on target 'mlx-swift_Cmlx' in project 'mlx-swift'
    Target 'mlx-swift_Cmlx' in project 'mlx-swift' (no dependencies)
    Target 'whisperkit-cli' in project 'whisperkit'
        ➜ Explicit dependency on target 'WhisperKit' in project 'whisperkit'
        ➜ Explicit dependency on target 'Transformers' in project 'swift-transformers'
        ➜ Explicit dependency on target 'ArgumentParser' in project 'swift-argument-parser'
    Target 'ArgumentParser' in project 'swift-argument-parser'
        ➜ Explicit dependency on target 'ArgumentParser' in project 'swift-argument-parser'
        ➜ Explicit dependency on target 'ArgumentParserToolInfo' in project 'swift-argument-parser'
    Target 'ArgumentParser' in project 'swift-argument-parser'
        ➜ Explicit dependency on target 'ArgumentParserToolInfo' in project 'swift-argument-parser'
    Target 'ArgumentParserToolInfo' in project 'swift-argument-parser' (no dependencies)
    Target 'WhisperKit' in project 'whisperkit'
        ➜ Explicit dependency on target 'Transformers' in project 'swift-transformers'
    Target 'Transformers' in project 'swift-transformers'
        ➜ Explicit dependency on target 'Tokenizers' in project 'swift-transformers'
        ➜ Explicit dependency on target 'Generation' in project 'swift-transformers'
        ➜ Explicit dependency on target 'Models' in project 'swift-transformers'
        ➜ Explicit dependency on target 'Hub' in project 'swift-transformers'
        ➜ Explicit dependency on target 'TensorUtils' in project 'swift-transformers'
        ➜ Explicit dependency on target 'Jinja' in project 'Jinja'
    Target 'Models' in project 'swift-transformers'
        ➜ Explicit dependency on target 'Hub' in project 'swift-transformers'
        ➜ Explicit dependency on target 'Tokenizers' in project 'swift-transformers'
        ➜ Explicit dependency on target 'TensorUtils' in project 'swift-transformers'
        ➜ Explicit dependency on target 'Generation' in project 'swift-transformers'
        ➜ Explicit dependency on target 'Jinja' in project 'Jinja'
    Target 'Generation' in project 'swift-transformers'
        ➜ Explicit dependency on target 'Hub' in project 'swift-transformers'
        ➜ Explicit dependency on target 'Tokenizers' in project 'swift-transformers'
        ➜ Explicit dependency on target 'TensorUtils' in project 'swift-transformers'
        ➜ Explicit dependency on target 'Jinja' in project 'Jinja'
    Target 'TensorUtils' in project 'swift-transformers' (no dependencies)
    Target 'Tokenizers' in project 'swift-transformers'
        ➜ Explicit dependency on target 'Hub' in project 'swift-transformers'
        ➜ Explicit dependency on target 'Jinja' in project 'Jinja'
    Target 'Jinja' in project 'Jinja'
        ➜ Explicit dependency on target 'Jinja' in project 'Jinja'
        ➜ Explicit dependency on target 'OrderedCollections' in project 'swift-collections'
    Target 'Jinja' in project 'Jinja'
        ➜ Explicit dependency on target 'OrderedCollections' in project 'swift-collections'
    Target 'OrderedCollections' in project 'swift-collections'
        ➜ Explicit dependency on target 'OrderedCollections' in project 'swift-collections'
        ➜ Explicit dependency on target 'InternalCollectionsUtilities' in project 'swift-collections'
    Target 'OrderedCollections' in project 'swift-collections'
        ➜ Explicit dependency on target 'InternalCollectionsUtilities' in project 'swift-collections'
    Target 'InternalCollectionsUtilities' in project 'swift-collections' (no dependencies)
    Target 'Hub' in project 'swift-transformers'
        ➜ Explicit dependency on target 'swift-transformers_Hub' in project 'swift-transformers'
    Target 'swift-transformers_Hub' in project 'swift-transformers' (no dependencies)
    Target 'NotedWatch Watch App' in project 'NotedCore' (no dependencies)

GatherProvisioningInputs

CreateBuildDescription

ExecuteExternalTool /Applications/Xcode.app/Contents/Developer/Toolchains/XcodeDefault.xctoolchain/usr/bin/swiftc --version

ExecuteExternalTool /Applications/Xcode.app/Contents/Developer/usr/bin/actool --print-asset-tag-combinations --output-format xml1 /Users/jamesalford/Documents/NotedCore/NotedWatch Watch App/Assets.xcassets

ExecuteExternalTool /Applications/Xcode.app/Contents/Developer/Toolchains/XcodeDefault.xctoolchain/usr/bin/clang -v -E -dM -arch arm64 -isysroot /Applications/Xcode.app/Contents/Developer/Platforms/iPhoneSimulator.platform/Developer/SDKs/iPhoneSimulator26.0.sdk -x c -c /dev/null

ExecuteExternalTool /Applications/Xcode.app/Contents/Developer/Toolchains/XcodeDefault.xctoolchain/usr/bin/ld -version_details

ExecuteExternalTool /Applications/Xcode.app/Contents/Developer/Toolchains/XcodeDefault.xctoolchain/usr/bin/clang -v -E -dM -isysroot /Applications/Xcode.app/Contents/Developer/Platforms/WatchSimulator.platform/Developer/SDKs/WatchSimulator26.0.sdk -x c -c /dev/null

ExecuteExternalTool /Applications/Xcode.app/Contents/Developer/Toolchains/XcodeDefault.xctoolchain/usr/bin/clang -v -E -dM -arch arm64 -isysroot /Applications/Xcode.app/Contents/Developer/Platforms/iPhoneSimulator.platform/Developer/SDKs/iPhoneSimulator26.0.sdk -x objective-c -c /dev/null

ExecuteExternalTool /Applications/Xcode.app/Contents/Developer/usr/bin/momc --dry-run --action generate --swift-version 5.0 --sdkroot /Applications/Xcode.app/Contents/Developer/Platforms/iPhoneSimulator.platform/Developer/SDKs/iPhoneSimulator26.0.sdk --iphonesimulator-deployment-target 16.0 --module NotedCore /Users/jamesalford/Documents/NotedCore/NotedCore/NotedCore.xcdatamodeld /Users/jamesalford/Library/Developer/Xcode/DerivedData/NotedCore-ftviuoyqruynvwbzbngenbwxsygv/Build/Intermediates.noindex/NotedCore.build/Debug-iphonesimulator/NotedCore.build/DerivedSources/CoreDataGenerated/NotedCore

ExecuteExternalTool /Applications/Xcode.app/Contents/Developer/usr/bin/actool --print-asset-tag-combinations --output-format xml1 /Users/jamesalford/Documents/NotedCore/NotedCore/Assets.xcassets

ExecuteExternalTool /Applications/Xcode.app/Contents/Developer/Toolchains/XcodeDefault.xctoolchain/usr/bin/clang -v -E -dM -isysroot /Applications/Xcode.app/Contents/Developer/Platforms/iPhoneSimulator.platform/Developer/SDKs/iPhoneSimulator26.0.sdk -x c -c /dev/null

ExecuteExternalTool /Applications/Xcode.app/Contents/Developer/Toolchains/XcodeDefault.xctoolchain/usr/bin/clang -v -E -dM -arch arm64 -isysroot /Applications/Xcode.app/Contents/Developer/Platforms/iPhoneSimulator.platform/Developer/SDKs/iPhoneSimulator26.0.sdk -x c++ -c /dev/null

ReadFileContents /Applications/Xcode.app/Contents/Developer/Toolchains/XcodeDefault.xctoolchain/usr/share/docc/features.json

ExecuteExternalTool /Applications/Xcode.app/Contents/Developer/usr/bin/actool --version --output-format xml1

Build description signature: 4bb66440507fac8ba447947159ebaa30
Build description path: /Users/jamesalford/Library/Developer/Xcode/DerivedData/NotedCore-ftviuoyqruynvwbzbngenbwxsygv/Build/Intermediates.noindex/XCBuildData/4bb66440507fac8ba447947159ebaa30.xcbuilddata
ClangStatCache /Applications/Xcode.app/Contents/Developer/Toolchains/XcodeDefault.xctoolchain/usr/bin/clang-stat-cache /Applications/Xcode.app/Contents/Developer/Platforms/WatchSimulator.platform/Developer/SDKs/WatchSimulator26.0.sdk /Users/jamesalford/Library/Developer/Xcode/DerivedData/SDKStatCaches.noindex/watchsimulator26.0-23R351-3885c01c3e6b6a337905948deab2002ed6f9d956e8bb931a4d3c0d15364d9e81.sdkstatcache
    cd /Users/jamesalford/Documents/NotedCore/NotedCore.xcodeproj
    /Applications/Xcode.app/Contents/Developer/Toolchains/XcodeDefault.xctoolchain/usr/bin/clang-stat-cache /Applications/Xcode.app/Contents/Developer/Platforms/WatchSimulator.platform/Developer/SDKs/WatchSimulator26.0.sdk -o /Users/jamesalford/Library/Developer/Xcode/DerivedData/SDKStatCaches.noindex/watchsimulator26.0-23R351-3885c01c3e6b6a337905948deab2002ed6f9d956e8bb931a4d3c0d15364d9e81.sdkstatcache

ClangStatCache /Applications/Xcode.app/Contents/Developer/Toolchains/XcodeDefault.xctoolchain/usr/bin/clang-stat-cache /Applications/Xcode.app/Contents/Developer/Platforms/iPhoneSimulator.platform/Developer/SDKs/iPhoneSimulator26.0.sdk /Users/jamesalford/Library/Developer/Xcode/DerivedData/SDKStatCaches.noindex/iphonesimulator26.0-23A339-3885c01c3e6b6a337905948deab2002e26257891a6c027eb51374368541b8346.sdkstatcache
    cd /Users/jamesalford/Documents/NotedCore/NotedCore.xcodeproj
    /Applications/Xcode.app/Contents/Developer/Toolchains/XcodeDefault.xctoolchain/usr/bin/clang-stat-cache /Applications/Xcode.app/Contents/Developer/Platforms/iPhoneSimulator.platform/Developer/SDKs/iPhoneSimulator26.0.sdk -o /Users/jamesalford/Library/Developer/Xcode/DerivedData/SDKStatCaches.noindex/iphonesimulator26.0-23A339-3885c01c3e6b6a337905948deab2002e26257891a6c027eb51374368541b8346.sdkstatcache

CreateBuildDirectory /Users/jamesalford/Library/Developer/Xcode/DerivedData/NotedCore-ftviuoyqruynvwbzbngenbwxsygv/Build/Intermediates.noindex
    cd /Users/jamesalford/Documents/NotedCore/NotedCore.xcodeproj
    builtin-create-build-directory /Users/jamesalford/Library/Developer/Xcode/DerivedData/NotedCore-ftviuoyqruynvwbzbngenbwxsygv/Build/Intermediates.noindex

CreateBuildDirectory /Users/jamesalford/Library/Developer/Xcode/DerivedData/NotedCore-ftviuoyqruynvwbzbngenbwxsygv/Build/Products
    cd /Users/jamesalford/Documents/NotedCore/NotedCore.xcodeproj
    builtin-create-build-directory /Users/jamesalford/Library/Developer/Xcode/DerivedData/NotedCore-ftviuoyqruynvwbzbngenbwxsygv/Build/Products

CreateBuildDirectory /Users/jamesalford/Library/Developer/Xcode/DerivedData/NotedCore-ftviuoyqruynvwbzbngenbwxsygv/Build/Intermediates.noindex/ExplicitPrecompiledModules
    cd /Users/jamesalford/Documents/NotedCore/NotedCore.xcodeproj
    builtin-create-build-directory /Users/jamesalford/Library/Developer/Xcode/DerivedData/NotedCore-ftviuoyqruynvwbzbngenbwxsygv/Build/Intermediates.noindex/ExplicitPrecompiledModules

CreateBuildDirectory /Users/jamesalford/Library/Developer/Xcode/DerivedData/NotedCore-ftviuoyqruynvwbzbngenbwxsygv/Build/Intermediates.noindex/SwiftExplicitPrecompiledModules
    cd /Users/jamesalford/Documents/NotedCore/NotedCore.xcodeproj
    builtin-create-build-directory /Users/jamesalford/Library/Developer/Xcode/DerivedData/NotedCore-ftviuoyqruynvwbzbngenbwxsygv/Build/Intermediates.noindex/SwiftExplicitPrecompiledModules

CreateBuildDirectory /Users/jamesalford/Library/Developer/Xcode/DerivedData/NotedCore-ftviuoyqruynvwbzbngenbwxsygv/Build/Products/Debug-watchsimulator
    cd /Users/jamesalford/Documents/NotedCore/NotedCore.xcodeproj
    builtin-create-build-directory /Users/jamesalford/Library/Developer/Xcode/DerivedData/NotedCore-ftviuoyqruynvwbzbngenbwxsygv/Build/Products/Debug-watchsimulator

CreateBuildDirectory /Users/jamesalford/Library/Developer/Xcode/DerivedData/NotedCore-ftviuoyqruynvwbzbngenbwxsygv/Build/Products/Debug-iphonesimulator
    cd /Users/jamesalford/Documents/NotedCore/NotedCore.xcodeproj
    builtin-create-build-directory /Users/jamesalford/Library/Developer/Xcode/DerivedData/NotedCore-ftviuoyqruynvwbzbngenbwxsygv/Build/Products/Debug-iphonesimulator

CreateBuildDirectory /Users/jamesalford/Library/Developer/Xcode/DerivedData/NotedCore-ftviuoyqruynvwbzbngenbwxsygv/Build/Intermediates.noindex/EagerLinkingTBDs/Debug-watchsimulator
    cd /Users/jamesalford/Documents/NotedCore/NotedCore.xcodeproj
    builtin-create-build-directory /Users/jamesalford/Library/Developer/Xcode/DerivedData/NotedCore-ftviuoyqruynvwbzbngenbwxsygv/Build/Intermediates.noindex/EagerLinkingTBDs/Debug-watchsimulator

CreateBuildDirectory /Users/jamesalford/Library/Developer/Xcode/DerivedData/NotedCore-ftviuoyqruynvwbzbngenbwxsygv/Build/Intermediates.noindex/EagerLinkingTBDs/Debug-iphonesimulator
    cd /Users/jamesalford/Documents/NotedCore/NotedCore.xcodeproj
    builtin-create-build-directory /Users/jamesalford/Library/Developer/Xcode/DerivedData/NotedCore-ftviuoyqruynvwbzbngenbwxsygv/Build/Intermediates.noindex/EagerLinkingTBDs/Debug-iphonesimulator

WriteAuxiliaryFile /Users/jamesalford/Library/Developer/Xcode/DerivedData/NotedCore-ftviuoyqruynvwbzbngenbwxsygv/Build/Intermediates.noindex/NotedCore.build/Debug-iphonesimulator/NotedCore-21f3c7d3b6c2f5f802752ccf91e67fbc-VFS-iphonesimulator/all-product-headers.yaml
    cd /Users/jamesalford/Documents/NotedCore/NotedCore.xcodeproj
    write-file /Users/jamesalford/Library/Developer/Xcode/DerivedData/NotedCore-ftviuoyqruynvwbzbngenbwxsygv/Build/Intermediates.noindex/NotedCore.build/Debug-iphonesimulator/NotedCore-21f3c7d3b6c2f5f802752ccf91e67fbc-VFS-iphonesimulator/all-product-headers.yaml

WriteAuxiliaryFile /Users/jamesalford/Library/Developer/Xcode/DerivedData/NotedCore-ftviuoyqruynvwbzbngenbwxsygv/Build/Intermediates.noindex/NotedCore.build/Debug-watchsimulator/NotedCore-21f3c7d3b6c2f5f802752ccf91e67fbc-VFS-watchsimulator/all-product-headers.yaml
    cd /Users/jamesalford/Documents/NotedCore/NotedCore.xcodeproj
    write-file /Users/jamesalford/Library/Developer/Xcode/DerivedData/NotedCore-ftviuoyqruynvwbzbngenbwxsygv/Build/Intermediates.noindex/NotedCore.build/Debug-watchsimulator/NotedCore-21f3c7d3b6c2f5f802752ccf91e67fbc-VFS-watchsimulator/all-product-headers.yaml

WriteAuxiliaryFile /Users/jamesalford/Library/Developer/Xcode/DerivedData/NotedCore-ftviuoyqruynvwbzbngenbwxsygv/Build/Intermediates.noindex/whisperkit.build/Debug-iphonesimulator/whisperkit-cli.build/whisperkit-cli.DependencyMetadataFileList (in target 'whisperkit-cli' from project 'whisperkit')
    cd /Users/jamesalford/Library/Developer/Xcode/DerivedData/NotedCore-ftviuoyqruynvwbzbngenbwxsygv/SourcePackages/checkouts/WhisperKit
    write-file /Users/jamesalford/Library/Developer/Xcode/DerivedData/NotedCore-ftviuoyqruynvwbzbngenbwxsygv/Build/Intermediates.noindex/whisperkit.build/Debug-iphonesimulator/whisperkit-cli.build/whisperkit-cli.DependencyMetadataFileList

WriteAuxiliaryFile /Users/jamesalford/Library/Developer/Xcode/DerivedData/NotedCore-ftviuoyqruynvwbzbngenbwxsygv/Build/Intermediates.noindex/whisperkit.build/Debug-iphonesimulator/whisperkit-cli.build/whisperkit-cli.DependencyStaticMetadataFileList (in target 'whisperkit-cli' from project 'whisperkit')
    cd /Users/jamesalford/Library/Developer/Xcode/DerivedData/NotedCore-ftviuoyqruynvwbzbngenbwxsygv/SourcePackages/checkouts/WhisperKit
    write-file /Users/jamesalford/Library/Developer/Xcode/DerivedData/NotedCore-ftviuoyqruynvwbzbngenbwxsygv/Build/Intermediates.noindex/whisperkit.build/Debug-iphonesimulator/whisperkit-cli.build/whisperkit-cli.DependencyStaticMetadataFileList

WriteAuxiliaryFile /Users/jamesalford/Library/Developer/Xcode/DerivedData/NotedCore-ftviuoyqruynvwbzbngenbwxsygv/Build/Intermediates.noindex/whisperkit.build/Debug-iphonesimulator/whisperkit-cli.build/Objects-normal/arm64/whisperkit-cli_const_extract_protocols.json (in target 'whisperkit-cli' from project 'whisperkit')
    cd /Users/jamesalford/Library/Developer/Xcode/DerivedData/NotedCore-ftviuoyqruynvwbzbngenbwxsygv/SourcePackages/checkouts/WhisperKit
    write-file /Users/jamesalford/Library/Developer/Xcode/DerivedData/NotedCore-ftviuoyqruynvwbzbngenbwxsygv/Build/Intermediates.noindex/whisperkit.build/Debug-iphonesimulator/whisperkit-cli.build/Objects-normal/arm64/whisperkit-cli_const_extract_protocols.json

WriteAuxiliaryFile /Users/jamesalford/Library/Developer/Xcode/DerivedData/NotedCore-ftviuoyqruynvwbzbngenbwxsygv/Build/Intermediates.noindex/whisperkit.build/Debug-iphonesimulator/whisperkit-cli.build/Objects-normal/arm64/whisperkit-cli-OutputFileMap.json (in target 'whisperkit-cli' from project 'whisperkit')
    cd /Users/jamesalford/Library/Developer/Xcode/DerivedData/NotedCore-ftviuoyqruynvwbzbngenbwxsygv/SourcePackages/checkouts/WhisperKit
    write-file /Users/jamesalford/Library/Developer/Xcode/DerivedData/NotedCore-ftviuoyqruynvwbzbngenbwxsygv/Build/Intermediates.noindex/whisperkit.build/Debug-iphonesimulator/whisperkit-cli.build/Objects-normal/arm64/whisperkit-cli-OutputFileMap.json

WriteAuxiliaryFile /Users/jamesalford/Library/Developer/Xcode/DerivedData/NotedCore-ftviuoyqruynvwbzbngenbwxsygv/Build/Intermediates.noindex/whisperkit.build/Debug-iphonesimulator/whisperkit-cli.build/DerivedSources/Entitlements-Simulated.plist (in target 'whisperkit-cli' from project 'whisperkit')
    cd /Users/jamesalford/Library/Developer/Xcode/DerivedData/NotedCore-ftviuoyqruynvwbzbngenbwxsygv/SourcePackages/checkouts/WhisperKit
    write-file /Users/jamesalford/Library/Developer/Xcode/DerivedData/NotedCore-ftviuoyqruynvwbzbngenbwxsygv/Build/Intermediates.noindex/whisperkit.build/Debug-iphonesimulator/whisperkit-cli.build/DerivedSources/Entitlements-Simulated.plist

WriteAuxiliaryFile /Users/jamesalford/Library/Developer/Xcode/DerivedData/NotedCore-ftviuoyqruynvwbzbngenbwxsygv/Build/Intermediates.noindex/whisperkit.build/Debug-iphonesimulator/whisperkit-cli.build/Objects-normal/arm64/whisperkit-cli.LinkFileList (in target 'whisperkit-cli' from project 'whisperkit')
    cd /Users/jamesalford/Library/Developer/Xcode/DerivedData/NotedCore-ftviuoyqruynvwbzbngenbwxsygv/SourcePackages/checkouts/WhisperKit
    write-file /Users/jamesalford/Library/Developer/Xcode/DerivedData/NotedCore-ftviuoyqruynvwbzbngenbwxsygv/Build/Intermediates.noindex/whisperkit.build/Debug-iphonesimulator/whisperkit-cli.build/Objects-normal/arm64/whisperkit-cli.LinkFileList

WriteAuxiliaryFile /Users/jamesalford/Library/Developer/Xcode/DerivedData/NotedCore-ftviuoyqruynvwbzbngenbwxsygv/Build/Intermediates.noindex/whisperkit.build/Debug-iphonesimulator/whisperkit-cli.build/Objects-normal/arm64/whisperkit-cli.SwiftFileList (in target 'whisperkit-cli' from project 'whisperkit')
    cd /Users/jamesalford/Library/Developer/Xcode/DerivedData/NotedCore-ftviuoyqruynvwbzbngenbwxsygv/SourcePackages/checkouts/WhisperKit
    write-file /Users/jamesalford/Library/Developer/Xcode/DerivedData/NotedCore-ftviuoyqruynvwbzbngenbwxsygv/Build/Intermediates.noindex/whisperkit.build/Debug-iphonesimulator/whisperkit-cli.build/Objects-normal/arm64/whisperkit-cli.SwiftFileList

WriteAuxiliaryFile /Users/jamesalford/Library/Developer/Xcode/DerivedData/NotedCore-ftviuoyqruynvwbzbngenbwxsygv/Build/Intermediates.noindex/swift-transformers.build/Debug-iphonesimulator/swift-transformers_Hub.build/swift-transformers_Hub.DependencyMetadataFileList (in target 'swift-transformers_Hub' from project 'swift-transformers')
    cd /Users/jamesalford/Library/Developer/Xcode/DerivedData/NotedCore-ftviuoyqruynvwbzbngenbwxsygv/SourcePackages/checkouts/swift-transformers
    write-file /Users/jamesalford/Library/Developer/Xcode/DerivedData/NotedCore-ftviuoyqruynvwbzbngenbwxsygv/Build/Intermediates.noindex/swift-transformers.build/Debug-iphonesimulator/swift-transformers_Hub.build/swift-transformers_Hub.DependencyMetadataFileList

WriteAuxiliaryFile /Users/jamesalford/Library/Developer/Xcode/DerivedData/NotedCore-ftviuoyqruynvwbzbngenbwxsygv/Build/Intermediates.noindex/swift-transformers.build/Debug-iphonesimulator/swift-transformers_Hub.build/swift-transformers_Hub.DependencyStaticMetadataFileList (in target 'swift-transformers_Hub' from project 'swift-transformers')
    cd /Users/jamesalford/Library/Developer/Xcode/DerivedData/NotedCore-ftviuoyqruynvwbzbngenbwxsygv/SourcePackages/checkouts/swift-transformers
    write-file /Users/jamesalford/Library/Developer/Xcode/DerivedData/NotedCore-ftviuoyqruynvwbzbngenbwxsygv/Build/Intermediates.noindex/swift-transformers.build/Debug-iphonesimulator/swift-transformers_Hub.build/swift-transformers_Hub.DependencyStaticMetadataFileList

WriteAuxiliaryFile /Users/jamesalford/Library/Developer/Xcode/DerivedData/NotedCore-ftviuoyqruynvwbzbngenbwxsygv/Build/Intermediates.noindex/swift-transformers.build/Debug-iphonesimulator/swift-transformers_Hub.build/empty-swift-transformers_Hub.plist (in target 'swift-transformers_Hub' from project 'swift-transformers')
    cd /Users/jamesalford/Library/Developer/Xcode/DerivedData/NotedCore-ftviuoyqruynvwbzbngenbwxsygv/SourcePackages/checkouts/swift-transformers
    write-file /Users/jamesalford/Library/Developer/Xcode/DerivedData/NotedCore-ftviuoyqruynvwbzbngenbwxsygv/Build/Intermediates.noindex/swift-transformers.build/Debug-iphonesimulator/swift-transformers_Hub.build/empty-swift-transformers_Hub.plist

WriteAuxiliaryFile /Users/jamesalford/Library/Developer/Xcode/DerivedData/NotedCore-ftviuoyqruynvwbzbngenbwxsygv/Build/Intermediates.noindex/mlx-swift.build/Debug-iphonesimulator/mlx-swift_Cmlx.build/mlx-swift_Cmlx.DependencyStaticMetadataFileList (in target 'mlx-swift_Cmlx' from project 'mlx-swift')
    cd /Users/jamesalford/Library/Developer/Xcode/DerivedData/NotedCore-ftviuoyqruynvwbzbngenbwxsygv/SourcePackages/checkouts/mlx-swift
    write-file /Users/jamesalford/Library/Developer/Xcode/DerivedData/NotedCore-ftviuoyqruynvwbzbngenbwxsygv/Build/Intermediates.noindex/mlx-swift.build/Debug-iphonesimulator/mlx-swift_Cmlx.build/mlx-swift_Cmlx.DependencyStaticMetadataFileList

WriteAuxiliaryFile /Users/jamesalford/Library/Developer/Xcode/DerivedData/NotedCore-ftviuoyqruynvwbzbngenbwxsygv/Build/Intermediates.noindex/mlx-swift.build/Debug-iphonesimulator/mlx-swift_Cmlx.build/mlx-swift_Cmlx.DependencyMetadataFileList (in target 'mlx-swift_Cmlx' from project 'mlx-swift')
    cd /Users/jamesalford/Library/Developer/Xcode/DerivedData/NotedCore-ftviuoyqruynvwbzbngenbwxsygv/SourcePackages/checkouts/mlx-swift
    write-file /Users/jamesalford/Library/Developer/Xcode/DerivedData/NotedCore-ftviuoyqruynvwbzbngenbwxsygv/Build/Intermediates.noindex/mlx-swift.build/Debug-iphonesimulator/mlx-swift_Cmlx.build/mlx-swift_Cmlx.DependencyMetadataFileList

WriteAuxiliaryFile /Users/jamesalford/Library/Developer/Xcode/DerivedData/NotedCore-ftviuoyqruynvwbzbngenbwxsygv/Build/Intermediates.noindex/mlx-swift.build/Debug-iphonesimulator/mlx-swift_Cmlx.build/empty-mlx-swift_Cmlx.plist (in target 'mlx-swift_Cmlx' from project 'mlx-swift')
    cd /Users/jamesalford/Library/Developer/Xcode/DerivedData/NotedCore-ftviuoyqruynvwbzbngenbwxsygv/SourcePackages/checkouts/mlx-swift
    write-file /Users/jamesalford/Library/Developer/Xcode/DerivedData/NotedCore-ftviuoyqruynvwbzbngenbwxsygv/Build/Intermediates.noindex/mlx-swift.build/Debug-iphonesimulator/mlx-swift_Cmlx.build/empty-mlx-swift_Cmlx.plist

WriteAuxiliaryFile /Users/jamesalford/Library/Developer/Xcode/DerivedData/NotedCore-ftviuoyqruynvwbzbngenbwxsygv/Build/Intermediates.noindex/whisperkit.build/Debug-iphonesimulator/WhisperKit.build/WhisperKit.DependencyStaticMetadataFileList (in target 'WhisperKit' from project 'whisperkit')
    cd /Users/jamesalford/Library/Developer/Xcode/DerivedData/NotedCore-ftviuoyqruynvwbzbngenbwxsygv/SourcePackages/checkouts/WhisperKit
    write-file /Users/jamesalford/Library/Developer/Xcode/DerivedData/NotedCore-ftviuoyqruynvwbzbngenbwxsygv/Build/Intermediates.noindex/whisperkit.build/Debug-iphonesimulator/WhisperKit.build/WhisperKit.DependencyStaticMetadataFileList

WriteAuxiliaryFile /Users/jamesalford/Library/Developer/Xcode/DerivedData/NotedCore-ftviuoyqruynvwbzbngenbwxsygv/Build/Intermediates.noindex/whisperkit.build/Debug-iphonesimulator/WhisperKit.build/empty-WhisperKit.plist (in target 'WhisperKit' from project 'whisperkit')
    cd /Users/jamesalford/Library/Developer/Xcode/DerivedData/NotedCore-ftviuoyqruynvwbzbngenbwxsygv/SourcePackages/checkouts/WhisperKit
    write-file /Users/jamesalford/Library/Developer/Xcode/DerivedData/NotedCore-ftviuoyqruynvwbzbngenbwxsygv/Build/Intermediates.noindex/whisperkit.build/Debug-iphonesimulator/WhisperKit.build/empty-WhisperKit.plist

WriteAuxiliaryFile /Users/jamesalford/Library/Developer/Xcode/DerivedData/NotedCore-ftviuoyqruynvwbzbngenbwxsygv/Build/Intermediates.noindex/whisperkit.build/Debug-iphonesimulator/WhisperKit.build/WhisperKit.modulemap (in target 'WhisperKit' from project 'whisperkit')
    cd /Users/jamesalford/Library/Developer/Xcode/DerivedData/NotedCore-ftviuoyqruynvwbzbngenbwxsygv/SourcePackages/checkouts/WhisperKit
    write-file /Users/jamesalford/Library/Developer/Xcode/DerivedData/NotedCore-ftviuoyqruynvwbzbngenbwxsygv/Build/Intermediates.noindex/whisperkit.build/Debug-iphonesimulator/WhisperKit.build/WhisperKit.modulemap

WriteAuxiliaryFile /Users/jamesalford/Library/Developer/Xcode/DerivedData/NotedCore-ftviuoyqruynvwbzbngenbwxsygv/Build/Intermediates.noindex/whisperkit.build/Debug-iphonesimulator/WhisperKit.build/WhisperKit.DependencyMetadataFileList (in target 'WhisperKit' from project 'whisperkit')
    cd /Users/jamesalford/Library/Developer/Xcode/DerivedData/NotedCore-ftviuoyqruynvwbzbngenbwxsygv/SourcePackages/checkouts/WhisperKit
    write-file /Users/jamesalford/Library/Developer/Xcode/DerivedData/NotedCore-ftviuoyqruynvwbzbngenbwxsygv/Build/Intermediates.noindex/whisperkit.build/Debug-iphonesimulator/WhisperKit.build/WhisperKit.DependencyMetadataFileList

WriteAuxiliaryFile /Users/jamesalford/Library/Developer/Xcode/DerivedData/NotedCore-ftviuoyqruynvwbzbngenbwxsygv/Build/Intermediates.noindex/whisperkit.build/Debug-iphonesimulator/WhisperKit.build/Objects-normal/arm64/WhisperKit_const_extract_protocols.json (in target 'WhisperKit' from project 'whisperkit')
    cd /Users/jamesalford/Library/Developer/Xcode/DerivedData/NotedCore-ftviuoyqruynvwbzbngenbwxsygv/SourcePackages/checkouts/WhisperKit
    write-file /Users/jamesalford/Library/Developer/Xcode/DerivedData/NotedCore-ftviuoyqruynvwbzbngenbwxsygv/Build/Intermediates.noindex/whisperkit.build/Debug-iphonesimulator/WhisperKit.build/Objects-normal/arm64/WhisperKit_const_extract_protocols.json

WriteAuxiliaryFile /Users/jamesalford/Library/Developer/Xcode/DerivedData/NotedCore-ftviuoyqruynvwbzbngenbwxsygv/Build/Intermediates.noindex/swift-numerics.build/Debug-iphonesimulator/_NumericsShims.build/_NumericsShims.DependencyMetadataFileList (in target '_NumericsShims' from project 'swift-numerics')
    cd /Users/jamesalford/Library/Developer/Xcode/DerivedData/NotedCore-ftviuoyqruynvwbzbngenbwxsygv/SourcePackages/checkouts/swift-numerics
    write-file /Users/jamesalford/Library/Developer/Xcode/DerivedData/NotedCore-ftviuoyqruynvwbzbngenbwxsygv/Build/Intermediates.noindex/swift-numerics.build/Debug-iphonesimulator/_NumericsShims.build/_NumericsShims.DependencyMetadataFileList

WriteAuxiliaryFile /Users/jamesalford/Library/Developer/Xcode/DerivedData/NotedCore-ftviuoyqruynvwbzbngenbwxsygv/Build/Intermediates.noindex/swift-numerics.build/Debug-iphonesimulator/_NumericsShims.build/_NumericsShims.DependencyStaticMetadataFileList (in target '_NumericsShims' from project 'swift-numerics')
    cd /Users/jamesalford/Library/Developer/Xcode/DerivedData/NotedCore-ftviuoyqruynvwbzbngenbwxsygv/SourcePackages/checkouts/swift-numerics
    write-file /Users/jamesalford/Library/Developer/Xcode/DerivedData/NotedCore-ftviuoyqruynvwbzbngenbwxsygv/Build/Intermediates.noindex/swift-numerics.build/Debug-iphonesimulator/_NumericsShims.build/_NumericsShims.DependencyStaticMetadataFileList

WriteAuxiliaryFile /Users/jamesalford/Library/Developer/Xcode/DerivedData/NotedCore-ftviuoyqruynvwbzbngenbwxsygv/Build/Intermediates.noindex/swift-numerics.build/Debug-iphonesimulator/_NumericsShims.build/Objects-normal/arm64/_NumericsShims.LinkFileList (in target '_NumericsShims' from project 'swift-numerics')
    cd /Users/jamesalford/Library/Developer/Xcode/DerivedData/NotedCore-ftviuoyqruynvwbzbngenbwxsygv/SourcePackages/checkouts/swift-numerics
    write-file /Users/jamesalford/Library/Developer/Xcode/DerivedData/NotedCore-ftviuoyqruynvwbzbngenbwxsygv/Build/Intermediates.noindex/swift-numerics.build/Debug-iphonesimulator/_NumericsShims.build/Objects-normal/arm64/_NumericsShims.LinkFileList

WriteAuxiliaryFile /Users/jamesalford/Library/Developer/Xcode/DerivedData/NotedCore-ftviuoyqruynvwbzbngenbwxsygv/Build/Intermediates.noindex/swift-numerics.build/Debug-iphonesimulator/_NumericsShims.build/Objects-normal/arm64/7187679823f38a2a940e0043cdf9d637-common-args.resp (in target '_NumericsShims' from project 'swift-numerics')
    cd /Users/jamesalford/Library/Developer/Xcode/DerivedData/NotedCore-ftviuoyqruynvwbzbngenbwxsygv/SourcePackages/checkouts/swift-numerics
    write-file /Users/jamesalford/Library/Developer/Xcode/DerivedData/NotedCore-ftviuoyqruynvwbzbngenbwxsygv/Build/Intermediates.noindex/swift-numerics.build/Debug-iphonesimulator/_NumericsShims.build/Objects-normal/arm64/7187679823f38a2a940e0043cdf9d637-common-args.resp
-target arm64-apple-ios12.0-simulator -fmodules -gmodules '-fmodules-cache-path=/Users/jamesalford/Library/Developer/Xcode/DerivedData/ModuleCache.noindex' '-fmodule-name=_NumericsShims' -fpascal-strings -O0 -DSWIFT_PACKAGE '-DDEBUG=1' -isysroot /Applications/Xcode.app/Contents/Developer/Platforms/iPhoneSimulator.platform/Developer/SDKs/iPhoneSimulator26.0.sdk -g -fprofile-instr-generate -fcoverage-mapping -I/Users/jamesalford/Library/Developer/Xcode/DerivedData/NotedCore-ftviuoyqruynvwbzbngenbwxsygv/Build/Products/Debug-iphonesimulator/include -I/Users/jamesalford/Library/Developer/Xcode/DerivedData/NotedCore-ftviuoyqruynvwbzbngenbwxsygv/SourcePackages/checkouts/swift-numerics/Sources/_NumericsShims/include -I/Users/jamesalford/Library/Developer/Xcode/DerivedData/NotedCore-ftviuoyqruynvwbzbngenbwxsygv/Build/Intermediates.noindex/swift-numerics.build/Debug-iphonesimulator/_NumericsShims.build/DerivedSources-normal/arm64 -I/Users/jamesalford/Library/Developer/Xcode/DerivedData/NotedCore-ftviuoyqruynvwbzbngenbwxsygv/Build/Intermediates.noindex/swift-numerics.build/Debug-iphonesimulator/_NumericsShims.build/DerivedSources/arm64 -I/Users/jamesalford/Library/Developer/Xcode/DerivedData/NotedCore-ftviuoyqruynvwbzbngenbwxsygv/Build/Intermediates.noindex/swift-numerics.build/Debug-iphonesimulator/_NumericsShims.build/DerivedSources -F/Users/jamesalford/Library/Developer/Xcode/DerivedData/NotedCore-ftviuoyqruynvwbzbngenbwxsygv/Build/Products/Debug-iphonesimulator -iframework /Applications/Xcode.app/Contents/Developer/Platforms/iPhoneSimulator.platform/Developer/Library/Frameworks -iframework /Applications/Xcode.app/Contents/Developer/Platforms/iPhoneSimulator.platform/Developer/SDKs/iPhoneSimulator26.0.sdk/Developer/Library/Frameworks -DXcode

WriteAuxiliaryFile /Users/jamesalford/Library/Developer/Xcode/DerivedData/NotedCore-ftviuoyqruynvwbzbngenbwxsygv/Build/Intermediates.noindex/whisperkit.build/Debug-iphonesimulator/WhisperKit.build/Objects-normal/arm64/WhisperKit.SwiftFileList (in target 'WhisperKit' from project 'whisperkit')
    cd /Users/jamesalford/Library/Developer/Xcode/DerivedData/NotedCore-ftviuoyqruynvwbzbngenbwxsygv/SourcePackages/checkouts/WhisperKit
    write-file /Users/jamesalford/Library/Developer/Xcode/DerivedData/NotedCore-ftviuoyqruynvwbzbngenbwxsygv/Build/Intermediates.noindex/whisperkit.build/Debug-iphonesimulator/WhisperKit.build/Objects-normal/arm64/WhisperKit.SwiftFileList

WriteAuxiliaryFile /Users/jamesalford/Library/Developer/Xcode/DerivedData/NotedCore-ftviuoyqruynvwbzbngenbwxsygv/Build/Intermediates.noindex/whisperkit.build/Debug-iphonesimulator/WhisperKit.build/Objects-normal/arm64/WhisperKit.SwiftConstValuesFileList (in target 'WhisperKit' from project 'whisperkit')
    cd /Users/jamesalford/Library/Developer/Xcode/DerivedData/NotedCore-ftviuoyqruynvwbzbngenbwxsygv/SourcePackages/checkouts/WhisperKit
    write-file /Users/jamesalford/Library/Developer/Xcode/DerivedData/NotedCore-ftviuoyqruynvwbzbngenbwxsygv/Build/Intermediates.noindex/whisperkit.build/Debug-iphonesimulator/WhisperKit.build/Objects-normal/arm64/WhisperKit.SwiftConstValuesFileList

WriteAuxiliaryFile /Users/jamesalford/Library/Developer/Xcode/DerivedData/NotedCore-ftviuoyqruynvwbzbngenbwxsygv/Build/Intermediates.noindex/whisperkit.build/Debug-iphonesimulator/WhisperKit.build/Objects-normal/arm64/WhisperKit.LinkFileList (in target 'WhisperKit' from project 'whisperkit')
    cd /Users/jamesalford/Library/Developer/Xcode/DerivedData/NotedCore-ftviuoyqruynvwbzbngenbwxsygv/SourcePackages/checkouts/WhisperKit
    write-file /Users/jamesalford/Library/Developer/Xcode/DerivedData/NotedCore-ftviuoyqruynvwbzbngenbwxsygv/Build/Intermediates.noindex/whisperkit.build/Debug-iphonesimulator/WhisperKit.build/Objects-normal/arm64/WhisperKit.LinkFileList

WriteAuxiliaryFile /Users/jamesalford/Library/Developer/Xcode/DerivedData/NotedCore-ftviuoyqruynvwbzbngenbwxsygv/Build/Intermediates.noindex/whisperkit.build/Debug-iphonesimulator/WhisperKit.build/Objects-normal/arm64/WhisperKit-OutputFileMap.json (in target 'WhisperKit' from project 'whisperkit')
    cd /Users/jamesalford/Library/Developer/Xcode/DerivedData/NotedCore-ftviuoyqruynvwbzbngenbwxsygv/SourcePackages/checkouts/WhisperKit
    write-file /Users/jamesalford/Library/Developer/Xcode/DerivedData/NotedCore-ftviuoyqruynvwbzbngenbwxsygv/Build/Intermediates.noindex/whisperkit.build/Debug-iphonesimulator/WhisperKit.build/Objects-normal/arm64/WhisperKit-OutputFileMap.json

WriteAuxiliaryFile /Users/jamesalford/Library/Developer/Xcode/DerivedData/NotedCore-ftviuoyqruynvwbzbngenbwxsygv/Build/Intermediates.noindex/swift-transformers.build/Debug-iphonesimulator/Transformers\ product.build/empty-Transformers_79FFCAD726DD9D12_PackageProduct.plist (in target 'Transformers' from project 'swift-transformers')
    cd /Users/jamesalford/Library/Developer/Xcode/DerivedData/NotedCore-ftviuoyqruynvwbzbngenbwxsygv/SourcePackages/checkouts/swift-transformers
    write-file /Users/jamesalford/Library/Developer/Xcode/DerivedData/NotedCore-ftviuoyqruynvwbzbngenbwxsygv/Build/Intermediates.noindex/swift-transformers.build/Debug-iphonesimulator/Transformers\ product.build/empty-Transformers_79FFCAD726DD9D12_PackageProduct.plist

WriteAuxiliaryFile /Users/jamesalford/Library/Developer/Xcode/DerivedData/NotedCore-ftviuoyqruynvwbzbngenbwxsygv/Build/Intermediates.noindex/swift-transformers.build/Debug-iphonesimulator/Transformers\ product.build/Transformers_79FFCAD726DD9D12_PackageProduct.DependencyStaticMetadataFileList (in target 'Transformers' from project 'swift-transformers')
    cd /Users/jamesalford/Library/Developer/Xcode/DerivedData/NotedCore-ftviuoyqruynvwbzbngenbwxsygv/SourcePackages/checkouts/swift-transformers
    write-file /Users/jamesalford/Library/Developer/Xcode/DerivedData/NotedCore-ftviuoyqruynvwbzbngenbwxsygv/Build/Intermediates.noindex/swift-transformers.build/Debug-iphonesimulator/Transformers\ product.build/Transformers_79FFCAD726DD9D12_PackageProduct.DependencyStaticMetadataFileList

WriteAuxiliaryFile /Users/jamesalford/Library/Developer/Xcode/DerivedData/NotedCore-ftviuoyqruynvwbzbngenbwxsygv/Build/Intermediates.noindex/swift-transformers.build/Debug-iphonesimulator/Transformers\ product.build/Transformers_79FFCAD726DD9D12_PackageProduct.DependencyMetadataFileList (in target 'Transformers' from project 'swift-transformers')
    cd /Users/jamesalford/Library/Developer/Xcode/DerivedData/NotedCore-ftviuoyqruynvwbzbngenbwxsygv/SourcePackages/checkouts/swift-transformers
    write-file /Users/jamesalford/Library/Developer/Xcode/DerivedData/NotedCore-ftviuoyqruynvwbzbngenbwxsygv/Build/Intermediates.noindex/swift-transformers.build/Debug-iphonesimulator/Transformers\ product.build/Transformers_79FFCAD726DD9D12_PackageProduct.DependencyMetadataFileList

WriteAuxiliaryFile /Users/jamesalford/Library/Developer/Xcode/DerivedData/NotedCore-ftviuoyqruynvwbzbngenbwxsygv/Build/Intermediates.noindex/swift-transformers.build/Debug-iphonesimulator/Tokenizers.build/Tokenizers.modulemap (in target 'Tokenizers' from project 'swift-transformers')
    cd /Users/jamesalford/Library/Developer/Xcode/DerivedData/NotedCore-ftviuoyqruynvwbzbngenbwxsygv/SourcePackages/checkouts/swift-transformers
    write-file /Users/jamesalford/Library/Developer/Xcode/DerivedData/NotedCore-ftviuoyqruynvwbzbngenbwxsygv/Build/Intermediates.noindex/swift-transformers.build/Debug-iphonesimulator/Tokenizers.build/Tokenizers.modulemap

WriteAuxiliaryFile /Users/jamesalford/Library/Developer/Xcode/DerivedData/NotedCore-ftviuoyqruynvwbzbngenbwxsygv/Build/Intermediates.noindex/swift-transformers.build/Debug-iphonesimulator/Tokenizers.build/Tokenizers.DependencyStaticMetadataFileList (in target 'Tokenizers' from project 'swift-transformers')
    cd /Users/jamesalford/Library/Developer/Xcode/DerivedData/NotedCore-ftviuoyqruynvwbzbngenbwxsygv/SourcePackages/checkouts/swift-transformers
    write-file /Users/jamesalford/Library/Developer/Xcode/DerivedData/NotedCore-ftviuoyqruynvwbzbngenbwxsygv/Build/Intermediates.noindex/swift-transformers.build/Debug-iphonesimulator/Tokenizers.build/Tokenizers.DependencyStaticMetadataFileList

Copy /Users/jamesalford/Library/Developer/Xcode/DerivedData/NotedCore-ftviuoyqruynvwbzbngenbwxsygv/Build/Intermediates.noindex/GeneratedModuleMaps-iphonesimulator/WhisperKit.modulemap /Users/jamesalford/Library/Developer/Xcode/DerivedData/NotedCore-ftviuoyqruynvwbzbngenbwxsygv/Build/Intermediates.noindex/whisperkit.build/Debug-iphonesimulator/WhisperKit.build/WhisperKit.modulemap (in target 'WhisperKit' from project 'whisperkit')
    cd /Users/jamesalford/Library/Developer/Xcode/DerivedData/NotedCore-ftviuoyqruynvwbzbngenbwxsygv/SourcePackages/checkouts/WhisperKit
    builtin-copy -exclude .DS_Store -exclude CVS -exclude .svn -exclude .git -exclude .hg -resolve-src-symlinks /Users/jamesalford/Library/Developer/Xcode/DerivedData/NotedCore-ftviuoyqruynvwbzbngenbwxsygv/Build/Intermediates.noindex/whisperkit.build/Debug-iphonesimulator/WhisperKit.build/WhisperKit.modulemap /Users/jamesalford/Library/Developer/Xcode/DerivedData/NotedCore-ftviuoyqruynvwbzbngenbwxsygv/Build/Intermediates.noindex/GeneratedModuleMaps-iphonesimulator

WriteAuxiliaryFile /Users/jamesalford/Library/Developer/Xcode/DerivedData/NotedCore-ftviuoyqruynvwbzbngenbwxsygv/Build/Intermediates.noindex/swift-transformers.build/Debug-iphonesimulator/Tokenizers.build/Tokenizers.DependencyMetadataFileList (in target 'Tokenizers' from project 'swift-transformers')
    cd /Users/jamesalford/Library/Developer/Xcode/DerivedData/NotedCore-ftviuoyqruynvwbzbngenbwxsygv/SourcePackages/checkouts/swift-transformers
    write-file /Users/jamesalford/Library/Developer/Xcode/DerivedData/NotedCore-ftviuoyqruynvwbzbngenbwxsygv/Build/Intermediates.noindex/swift-transformers.build/Debug-iphonesimulator/Tokenizers.build/Tokenizers.DependencyMetadataFileList

WriteAuxiliaryFile /Users/jamesalford/Library/Developer/Xcode/DerivedData/NotedCore-ftviuoyqruynvwbzbngenbwxsygv/Build/Intermediates.noindex/swift-transformers.build/Debug-iphonesimulator/Transformers\ product.build/Objects-normal/arm64/Transformers_79FFCAD726DD9D12_PackageProduct.LinkFileList (in target 'Transformers' from project 'swift-transformers')
    cd /Users/jamesalford/Library/Developer/Xcode/DerivedData/NotedCore-ftviuoyqruynvwbzbngenbwxsygv/SourcePackages/checkouts/swift-transformers
    write-file /Users/jamesalford/Library/Developer/Xcode/DerivedData/NotedCore-ftviuoyqruynvwbzbngenbwxsygv/Build/Intermediates.noindex/swift-transformers.build/Debug-iphonesimulator/Transformers\ product.build/Objects-normal/arm64/Transformers_79FFCAD726DD9D12_PackageProduct.LinkFileList

WriteAuxiliaryFile /Users/jamesalford/Library/Developer/Xcode/DerivedData/NotedCore-ftviuoyqruynvwbzbngenbwxsygv/Build/Intermediates.noindex/swift-transformers.build/Debug-iphonesimulator/Tokenizers.build/Objects-normal/arm64/Tokenizers_const_extract_protocols.json (in target 'Tokenizers' from project 'swift-transformers')
    cd /Users/jamesalford/Library/Developer/Xcode/DerivedData/NotedCore-ftviuoyqruynvwbzbngenbwxsygv/SourcePackages/checkouts/swift-transformers
    write-file /Users/jamesalford/Library/Developer/Xcode/DerivedData/NotedCore-ftviuoyqruynvwbzbngenbwxsygv/Build/Intermediates.noindex/swift-transformers.build/Debug-iphonesimulator/Tokenizers.build/Objects-normal/arm64/Tokenizers_const_extract_protocols.json

WriteAuxiliaryFile /Users/jamesalford/Library/Developer/Xcode/DerivedData/NotedCore-ftviuoyqruynvwbzbngenbwxsygv/Build/Intermediates.noindex/swift-transformers.build/Debug-iphonesimulator/Tokenizers.build/Objects-normal/arm64/Tokenizers.SwiftFileList (in target 'Tokenizers' from project 'swift-transformers')
    cd /Users/jamesalford/Library/Developer/Xcode/DerivedData/NotedCore-ftviuoyqruynvwbzbngenbwxsygv/SourcePackages/checkouts/swift-transformers
    write-file /Users/jamesalford/Library/Developer/Xcode/DerivedData/NotedCore-ftviuoyqruynvwbzbngenbwxsygv/Build/Intermediates.noindex/swift-transformers.build/Debug-iphonesimulator/Tokenizers.build/Objects-normal/arm64/Tokenizers.SwiftFileList

WriteAuxiliaryFile /Users/jamesalford/Library/Developer/Xcode/DerivedData/NotedCore-ftviuoyqruynvwbzbngenbwxsygv/Build/Intermediates.noindex/swift-transformers.build/Debug-iphonesimulator/Tokenizers.build/Objects-normal/arm64/Tokenizers.SwiftConstValuesFileList (in target 'Tokenizers' from project 'swift-transformers')
    cd /Users/jamesalford/Library/Developer/Xcode/DerivedData/NotedCore-ftviuoyqruynvwbzbngenbwxsygv/SourcePackages/checkouts/swift-transformers
    write-file /Users/jamesalford/Library/Developer/Xcode/DerivedData/NotedCore-ftviuoyqruynvwbzbngenbwxsygv/Build/Intermediates.noindex/swift-transformers.build/Debug-iphonesimulator/Tokenizers.build/Objects-normal/arm64/Tokenizers.SwiftConstValuesFileList

WriteAuxiliaryFile /Users/jamesalford/Library/Developer/Xcode/DerivedData/NotedCore-ftviuoyqruynvwbzbngenbwxsygv/Build/Intermediates.noindex/swift-transformers.build/Debug-iphonesimulator/Tokenizers.build/Objects-normal/arm64/Tokenizers-OutputFileMap.json (in target 'Tokenizers' from project 'swift-transformers')
    cd /Users/jamesalford/Library/Developer/Xcode/DerivedData/NotedCore-ftviuoyqruynvwbzbngenbwxsygv/SourcePackages/checkouts/swift-transformers
    write-file /Users/jamesalford/Library/Developer/Xcode/DerivedData/NotedCore-ftviuoyqruynvwbzbngenbwxsygv/Build/Intermediates.noindex/swift-transformers.build/Debug-iphonesimulator/Tokenizers.build/Objects-normal/arm64/Tokenizers-OutputFileMap.json

WriteAuxiliaryFile /Users/jamesalford/Library/Developer/Xcode/DerivedData/NotedCore-ftviuoyqruynvwbzbngenbwxsygv/Build/Intermediates.noindex/swift-transformers.build/Debug-iphonesimulator/Tokenizers.build/Objects-normal/arm64/Tokenizers.LinkFileList (in target 'Tokenizers' from project 'swift-transformers')
    cd /Users/jamesalford/Library/Developer/Xcode/DerivedData/NotedCore-ftviuoyqruynvwbzbngenbwxsygv/SourcePackages/checkouts/swift-transformers
    write-file /Users/jamesalford/Library/Developer/Xcode/DerivedData/NotedCore-ftviuoyqruynvwbzbngenbwxsygv/Build/Intermediates.noindex/swift-transformers.build/Debug-iphonesimulator/Tokenizers.build/Objects-normal/arm64/Tokenizers.LinkFileList

WriteAuxiliaryFile /Users/jamesalford/Library/Developer/Xcode/DerivedData/NotedCore-ftviuoyqruynvwbzbngenbwxsygv/Build/Intermediates.noindex/swift-transformers.build/Debug-iphonesimulator/TensorUtils.build/TensorUtils.DependencyStaticMetadataFileList (in target 'TensorUtils' from project 'swift-transformers')
    cd /Users/jamesalford/Library/Developer/Xcode/DerivedData/NotedCore-ftviuoyqruynvwbzbngenbwxsygv/SourcePackages/checkouts/swift-transformers
    write-file /Users/jamesalford/Library/Developer/Xcode/DerivedData/NotedCore-ftviuoyqruynvwbzbngenbwxsygv/Build/Intermediates.noindex/swift-transformers.build/Debug-iphonesimulator/TensorUtils.build/TensorUtils.DependencyStaticMetadataFileList

WriteAuxiliaryFile /Users/jamesalford/Library/Developer/Xcode/DerivedData/NotedCore-ftviuoyqruynvwbzbngenbwxsygv/Build/Intermediates.noindex/swift-transformers.build/Debug-iphonesimulator/TensorUtils.build/TensorUtils.DependencyMetadataFileList (in target 'TensorUtils' from project 'swift-transformers')
    cd /Users/jamesalford/Library/Developer/Xcode/DerivedData/NotedCore-ftviuoyqruynvwbzbngenbwxsygv/SourcePackages/checkouts/swift-transformers
    write-file /Users/jamesalford/Library/Developer/Xcode/DerivedData/NotedCore-ftviuoyqruynvwbzbngenbwxsygv/Build/Intermediates.noindex/swift-transformers.build/Debug-iphonesimulator/TensorUtils.build/TensorUtils.DependencyMetadataFileList

WriteAuxiliaryFile /Users/jamesalford/Library/Developer/Xcode/DerivedData/NotedCore-ftviuoyqruynvwbzbngenbwxsygv/Build/Intermediates.noindex/swift-transformers.build/Debug-iphonesimulator/TensorUtils.build/TensorUtils.modulemap (in target 'TensorUtils' from project 'swift-transformers')
    cd /Users/jamesalford/Library/Developer/Xcode/DerivedData/NotedCore-ftviuoyqruynvwbzbngenbwxsygv/SourcePackages/checkouts/swift-transformers
    write-file /Users/jamesalford/Library/Developer/Xcode/DerivedData/NotedCore-ftviuoyqruynvwbzbngenbwxsygv/Build/Intermediates.noindex/swift-transformers.build/Debug-iphonesimulator/TensorUtils.build/TensorUtils.modulemap

Copy /Users/jamesalford/Library/Developer/Xcode/DerivedData/NotedCore-ftviuoyqruynvwbzbngenbwxsygv/Build/Intermediates.noindex/GeneratedModuleMaps-iphonesimulator/Tokenizers.modulemap /Users/jamesalford/Library/Developer/Xcode/DerivedData/NotedCore-ftviuoyqruynvwbzbngenbwxsygv/Build/Intermediates.noindex/swift-transformers.build/Debug-iphonesimulator/Tokenizers.build/Tokenizers.modulemap (in target 'Tokenizers' from project 'swift-transformers')
    cd /Users/jamesalford/Library/Developer/Xcode/DerivedData/NotedCore-ftviuoyqruynvwbzbngenbwxsygv/SourcePackages/checkouts/swift-transformers
    builtin-copy -exclude .DS_Store -exclude CVS -exclude .svn -exclude .git -exclude .hg -resolve-src-symlinks /Users/jamesalford/Library/Developer/Xcode/DerivedData/NotedCore-ftviuoyqruynvwbzbngenbwxsygv/Build/Intermediates.noindex/swift-transformers.build/Debug-iphonesimulator/Tokenizers.build/Tokenizers.modulemap /Users/jamesalford/Library/Developer/Xcode/DerivedData/NotedCore-ftviuoyqruynvwbzbngenbwxsygv/Build/Intermediates.noindex/GeneratedModuleMaps-iphonesimulator

WriteAuxiliaryFile /Users/jamesalford/Library/Developer/Xcode/DerivedData/NotedCore-ftviuoyqruynvwbzbngenbwxsygv/Build/Intermediates.noindex/swift-transformers.build/Debug-iphonesimulator/TensorUtils.build/Objects-normal/arm64/TensorUtils_const_extract_protocols.json (in target 'TensorUtils' from project 'swift-transformers')
    cd /Users/jamesalford/Library/Developer/Xcode/DerivedData/NotedCore-ftviuoyqruynvwbzbngenbwxsygv/SourcePackages/checkouts/swift-transformers
    write-file /Users/jamesalford/Library/Developer/Xcode/DerivedData/NotedCore-ftviuoyqruynvwbzbngenbwxsygv/Build/Intermediates.noindex/swift-transformers.build/Debug-iphonesimulator/TensorUtils.build/Objects-normal/arm64/TensorUtils_const_extract_protocols.json

WriteAuxiliaryFile /Users/jamesalford/Library/Developer/Xcode/DerivedData/NotedCore-ftviuoyqruynvwbzbngenbwxsygv/Build/Intermediates.noindex/swift-transformers.build/Debug-iphonesimulator/TensorUtils.build/Objects-normal/arm64/TensorUtils.SwiftFileList (in target 'TensorUtils' from project 'swift-transformers')
    cd /Users/jamesalford/Library/Developer/Xcode/DerivedData/NotedCore-ftviuoyqruynvwbzbngenbwxsygv/SourcePackages/checkouts/swift-transformers
    write-file /Users/jamesalford/Library/Developer/Xcode/DerivedData/NotedCore-ftviuoyqruynvwbzbngenbwxsygv/Build/Intermediates.noindex/swift-transformers.build/Debug-iphonesimulator/TensorUtils.build/Objects-normal/arm64/TensorUtils.SwiftFileList

WriteAuxiliaryFile /Users/jamesalford/Library/Developer/Xcode/DerivedData/NotedCore-ftviuoyqruynvwbzbngenbwxsygv/Build/Intermediates.noindex/swift-transformers.build/Debug-iphonesimulator/TensorUtils.build/Objects-normal/arm64/TensorUtils.SwiftConstValuesFileList (in target 'TensorUtils' from project 'swift-transformers')
    cd /Users/jamesalford/Library/Developer/Xcode/DerivedData/NotedCore-ftviuoyqruynvwbzbngenbwxsygv/SourcePackages/checkouts/swift-transformers
    write-file /Users/jamesalford/Library/Developer/Xcode/DerivedData/NotedCore-ftviuoyqruynvwbzbngenbwxsygv/Build/Intermediates.noindex/swift-transformers.build/Debug-iphonesimulator/TensorUtils.build/Objects-normal/arm64/TensorUtils.SwiftConstValuesFileList

WriteAuxiliaryFile /Users/jamesalford/Library/Developer/Xcode/DerivedData/NotedCore-ftviuoyqruynvwbzbngenbwxsygv/Build/Intermediates.noindex/swift-transformers.build/Debug-iphonesimulator/TensorUtils.build/Objects-normal/arm64/TensorUtils.LinkFileList (in target 'TensorUtils' from project 'swift-transformers')
    cd /Users/jamesalford/Library/Developer/Xcode/DerivedData/NotedCore-ftviuoyqruynvwbzbngenbwxsygv/SourcePackages/checkouts/swift-transformers
    write-file /Users/jamesalford/Library/Developer/Xcode/DerivedData/NotedCore-ftviuoyqruynvwbzbngenbwxsygv/Build/Intermediates.noindex/swift-transformers.build/Debug-iphonesimulator/TensorUtils.build/Objects-normal/arm64/TensorUtils.LinkFileList

WriteAuxiliaryFile /Users/jamesalford/Library/Developer/Xcode/DerivedData/NotedCore-ftviuoyqruynvwbzbngenbwxsygv/Build/Intermediates.noindex/swift-transformers.build/Debug-iphonesimulator/TensorUtils.build/Objects-normal/arm64/TensorUtils-OutputFileMap.json (in target 'TensorUtils' from project 'swift-transformers')
    cd /Users/jamesalford/Library/Developer/Xcode/DerivedData/NotedCore-ftviuoyqruynvwbzbngenbwxsygv/SourcePackages/checkouts/swift-transformers
    write-file /Users/jamesalford/Library/Developer/Xcode/DerivedData/NotedCore-ftviuoyqruynvwbzbngenbwxsygv/Build/Intermediates.noindex/swift-transformers.build/Debug-iphonesimulator/TensorUtils.build/Objects-normal/arm64/TensorUtils-OutputFileMap.json

WriteAuxiliaryFile /Users/jamesalford/Library/Developer/Xcode/DerivedData/NotedCore-ftviuoyqruynvwbzbngenbwxsygv/Build/Intermediates.noindex/swift-numerics.build/Debug-iphonesimulator/RealModule.build/RealModule.modulemap (in target 'RealModule' from project 'swift-numerics')
    cd /Users/jamesalford/Library/Developer/Xcode/DerivedData/NotedCore-ftviuoyqruynvwbzbngenbwxsygv/SourcePackages/checkouts/swift-numerics
    write-file /Users/jamesalford/Library/Developer/Xcode/DerivedData/NotedCore-ftviuoyqruynvwbzbngenbwxsygv/Build/Intermediates.noindex/swift-numerics.build/Debug-iphonesimulator/RealModule.build/RealModule.modulemap

WriteAuxiliaryFile /Users/jamesalford/Library/Developer/Xcode/DerivedData/NotedCore-ftviuoyqruynvwbzbngenbwxsygv/Build/Intermediates.noindex/swift-numerics.build/Debug-iphonesimulator/RealModule.build/RealModule.DependencyStaticMetadataFileList (in target 'RealModule' from project 'swift-numerics')
    cd /Users/jamesalford/Library/Developer/Xcode/DerivedData/NotedCore-ftviuoyqruynvwbzbngenbwxsygv/SourcePackages/checkouts/swift-numerics
    write-file /Users/jamesalford/Library/Developer/Xcode/DerivedData/NotedCore-ftviuoyqruynvwbzbngenbwxsygv/Build/Intermediates.noindex/swift-numerics.build/Debug-iphonesimulator/RealModule.build/RealModule.DependencyStaticMetadataFileList

WriteAuxiliaryFile /Users/jamesalford/Library/Developer/Xcode/DerivedData/NotedCore-ftviuoyqruynvwbzbngenbwxsygv/Build/Intermediates.noindex/swift-numerics.build/Debug-iphonesimulator/RealModule.build/RealModule.DependencyMetadataFileList (in target 'RealModule' from project 'swift-numerics')
    cd /Users/jamesalford/Library/Developer/Xcode/DerivedData/NotedCore-ftviuoyqruynvwbzbngenbwxsygv/SourcePackages/checkouts/swift-numerics
    write-file /Users/jamesalford/Library/Developer/Xcode/DerivedData/NotedCore-ftviuoyqruynvwbzbngenbwxsygv/Build/Intermediates.noindex/swift-numerics.build/Debug-iphonesimulator/RealModule.build/RealModule.DependencyMetadataFileList

WriteAuxiliaryFile /Users/jamesalford/Library/Developer/Xcode/DerivedData/NotedCore-ftviuoyqruynvwbzbngenbwxsygv/Build/Intermediates.noindex/swift-numerics.build/Debug-iphonesimulator/RealModule.build/Objects-normal/arm64/RealModule.SwiftFileList (in target 'RealModule' from project 'swift-numerics')
    cd /Users/jamesalford/Library/Developer/Xcode/DerivedData/NotedCore-ftviuoyqruynvwbzbngenbwxsygv/SourcePackages/checkouts/swift-numerics
    write-file /Users/jamesalford/Library/Developer/Xcode/DerivedData/NotedCore-ftviuoyqruynvwbzbngenbwxsygv/Build/Intermediates.noindex/swift-numerics.build/Debug-iphonesimulator/RealModule.build/Objects-normal/arm64/RealModule.SwiftFileList

WriteAuxiliaryFile /Users/jamesalford/Library/Developer/Xcode/DerivedData/NotedCore-ftviuoyqruynvwbzbngenbwxsygv/Build/Intermediates.noindex/swift-numerics.build/Debug-iphonesimulator/RealModule.build/Objects-normal/arm64/RealModule_const_extract_protocols.json (in target 'RealModule' from project 'swift-numerics')
    cd /Users/jamesalford/Library/Developer/Xcode/DerivedData/NotedCore-ftviuoyqruynvwbzbngenbwxsygv/SourcePackages/checkouts/swift-numerics
    write-file /Users/jamesalford/Library/Developer/Xcode/DerivedData/NotedCore-ftviuoyqruynvwbzbngenbwxsygv/Build/Intermediates.noindex/swift-numerics.build/Debug-iphonesimulator/RealModule.build/Objects-normal/arm64/RealModule_const_extract_protocols.json

WriteAuxiliaryFile /Users/jamesalford/Library/Developer/Xcode/DerivedData/NotedCore-ftviuoyqruynvwbzbngenbwxsygv/Build/Intermediates.noindex/swift-numerics.build/Debug-iphonesimulator/RealModule.build/Objects-normal/arm64/RealModule.SwiftConstValuesFileList (in target 'RealModule' from project 'swift-numerics')
    cd /Users/jamesalford/Library/Developer/Xcode/DerivedData/NotedCore-ftviuoyqruynvwbzbngenbwxsygv/SourcePackages/checkouts/swift-numerics
    write-file /Users/jamesalford/Library/Developer/Xcode/DerivedData/NotedCore-ftviuoyqruynvwbzbngenbwxsygv/Build/Intermediates.noindex/swift-numerics.build/Debug-iphonesimulator/RealModule.build/Objects-normal/arm64/RealModule.SwiftConstValuesFileList

Copy /Users/jamesalford/Library/Developer/Xcode/DerivedData/NotedCore-ftviuoyqruynvwbzbngenbwxsygv/Build/Intermediates.noindex/GeneratedModuleMaps-iphonesimulator/TensorUtils.modulemap /Users/jamesalford/Library/Developer/Xcode/DerivedData/NotedCore-ftviuoyqruynvwbzbngenbwxsygv/Build/Intermediates.noindex/swift-transformers.build/Debug-iphonesimulator/TensorUtils.build/TensorUtils.modulemap (in target 'TensorUtils' from project 'swift-transformers')
    cd /Users/jamesalford/Library/Developer/Xcode/DerivedData/NotedCore-ftviuoyqruynvwbzbngenbwxsygv/SourcePackages/checkouts/swift-transformers
    builtin-copy -exclude .DS_Store -exclude CVS -exclude .svn -exclude .git -exclude .hg -resolve-src-symlinks /Users/jamesalford/Library/Developer/Xcode/DerivedData/NotedCore-ftviuoyqruynvwbzbngenbwxsygv/Build/Intermediates.noindex/swift-transformers.build/Debug-iphonesimulator/TensorUtils.build/TensorUtils.modulemap /Users/jamesalford/Library/Developer/Xcode/DerivedData/NotedCore-ftviuoyqruynvwbzbngenbwxsygv/Build/Intermediates.noindex/GeneratedModuleMaps-iphonesimulator

WriteAuxiliaryFile /Users/jamesalford/Library/Developer/Xcode/DerivedData/NotedCore-ftviuoyqruynvwbzbngenbwxsygv/Build/Intermediates.noindex/swift-numerics.build/Debug-iphonesimulator/RealModule.build/Objects-normal/arm64/RealModule.LinkFileList (in target 'RealModule' from project 'swift-numerics')
    cd /Users/jamesalford/Library/Developer/Xcode/DerivedData/NotedCore-ftviuoyqruynvwbzbngenbwxsygv/SourcePackages/checkouts/swift-numerics
    write-file /Users/jamesalford/Library/Developer/Xcode/DerivedData/NotedCore-ftviuoyqruynvwbzbngenbwxsygv/Build/Intermediates.noindex/swift-numerics.build/Debug-iphonesimulator/RealModule.build/Objects-normal/arm64/RealModule.LinkFileList

WriteAuxiliaryFile /Users/jamesalford/Library/Developer/Xcode/DerivedData/NotedCore-ftviuoyqruynvwbzbngenbwxsygv/Build/Intermediates.noindex/swift-numerics.build/Debug-iphonesimulator/RealModule.build/Objects-normal/arm64/RealModule-OutputFileMap.json (in target 'RealModule' from project 'swift-numerics')
    cd /Users/jamesalford/Library/Developer/Xcode/DerivedData/NotedCore-ftviuoyqruynvwbzbngenbwxsygv/SourcePackages/checkouts/swift-numerics
    write-file /Users/jamesalford/Library/Developer/Xcode/DerivedData/NotedCore-ftviuoyqruynvwbzbngenbwxsygv/Build/Intermediates.noindex/swift-numerics.build/Debug-iphonesimulator/RealModule.build/Objects-normal/arm64/RealModule-OutputFileMap.json

WriteAuxiliaryFile /Users/jamesalford/Library/Developer/Xcode/DerivedData/NotedCore-ftviuoyqruynvwbzbngenbwxsygv/Build/Intermediates.noindex/swift-collections.build/Debug-iphonesimulator/OrderedCollections.build/OrderedCollections.modulemap (in target 'OrderedCollections' from project 'swift-collections')
    cd /Users/jamesalford/Library/Developer/Xcode/DerivedData/NotedCore-ftviuoyqruynvwbzbngenbwxsygv/SourcePackages/checkouts/swift-collections
    write-file /Users/jamesalford/Library/Developer/Xcode/DerivedData/NotedCore-ftviuoyqruynvwbzbngenbwxsygv/Build/Intermediates.noindex/swift-collections.build/Debug-iphonesimulator/OrderedCollections.build/OrderedCollections.modulemap

WriteAuxiliaryFile /Users/jamesalford/Library/Developer/Xcode/DerivedData/NotedCore-ftviuoyqruynvwbzbngenbwxsygv/Build/Intermediates.noindex/swift-collections.build/Debug-iphonesimulator/OrderedCollections.build/OrderedCollections.DependencyMetadataFileList (in target 'OrderedCollections' from project 'swift-collections')
    cd /Users/jamesalford/Library/Developer/Xcode/DerivedData/NotedCore-ftviuoyqruynvwbzbngenbwxsygv/SourcePackages/checkouts/swift-collections
    write-file /Users/jamesalford/Library/Developer/Xcode/DerivedData/NotedCore-ftviuoyqruynvwbzbngenbwxsygv/Build/Intermediates.noindex/swift-collections.build/Debug-iphonesimulator/OrderedCollections.build/OrderedCollections.DependencyMetadataFileList

WriteAuxiliaryFile /Users/jamesalford/Library/Developer/Xcode/DerivedData/NotedCore-ftviuoyqruynvwbzbngenbwxsygv/Build/Intermediates.noindex/swift-collections.build/Debug-iphonesimulator/OrderedCollections.build/OrderedCollections.DependencyStaticMetadataFileList (in target 'OrderedCollections' from project 'swift-collections')
    cd /Users/jamesalford/Library/Developer/Xcode/DerivedData/NotedCore-ftviuoyqruynvwbzbngenbwxsygv/SourcePackages/checkouts/swift-collections
    write-file /Users/jamesalford/Library/Developer/Xcode/DerivedData/NotedCore-ftviuoyqruynvwbzbngenbwxsygv/Build/Intermediates.noindex/swift-collections.build/Debug-iphonesimulator/OrderedCollections.build/OrderedCollections.DependencyStaticMetadataFileList

WriteAuxiliaryFile /Users/jamesalford/Library/Developer/Xcode/DerivedData/NotedCore-ftviuoyqruynvwbzbngenbwxsygv/Build/Intermediates.noindex/swift-collections.build/Debug-iphonesimulator/OrderedCollections.build/Objects-normal/arm64/OrderedCollections_const_extract_protocols.json (in target 'OrderedCollections' from project 'swift-collections')
    cd /Users/jamesalford/Library/Developer/Xcode/DerivedData/NotedCore-ftviuoyqruynvwbzbngenbwxsygv/SourcePackages/checkouts/swift-collections
    write-file /Users/jamesalford/Library/Developer/Xcode/DerivedData/NotedCore-ftviuoyqruynvwbzbngenbwxsygv/Build/Intermediates.noindex/swift-collections.build/Debug-iphonesimulator/OrderedCollections.build/Objects-normal/arm64/OrderedCollections_const_extract_protocols.json

Copy /Users/jamesalford/Library/Developer/Xcode/DerivedData/NotedCore-ftviuoyqruynvwbzbngenbwxsygv/Build/Intermediates.noindex/GeneratedModuleMaps-iphonesimulator/RealModule.modulemap /Users/jamesalford/Library/Developer/Xcode/DerivedData/NotedCore-ftviuoyqruynvwbzbngenbwxsygv/Build/Intermediates.noindex/swift-numerics.build/Debug-iphonesimulator/RealModule.build/RealModule.modulemap (in target 'RealModule' from project 'swift-numerics')
    cd /Users/jamesalford/Library/Developer/Xcode/DerivedData/NotedCore-ftviuoyqruynvwbzbngenbwxsygv/SourcePackages/checkouts/swift-numerics
    builtin-copy -exclude .DS_Store -exclude CVS -exclude .svn -exclude .git -exclude .hg -resolve-src-symlinks /Users/jamesalford/Library/Developer/Xcode/DerivedData/NotedCore-ftviuoyqruynvwbzbngenbwxsygv/Build/Intermediates.noindex/swift-numerics.build/Debug-iphonesimulator/RealModule.build/RealModule.modulemap /Users/jamesalford/Library/Developer/Xcode/DerivedData/NotedCore-ftviuoyqruynvwbzbngenbwxsygv/Build/Intermediates.noindex/GeneratedModuleMaps-iphonesimulator

WriteAuxiliaryFile /Users/jamesalford/Library/Developer/Xcode/DerivedData/NotedCore-ftviuoyqruynvwbzbngenbwxsygv/Build/Intermediates.noindex/swift-collections.build/Debug-iphonesimulator/OrderedCollections.build/Objects-normal/arm64/OrderedCollections.SwiftFileList (in target 'OrderedCollections' from project 'swift-collections')
    cd /Users/jamesalford/Library/Developer/Xcode/DerivedData/NotedCore-ftviuoyqruynvwbzbngenbwxsygv/SourcePackages/checkouts/swift-collections
    write-file /Users/jamesalford/Library/Developer/Xcode/DerivedData/NotedCore-ftviuoyqruynvwbzbngenbwxsygv/Build/Intermediates.noindex/swift-collections.build/Debug-iphonesimulator/OrderedCollections.build/Objects-normal/arm64/OrderedCollections.SwiftFileList

WriteAuxiliaryFile /Users/jamesalford/Library/Developer/Xcode/DerivedData/NotedCore-ftviuoyqruynvwbzbngenbwxsygv/Build/Intermediates.noindex/swift-collections.build/Debug-iphonesimulator/OrderedCollections.build/Objects-normal/arm64/OrderedCollections.SwiftConstValuesFileList (in target 'OrderedCollections' from project 'swift-collections')
    cd /Users/jamesalford/Library/Developer/Xcode/DerivedData/NotedCore-ftviuoyqruynvwbzbngenbwxsygv/SourcePackages/checkouts/swift-collections
    write-file /Users/jamesalford/Library/Developer/Xcode/DerivedData/NotedCore-ftviuoyqruynvwbzbngenbwxsygv/Build/Intermediates.noindex/swift-collections.build/Debug-iphonesimulator/OrderedCollections.build/Objects-normal/arm64/OrderedCollections.SwiftConstValuesFileList

WriteAuxiliaryFile /Users/jamesalford/Library/Developer/Xcode/DerivedData/NotedCore-ftviuoyqruynvwbzbngenbwxsygv/Build/Intermediates.noindex/swift-collections.build/Debug-iphonesimulator/OrderedCollections.build/Objects-normal/arm64/OrderedCollections.LinkFileList (in target 'OrderedCollections' from project 'swift-collections')
    cd /Users/jamesalford/Library/Developer/Xcode/DerivedData/NotedCore-ftviuoyqruynvwbzbngenbwxsygv/SourcePackages/checkouts/swift-collections
    write-file /Users/jamesalford/Library/Developer/Xcode/DerivedData/NotedCore-ftviuoyqruynvwbzbngenbwxsygv/Build/Intermediates.noindex/swift-collections.build/Debug-iphonesimulator/OrderedCollections.build/Objects-normal/arm64/OrderedCollections.LinkFileList

WriteAuxiliaryFile /Users/jamesalford/Library/Developer/Xcode/DerivedData/NotedCore-ftviuoyqruynvwbzbngenbwxsygv/Build/Intermediates.noindex/swift-collections.build/Debug-iphonesimulator/OrderedCollections.build/Objects-normal/arm64/OrderedCollections-OutputFileMap.json (in target 'OrderedCollections' from project 'swift-collections')
    cd /Users/jamesalford/Library/Developer/Xcode/DerivedData/NotedCore-ftviuoyqruynvwbzbngenbwxsygv/SourcePackages/checkouts/swift-collections
    write-file /Users/jamesalford/Library/Developer/Xcode/DerivedData/NotedCore-ftviuoyqruynvwbzbngenbwxsygv/Build/Intermediates.noindex/swift-collections.build/Debug-iphonesimulator/OrderedCollections.build/Objects-normal/arm64/OrderedCollections-OutputFileMap.json

WriteAuxiliaryFile /Users/jamesalford/Library/Developer/Xcode/DerivedData/NotedCore-ftviuoyqruynvwbzbngenbwxsygv/Build/Intermediates.noindex/swift-collections.build/Debug-iphonesimulator/OrderedCollections\ product.build/empty-OrderedCollections_1222128174265B56_PackageProduct.plist (in target 'OrderedCollections' from project 'swift-collections')
    cd /Users/jamesalford/Library/Developer/Xcode/DerivedData/NotedCore-ftviuoyqruynvwbzbngenbwxsygv/SourcePackages/checkouts/swift-collections
    write-file /Users/jamesalford/Library/Developer/Xcode/DerivedData/NotedCore-ftviuoyqruynvwbzbngenbwxsygv/Build/Intermediates.noindex/swift-collections.build/Debug-iphonesimulator/OrderedCollections\ product.build/empty-OrderedCollections_1222128174265B56_PackageProduct.plist

WriteAuxiliaryFile /Users/jamesalford/Library/Developer/Xcode/DerivedData/NotedCore-ftviuoyqruynvwbzbngenbwxsygv/Build/Intermediates.noindex/swift-collections.build/Debug-iphonesimulator/OrderedCollections\ product.build/OrderedCollections_1222128174265B56_PackageProduct.DependencyMetadataFileList (in target 'OrderedCollections' from project 'swift-collections')
    cd /Users/jamesalford/Library/Developer/Xcode/DerivedData/NotedCore-ftviuoyqruynvwbzbngenbwxsygv/SourcePackages/checkouts/swift-collections
    write-file /Users/jamesalford/Library/Developer/Xcode/DerivedData/NotedCore-ftviuoyqruynvwbzbngenbwxsygv/Build/Intermediates.noindex/swift-collections.build/Debug-iphonesimulator/OrderedCollections\ product.build/OrderedCollections_1222128174265B56_PackageProduct.DependencyMetadataFileList

WriteAuxiliaryFile /Users/jamesalford/Library/Developer/Xcode/DerivedData/NotedCore-ftviuoyqruynvwbzbngenbwxsygv/Build/Intermediates.noindex/swift-collections.build/Debug-iphonesimulator/OrderedCollections\ product.build/OrderedCollections_1222128174265B56_PackageProduct.DependencyStaticMetadataFileList (in target 'OrderedCollections' from project 'swift-collections')
    cd /Users/jamesalford/Library/Developer/Xcode/DerivedData/NotedCore-ftviuoyqruynvwbzbngenbwxsygv/SourcePackages/checkouts/swift-collections
    write-file /Users/jamesalford/Library/Developer/Xcode/DerivedData/NotedCore-ftviuoyqruynvwbzbngenbwxsygv/Build/Intermediates.noindex/swift-collections.build/Debug-iphonesimulator/OrderedCollections\ product.build/OrderedCollections_1222128174265B56_PackageProduct.DependencyStaticMetadataFileList

WriteAuxiliaryFile /Users/jamesalford/Library/Developer/Xcode/DerivedData/NotedCore-ftviuoyqruynvwbzbngenbwxsygv/Build/Intermediates.noindex/swift-collections.build/Debug-iphonesimulator/OrderedCollections\ product.build/Objects-normal/arm64/OrderedCollections_1222128174265B56_PackageProduct.LinkFileList (in target 'OrderedCollections' from project 'swift-collections')
    cd /Users/jamesalford/Library/Developer/Xcode/DerivedData/NotedCore-ftviuoyqruynvwbzbngenbwxsygv/SourcePackages/checkouts/swift-collections
    write-file /Users/jamesalford/Library/Developer/Xcode/DerivedData/NotedCore-ftviuoyqruynvwbzbngenbwxsygv/Build/Intermediates.noindex/swift-collections.build/Debug-iphonesimulator/OrderedCollections\ product.build/Objects-normal/arm64/OrderedCollections_1222128174265B56_PackageProduct.LinkFileList

WriteAuxiliaryFile /Users/jamesalford/Library/Developer/Xcode/DerivedData/NotedCore-ftviuoyqruynvwbzbngenbwxsygv/Build/Intermediates.noindex/swift-numerics.build/Debug-iphonesimulator/Numerics.build/Objects-normal/arm64/Numerics.SwiftFileList (in target 'Numerics' from project 'swift-numerics')
    cd /Users/jamesalford/Library/Developer/Xcode/DerivedData/NotedCore-ftviuoyqruynvwbzbngenbwxsygv/SourcePackages/checkouts/swift-numerics
    write-file /Users/jamesalford/Library/Developer/Xcode/DerivedData/NotedCore-ftviuoyqruynvwbzbngenbwxsygv/Build/Intermediates.noindex/swift-numerics.build/Debug-iphonesimulator/Numerics.build/Objects-normal/arm64/Numerics.SwiftFileList

WriteAuxiliaryFile /Users/jamesalford/Library/Developer/Xcode/DerivedData/NotedCore-ftviuoyqruynvwbzbngenbwxsygv/Build/Intermediates.noindex/swift-numerics.build/Debug-iphonesimulator/Numerics.build/Objects-normal/arm64/Numerics.SwiftConstValuesFileList (in target 'Numerics' from project 'swift-numerics')
    cd /Users/jamesalford/Library/Developer/Xcode/DerivedData/NotedCore-ftviuoyqruynvwbzbngenbwxsygv/SourcePackages/checkouts/swift-numerics
    write-file /Users/jamesalford/Library/Developer/Xcode/DerivedData/NotedCore-ftviuoyqruynvwbzbngenbwxsygv/Build/Intermediates.noindex/swift-numerics.build/Debug-iphonesimulator/Numerics.build/Objects-normal/arm64/Numerics.SwiftConstValuesFileList

WriteAuxiliaryFile /Users/jamesalford/Library/Developer/Xcode/DerivedData/NotedCore-ftviuoyqruynvwbzbngenbwxsygv/Build/Intermediates.noindex/swift-numerics.build/Debug-iphonesimulator/Numerics.build/Objects-normal/arm64/Numerics_const_extract_protocols.json (in target 'Numerics' from project 'swift-numerics')
    cd /Users/jamesalford/Library/Developer/Xcode/DerivedData/NotedCore-ftviuoyqruynvwbzbngenbwxsygv/SourcePackages/checkouts/swift-numerics
    write-file /Users/jamesalford/Library/Developer/Xcode/DerivedData/NotedCore-ftviuoyqruynvwbzbngenbwxsygv/Build/Intermediates.noindex/swift-numerics.build/Debug-iphonesimulator/Numerics.build/Objects-normal/arm64/Numerics_const_extract_protocols.json

Copy /Users/jamesalford/Library/Developer/Xcode/DerivedData/NotedCore-ftviuoyqruynvwbzbngenbwxsygv/Build/Intermediates.noindex/GeneratedModuleMaps-iphonesimulator/OrderedCollections.modulemap /Users/jamesalford/Library/Developer/Xcode/DerivedData/NotedCore-ftviuoyqruynvwbzbngenbwxsygv/Build/Intermediates.noindex/swift-collections.build/Debug-iphonesimulator/OrderedCollections.build/OrderedCollections.modulemap (in target 'OrderedCollections' from project 'swift-collections')
    cd /Users/jamesalford/Library/Developer/Xcode/DerivedData/NotedCore-ftviuoyqruynvwbzbngenbwxsygv/SourcePackages/checkouts/swift-collections
    builtin-copy -exclude .DS_Store -exclude CVS -exclude .svn -exclude .git -exclude .hg -resolve-src-symlinks /Users/jamesalford/Library/Developer/Xcode/DerivedData/NotedCore-ftviuoyqruynvwbzbngenbwxsygv/Build/Intermediates.noindex/swift-collections.build/Debug-iphonesimulator/OrderedCollections.build/OrderedCollections.modulemap /Users/jamesalford/Library/Developer/Xcode/DerivedData/NotedCore-ftviuoyqruynvwbzbngenbwxsygv/Build/Intermediates.noindex/GeneratedModuleMaps-iphonesimulator

WriteAuxiliaryFile /Users/jamesalford/Library/Developer/Xcode/DerivedData/NotedCore-ftviuoyqruynvwbzbngenbwxsygv/Build/Intermediates.noindex/swift-numerics.build/Debug-iphonesimulator/Numerics.build/Objects-normal/arm64/Numerics.LinkFileList (in target 'Numerics' from project 'swift-numerics')
    cd /Users/jamesalford/Library/Developer/Xcode/DerivedData/NotedCore-ftviuoyqruynvwbzbngenbwxsygv/SourcePackages/checkouts/swift-numerics
    write-file /Users/jamesalford/Library/Developer/Xcode/DerivedData/NotedCore-ftviuoyqruynvwbzbngenbwxsygv/Build/Intermediates.noindex/swift-numerics.build/Debug-iphonesimulator/Numerics.build/Objects-normal/arm64/Numerics.LinkFileList

WriteAuxiliaryFile /Users/jamesalford/Library/Developer/Xcode/DerivedData/NotedCore-ftviuoyqruynvwbzbngenbwxsygv/Build/Intermediates.noindex/swift-numerics.build/Debug-iphonesimulator/Numerics.build/Objects-normal/arm64/Numerics-OutputFileMap.json (in target 'Numerics' from project 'swift-numerics')
    cd /Users/jamesalford/Library/Developer/Xcode/DerivedData/NotedCore-ftviuoyqruynvwbzbngenbwxsygv/SourcePackages/checkouts/swift-numerics
    write-file /Users/jamesalford/Library/Developer/Xcode/DerivedData/NotedCore-ftviuoyqruynvwbzbngenbwxsygv/Build/Intermediates.noindex/swift-numerics.build/Debug-iphonesimulator/Numerics.build/Objects-normal/arm64/Numerics-OutputFileMap.json

WriteAuxiliaryFile /Users/jamesalford/Library/Developer/Xcode/DerivedData/NotedCore-ftviuoyqruynvwbzbngenbwxsygv/Build/Intermediates.noindex/swift-numerics.build/Debug-iphonesimulator/Numerics.build/Numerics.modulemap (in target 'Numerics' from project 'swift-numerics')
    cd /Users/jamesalford/Library/Developer/Xcode/DerivedData/NotedCore-ftviuoyqruynvwbzbngenbwxsygv/SourcePackages/checkouts/swift-numerics
    write-file /Users/jamesalford/Library/Developer/Xcode/DerivedData/NotedCore-ftviuoyqruynvwbzbngenbwxsygv/Build/Intermediates.noindex/swift-numerics.build/Debug-iphonesimulator/Numerics.build/Numerics.modulemap

WriteAuxiliaryFile /Users/jamesalford/Library/Developer/Xcode/DerivedData/NotedCore-ftviuoyqruynvwbzbngenbwxsygv/Build/Intermediates.noindex/swift-numerics.build/Debug-iphonesimulator/Numerics.build/Numerics.DependencyStaticMetadataFileList (in target 'Numerics' from project 'swift-numerics')
    cd /Users/jamesalford/Library/Developer/Xcode/DerivedData/NotedCore-ftviuoyqruynvwbzbngenbwxsygv/SourcePackages/checkouts/swift-numerics
    write-file /Users/jamesalford/Library/Developer/Xcode/DerivedData/NotedCore-ftviuoyqruynvwbzbngenbwxsygv/Build/Intermediates.noindex/swift-numerics.build/Debug-iphonesimulator/Numerics.build/Numerics.DependencyStaticMetadataFileList

WriteAuxiliaryFile /Users/jamesalford/Library/Developer/Xcode/DerivedData/NotedCore-ftviuoyqruynvwbzbngenbwxsygv/Build/Intermediates.noindex/swift-numerics.build/Debug-iphonesimulator/Numerics.build/Numerics.DependencyMetadataFileList (in target 'Numerics' from project 'swift-numerics')
    cd /Users/jamesalford/Library/Developer/Xcode/DerivedData/NotedCore-ftviuoyqruynvwbzbngenbwxsygv/SourcePackages/checkouts/swift-numerics
    write-file /Users/jamesalford/Library/Developer/Xcode/DerivedData/NotedCore-ftviuoyqruynvwbzbngenbwxsygv/Build/Intermediates.noindex/swift-numerics.build/Debug-iphonesimulator/Numerics.build/Numerics.DependencyMetadataFileList

WriteAuxiliaryFile /Users/jamesalford/Library/Developer/Xcode/DerivedData/NotedCore-ftviuoyqruynvwbzbngenbwxsygv/Build/Intermediates.noindex/NotedCore.build/Debug-watchsimulator/NotedWatch\ Watch\ App.build/empty-NotedWatch\ Watch\ App.plist (in target 'NotedWatch Watch App' from project 'NotedCore')
    cd /Users/jamesalford/Documents/NotedCore
    write-file /Users/jamesalford/Library/Developer/Xcode/DerivedData/NotedCore-ftviuoyqruynvwbzbngenbwxsygv/Build/Intermediates.noindex/NotedCore.build/Debug-watchsimulator/NotedWatch\ Watch\ App.build/empty-NotedWatch\ Watch\ App.plist

WriteAuxiliaryFile /Users/jamesalford/Library/Developer/Xcode/DerivedData/NotedCore-ftviuoyqruynvwbzbngenbwxsygv/Build/Intermediates.noindex/NotedCore.build/Debug-watchsimulator/NotedWatch\ Watch\ App.build/Objects-normal/x86_64/NotedWatch\ Watch\ App_const_extract_protocols.json (in target 'NotedWatch Watch App' from project 'NotedCore')
    cd /Users/jamesalford/Documents/NotedCore
    write-file /Users/jamesalford/Library/Developer/Xcode/DerivedData/NotedCore-ftviuoyqruynvwbzbngenbwxsygv/Build/Intermediates.noindex/NotedCore.build/Debug-watchsimulator/NotedWatch\ Watch\ App.build/Objects-normal/x86_64/NotedWatch\ Watch\ App_const_extract_protocols.json

WriteAuxiliaryFile /Users/jamesalford/Library/Developer/Xcode/DerivedData/NotedCore-ftviuoyqruynvwbzbngenbwxsygv/Build/Intermediates.noindex/NotedCore.build/Debug-watchsimulator/NotedWatch\ Watch\ App.build/Objects-normal/x86_64/NotedWatch\ Watch\ App.SwiftFileList (in target 'NotedWatch Watch App' from project 'NotedCore')
    cd /Users/jamesalford/Documents/NotedCore
    write-file /Users/jamesalford/Library/Developer/Xcode/DerivedData/NotedCore-ftviuoyqruynvwbzbngenbwxsygv/Build/Intermediates.noindex/NotedCore.build/Debug-watchsimulator/NotedWatch\ Watch\ App.build/Objects-normal/x86_64/NotedWatch\ Watch\ App.SwiftFileList

WriteAuxiliaryFile /Users/jamesalford/Library/Developer/Xcode/DerivedData/NotedCore-ftviuoyqruynvwbzbngenbwxsygv/Build/Intermediates.noindex/NotedCore.build/Debug-watchsimulator/NotedWatch\ Watch\ App.build/Objects-normal/x86_64/NotedWatch\ Watch\ App.SwiftConstValuesFileList (in target 'NotedWatch Watch App' from project 'NotedCore')
    cd /Users/jamesalford/Documents/NotedCore
    write-file /Users/jamesalford/Library/Developer/Xcode/DerivedData/NotedCore-ftviuoyqruynvwbzbngenbwxsygv/Build/Intermediates.noindex/NotedCore.build/Debug-watchsimulator/NotedWatch\ Watch\ App.build/Objects-normal/x86_64/NotedWatch\ Watch\ App.SwiftConstValuesFileList

WriteAuxiliaryFile /Users/jamesalford/Library/Developer/Xcode/DerivedData/NotedCore-ftviuoyqruynvwbzbngenbwxsygv/Build/Intermediates.noindex/NotedCore.build/Debug-watchsimulator/NotedWatch\ Watch\ App.build/Objects-normal/x86_64/NotedWatch\ Watch\ App.LinkFileList (in target 'NotedWatch Watch App' from project 'NotedCore')
    cd /Users/jamesalford/Documents/NotedCore
    write-file /Users/jamesalford/Library/Developer/Xcode/DerivedData/NotedCore-ftviuoyqruynvwbzbngenbwxsygv/Build/Intermediates.noindex/NotedCore.build/Debug-watchsimulator/NotedWatch\ Watch\ App.build/Objects-normal/x86_64/NotedWatch\ Watch\ App.LinkFileList

WriteAuxiliaryFile /Users/jamesalford/Library/Developer/Xcode/DerivedData/NotedCore-ftviuoyqruynvwbzbngenbwxsygv/Build/Intermediates.noindex/NotedCore.build/Debug-watchsimulator/NotedWatch\ Watch\ App.build/Objects-normal/x86_64/NotedWatch\ Watch\ App-OutputFileMap.json (in target 'NotedWatch Watch App' from project 'NotedCore')
    cd /Users/jamesalford/Documents/NotedCore
    write-file /Users/jamesalford/Library/Developer/Xcode/DerivedData/NotedCore-ftviuoyqruynvwbzbngenbwxsygv/Build/Intermediates.noindex/NotedCore.build/Debug-watchsimulator/NotedWatch\ Watch\ App.build/Objects-normal/x86_64/NotedWatch\ Watch\ App-OutputFileMap.json

WriteAuxiliaryFile /Users/jamesalford/Library/Developer/Xcode/DerivedData/NotedCore-ftviuoyqruynvwbzbngenbwxsygv/Build/Intermediates.noindex/NotedCore.build/Debug-watchsimulator/NotedWatch\ Watch\ App.build/Objects-normal/arm64/NotedWatch\ Watch\ App_const_extract_protocols.json (in target 'NotedWatch Watch App' from project 'NotedCore')
    cd /Users/jamesalford/Documents/NotedCore
    write-file /Users/jamesalford/Library/Developer/Xcode/DerivedData/NotedCore-ftviuoyqruynvwbzbngenbwxsygv/Build/Intermediates.noindex/NotedCore.build/Debug-watchsimulator/NotedWatch\ Watch\ App.build/Objects-normal/arm64/NotedWatch\ Watch\ App_const_extract_protocols.json

WriteAuxiliaryFile /Users/jamesalford/Library/Developer/Xcode/DerivedData/NotedCore-ftviuoyqruynvwbzbngenbwxsygv/Build/Intermediates.noindex/NotedCore.build/Debug-watchsimulator/NotedWatch\ Watch\ App.build/Objects-normal/arm64/NotedWatch\ Watch\ App.SwiftFileList (in target 'NotedWatch Watch App' from project 'NotedCore')
    cd /Users/jamesalford/Documents/NotedCore
    write-file /Users/jamesalford/Library/Developer/Xcode/DerivedData/NotedCore-ftviuoyqruynvwbzbngenbwxsygv/Build/Intermediates.noindex/NotedCore.build/Debug-watchsimulator/NotedWatch\ Watch\ App.build/Objects-normal/arm64/NotedWatch\ Watch\ App.SwiftFileList

WriteAuxiliaryFile /Users/jamesalford/Library/Developer/Xcode/DerivedData/NotedCore-ftviuoyqruynvwbzbngenbwxsygv/Build/Intermediates.noindex/NotedCore.build/Debug-watchsimulator/NotedWatch\ Watch\ App.build/Objects-normal/arm64/NotedWatch\ Watch\ App.SwiftConstValuesFileList (in target 'NotedWatch Watch App' from project 'NotedCore')
    cd /Users/jamesalford/Documents/NotedCore
    write-file /Users/jamesalford/Library/Developer/Xcode/DerivedData/NotedCore-ftviuoyqruynvwbzbngenbwxsygv/Build/Intermediates.noindex/NotedCore.build/Debug-watchsimulator/NotedWatch\ Watch\ App.build/Objects-normal/arm64/NotedWatch\ Watch\ App.SwiftConstValuesFileList

WriteAuxiliaryFile /Users/jamesalford/Library/Developer/Xcode/DerivedData/NotedCore-ftviuoyqruynvwbzbngenbwxsygv/Build/Intermediates.noindex/NotedCore.build/Debug-watchsimulator/NotedWatch\ Watch\ App.build/Objects-normal/arm64/NotedWatch\ Watch\ App.LinkFileList (in target 'NotedWatch Watch App' from project 'NotedCore')
    cd /Users/jamesalford/Documents/NotedCore
    write-file /Users/jamesalford/Library/Developer/Xcode/DerivedData/NotedCore-ftviuoyqruynvwbzbngenbwxsygv/Build/Intermediates.noindex/NotedCore.build/Debug-watchsimulator/NotedWatch\ Watch\ App.build/Objects-normal/arm64/NotedWatch\ Watch\ App.LinkFileList

Copy /Users/jamesalford/Library/Developer/Xcode/DerivedData/NotedCore-ftviuoyqruynvwbzbngenbwxsygv/Build/Intermediates.noindex/GeneratedModuleMaps-iphonesimulator/Numerics.modulemap /Users/jamesalford/Library/Developer/Xcode/DerivedData/NotedCore-ftviuoyqruynvwbzbngenbwxsygv/Build/Intermediates.noindex/swift-numerics.build/Debug-iphonesimulator/Numerics.build/Numerics.modulemap (in target 'Numerics' from project 'swift-numerics')
    cd /Users/jamesalford/Library/Developer/Xcode/DerivedData/NotedCore-ftviuoyqruynvwbzbngenbwxsygv/SourcePackages/checkouts/swift-numerics
    builtin-copy -exclude .DS_Store -exclude CVS -exclude .svn -exclude .git -exclude .hg -resolve-src-symlinks /Users/jamesalford/Library/Developer/Xcode/DerivedData/NotedCore-ftviuoyqruynvwbzbngenbwxsygv/Build/Intermediates.noindex/swift-numerics.build/Debug-iphonesimulator/Numerics.build/Numerics.modulemap /Users/jamesalford/Library/Developer/Xcode/DerivedData/NotedCore-ftviuoyqruynvwbzbngenbwxsygv/Build/Intermediates.noindex/GeneratedModuleMaps-iphonesimulator

WriteAuxiliaryFile /Users/jamesalford/Library/Developer/Xcode/DerivedData/NotedCore-ftviuoyqruynvwbzbngenbwxsygv/Build/Intermediates.noindex/NotedCore.build/Debug-watchsimulator/NotedWatch\ Watch\ App.build/Objects-normal/arm64/NotedWatch\ Watch\ App-OutputFileMap.json (in target 'NotedWatch Watch App' from project 'NotedCore')
    cd /Users/jamesalford/Documents/NotedCore
    write-file /Users/jamesalford/Library/Developer/Xcode/DerivedData/NotedCore-ftviuoyqruynvwbzbngenbwxsygv/Build/Intermediates.noindex/NotedCore.build/Debug-watchsimulator/NotedWatch\ Watch\ App.build/Objects-normal/arm64/NotedWatch\ Watch\ App-OutputFileMap.json

WriteAuxiliaryFile /Users/jamesalford/Library/Developer/Xcode/DerivedData/NotedCore-ftviuoyqruynvwbzbngenbwxsygv/Build/Intermediates.noindex/NotedCore.build/Debug-watchsimulator/NotedWatch\ Watch\ App.build/NotedWatch\ Watch\ App.hmap (in target 'NotedWatch Watch App' from project 'NotedCore')
    cd /Users/jamesalford/Documents/NotedCore
    write-file /Users/jamesalford/Library/Developer/Xcode/DerivedData/NotedCore-ftviuoyqruynvwbzbngenbwxsygv/Build/Intermediates.noindex/NotedCore.build/Debug-watchsimulator/NotedWatch\ Watch\ App.build/NotedWatch\ Watch\ App.hmap

WriteAuxiliaryFile /Users/jamesalford/Library/Developer/Xcode/DerivedData/NotedCore-ftviuoyqruynvwbzbngenbwxsygv/Build/Intermediates.noindex/NotedCore.build/Debug-watchsimulator/NotedWatch\ Watch\ App.build/NotedWatch\ Watch\ App.DependencyStaticMetadataFileList (in target 'NotedWatch Watch App' from project 'NotedCore')
    cd /Users/jamesalford/Documents/NotedCore
    write-file /Users/jamesalford/Library/Developer/Xcode/DerivedData/NotedCore-ftviuoyqruynvwbzbngenbwxsygv/Build/Intermediates.noindex/NotedCore.build/Debug-watchsimulator/NotedWatch\ Watch\ App.build/NotedWatch\ Watch\ App.DependencyStaticMetadataFileList

WriteAuxiliaryFile /Users/jamesalford/Library/Developer/Xcode/DerivedData/NotedCore-ftviuoyqruynvwbzbngenbwxsygv/Build/Intermediates.noindex/NotedCore.build/Debug-watchsimulator/NotedWatch\ Watch\ App.build/NotedWatch\ Watch\ App.DependencyMetadataFileList (in target 'NotedWatch Watch App' from project 'NotedCore')
    cd /Users/jamesalford/Documents/NotedCore
    write-file /Users/jamesalford/Library/Developer/Xcode/DerivedData/NotedCore-ftviuoyqruynvwbzbngenbwxsygv/Build/Intermediates.noindex/NotedCore.build/Debug-watchsimulator/NotedWatch\ Watch\ App.build/NotedWatch\ Watch\ App.DependencyMetadataFileList

WriteAuxiliaryFile /Users/jamesalford/Library/Developer/Xcode/DerivedData/NotedCore-ftviuoyqruynvwbzbngenbwxsygv/Build/Intermediates.noindex/NotedCore.build/Debug-watchsimulator/NotedWatch\ Watch\ App.build/NotedWatch\ Watch\ App-project-headers.hmap (in target 'NotedWatch Watch App' from project 'NotedCore')
    cd /Users/jamesalford/Documents/NotedCore
    write-file /Users/jamesalford/Library/Developer/Xcode/DerivedData/NotedCore-ftviuoyqruynvwbzbngenbwxsygv/Build/Intermediates.noindex/NotedCore.build/Debug-watchsimulator/NotedWatch\ Watch\ App.build/NotedWatch\ Watch\ App-project-headers.hmap

WriteAuxiliaryFile /Users/jamesalford/Library/Developer/Xcode/DerivedData/NotedCore-ftviuoyqruynvwbzbngenbwxsygv/Build/Intermediates.noindex/NotedCore.build/Debug-watchsimulator/NotedWatch\ Watch\ App.build/NotedWatch\ Watch\ App-own-target-headers.hmap (in target 'NotedWatch Watch App' from project 'NotedCore')
    cd /Users/jamesalford/Documents/NotedCore
    write-file /Users/jamesalford/Library/Developer/Xcode/DerivedData/NotedCore-ftviuoyqruynvwbzbngenbwxsygv/Build/Intermediates.noindex/NotedCore.build/Debug-watchsimulator/NotedWatch\ Watch\ App.build/NotedWatch\ Watch\ App-own-target-headers.hmap

WriteAuxiliaryFile /Users/jamesalford/Library/Developer/Xcode/DerivedData/NotedCore-ftviuoyqruynvwbzbngenbwxsygv/Build/Intermediates.noindex/NotedCore.build/Debug-watchsimulator/NotedWatch\ Watch\ App.build/NotedWatch\ Watch\ App-generated-files.hmap (in target 'NotedWatch Watch App' from project 'NotedCore')
    cd /Users/jamesalford/Documents/NotedCore
    write-file /Users/jamesalford/Library/Developer/Xcode/DerivedData/NotedCore-ftviuoyqruynvwbzbngenbwxsygv/Build/Intermediates.noindex/NotedCore.build/Debug-watchsimulator/NotedWatch\ Watch\ App.build/NotedWatch\ Watch\ App-generated-files.hmap

WriteAuxiliaryFile /Users/jamesalford/Library/Developer/Xcode/DerivedData/NotedCore-ftviuoyqruynvwbzbngenbwxsygv/Build/Intermediates.noindex/NotedCore.build/Debug-watchsimulator/NotedWatch\ Watch\ App.build/NotedWatch\ Watch\ App-all-target-headers.hmap (in target 'NotedWatch Watch App' from project 'NotedCore')
    cd /Users/jamesalford/Documents/NotedCore
    write-file /Users/jamesalford/Library/Developer/Xcode/DerivedData/NotedCore-ftviuoyqruynvwbzbngenbwxsygv/Build/Intermediates.noindex/NotedCore.build/Debug-watchsimulator/NotedWatch\ Watch\ App.build/NotedWatch\ Watch\ App-all-target-headers.hmap

WriteAuxiliaryFile /Users/jamesalford/Library/Developer/Xcode/DerivedData/NotedCore-ftviuoyqruynvwbzbngenbwxsygv/Build/Intermediates.noindex/NotedCore.build/Debug-watchsimulator/NotedWatch\ Watch\ App.build/NotedWatch\ Watch\ App-all-non-framework-target-headers.hmap (in target 'NotedWatch Watch App' from project 'NotedCore')
    cd /Users/jamesalford/Documents/NotedCore
    write-file /Users/jamesalford/Library/Developer/Xcode/DerivedData/NotedCore-ftviuoyqruynvwbzbngenbwxsygv/Build/Intermediates.noindex/NotedCore.build/Debug-watchsimulator/NotedWatch\ Watch\ App.build/NotedWatch\ Watch\ App-all-non-framework-target-headers.hmap

WriteAuxiliaryFile /Users/jamesalford/Library/Developer/Xcode/DerivedData/NotedCore-ftviuoyqruynvwbzbngenbwxsygv/Build/Intermediates.noindex/NotedCore.build/Debug-watchsimulator/NotedWatch\ Watch\ App.build/NotedWatch\ Watch\ App-DebugDylibPath-normal-x86_64.txt (in target 'NotedWatch Watch App' from project 'NotedCore')
    cd /Users/jamesalford/Documents/NotedCore
    write-file /Users/jamesalford/Library/Developer/Xcode/DerivedData/NotedCore-ftviuoyqruynvwbzbngenbwxsygv/Build/Intermediates.noindex/NotedCore.build/Debug-watchsimulator/NotedWatch\ Watch\ App.build/NotedWatch\ Watch\ App-DebugDylibPath-normal-x86_64.txt

WriteAuxiliaryFile /Users/jamesalford/Library/Developer/Xcode/DerivedData/NotedCore-ftviuoyqruynvwbzbngenbwxsygv/Build/Intermediates.noindex/NotedCore.build/Debug-watchsimulator/NotedWatch\ Watch\ App.build/NotedWatch\ Watch\ App-DebugDylibPath-normal-arm64.txt (in target 'NotedWatch Watch App' from project 'NotedCore')
    cd /Users/jamesalford/Documents/NotedCore
    write-file /Users/jamesalford/Library/Developer/Xcode/DerivedData/NotedCore-ftviuoyqruynvwbzbngenbwxsygv/Build/Intermediates.noindex/NotedCore.build/Debug-watchsimulator/NotedWatch\ Watch\ App.build/NotedWatch\ Watch\ App-DebugDylibPath-normal-arm64.txt

WriteAuxiliaryFile /Users/jamesalford/Library/Developer/Xcode/DerivedData/NotedCore-ftviuoyqruynvwbzbngenbwxsygv/Build/Intermediates.noindex/NotedCore.build/Debug-watchsimulator/NotedWatch\ Watch\ App.build/NotedWatch\ Watch\ App-DebugDylibInstallName-normal-x86_64.txt (in target 'NotedWatch Watch App' from project 'NotedCore')
    cd /Users/jamesalford/Documents/NotedCore
    write-file /Users/jamesalford/Library/Developer/Xcode/DerivedData/NotedCore-ftviuoyqruynvwbzbngenbwxsygv/Build/Intermediates.noindex/NotedCore.build/Debug-watchsimulator/NotedWatch\ Watch\ App.build/NotedWatch\ Watch\ App-DebugDylibInstallName-normal-x86_64.txt

WriteAuxiliaryFile /Users/jamesalford/Library/Developer/Xcode/DerivedData/NotedCore-ftviuoyqruynvwbzbngenbwxsygv/Build/Intermediates.noindex/NotedCore.build/Debug-watchsimulator/NotedWatch\ Watch\ App.build/NotedWatch\ Watch\ App-DebugDylibInstallName-normal-arm64.txt (in target 'NotedWatch Watch App' from project 'NotedCore')
    cd /Users/jamesalford/Documents/NotedCore
    write-file /Users/jamesalford/Library/Developer/Xcode/DerivedData/NotedCore-ftviuoyqruynvwbzbngenbwxsygv/Build/Intermediates.noindex/NotedCore.build/Debug-watchsimulator/NotedWatch\ Watch\ App.build/NotedWatch\ Watch\ App-DebugDylibInstallName-normal-arm64.txt

WriteAuxiliaryFile /Users/jamesalford/Library/Developer/Xcode/DerivedData/NotedCore-ftviuoyqruynvwbzbngenbwxsygv/Build/Intermediates.noindex/NotedCore.build/Debug-watchsimulator/NotedWatch\ Watch\ App.build/DerivedSources/Entitlements-Simulated.plist (in target 'NotedWatch Watch App' from project 'NotedCore')
    cd /Users/jamesalford/Documents/NotedCore
    write-file /Users/jamesalford/Library/Developer/Xcode/DerivedData/NotedCore-ftviuoyqruynvwbzbngenbwxsygv/Build/Intermediates.noindex/NotedCore.build/Debug-watchsimulator/NotedWatch\ Watch\ App.build/DerivedSources/Entitlements-Simulated.plist

WriteAuxiliaryFile /Users/jamesalford/Library/Developer/Xcode/DerivedData/NotedCore-ftviuoyqruynvwbzbngenbwxsygv/Build/Intermediates.noindex/NotedCore.build/Debug-iphonesimulator/NotedCore.build/Objects-normal/arm64/NotedCore.LinkFileList (in target 'NotedCore' from project 'NotedCore')
    cd /Users/jamesalford/Documents/NotedCore
    write-file /Users/jamesalford/Library/Developer/Xcode/DerivedData/NotedCore-ftviuoyqruynvwbzbngenbwxsygv/Build/Intermediates.noindex/NotedCore.build/Debug-iphonesimulator/NotedCore.build/Objects-normal/arm64/NotedCore.LinkFileList

WriteAuxiliaryFile /Users/jamesalford/Library/Developer/Xcode/DerivedData/NotedCore-ftviuoyqruynvwbzbngenbwxsygv/Build/Intermediates.noindex/NotedCore.build/Debug-iphonesimulator/NotedCore.build/Objects-normal/arm64/NotedCore.SwiftFileList (in target 'NotedCore' from project 'NotedCore')
    cd /Users/jamesalford/Documents/NotedCore
    write-file /Users/jamesalford/Library/Developer/Xcode/DerivedData/NotedCore-ftviuoyqruynvwbzbngenbwxsygv/Build/Intermediates.noindex/NotedCore.build/Debug-iphonesimulator/NotedCore.build/Objects-normal/arm64/NotedCore.SwiftFileList

WriteAuxiliaryFile /Users/jamesalford/Library/Developer/Xcode/DerivedData/NotedCore-ftviuoyqruynvwbzbngenbwxsygv/Build/Intermediates.noindex/NotedCore.build/Debug-iphonesimulator/NotedCore.build/Objects-normal/arm64/NotedCore-OutputFileMap.json (in target 'NotedCore' from project 'NotedCore')
    cd /Users/jamesalford/Documents/NotedCore
    write-file /Users/jamesalford/Library/Developer/Xcode/DerivedData/NotedCore-ftviuoyqruynvwbzbngenbwxsygv/Build/Intermediates.noindex/NotedCore.build/Debug-iphonesimulator/NotedCore.build/Objects-normal/arm64/NotedCore-OutputFileMap.json

WriteAuxiliaryFile /Users/jamesalford/Library/Developer/Xcode/DerivedData/NotedCore-ftviuoyqruynvwbzbngenbwxsygv/Build/Intermediates.noindex/NotedCore.build/Debug-iphonesimulator/NotedCore.build/Objects-normal/arm64/NotedCore.SwiftConstValuesFileList (in target 'NotedCore' from project 'NotedCore')
    cd /Users/jamesalford/Documents/NotedCore
    write-file /Users/jamesalford/Library/Developer/Xcode/DerivedData/NotedCore-ftviuoyqruynvwbzbngenbwxsygv/Build/Intermediates.noindex/NotedCore.build/Debug-iphonesimulator/NotedCore.build/Objects-normal/arm64/NotedCore.SwiftConstValuesFileList

WriteAuxiliaryFile /Users/jamesalford/Library/Developer/Xcode/DerivedData/NotedCore-ftviuoyqruynvwbzbngenbwxsygv/Build/Intermediates.noindex/NotedCore.build/Debug-iphonesimulator/NotedCore.build/Objects-normal/arm64/NotedCore_const_extract_protocols.json (in target 'NotedCore' from project 'NotedCore')
    cd /Users/jamesalford/Documents/NotedCore
    write-file /Users/jamesalford/Library/Developer/Xcode/DerivedData/NotedCore-ftviuoyqruynvwbzbngenbwxsygv/Build/Intermediates.noindex/NotedCore.build/Debug-iphonesimulator/NotedCore.build/Objects-normal/arm64/NotedCore_const_extract_protocols.json

WriteAuxiliaryFile /Users/jamesalford/Library/Developer/Xcode/DerivedData/NotedCore-ftviuoyqruynvwbzbngenbwxsygv/Build/Intermediates.noindex/NotedCore.build/Debug-iphonesimulator/NotedCore.build/NotedCore.hmap (in target 'NotedCore' from project 'NotedCore')
    cd /Users/jamesalford/Documents/NotedCore
    write-file /Users/jamesalford/Library/Developer/Xcode/DerivedData/NotedCore-ftviuoyqruynvwbzbngenbwxsygv/Build/Intermediates.noindex/NotedCore.build/Debug-iphonesimulator/NotedCore.build/NotedCore.hmap

WriteAuxiliaryFile /Users/jamesalford/Library/Developer/Xcode/DerivedData/NotedCore-ftviuoyqruynvwbzbngenbwxsygv/Build/Intermediates.noindex/NotedCore.build/Debug-iphonesimulator/NotedCore.build/NotedCore.DependencyStaticMetadataFileList (in target 'NotedCore' from project 'NotedCore')
    cd /Users/jamesalford/Documents/NotedCore
    write-file /Users/jamesalford/Library/Developer/Xcode/DerivedData/NotedCore-ftviuoyqruynvwbzbngenbwxsygv/Build/Intermediates.noindex/NotedCore.build/Debug-iphonesimulator/NotedCore.build/NotedCore.DependencyStaticMetadataFileList

WriteAuxiliaryFile /Users/jamesalford/Library/Developer/Xcode/DerivedData/NotedCore-ftviuoyqruynvwbzbngenbwxsygv/Build/Intermediates.noindex/NotedCore.build/Debug-iphonesimulator/NotedCore.build/NotedCore.DependencyMetadataFileList (in target 'NotedCore' from project 'NotedCore')
    cd /Users/jamesalford/Documents/NotedCore
    write-file /Users/jamesalford/Library/Developer/Xcode/DerivedData/NotedCore-ftviuoyqruynvwbzbngenbwxsygv/Build/Intermediates.noindex/NotedCore.build/Debug-iphonesimulator/NotedCore.build/NotedCore.DependencyMetadataFileList

WriteAuxiliaryFile /Users/jamesalford/Library/Developer/Xcode/DerivedData/NotedCore-ftviuoyqruynvwbzbngenbwxsygv/Build/Intermediates.noindex/NotedCore.build/Debug-iphonesimulator/NotedCore.build/NotedCore-project-headers.hmap (in target 'NotedCore' from project 'NotedCore')
    cd /Users/jamesalford/Documents/NotedCore
    write-file /Users/jamesalford/Library/Developer/Xcode/DerivedData/NotedCore-ftviuoyqruynvwbzbngenbwxsygv/Build/Intermediates.noindex/NotedCore.build/Debug-iphonesimulator/NotedCore.build/NotedCore-project-headers.hmap

WriteAuxiliaryFile /Users/jamesalford/Library/Developer/Xcode/DerivedData/NotedCore-ftviuoyqruynvwbzbngenbwxsygv/Build/Intermediates.noindex/NotedCore.build/Debug-iphonesimulator/NotedCore.build/NotedCore-own-target-headers.hmap (in target 'NotedCore' from project 'NotedCore')
    cd /Users/jamesalford/Documents/NotedCore
    write-file /Users/jamesalford/Library/Developer/Xcode/DerivedData/NotedCore-ftviuoyqruynvwbzbngenbwxsygv/Build/Intermediates.noindex/NotedCore.build/Debug-iphonesimulator/NotedCore.build/NotedCore-own-target-headers.hmap

WriteAuxiliaryFile /Users/jamesalford/Library/Developer/Xcode/DerivedData/NotedCore-ftviuoyqruynvwbzbngenbwxsygv/Build/Intermediates.noindex/NotedCore.build/Debug-iphonesimulator/NotedCore.build/NotedCore-generated-files.hmap (in target 'NotedCore' from project 'NotedCore')
    cd /Users/jamesalford/Documents/NotedCore
    write-file /Users/jamesalford/Library/Developer/Xcode/DerivedData/NotedCore-ftviuoyqruynvwbzbngenbwxsygv/Build/Intermediates.noindex/NotedCore.build/Debug-iphonesimulator/NotedCore.build/NotedCore-generated-files.hmap

WriteAuxiliaryFile /Users/jamesalford/Library/Developer/Xcode/DerivedData/NotedCore-ftviuoyqruynvwbzbngenbwxsygv/Build/Intermediates.noindex/NotedCore.build/Debug-iphonesimulator/NotedCore.build/NotedCore-DebugDylibInstallName-normal-arm64.txt (in target 'NotedCore' from project 'NotedCore')
    cd /Users/jamesalford/Documents/NotedCore
    write-file /Users/jamesalford/Library/Developer/Xcode/DerivedData/NotedCore-ftviuoyqruynvwbzbngenbwxsygv/Build/Intermediates.noindex/NotedCore.build/Debug-iphonesimulator/NotedCore.build/NotedCore-DebugDylibInstallName-normal-arm64.txt

WriteAuxiliaryFile /Users/jamesalford/Library/Developer/Xcode/DerivedData/NotedCore-ftviuoyqruynvwbzbngenbwxsygv/Build/Intermediates.noindex/NotedCore.build/Debug-iphonesimulator/NotedCore.build/NotedCore-all-non-framework-target-headers.hmap (in target 'NotedCore' from project 'NotedCore')
    cd /Users/jamesalford/Documents/NotedCore
    write-file /Users/jamesalford/Library/Developer/Xcode/DerivedData/NotedCore-ftviuoyqruynvwbzbngenbwxsygv/Build/Intermediates.noindex/NotedCore.build/Debug-iphonesimulator/NotedCore.build/NotedCore-all-non-framework-target-headers.hmap

WriteAuxiliaryFile /Users/jamesalford/Library/Developer/Xcode/DerivedData/NotedCore-ftviuoyqruynvwbzbngenbwxsygv/Build/Intermediates.noindex/NotedCore.build/Debug-iphonesimulator/NotedCore.build/NotedCore-all-target-headers.hmap (in target 'NotedCore' from project 'NotedCore')
    cd /Users/jamesalford/Documents/NotedCore
    write-file /Users/jamesalford/Library/Developer/Xcode/DerivedData/NotedCore-ftviuoyqruynvwbzbngenbwxsygv/Build/Intermediates.noindex/NotedCore.build/Debug-iphonesimulator/NotedCore.build/NotedCore-all-target-headers.hmap

WriteAuxiliaryFile /Users/jamesalford/Library/Developer/Xcode/DerivedData/NotedCore-ftviuoyqruynvwbzbngenbwxsygv/Build/Intermediates.noindex/NotedCore.build/Debug-iphonesimulator/NotedCore.build/NotedCore-DebugDylibPath-normal-arm64.txt (in target 'NotedCore' from project 'NotedCore')
    cd /Users/jamesalford/Documents/NotedCore
    write-file /Users/jamesalford/Library/Developer/Xcode/DerivedData/NotedCore-ftviuoyqruynvwbzbngenbwxsygv/Build/Intermediates.noindex/NotedCore.build/Debug-iphonesimulator/NotedCore.build/NotedCore-DebugDylibPath-normal-arm64.txt

WriteAuxiliaryFile /Users/jamesalford/Library/Developer/Xcode/DerivedData/NotedCore-ftviuoyqruynvwbzbngenbwxsygv/Build/Intermediates.noindex/NotedCore.build/Debug-iphonesimulator/NotedCore.build/DerivedSources/Entitlements-Simulated.plist (in target 'NotedCore' from project 'NotedCore')
    cd /Users/jamesalford/Documents/NotedCore
    write-file /Users/jamesalford/Library/Developer/Xcode/DerivedData/NotedCore-ftviuoyqruynvwbzbngenbwxsygv/Build/Intermediates.noindex/NotedCore.build/Debug-iphonesimulator/NotedCore.build/DerivedSources/Entitlements-Simulated.plist

WriteAuxiliaryFile /Users/jamesalford/Library/Developer/Xcode/DerivedData/NotedCore-ftviuoyqruynvwbzbngenbwxsygv/Build/Intermediates.noindex/swift-transformers.build/Debug-iphonesimulator/Models.build/Objects-normal/arm64/Models_const_extract_protocols.json (in target 'Models' from project 'swift-transformers')
    cd /Users/jamesalford/Library/Developer/Xcode/DerivedData/NotedCore-ftviuoyqruynvwbzbngenbwxsygv/SourcePackages/checkouts/swift-transformers
    write-file /Users/jamesalford/Library/Developer/Xcode/DerivedData/NotedCore-ftviuoyqruynvwbzbngenbwxsygv/Build/Intermediates.noindex/swift-transformers.build/Debug-iphonesimulator/Models.build/Objects-normal/arm64/Models_const_extract_protocols.json

WriteAuxiliaryFile /Users/jamesalford/Library/Developer/Xcode/DerivedData/NotedCore-ftviuoyqruynvwbzbngenbwxsygv/Build/Intermediates.noindex/swift-transformers.build/Debug-iphonesimulator/Models.build/Objects-normal/arm64/Models.SwiftFileList (in target 'Models' from project 'swift-transformers')
    cd /Users/jamesalford/Library/Developer/Xcode/DerivedData/NotedCore-ftviuoyqruynvwbzbngenbwxsygv/SourcePackages/checkouts/swift-transformers
    write-file /Users/jamesalford/Library/Developer/Xcode/DerivedData/NotedCore-ftviuoyqruynvwbzbngenbwxsygv/Build/Intermediates.noindex/swift-transformers.build/Debug-iphonesimulator/Models.build/Objects-normal/arm64/Models.SwiftFileList

WriteAuxiliaryFile /Users/jamesalford/Library/Developer/Xcode/DerivedData/NotedCore-ftviuoyqruynvwbzbngenbwxsygv/Build/Intermediates.noindex/swift-transformers.build/Debug-iphonesimulator/Models.build/Objects-normal/arm64/Models.SwiftConstValuesFileList (in target 'Models' from project 'swift-transformers')
    cd /Users/jamesalford/Library/Developer/Xcode/DerivedData/NotedCore-ftviuoyqruynvwbzbngenbwxsygv/SourcePackages/checkouts/swift-transformers
    write-file /Users/jamesalford/Library/Developer/Xcode/DerivedData/NotedCore-ftviuoyqruynvwbzbngenbwxsygv/Build/Intermediates.noindex/swift-transformers.build/Debug-iphonesimulator/Models.build/Objects-normal/arm64/Models.SwiftConstValuesFileList

WriteAuxiliaryFile /Users/jamesalford/Library/Developer/Xcode/DerivedData/NotedCore-ftviuoyqruynvwbzbngenbwxsygv/Build/Intermediates.noindex/swift-transformers.build/Debug-iphonesimulator/Models.build/Objects-normal/arm64/Models.LinkFileList (in target 'Models' from project 'swift-transformers')
    cd /Users/jamesalford/Library/Developer/Xcode/DerivedData/NotedCore-ftviuoyqruynvwbzbngenbwxsygv/SourcePackages/checkouts/swift-transformers
    write-file /Users/jamesalford/Library/Developer/Xcode/DerivedData/NotedCore-ftviuoyqruynvwbzbngenbwxsygv/Build/Intermediates.noindex/swift-transformers.build/Debug-iphonesimulator/Models.build/Objects-normal/arm64/Models.LinkFileList

WriteAuxiliaryFile /Users/jamesalford/Library/Developer/Xcode/DerivedData/NotedCore-ftviuoyqruynvwbzbngenbwxsygv/Build/Intermediates.noindex/swift-transformers.build/Debug-iphonesimulator/Models.build/Objects-normal/arm64/Models-OutputFileMap.json (in target 'Models' from project 'swift-transformers')
    cd /Users/jamesalford/Library/Developer/Xcode/DerivedData/NotedCore-ftviuoyqruynvwbzbngenbwxsygv/SourcePackages/checkouts/swift-transformers
    write-file /Users/jamesalford/Library/Developer/Xcode/DerivedData/NotedCore-ftviuoyqruynvwbzbngenbwxsygv/Build/Intermediates.noindex/swift-transformers.build/Debug-iphonesimulator/Models.build/Objects-normal/arm64/Models-OutputFileMap.json

WriteAuxiliaryFile /Users/jamesalford/Library/Developer/Xcode/DerivedData/NotedCore-ftviuoyqruynvwbzbngenbwxsygv/Build/Intermediates.noindex/swift-transformers.build/Debug-iphonesimulator/Models.build/Models.modulemap (in target 'Models' from project 'swift-transformers')
    cd /Users/jamesalford/Library/Developer/Xcode/DerivedData/NotedCore-ftviuoyqruynvwbzbngenbwxsygv/SourcePackages/checkouts/swift-transformers
    write-file /Users/jamesalford/Library/Developer/Xcode/DerivedData/NotedCore-ftviuoyqruynvwbzbngenbwxsygv/Build/Intermediates.noindex/swift-transformers.build/Debug-iphonesimulator/Models.build/Models.modulemap

WriteAuxiliaryFile /Users/jamesalford/Library/Developer/Xcode/DerivedData/NotedCore-ftviuoyqruynvwbzbngenbwxsygv/Build/Intermediates.noindex/swift-transformers.build/Debug-iphonesimulator/Models.build/Models.DependencyStaticMetadataFileList (in target 'Models' from project 'swift-transformers')
    cd /Users/jamesalford/Library/Developer/Xcode/DerivedData/NotedCore-ftviuoyqruynvwbzbngenbwxsygv/SourcePackages/checkouts/swift-transformers
    write-file /Users/jamesalford/Library/Developer/Xcode/DerivedData/NotedCore-ftviuoyqruynvwbzbngenbwxsygv/Build/Intermediates.noindex/swift-transformers.build/Debug-iphonesimulator/Models.build/Models.DependencyStaticMetadataFileList

WriteAuxiliaryFile /Users/jamesalford/Library/Developer/Xcode/DerivedData/NotedCore-ftviuoyqruynvwbzbngenbwxsygv/Build/Intermediates.noindex/swift-transformers.build/Debug-iphonesimulator/Models.build/Models.DependencyMetadataFileList (in target 'Models' from project 'swift-transformers')
    cd /Users/jamesalford/Library/Developer/Xcode/DerivedData/NotedCore-ftviuoyqruynvwbzbngenbwxsygv/SourcePackages/checkouts/swift-transformers
    write-file /Users/jamesalford/Library/Developer/Xcode/DerivedData/NotedCore-ftviuoyqruynvwbzbngenbwxsygv/Build/Intermediates.noindex/swift-transformers.build/Debug-iphonesimulator/Models.build/Models.DependencyMetadataFileList

WriteAuxiliaryFile /Users/jamesalford/Library/Developer/Xcode/DerivedData/NotedCore-ftviuoyqruynvwbzbngenbwxsygv/Build/Intermediates.noindex/mlx-swift.build/Debug-iphonesimulator/MLXRandom.build/Objects-normal/arm64/MLXRandom.SwiftFileList (in target 'MLXRandom' from project 'mlx-swift')
    cd /Users/jamesalford/Library/Developer/Xcode/DerivedData/NotedCore-ftviuoyqruynvwbzbngenbwxsygv/SourcePackages/checkouts/mlx-swift
    write-file /Users/jamesalford/Library/Developer/Xcode/DerivedData/NotedCore-ftviuoyqruynvwbzbngenbwxsygv/Build/Intermediates.noindex/mlx-swift.build/Debug-iphonesimulator/MLXRandom.build/Objects-normal/arm64/MLXRandom.SwiftFileList

WriteAuxiliaryFile /Users/jamesalford/Library/Developer/Xcode/DerivedData/NotedCore-ftviuoyqruynvwbzbngenbwxsygv/Build/Intermediates.noindex/mlx-swift.build/Debug-iphonesimulator/MLXRandom.build/Objects-normal/arm64/MLXRandom_const_extract_protocols.json (in target 'MLXRandom' from project 'mlx-swift')
    cd /Users/jamesalford/Library/Developer/Xcode/DerivedData/NotedCore-ftviuoyqruynvwbzbngenbwxsygv/SourcePackages/checkouts/mlx-swift
    write-file /Users/jamesalford/Library/Developer/Xcode/DerivedData/NotedCore-ftviuoyqruynvwbzbngenbwxsygv/Build/Intermediates.noindex/mlx-swift.build/Debug-iphonesimulator/MLXRandom.build/Objects-normal/arm64/MLXRandom_const_extract_protocols.json

WriteAuxiliaryFile /Users/jamesalford/Library/Developer/Xcode/DerivedData/NotedCore-ftviuoyqruynvwbzbngenbwxsygv/Build/Intermediates.noindex/mlx-swift.build/Debug-iphonesimulator/MLXRandom.build/Objects-normal/arm64/MLXRandom.SwiftConstValuesFileList (in target 'MLXRandom' from project 'mlx-swift')
    cd /Users/jamesalford/Library/Developer/Xcode/DerivedData/NotedCore-ftviuoyqruynvwbzbngenbwxsygv/SourcePackages/checkouts/mlx-swift
    write-file /Users/jamesalford/Library/Developer/Xcode/DerivedData/NotedCore-ftviuoyqruynvwbzbngenbwxsygv/Build/Intermediates.noindex/mlx-swift.build/Debug-iphonesimulator/MLXRandom.build/Objects-normal/arm64/MLXRandom.SwiftConstValuesFileList

WriteAuxiliaryFile /Users/jamesalford/Library/Developer/Xcode/DerivedData/NotedCore-ftviuoyqruynvwbzbngenbwxsygv/Build/Intermediates.noindex/mlx-swift.build/Debug-iphonesimulator/MLXRandom.build/Objects-normal/arm64/MLXRandom.LinkFileList (in target 'MLXRandom' from project 'mlx-swift')
    cd /Users/jamesalford/Library/Developer/Xcode/DerivedData/NotedCore-ftviuoyqruynvwbzbngenbwxsygv/SourcePackages/checkouts/mlx-swift
    write-file /Users/jamesalford/Library/Developer/Xcode/DerivedData/NotedCore-ftviuoyqruynvwbzbngenbwxsygv/Build/Intermediates.noindex/mlx-swift.build/Debug-iphonesimulator/MLXRandom.build/Objects-normal/arm64/MLXRandom.LinkFileList

WriteAuxiliaryFile /Users/jamesalford/Library/Developer/Xcode/DerivedData/NotedCore-ftviuoyqruynvwbzbngenbwxsygv/Build/Intermediates.noindex/mlx-swift.build/Debug-iphonesimulator/MLXRandom.build/Objects-normal/arm64/MLXRandom-OutputFileMap.json (in target 'MLXRandom' from project 'mlx-swift')
    cd /Users/jamesalford/Library/Developer/Xcode/DerivedData/NotedCore-ftviuoyqruynvwbzbngenbwxsygv/SourcePackages/checkouts/mlx-swift
    write-file /Users/jamesalford/Library/Developer/Xcode/DerivedData/NotedCore-ftviuoyqruynvwbzbngenbwxsygv/Build/Intermediates.noindex/mlx-swift.build/Debug-iphonesimulator/MLXRandom.build/Objects-normal/arm64/MLXRandom-OutputFileMap.json

WriteAuxiliaryFile /Users/jamesalford/Library/Developer/Xcode/DerivedData/NotedCore-ftviuoyqruynvwbzbngenbwxsygv/Build/Intermediates.noindex/mlx-swift.build/Debug-iphonesimulator/MLXRandom.build/MLXRandom.modulemap (in target 'MLXRandom' from project 'mlx-swift')
    cd /Users/jamesalford/Library/Developer/Xcode/DerivedData/NotedCore-ftviuoyqruynvwbzbngenbwxsygv/SourcePackages/checkouts/mlx-swift
    write-file /Users/jamesalford/Library/Developer/Xcode/DerivedData/NotedCore-ftviuoyqruynvwbzbngenbwxsygv/Build/Intermediates.noindex/mlx-swift.build/Debug-iphonesimulator/MLXRandom.build/MLXRandom.modulemap

WriteAuxiliaryFile /Users/jamesalford/Library/Developer/Xcode/DerivedData/NotedCore-ftviuoyqruynvwbzbngenbwxsygv/Build/Intermediates.noindex/mlx-swift.build/Debug-iphonesimulator/MLXRandom.build/MLXRandom.DependencyStaticMetadataFileList (in target 'MLXRandom' from project 'mlx-swift')
    cd /Users/jamesalford/Library/Developer/Xcode/DerivedData/NotedCore-ftviuoyqruynvwbzbngenbwxsygv/SourcePackages/checkouts/mlx-swift
    write-file /Users/jamesalford/Library/Developer/Xcode/DerivedData/NotedCore-ftviuoyqruynvwbzbngenbwxsygv/Build/Intermediates.noindex/mlx-swift.build/Debug-iphonesimulator/MLXRandom.build/MLXRandom.DependencyStaticMetadataFileList

WriteAuxiliaryFile /Users/jamesalford/Library/Developer/Xcode/DerivedData/NotedCore-ftviuoyqruynvwbzbngenbwxsygv/Build/Intermediates.noindex/mlx-swift.build/Debug-iphonesimulator/MLXRandom.build/MLXRandom.DependencyMetadataFileList (in target 'MLXRandom' from project 'mlx-swift')
    cd /Users/jamesalford/Library/Developer/Xcode/DerivedData/NotedCore-ftviuoyqruynvwbzbngenbwxsygv/SourcePackages/checkouts/mlx-swift
    write-file /Users/jamesalford/Library/Developer/Xcode/DerivedData/NotedCore-ftviuoyqruynvwbzbngenbwxsygv/Build/Intermediates.noindex/mlx-swift.build/Debug-iphonesimulator/MLXRandom.build/MLXRandom.DependencyMetadataFileList

WriteAuxiliaryFile /Users/jamesalford/Library/Developer/Xcode/DerivedData/NotedCore-ftviuoyqruynvwbzbngenbwxsygv/Build/Intermediates.noindex/mlx-swift.build/Debug-iphonesimulator/MLXNN.build/Objects-normal/arm64/MLXNN_const_extract_protocols.json (in target 'MLXNN' from project 'mlx-swift')
    cd /Users/jamesalford/Library/Developer/Xcode/DerivedData/NotedCore-ftviuoyqruynvwbzbngenbwxsygv/SourcePackages/checkouts/mlx-swift
    write-file /Users/jamesalford/Library/Developer/Xcode/DerivedData/NotedCore-ftviuoyqruynvwbzbngenbwxsygv/Build/Intermediates.noindex/mlx-swift.build/Debug-iphonesimulator/MLXNN.build/Objects-normal/arm64/MLXNN_const_extract_protocols.json

WriteAuxiliaryFile /Users/jamesalford/Library/Developer/Xcode/DerivedData/NotedCore-ftviuoyqruynvwbzbngenbwxsygv/Build/Intermediates.noindex/mlx-swift.build/Debug-iphonesimulator/MLXNN.build/Objects-normal/arm64/MLXNN.SwiftConstValuesFileList (in target 'MLXNN' from project 'mlx-swift')
    cd /Users/jamesalford/Library/Developer/Xcode/DerivedData/NotedCore-ftviuoyqruynvwbzbngenbwxsygv/SourcePackages/checkouts/mlx-swift
    write-file /Users/jamesalford/Library/Developer/Xcode/DerivedData/NotedCore-ftviuoyqruynvwbzbngenbwxsygv/Build/Intermediates.noindex/mlx-swift.build/Debug-iphonesimulator/MLXNN.build/Objects-normal/arm64/MLXNN.SwiftConstValuesFileList

WriteAuxiliaryFile /Users/jamesalford/Library/Developer/Xcode/DerivedData/NotedCore-ftviuoyqruynvwbzbngenbwxsygv/Build/Intermediates.noindex/mlx-swift.build/Debug-iphonesimulator/MLXNN.build/Objects-normal/arm64/MLXNN.SwiftFileList (in target 'MLXNN' from project 'mlx-swift')
    cd /Users/jamesalford/Library/Developer/Xcode/DerivedData/NotedCore-ftviuoyqruynvwbzbngenbwxsygv/SourcePackages/checkouts/mlx-swift
    write-file /Users/jamesalford/Library/Developer/Xcode/DerivedData/NotedCore-ftviuoyqruynvwbzbngenbwxsygv/Build/Intermediates.noindex/mlx-swift.build/Debug-iphonesimulator/MLXNN.build/Objects-normal/arm64/MLXNN.SwiftFileList

Copy /Users/jamesalford/Library/Developer/Xcode/DerivedData/NotedCore-ftviuoyqruynvwbzbngenbwxsygv/Build/Intermediates.noindex/GeneratedModuleMaps-iphonesimulator/Models.modulemap /Users/jamesalford/Library/Developer/Xcode/DerivedData/NotedCore-ftviuoyqruynvwbzbngenbwxsygv/Build/Intermediates.noindex/swift-transformers.build/Debug-iphonesimulator/Models.build/Models.modulemap (in target 'Models' from project 'swift-transformers')
    cd /Users/jamesalford/Library/Developer/Xcode/DerivedData/NotedCore-ftviuoyqruynvwbzbngenbwxsygv/SourcePackages/checkouts/swift-transformers
    builtin-copy -exclude .DS_Store -exclude CVS -exclude .svn -exclude .git -exclude .hg -resolve-src-symlinks /Users/jamesalford/Library/Developer/Xcode/DerivedData/NotedCore-ftviuoyqruynvwbzbngenbwxsygv/Build/Intermediates.noindex/swift-transformers.build/Debug-iphonesimulator/Models.build/Models.modulemap /Users/jamesalford/Library/Developer/Xcode/DerivedData/NotedCore-ftviuoyqruynvwbzbngenbwxsygv/Build/Intermediates.noindex/GeneratedModuleMaps-iphonesimulator

WriteAuxiliaryFile /Users/jamesalford/Library/Developer/Xcode/DerivedData/NotedCore-ftviuoyqruynvwbzbngenbwxsygv/Build/Intermediates.noindex/mlx-swift.build/Debug-iphonesimulator/MLXNN.build/Objects-normal/arm64/MLXNN.LinkFileList (in target 'MLXNN' from project 'mlx-swift')
    cd /Users/jamesalford/Library/Developer/Xcode/DerivedData/NotedCore-ftviuoyqruynvwbzbngenbwxsygv/SourcePackages/checkouts/mlx-swift
    write-file /Users/jamesalford/Library/Developer/Xcode/DerivedData/NotedCore-ftviuoyqruynvwbzbngenbwxsygv/Build/Intermediates.noindex/mlx-swift.build/Debug-iphonesimulator/MLXNN.build/Objects-normal/arm64/MLXNN.LinkFileList

WriteAuxiliaryFile /Users/jamesalford/Library/Developer/Xcode/DerivedData/NotedCore-ftviuoyqruynvwbzbngenbwxsygv/Build/Intermediates.noindex/mlx-swift.build/Debug-iphonesimulator/MLXNN.build/Objects-normal/arm64/MLXNN-OutputFileMap.json (in target 'MLXNN' from project 'mlx-swift')
    cd /Users/jamesalford/Library/Developer/Xcode/DerivedData/NotedCore-ftviuoyqruynvwbzbngenbwxsygv/SourcePackages/checkouts/mlx-swift
    write-file /Users/jamesalford/Library/Developer/Xcode/DerivedData/NotedCore-ftviuoyqruynvwbzbngenbwxsygv/Build/Intermediates.noindex/mlx-swift.build/Debug-iphonesimulator/MLXNN.build/Objects-normal/arm64/MLXNN-OutputFileMap.json

WriteAuxiliaryFile /Users/jamesalford/Library/Developer/Xcode/DerivedData/NotedCore-ftviuoyqruynvwbzbngenbwxsygv/Build/Intermediates.noindex/mlx-swift.build/Debug-iphonesimulator/MLXNN.build/MLXNN.modulemap (in target 'MLXNN' from project 'mlx-swift')
    cd /Users/jamesalford/Library/Developer/Xcode/DerivedData/NotedCore-ftviuoyqruynvwbzbngenbwxsygv/SourcePackages/checkouts/mlx-swift
    write-file /Users/jamesalford/Library/Developer/Xcode/DerivedData/NotedCore-ftviuoyqruynvwbzbngenbwxsygv/Build/Intermediates.noindex/mlx-swift.build/Debug-iphonesimulator/MLXNN.build/MLXNN.modulemap

WriteAuxiliaryFile /Users/jamesalford/Library/Developer/Xcode/DerivedData/NotedCore-ftviuoyqruynvwbzbngenbwxsygv/Build/Intermediates.noindex/mlx-swift.build/Debug-iphonesimulator/MLXNN.build/MLXNN.DependencyStaticMetadataFileList (in target 'MLXNN' from project 'mlx-swift')
    cd /Users/jamesalford/Library/Developer/Xcode/DerivedData/NotedCore-ftviuoyqruynvwbzbngenbwxsygv/SourcePackages/checkouts/mlx-swift
    write-file /Users/jamesalford/Library/Developer/Xcode/DerivedData/NotedCore-ftviuoyqruynvwbzbngenbwxsygv/Build/Intermediates.noindex/mlx-swift.build/Debug-iphonesimulator/MLXNN.build/MLXNN.DependencyStaticMetadataFileList

WriteAuxiliaryFile /Users/jamesalford/Library/Developer/Xcode/DerivedData/NotedCore-ftviuoyqruynvwbzbngenbwxsygv/Build/Intermediates.noindex/mlx-swift.build/Debug-iphonesimulator/MLXNN.build/MLXNN.DependencyMetadataFileList (in target 'MLXNN' from project 'mlx-swift')
    cd /Users/jamesalford/Library/Developer/Xcode/DerivedData/NotedCore-ftviuoyqruynvwbzbngenbwxsygv/SourcePackages/checkouts/mlx-swift
    write-file /Users/jamesalford/Library/Developer/Xcode/DerivedData/NotedCore-ftviuoyqruynvwbzbngenbwxsygv/Build/Intermediates.noindex/mlx-swift.build/Debug-iphonesimulator/MLXNN.build/MLXNN.DependencyMetadataFileList

WriteAuxiliaryFile /Users/jamesalford/Library/Developer/Xcode/DerivedData/NotedCore-ftviuoyqruynvwbzbngenbwxsygv/Build/Intermediates.noindex/Jinja.build/Debug-iphonesimulator/Jinja\ product.build/empty-Jinja_C5899F34211_PackageProduct.plist (in target 'Jinja' from project 'Jinja')
    cd /Users/jamesalford/Library/Developer/Xcode/DerivedData/NotedCore-ftviuoyqruynvwbzbngenbwxsygv/SourcePackages/checkouts/Jinja
    write-file /Users/jamesalford/Library/Developer/Xcode/DerivedData/NotedCore-ftviuoyqruynvwbzbngenbwxsygv/Build/Intermediates.noindex/Jinja.build/Debug-iphonesimulator/Jinja\ product.build/empty-Jinja_C5899F34211_PackageProduct.plist

WriteAuxiliaryFile /Users/jamesalford/Library/Developer/Xcode/DerivedData/NotedCore-ftviuoyqruynvwbzbngenbwxsygv/Build/Intermediates.noindex/Jinja.build/Debug-iphonesimulator/Jinja\ product.build/Objects-normal/arm64/Jinja_C5899F34211_PackageProduct.LinkFileList (in target 'Jinja' from project 'Jinja')
    cd /Users/jamesalford/Library/Developer/Xcode/DerivedData/NotedCore-ftviuoyqruynvwbzbngenbwxsygv/SourcePackages/checkouts/Jinja
    write-file /Users/jamesalford/Library/Developer/Xcode/DerivedData/NotedCore-ftviuoyqruynvwbzbngenbwxsygv/Build/Intermediates.noindex/Jinja.build/Debug-iphonesimulator/Jinja\ product.build/Objects-normal/arm64/Jinja_C5899F34211_PackageProduct.LinkFileList

Copy /Users/jamesalford/Library/Developer/Xcode/DerivedData/NotedCore-ftviuoyqruynvwbzbngenbwxsygv/Build/Intermediates.noindex/GeneratedModuleMaps-iphonesimulator/MLXRandom.modulemap /Users/jamesalford/Library/Developer/Xcode/DerivedData/NotedCore-ftviuoyqruynvwbzbngenbwxsygv/Build/Intermediates.noindex/mlx-swift.build/Debug-iphonesimulator/MLXRandom.build/MLXRandom.modulemap (in target 'MLXRandom' from project 'mlx-swift')
    cd /Users/jamesalford/Library/Developer/Xcode/DerivedData/NotedCore-ftviuoyqruynvwbzbngenbwxsygv/SourcePackages/checkouts/mlx-swift
    builtin-copy -exclude .DS_Store -exclude CVS -exclude .svn -exclude .git -exclude .hg -resolve-src-symlinks /Users/jamesalford/Library/Developer/Xcode/DerivedData/NotedCore-ftviuoyqruynvwbzbngenbwxsygv/Build/Intermediates.noindex/mlx-swift.build/Debug-iphonesimulator/MLXRandom.build/MLXRandom.modulemap /Users/jamesalford/Library/Developer/Xcode/DerivedData/NotedCore-ftviuoyqruynvwbzbngenbwxsygv/Build/Intermediates.noindex/GeneratedModuleMaps-iphonesimulator

WriteAuxiliaryFile /Users/jamesalford/Library/Developer/Xcode/DerivedData/NotedCore-ftviuoyqruynvwbzbngenbwxsygv/Build/Intermediates.noindex/Jinja.build/Debug-iphonesimulator/Jinja\ product.build/Jinja_C5899F34211_PackageProduct.DependencyStaticMetadataFileList (in target 'Jinja' from project 'Jinja')
    cd /Users/jamesalford/Library/Developer/Xcode/DerivedData/NotedCore-ftviuoyqruynvwbzbngenbwxsygv/SourcePackages/checkouts/Jinja
    write-file /Users/jamesalford/Library/Developer/Xcode/DerivedData/NotedCore-ftviuoyqruynvwbzbngenbwxsygv/Build/Intermediates.noindex/Jinja.build/Debug-iphonesimulator/Jinja\ product.build/Jinja_C5899F34211_PackageProduct.DependencyStaticMetadataFileList

WriteAuxiliaryFile /Users/jamesalford/Library/Developer/Xcode/DerivedData/NotedCore-ftviuoyqruynvwbzbngenbwxsygv/Build/Intermediates.noindex/Jinja.build/Debug-iphonesimulator/Jinja\ product.build/Jinja_C5899F34211_PackageProduct.DependencyMetadataFileList (in target 'Jinja' from project 'Jinja')
    cd /Users/jamesalford/Library/Developer/Xcode/DerivedData/NotedCore-ftviuoyqruynvwbzbngenbwxsygv/SourcePackages/checkouts/Jinja
    write-file /Users/jamesalford/Library/Developer/Xcode/DerivedData/NotedCore-ftviuoyqruynvwbzbngenbwxsygv/Build/Intermediates.noindex/Jinja.build/Debug-iphonesimulator/Jinja\ product.build/Jinja_C5899F34211_PackageProduct.DependencyMetadataFileList

WriteAuxiliaryFile /Users/jamesalford/Library/Developer/Xcode/DerivedData/NotedCore-ftviuoyqruynvwbzbngenbwxsygv/Build/Intermediates.noindex/swift-transformers.build/Debug-iphonesimulator/Hub.build/Hub.modulemap (in target 'Hub' from project 'swift-transformers')
    cd /Users/jamesalford/Library/Developer/Xcode/DerivedData/NotedCore-ftviuoyqruynvwbzbngenbwxsygv/SourcePackages/checkouts/swift-transformers
    write-file /Users/jamesalford/Library/Developer/Xcode/DerivedData/NotedCore-ftviuoyqruynvwbzbngenbwxsygv/Build/Intermediates.noindex/swift-transformers.build/Debug-iphonesimulator/Hub.build/Hub.modulemap

WriteAuxiliaryFile /Users/jamesalford/Library/Developer/Xcode/DerivedData/NotedCore-ftviuoyqruynvwbzbngenbwxsygv/Build/Intermediates.noindex/swift-transformers.build/Debug-iphonesimulator/Hub.build/Objects-normal/arm64/Hub_const_extract_protocols.json (in target 'Hub' from project 'swift-transformers')
    cd /Users/jamesalford/Library/Developer/Xcode/DerivedData/NotedCore-ftviuoyqruynvwbzbngenbwxsygv/SourcePackages/checkouts/swift-transformers
    write-file /Users/jamesalford/Library/Developer/Xcode/DerivedData/NotedCore-ftviuoyqruynvwbzbngenbwxsygv/Build/Intermediates.noindex/swift-transformers.build/Debug-iphonesimulator/Hub.build/Objects-normal/arm64/Hub_const_extract_protocols.json

WriteAuxiliaryFile /Users/jamesalford/Library/Developer/Xcode/DerivedData/NotedCore-ftviuoyqruynvwbzbngenbwxsygv/Build/Intermediates.noindex/swift-transformers.build/Debug-iphonesimulator/Hub.build/Objects-normal/arm64/Hub.LinkFileList (in target 'Hub' from project 'swift-transformers')
    cd /Users/jamesalford/Library/Developer/Xcode/DerivedData/NotedCore-ftviuoyqruynvwbzbngenbwxsygv/SourcePackages/checkouts/swift-transformers
    write-file /Users/jamesalford/Library/Developer/Xcode/DerivedData/NotedCore-ftviuoyqruynvwbzbngenbwxsygv/Build/Intermediates.noindex/swift-transformers.build/Debug-iphonesimulator/Hub.build/Objects-normal/arm64/Hub.LinkFileList

WriteAuxiliaryFile /Users/jamesalford/Library/Developer/Xcode/DerivedData/NotedCore-ftviuoyqruynvwbzbngenbwxsygv/Build/Intermediates.noindex/swift-transformers.build/Debug-iphonesimulator/Hub.build/Objects-normal/arm64/Hub.SwiftFileList (in target 'Hub' from project 'swift-transformers')
    cd /Users/jamesalford/Library/Developer/Xcode/DerivedData/NotedCore-ftviuoyqruynvwbzbngenbwxsygv/SourcePackages/checkouts/swift-transformers
    write-file /Users/jamesalford/Library/Developer/Xcode/DerivedData/NotedCore-ftviuoyqruynvwbzbngenbwxsygv/Build/Intermediates.noindex/swift-transformers.build/Debug-iphonesimulator/Hub.build/Objects-normal/arm64/Hub.SwiftFileList

WriteAuxiliaryFile /Users/jamesalford/Library/Developer/Xcode/DerivedData/NotedCore-ftviuoyqruynvwbzbngenbwxsygv/Build/Intermediates.noindex/swift-transformers.build/Debug-iphonesimulator/Hub.build/Objects-normal/arm64/Hub-OutputFileMap.json (in target 'Hub' from project 'swift-transformers')
    cd /Users/jamesalford/Library/Developer/Xcode/DerivedData/NotedCore-ftviuoyqruynvwbzbngenbwxsygv/SourcePackages/checkouts/swift-transformers
    write-file /Users/jamesalford/Library/Developer/Xcode/DerivedData/NotedCore-ftviuoyqruynvwbzbngenbwxsygv/Build/Intermediates.noindex/swift-transformers.build/Debug-iphonesimulator/Hub.build/Objects-normal/arm64/Hub-OutputFileMap.json

WriteAuxiliaryFile /Users/jamesalford/Library/Developer/Xcode/DerivedData/NotedCore-ftviuoyqruynvwbzbngenbwxsygv/Build/Intermediates.noindex/swift-transformers.build/Debug-iphonesimulator/Hub.build/Objects-normal/arm64/Hub.SwiftConstValuesFileList (in target 'Hub' from project 'swift-transformers')
    cd /Users/jamesalford/Library/Developer/Xcode/DerivedData/NotedCore-ftviuoyqruynvwbzbngenbwxsygv/SourcePackages/checkouts/swift-transformers
    write-file /Users/jamesalford/Library/Developer/Xcode/DerivedData/NotedCore-ftviuoyqruynvwbzbngenbwxsygv/Build/Intermediates.noindex/swift-transformers.build/Debug-iphonesimulator/Hub.build/Objects-normal/arm64/Hub.SwiftConstValuesFileList

WriteAuxiliaryFile /Users/jamesalford/Library/Developer/Xcode/DerivedData/NotedCore-ftviuoyqruynvwbzbngenbwxsygv/Build/Intermediates.noindex/swift-transformers.build/Debug-iphonesimulator/Hub.build/Hub.DependencyStaticMetadataFileList (in target 'Hub' from project 'swift-transformers')
    cd /Users/jamesalford/Library/Developer/Xcode/DerivedData/NotedCore-ftviuoyqruynvwbzbngenbwxsygv/SourcePackages/checkouts/swift-transformers
    write-file /Users/jamesalford/Library/Developer/Xcode/DerivedData/NotedCore-ftviuoyqruynvwbzbngenbwxsygv/Build/Intermediates.noindex/swift-transformers.build/Debug-iphonesimulator/Hub.build/Hub.DependencyStaticMetadataFileList

WriteAuxiliaryFile /Users/jamesalford/Library/Developer/Xcode/DerivedData/NotedCore-ftviuoyqruynvwbzbngenbwxsygv/Build/Intermediates.noindex/swift-transformers.build/Debug-iphonesimulator/Hub.build/Hub.DependencyMetadataFileList (in target 'Hub' from project 'swift-transformers')
    cd /Users/jamesalford/Library/Developer/Xcode/DerivedData/NotedCore-ftviuoyqruynvwbzbngenbwxsygv/SourcePackages/checkouts/swift-transformers
    write-file /Users/jamesalford/Library/Developer/Xcode/DerivedData/NotedCore-ftviuoyqruynvwbzbngenbwxsygv/Build/Intermediates.noindex/swift-transformers.build/Debug-iphonesimulator/Hub.build/Hub.DependencyMetadataFileList

Copy /Users/jamesalford/Library/Developer/Xcode/DerivedData/NotedCore-ftviuoyqruynvwbzbngenbwxsygv/Build/Intermediates.noindex/GeneratedModuleMaps-iphonesimulator/MLXNN.modulemap /Users/jamesalford/Library/Developer/Xcode/DerivedData/NotedCore-ftviuoyqruynvwbzbngenbwxsygv/Build/Intermediates.noindex/mlx-swift.build/Debug-iphonesimulator/MLXNN.build/MLXNN.modulemap (in target 'MLXNN' from project 'mlx-swift')
    cd /Users/jamesalford/Library/Developer/Xcode/DerivedData/NotedCore-ftviuoyqruynvwbzbngenbwxsygv/SourcePackages/checkouts/mlx-swift
    builtin-copy -exclude .DS_Store -exclude CVS -exclude .svn -exclude .git -exclude .hg -resolve-src-symlinks /Users/jamesalford/Library/Developer/Xcode/DerivedData/NotedCore-ftviuoyqruynvwbzbngenbwxsygv/Build/Intermediates.noindex/mlx-swift.build/Debug-iphonesimulator/MLXNN.build/MLXNN.modulemap /Users/jamesalford/Library/Developer/Xcode/DerivedData/NotedCore-ftviuoyqruynvwbzbngenbwxsygv/Build/Intermediates.noindex/GeneratedModuleMaps-iphonesimulator

WriteAuxiliaryFile /Users/jamesalford/Library/Developer/Xcode/DerivedData/NotedCore-ftviuoyqruynvwbzbngenbwxsygv/Build/Intermediates.noindex/swift-transformers.build/Debug-iphonesimulator/Hub.build/DerivedSources/resource_bundle_accessor.swift (in target 'Hub' from project 'swift-transformers')
    cd /Users/jamesalford/Library/Developer/Xcode/DerivedData/NotedCore-ftviuoyqruynvwbzbngenbwxsygv/SourcePackages/checkouts/swift-transformers
    write-file /Users/jamesalford/Library/Developer/Xcode/DerivedData/NotedCore-ftviuoyqruynvwbzbngenbwxsygv/Build/Intermediates.noindex/swift-transformers.build/Debug-iphonesimulator/Hub.build/DerivedSources/resource_bundle_accessor.swift

WriteAuxiliaryFile /Users/jamesalford/Library/Developer/Xcode/DerivedData/NotedCore-ftviuoyqruynvwbzbngenbwxsygv/Build/Intermediates.noindex/mlx-swift.build/Debug-iphonesimulator/Cmlx.build/Objects-normal/arm64/e6072d4f65d7061329687fe24e3d63a7-common-args.resp (in target 'Cmlx' from project 'mlx-swift')
    cd /Users/jamesalford/Library/Developer/Xcode/DerivedData/NotedCore-ftviuoyqruynvwbzbngenbwxsygv/SourcePackages/checkouts/mlx-swift
    write-file /Users/jamesalford/Library/Developer/Xcode/DerivedData/NotedCore-ftviuoyqruynvwbzbngenbwxsygv/Build/Intermediates.noindex/mlx-swift.build/Debug-iphonesimulator/Cmlx.build/Objects-normal/arm64/e6072d4f65d7061329687fe24e3d63a7-common-args.resp
-target arm64-apple-ios16.0-simulator -fobjc-arc -fmodules -gmodules '-fmodules-cache-path=/Users/jamesalford/Library/Developer/Xcode/DerivedData/ModuleCache.noindex' '-fmodule-name=Cmlx' -fpascal-strings -O0 -DSWIFT_PACKAGE '-DDEBUG=1' -DMLX_USE_ACCELERATE -DACCELERATE_NEW_LAPACK -D_METAL_ '-DSWIFTPM_BUNDLE="mlx-swift_Cmlx"' '-DMETAL_PATH="default.metallib"' '-DMLX_VERSION="0.24.2"' '-DOBJC_OLD_DISPATCH_PROTOTYPES=1' -isysroot /Applications/Xcode.app/Contents/Developer/Platforms/iPhoneSimulator.platform/Developer/SDKs/iPhoneSimulator26.0.sdk -g '-fobjc-abi-version=2' -fobjc-legacy-dispatch -fprofile-instr-generate -fcoverage-mapping -I/Users/jamesalford/Library/Developer/Xcode/DerivedData/NotedCore-ftviuoyqruynvwbzbngenbwxsygv/Build/Products/Debug-iphonesimulator/include -I/Users/jamesalford/Library/Developer/Xcode/DerivedData/NotedCore-ftviuoyqruynvwbzbngenbwxsygv/SourcePackages/checkouts/mlx-swift/Source/Cmlx/include -I/Users/jamesalford/Library/Developer/Xcode/DerivedData/NotedCore-ftviuoyqruynvwbzbngenbwxsygv/SourcePackages/checkouts/mlx-swift/Source/Cmlx/mlx -I/Users/jamesalford/Library/Developer/Xcode/DerivedData/NotedCore-ftviuoyqruynvwbzbngenbwxsygv/SourcePackages/checkouts/mlx-swift/Source/Cmlx/mlx-c -I/Users/jamesalford/Library/Developer/Xcode/DerivedData/NotedCore-ftviuoyqruynvwbzbngenbwxsygv/SourcePackages/checkouts/mlx-swift/Source/Cmlx/mlx -I/Users/jamesalford/Library/Developer/Xcode/DerivedData/NotedCore-ftviuoyqruynvwbzbngenbwxsygv/SourcePackages/checkouts/mlx-swift/Source/Cmlx/mlx-c -I/Users/jamesalford/Library/Developer/Xcode/DerivedData/NotedCore-ftviuoyqruynvwbzbngenbwxsygv/SourcePackages/checkouts/mlx-swift/Source/Cmlx/metal-cpp -I/Users/jamesalford/Library/Developer/Xcode/DerivedData/NotedCore-ftviuoyqruynvwbzbngenbwxsygv/SourcePackages/checkouts/mlx-swift/Source/Cmlx/json/single_include/nlohmann -I/Users/jamesalford/Library/Developer/Xcode/DerivedData/NotedCore-ftviuoyqruynvwbzbngenbwxsygv/SourcePackages/checkouts/mlx-swift/Source/Cmlx/fmt/include -I/Users/jamesalford/Library/Developer/Xcode/DerivedData/NotedCore-ftviuoyqruynvwbzbngenbwxsygv/Build/Intermediates.noindex/mlx-swift.build/Debug-iphonesimulator/Cmlx.build/DerivedSources-normal/arm64 -I/Users/jamesalford/Library/Developer/Xcode/DerivedData/NotedCore-ftviuoyqruynvwbzbngenbwxsygv/Build/Intermediates.noindex/mlx-swift.build/Debug-iphonesimulator/Cmlx.build/DerivedSources/arm64 -I/Users/jamesalford/Library/Developer/Xcode/DerivedData/NotedCore-ftviuoyqruynvwbzbngenbwxsygv/Build/Intermediates.noindex/mlx-swift.build/Debug-iphonesimulator/Cmlx.build/DerivedSources -F/Users/jamesalford/Library/Developer/Xcode/DerivedData/NotedCore-ftviuoyqruynvwbzbngenbwxsygv/Build/Products/Debug-iphonesimulator -iframework /Applications/Xcode.app/Contents/Developer/Platforms/iPhoneSimulator.platform/Developer/Library/Frameworks -iframework /Applications/Xcode.app/Contents/Developer/Platforms/iPhoneSimulator.platform/Developer/SDKs/iPhoneSimulator26.0.sdk/Developer/Library/Frameworks -DXcode

WriteAuxiliaryFile /Users/jamesalford/Library/Developer/Xcode/DerivedData/NotedCore-ftviuoyqruynvwbzbngenbwxsygv/Build/Intermediates.noindex/mlx-swift.build/Debug-iphonesimulator/Cmlx.build/Objects-normal/arm64/Cmlx.LinkFileList (in target 'Cmlx' from project 'mlx-swift')
    cd /Users/jamesalford/Library/Developer/Xcode/DerivedData/NotedCore-ftviuoyqruynvwbzbngenbwxsygv/SourcePackages/checkouts/mlx-swift
    write-file /Users/jamesalford/Library/Developer/Xcode/DerivedData/NotedCore-ftviuoyqruynvwbzbngenbwxsygv/Build/Intermediates.noindex/mlx-swift.build/Debug-iphonesimulator/Cmlx.build/Objects-normal/arm64/Cmlx.LinkFileList

WriteAuxiliaryFile /Users/jamesalford/Library/Developer/Xcode/DerivedData/NotedCore-ftviuoyqruynvwbzbngenbwxsygv/Build/Intermediates.noindex/mlx-swift.build/Debug-iphonesimulator/Cmlx.build/Objects-normal/arm64/82b82416624d2658e5098eb0a28c15c5-common-args.resp (in target 'Cmlx' from project 'mlx-swift')
    cd /Users/jamesalford/Library/Developer/Xcode/DerivedData/NotedCore-ftviuoyqruynvwbzbngenbwxsygv/SourcePackages/checkouts/mlx-swift
    write-file /Users/jamesalford/Library/Developer/Xcode/DerivedData/NotedCore-ftviuoyqruynvwbzbngenbwxsygv/Build/Intermediates.noindex/mlx-swift.build/Debug-iphonesimulator/Cmlx.build/Objects-normal/arm64/82b82416624d2658e5098eb0a28c15c5-common-args.resp
-target arm64-apple-ios16.0-simulator '-std=gnu++17' -fmodules -fno-cxx-modules -gmodules '-fmodules-cache-path=/Users/jamesalford/Library/Developer/Xcode/DerivedData/ModuleCache.noindex' '-fmodule-name=Cmlx' '-D_LIBCPP_HARDENING_MODE=_LIBCPP_HARDENING_MODE_DEBUG' -fpascal-strings -O0 -DSWIFT_PACKAGE '-DDEBUG=1' -DMLX_USE_ACCELERATE -DACCELERATE_NEW_LAPACK -D_METAL_ '-DSWIFTPM_BUNDLE="mlx-swift_Cmlx"' '-DMETAL_PATH="default.metallib"' '-DMLX_VERSION="0.24.2"' -isysroot /Applications/Xcode.app/Contents/Developer/Platforms/iPhoneSimulator.platform/Developer/SDKs/iPhoneSimulator26.0.sdk -g -fvisibility-inlines-hidden -fprofile-instr-generate -fcoverage-mapping -I/Users/jamesalford/Library/Developer/Xcode/DerivedData/NotedCore-ftviuoyqruynvwbzbngenbwxsygv/Build/Products/Debug-iphonesimulator/include -I/Users/jamesalford/Library/Developer/Xcode/DerivedData/NotedCore-ftviuoyqruynvwbzbngenbwxsygv/SourcePackages/checkouts/mlx-swift/Source/Cmlx/include -I/Users/jamesalford/Library/Developer/Xcode/DerivedData/NotedCore-ftviuoyqruynvwbzbngenbwxsygv/SourcePackages/checkouts/mlx-swift/Source/Cmlx/mlx -I/Users/jamesalford/Library/Developer/Xcode/DerivedData/NotedCore-ftviuoyqruynvwbzbngenbwxsygv/SourcePackages/checkouts/mlx-swift/Source/Cmlx/mlx-c -I/Users/jamesalford/Library/Developer/Xcode/DerivedData/NotedCore-ftviuoyqruynvwbzbngenbwxsygv/SourcePackages/checkouts/mlx-swift/Source/Cmlx/mlx -I/Users/jamesalford/Library/Developer/Xcode/DerivedData/NotedCore-ftviuoyqruynvwbzbngenbwxsygv/SourcePackages/checkouts/mlx-swift/Source/Cmlx/mlx-c -I/Users/jamesalford/Library/Developer/Xcode/DerivedData/NotedCore-ftviuoyqruynvwbzbngenbwxsygv/SourcePackages/checkouts/mlx-swift/Source/Cmlx/metal-cpp -I/Users/jamesalford/Library/Developer/Xcode/DerivedData/NotedCore-ftviuoyqruynvwbzbngenbwxsygv/SourcePackages/checkouts/mlx-swift/Source/Cmlx/json/single_include/nlohmann -I/Users/jamesalford/Library/Developer/Xcode/DerivedData/NotedCore-ftviuoyqruynvwbzbngenbwxsygv/SourcePackages/checkouts/mlx-swift/Source/Cmlx/fmt/include -I/Users/jamesalford/Library/Developer/Xcode/DerivedData/NotedCore-ftviuoyqruynvwbzbngenbwxsygv/Build/Intermediates.noindex/mlx-swift.build/Debug-iphonesimulator/Cmlx.build/DerivedSources-normal/arm64 -I/Users/jamesalford/Library/Developer/Xcode/DerivedData/NotedCore-ftviuoyqruynvwbzbngenbwxsygv/Build/Intermediates.noindex/mlx-swift.build/Debug-iphonesimulator/Cmlx.build/DerivedSources/arm64 -I/Users/jamesalford/Library/Developer/Xcode/DerivedData/NotedCore-ftviuoyqruynvwbzbngenbwxsygv/Build/Intermediates.noindex/mlx-swift.build/Debug-iphonesimulator/Cmlx.build/DerivedSources -F/Users/jamesalford/Library/Developer/Xcode/DerivedData/NotedCore-ftviuoyqruynvwbzbngenbwxsygv/Build/Products/Debug-iphonesimulator -iframework /Applications/Xcode.app/Contents/Developer/Platforms/iPhoneSimulator.platform/Developer/Library/Frameworks -iframework /Applications/Xcode.app/Contents/Developer/Platforms/iPhoneSimulator.platform/Developer/SDKs/iPhoneSimulator26.0.sdk/Developer/Library/Frameworks -DXcode

Copy /Users/jamesalford/Library/Developer/Xcode/DerivedData/NotedCore-ftviuoyqruynvwbzbngenbwxsygv/Build/Intermediates.noindex/GeneratedModuleMaps-iphonesimulator/Hub.modulemap /Users/jamesalford/Library/Developer/Xcode/DerivedData/NotedCore-ftviuoyqruynvwbzbngenbwxsygv/Build/Intermediates.noindex/swift-transformers.build/Debug-iphonesimulator/Hub.build/Hub.modulemap (in target 'Hub' from project 'swift-transformers')
    cd /Users/jamesalford/Library/Developer/Xcode/DerivedData/NotedCore-ftviuoyqruynvwbzbngenbwxsygv/SourcePackages/checkouts/swift-transformers
    builtin-copy -exclude .DS_Store -exclude CVS -exclude .svn -exclude .git -exclude .hg -resolve-src-symlinks /Users/jamesalford/Library/Developer/Xcode/DerivedData/NotedCore-ftviuoyqruynvwbzbngenbwxsygv/Build/Intermediates.noindex/swift-transformers.build/Debug-iphonesimulator/Hub.build/Hub.modulemap /Users/jamesalford/Library/Developer/Xcode/DerivedData/NotedCore-ftviuoyqruynvwbzbngenbwxsygv/Build/Intermediates.noindex/GeneratedModuleMaps-iphonesimulator

WriteAuxiliaryFile /Users/jamesalford/Library/Developer/Xcode/DerivedData/NotedCore-ftviuoyqruynvwbzbngenbwxsygv/Build/Intermediates.noindex/mlx-swift.build/Debug-iphonesimulator/Cmlx.build/Cmlx.DependencyStaticMetadataFileList (in target 'Cmlx' from project 'mlx-swift')
    cd /Users/jamesalford/Library/Developer/Xcode/DerivedData/NotedCore-ftviuoyqruynvwbzbngenbwxsygv/SourcePackages/checkouts/mlx-swift
    write-file /Users/jamesalford/Library/Developer/Xcode/DerivedData/NotedCore-ftviuoyqruynvwbzbngenbwxsygv/Build/Intermediates.noindex/mlx-swift.build/Debug-iphonesimulator/Cmlx.build/Cmlx.DependencyStaticMetadataFileList

WriteAuxiliaryFile /Users/jamesalford/Library/Developer/Xcode/DerivedData/NotedCore-ftviuoyqruynvwbzbngenbwxsygv/Build/Intermediates.noindex/mlx-swift.build/Debug-iphonesimulator/Cmlx.build/Cmlx.DependencyMetadataFileList (in target 'Cmlx' from project 'mlx-swift')
    cd /Users/jamesalford/Library/Developer/Xcode/DerivedData/NotedCore-ftviuoyqruynvwbzbngenbwxsygv/SourcePackages/checkouts/mlx-swift
    write-file /Users/jamesalford/Library/Developer/Xcode/DerivedData/NotedCore-ftviuoyqruynvwbzbngenbwxsygv/Build/Intermediates.noindex/mlx-swift.build/Debug-iphonesimulator/Cmlx.build/Cmlx.DependencyMetadataFileList

WriteAuxiliaryFile /Users/jamesalford/Library/Developer/Xcode/DerivedData/NotedCore-ftviuoyqruynvwbzbngenbwxsygv/Build/Intermediates.noindex/mlx-swift.build/Debug-iphonesimulator/Cmlx.build/DerivedSources/resource_bundle_accessor.h (in target 'Cmlx' from project 'mlx-swift')
    cd /Users/jamesalford/Library/Developer/Xcode/DerivedData/NotedCore-ftviuoyqruynvwbzbngenbwxsygv/SourcePackages/checkouts/mlx-swift
    write-file /Users/jamesalford/Library/Developer/Xcode/DerivedData/NotedCore-ftviuoyqruynvwbzbngenbwxsygv/Build/Intermediates.noindex/mlx-swift.build/Debug-iphonesimulator/Cmlx.build/DerivedSources/resource_bundle_accessor.h

WriteAuxiliaryFile /Users/jamesalford/Library/Developer/Xcode/DerivedData/NotedCore-ftviuoyqruynvwbzbngenbwxsygv/Build/Intermediates.noindex/mlx-swift.build/Debug-iphonesimulator/Cmlx.build/DerivedSources/resource_bundle_accessor.m (in target 'Cmlx' from project 'mlx-swift')
    cd /Users/jamesalford/Library/Developer/Xcode/DerivedData/NotedCore-ftviuoyqruynvwbzbngenbwxsygv/SourcePackages/checkouts/mlx-swift
    write-file /Users/jamesalford/Library/Developer/Xcode/DerivedData/NotedCore-ftviuoyqruynvwbzbngenbwxsygv/Build/Intermediates.noindex/mlx-swift.build/Debug-iphonesimulator/Cmlx.build/DerivedSources/resource_bundle_accessor.m

MkDir /Users/jamesalford/Library/Developer/Xcode/DerivedData/NotedCore-ftviuoyqruynvwbzbngenbwxsygv/Build/Products/Debug-iphonesimulator/swift-transformers_Hub.bundle (in target 'swift-transformers_Hub' from project 'swift-transformers')
    cd /Users/jamesalford/Library/Developer/Xcode/DerivedData/NotedCore-ftviuoyqruynvwbzbngenbwxsygv/SourcePackages/checkouts/swift-transformers
    /bin/mkdir -p /Users/jamesalford/Library/Developer/Xcode/DerivedData/NotedCore-ftviuoyqruynvwbzbngenbwxsygv/Build/Products/Debug-iphonesimulator/swift-transformers_Hub.bundle

MkDir /Users/jamesalford/Library/Developer/Xcode/DerivedData/NotedCore-ftviuoyqruynvwbzbngenbwxsygv/Build/Products/Debug-iphonesimulator/mlx-swift_Cmlx.bundle (in target 'mlx-swift_Cmlx' from project 'mlx-swift')
    cd /Users/jamesalford/Library/Developer/Xcode/DerivedData/NotedCore-ftviuoyqruynvwbzbngenbwxsygv/SourcePackages/checkouts/mlx-swift
    /bin/mkdir -p /Users/jamesalford/Library/Developer/Xcode/DerivedData/NotedCore-ftviuoyqruynvwbzbngenbwxsygv/Build/Products/Debug-iphonesimulator/mlx-swift_Cmlx.bundle

MkDir /Users/jamesalford/Library/Developer/Xcode/DerivedData/NotedCore-ftviuoyqruynvwbzbngenbwxsygv/Build/Products/Debug-iphonesimulator/PackageFrameworks/WhisperKit.framework (in target 'WhisperKit' from project 'whisperkit')
    cd /Users/jamesalford/Library/Developer/Xcode/DerivedData/NotedCore-ftviuoyqruynvwbzbngenbwxsygv/SourcePackages/checkouts/WhisperKit
    /bin/mkdir -p /Users/jamesalford/Library/Developer/Xcode/DerivedData/NotedCore-ftviuoyqruynvwbzbngenbwxsygv/Build/Products/Debug-iphonesimulator/PackageFrameworks/WhisperKit.framework

MkDir /Users/jamesalford/Library/Developer/Xcode/DerivedData/NotedCore-ftviuoyqruynvwbzbngenbwxsygv/Build/Products/Debug-iphonesimulator/PackageFrameworks/Transformers_79FFCAD726DD9D12_PackageProduct.framework (in target 'Transformers' from project 'swift-transformers')
    cd /Users/jamesalford/Library/Developer/Xcode/DerivedData/NotedCore-ftviuoyqruynvwbzbngenbwxsygv/SourcePackages/checkouts/swift-transformers
    /bin/mkdir -p /Users/jamesalford/Library/Developer/Xcode/DerivedData/NotedCore-ftviuoyqruynvwbzbngenbwxsygv/Build/Products/Debug-iphonesimulator/PackageFrameworks/Transformers_79FFCAD726DD9D12_PackageProduct.framework

MkDir /Users/jamesalford/Library/Developer/Xcode/DerivedData/NotedCore-ftviuoyqruynvwbzbngenbwxsygv/Build/Products/Debug-iphonesimulator/PackageFrameworks/OrderedCollections_1222128174265B56_PackageProduct.framework (in target 'OrderedCollections' from project 'swift-collections')
    cd /Users/jamesalford/Library/Developer/Xcode/DerivedData/NotedCore-ftviuoyqruynvwbzbngenbwxsygv/SourcePackages/checkouts/swift-collections
    /bin/mkdir -p /Users/jamesalford/Library/Developer/Xcode/DerivedData/NotedCore-ftviuoyqruynvwbzbngenbwxsygv/Build/Products/Debug-iphonesimulator/PackageFrameworks/OrderedCollections_1222128174265B56_PackageProduct.framework

MkDir /Users/jamesalford/Library/Developer/Xcode/DerivedData/NotedCore-ftviuoyqruynvwbzbngenbwxsygv/Build/Products/Debug-watchsimulator/NotedWatch\ Watch\ App.app (in target 'NotedWatch Watch App' from project 'NotedCore')
    cd /Users/jamesalford/Documents/NotedCore
    /bin/mkdir -p /Users/jamesalford/Library/Developer/Xcode/DerivedData/NotedCore-ftviuoyqruynvwbzbngenbwxsygv/Build/Products/Debug-watchsimulator/NotedWatch\ Watch\ App.app

MkDir /Users/jamesalford/Library/Developer/Xcode/DerivedData/NotedCore-ftviuoyqruynvwbzbngenbwxsygv/Build/Products/Debug-iphonesimulator/NotedCore.app (in target 'NotedCore' from project 'NotedCore')
    cd /Users/jamesalford/Documents/NotedCore
    /bin/mkdir -p /Users/jamesalford/Library/Developer/Xcode/DerivedData/NotedCore-ftviuoyqruynvwbzbngenbwxsygv/Build/Products/Debug-iphonesimulator/NotedCore.app

MkDir /Users/jamesalford/Library/Developer/Xcode/DerivedData/NotedCore-ftviuoyqruynvwbzbngenbwxsygv/Build/Products/Debug-iphonesimulator/NotedCore.app/Frameworks (in target 'NotedCore' from project 'NotedCore')
    cd /Users/jamesalford/Documents/NotedCore
    /bin/mkdir -p /Users/jamesalford/Library/Developer/Xcode/DerivedData/NotedCore-ftviuoyqruynvwbzbngenbwxsygv/Build/Products/Debug-iphonesimulator/NotedCore.app/Frameworks

MkDir /Users/jamesalford/Library/Developer/Xcode/DerivedData/NotedCore-ftviuoyqruynvwbzbngenbwxsygv/Build/Products/Debug-iphonesimulator/PackageFrameworks/Jinja_C5899F34211_PackageProduct.framework (in target 'Jinja' from project 'Jinja')
    cd /Users/jamesalford/Library/Developer/Xcode/DerivedData/NotedCore-ftviuoyqruynvwbzbngenbwxsygv/SourcePackages/checkouts/Jinja
    /bin/mkdir -p /Users/jamesalford/Library/Developer/Xcode/DerivedData/NotedCore-ftviuoyqruynvwbzbngenbwxsygv/Build/Products/Debug-iphonesimulator/PackageFrameworks/Jinja_C5899F34211_PackageProduct.framework

WriteAuxiliaryFile /Users/jamesalford/Library/Developer/Xcode/DerivedData/NotedCore-ftviuoyqruynvwbzbngenbwxsygv/Build/Intermediates.noindex/mlx-swift.build/Debug-iphonesimulator/MLXLinalg.build/MLXLinalg.modulemap (in target 'MLXLinalg' from project 'mlx-swift')
    cd /Users/jamesalford/Library/Developer/Xcode/DerivedData/NotedCore-ftviuoyqruynvwbzbngenbwxsygv/SourcePackages/checkouts/mlx-swift
    write-file /Users/jamesalford/Library/Developer/Xcode/DerivedData/NotedCore-ftviuoyqruynvwbzbngenbwxsygv/Build/Intermediates.noindex/mlx-swift.build/Debug-iphonesimulator/MLXLinalg.build/MLXLinalg.modulemap

WriteAuxiliaryFile /Users/jamesalford/Library/Developer/Xcode/DerivedData/NotedCore-ftviuoyqruynvwbzbngenbwxsygv/Build/Intermediates.noindex/mlx-swift.build/Debug-iphonesimulator/MLXLinalg.build/MLXLinalg.DependencyStaticMetadataFileList (in target 'MLXLinalg' from project 'mlx-swift')
    cd /Users/jamesalford/Library/Developer/Xcode/DerivedData/NotedCore-ftviuoyqruynvwbzbngenbwxsygv/SourcePackages/checkouts/mlx-swift
    write-file /Users/jamesalford/Library/Developer/Xcode/DerivedData/NotedCore-ftviuoyqruynvwbzbngenbwxsygv/Build/Intermediates.noindex/mlx-swift.build/Debug-iphonesimulator/MLXLinalg.build/MLXLinalg.DependencyStaticMetadataFileList

WriteAuxiliaryFile /Users/jamesalford/Library/Developer/Xcode/DerivedData/NotedCore-ftviuoyqruynvwbzbngenbwxsygv/Build/Intermediates.noindex/mlx-swift.build/Debug-iphonesimulator/MLXLinalg.build/MLXLinalg.DependencyMetadataFileList (in target 'MLXLinalg' from project 'mlx-swift')
    cd /Users/jamesalford/Library/Developer/Xcode/DerivedData/NotedCore-ftviuoyqruynvwbzbngenbwxsygv/SourcePackages/checkouts/mlx-swift
    write-file /Users/jamesalford/Library/Developer/Xcode/DerivedData/NotedCore-ftviuoyqruynvwbzbngenbwxsygv/Build/Intermediates.noindex/mlx-swift.build/Debug-iphonesimulator/MLXLinalg.build/MLXLinalg.DependencyMetadataFileList

WriteAuxiliaryFile /Users/jamesalford/Library/Developer/Xcode/DerivedData/NotedCore-ftviuoyqruynvwbzbngenbwxsygv/Build/Intermediates.noindex/mlx-swift.build/Debug-iphonesimulator/MLXLinalg.build/Objects-normal/arm64/MLXLinalg_const_extract_protocols.json (in target 'MLXLinalg' from project 'mlx-swift')
    cd /Users/jamesalford/Library/Developer/Xcode/DerivedData/NotedCore-ftviuoyqruynvwbzbngenbwxsygv/SourcePackages/checkouts/mlx-swift
    write-file /Users/jamesalford/Library/Developer/Xcode/DerivedData/NotedCore-ftviuoyqruynvwbzbngenbwxsygv/Build/Intermediates.noindex/mlx-swift.build/Debug-iphonesimulator/MLXLinalg.build/Objects-normal/arm64/MLXLinalg_const_extract_protocols.json

WriteAuxiliaryFile /Users/jamesalford/Library/Developer/Xcode/DerivedData/NotedCore-ftviuoyqruynvwbzbngenbwxsygv/Build/Intermediates.noindex/mlx-swift.build/Debug-iphonesimulator/MLXLinalg.build/Objects-normal/arm64/MLXLinalg-OutputFileMap.json (in target 'MLXLinalg' from project 'mlx-swift')
    cd /Users/jamesalford/Library/Developer/Xcode/DerivedData/NotedCore-ftviuoyqruynvwbzbngenbwxsygv/SourcePackages/checkouts/mlx-swift
    write-file /Users/jamesalford/Library/Developer/Xcode/DerivedData/NotedCore-ftviuoyqruynvwbzbngenbwxsygv/Build/Intermediates.noindex/mlx-swift.build/Debug-iphonesimulator/MLXLinalg.build/Objects-normal/arm64/MLXLinalg-OutputFileMap.json

WriteAuxiliaryFile /Users/jamesalford/Library/Developer/Xcode/DerivedData/NotedCore-ftviuoyqruynvwbzbngenbwxsygv/Build/Intermediates.noindex/mlx-swift.build/Debug-iphonesimulator/MLXLinalg.build/Objects-normal/arm64/MLXLinalg.SwiftFileList (in target 'MLXLinalg' from project 'mlx-swift')
    cd /Users/jamesalford/Library/Developer/Xcode/DerivedData/NotedCore-ftviuoyqruynvwbzbngenbwxsygv/SourcePackages/checkouts/mlx-swift
    write-file /Users/jamesalford/Library/Developer/Xcode/DerivedData/NotedCore-ftviuoyqruynvwbzbngenbwxsygv/Build/Intermediates.noindex/mlx-swift.build/Debug-iphonesimulator/MLXLinalg.build/Objects-normal/arm64/MLXLinalg.SwiftFileList

WriteAuxiliaryFile /Users/jamesalford/Library/Developer/Xcode/DerivedData/NotedCore-ftviuoyqruynvwbzbngenbwxsygv/Build/Intermediates.noindex/mlx-swift.build/Debug-iphonesimulator/MLXLinalg.build/Objects-normal/arm64/MLXLinalg.SwiftConstValuesFileList (in target 'MLXLinalg' from project 'mlx-swift')
    cd /Users/jamesalford/Library/Developer/Xcode/DerivedData/NotedCore-ftviuoyqruynvwbzbngenbwxsygv/SourcePackages/checkouts/mlx-swift
    write-file /Users/jamesalford/Library/Developer/Xcode/DerivedData/NotedCore-ftviuoyqruynvwbzbngenbwxsygv/Build/Intermediates.noindex/mlx-swift.build/Debug-iphonesimulator/MLXLinalg.build/Objects-normal/arm64/MLXLinalg.SwiftConstValuesFileList

WriteAuxiliaryFile /Users/jamesalford/Library/Developer/Xcode/DerivedData/NotedCore-ftviuoyqruynvwbzbngenbwxsygv/Build/Intermediates.noindex/mlx-swift.build/Debug-iphonesimulator/MLXLinalg.build/Objects-normal/arm64/MLXLinalg.LinkFileList (in target 'MLXLinalg' from project 'mlx-swift')
    cd /Users/jamesalford/Library/Developer/Xcode/DerivedData/NotedCore-ftviuoyqruynvwbzbngenbwxsygv/SourcePackages/checkouts/mlx-swift
    write-file /Users/jamesalford/Library/Developer/Xcode/DerivedData/NotedCore-ftviuoyqruynvwbzbngenbwxsygv/Build/Intermediates.noindex/mlx-swift.build/Debug-iphonesimulator/MLXLinalg.build/Objects-normal/arm64/MLXLinalg.LinkFileList

WriteAuxiliaryFile /Users/jamesalford/Library/Developer/Xcode/DerivedData/NotedCore-ftviuoyqruynvwbzbngenbwxsygv/Build/Intermediates.noindex/mlx-swift.build/Debug-iphonesimulator/MLXFast.build/Objects-normal/arm64/MLXFast.SwiftConstValuesFileList (in target 'MLXFast' from project 'mlx-swift')
    cd /Users/jamesalford/Library/Developer/Xcode/DerivedData/NotedCore-ftviuoyqruynvwbzbngenbwxsygv/SourcePackages/checkouts/mlx-swift
    write-file /Users/jamesalford/Library/Developer/Xcode/DerivedData/NotedCore-ftviuoyqruynvwbzbngenbwxsygv/Build/Intermediates.noindex/mlx-swift.build/Debug-iphonesimulator/MLXFast.build/Objects-normal/arm64/MLXFast.SwiftConstValuesFileList

WriteAuxiliaryFile /Users/jamesalford/Library/Developer/Xcode/DerivedData/NotedCore-ftviuoyqruynvwbzbngenbwxsygv/Build/Intermediates.noindex/mlx-swift.build/Debug-iphonesimulator/MLXFast.build/Objects-normal/arm64/MLXFast_const_extract_protocols.json (in target 'MLXFast' from project 'mlx-swift')
    cd /Users/jamesalford/Library/Developer/Xcode/DerivedData/NotedCore-ftviuoyqruynvwbzbngenbwxsygv/SourcePackages/checkouts/mlx-swift
    write-file /Users/jamesalford/Library/Developer/Xcode/DerivedData/NotedCore-ftviuoyqruynvwbzbngenbwxsygv/Build/Intermediates.noindex/mlx-swift.build/Debug-iphonesimulator/MLXFast.build/Objects-normal/arm64/MLXFast_const_extract_protocols.json

WriteAuxiliaryFile /Users/jamesalford/Library/Developer/Xcode/DerivedData/NotedCore-ftviuoyqruynvwbzbngenbwxsygv/Build/Intermediates.noindex/mlx-swift.build/Debug-iphonesimulator/MLXFast.build/Objects-normal/arm64/MLXFast.SwiftFileList (in target 'MLXFast' from project 'mlx-swift')
    cd /Users/jamesalford/Library/Developer/Xcode/DerivedData/NotedCore-ftviuoyqruynvwbzbngenbwxsygv/SourcePackages/checkouts/mlx-swift
    write-file /Users/jamesalford/Library/Developer/Xcode/DerivedData/NotedCore-ftviuoyqruynvwbzbngenbwxsygv/Build/Intermediates.noindex/mlx-swift.build/Debug-iphonesimulator/MLXFast.build/Objects-normal/arm64/MLXFast.SwiftFileList

WriteAuxiliaryFile /Users/jamesalford/Library/Developer/Xcode/DerivedData/NotedCore-ftviuoyqruynvwbzbngenbwxsygv/Build/Intermediates.noindex/mlx-swift.build/Debug-iphonesimulator/MLXFast.build/Objects-normal/arm64/MLXFast.LinkFileList (in target 'MLXFast' from project 'mlx-swift')
    cd /Users/jamesalford/Library/Developer/Xcode/DerivedData/NotedCore-ftviuoyqruynvwbzbngenbwxsygv/SourcePackages/checkouts/mlx-swift
    write-file /Users/jamesalford/Library/Developer/Xcode/DerivedData/NotedCore-ftviuoyqruynvwbzbngenbwxsygv/Build/Intermediates.noindex/mlx-swift.build/Debug-iphonesimulator/MLXFast.build/Objects-normal/arm64/MLXFast.LinkFileList

WriteAuxiliaryFile /Users/jamesalford/Library/Developer/Xcode/DerivedData/NotedCore-ftviuoyqruynvwbzbngenbwxsygv/Build/Intermediates.noindex/mlx-swift.build/Debug-iphonesimulator/MLXFast.build/Objects-normal/arm64/MLXFast-OutputFileMap.json (in target 'MLXFast' from project 'mlx-swift')
    cd /Users/jamesalford/Library/Developer/Xcode/DerivedData/NotedCore-ftviuoyqruynvwbzbngenbwxsygv/SourcePackages/checkouts/mlx-swift
    write-file /Users/jamesalford/Library/Developer/Xcode/DerivedData/NotedCore-ftviuoyqruynvwbzbngenbwxsygv/Build/Intermediates.noindex/mlx-swift.build/Debug-iphonesimulator/MLXFast.build/Objects-normal/arm64/MLXFast-OutputFileMap.json

WriteAuxiliaryFile /Users/jamesalford/Library/Developer/Xcode/DerivedData/NotedCore-ftviuoyqruynvwbzbngenbwxsygv/Build/Intermediates.noindex/mlx-swift.build/Debug-iphonesimulator/MLXFast.build/MLXFast.modulemap (in target 'MLXFast' from project 'mlx-swift')
    cd /Users/jamesalford/Library/Developer/Xcode/DerivedData/NotedCore-ftviuoyqruynvwbzbngenbwxsygv/SourcePackages/checkouts/mlx-swift
    write-file /Users/jamesalford/Library/Developer/Xcode/DerivedData/NotedCore-ftviuoyqruynvwbzbngenbwxsygv/Build/Intermediates.noindex/mlx-swift.build/Debug-iphonesimulator/MLXFast.build/MLXFast.modulemap

WriteAuxiliaryFile /Users/jamesalford/Library/Developer/Xcode/DerivedData/NotedCore-ftviuoyqruynvwbzbngenbwxsygv/Build/Intermediates.noindex/mlx-swift.build/Debug-iphonesimulator/MLXFast.build/MLXFast.DependencyStaticMetadataFileList (in target 'MLXFast' from project 'mlx-swift')
    cd /Users/jamesalford/Library/Developer/Xcode/DerivedData/NotedCore-ftviuoyqruynvwbzbngenbwxsygv/SourcePackages/checkouts/mlx-swift
    write-file /Users/jamesalford/Library/Developer/Xcode/DerivedData/NotedCore-ftviuoyqruynvwbzbngenbwxsygv/Build/Intermediates.noindex/mlx-swift.build/Debug-iphonesimulator/MLXFast.build/MLXFast.DependencyStaticMetadataFileList

WriteAuxiliaryFile /Users/jamesalford/Library/Developer/Xcode/DerivedData/NotedCore-ftviuoyqruynvwbzbngenbwxsygv/Build/Intermediates.noindex/mlx-swift.build/Debug-iphonesimulator/MLXFast.build/MLXFast.DependencyMetadataFileList (in target 'MLXFast' from project 'mlx-swift')
    cd /Users/jamesalford/Library/Developer/Xcode/DerivedData/NotedCore-ftviuoyqruynvwbzbngenbwxsygv/SourcePackages/checkouts/mlx-swift
    write-file /Users/jamesalford/Library/Developer/Xcode/DerivedData/NotedCore-ftviuoyqruynvwbzbngenbwxsygv/Build/Intermediates.noindex/mlx-swift.build/Debug-iphonesimulator/MLXFast.build/MLXFast.DependencyMetadataFileList

WriteAuxiliaryFile /Users/jamesalford/Library/Developer/Xcode/DerivedData/NotedCore-ftviuoyqruynvwbzbngenbwxsygv/Build/Intermediates.noindex/mlx-swift.build/Debug-iphonesimulator/MLXFFT.build/Objects-normal/arm64/MLXFFT.SwiftFileList (in target 'MLXFFT' from project 'mlx-swift')
    cd /Users/jamesalford/Library/Developer/Xcode/DerivedData/NotedCore-ftviuoyqruynvwbzbngenbwxsygv/SourcePackages/checkouts/mlx-swift
    write-file /Users/jamesalford/Library/Developer/Xcode/DerivedData/NotedCore-ftviuoyqruynvwbzbngenbwxsygv/Build/Intermediates.noindex/mlx-swift.build/Debug-iphonesimulator/MLXFFT.build/Objects-normal/arm64/MLXFFT.SwiftFileList

WriteAuxiliaryFile /Users/jamesalford/Library/Developer/Xcode/DerivedData/NotedCore-ftviuoyqruynvwbzbngenbwxsygv/Build/Intermediates.noindex/mlx-swift.build/Debug-iphonesimulator/MLXFFT.build/Objects-normal/arm64/MLXFFT.SwiftConstValuesFileList (in target 'MLXFFT' from project 'mlx-swift')
    cd /Users/jamesalford/Library/Developer/Xcode/DerivedData/NotedCore-ftviuoyqruynvwbzbngenbwxsygv/SourcePackages/checkouts/mlx-swift
    write-file /Users/jamesalford/Library/Developer/Xcode/DerivedData/NotedCore-ftviuoyqruynvwbzbngenbwxsygv/Build/Intermediates.noindex/mlx-swift.build/Debug-iphonesimulator/MLXFFT.build/Objects-normal/arm64/MLXFFT.SwiftConstValuesFileList

WriteAuxiliaryFile /Users/jamesalford/Library/Developer/Xcode/DerivedData/NotedCore-ftviuoyqruynvwbzbngenbwxsygv/Build/Intermediates.noindex/mlx-swift.build/Debug-iphonesimulator/MLXFFT.build/Objects-normal/arm64/MLXFFT.LinkFileList (in target 'MLXFFT' from project 'mlx-swift')
    cd /Users/jamesalford/Library/Developer/Xcode/DerivedData/NotedCore-ftviuoyqruynvwbzbngenbwxsygv/SourcePackages/checkouts/mlx-swift
    write-file /Users/jamesalford/Library/Developer/Xcode/DerivedData/NotedCore-ftviuoyqruynvwbzbngenbwxsygv/Build/Intermediates.noindex/mlx-swift.build/Debug-iphonesimulator/MLXFFT.build/Objects-normal/arm64/MLXFFT.LinkFileList

WriteAuxiliaryFile /Users/jamesalford/Library/Developer/Xcode/DerivedData/NotedCore-ftviuoyqruynvwbzbngenbwxsygv/Build/Intermediates.noindex/mlx-swift.build/Debug-iphonesimulator/MLXFFT.build/Objects-normal/arm64/MLXFFT_const_extract_protocols.json (in target 'MLXFFT' from project 'mlx-swift')
    cd /Users/jamesalford/Library/Developer/Xcode/DerivedData/NotedCore-ftviuoyqruynvwbzbngenbwxsygv/SourcePackages/checkouts/mlx-swift
    write-file /Users/jamesalford/Library/Developer/Xcode/DerivedData/NotedCore-ftviuoyqruynvwbzbngenbwxsygv/Build/Intermediates.noindex/mlx-swift.build/Debug-iphonesimulator/MLXFFT.build/Objects-normal/arm64/MLXFFT_const_extract_protocols.json

Copy /Users/jamesalford/Library/Developer/Xcode/DerivedData/NotedCore-ftviuoyqruynvwbzbngenbwxsygv/Build/Intermediates.noindex/GeneratedModuleMaps-iphonesimulator/MLXLinalg.modulemap /Users/jamesalford/Library/Developer/Xcode/DerivedData/NotedCore-ftviuoyqruynvwbzbngenbwxsygv/Build/Intermediates.noindex/mlx-swift.build/Debug-iphonesimulator/MLXLinalg.build/MLXLinalg.modulemap (in target 'MLXLinalg' from project 'mlx-swift')
    cd /Users/jamesalford/Library/Developer/Xcode/DerivedData/NotedCore-ftviuoyqruynvwbzbngenbwxsygv/SourcePackages/checkouts/mlx-swift
    builtin-copy -exclude .DS_Store -exclude CVS -exclude .svn -exclude .git -exclude .hg -resolve-src-symlinks /Users/jamesalford/Library/Developer/Xcode/DerivedData/NotedCore-ftviuoyqruynvwbzbngenbwxsygv/Build/Intermediates.noindex/mlx-swift.build/Debug-iphonesimulator/MLXLinalg.build/MLXLinalg.modulemap /Users/jamesalford/Library/Developer/Xcode/DerivedData/NotedCore-ftviuoyqruynvwbzbngenbwxsygv/Build/Intermediates.noindex/GeneratedModuleMaps-iphonesimulator

WriteAuxiliaryFile /Users/jamesalford/Library/Developer/Xcode/DerivedData/NotedCore-ftviuoyqruynvwbzbngenbwxsygv/Build/Intermediates.noindex/mlx-swift.build/Debug-iphonesimulator/MLXFFT.build/Objects-normal/arm64/MLXFFT-OutputFileMap.json (in target 'MLXFFT' from project 'mlx-swift')
    cd /Users/jamesalford/Library/Developer/Xcode/DerivedData/NotedCore-ftviuoyqruynvwbzbngenbwxsygv/SourcePackages/checkouts/mlx-swift
    write-file /Users/jamesalford/Library/Developer/Xcode/DerivedData/NotedCore-ftviuoyqruynvwbzbngenbwxsygv/Build/Intermediates.noindex/mlx-swift.build/Debug-iphonesimulator/MLXFFT.build/Objects-normal/arm64/MLXFFT-OutputFileMap.json

WriteAuxiliaryFile /Users/jamesalford/Library/Developer/Xcode/DerivedData/NotedCore-ftviuoyqruynvwbzbngenbwxsygv/Build/Intermediates.noindex/mlx-swift.build/Debug-iphonesimulator/MLXFFT.build/MLXFFT.modulemap (in target 'MLXFFT' from project 'mlx-swift')
    cd /Users/jamesalford/Library/Developer/Xcode/DerivedData/NotedCore-ftviuoyqruynvwbzbngenbwxsygv/SourcePackages/checkouts/mlx-swift
    write-file /Users/jamesalford/Library/Developer/Xcode/DerivedData/NotedCore-ftviuoyqruynvwbzbngenbwxsygv/Build/Intermediates.noindex/mlx-swift.build/Debug-iphonesimulator/MLXFFT.build/MLXFFT.modulemap

WriteAuxiliaryFile /Users/jamesalford/Library/Developer/Xcode/DerivedData/NotedCore-ftviuoyqruynvwbzbngenbwxsygv/Build/Intermediates.noindex/mlx-swift.build/Debug-iphonesimulator/MLXFFT.build/MLXFFT.DependencyStaticMetadataFileList (in target 'MLXFFT' from project 'mlx-swift')
    cd /Users/jamesalford/Library/Developer/Xcode/DerivedData/NotedCore-ftviuoyqruynvwbzbngenbwxsygv/SourcePackages/checkouts/mlx-swift
    write-file /Users/jamesalford/Library/Developer/Xcode/DerivedData/NotedCore-ftviuoyqruynvwbzbngenbwxsygv/Build/Intermediates.noindex/mlx-swift.build/Debug-iphonesimulator/MLXFFT.build/MLXFFT.DependencyStaticMetadataFileList

WriteAuxiliaryFile /Users/jamesalford/Library/Developer/Xcode/DerivedData/NotedCore-ftviuoyqruynvwbzbngenbwxsygv/Build/Intermediates.noindex/mlx-swift.build/Debug-iphonesimulator/MLXFFT.build/MLXFFT.DependencyMetadataFileList (in target 'MLXFFT' from project 'mlx-swift')
    cd /Users/jamesalford/Library/Developer/Xcode/DerivedData/NotedCore-ftviuoyqruynvwbzbngenbwxsygv/SourcePackages/checkouts/mlx-swift
    write-file /Users/jamesalford/Library/Developer/Xcode/DerivedData/NotedCore-ftviuoyqruynvwbzbngenbwxsygv/Build/Intermediates.noindex/mlx-swift.build/Debug-iphonesimulator/MLXFFT.build/MLXFFT.DependencyMetadataFileList

WriteAuxiliaryFile /Users/jamesalford/Library/Developer/Xcode/DerivedData/NotedCore-ftviuoyqruynvwbzbngenbwxsygv/Build/Intermediates.noindex/mlx-swift.build/Debug-iphonesimulator/MLX.build/Objects-normal/arm64/MLX_const_extract_protocols.json (in target 'MLX' from project 'mlx-swift')
    cd /Users/jamesalford/Library/Developer/Xcode/DerivedData/NotedCore-ftviuoyqruynvwbzbngenbwxsygv/SourcePackages/checkouts/mlx-swift
    write-file /Users/jamesalford/Library/Developer/Xcode/DerivedData/NotedCore-ftviuoyqruynvwbzbngenbwxsygv/Build/Intermediates.noindex/mlx-swift.build/Debug-iphonesimulator/MLX.build/Objects-normal/arm64/MLX_const_extract_protocols.json

WriteAuxiliaryFile /Users/jamesalford/Library/Developer/Xcode/DerivedData/NotedCore-ftviuoyqruynvwbzbngenbwxsygv/Build/Intermediates.noindex/mlx-swift.build/Debug-iphonesimulator/MLX.build/Objects-normal/arm64/MLX.SwiftFileList (in target 'MLX' from project 'mlx-swift')
    cd /Users/jamesalford/Library/Developer/Xcode/DerivedData/NotedCore-ftviuoyqruynvwbzbngenbwxsygv/SourcePackages/checkouts/mlx-swift
    write-file /Users/jamesalford/Library/Developer/Xcode/DerivedData/NotedCore-ftviuoyqruynvwbzbngenbwxsygv/Build/Intermediates.noindex/mlx-swift.build/Debug-iphonesimulator/MLX.build/Objects-normal/arm64/MLX.SwiftFileList

WriteAuxiliaryFile /Users/jamesalford/Library/Developer/Xcode/DerivedData/NotedCore-ftviuoyqruynvwbzbngenbwxsygv/Build/Intermediates.noindex/mlx-swift.build/Debug-iphonesimulator/MLX.build/Objects-normal/arm64/MLX.SwiftConstValuesFileList (in target 'MLX' from project 'mlx-swift')
    cd /Users/jamesalford/Library/Developer/Xcode/DerivedData/NotedCore-ftviuoyqruynvwbzbngenbwxsygv/SourcePackages/checkouts/mlx-swift
    write-file /Users/jamesalford/Library/Developer/Xcode/DerivedData/NotedCore-ftviuoyqruynvwbzbngenbwxsygv/Build/Intermediates.noindex/mlx-swift.build/Debug-iphonesimulator/MLX.build/Objects-normal/arm64/MLX.SwiftConstValuesFileList

WriteAuxiliaryFile /Users/jamesalford/Library/Developer/Xcode/DerivedData/NotedCore-ftviuoyqruynvwbzbngenbwxsygv/Build/Intermediates.noindex/mlx-swift.build/Debug-iphonesimulator/MLX.build/Objects-normal/arm64/MLX.LinkFileList (in target 'MLX' from project 'mlx-swift')
    cd /Users/jamesalford/Library/Developer/Xcode/DerivedData/NotedCore-ftviuoyqruynvwbzbngenbwxsygv/SourcePackages/checkouts/mlx-swift
    write-file /Users/jamesalford/Library/Developer/Xcode/DerivedData/NotedCore-ftviuoyqruynvwbzbngenbwxsygv/Build/Intermediates.noindex/mlx-swift.build/Debug-iphonesimulator/MLX.build/Objects-normal/arm64/MLX.LinkFileList

Copy /Users/jamesalford/Library/Developer/Xcode/DerivedData/NotedCore-ftviuoyqruynvwbzbngenbwxsygv/Build/Intermediates.noindex/GeneratedModuleMaps-iphonesimulator/MLXFast.modulemap /Users/jamesalford/Library/Developer/Xcode/DerivedData/NotedCore-ftviuoyqruynvwbzbngenbwxsygv/Build/Intermediates.noindex/mlx-swift.build/Debug-iphonesimulator/MLXFast.build/MLXFast.modulemap (in target 'MLXFast' from project 'mlx-swift')
    cd /Users/jamesalford/Library/Developer/Xcode/DerivedData/NotedCore-ftviuoyqruynvwbzbngenbwxsygv/SourcePackages/checkouts/mlx-swift
    builtin-copy -exclude .DS_Store -exclude CVS -exclude .svn -exclude .git -exclude .hg -resolve-src-symlinks /Users/jamesalford/Library/Developer/Xcode/DerivedData/NotedCore-ftviuoyqruynvwbzbngenbwxsygv/Build/Intermediates.noindex/mlx-swift.build/Debug-iphonesimulator/MLXFast.build/MLXFast.modulemap /Users/jamesalford/Library/Developer/Xcode/DerivedData/NotedCore-ftviuoyqruynvwbzbngenbwxsygv/Build/Intermediates.noindex/GeneratedModuleMaps-iphonesimulator

WriteAuxiliaryFile /Users/jamesalford/Library/Developer/Xcode/DerivedData/NotedCore-ftviuoyqruynvwbzbngenbwxsygv/Build/Intermediates.noindex/mlx-swift.build/Debug-iphonesimulator/MLX.build/Objects-normal/arm64/MLX-OutputFileMap.json (in target 'MLX' from project 'mlx-swift')
    cd /Users/jamesalford/Library/Developer/Xcode/DerivedData/NotedCore-ftviuoyqruynvwbzbngenbwxsygv/SourcePackages/checkouts/mlx-swift
    write-file /Users/jamesalford/Library/Developer/Xcode/DerivedData/NotedCore-ftviuoyqruynvwbzbngenbwxsygv/Build/Intermediates.noindex/mlx-swift.build/Debug-iphonesimulator/MLX.build/Objects-normal/arm64/MLX-OutputFileMap.json

WriteAuxiliaryFile /Users/jamesalford/Library/Developer/Xcode/DerivedData/NotedCore-ftviuoyqruynvwbzbngenbwxsygv/Build/Intermediates.noindex/mlx-swift.build/Debug-iphonesimulator/MLX.build/MLX.modulemap (in target 'MLX' from project 'mlx-swift')
    cd /Users/jamesalford/Library/Developer/Xcode/DerivedData/NotedCore-ftviuoyqruynvwbzbngenbwxsygv/SourcePackages/checkouts/mlx-swift
    write-file /Users/jamesalford/Library/Developer/Xcode/DerivedData/NotedCore-ftviuoyqruynvwbzbngenbwxsygv/Build/Intermediates.noindex/mlx-swift.build/Debug-iphonesimulator/MLX.build/MLX.modulemap

WriteAuxiliaryFile /Users/jamesalford/Library/Developer/Xcode/DerivedData/NotedCore-ftviuoyqruynvwbzbngenbwxsygv/Build/Intermediates.noindex/mlx-swift.build/Debug-iphonesimulator/MLX.build/MLX.DependencyStaticMetadataFileList (in target 'MLX' from project 'mlx-swift')
    cd /Users/jamesalford/Library/Developer/Xcode/DerivedData/NotedCore-ftviuoyqruynvwbzbngenbwxsygv/SourcePackages/checkouts/mlx-swift
    write-file /Users/jamesalford/Library/Developer/Xcode/DerivedData/NotedCore-ftviuoyqruynvwbzbngenbwxsygv/Build/Intermediates.noindex/mlx-swift.build/Debug-iphonesimulator/MLX.build/MLX.DependencyStaticMetadataFileList

WriteAuxiliaryFile /Users/jamesalford/Library/Developer/Xcode/DerivedData/NotedCore-ftviuoyqruynvwbzbngenbwxsygv/Build/Intermediates.noindex/mlx-swift.build/Debug-iphonesimulator/MLX.build/MLX.DependencyMetadataFileList (in target 'MLX' from project 'mlx-swift')
    cd /Users/jamesalford/Library/Developer/Xcode/DerivedData/NotedCore-ftviuoyqruynvwbzbngenbwxsygv/SourcePackages/checkouts/mlx-swift
    write-file /Users/jamesalford/Library/Developer/Xcode/DerivedData/NotedCore-ftviuoyqruynvwbzbngenbwxsygv/Build/Intermediates.noindex/mlx-swift.build/Debug-iphonesimulator/MLX.build/MLX.DependencyMetadataFileList

Copy /Users/jamesalford/Library/Developer/Xcode/DerivedData/NotedCore-ftviuoyqruynvwbzbngenbwxsygv/Build/Intermediates.noindex/GeneratedModuleMaps-iphonesimulator/MLXFFT.modulemap /Users/jamesalford/Library/Developer/Xcode/DerivedData/NotedCore-ftviuoyqruynvwbzbngenbwxsygv/Build/Intermediates.noindex/mlx-swift.build/Debug-iphonesimulator/MLXFFT.build/MLXFFT.modulemap (in target 'MLXFFT' from project 'mlx-swift')
    cd /Users/jamesalford/Library/Developer/Xcode/DerivedData/NotedCore-ftviuoyqruynvwbzbngenbwxsygv/SourcePackages/checkouts/mlx-swift
    builtin-copy -exclude .DS_Store -exclude CVS -exclude .svn -exclude .git -exclude .hg -resolve-src-symlinks /Users/jamesalford/Library/Developer/Xcode/DerivedData/NotedCore-ftviuoyqruynvwbzbngenbwxsygv/Build/Intermediates.noindex/mlx-swift.build/Debug-iphonesimulator/MLXFFT.build/MLXFFT.modulemap /Users/jamesalford/Library/Developer/Xcode/DerivedData/NotedCore-ftviuoyqruynvwbzbngenbwxsygv/Build/Intermediates.noindex/GeneratedModuleMaps-iphonesimulator

WriteAuxiliaryFile /Users/jamesalford/Library/Developer/Xcode/DerivedData/NotedCore-ftviuoyqruynvwbzbngenbwxsygv/Build/Intermediates.noindex/Jinja.build/Debug-iphonesimulator/Jinja.build/Jinja.modulemap (in target 'Jinja' from project 'Jinja')
    cd /Users/jamesalford/Library/Developer/Xcode/DerivedData/NotedCore-ftviuoyqruynvwbzbngenbwxsygv/SourcePackages/checkouts/Jinja
    write-file /Users/jamesalford/Library/Developer/Xcode/DerivedData/NotedCore-ftviuoyqruynvwbzbngenbwxsygv/Build/Intermediates.noindex/Jinja.build/Debug-iphonesimulator/Jinja.build/Jinja.modulemap

WriteAuxiliaryFile /Users/jamesalford/Library/Developer/Xcode/DerivedData/NotedCore-ftviuoyqruynvwbzbngenbwxsygv/Build/Intermediates.noindex/Jinja.build/Debug-iphonesimulator/Jinja.build/Objects-normal/arm64/Jinja_const_extract_protocols.json (in target 'Jinja' from project 'Jinja')
    cd /Users/jamesalford/Library/Developer/Xcode/DerivedData/NotedCore-ftviuoyqruynvwbzbngenbwxsygv/SourcePackages/checkouts/Jinja
    write-file /Users/jamesalford/Library/Developer/Xcode/DerivedData/NotedCore-ftviuoyqruynvwbzbngenbwxsygv/Build/Intermediates.noindex/Jinja.build/Debug-iphonesimulator/Jinja.build/Objects-normal/arm64/Jinja_const_extract_protocols.json

WriteAuxiliaryFile /Users/jamesalford/Library/Developer/Xcode/DerivedData/NotedCore-ftviuoyqruynvwbzbngenbwxsygv/Build/Intermediates.noindex/Jinja.build/Debug-iphonesimulator/Jinja.build/Objects-normal/arm64/Jinja.LinkFileList (in target 'Jinja' from project 'Jinja')
    cd /Users/jamesalford/Library/Developer/Xcode/DerivedData/NotedCore-ftviuoyqruynvwbzbngenbwxsygv/SourcePackages/checkouts/Jinja
    write-file /Users/jamesalford/Library/Developer/Xcode/DerivedData/NotedCore-ftviuoyqruynvwbzbngenbwxsygv/Build/Intermediates.noindex/Jinja.build/Debug-iphonesimulator/Jinja.build/Objects-normal/arm64/Jinja.LinkFileList

WriteAuxiliaryFile /Users/jamesalford/Library/Developer/Xcode/DerivedData/NotedCore-ftviuoyqruynvwbzbngenbwxsygv/Build/Intermediates.noindex/Jinja.build/Debug-iphonesimulator/Jinja.build/Objects-normal/arm64/Jinja.SwiftConstValuesFileList (in target 'Jinja' from project 'Jinja')
    cd /Users/jamesalford/Library/Developer/Xcode/DerivedData/NotedCore-ftviuoyqruynvwbzbngenbwxsygv/SourcePackages/checkouts/Jinja
    write-file /Users/jamesalford/Library/Developer/Xcode/DerivedData/NotedCore-ftviuoyqruynvwbzbngenbwxsygv/Build/Intermediates.noindex/Jinja.build/Debug-iphonesimulator/Jinja.build/Objects-normal/arm64/Jinja.SwiftConstValuesFileList

WriteAuxiliaryFile /Users/jamesalford/Library/Developer/Xcode/DerivedData/NotedCore-ftviuoyqruynvwbzbngenbwxsygv/Build/Intermediates.noindex/Jinja.build/Debug-iphonesimulator/Jinja.build/Objects-normal/arm64/Jinja-OutputFileMap.json (in target 'Jinja' from project 'Jinja')
    cd /Users/jamesalford/Library/Developer/Xcode/DerivedData/NotedCore-ftviuoyqruynvwbzbngenbwxsygv/SourcePackages/checkouts/Jinja
    write-file /Users/jamesalford/Library/Developer/Xcode/DerivedData/NotedCore-ftviuoyqruynvwbzbngenbwxsygv/Build/Intermediates.noindex/Jinja.build/Debug-iphonesimulator/Jinja.build/Objects-normal/arm64/Jinja-OutputFileMap.json

WriteAuxiliaryFile /Users/jamesalford/Library/Developer/Xcode/DerivedData/NotedCore-ftviuoyqruynvwbzbngenbwxsygv/Build/Intermediates.noindex/Jinja.build/Debug-iphonesimulator/Jinja.build/Objects-normal/arm64/Jinja.SwiftFileList (in target 'Jinja' from project 'Jinja')
    cd /Users/jamesalford/Library/Developer/Xcode/DerivedData/NotedCore-ftviuoyqruynvwbzbngenbwxsygv/SourcePackages/checkouts/Jinja
    write-file /Users/jamesalford/Library/Developer/Xcode/DerivedData/NotedCore-ftviuoyqruynvwbzbngenbwxsygv/Build/Intermediates.noindex/Jinja.build/Debug-iphonesimulator/Jinja.build/Objects-normal/arm64/Jinja.SwiftFileList

WriteAuxiliaryFile /Users/jamesalford/Library/Developer/Xcode/DerivedData/NotedCore-ftviuoyqruynvwbzbngenbwxsygv/Build/Intermediates.noindex/Jinja.build/Debug-iphonesimulator/Jinja.build/Jinja.DependencyStaticMetadataFileList (in target 'Jinja' from project 'Jinja')
    cd /Users/jamesalford/Library/Developer/Xcode/DerivedData/NotedCore-ftviuoyqruynvwbzbngenbwxsygv/SourcePackages/checkouts/Jinja
    write-file /Users/jamesalford/Library/Developer/Xcode/DerivedData/NotedCore-ftviuoyqruynvwbzbngenbwxsygv/Build/Intermediates.noindex/Jinja.build/Debug-iphonesimulator/Jinja.build/Jinja.DependencyStaticMetadataFileList

WriteAuxiliaryFile /Users/jamesalford/Library/Developer/Xcode/DerivedData/NotedCore-ftviuoyqruynvwbzbngenbwxsygv/Build/Intermediates.noindex/Jinja.build/Debug-iphonesimulator/Jinja.build/Jinja.DependencyMetadataFileList (in target 'Jinja' from project 'Jinja')
    cd /Users/jamesalford/Library/Developer/Xcode/DerivedData/NotedCore-ftviuoyqruynvwbzbngenbwxsygv/SourcePackages/checkouts/Jinja
    write-file /Users/jamesalford/Library/Developer/Xcode/DerivedData/NotedCore-ftviuoyqruynvwbzbngenbwxsygv/Build/Intermediates.noindex/Jinja.build/Debug-iphonesimulator/Jinja.build/Jinja.DependencyMetadataFileList

Copy /Users/jamesalford/Library/Developer/Xcode/DerivedData/NotedCore-ftviuoyqruynvwbzbngenbwxsygv/Build/Intermediates.noindex/GeneratedModuleMaps-iphonesimulator/MLX.modulemap /Users/jamesalford/Library/Developer/Xcode/DerivedData/NotedCore-ftviuoyqruynvwbzbngenbwxsygv/Build/Intermediates.noindex/mlx-swift.build/Debug-iphonesimulator/MLX.build/MLX.modulemap (in target 'MLX' from project 'mlx-swift')
    cd /Users/jamesalford/Library/Developer/Xcode/DerivedData/NotedCore-ftviuoyqruynvwbzbngenbwxsygv/SourcePackages/checkouts/mlx-swift
    builtin-copy -exclude .DS_Store -exclude CVS -exclude .svn -exclude .git -exclude .hg -resolve-src-symlinks /Users/jamesalford/Library/Developer/Xcode/DerivedData/NotedCore-ftviuoyqruynvwbzbngenbwxsygv/Build/Intermediates.noindex/mlx-swift.build/Debug-iphonesimulator/MLX.build/MLX.modulemap /Users/jamesalford/Library/Developer/Xcode/DerivedData/NotedCore-ftviuoyqruynvwbzbngenbwxsygv/Build/Intermediates.noindex/GeneratedModuleMaps-iphonesimulator

WriteAuxiliaryFile /Users/jamesalford/Library/Developer/Xcode/DerivedData/NotedCore-ftviuoyqruynvwbzbngenbwxsygv/Build/Intermediates.noindex/swift-collections.build/Debug-iphonesimulator/InternalCollectionsUtilities.build/Objects-normal/arm64/InternalCollectionsUtilities.SwiftFileList (in target 'InternalCollectionsUtilities' from project 'swift-collections')
    cd /Users/jamesalford/Library/Developer/Xcode/DerivedData/NotedCore-ftviuoyqruynvwbzbngenbwxsygv/SourcePackages/checkouts/swift-collections
    write-file /Users/jamesalford/Library/Developer/Xcode/DerivedData/NotedCore-ftviuoyqruynvwbzbngenbwxsygv/Build/Intermediates.noindex/swift-collections.build/Debug-iphonesimulator/InternalCollectionsUtilities.build/Objects-normal/arm64/InternalCollectionsUtilities.SwiftFileList

WriteAuxiliaryFile /Users/jamesalford/Library/Developer/Xcode/DerivedData/NotedCore-ftviuoyqruynvwbzbngenbwxsygv/Build/Intermediates.noindex/swift-collections.build/Debug-iphonesimulator/InternalCollectionsUtilities.build/Objects-normal/arm64/InternalCollectionsUtilities_const_extract_protocols.json (in target 'InternalCollectionsUtilities' from project 'swift-collections')
    cd /Users/jamesalford/Library/Developer/Xcode/DerivedData/NotedCore-ftviuoyqruynvwbzbngenbwxsygv/SourcePackages/checkouts/swift-collections
    write-file /Users/jamesalford/Library/Developer/Xcode/DerivedData/NotedCore-ftviuoyqruynvwbzbngenbwxsygv/Build/Intermediates.noindex/swift-collections.build/Debug-iphonesimulator/InternalCollectionsUtilities.build/Objects-normal/arm64/InternalCollectionsUtilities_const_extract_protocols.json

WriteAuxiliaryFile /Users/jamesalford/Library/Developer/Xcode/DerivedData/NotedCore-ftviuoyqruynvwbzbngenbwxsygv/Build/Intermediates.noindex/swift-collections.build/Debug-iphonesimulator/InternalCollectionsUtilities.build/Objects-normal/arm64/InternalCollectionsUtilities.SwiftConstValuesFileList (in target 'InternalCollectionsUtilities' from project 'swift-collections')
    cd /Users/jamesalford/Library/Developer/Xcode/DerivedData/NotedCore-ftviuoyqruynvwbzbngenbwxsygv/SourcePackages/checkouts/swift-collections
    write-file /Users/jamesalford/Library/Developer/Xcode/DerivedData/NotedCore-ftviuoyqruynvwbzbngenbwxsygv/Build/Intermediates.noindex/swift-collections.build/Debug-iphonesimulator/InternalCollectionsUtilities.build/Objects-normal/arm64/InternalCollectionsUtilities.SwiftConstValuesFileList

WriteAuxiliaryFile /Users/jamesalford/Library/Developer/Xcode/DerivedData/NotedCore-ftviuoyqruynvwbzbngenbwxsygv/Build/Intermediates.noindex/swift-collections.build/Debug-iphonesimulator/InternalCollectionsUtilities.build/Objects-normal/arm64/InternalCollectionsUtilities.LinkFileList (in target 'InternalCollectionsUtilities' from project 'swift-collections')
    cd /Users/jamesalford/Library/Developer/Xcode/DerivedData/NotedCore-ftviuoyqruynvwbzbngenbwxsygv/SourcePackages/checkouts/swift-collections
    write-file /Users/jamesalford/Library/Developer/Xcode/DerivedData/NotedCore-ftviuoyqruynvwbzbngenbwxsygv/Build/Intermediates.noindex/swift-collections.build/Debug-iphonesimulator/InternalCollectionsUtilities.build/Objects-normal/arm64/InternalCollectionsUtilities.LinkFileList

WriteAuxiliaryFile /Users/jamesalford/Library/Developer/Xcode/DerivedData/NotedCore-ftviuoyqruynvwbzbngenbwxsygv/Build/Intermediates.noindex/swift-collections.build/Debug-iphonesimulator/InternalCollectionsUtilities.build/Objects-normal/arm64/InternalCollectionsUtilities-OutputFileMap.json (in target 'InternalCollectionsUtilities' from project 'swift-collections')
    cd /Users/jamesalford/Library/Developer/Xcode/DerivedData/NotedCore-ftviuoyqruynvwbzbngenbwxsygv/SourcePackages/checkouts/swift-collections
    write-file /Users/jamesalford/Library/Developer/Xcode/DerivedData/NotedCore-ftviuoyqruynvwbzbngenbwxsygv/Build/Intermediates.noindex/swift-collections.build/Debug-iphonesimulator/InternalCollectionsUtilities.build/Objects-normal/arm64/InternalCollectionsUtilities-OutputFileMap.json

WriteAuxiliaryFile /Users/jamesalford/Library/Developer/Xcode/DerivedData/NotedCore-ftviuoyqruynvwbzbngenbwxsygv/Build/Intermediates.noindex/swift-collections.build/Debug-iphonesimulator/InternalCollectionsUtilities.build/InternalCollectionsUtilities.modulemap (in target 'InternalCollectionsUtilities' from project 'swift-collections')
    cd /Users/jamesalford/Library/Developer/Xcode/DerivedData/NotedCore-ftviuoyqruynvwbzbngenbwxsygv/SourcePackages/checkouts/swift-collections
    write-file /Users/jamesalford/Library/Developer/Xcode/DerivedData/NotedCore-ftviuoyqruynvwbzbngenbwxsygv/Build/Intermediates.noindex/swift-collections.build/Debug-iphonesimulator/InternalCollectionsUtilities.build/InternalCollectionsUtilities.modulemap

WriteAuxiliaryFile /Users/jamesalford/Library/Developer/Xcode/DerivedData/NotedCore-ftviuoyqruynvwbzbngenbwxsygv/Build/Intermediates.noindex/swift-collections.build/Debug-iphonesimulator/InternalCollectionsUtilities.build/InternalCollectionsUtilities.DependencyStaticMetadataFileList (in target 'InternalCollectionsUtilities' from project 'swift-collections')
    cd /Users/jamesalford/Library/Developer/Xcode/DerivedData/NotedCore-ftviuoyqruynvwbzbngenbwxsygv/SourcePackages/checkouts/swift-collections
    write-file /Users/jamesalford/Library/Developer/Xcode/DerivedData/NotedCore-ftviuoyqruynvwbzbngenbwxsygv/Build/Intermediates.noindex/swift-collections.build/Debug-iphonesimulator/InternalCollectionsUtilities.build/InternalCollectionsUtilities.DependencyStaticMetadataFileList

WriteAuxiliaryFile /Users/jamesalford/Library/Developer/Xcode/DerivedData/NotedCore-ftviuoyqruynvwbzbngenbwxsygv/Build/Intermediates.noindex/swift-collections.build/Debug-iphonesimulator/InternalCollectionsUtilities.build/InternalCollectionsUtilities.DependencyMetadataFileList (in target 'InternalCollectionsUtilities' from project 'swift-collections')
    cd /Users/jamesalford/Library/Developer/Xcode/DerivedData/NotedCore-ftviuoyqruynvwbzbngenbwxsygv/SourcePackages/checkouts/swift-collections
    write-file /Users/jamesalford/Library/Developer/Xcode/DerivedData/NotedCore-ftviuoyqruynvwbzbngenbwxsygv/Build/Intermediates.noindex/swift-collections.build/Debug-iphonesimulator/InternalCollectionsUtilities.build/InternalCollectionsUtilities.DependencyMetadataFileList

Copy /Users/jamesalford/Library/Developer/Xcode/DerivedData/NotedCore-ftviuoyqruynvwbzbngenbwxsygv/Build/Intermediates.noindex/GeneratedModuleMaps-iphonesimulator/Jinja.modulemap /Users/jamesalford/Library/Developer/Xcode/DerivedData/NotedCore-ftviuoyqruynvwbzbngenbwxsygv/Build/Intermediates.noindex/Jinja.build/Debug-iphonesimulator/Jinja.build/Jinja.modulemap (in target 'Jinja' from project 'Jinja')
    cd /Users/jamesalford/Library/Developer/Xcode/DerivedData/NotedCore-ftviuoyqruynvwbzbngenbwxsygv/SourcePackages/checkouts/Jinja
    builtin-copy -exclude .DS_Store -exclude CVS -exclude .svn -exclude .git -exclude .hg -resolve-src-symlinks /Users/jamesalford/Library/Developer/Xcode/DerivedData/NotedCore-ftviuoyqruynvwbzbngenbwxsygv/Build/Intermediates.noindex/Jinja.build/Debug-iphonesimulator/Jinja.build/Jinja.modulemap /Users/jamesalford/Library/Developer/Xcode/DerivedData/NotedCore-ftviuoyqruynvwbzbngenbwxsygv/Build/Intermediates.noindex/GeneratedModuleMaps-iphonesimulator

WriteAuxiliaryFile /Users/jamesalford/Library/Developer/Xcode/DerivedData/NotedCore-ftviuoyqruynvwbzbngenbwxsygv/Build/Intermediates.noindex/swift-transformers.build/Debug-iphonesimulator/Generation.build/Generation.modulemap (in target 'Generation' from project 'swift-transformers')
    cd /Users/jamesalford/Library/Developer/Xcode/DerivedData/NotedCore-ftviuoyqruynvwbzbngenbwxsygv/SourcePackages/checkouts/swift-transformers
    write-file /Users/jamesalford/Library/Developer/Xcode/DerivedData/NotedCore-ftviuoyqruynvwbzbngenbwxsygv/Build/Intermediates.noindex/swift-transformers.build/Debug-iphonesimulator/Generation.build/Generation.modulemap

WriteAuxiliaryFile /Users/jamesalford/Library/Developer/Xcode/DerivedData/NotedCore-ftviuoyqruynvwbzbngenbwxsygv/Build/Intermediates.noindex/swift-transformers.build/Debug-iphonesimulator/Generation.build/Generation.DependencyStaticMetadataFileList (in target 'Generation' from project 'swift-transformers')
    cd /Users/jamesalford/Library/Developer/Xcode/DerivedData/NotedCore-ftviuoyqruynvwbzbngenbwxsygv/SourcePackages/checkouts/swift-transformers
    write-file /Users/jamesalford/Library/Developer/Xcode/DerivedData/NotedCore-ftviuoyqruynvwbzbngenbwxsygv/Build/Intermediates.noindex/swift-transformers.build/Debug-iphonesimulator/Generation.build/Generation.DependencyStaticMetadataFileList

WriteAuxiliaryFile /Users/jamesalford/Library/Developer/Xcode/DerivedData/NotedCore-ftviuoyqruynvwbzbngenbwxsygv/Build/Intermediates.noindex/swift-transformers.build/Debug-iphonesimulator/Generation.build/Objects-normal/arm64/Generation-OutputFileMap.json (in target 'Generation' from project 'swift-transformers')
    cd /Users/jamesalford/Library/Developer/Xcode/DerivedData/NotedCore-ftviuoyqruynvwbzbngenbwxsygv/SourcePackages/checkouts/swift-transformers
    write-file /Users/jamesalford/Library/Developer/Xcode/DerivedData/NotedCore-ftviuoyqruynvwbzbngenbwxsygv/Build/Intermediates.noindex/swift-transformers.build/Debug-iphonesimulator/Generation.build/Objects-normal/arm64/Generation-OutputFileMap.json

WriteAuxiliaryFile /Users/jamesalford/Library/Developer/Xcode/DerivedData/NotedCore-ftviuoyqruynvwbzbngenbwxsygv/Build/Intermediates.noindex/swift-transformers.build/Debug-iphonesimulator/Generation.build/Objects-normal/arm64/Generation.SwiftFileList (in target 'Generation' from project 'swift-transformers')
    cd /Users/jamesalford/Library/Developer/Xcode/DerivedData/NotedCore-ftviuoyqruynvwbzbngenbwxsygv/SourcePackages/checkouts/swift-transformers
    write-file /Users/jamesalford/Library/Developer/Xcode/DerivedData/NotedCore-ftviuoyqruynvwbzbngenbwxsygv/Build/Intermediates.noindex/swift-transformers.build/Debug-iphonesimulator/Generation.build/Objects-normal/arm64/Generation.SwiftFileList

WriteAuxiliaryFile /Users/jamesalford/Library/Developer/Xcode/DerivedData/NotedCore-ftviuoyqruynvwbzbngenbwxsygv/Build/Intermediates.noindex/swift-transformers.build/Debug-iphonesimulator/Generation.build/Objects-normal/arm64/Generation.SwiftConstValuesFileList (in target 'Generation' from project 'swift-transformers')
    cd /Users/jamesalford/Library/Developer/Xcode/DerivedData/NotedCore-ftviuoyqruynvwbzbngenbwxsygv/SourcePackages/checkouts/swift-transformers
    write-file /Users/jamesalford/Library/Developer/Xcode/DerivedData/NotedCore-ftviuoyqruynvwbzbngenbwxsygv/Build/Intermediates.noindex/swift-transformers.build/Debug-iphonesimulator/Generation.build/Objects-normal/arm64/Generation.SwiftConstValuesFileList

WriteAuxiliaryFile /Users/jamesalford/Library/Developer/Xcode/DerivedData/NotedCore-ftviuoyqruynvwbzbngenbwxsygv/Build/Intermediates.noindex/swift-transformers.build/Debug-iphonesimulator/Generation.build/Objects-normal/arm64/Generation_const_extract_protocols.json (in target 'Generation' from project 'swift-transformers')
    cd /Users/jamesalford/Library/Developer/Xcode/DerivedData/NotedCore-ftviuoyqruynvwbzbngenbwxsygv/SourcePackages/checkouts/swift-transformers
    write-file /Users/jamesalford/Library/Developer/Xcode/DerivedData/NotedCore-ftviuoyqruynvwbzbngenbwxsygv/Build/Intermediates.noindex/swift-transformers.build/Debug-iphonesimulator/Generation.build/Objects-normal/arm64/Generation_const_extract_protocols.json

WriteAuxiliaryFile /Users/jamesalford/Library/Developer/Xcode/DerivedData/NotedCore-ftviuoyqruynvwbzbngenbwxsygv/Build/Intermediates.noindex/swift-transformers.build/Debug-iphonesimulator/Generation.build/Objects-normal/arm64/Generation.LinkFileList (in target 'Generation' from project 'swift-transformers')
    cd /Users/jamesalford/Library/Developer/Xcode/DerivedData/NotedCore-ftviuoyqruynvwbzbngenbwxsygv/SourcePackages/checkouts/swift-transformers
    write-file /Users/jamesalford/Library/Developer/Xcode/DerivedData/NotedCore-ftviuoyqruynvwbzbngenbwxsygv/Build/Intermediates.noindex/swift-transformers.build/Debug-iphonesimulator/Generation.build/Objects-normal/arm64/Generation.LinkFileList

Copy /Users/jamesalford/Library/Developer/Xcode/DerivedData/NotedCore-ftviuoyqruynvwbzbngenbwxsygv/Build/Intermediates.noindex/GeneratedModuleMaps-iphonesimulator/InternalCollectionsUtilities.modulemap /Users/jamesalford/Library/Developer/Xcode/DerivedData/NotedCore-ftviuoyqruynvwbzbngenbwxsygv/Build/Intermediates.noindex/swift-collections.build/Debug-iphonesimulator/InternalCollectionsUtilities.build/InternalCollectionsUtilities.modulemap (in target 'InternalCollectionsUtilities' from project 'swift-collections')
    cd /Users/jamesalford/Library/Developer/Xcode/DerivedData/NotedCore-ftviuoyqruynvwbzbngenbwxsygv/SourcePackages/checkouts/swift-collections
    builtin-copy -exclude .DS_Store -exclude CVS -exclude .svn -exclude .git -exclude .hg -resolve-src-symlinks /Users/jamesalford/Library/Developer/Xcode/DerivedData/NotedCore-ftviuoyqruynvwbzbngenbwxsygv/Build/Intermediates.noindex/swift-collections.build/Debug-iphonesimulator/InternalCollectionsUtilities.build/InternalCollectionsUtilities.modulemap /Users/jamesalford/Library/Developer/Xcode/DerivedData/NotedCore-ftviuoyqruynvwbzbngenbwxsygv/Build/Intermediates.noindex/GeneratedModuleMaps-iphonesimulator

WriteAuxiliaryFile /Users/jamesalford/Library/Developer/Xcode/DerivedData/NotedCore-ftviuoyqruynvwbzbngenbwxsygv/Build/Intermediates.noindex/swift-transformers.build/Debug-iphonesimulator/Generation.build/Generation.DependencyMetadataFileList (in target 'Generation' from project 'swift-transformers')
    cd /Users/jamesalford/Library/Developer/Xcode/DerivedData/NotedCore-ftviuoyqruynvwbzbngenbwxsygv/SourcePackages/checkouts/swift-transformers
    write-file /Users/jamesalford/Library/Developer/Xcode/DerivedData/NotedCore-ftviuoyqruynvwbzbngenbwxsygv/Build/Intermediates.noindex/swift-transformers.build/Debug-iphonesimulator/Generation.build/Generation.DependencyMetadataFileList

WriteAuxiliaryFile /Users/jamesalford/Library/Developer/Xcode/DerivedData/NotedCore-ftviuoyqruynvwbzbngenbwxsygv/Build/Intermediates.noindex/swift-numerics.build/Debug-iphonesimulator/ComplexModule.build/Objects-normal/arm64/ComplexModule.SwiftFileList (in target 'ComplexModule' from project 'swift-numerics')
    cd /Users/jamesalford/Library/Developer/Xcode/DerivedData/NotedCore-ftviuoyqruynvwbzbngenbwxsygv/SourcePackages/checkouts/swift-numerics
    write-file /Users/jamesalford/Library/Developer/Xcode/DerivedData/NotedCore-ftviuoyqruynvwbzbngenbwxsygv/Build/Intermediates.noindex/swift-numerics.build/Debug-iphonesimulator/ComplexModule.build/Objects-normal/arm64/ComplexModule.SwiftFileList

WriteAuxiliaryFile /Users/jamesalford/Library/Developer/Xcode/DerivedData/NotedCore-ftviuoyqruynvwbzbngenbwxsygv/Build/Intermediates.noindex/swift-numerics.build/Debug-iphonesimulator/ComplexModule.build/Objects-normal/arm64/ComplexModule_const_extract_protocols.json (in target 'ComplexModule' from project 'swift-numerics')
    cd /Users/jamesalford/Library/Developer/Xcode/DerivedData/NotedCore-ftviuoyqruynvwbzbngenbwxsygv/SourcePackages/checkouts/swift-numerics
    write-file /Users/jamesalford/Library/Developer/Xcode/DerivedData/NotedCore-ftviuoyqruynvwbzbngenbwxsygv/Build/Intermediates.noindex/swift-numerics.build/Debug-iphonesimulator/ComplexModule.build/Objects-normal/arm64/ComplexModule_const_extract_protocols.json

WriteAuxiliaryFile /Users/jamesalford/Library/Developer/Xcode/DerivedData/NotedCore-ftviuoyqruynvwbzbngenbwxsygv/Build/Intermediates.noindex/swift-numerics.build/Debug-iphonesimulator/ComplexModule.build/Objects-normal/arm64/ComplexModule.SwiftConstValuesFileList (in target 'ComplexModule' from project 'swift-numerics')
    cd /Users/jamesalford/Library/Developer/Xcode/DerivedData/NotedCore-ftviuoyqruynvwbzbngenbwxsygv/SourcePackages/checkouts/swift-numerics
    write-file /Users/jamesalford/Library/Developer/Xcode/DerivedData/NotedCore-ftviuoyqruynvwbzbngenbwxsygv/Build/Intermediates.noindex/swift-numerics.build/Debug-iphonesimulator/ComplexModule.build/Objects-normal/arm64/ComplexModule.SwiftConstValuesFileList

WriteAuxiliaryFile /Users/jamesalford/Library/Developer/Xcode/DerivedData/NotedCore-ftviuoyqruynvwbzbngenbwxsygv/Build/Intermediates.noindex/swift-numerics.build/Debug-iphonesimulator/ComplexModule.build/Objects-normal/arm64/ComplexModule.LinkFileList (in target 'ComplexModule' from project 'swift-numerics')
    cd /Users/jamesalford/Library/Developer/Xcode/DerivedData/NotedCore-ftviuoyqruynvwbzbngenbwxsygv/SourcePackages/checkouts/swift-numerics
    write-file /Users/jamesalford/Library/Developer/Xcode/DerivedData/NotedCore-ftviuoyqruynvwbzbngenbwxsygv/Build/Intermediates.noindex/swift-numerics.build/Debug-iphonesimulator/ComplexModule.build/Objects-normal/arm64/ComplexModule.LinkFileList

WriteAuxiliaryFile /Users/jamesalford/Library/Developer/Xcode/DerivedData/NotedCore-ftviuoyqruynvwbzbngenbwxsygv/Build/Intermediates.noindex/swift-numerics.build/Debug-iphonesimulator/ComplexModule.build/Objects-normal/arm64/ComplexModule-OutputFileMap.json (in target 'ComplexModule' from project 'swift-numerics')
    cd /Users/jamesalford/Library/Developer/Xcode/DerivedData/NotedCore-ftviuoyqruynvwbzbngenbwxsygv/SourcePackages/checkouts/swift-numerics
    write-file /Users/jamesalford/Library/Developer/Xcode/DerivedData/NotedCore-ftviuoyqruynvwbzbngenbwxsygv/Build/Intermediates.noindex/swift-numerics.build/Debug-iphonesimulator/ComplexModule.build/Objects-normal/arm64/ComplexModule-OutputFileMap.json

WriteAuxiliaryFile /Users/jamesalford/Library/Developer/Xcode/DerivedData/NotedCore-ftviuoyqruynvwbzbngenbwxsygv/Build/Intermediates.noindex/swift-numerics.build/Debug-iphonesimulator/ComplexModule.build/ComplexModule.modulemap (in target 'ComplexModule' from project 'swift-numerics')
    cd /Users/jamesalford/Library/Developer/Xcode/DerivedData/NotedCore-ftviuoyqruynvwbzbngenbwxsygv/SourcePackages/checkouts/swift-numerics
    write-file /Users/jamesalford/Library/Developer/Xcode/DerivedData/NotedCore-ftviuoyqruynvwbzbngenbwxsygv/Build/Intermediates.noindex/swift-numerics.build/Debug-iphonesimulator/ComplexModule.build/ComplexModule.modulemap

WriteAuxiliaryFile /Users/jamesalford/Library/Developer/Xcode/DerivedData/NotedCore-ftviuoyqruynvwbzbngenbwxsygv/Build/Intermediates.noindex/swift-numerics.build/Debug-iphonesimulator/ComplexModule.build/ComplexModule.DependencyStaticMetadataFileList (in target 'ComplexModule' from project 'swift-numerics')
    cd /Users/jamesalford/Library/Developer/Xcode/DerivedData/NotedCore-ftviuoyqruynvwbzbngenbwxsygv/SourcePackages/checkouts/swift-numerics
    write-file /Users/jamesalford/Library/Developer/Xcode/DerivedData/NotedCore-ftviuoyqruynvwbzbngenbwxsygv/Build/Intermediates.noindex/swift-numerics.build/Debug-iphonesimulator/ComplexModule.build/ComplexModule.DependencyStaticMetadataFileList

WriteAuxiliaryFile /Users/jamesalford/Library/Developer/Xcode/DerivedData/NotedCore-ftviuoyqruynvwbzbngenbwxsygv/Build/Intermediates.noindex/swift-numerics.build/Debug-iphonesimulator/ComplexModule.build/ComplexModule.DependencyMetadataFileList (in target 'ComplexModule' from project 'swift-numerics')
    cd /Users/jamesalford/Library/Developer/Xcode/DerivedData/NotedCore-ftviuoyqruynvwbzbngenbwxsygv/SourcePackages/checkouts/swift-numerics
    write-file /Users/jamesalford/Library/Developer/Xcode/DerivedData/NotedCore-ftviuoyqruynvwbzbngenbwxsygv/Build/Intermediates.noindex/swift-numerics.build/Debug-iphonesimulator/ComplexModule.build/ComplexModule.DependencyMetadataFileList

WriteAuxiliaryFile /Users/jamesalford/Library/Developer/Xcode/DerivedData/NotedCore-ftviuoyqruynvwbzbngenbwxsygv/Build/Intermediates.noindex/swift-argument-parser.build/Debug-iphonesimulator/ArgumentParserToolInfo.build/Objects-normal/arm64/ArgumentParserToolInfo.SwiftFileList (in target 'ArgumentParserToolInfo' from project 'swift-argument-parser')
    cd /Users/jamesalford/Library/Developer/Xcode/DerivedData/NotedCore-ftviuoyqruynvwbzbngenbwxsygv/SourcePackages/checkouts/swift-argument-parser
    write-file /Users/jamesalford/Library/Developer/Xcode/DerivedData/NotedCore-ftviuoyqruynvwbzbngenbwxsygv/Build/Intermediates.noindex/swift-argument-parser.build/Debug-iphonesimulator/ArgumentParserToolInfo.build/Objects-normal/arm64/ArgumentParserToolInfo.SwiftFileList

WriteAuxiliaryFile /Users/jamesalford/Library/Developer/Xcode/DerivedData/NotedCore-ftviuoyqruynvwbzbngenbwxsygv/Build/Intermediates.noindex/swift-argument-parser.build/Debug-iphonesimulator/ArgumentParserToolInfo.build/Objects-normal/arm64/ArgumentParserToolInfo_const_extract_protocols.json (in target 'ArgumentParserToolInfo' from project 'swift-argument-parser')
    cd /Users/jamesalford/Library/Developer/Xcode/DerivedData/NotedCore-ftviuoyqruynvwbzbngenbwxsygv/SourcePackages/checkouts/swift-argument-parser
    write-file /Users/jamesalford/Library/Developer/Xcode/DerivedData/NotedCore-ftviuoyqruynvwbzbngenbwxsygv/Build/Intermediates.noindex/swift-argument-parser.build/Debug-iphonesimulator/ArgumentParserToolInfo.build/Objects-normal/arm64/ArgumentParserToolInfo_const_extract_protocols.json

WriteAuxiliaryFile /Users/jamesalford/Library/Developer/Xcode/DerivedData/NotedCore-ftviuoyqruynvwbzbngenbwxsygv/Build/Intermediates.noindex/swift-argument-parser.build/Debug-iphonesimulator/ArgumentParserToolInfo.build/Objects-normal/arm64/ArgumentParserToolInfo.SwiftConstValuesFileList (in target 'ArgumentParserToolInfo' from project 'swift-argument-parser')
    cd /Users/jamesalford/Library/Developer/Xcode/DerivedData/NotedCore-ftviuoyqruynvwbzbngenbwxsygv/SourcePackages/checkouts/swift-argument-parser
    write-file /Users/jamesalford/Library/Developer/Xcode/DerivedData/NotedCore-ftviuoyqruynvwbzbngenbwxsygv/Build/Intermediates.noindex/swift-argument-parser.build/Debug-iphonesimulator/ArgumentParserToolInfo.build/Objects-normal/arm64/ArgumentParserToolInfo.SwiftConstValuesFileList

Copy /Users/jamesalford/Library/Developer/Xcode/DerivedData/NotedCore-ftviuoyqruynvwbzbngenbwxsygv/Build/Intermediates.noindex/GeneratedModuleMaps-iphonesimulator/Generation.modulemap /Users/jamesalford/Library/Developer/Xcode/DerivedData/NotedCore-ftviuoyqruynvwbzbngenbwxsygv/Build/Intermediates.noindex/swift-transformers.build/Debug-iphonesimulator/Generation.build/Generation.modulemap (in target 'Generation' from project 'swift-transformers')
    cd /Users/jamesalford/Library/Developer/Xcode/DerivedData/NotedCore-ftviuoyqruynvwbzbngenbwxsygv/SourcePackages/checkouts/swift-transformers
    builtin-copy -exclude .DS_Store -exclude CVS -exclude .svn -exclude .git -exclude .hg -resolve-src-symlinks /Users/jamesalford/Library/Developer/Xcode/DerivedData/NotedCore-ftviuoyqruynvwbzbngenbwxsygv/Build/Intermediates.noindex/swift-transformers.build/Debug-iphonesimulator/Generation.build/Generation.modulemap /Users/jamesalford/Library/Developer/Xcode/DerivedData/NotedCore-ftviuoyqruynvwbzbngenbwxsygv/Build/Intermediates.noindex/GeneratedModuleMaps-iphonesimulator

WriteAuxiliaryFile /Users/jamesalford/Library/Developer/Xcode/DerivedData/NotedCore-ftviuoyqruynvwbzbngenbwxsygv/Build/Intermediates.noindex/swift-argument-parser.build/Debug-iphonesimulator/ArgumentParserToolInfo.build/Objects-normal/arm64/ArgumentParserToolInfo.LinkFileList (in target 'ArgumentParserToolInfo' from project 'swift-argument-parser')
    cd /Users/jamesalford/Library/Developer/Xcode/DerivedData/NotedCore-ftviuoyqruynvwbzbngenbwxsygv/SourcePackages/checkouts/swift-argument-parser
    write-file /Users/jamesalford/Library/Developer/Xcode/DerivedData/NotedCore-ftviuoyqruynvwbzbngenbwxsygv/Build/Intermediates.noindex/swift-argument-parser.build/Debug-iphonesimulator/ArgumentParserToolInfo.build/Objects-normal/arm64/ArgumentParserToolInfo.LinkFileList

WriteAuxiliaryFile /Users/jamesalford/Library/Developer/Xcode/DerivedData/NotedCore-ftviuoyqruynvwbzbngenbwxsygv/Build/Intermediates.noindex/swift-argument-parser.build/Debug-iphonesimulator/ArgumentParserToolInfo.build/Objects-normal/arm64/ArgumentParserToolInfo-OutputFileMap.json (in target 'ArgumentParserToolInfo' from project 'swift-argument-parser')
    cd /Users/jamesalford/Library/Developer/Xcode/DerivedData/NotedCore-ftviuoyqruynvwbzbngenbwxsygv/SourcePackages/checkouts/swift-argument-parser
    write-file /Users/jamesalford/Library/Developer/Xcode/DerivedData/NotedCore-ftviuoyqruynvwbzbngenbwxsygv/Build/Intermediates.noindex/swift-argument-parser.build/Debug-iphonesimulator/ArgumentParserToolInfo.build/Objects-normal/arm64/ArgumentParserToolInfo-OutputFileMap.json

WriteAuxiliaryFile /Users/jamesalford/Library/Developer/Xcode/DerivedData/NotedCore-ftviuoyqruynvwbzbngenbwxsygv/Build/Intermediates.noindex/swift-argument-parser.build/Debug-iphonesimulator/ArgumentParserToolInfo.build/ArgumentParserToolInfo.modulemap (in target 'ArgumentParserToolInfo' from project 'swift-argument-parser')
    cd /Users/jamesalford/Library/Developer/Xcode/DerivedData/NotedCore-ftviuoyqruynvwbzbngenbwxsygv/SourcePackages/checkouts/swift-argument-parser
    write-file /Users/jamesalford/Library/Developer/Xcode/DerivedData/NotedCore-ftviuoyqruynvwbzbngenbwxsygv/Build/Intermediates.noindex/swift-argument-parser.build/Debug-iphonesimulator/ArgumentParserToolInfo.build/ArgumentParserToolInfo.modulemap

WriteAuxiliaryFile /Users/jamesalford/Library/Developer/Xcode/DerivedData/NotedCore-ftviuoyqruynvwbzbngenbwxsygv/Build/Intermediates.noindex/swift-argument-parser.build/Debug-iphonesimulator/ArgumentParserToolInfo.build/ArgumentParserToolInfo.DependencyStaticMetadataFileList (in target 'ArgumentParserToolInfo' from project 'swift-argument-parser')
    cd /Users/jamesalford/Library/Developer/Xcode/DerivedData/NotedCore-ftviuoyqruynvwbzbngenbwxsygv/SourcePackages/checkouts/swift-argument-parser
    write-file /Users/jamesalford/Library/Developer/Xcode/DerivedData/NotedCore-ftviuoyqruynvwbzbngenbwxsygv/Build/Intermediates.noindex/swift-argument-parser.build/Debug-iphonesimulator/ArgumentParserToolInfo.build/ArgumentParserToolInfo.DependencyStaticMetadataFileList

WriteAuxiliaryFile /Users/jamesalford/Library/Developer/Xcode/DerivedData/NotedCore-ftviuoyqruynvwbzbngenbwxsygv/Build/Intermediates.noindex/swift-argument-parser.build/Debug-iphonesimulator/ArgumentParserToolInfo.build/ArgumentParserToolInfo.DependencyMetadataFileList (in target 'ArgumentParserToolInfo' from project 'swift-argument-parser')
    cd /Users/jamesalford/Library/Developer/Xcode/DerivedData/NotedCore-ftviuoyqruynvwbzbngenbwxsygv/SourcePackages/checkouts/swift-argument-parser
    write-file /Users/jamesalford/Library/Developer/Xcode/DerivedData/NotedCore-ftviuoyqruynvwbzbngenbwxsygv/Build/Intermediates.noindex/swift-argument-parser.build/Debug-iphonesimulator/ArgumentParserToolInfo.build/ArgumentParserToolInfo.DependencyMetadataFileList

Copy /Users/jamesalford/Library/Developer/Xcode/DerivedData/NotedCore-ftviuoyqruynvwbzbngenbwxsygv/Build/Intermediates.noindex/GeneratedModuleMaps-iphonesimulator/ComplexModule.modulemap /Users/jamesalford/Library/Developer/Xcode/DerivedData/NotedCore-ftviuoyqruynvwbzbngenbwxsygv/Build/Intermediates.noindex/swift-numerics.build/Debug-iphonesimulator/ComplexModule.build/ComplexModule.modulemap (in target 'ComplexModule' from project 'swift-numerics')
    cd /Users/jamesalford/Library/Developer/Xcode/DerivedData/NotedCore-ftviuoyqruynvwbzbngenbwxsygv/SourcePackages/checkouts/swift-numerics
    builtin-copy -exclude .DS_Store -exclude CVS -exclude .svn -exclude .git -exclude .hg -resolve-src-symlinks /Users/jamesalford/Library/Developer/Xcode/DerivedData/NotedCore-ftviuoyqruynvwbzbngenbwxsygv/Build/Intermediates.noindex/swift-numerics.build/Debug-iphonesimulator/ComplexModule.build/ComplexModule.modulemap /Users/jamesalford/Library/Developer/Xcode/DerivedData/NotedCore-ftviuoyqruynvwbzbngenbwxsygv/Build/Intermediates.noindex/GeneratedModuleMaps-iphonesimulator

WriteAuxiliaryFile /Users/jamesalford/Library/Developer/Xcode/DerivedData/NotedCore-ftviuoyqruynvwbzbngenbwxsygv/Build/Intermediates.noindex/swift-argument-parser.build/Debug-iphonesimulator/ArgumentParser.build/Objects-normal/arm64/ArgumentParser.SwiftFileList (in target 'ArgumentParser' from project 'swift-argument-parser')
    cd /Users/jamesalford/Library/Developer/Xcode/DerivedData/NotedCore-ftviuoyqruynvwbzbngenbwxsygv/SourcePackages/checkouts/swift-argument-parser
    write-file /Users/jamesalford/Library/Developer/Xcode/DerivedData/NotedCore-ftviuoyqruynvwbzbngenbwxsygv/Build/Intermediates.noindex/swift-argument-parser.build/Debug-iphonesimulator/ArgumentParser.build/Objects-normal/arm64/ArgumentParser.SwiftFileList

WriteAuxiliaryFile /Users/jamesalford/Library/Developer/Xcode/DerivedData/NotedCore-ftviuoyqruynvwbzbngenbwxsygv/Build/Intermediates.noindex/swift-argument-parser.build/Debug-iphonesimulator/ArgumentParser.build/Objects-normal/arm64/ArgumentParser_const_extract_protocols.json (in target 'ArgumentParser' from project 'swift-argument-parser')
    cd /Users/jamesalford/Library/Developer/Xcode/DerivedData/NotedCore-ftviuoyqruynvwbzbngenbwxsygv/SourcePackages/checkouts/swift-argument-parser
    write-file /Users/jamesalford/Library/Developer/Xcode/DerivedData/NotedCore-ftviuoyqruynvwbzbngenbwxsygv/Build/Intermediates.noindex/swift-argument-parser.build/Debug-iphonesimulator/ArgumentParser.build/Objects-normal/arm64/ArgumentParser_const_extract_protocols.json

WriteAuxiliaryFile /Users/jamesalford/Library/Developer/Xcode/DerivedData/NotedCore-ftviuoyqruynvwbzbngenbwxsygv/Build/Intermediates.noindex/swift-argument-parser.build/Debug-iphonesimulator/ArgumentParser.build/Objects-normal/arm64/ArgumentParser.SwiftConstValuesFileList (in target 'ArgumentParser' from project 'swift-argument-parser')
    cd /Users/jamesalford/Library/Developer/Xcode/DerivedData/NotedCore-ftviuoyqruynvwbzbngenbwxsygv/SourcePackages/checkouts/swift-argument-parser
    write-file /Users/jamesalford/Library/Developer/Xcode/DerivedData/NotedCore-ftviuoyqruynvwbzbngenbwxsygv/Build/Intermediates.noindex/swift-argument-parser.build/Debug-iphonesimulator/ArgumentParser.build/Objects-normal/arm64/ArgumentParser.SwiftConstValuesFileList

WriteAuxiliaryFile /Users/jamesalford/Library/Developer/Xcode/DerivedData/NotedCore-ftviuoyqruynvwbzbngenbwxsygv/Build/Intermediates.noindex/swift-argument-parser.build/Debug-iphonesimulator/ArgumentParser.build/Objects-normal/arm64/ArgumentParser.LinkFileList (in target 'ArgumentParser' from project 'swift-argument-parser')
    cd /Users/jamesalford/Library/Developer/Xcode/DerivedData/NotedCore-ftviuoyqruynvwbzbngenbwxsygv/SourcePackages/checkouts/swift-argument-parser
    write-file /Users/jamesalford/Library/Developer/Xcode/DerivedData/NotedCore-ftviuoyqruynvwbzbngenbwxsygv/Build/Intermediates.noindex/swift-argument-parser.build/Debug-iphonesimulator/ArgumentParser.build/Objects-normal/arm64/ArgumentParser.LinkFileList

WriteAuxiliaryFile /Users/jamesalford/Library/Developer/Xcode/DerivedData/NotedCore-ftviuoyqruynvwbzbngenbwxsygv/Build/Intermediates.noindex/swift-argument-parser.build/Debug-iphonesimulator/ArgumentParser.build/Objects-normal/arm64/ArgumentParser-OutputFileMap.json (in target 'ArgumentParser' from project 'swift-argument-parser')
    cd /Users/jamesalford/Library/Developer/Xcode/DerivedData/NotedCore-ftviuoyqruynvwbzbngenbwxsygv/SourcePackages/checkouts/swift-argument-parser
    write-file /Users/jamesalford/Library/Developer/Xcode/DerivedData/NotedCore-ftviuoyqruynvwbzbngenbwxsygv/Build/Intermediates.noindex/swift-argument-parser.build/Debug-iphonesimulator/ArgumentParser.build/Objects-normal/arm64/ArgumentParser-OutputFileMap.json

WriteAuxiliaryFile /Users/jamesalford/Library/Developer/Xcode/DerivedData/NotedCore-ftviuoyqruynvwbzbngenbwxsygv/Build/Intermediates.noindex/swift-argument-parser.build/Debug-iphonesimulator/ArgumentParser.build/ArgumentParser.modulemap (in target 'ArgumentParser' from project 'swift-argument-parser')
    cd /Users/jamesalford/Library/Developer/Xcode/DerivedData/NotedCore-ftviuoyqruynvwbzbngenbwxsygv/SourcePackages/checkouts/swift-argument-parser
    write-file /Users/jamesalford/Library/Developer/Xcode/DerivedData/NotedCore-ftviuoyqruynvwbzbngenbwxsygv/Build/Intermediates.noindex/swift-argument-parser.build/Debug-iphonesimulator/ArgumentParser.build/ArgumentParser.modulemap

WriteAuxiliaryFile /Users/jamesalford/Library/Developer/Xcode/DerivedData/NotedCore-ftviuoyqruynvwbzbngenbwxsygv/Build/Intermediates.noindex/swift-argument-parser.build/Debug-iphonesimulator/ArgumentParser.build/ArgumentParser.DependencyStaticMetadataFileList (in target 'ArgumentParser' from project 'swift-argument-parser')
    cd /Users/jamesalford/Library/Developer/Xcode/DerivedData/NotedCore-ftviuoyqruynvwbzbngenbwxsygv/SourcePackages/checkouts/swift-argument-parser
    write-file /Users/jamesalford/Library/Developer/Xcode/DerivedData/NotedCore-ftviuoyqruynvwbzbngenbwxsygv/Build/Intermediates.noindex/swift-argument-parser.build/Debug-iphonesimulator/ArgumentParser.build/ArgumentParser.DependencyStaticMetadataFileList

WriteAuxiliaryFile /Users/jamesalford/Library/Developer/Xcode/DerivedData/NotedCore-ftviuoyqruynvwbzbngenbwxsygv/Build/Intermediates.noindex/swift-argument-parser.build/Debug-iphonesimulator/ArgumentParser.build/ArgumentParser.DependencyMetadataFileList (in target 'ArgumentParser' from project 'swift-argument-parser')
    cd /Users/jamesalford/Library/Developer/Xcode/DerivedData/NotedCore-ftviuoyqruynvwbzbngenbwxsygv/SourcePackages/checkouts/swift-argument-parser
    write-file /Users/jamesalford/Library/Developer/Xcode/DerivedData/NotedCore-ftviuoyqruynvwbzbngenbwxsygv/Build/Intermediates.noindex/swift-argument-parser.build/Debug-iphonesimulator/ArgumentParser.build/ArgumentParser.DependencyMetadataFileList

Copy /Users/jamesalford/Library/Developer/Xcode/DerivedData/NotedCore-ftviuoyqruynvwbzbngenbwxsygv/Build/Intermediates.noindex/GeneratedModuleMaps-iphonesimulator/ArgumentParserToolInfo.modulemap /Users/jamesalford/Library/Developer/Xcode/DerivedData/NotedCore-ftviuoyqruynvwbzbngenbwxsygv/Build/Intermediates.noindex/swift-argument-parser.build/Debug-iphonesimulator/ArgumentParserToolInfo.build/ArgumentParserToolInfo.modulemap (in target 'ArgumentParserToolInfo' from project 'swift-argument-parser')
    cd /Users/jamesalford/Library/Developer/Xcode/DerivedData/NotedCore-ftviuoyqruynvwbzbngenbwxsygv/SourcePackages/checkouts/swift-argument-parser
    builtin-copy -exclude .DS_Store -exclude CVS -exclude .svn -exclude .git -exclude .hg -resolve-src-symlinks /Users/jamesalford/Library/Developer/Xcode/DerivedData/NotedCore-ftviuoyqruynvwbzbngenbwxsygv/Build/Intermediates.noindex/swift-argument-parser.build/Debug-iphonesimulator/ArgumentParserToolInfo.build/ArgumentParserToolInfo.modulemap /Users/jamesalford/Library/Developer/Xcode/DerivedData/NotedCore-ftviuoyqruynvwbzbngenbwxsygv/Build/Intermediates.noindex/GeneratedModuleMaps-iphonesimulator

Copy /Users/jamesalford/Library/Developer/Xcode/DerivedData/NotedCore-ftviuoyqruynvwbzbngenbwxsygv/Build/Intermediates.noindex/GeneratedModuleMaps-iphonesimulator/ArgumentParser.modulemap /Users/jamesalford/Library/Developer/Xcode/DerivedData/NotedCore-ftviuoyqruynvwbzbngenbwxsygv/Build/Intermediates.noindex/swift-argument-parser.build/Debug-iphonesimulator/ArgumentParser.build/ArgumentParser.modulemap (in target 'ArgumentParser' from project 'swift-argument-parser')
    cd /Users/jamesalford/Library/Developer/Xcode/DerivedData/NotedCore-ftviuoyqruynvwbzbngenbwxsygv/SourcePackages/checkouts/swift-argument-parser
    builtin-copy -exclude .DS_Store -exclude CVS -exclude .svn -exclude .git -exclude .hg -resolve-src-symlinks /Users/jamesalford/Library/Developer/Xcode/DerivedData/NotedCore-ftviuoyqruynvwbzbngenbwxsygv/Build/Intermediates.noindex/swift-argument-parser.build/Debug-iphonesimulator/ArgumentParser.build/ArgumentParser.modulemap /Users/jamesalford/Library/Developer/Xcode/DerivedData/NotedCore-ftviuoyqruynvwbzbngenbwxsygv/Build/Intermediates.noindex/GeneratedModuleMaps-iphonesimulator

ProcessProductPackaging "" /Users/jamesalford/Library/Developer/Xcode/DerivedData/NotedCore-ftviuoyqruynvwbzbngenbwxsygv/Build/Intermediates.noindex/NotedCore.build/Debug-watchsimulator/NotedWatch\ Watch\ App.build/NotedWatch\ Watch\ App.app-Simulated.xcent (in target 'NotedWatch Watch App' from project 'NotedCore')
    cd /Users/jamesalford/Documents/NotedCore
    
    Entitlements:
    
    {
    "application-identifier" = "529ZZJHQR4.com.jamesalford.NotedCore.watchkitapp";
}
    
    builtin-productPackagingUtility -entitlements -format xml -o /Users/jamesalford/Library/Developer/Xcode/DerivedData/NotedCore-ftviuoyqruynvwbzbngenbwxsygv/Build/Intermediates.noindex/NotedCore.build/Debug-watchsimulator/NotedWatch\ Watch\ App.build/NotedWatch\ Watch\ App.app-Simulated.xcent

CreateBuildDirectory /Users/jamesalford/Library/Developer/Xcode/DerivedData/NotedCore-ftviuoyqruynvwbzbngenbwxsygv/Build/Products/Debug-watchsimulator/PackageFrameworks
    cd /Users/jamesalford/Documents/NotedCore/NotedCore.xcodeproj
    builtin-create-build-directory /Users/jamesalford/Library/Developer/Xcode/DerivedData/NotedCore-ftviuoyqruynvwbzbngenbwxsygv/Build/Products/Debug-watchsimulator/PackageFrameworks

CreateBuildDirectory /Users/jamesalford/Library/Developer/Xcode/DerivedData/NotedCore-ftviuoyqruynvwbzbngenbwxsygv/Build/Products/Debug-iphonesimulator/PackageFrameworks
    cd /Users/jamesalford/Documents/NotedCore/NotedCore.xcodeproj
    builtin-create-build-directory /Users/jamesalford/Library/Developer/Xcode/DerivedData/NotedCore-ftviuoyqruynvwbzbngenbwxsygv/Build/Products/Debug-iphonesimulator/PackageFrameworks

ProcessProductPackagingDER /Users/jamesalford/Library/Developer/Xcode/DerivedData/NotedCore-ftviuoyqruynvwbzbngenbwxsygv/Build/Intermediates.noindex/NotedCore.build/Debug-watchsimulator/NotedWatch\ Watch\ App.build/NotedWatch\ Watch\ App.app-Simulated.xcent /Users/jamesalford/Library/Developer/Xcode/DerivedData/NotedCore-ftviuoyqruynvwbzbngenbwxsygv/Build/Intermediates.noindex/NotedCore.build/Debug-watchsimulator/NotedWatch\ Watch\ App.build/NotedWatch\ Watch\ App.app-Simulated.xcent.der (in target 'NotedWatch Watch App' from project 'NotedCore')
    cd /Users/jamesalford/Documents/NotedCore
    /usr/bin/derq query -f xml -i /Users/jamesalford/Library/Developer/Xcode/DerivedData/NotedCore-ftviuoyqruynvwbzbngenbwxsygv/Build/Intermediates.noindex/NotedCore.build/Debug-watchsimulator/NotedWatch\ Watch\ App.build/NotedWatch\ Watch\ App.app-Simulated.xcent -o /Users/jamesalford/Library/Developer/Xcode/DerivedData/NotedCore-ftviuoyqruynvwbzbngenbwxsygv/Build/Intermediates.noindex/NotedCore.build/Debug-watchsimulator/NotedWatch\ Watch\ App.build/NotedWatch\ Watch\ App.app-Simulated.xcent.der --raw

ProcessInfoPlistFile /Users/jamesalford/Library/Developer/Xcode/DerivedData/NotedCore-ftviuoyqruynvwbzbngenbwxsygv/Build/Products/Debug-iphonesimulator/swift-transformers_Hub.bundle/Info.plist /Users/jamesalford/Library/Developer/Xcode/DerivedData/NotedCore-ftviuoyqruynvwbzbngenbwxsygv/Build/Intermediates.noindex/swift-transformers.build/Debug-iphonesimulator/swift-transformers_Hub.build/empty-swift-transformers_Hub.plist (in target 'swift-transformers_Hub' from project 'swift-transformers')
    cd /Users/jamesalford/Library/Developer/Xcode/DerivedData/NotedCore-ftviuoyqruynvwbzbngenbwxsygv/SourcePackages/checkouts/swift-transformers
    builtin-infoPlistUtility /Users/jamesalford/Library/Developer/Xcode/DerivedData/NotedCore-ftviuoyqruynvwbzbngenbwxsygv/Build/Intermediates.noindex/swift-transformers.build/Debug-iphonesimulator/swift-transformers_Hub.build/empty-swift-transformers_Hub.plist -producttype com.apple.product-type.bundle -expandbuildsettings -format binary -platform iphonesimulator -o /Users/jamesalford/Library/Developer/Xcode/DerivedData/NotedCore-ftviuoyqruynvwbzbngenbwxsygv/Build/Products/Debug-iphonesimulator/swift-transformers_Hub.bundle/Info.plist

CpResource /Users/jamesalford/Library/Developer/Xcode/DerivedData/NotedCore-ftviuoyqruynvwbzbngenbwxsygv/Build/Products/Debug-iphonesimulator/swift-transformers_Hub.bundle/t5_tokenizer_config.json /Users/jamesalford/Library/Developer/Xcode/DerivedData/NotedCore-ftviuoyqruynvwbzbngenbwxsygv/SourcePackages/checkouts/swift-transformers/Sources/Hub/FallbackConfigs/t5_tokenizer_config.json (in target 'swift-transformers_Hub' from project 'swift-transformers')
    cd /Users/jamesalford/Library/Developer/Xcode/DerivedData/NotedCore-ftviuoyqruynvwbzbngenbwxsygv/SourcePackages/checkouts/swift-transformers
    builtin-copy -exclude .DS_Store -exclude CVS -exclude .svn -exclude .git -exclude .hg -resolve-src-symlinks /Users/jamesalford/Library/Developer/Xcode/DerivedData/NotedCore-ftviuoyqruynvwbzbngenbwxsygv/SourcePackages/checkouts/swift-transformers/Sources/Hub/FallbackConfigs/t5_tokenizer_config.json /Users/jamesalford/Library/Developer/Xcode/DerivedData/NotedCore-ftviuoyqruynvwbzbngenbwxsygv/Build/Products/Debug-iphonesimulator/swift-transformers_Hub.bundle

CpResource /Users/jamesalford/Library/Developer/Xcode/DerivedData/NotedCore-ftviuoyqruynvwbzbngenbwxsygv/Build/Products/Debug-iphonesimulator/swift-transformers_Hub.bundle/gpt2_tokenizer_config.json /Users/jamesalford/Library/Developer/Xcode/DerivedData/NotedCore-ftviuoyqruynvwbzbngenbwxsygv/SourcePackages/checkouts/swift-transformers/Sources/Hub/FallbackConfigs/gpt2_tokenizer_config.json (in target 'swift-transformers_Hub' from project 'swift-transformers')
    cd /Users/jamesalford/Library/Developer/Xcode/DerivedData/NotedCore-ftviuoyqruynvwbzbngenbwxsygv/SourcePackages/checkouts/swift-transformers
    builtin-copy -exclude .DS_Store -exclude CVS -exclude .svn -exclude .git -exclude .hg -resolve-src-symlinks /Users/jamesalford/Library/Developer/Xcode/DerivedData/NotedCore-ftviuoyqruynvwbzbngenbwxsygv/SourcePackages/checkouts/swift-transformers/Sources/Hub/FallbackConfigs/gpt2_tokenizer_config.json /Users/jamesalford/Library/Developer/Xcode/DerivedData/NotedCore-ftviuoyqruynvwbzbngenbwxsygv/Build/Products/Debug-iphonesimulator/swift-transformers_Hub.bundle

ProcessInfoPlistFile /Users/jamesalford/Library/Developer/Xcode/DerivedData/NotedCore-ftviuoyqruynvwbzbngenbwxsygv/Build/Products/Debug-iphonesimulator/mlx-swift_Cmlx.bundle/Info.plist /Users/jamesalford/Library/Developer/Xcode/DerivedData/NotedCore-ftviuoyqruynvwbzbngenbwxsygv/Build/Intermediates.noindex/mlx-swift.build/Debug-iphonesimulator/mlx-swift_Cmlx.build/empty-mlx-swift_Cmlx.plist (in target 'mlx-swift_Cmlx' from project 'mlx-swift')
    cd /Users/jamesalford/Library/Developer/Xcode/DerivedData/NotedCore-ftviuoyqruynvwbzbngenbwxsygv/SourcePackages/checkouts/mlx-swift
    builtin-infoPlistUtility /Users/jamesalford/Library/Developer/Xcode/DerivedData/NotedCore-ftviuoyqruynvwbzbngenbwxsygv/Build/Intermediates.noindex/mlx-swift.build/Debug-iphonesimulator/mlx-swift_Cmlx.build/empty-mlx-swift_Cmlx.plist -producttype com.apple.product-type.bundle -expandbuildsettings -format binary -platform iphonesimulator -o /Users/jamesalford/Library/Developer/Xcode/DerivedData/NotedCore-ftviuoyqruynvwbzbngenbwxsygv/Build/Products/Debug-iphonesimulator/mlx-swift_Cmlx.bundle/Info.plist

CompileMetalFile /Users/jamesalford/Library/Developer/Xcode/DerivedData/NotedCore-ftviuoyqruynvwbzbngenbwxsygv/SourcePackages/checkouts/mlx-swift/Source/Cmlx/mlx-generated/metal/steel/attn/kernels/steel_attention.metal (in target 'mlx-swift_Cmlx' from project 'mlx-swift')
    cd /Users/jamesalford/Library/Developer/Xcode/DerivedData/NotedCore-ftviuoyqruynvwbzbngenbwxsygv/SourcePackages/checkouts/mlx-swift
    /var/run/com.apple.security.cryptexd/mnt/com.apple.MobileAsset.MetalToolchain-v17.1.324.0.6zKCg8/Metal.xctoolchain/usr/bin/metal -c -target air64-apple-ios16.0-simulator -I/Users/jamesalford/Library/Developer/Xcode/DerivedData/NotedCore-ftviuoyqruynvwbzbngenbwxsygv/Build/Products/Debug-iphonesimulator/include -F/Users/jamesalford/Library/Developer/Xcode/DerivedData/NotedCore-ftviuoyqruynvwbzbngenbwxsygv/Build/Products/Debug-iphonesimulator -isysroot /Applications/Xcode.app/Contents/Developer/Platforms/iPhoneSimulator.platform/Developer/SDKs/iPhoneSimulator26.0.sdk -fmetal-math-mode\=fast -fmetal-math-fp32-functions\=fast -serialize-diagnostics /Users/jamesalford/Library/Developer/Xcode/DerivedData/NotedCore-ftviuoyqruynvwbzbngenbwxsygv/Build/Intermediates.noindex/mlx-swift.build/Debug-iphonesimulator/mlx-swift_Cmlx.build/Metal/steel_attention.dia -o /Users/jamesalford/Library/Developer/Xcode/DerivedData/NotedCore-ftviuoyqruynvwbzbngenbwxsygv/Build/Intermediates.noindex/mlx-swift.build/Debug-iphonesimulator/mlx-swift_Cmlx.build/Metal/steel_attention.air -MMD -MT dependencies -MF /Users/jamesalford/Library/Developer/Xcode/DerivedData/NotedCore-ftviuoyqruynvwbzbngenbwxsygv/Build/Intermediates.noindex/mlx-swift.build/Debug-iphonesimulator/mlx-swift_Cmlx.build/Metal/steel_attention.dat /Users/jamesalford/Library/Developer/Xcode/DerivedData/NotedCore-ftviuoyqruynvwbzbngenbwxsygv/SourcePackages/checkouts/mlx-swift/Source/Cmlx/mlx-generated/metal/steel/attn/kernels/steel_attention.metal
In file included from /Users/jamesalford/Library/Developer/Xcode/DerivedData/NotedCore-ftviuoyqruynvwbzbngenbwxsygv/SourcePackages/checkouts/mlx-swift/Source/Cmlx/mlx-generated/metal/steel/attn/kernels/steel_attention.metal:7:
/Users/jamesalford/Library/Developer/Xcode/DerivedData/NotedCore-ftviuoyqruynvwbzbngenbwxsygv/SourcePackages/checkouts/mlx-swift/Source/Cmlx/mlx-generated/metal/steel/attn/kernels/../../../steel/attn/kernels/steel_attention.h:349:16: warning: constexpr if is a C++17 extension [-Wc++17-extensions]
            if constexpr (is_bool) {
               ^
/Users/jamesalford/Library/Developer/Xcode/DerivedData/NotedCore-ftviuoyqruynvwbzbngenbwxsygv/SourcePackages/checkouts/mlx-swift/Source/Cmlx/mlx-generated/metal/steel/attn/kernels/../../../steel/attn/kernels/steel_attention.h:419:14: warning: constexpr if is a C++17 extension [-Wc++17-extensions]
          if constexpr (BD == 128) {
             ^
/Users/jamesalford/Library/Developer/Xcode/DerivedData/NotedCore-ftviuoyqruynvwbzbngenbwxsygv/SourcePackages/checkouts/mlx-swift/Source/Cmlx/mlx-generated/metal/steel/attn/kernels/../../../steel/attn/kernels/steel_attention.h:429:14: warning: constexpr if is a C++17 extension [-Wc++17-extensions]
          if constexpr (BD == 128) {
             ^
3 warnings generated.

CompileMetalFile /Users/jamesalford/Library/Developer/Xcode/DerivedData/NotedCore-ftviuoyqruynvwbzbngenbwxsygv/SourcePackages/checkouts/mlx-swift/Source/Cmlx/mlx-generated/metal/scaled_dot_product_attention.metal (in target 'mlx-swift_Cmlx' from project 'mlx-swift')
    cd /Users/jamesalford/Library/Developer/Xcode/DerivedData/NotedCore-ftviuoyqruynvwbzbngenbwxsygv/SourcePackages/checkouts/mlx-swift
    /var/run/com.apple.security.cryptexd/mnt/com.apple.MobileAsset.MetalToolchain-v17.1.324.0.6zKCg8/Metal.xctoolchain/usr/bin/metal -c -target air64-apple-ios16.0-simulator -I/Users/jamesalford/Library/Developer/Xcode/DerivedData/NotedCore-ftviuoyqruynvwbzbngenbwxsygv/Build/Products/Debug-iphonesimulator/include -F/Users/jamesalford/Library/Developer/Xcode/DerivedData/NotedCore-ftviuoyqruynvwbzbngenbwxsygv/Build/Products/Debug-iphonesimulator -isysroot /Applications/Xcode.app/Contents/Developer/Platforms/iPhoneSimulator.platform/Developer/SDKs/iPhoneSimulator26.0.sdk -fmetal-math-mode\=fast -fmetal-math-fp32-functions\=fast -serialize-diagnostics /Users/jamesalford/Library/Developer/Xcode/DerivedData/NotedCore-ftviuoyqruynvwbzbngenbwxsygv/Build/Intermediates.noindex/mlx-swift.build/Debug-iphonesimulator/mlx-swift_Cmlx.build/Metal/scaled_dot_product_attention.dia -o /Users/jamesalford/Library/Developer/Xcode/DerivedData/NotedCore-ftviuoyqruynvwbzbngenbwxsygv/Build/Intermediates.noindex/mlx-swift.build/Debug-iphonesimulator/mlx-swift_Cmlx.build/Metal/scaled_dot_product_attention.air -MMD -MT dependencies -MF /Users/jamesalford/Library/Developer/Xcode/DerivedData/NotedCore-ftviuoyqruynvwbzbngenbwxsygv/Build/Intermediates.noindex/mlx-swift.build/Debug-iphonesimulator/mlx-swift_Cmlx.build/Metal/scaled_dot_product_attention.dat /Users/jamesalford/Library/Developer/Xcode/DerivedData/NotedCore-ftviuoyqruynvwbzbngenbwxsygv/SourcePackages/checkouts/mlx-swift/Source/Cmlx/mlx-generated/metal/scaled_dot_product_attention.metal

CompileMetalFile /Users/jamesalford/Library/Developer/Xcode/DerivedData/NotedCore-ftviuoyqruynvwbzbngenbwxsygv/SourcePackages/checkouts/mlx-swift/Source/Cmlx/mlx-generated/metal/rope.metal (in target 'mlx-swift_Cmlx' from project 'mlx-swift')
    cd /Users/jamesalford/Library/Developer/Xcode/DerivedData/NotedCore-ftviuoyqruynvwbzbngenbwxsygv/SourcePackages/checkouts/mlx-swift
    /var/run/com.apple.security.cryptexd/mnt/com.apple.MobileAsset.MetalToolchain-v17.1.324.0.6zKCg8/Metal.xctoolchain/usr/bin/metal -c -target air64-apple-ios16.0-simulator -I/Users/jamesalford/Library/Developer/Xcode/DerivedData/NotedCore-ftviuoyqruynvwbzbngenbwxsygv/Build/Products/Debug-iphonesimulator/include -F/Users/jamesalford/Library/Developer/Xcode/DerivedData/NotedCore-ftviuoyqruynvwbzbngenbwxsygv/Build/Products/Debug-iphonesimulator -isysroot /Applications/Xcode.app/Contents/Developer/Platforms/iPhoneSimulator.platform/Developer/SDKs/iPhoneSimulator26.0.sdk -fmetal-math-mode\=fast -fmetal-math-fp32-functions\=fast -serialize-diagnostics /Users/jamesalford/Library/Developer/Xcode/DerivedData/NotedCore-ftviuoyqruynvwbzbngenbwxsygv/Build/Intermediates.noindex/mlx-swift.build/Debug-iphonesimulator/mlx-swift_Cmlx.build/Metal/rope.dia -o /Users/jamesalford/Library/Developer/Xcode/DerivedData/NotedCore-ftviuoyqruynvwbzbngenbwxsygv/Build/Intermediates.noindex/mlx-swift.build/Debug-iphonesimulator/mlx-swift_Cmlx.build/Metal/rope.air -MMD -MT dependencies -MF /Users/jamesalford/Library/Developer/Xcode/DerivedData/NotedCore-ftviuoyqruynvwbzbngenbwxsygv/Build/Intermediates.noindex/mlx-swift.build/Debug-iphonesimulator/mlx-swift_Cmlx.build/Metal/rope.dat /Users/jamesalford/Library/Developer/Xcode/DerivedData/NotedCore-ftviuoyqruynvwbzbngenbwxsygv/SourcePackages/checkouts/mlx-swift/Source/Cmlx/mlx-generated/metal/rope.metal

CompileMetalFile /Users/jamesalford/Library/Developer/Xcode/DerivedData/NotedCore-ftviuoyqruynvwbzbngenbwxsygv/SourcePackages/checkouts/mlx-swift/Source/Cmlx/mlx-generated/metal/rms_norm.metal (in target 'mlx-swift_Cmlx' from project 'mlx-swift')
    cd /Users/jamesalford/Library/Developer/Xcode/DerivedData/NotedCore-ftviuoyqruynvwbzbngenbwxsygv/SourcePackages/checkouts/mlx-swift
    /var/run/com.apple.security.cryptexd/mnt/com.apple.MobileAsset.MetalToolchain-v17.1.324.0.6zKCg8/Metal.xctoolchain/usr/bin/metal -c -target air64-apple-ios16.0-simulator -I/Users/jamesalford/Library/Developer/Xcode/DerivedData/NotedCore-ftviuoyqruynvwbzbngenbwxsygv/Build/Products/Debug-iphonesimulator/include -F/Users/jamesalford/Library/Developer/Xcode/DerivedData/NotedCore-ftviuoyqruynvwbzbngenbwxsygv/Build/Products/Debug-iphonesimulator -isysroot /Applications/Xcode.app/Contents/Developer/Platforms/iPhoneSimulator.platform/Developer/SDKs/iPhoneSimulator26.0.sdk -fmetal-math-mode\=fast -fmetal-math-fp32-functions\=fast -serialize-diagnostics /Users/jamesalford/Library/Developer/Xcode/DerivedData/NotedCore-ftviuoyqruynvwbzbngenbwxsygv/Build/Intermediates.noindex/mlx-swift.build/Debug-iphonesimulator/mlx-swift_Cmlx.build/Metal/rms_norm.dia -o /Users/jamesalford/Library/Developer/Xcode/DerivedData/NotedCore-ftviuoyqruynvwbzbngenbwxsygv/Build/Intermediates.noindex/mlx-swift.build/Debug-iphonesimulator/mlx-swift_Cmlx.build/Metal/rms_norm.air -MMD -MT dependencies -MF /Users/jamesalford/Library/Developer/Xcode/DerivedData/NotedCore-ftviuoyqruynvwbzbngenbwxsygv/Build/Intermediates.noindex/mlx-swift.build/Debug-iphonesimulator/mlx-swift_Cmlx.build/Metal/rms_norm.dat /Users/jamesalford/Library/Developer/Xcode/DerivedData/NotedCore-ftviuoyqruynvwbzbngenbwxsygv/SourcePackages/checkouts/mlx-swift/Source/Cmlx/mlx-generated/metal/rms_norm.metal

CompileMetalFile /Users/jamesalford/Library/Developer/Xcode/DerivedData/NotedCore-ftviuoyqruynvwbzbngenbwxsygv/SourcePackages/checkouts/mlx-swift/Source/Cmlx/mlx-generated/metal/random.metal (in target 'mlx-swift_Cmlx' from project 'mlx-swift')
    cd /Users/jamesalford/Library/Developer/Xcode/DerivedData/NotedCore-ftviuoyqruynvwbzbngenbwxsygv/SourcePackages/checkouts/mlx-swift
    /var/run/com.apple.security.cryptexd/mnt/com.apple.MobileAsset.MetalToolchain-v17.1.324.0.6zKCg8/Metal.xctoolchain/usr/bin/metal -c -target air64-apple-ios16.0-simulator -I/Users/jamesalford/Library/Developer/Xcode/DerivedData/NotedCore-ftviuoyqruynvwbzbngenbwxsygv/Build/Products/Debug-iphonesimulator/include -F/Users/jamesalford/Library/Developer/Xcode/DerivedData/NotedCore-ftviuoyqruynvwbzbngenbwxsygv/Build/Products/Debug-iphonesimulator -isysroot /Applications/Xcode.app/Contents/Developer/Platforms/iPhoneSimulator.platform/Developer/SDKs/iPhoneSimulator26.0.sdk -fmetal-math-mode\=fast -fmetal-math-fp32-functions\=fast -serialize-diagnostics /Users/jamesalford/Library/Developer/Xcode/DerivedData/NotedCore-ftviuoyqruynvwbzbngenbwxsygv/Build/Intermediates.noindex/mlx-swift.build/Debug-iphonesimulator/mlx-swift_Cmlx.build/Metal/random.dia -o /Users/jamesalford/Library/Developer/Xcode/DerivedData/NotedCore-ftviuoyqruynvwbzbngenbwxsygv/Build/Intermediates.noindex/mlx-swift.build/Debug-iphonesimulator/mlx-swift_Cmlx.build/Metal/random.air -MMD -MT dependencies -MF /Users/jamesalford/Library/Developer/Xcode/DerivedData/NotedCore-ftviuoyqruynvwbzbngenbwxsygv/Build/Intermediates.noindex/mlx-swift.build/Debug-iphonesimulator/mlx-swift_Cmlx.build/Metal/random.dat /Users/jamesalford/Library/Developer/Xcode/DerivedData/NotedCore-ftviuoyqruynvwbzbngenbwxsygv/SourcePackages/checkouts/mlx-swift/Source/Cmlx/mlx-generated/metal/random.metal

CompileMetalFile /Users/jamesalford/Library/Developer/Xcode/DerivedData/NotedCore-ftviuoyqruynvwbzbngenbwxsygv/SourcePackages/checkouts/mlx-swift/Source/Cmlx/mlx-generated/metal/layer_norm.metal (in target 'mlx-swift_Cmlx' from project 'mlx-swift')
    cd /Users/jamesalford/Library/Developer/Xcode/DerivedData/NotedCore-ftviuoyqruynvwbzbngenbwxsygv/SourcePackages/checkouts/mlx-swift
    /var/run/com.apple.security.cryptexd/mnt/com.apple.MobileAsset.MetalToolchain-v17.1.324.0.6zKCg8/Metal.xctoolchain/usr/bin/metal -c -target air64-apple-ios16.0-simulator -I/Users/jamesalford/Library/Developer/Xcode/DerivedData/NotedCore-ftviuoyqruynvwbzbngenbwxsygv/Build/Products/Debug-iphonesimulator/include -F/Users/jamesalford/Library/Developer/Xcode/DerivedData/NotedCore-ftviuoyqruynvwbzbngenbwxsygv/Build/Products/Debug-iphonesimulator -isysroot /Applications/Xcode.app/Contents/Developer/Platforms/iPhoneSimulator.platform/Developer/SDKs/iPhoneSimulator26.0.sdk -fmetal-math-mode\=fast -fmetal-math-fp32-functions\=fast -serialize-diagnostics /Users/jamesalford/Library/Developer/Xcode/DerivedData/NotedCore-ftviuoyqruynvwbzbngenbwxsygv/Build/Intermediates.noindex/mlx-swift.build/Debug-iphonesimulator/mlx-swift_Cmlx.build/Metal/layer_norm.dia -o /Users/jamesalford/Library/Developer/Xcode/DerivedData/NotedCore-ftviuoyqruynvwbzbngenbwxsygv/Build/Intermediates.noindex/mlx-swift.build/Debug-iphonesimulator/mlx-swift_Cmlx.build/Metal/layer_norm.air -MMD -MT dependencies -MF /Users/jamesalford/Library/Developer/Xcode/DerivedData/NotedCore-ftviuoyqruynvwbzbngenbwxsygv/Build/Intermediates.noindex/mlx-swift.build/Debug-iphonesimulator/mlx-swift_Cmlx.build/Metal/layer_norm.dat /Users/jamesalford/Library/Developer/Xcode/DerivedData/NotedCore-ftviuoyqruynvwbzbngenbwxsygv/SourcePackages/checkouts/mlx-swift/Source/Cmlx/mlx-generated/metal/layer_norm.metal

CompileMetalFile /Users/jamesalford/Library/Developer/Xcode/DerivedData/NotedCore-ftviuoyqruynvwbzbngenbwxsygv/SourcePackages/checkouts/mlx-swift/Source/Cmlx/mlx-generated/metal/gemv.metal (in target 'mlx-swift_Cmlx' from project 'mlx-swift')
    cd /Users/jamesalford/Library/Developer/Xcode/DerivedData/NotedCore-ftviuoyqruynvwbzbngenbwxsygv/SourcePackages/checkouts/mlx-swift
    /var/run/com.apple.security.cryptexd/mnt/com.apple.MobileAsset.MetalToolchain-v17.1.324.0.6zKCg8/Metal.xctoolchain/usr/bin/metal -c -target air64-apple-ios16.0-simulator -I/Users/jamesalford/Library/Developer/Xcode/DerivedData/NotedCore-ftviuoyqruynvwbzbngenbwxsygv/Build/Products/Debug-iphonesimulator/include -F/Users/jamesalford/Library/Developer/Xcode/DerivedData/NotedCore-ftviuoyqruynvwbzbngenbwxsygv/Build/Products/Debug-iphonesimulator -isysroot /Applications/Xcode.app/Contents/Developer/Platforms/iPhoneSimulator.platform/Developer/SDKs/iPhoneSimulator26.0.sdk -fmetal-math-mode\=fast -fmetal-math-fp32-functions\=fast -serialize-diagnostics /Users/jamesalford/Library/Developer/Xcode/DerivedData/NotedCore-ftviuoyqruynvwbzbngenbwxsygv/Build/Intermediates.noindex/mlx-swift.build/Debug-iphonesimulator/mlx-swift_Cmlx.build/Metal/gemv.dia -o /Users/jamesalford/Library/Developer/Xcode/DerivedData/NotedCore-ftviuoyqruynvwbzbngenbwxsygv/Build/Intermediates.noindex/mlx-swift.build/Debug-iphonesimulator/mlx-swift_Cmlx.build/Metal/gemv.air -MMD -MT dependencies -MF /Users/jamesalford/Library/Developer/Xcode/DerivedData/NotedCore-ftviuoyqruynvwbzbngenbwxsygv/Build/Intermediates.noindex/mlx-swift.build/Debug-iphonesimulator/mlx-swift_Cmlx.build/Metal/gemv.dat /Users/jamesalford/Library/Developer/Xcode/DerivedData/NotedCore-ftviuoyqruynvwbzbngenbwxsygv/SourcePackages/checkouts/mlx-swift/Source/Cmlx/mlx-generated/metal/gemv.metal

CompileMetalFile /Users/jamesalford/Library/Developer/Xcode/DerivedData/NotedCore-ftviuoyqruynvwbzbngenbwxsygv/SourcePackages/checkouts/mlx-swift/Source/Cmlx/mlx-generated/metal/conv.metal (in target 'mlx-swift_Cmlx' from project 'mlx-swift')
    cd /Users/jamesalford/Library/Developer/Xcode/DerivedData/NotedCore-ftviuoyqruynvwbzbngenbwxsygv/SourcePackages/checkouts/mlx-swift
    /var/run/com.apple.security.cryptexd/mnt/com.apple.MobileAsset.MetalToolchain-v17.1.324.0.6zKCg8/Metal.xctoolchain/usr/bin/metal -c -target air64-apple-ios16.0-simulator -I/Users/jamesalford/Library/Developer/Xcode/DerivedData/NotedCore-ftviuoyqruynvwbzbngenbwxsygv/Build/Products/Debug-iphonesimulator/include -F/Users/jamesalford/Library/Developer/Xcode/DerivedData/NotedCore-ftviuoyqruynvwbzbngenbwxsygv/Build/Products/Debug-iphonesimulator -isysroot /Applications/Xcode.app/Contents/Developer/Platforms/iPhoneSimulator.platform/Developer/SDKs/iPhoneSimulator26.0.sdk -fmetal-math-mode\=fast -fmetal-math-fp32-functions\=fast -serialize-diagnostics /Users/jamesalford/Library/Developer/Xcode/DerivedData/NotedCore-ftviuoyqruynvwbzbngenbwxsygv/Build/Intermediates.noindex/mlx-swift.build/Debug-iphonesimulator/mlx-swift_Cmlx.build/Metal/conv.dia -o /Users/jamesalford/Library/Developer/Xcode/DerivedData/NotedCore-ftviuoyqruynvwbzbngenbwxsygv/Build/Intermediates.noindex/mlx-swift.build/Debug-iphonesimulator/mlx-swift_Cmlx.build/Metal/conv.air -MMD -MT dependencies -MF /Users/jamesalford/Library/Developer/Xcode/DerivedData/NotedCore-ftviuoyqruynvwbzbngenbwxsygv/Build/Intermediates.noindex/mlx-swift.build/Debug-iphonesimulator/mlx-swift_Cmlx.build/Metal/conv.dat /Users/jamesalford/Library/Developer/Xcode/DerivedData/NotedCore-ftviuoyqruynvwbzbngenbwxsygv/SourcePackages/checkouts/mlx-swift/Source/Cmlx/mlx-generated/metal/conv.metal

CompileMetalFile /Users/jamesalford/Library/Developer/Xcode/DerivedData/NotedCore-ftviuoyqruynvwbzbngenbwxsygv/SourcePackages/checkouts/mlx-swift/Source/Cmlx/mlx-generated/metal/arg_reduce.metal (in target 'mlx-swift_Cmlx' from project 'mlx-swift')
    cd /Users/jamesalford/Library/Developer/Xcode/DerivedData/NotedCore-ftviuoyqruynvwbzbngenbwxsygv/SourcePackages/checkouts/mlx-swift
    /var/run/com.apple.security.cryptexd/mnt/com.apple.MobileAsset.MetalToolchain-v17.1.324.0.6zKCg8/Metal.xctoolchain/usr/bin/metal -c -target air64-apple-ios16.0-simulator -I/Users/jamesalford/Library/Developer/Xcode/DerivedData/NotedCore-ftviuoyqruynvwbzbngenbwxsygv/Build/Products/Debug-iphonesimulator/include -F/Users/jamesalford/Library/Developer/Xcode/DerivedData/NotedCore-ftviuoyqruynvwbzbngenbwxsygv/Build/Products/Debug-iphonesimulator -isysroot /Applications/Xcode.app/Contents/Developer/Platforms/iPhoneSimulator.platform/Developer/SDKs/iPhoneSimulator26.0.sdk -fmetal-math-mode\=fast -fmetal-math-fp32-functions\=fast -serialize-diagnostics /Users/jamesalford/Library/Developer/Xcode/DerivedData/NotedCore-ftviuoyqruynvwbzbngenbwxsygv/Build/Intermediates.noindex/mlx-swift.build/Debug-iphonesimulator/mlx-swift_Cmlx.build/Metal/arg_reduce.dia -o /Users/jamesalford/Library/Developer/Xcode/DerivedData/NotedCore-ftviuoyqruynvwbzbngenbwxsygv/Build/Intermediates.noindex/mlx-swift.build/Debug-iphonesimulator/mlx-swift_Cmlx.build/Metal/arg_reduce.air -MMD -MT dependencies -MF /Users/jamesalford/Library/Developer/Xcode/DerivedData/NotedCore-ftviuoyqruynvwbzbngenbwxsygv/Build/Intermediates.noindex/mlx-swift.build/Debug-iphonesimulator/mlx-swift_Cmlx.build/Metal/arg_reduce.dat /Users/jamesalford/Library/Developer/Xcode/DerivedData/NotedCore-ftviuoyqruynvwbzbngenbwxsygv/SourcePackages/checkouts/mlx-swift/Source/Cmlx/mlx-generated/metal/arg_reduce.metal

CodeSign /Users/jamesalford/Library/Developer/Xcode/DerivedData/NotedCore-ftviuoyqruynvwbzbngenbwxsygv/Build/Products/Debug-iphonesimulator/swift-transformers_Hub.bundle (in target 'swift-transformers_Hub' from project 'swift-transformers')
    cd /Users/jamesalford/Library/Developer/Xcode/DerivedData/NotedCore-ftviuoyqruynvwbzbngenbwxsygv/SourcePackages/checkouts/swift-transformers
    
    Signing Identity:     "Sign to Run Locally"
    
    /usr/bin/codesign --force --sign - --timestamp\=none --generate-entitlement-der /Users/jamesalford/Library/Developer/Xcode/DerivedData/NotedCore-ftviuoyqruynvwbzbngenbwxsygv/Build/Products/Debug-iphonesimulator/swift-transformers_Hub.bundle

Ld /Users/jamesalford/Library/Developer/Xcode/DerivedData/NotedCore-ftviuoyqruynvwbzbngenbwxsygv/Build/Intermediates.noindex/NotedCore.build/Debug-watchsimulator/NotedWatch\ Watch\ App.build/Objects-normal/arm64/Binary/__preview.dylib normal arm64 (in target 'NotedWatch Watch App' from project 'NotedCore')
    cd /Users/jamesalford/Documents/NotedCore
    /Applications/Xcode.app/Contents/Developer/Toolchains/XcodeDefault.xctoolchain/usr/bin/clang -Xlinker -reproducible -target arm64-apple-watchos26.0-simulator -dynamiclib -isysroot /Applications/Xcode.app/Contents/Developer/Platforms/WatchSimulator.platform/Developer/SDKs/WatchSimulator26.0.sdk -O0 -L/Users/jamesalford/Library/Developer/Xcode/DerivedData/NotedCore-ftviuoyqruynvwbzbngenbwxsygv/Build/Products/Debug-watchsimulator -F/Users/jamesalford/Library/Developer/Xcode/DerivedData/NotedCore-ftviuoyqruynvwbzbngenbwxsygv/Build/Products/Debug-watchsimulator -install_name @rpath/NotedWatch\ Watch\ App.debug.dylib -dead_strip -rdynamic -Xlinker -no_deduplicate -Xlinker -objc_abi_version -Xlinker 2 -Xlinker -debug_variant -Xlinker -dependency_info -Xlinker /Users/jamesalford/Library/Developer/Xcode/DerivedData/NotedCore-ftviuoyqruynvwbzbngenbwxsygv/Build/Intermediates.noindex/NotedCore.build/Debug-watchsimulator/NotedWatch\ Watch\ App.build/Objects-normal/arm64/NotedWatch\ Watch\ App_dependency_info.dat -Xlinker -sectcreate -Xlinker __TEXT -Xlinker __entitlements -Xlinker /Users/jamesalford/Library/Developer/Xcode/DerivedData/NotedCore-ftviuoyqruynvwbzbngenbwxsygv/Build/Intermediates.noindex/NotedCore.build/Debug-watchsimulator/NotedWatch\ Watch\ App.build/NotedWatch\ Watch\ App.app-Simulated.xcent -Xlinker -sectcreate -Xlinker __TEXT -Xlinker __ents_der -Xlinker /Users/jamesalford/Library/Developer/Xcode/DerivedData/NotedCore-ftviuoyqruynvwbzbngenbwxsygv/Build/Intermediates.noindex/NotedCore.build/Debug-watchsimulator/NotedWatch\ Watch\ App.build/NotedWatch\ Watch\ App.app-Simulated.xcent.der -Xlinker -no_adhoc_codesign -o /Users/jamesalford/Library/Developer/Xcode/DerivedData/NotedCore-ftviuoyqruynvwbzbngenbwxsygv/Build/Intermediates.noindex/NotedCore.build/Debug-watchsimulator/NotedWatch\ Watch\ App.build/Objects-normal/arm64/Binary/__preview.dylib

Ld /Users/jamesalford/Library/Developer/Xcode/DerivedData/NotedCore-ftviuoyqruynvwbzbngenbwxsygv/Build/Intermediates.noindex/NotedCore.build/Debug-watchsimulator/NotedWatch\ Watch\ App.build/Objects-normal/x86_64/Binary/__preview.dylib normal x86_64 (in target 'NotedWatch Watch App' from project 'NotedCore')
    cd /Users/jamesalford/Documents/NotedCore
    /Applications/Xcode.app/Contents/Developer/Toolchains/XcodeDefault.xctoolchain/usr/bin/clang -Xlinker -reproducible -target x86_64-apple-watchos26.0-simulator -dynamiclib -isysroot /Applications/Xcode.app/Contents/Developer/Platforms/WatchSimulator.platform/Developer/SDKs/WatchSimulator26.0.sdk -O0 -L/Users/jamesalford/Library/Developer/Xcode/DerivedData/NotedCore-ftviuoyqruynvwbzbngenbwxsygv/Build/Products/Debug-watchsimulator -F/Users/jamesalford/Library/Developer/Xcode/DerivedData/NotedCore-ftviuoyqruynvwbzbngenbwxsygv/Build/Products/Debug-watchsimulator -install_name @rpath/NotedWatch\ Watch\ App.debug.dylib -dead_strip -rdynamic -Xlinker -no_deduplicate -Xlinker -objc_abi_version -Xlinker 2 -Xlinker -debug_variant -Xlinker -dependency_info -Xlinker /Users/jamesalford/Library/Developer/Xcode/DerivedData/NotedCore-ftviuoyqruynvwbzbngenbwxsygv/Build/Intermediates.noindex/NotedCore.build/Debug-watchsimulator/NotedWatch\ Watch\ App.build/Objects-normal/x86_64/NotedWatch\ Watch\ App_dependency_info.dat -Xlinker -sectcreate -Xlinker __TEXT -Xlinker __entitlements -Xlinker /Users/jamesalford/Library/Developer/Xcode/DerivedData/NotedCore-ftviuoyqruynvwbzbngenbwxsygv/Build/Intermediates.noindex/NotedCore.build/Debug-watchsimulator/NotedWatch\ Watch\ App.build/NotedWatch\ Watch\ App.app-Simulated.xcent -Xlinker -sectcreate -Xlinker __TEXT -Xlinker __ents_der -Xlinker /Users/jamesalford/Library/Developer/Xcode/DerivedData/NotedCore-ftviuoyqruynvwbzbngenbwxsygv/Build/Intermediates.noindex/NotedCore.build/Debug-watchsimulator/NotedWatch\ Watch\ App.build/NotedWatch\ Watch\ App.app-Simulated.xcent.der -Xlinker -no_adhoc_codesign -o /Users/jamesalford/Library/Developer/Xcode/DerivedData/NotedCore-ftviuoyqruynvwbzbngenbwxsygv/Build/Intermediates.noindex/NotedCore.build/Debug-watchsimulator/NotedWatch\ Watch\ App.build/Objects-normal/x86_64/Binary/__preview.dylib

MkDir /Users/jamesalford/Library/Developer/Xcode/DerivedData/NotedCore-ftviuoyqruynvwbzbngenbwxsygv/Build/Intermediates.noindex/NotedCore.build/Debug-watchsimulator/NotedWatch\ Watch\ App.build/assetcatalog_output/unthinned (in target 'NotedWatch Watch App' from project 'NotedCore')
    cd /Users/jamesalford/Documents/NotedCore
    /bin/mkdir -p /Users/jamesalford/Library/Developer/Xcode/DerivedData/NotedCore-ftviuoyqruynvwbzbngenbwxsygv/Build/Intermediates.noindex/NotedCore.build/Debug-watchsimulator/NotedWatch\ Watch\ App.build/assetcatalog_output/unthinned

MkDir /Users/jamesalford/Library/Developer/Xcode/DerivedData/NotedCore-ftviuoyqruynvwbzbngenbwxsygv/Build/Intermediates.noindex/NotedCore.build/Debug-watchsimulator/NotedWatch\ Watch\ App.build/assetcatalog_output/thinned (in target 'NotedWatch Watch App' from project 'NotedCore')
    cd /Users/jamesalford/Documents/NotedCore
    /bin/mkdir -p /Users/jamesalford/Library/Developer/Xcode/DerivedData/NotedCore-ftviuoyqruynvwbzbngenbwxsygv/Build/Intermediates.noindex/NotedCore.build/Debug-watchsimulator/NotedWatch\ Watch\ App.build/assetcatalog_output/thinned

GenerateAssetSymbols /Users/jamesalford/Documents/NotedCore/NotedWatch\ Watch\ App/Assets.xcassets (in target 'NotedWatch Watch App' from project 'NotedCore')
    cd /Users/jamesalford/Documents/NotedCore
    /Applications/Xcode.app/Contents/Developer/usr/bin/actool /Users/jamesalford/Documents/NotedCore/NotedWatch\ Watch\ App/Assets.xcassets --compile /Users/jamesalford/Library/Developer/Xcode/DerivedData/NotedCore-ftviuoyqruynvwbzbngenbwxsygv/Build/Products/Debug-watchsimulator/NotedWatch\ Watch\ App.app --output-format human-readable-text --notices --warnings --export-dependency-info /Users/jamesalford/Library/Developer/Xcode/DerivedData/NotedCore-ftviuoyqruynvwbzbngenbwxsygv/Build/Intermediates.noindex/NotedCore.build/Debug-watchsimulator/NotedWatch\ Watch\ App.build/assetcatalog_dependencies --output-partial-info-plist /Users/jamesalford/Library/Developer/Xcode/DerivedData/NotedCore-ftviuoyqruynvwbzbngenbwxsygv/Build/Intermediates.noindex/NotedCore.build/Debug-watchsimulator/NotedWatch\ Watch\ App.build/assetcatalog_generated_info.plist --app-icon AppIcon --accent-color AccentColor --compress-pngs --enable-on-demand-resources YES --development-region en --target-device watch --minimum-deployment-target 26.0 --platform watchsimulator --bundle-identifier com.jamesalford.NotedCore.watchkitapp --generate-swift-asset-symbols /Users/jamesalford/Library/Developer/Xcode/DerivedData/NotedCore-ftviuoyqruynvwbzbngenbwxsygv/Build/Intermediates.noindex/NotedCore.build/Debug-watchsimulator/NotedWatch\ Watch\ App.build/DerivedSources/GeneratedAssetSymbols.swift --generate-objc-asset-symbols /Users/jamesalford/Library/Developer/Xcode/DerivedData/NotedCore-ftviuoyqruynvwbzbngenbwxsygv/Build/Intermediates.noindex/NotedCore.build/Debug-watchsimulator/NotedWatch\ Watch\ App.build/DerivedSources/GeneratedAssetSymbols.h --generate-asset-symbol-index /Users/jamesalford/Library/Developer/Xcode/DerivedData/NotedCore-ftviuoyqruynvwbzbngenbwxsygv/Build/Intermediates.noindex/NotedCore.build/Debug-watchsimulator/NotedWatch\ Watch\ App.build/DerivedSources/GeneratedAssetSymbols-Index.plist
/* com.apple.actool.compilation-results */
/Users/jamesalford/Library/Developer/Xcode/DerivedData/NotedCore-ftviuoyqruynvwbzbngenbwxsygv/Build/Intermediates.noindex/NotedCore.build/Debug-watchsimulator/NotedWatch Watch App.build/DerivedSources/GeneratedAssetSymbols-Index.plist
/Users/jamesalford/Library/Developer/Xcode/DerivedData/NotedCore-ftviuoyqruynvwbzbngenbwxsygv/Build/Intermediates.noindex/NotedCore.build/Debug-watchsimulator/NotedWatch Watch App.build/DerivedSources/GeneratedAssetSymbols.h
/Users/jamesalford/Library/Developer/Xcode/DerivedData/NotedCore-ftviuoyqruynvwbzbngenbwxsygv/Build/Intermediates.noindex/NotedCore.build/Debug-watchsimulator/NotedWatch Watch App.build/DerivedSources/GeneratedAssetSymbols.swift


CompileAssetCatalogVariant thinned /Users/jamesalford/Library/Developer/Xcode/DerivedData/NotedCore-ftviuoyqruynvwbzbngenbwxsygv/Build/Products/Debug-watchsimulator/NotedWatch\ Watch\ App.app /Users/jamesalford/Documents/NotedCore/NotedWatch\ Watch\ App/Assets.xcassets (in target 'NotedWatch Watch App' from project 'NotedCore')
    cd /Users/jamesalford/Documents/NotedCore
    /Applications/Xcode.app/Contents/Developer/usr/bin/actool /Users/jamesalford/Documents/NotedCore/NotedWatch\ Watch\ App/Assets.xcassets --compile /Users/jamesalford/Library/Developer/Xcode/DerivedData/NotedCore-ftviuoyqruynvwbzbngenbwxsygv/Build/Intermediates.noindex/NotedCore.build/Debug-watchsimulator/NotedWatch\ Watch\ App.build/assetcatalog_output/thinned --output-format human-readable-text --notices --warnings --export-dependency-info /Users/jamesalford/Library/Developer/Xcode/DerivedData/NotedCore-ftviuoyqruynvwbzbngenbwxsygv/Build/Intermediates.noindex/NotedCore.build/Debug-watchsimulator/NotedWatch\ Watch\ App.build/assetcatalog_dependencies_thinned --output-partial-info-plist /Users/jamesalford/Library/Developer/Xcode/DerivedData/NotedCore-ftviuoyqruynvwbzbngenbwxsygv/Build/Intermediates.noindex/NotedCore.build/Debug-watchsimulator/NotedWatch\ Watch\ App.build/assetcatalog_generated_info.plist_thinned --app-icon AppIcon --accent-color AccentColor --compress-pngs --enable-on-demand-resources YES --filter-for-thinning-device-configuration iPhone17,1 --filter-for-device-os-version 18.5 --development-region en --target-device watch --minimum-deployment-target 26.0 --platform watchsimulator
/* com.apple.actool.compilation-results */
/Users/jamesalford/Library/Developer/Xcode/DerivedData/NotedCore-ftviuoyqruynvwbzbngenbwxsygv/Build/Intermediates.noindex/NotedCore.build/Debug-watchsimulator/NotedWatch Watch App.build/assetcatalog_generated_info.plist_thinned


RegisterExecutionPolicyException /Users/jamesalford/Library/Developer/Xcode/DerivedData/NotedCore-ftviuoyqruynvwbzbngenbwxsygv/Build/Products/Debug-iphonesimulator/swift-transformers_Hub.bundle (in target 'swift-transformers_Hub' from project 'swift-transformers')
    cd /Users/jamesalford/Library/Developer/Xcode/DerivedData/NotedCore-ftviuoyqruynvwbzbngenbwxsygv/SourcePackages/checkouts/swift-transformers
    builtin-RegisterExecutionPolicyException /Users/jamesalford/Library/Developer/Xcode/DerivedData/NotedCore-ftviuoyqruynvwbzbngenbwxsygv/Build/Products/Debug-iphonesimulator/swift-transformers_Hub.bundle

CreateUniversalBinary /Users/jamesalford/Library/Developer/Xcode/DerivedData/NotedCore-ftviuoyqruynvwbzbngenbwxsygv/Build/Products/Debug-watchsimulator/NotedWatch\ Watch\ App.app/__preview.dylib normal arm64\ x86_64 (in target 'NotedWatch Watch App' from project 'NotedCore')
    cd /Users/jamesalford/Documents/NotedCore
    /Applications/Xcode.app/Contents/Developer/Toolchains/XcodeDefault.xctoolchain/usr/bin/lipo -create /Users/jamesalford/Library/Developer/Xcode/DerivedData/NotedCore-ftviuoyqruynvwbzbngenbwxsygv/Build/Intermediates.noindex/NotedCore.build/Debug-watchsimulator/NotedWatch\ Watch\ App.build/Objects-normal/arm64/Binary/__preview.dylib /Users/jamesalford/Library/Developer/Xcode/DerivedData/NotedCore-ftviuoyqruynvwbzbngenbwxsygv/Build/Intermediates.noindex/NotedCore.build/Debug-watchsimulator/NotedWatch\ Watch\ App.build/Objects-normal/x86_64/Binary/__preview.dylib -output /Users/jamesalford/Library/Developer/Xcode/DerivedData/NotedCore-ftviuoyqruynvwbzbngenbwxsygv/Build/Products/Debug-watchsimulator/NotedWatch\ Watch\ App.app/__preview.dylib

LinkAssetCatalog /Users/jamesalford/Documents/NotedCore/NotedWatch\ Watch\ App/Assets.xcassets (in target 'NotedWatch Watch App' from project 'NotedCore')
    cd /Users/jamesalford/Documents/NotedCore
    builtin-linkAssetCatalog --thinned /Users/jamesalford/Library/Developer/Xcode/DerivedData/NotedCore-ftviuoyqruynvwbzbngenbwxsygv/Build/Intermediates.noindex/NotedCore.build/Debug-watchsimulator/NotedWatch\ Watch\ App.build/assetcatalog_output/thinned --thinned-dependencies /Users/jamesalford/Library/Developer/Xcode/DerivedData/NotedCore-ftviuoyqruynvwbzbngenbwxsygv/Build/Intermediates.noindex/NotedCore.build/Debug-watchsimulator/NotedWatch\ Watch\ App.build/assetcatalog_dependencies_thinned --thinned-info-plist-content /Users/jamesalford/Library/Developer/Xcode/DerivedData/NotedCore-ftviuoyqruynvwbzbngenbwxsygv/Build/Intermediates.noindex/NotedCore.build/Debug-watchsimulator/NotedWatch\ Watch\ App.build/assetcatalog_generated_info.plist_thinned --unthinned /Users/jamesalford/Library/Developer/Xcode/DerivedData/NotedCore-ftviuoyqruynvwbzbngenbwxsygv/Build/Intermediates.noindex/NotedCore.build/Debug-watchsimulator/NotedWatch\ Watch\ App.build/assetcatalog_output/unthinned --unthinned-dependencies /Users/jamesalford/Library/Developer/Xcode/DerivedData/NotedCore-ftviuoyqruynvwbzbngenbwxsygv/Build/Intermediates.noindex/NotedCore.build/Debug-watchsimulator/NotedWatch\ Watch\ App.build/assetcatalog_dependencies_unthinned --unthinned-info-plist-content /Users/jamesalford/Library/Developer/Xcode/DerivedData/NotedCore-ftviuoyqruynvwbzbngenbwxsygv/Build/Intermediates.noindex/NotedCore.build/Debug-watchsimulator/NotedWatch\ Watch\ App.build/assetcatalog_generated_info.plist_unthinned --output /Users/jamesalford/Library/Developer/Xcode/DerivedData/NotedCore-ftviuoyqruynvwbzbngenbwxsygv/Build/Products/Debug-watchsimulator/NotedWatch\ Watch\ App.app --plist-output /Users/jamesalford/Library/Developer/Xcode/DerivedData/NotedCore-ftviuoyqruynvwbzbngenbwxsygv/Build/Intermediates.noindex/NotedCore.build/Debug-watchsimulator/NotedWatch\ Watch\ App.build/assetcatalog_generated_info.plist

ProcessInfoPlistFile /Users/jamesalford/Library/Developer/Xcode/DerivedData/NotedCore-ftviuoyqruynvwbzbngenbwxsygv/Build/Products/Debug-watchsimulator/NotedWatch\ Watch\ App.app/Info.plist /Users/jamesalford/Library/Developer/Xcode/DerivedData/NotedCore-ftviuoyqruynvwbzbngenbwxsygv/Build/Intermediates.noindex/NotedCore.build/Debug-watchsimulator/NotedWatch\ Watch\ App.build/empty-NotedWatch\ Watch\ App.plist (in target 'NotedWatch Watch App' from project 'NotedCore')
    cd /Users/jamesalford/Documents/NotedCore
    builtin-infoPlistUtility /Users/jamesalford/Library/Developer/Xcode/DerivedData/NotedCore-ftviuoyqruynvwbzbngenbwxsygv/Build/Intermediates.noindex/NotedCore.build/Debug-watchsimulator/NotedWatch\ Watch\ App.build/empty-NotedWatch\ Watch\ App.plist -producttype com.apple.product-type.application -genpkginfo /Users/jamesalford/Library/Developer/Xcode/DerivedData/NotedCore-ftviuoyqruynvwbzbngenbwxsygv/Build/Products/Debug-watchsimulator/NotedWatch\ Watch\ App.app/PkgInfo -expandbuildsettings -format binary -platform watchsimulator -additionalcontentfile /Users/jamesalford/Library/Developer/Xcode/DerivedData/NotedCore-ftviuoyqruynvwbzbngenbwxsygv/Build/Intermediates.noindex/NotedCore.build/Debug-watchsimulator/NotedWatch\ Watch\ App.build/assetcatalog_generated_info.plist -o /Users/jamesalford/Library/Developer/Xcode/DerivedData/NotedCore-ftviuoyqruynvwbzbngenbwxsygv/Build/Products/Debug-watchsimulator/NotedWatch\ Watch\ App.app/Info.plist

Touch /Users/jamesalford/Library/Developer/Xcode/DerivedData/NotedCore-ftviuoyqruynvwbzbngenbwxsygv/Build/Products/Debug-iphonesimulator/swift-transformers_Hub.bundle (in target 'swift-transformers_Hub' from project 'swift-transformers')
    cd /Users/jamesalford/Library/Developer/Xcode/DerivedData/NotedCore-ftviuoyqruynvwbzbngenbwxsygv/SourcePackages/checkouts/swift-transformers
    /usr/bin/touch -c /Users/jamesalford/Library/Developer/Xcode/DerivedData/NotedCore-ftviuoyqruynvwbzbngenbwxsygv/Build/Products/Debug-iphonesimulator/swift-transformers_Hub.bundle

SwiftDriver NotedWatch\ Watch\ App normal arm64 com.apple.xcode.tools.swift.compiler (in target 'NotedWatch Watch App' from project 'NotedCore')
    cd /Users/jamesalford/Documents/NotedCore
    builtin-SwiftDriver -- /Applications/Xcode.app/Contents/Developer/Toolchains/XcodeDefault.xctoolchain/usr/bin/swiftc -module-name NotedWatch_Watch_App -Onone -enforce-exclusivity\=checked @/Users/jamesalford/Library/Developer/Xcode/DerivedData/NotedCore-ftviuoyqruynvwbzbngenbwxsygv/Build/Intermediates.noindex/NotedCore.build/Debug-watchsimulator/NotedWatch\ Watch\ App.build/Objects-normal/arm64/NotedWatch\ Watch\ App.SwiftFileList -DDEBUG -default-isolation\=MainActor -enable-bare-slash-regex -enable-upcoming-feature DisableOutwardActorInference -enable-upcoming-feature InferSendableFromCaptures -enable-upcoming-feature GlobalActorIsolatedTypesUsability -enable-upcoming-feature MemberImportVisibility -enable-upcoming-feature InferIsolatedConformances -enable-upcoming-feature NonisolatedNonsendingByDefault -enable-experimental-feature DebugDescriptionMacro -sdk /Applications/Xcode.app/Contents/Developer/Platforms/WatchSimulator.platform/Developer/SDKs/WatchSimulator26.0.sdk -target arm64-apple-watchos26.0-simulator -g -module-cache-path /Users/jamesalford/Library/Developer/Xcode/DerivedData/ModuleCache.noindex -Xfrontend -serialize-debugging-options -profile-coverage-mapping -profile-generate -enable-testing -index-store-path /Users/jamesalford/Library/Developer/Xcode/DerivedData/NotedCore-ftviuoyqruynvwbzbngenbwxsygv/Index.noindex/DataStore -Xcc -D_LIBCPP_HARDENING_MODE\=_LIBCPP_HARDENING_MODE_DEBUG -swift-version 5 -I /Users/jamesalford/Library/Developer/Xcode/DerivedData/NotedCore-ftviuoyqruynvwbzbngenbwxsygv/Build/Products/Debug-watchsimulator -F /Users/jamesalford/Library/Developer/Xcode/DerivedData/NotedCore-ftviuoyqruynvwbzbngenbwxsygv/Build/Products/Debug-watchsimulator -emit-localized-strings -emit-localized-strings-path /Users/jamesalford/Library/Developer/Xcode/DerivedData/NotedCore-ftviuoyqruynvwbzbngenbwxsygv/Build/Intermediates.noindex/NotedCore.build/Debug-watchsimulator/NotedWatch\ Watch\ App.build/Objects-normal/arm64 -c -j14 -enable-batch-mode -incremental -Xcc -ivfsstatcache -Xcc /Users/jamesalford/Library/Developer/Xcode/DerivedData/SDKStatCaches.noindex/watchsimulator26.0-23R351-3885c01c3e6b6a337905948deab2002ed6f9d956e8bb931a4d3c0d15364d9e81.sdkstatcache -output-file-map /Users/jamesalford/Library/Developer/Xcode/DerivedData/NotedCore-ftviuoyqruynvwbzbngenbwxsygv/Build/Intermediates.noindex/NotedCore.build/Debug-watchsimulator/NotedWatch\ Watch\ App.build/Objects-normal/arm64/NotedWatch\ Watch\ App-OutputFileMap.json -use-frontend-parseable-output -save-temps -no-color-diagnostics -explicit-module-build -module-cache-path /Users/jamesalford/Library/Developer/Xcode/DerivedData/NotedCore-ftviuoyqruynvwbzbngenbwxsygv/Build/Intermediates.noindex/SwiftExplicitPrecompiledModules -clang-scanner-module-cache-path /Users/jamesalford/Library/Developer/Xcode/DerivedData/ModuleCache.noindex -sdk-module-cache-path /Users/jamesalford/Library/Developer/Xcode/DerivedData/ModuleCache.noindex -serialize-diagnostics -emit-dependencies -emit-module -emit-module-path /Users/jamesalford/Library/Developer/Xcode/DerivedData/NotedCore-ftviuoyqruynvwbzbngenbwxsygv/Build/Intermediates.noindex/NotedCore.build/Debug-watchsimulator/NotedWatch\ Watch\ App.build/Objects-normal/arm64/NotedWatch_Watch_App.swiftmodule -validate-clang-modules-once -clang-build-session-file /Users/jamesalford/Library/Developer/Xcode/DerivedData/ModuleCache.noindex/Session.modulevalidation -Xcc -I/Users/jamesalford/Library/Developer/Xcode/DerivedData/NotedCore-ftviuoyqruynvwbzbngenbwxsygv/Build/Intermediates.noindex/NotedCore.build/Debug-watchsimulator/NotedWatch\ Watch\ App.build/swift-overrides.hmap -emit-const-values -Xfrontend -const-gather-protocols-file -Xfrontend /Users/jamesalford/Library/Developer/Xcode/DerivedData/NotedCore-ftviuoyqruynvwbzbngenbwxsygv/Build/Intermediates.noindex/NotedCore.build/Debug-watchsimulator/NotedWatch\ Watch\ App.build/Objects-normal/arm64/NotedWatch\ Watch\ App_const_extract_protocols.json -Xcc -iquote -Xcc /Users/jamesalford/Library/Developer/Xcode/DerivedData/NotedCore-ftviuoyqruynvwbzbngenbwxsygv/Build/Intermediates.noindex/NotedCore.build/Debug-watchsimulator/NotedWatch\ Watch\ App.build/NotedWatch\ Watch\ App-generated-files.hmap -Xcc -I/Users/jamesalford/Library/Developer/Xcode/DerivedData/NotedCore-ftviuoyqruynvwbzbngenbwxsygv/Build/Intermediates.noindex/NotedCore.build/Debug-watchsimulator/NotedWatch\ Watch\ App.build/NotedWatch\ Watch\ App-own-target-headers.hmap -Xcc -I/Users/jamesalford/Library/Developer/Xcode/DerivedData/NotedCore-ftviuoyqruynvwbzbngenbwxsygv/Build/Intermediates.noindex/NotedCore.build/Debug-watchsimulator/NotedWatch\ Watch\ App.build/NotedWatch\ Watch\ App-all-non-framework-target-headers.hmap -Xcc -ivfsoverlay -Xcc /Users/jamesalford/Library/Developer/Xcode/DerivedData/NotedCore-ftviuoyqruynvwbzbngenbwxsygv/Build/Intermediates.noindex/NotedCore.build/Debug-watchsimulator/NotedCore-21f3c7d3b6c2f5f802752ccf91e67fbc-VFS-watchsimulator/all-product-headers.yaml -Xcc -iquote -Xcc /Users/jamesalford/Library/Developer/Xcode/DerivedData/NotedCore-ftviuoyqruynvwbzbngenbwxsygv/Build/Intermediates.noindex/NotedCore.build/Debug-watchsimulator/NotedWatch\ Watch\ App.build/NotedWatch\ Watch\ App-project-headers.hmap -Xcc -I/Users/jamesalford/Library/Developer/Xcode/DerivedData/NotedCore-ftviuoyqruynvwbzbngenbwxsygv/Build/Products/Debug-watchsimulator/include -Xcc -I/Users/jamesalford/Library/Developer/Xcode/DerivedData/NotedCore-ftviuoyqruynvwbzbngenbwxsygv/Build/Intermediates.noindex/NotedCore.build/Debug-watchsimulator/NotedWatch\ Watch\ App.build/DerivedSources-normal/arm64 -Xcc -I/Users/jamesalford/Library/Developer/Xcode/DerivedData/NotedCore-ftviuoyqruynvwbzbngenbwxsygv/Build/Intermediates.noindex/NotedCore.build/Debug-watchsimulator/NotedWatch\ Watch\ App.build/DerivedSources/arm64 -Xcc -I/Users/jamesalford/Library/Developer/Xcode/DerivedData/NotedCore-ftviuoyqruynvwbzbngenbwxsygv/Build/Intermediates.noindex/NotedCore.build/Debug-watchsimulator/NotedWatch\ Watch\ App.build/DerivedSources -Xcc -DDEBUG\=1 -emit-objc-header -emit-objc-header-path /Users/jamesalford/Library/Developer/Xcode/DerivedData/NotedCore-ftviuoyqruynvwbzbngenbwxsygv/Build/Intermediates.noindex/NotedCore.build/Debug-watchsimulator/NotedWatch\ Watch\ App.build/Objects-normal/arm64/NotedWatch_Watch_App-Swift.h -working-directory /Users/jamesalford/Documents/NotedCore -experimental-emit-module-separately -disable-cmo

SwiftDriver NotedWatch\ Watch\ App normal x86_64 com.apple.xcode.tools.swift.compiler (in target 'NotedWatch Watch App' from project 'NotedCore')
    cd /Users/jamesalford/Documents/NotedCore
    builtin-SwiftDriver -- /Applications/Xcode.app/Contents/Developer/Toolchains/XcodeDefault.xctoolchain/usr/bin/swiftc -module-name NotedWatch_Watch_App -Onone -enforce-exclusivity\=checked @/Users/jamesalford/Library/Developer/Xcode/DerivedData/NotedCore-ftviuoyqruynvwbzbngenbwxsygv/Build/Intermediates.noindex/NotedCore.build/Debug-watchsimulator/NotedWatch\ Watch\ App.build/Objects-normal/x86_64/NotedWatch\ Watch\ App.SwiftFileList -DDEBUG -default-isolation\=MainActor -enable-bare-slash-regex -enable-upcoming-feature DisableOutwardActorInference -enable-upcoming-feature InferSendableFromCaptures -enable-upcoming-feature GlobalActorIsolatedTypesUsability -enable-upcoming-feature MemberImportVisibility -enable-upcoming-feature InferIsolatedConformances -enable-upcoming-feature NonisolatedNonsendingByDefault -enable-experimental-feature DebugDescriptionMacro -sdk /Applications/Xcode.app/Contents/Developer/Platforms/WatchSimulator.platform/Developer/SDKs/WatchSimulator26.0.sdk -target x86_64-apple-watchos26.0-simulator -g -module-cache-path /Users/jamesalford/Library/Developer/Xcode/DerivedData/ModuleCache.noindex -Xfrontend -serialize-debugging-options -profile-coverage-mapping -profile-generate -enable-testing -index-store-path /Users/jamesalford/Library/Developer/Xcode/DerivedData/NotedCore-ftviuoyqruynvwbzbngenbwxsygv/Index.noindex/DataStore -Xcc -D_LIBCPP_HARDENING_MODE\=_LIBCPP_HARDENING_MODE_DEBUG -swift-version 5 -I /Users/jamesalford/Library/Developer/Xcode/DerivedData/NotedCore-ftviuoyqruynvwbzbngenbwxsygv/Build/Products/Debug-watchsimulator -F /Users/jamesalford/Library/Developer/Xcode/DerivedData/NotedCore-ftviuoyqruynvwbzbngenbwxsygv/Build/Products/Debug-watchsimulator -emit-localized-strings -emit-localized-strings-path /Users/jamesalford/Library/Developer/Xcode/DerivedData/NotedCore-ftviuoyqruynvwbzbngenbwxsygv/Build/Intermediates.noindex/NotedCore.build/Debug-watchsimulator/NotedWatch\ Watch\ App.build/Objects-normal/x86_64 -c -j14 -enable-batch-mode -incremental -Xcc -ivfsstatcache -Xcc /Users/jamesalford/Library/Developer/Xcode/DerivedData/SDKStatCaches.noindex/watchsimulator26.0-23R351-3885c01c3e6b6a337905948deab2002ed6f9d956e8bb931a4d3c0d15364d9e81.sdkstatcache -output-file-map /Users/jamesalford/Library/Developer/Xcode/DerivedData/NotedCore-ftviuoyqruynvwbzbngenbwxsygv/Build/Intermediates.noindex/NotedCore.build/Debug-watchsimulator/NotedWatch\ Watch\ App.build/Objects-normal/x86_64/NotedWatch\ Watch\ App-OutputFileMap.json -use-frontend-parseable-output -save-temps -no-color-diagnostics -explicit-module-build -module-cache-path /Users/jamesalford/Library/Developer/Xcode/DerivedData/NotedCore-ftviuoyqruynvwbzbngenbwxsygv/Build/Intermediates.noindex/SwiftExplicitPrecompiledModules -clang-scanner-module-cache-path /Users/jamesalford/Library/Developer/Xcode/DerivedData/ModuleCache.noindex -sdk-module-cache-path /Users/jamesalford/Library/Developer/Xcode/DerivedData/ModuleCache.noindex -serialize-diagnostics -emit-dependencies -emit-module -emit-module-path /Users/jamesalford/Library/Developer/Xcode/DerivedData/NotedCore-ftviuoyqruynvwbzbngenbwxsygv/Build/Intermediates.noindex/NotedCore.build/Debug-watchsimulator/NotedWatch\ Watch\ App.build/Objects-normal/x86_64/NotedWatch_Watch_App.swiftmodule -validate-clang-modules-once -clang-build-session-file /Users/jamesalford/Library/Developer/Xcode/DerivedData/ModuleCache.noindex/Session.modulevalidation -Xcc -I/Users/jamesalford/Library/Developer/Xcode/DerivedData/NotedCore-ftviuoyqruynvwbzbngenbwxsygv/Build/Intermediates.noindex/NotedCore.build/Debug-watchsimulator/NotedWatch\ Watch\ App.build/swift-overrides.hmap -emit-const-values -Xfrontend -const-gather-protocols-file -Xfrontend /Users/jamesalford/Library/Developer/Xcode/DerivedData/NotedCore-ftviuoyqruynvwbzbngenbwxsygv/Build/Intermediates.noindex/NotedCore.build/Debug-watchsimulator/NotedWatch\ Watch\ App.build/Objects-normal/x86_64/NotedWatch\ Watch\ App_const_extract_protocols.json -Xcc -iquote -Xcc /Users/jamesalford/Library/Developer/Xcode/DerivedData/NotedCore-ftviuoyqruynvwbzbngenbwxsygv/Build/Intermediates.noindex/NotedCore.build/Debug-watchsimulator/NotedWatch\ Watch\ App.build/NotedWatch\ Watch\ App-generated-files.hmap -Xcc -I/Users/jamesalford/Library/Developer/Xcode/DerivedData/NotedCore-ftviuoyqruynvwbzbngenbwxsygv/Build/Intermediates.noindex/NotedCore.build/Debug-watchsimulator/NotedWatch\ Watch\ App.build/NotedWatch\ Watch\ App-own-target-headers.hmap -Xcc -I/Users/jamesalford/Library/Developer/Xcode/DerivedData/NotedCore-ftviuoyqruynvwbzbngenbwxsygv/Build/Intermediates.noindex/NotedCore.build/Debug-watchsimulator/NotedWatch\ Watch\ App.build/NotedWatch\ Watch\ App-all-non-framework-target-headers.hmap -Xcc -ivfsoverlay -Xcc /Users/jamesalford/Library/Developer/Xcode/DerivedData/NotedCore-ftviuoyqruynvwbzbngenbwxsygv/Build/Intermediates.noindex/NotedCore.build/Debug-watchsimulator/NotedCore-21f3c7d3b6c2f5f802752ccf91e67fbc-VFS-watchsimulator/all-product-headers.yaml -Xcc -iquote -Xcc /Users/jamesalford/Library/Developer/Xcode/DerivedData/NotedCore-ftviuoyqruynvwbzbngenbwxsygv/Build/Intermediates.noindex/NotedCore.build/Debug-watchsimulator/NotedWatch\ Watch\ App.build/NotedWatch\ Watch\ App-project-headers.hmap -Xcc -I/Users/jamesalford/Library/Developer/Xcode/DerivedData/NotedCore-ftviuoyqruynvwbzbngenbwxsygv/Build/Products/Debug-watchsimulator/include -Xcc -I/Users/jamesalford/Library/Developer/Xcode/DerivedData/NotedCore-ftviuoyqruynvwbzbngenbwxsygv/Build/Intermediates.noindex/NotedCore.build/Debug-watchsimulator/NotedWatch\ Watch\ App.build/DerivedSources-normal/x86_64 -Xcc -I/Users/jamesalford/Library/Developer/Xcode/DerivedData/NotedCore-ftviuoyqruynvwbzbngenbwxsygv/Build/Intermediates.noindex/NotedCore.build/Debug-watchsimulator/NotedWatch\ Watch\ App.build/DerivedSources/x86_64 -Xcc -I/Users/jamesalford/Library/Developer/Xcode/DerivedData/NotedCore-ftviuoyqruynvwbzbngenbwxsygv/Build/Intermediates.noindex/NotedCore.build/Debug-watchsimulator/NotedWatch\ Watch\ App.build/DerivedSources -Xcc -DDEBUG\=1 -emit-objc-header -emit-objc-header-path /Users/jamesalford/Library/Developer/Xcode/DerivedData/NotedCore-ftviuoyqruynvwbzbngenbwxsygv/Build/Intermediates.noindex/NotedCore.build/Debug-watchsimulator/NotedWatch\ Watch\ App.build/Objects-normal/x86_64/NotedWatch_Watch_App-Swift.h -working-directory /Users/jamesalford/Documents/NotedCore -experimental-emit-module-separately -disable-cmo

CompileC /Users/jamesalford/Library/Developer/Xcode/DerivedData/NotedCore-ftviuoyqruynvwbzbngenbwxsygv/Build/Intermediates.noindex/mlx-swift.build/Debug-iphonesimulator/Cmlx.build/Objects-normal/arm64/utils-a081252b39ef80dd39c2df4be47fb4ba.o /Users/jamesalford/Library/Developer/Xcode/DerivedData/NotedCore-ftviuoyqruynvwbzbngenbwxsygv/SourcePackages/checkouts/mlx-swift/Source/Cmlx/mlx/mlx/utils.cpp normal arm64 c++ com.apple.compilers.llvm.clang.1_0.compiler (in target 'Cmlx' from project 'mlx-swift')
    cd /Users/jamesalford/Documents/NotedCore/NotedCore.xcodeproj
    
    Using response file: /Users/jamesalford/Library/Developer/Xcode/DerivedData/NotedCore-ftviuoyqruynvwbzbngenbwxsygv/Build/Intermediates.noindex/mlx-swift.build/Debug-iphonesimulator/Cmlx.build/Objects-normal/arm64/82b82416624d2658e5098eb0a28c15c5-common-args.resp
    
    /Applications/Xcode.app/Contents/Developer/Toolchains/XcodeDefault.xctoolchain/usr/bin/clang -x c++ -ivfsstatcache /Users/jamesalford/Library/Developer/Xcode/DerivedData/SDKStatCaches.noindex/iphonesimulator26.0-23A339-3885c01c3e6b6a337905948deab2002e26257891a6c027eb51374368541b8346.sdkstatcache -fmessage-length\=0 -fdiagnostics-show-note-include-stack -fmacro-backtrace-limit\=0 -fno-color-diagnostics -fmodules-prune-interval\=86400 -fmodules-prune-after\=345600 -fbuild-session-file\=/Users/jamesalford/Library/Developer/Xcode/DerivedData/ModuleCache.noindex/Session.modulevalidation -fmodules-validate-once-per-build-session -Wnon-modular-include-in-framework-module -Werror\=non-modular-include-in-framework-module -Wno-trigraphs -Wno-missing-field-initializers -Wno-missing-prototypes -Wno-return-type -Wno-non-virtual-dtor -Wno-overloaded-virtual -Wno-exit-time-destructors -Wno-missing-braces -Wparentheses -Wswitch -Wno-unused-function -Wno-unused-label -Wno-unused-parameter -Wno-unused-variable -Wunused-value -Wno-empty-body -Wno-uninitialized -Wno-unknown-pragmas -w -Wno-shadow -Wno-four-char-constants -Wno-conversion -Wno-constant-conversion -Wno-int-conversion -Wno-bool-conversion -Wno-enum-conversion -Wno-float-conversion -Wno-non-literal-null-conversion -Wno-objc-literal-conversion -Wshorten-64-to-32 -Wno-newline-eof -Wno-c++11-extensions -Wno-implicit-fallthrough -fstrict-aliasing -Wdeprecated-declarations -Winvalid-offsetof -Wno-sign-conversion -Wno-infinite-recursion -Wno-move -Wno-comma -Wno-block-capture-autoreleasing -Wno-strict-prototypes -Wno-range-loop-analysis -Wno-semicolon-before-method-body -index-store-path /Users/jamesalford/Library/Developer/Xcode/DerivedData/NotedCore-ftviuoyqruynvwbzbngenbwxsygv/Index.noindex/DataStore @/Users/jamesalford/Library/Developer/Xcode/DerivedData/NotedCore-ftviuoyqruynvwbzbngenbwxsygv/Build/Intermediates.noindex/mlx-swift.build/Debug-iphonesimulator/Cmlx.build/Objects-normal/arm64/82b82416624d2658e5098eb0a28c15c5-common-args.resp -MMD -MT dependencies -MF /Users/jamesalford/Library/Developer/Xcode/DerivedData/NotedCore-ftviuoyqruynvwbzbngenbwxsygv/Build/Intermediates.noindex/mlx-swift.build/Debug-iphonesimulator/Cmlx.build/Objects-normal/arm64/utils-a081252b39ef80dd39c2df4be47fb4ba.d --serialize-diagnostics /Users/jamesalford/Library/Developer/Xcode/DerivedData/NotedCore-ftviuoyqruynvwbzbngenbwxsygv/Build/Intermediates.noindex/mlx-swift.build/Debug-iphonesimulator/Cmlx.build/Objects-normal/arm64/utils-a081252b39ef80dd39c2df4be47fb4ba.dia -c /Users/jamesalford/Library/Developer/Xcode/DerivedData/NotedCore-ftviuoyqruynvwbzbngenbwxsygv/SourcePackages/checkouts/mlx-swift/Source/Cmlx/mlx/mlx/utils.cpp -o /Users/jamesalford/Library/Developer/Xcode/DerivedData/NotedCore-ftviuoyqruynvwbzbngenbwxsygv/Build/Intermediates.noindex/mlx-swift.build/Debug-iphonesimulator/Cmlx.build/Objects-normal/arm64/utils-a081252b39ef80dd39c2df4be47fb4ba.o -index-unit-output-path /mlx-swift.build/Debug-iphonesimulator/Cmlx.build/Objects-normal/arm64/utils-a081252b39ef80dd39c2df4be47fb4ba.o

CompileC /Users/jamesalford/Library/Developer/Xcode/DerivedData/NotedCore-ftviuoyqruynvwbzbngenbwxsygv/Build/Intermediates.noindex/mlx-swift.build/Debug-iphonesimulator/Cmlx.build/Objects-normal/arm64/transforms-b92780b58204503d54b707eb9184e7e8.o /Users/jamesalford/Library/Developer/Xcode/DerivedData/NotedCore-ftviuoyqruynvwbzbngenbwxsygv/SourcePackages/checkouts/mlx-swift/Source/Cmlx/mlx/mlx/transforms.cpp normal arm64 c++ com.apple.compilers.llvm.clang.1_0.compiler (in target 'Cmlx' from project 'mlx-swift')
    cd /Users/jamesalford/Documents/NotedCore/NotedCore.xcodeproj
    
    Using response file: /Users/jamesalford/Library/Developer/Xcode/DerivedData/NotedCore-ftviuoyqruynvwbzbngenbwxsygv/Build/Intermediates.noindex/mlx-swift.build/Debug-iphonesimulator/Cmlx.build/Objects-normal/arm64/82b82416624d2658e5098eb0a28c15c5-common-args.resp
    
    /Applications/Xcode.app/Contents/Developer/Toolchains/XcodeDefault.xctoolchain/usr/bin/clang -x c++ -ivfsstatcache /Users/jamesalford/Library/Developer/Xcode/DerivedData/SDKStatCaches.noindex/iphonesimulator26.0-23A339-3885c01c3e6b6a337905948deab2002e26257891a6c027eb51374368541b8346.sdkstatcache -fmessage-length\=0 -fdiagnostics-show-note-include-stack -fmacro-backtrace-limit\=0 -fno-color-diagnostics -fmodules-prune-interval\=86400 -fmodules-prune-after\=345600 -fbuild-session-file\=/Users/jamesalford/Library/Developer/Xcode/DerivedData/ModuleCache.noindex/Session.modulevalidation -fmodules-validate-once-per-build-session -Wnon-modular-include-in-framework-module -Werror\=non-modular-include-in-framework-module -Wno-trigraphs -Wno-missing-field-initializers -Wno-missing-prototypes -Wno-return-type -Wno-non-virtual-dtor -Wno-overloaded-virtual -Wno-exit-time-destructors -Wno-missing-braces -Wparentheses -Wswitch -Wno-unused-function -Wno-unused-label -Wno-unused-parameter -Wno-unused-variable -Wunused-value -Wno-empty-body -Wno-uninitialized -Wno-unknown-pragmas -w -Wno-shadow -Wno-four-char-constants -Wno-conversion -Wno-constant-conversion -Wno-int-conversion -Wno-bool-conversion -Wno-enum-conversion -Wno-float-conversion -Wno-non-literal-null-conversion -Wno-objc-literal-conversion -Wshorten-64-to-32 -Wno-newline-eof -Wno-c++11-extensions -Wno-implicit-fallthrough -fstrict-aliasing -Wdeprecated-declarations -Winvalid-offsetof -Wno-sign-conversion -Wno-infinite-recursion -Wno-move -Wno-comma -Wno-block-capture-autoreleasing -Wno-strict-prototypes -Wno-range-loop-analysis -Wno-semicolon-before-method-body -index-store-path /Users/jamesalford/Library/Developer/Xcode/DerivedData/NotedCore-ftviuoyqruynvwbzbngenbwxsygv/Index.noindex/DataStore @/Users/jamesalford/Library/Developer/Xcode/DerivedData/NotedCore-ftviuoyqruynvwbzbngenbwxsygv/Build/Intermediates.noindex/mlx-swift.build/Debug-iphonesimulator/Cmlx.build/Objects-normal/arm64/82b82416624d2658e5098eb0a28c15c5-common-args.resp -MMD -MT dependencies -MF /Users/jamesalford/Library/Developer/Xcode/DerivedData/NotedCore-ftviuoyqruynvwbzbngenbwxsygv/Build/Intermediates.noindex/mlx-swift.build/Debug-iphonesimulator/Cmlx.build/Objects-normal/arm64/transforms-b92780b58204503d54b707eb9184e7e8.d --serialize-diagnostics /Users/jamesalford/Library/Developer/Xcode/DerivedData/NotedCore-ftviuoyqruynvwbzbngenbwxsygv/Build/Intermediates.noindex/mlx-swift.build/Debug-iphonesimulator/Cmlx.build/Objects-normal/arm64/transforms-b92780b58204503d54b707eb9184e7e8.dia -c /Users/jamesalford/Library/Developer/Xcode/DerivedData/NotedCore-ftviuoyqruynvwbzbngenbwxsygv/SourcePackages/checkouts/mlx-swift/Source/Cmlx/mlx/mlx/transforms.cpp -o /Users/jamesalford/Library/Developer/Xcode/DerivedData/NotedCore-ftviuoyqruynvwbzbngenbwxsygv/Build/Intermediates.noindex/mlx-swift.build/Debug-iphonesimulator/Cmlx.build/Objects-normal/arm64/transforms-b92780b58204503d54b707eb9184e7e8.o -index-unit-output-path /mlx-swift.build/Debug-iphonesimulator/Cmlx.build/Objects-normal/arm64/transforms-b92780b58204503d54b707eb9184e7e8.o

CompileC /Users/jamesalford/Library/Developer/Xcode/DerivedData/NotedCore-ftviuoyqruynvwbzbngenbwxsygv/Build/Intermediates.noindex/mlx-swift.build/Debug-iphonesimulator/Cmlx.build/Objects-normal/arm64/version-308e07657dee8bfb1ed65d2f6ffcac84.o /Users/jamesalford/Library/Developer/Xcode/DerivedData/NotedCore-ftviuoyqruynvwbzbngenbwxsygv/SourcePackages/checkouts/mlx-swift/Source/Cmlx/mlx/mlx/version.cpp normal arm64 c++ com.apple.compilers.llvm.clang.1_0.compiler (in target 'Cmlx' from project 'mlx-swift')
    cd /Users/jamesalford/Documents/NotedCore/NotedCore.xcodeproj
    
    Using response file: /Users/jamesalford/Library/Developer/Xcode/DerivedData/NotedCore-ftviuoyqruynvwbzbngenbwxsygv/Build/Intermediates.noindex/mlx-swift.build/Debug-iphonesimulator/Cmlx.build/Objects-normal/arm64/82b82416624d2658e5098eb0a28c15c5-common-args.resp
    
    /Applications/Xcode.app/Contents/Developer/Toolchains/XcodeDefault.xctoolchain/usr/bin/clang -x c++ -ivfsstatcache /Users/jamesalford/Library/Developer/Xcode/DerivedData/SDKStatCaches.noindex/iphonesimulator26.0-23A339-3885c01c3e6b6a337905948deab2002e26257891a6c027eb51374368541b8346.sdkstatcache -fmessage-length\=0 -fdiagnostics-show-note-include-stack -fmacro-backtrace-limit\=0 -fno-color-diagnostics -fmodules-prune-interval\=86400 -fmodules-prune-after\=345600 -fbuild-session-file\=/Users/jamesalford/Library/Developer/Xcode/DerivedData/ModuleCache.noindex/Session.modulevalidation -fmodules-validate-once-per-build-session -Wnon-modular-include-in-framework-module -Werror\=non-modular-include-in-framework-module -Wno-trigraphs -Wno-missing-field-initializers -Wno-missing-prototypes -Wno-return-type -Wno-non-virtual-dtor -Wno-overloaded-virtual -Wno-exit-time-destructors -Wno-missing-braces -Wparentheses -Wswitch -Wno-unused-function -Wno-unused-label -Wno-unused-parameter -Wno-unused-variable -Wunused-value -Wno-empty-body -Wno-uninitialized -Wno-unknown-pragmas -w -Wno-shadow -Wno-four-char-constants -Wno-conversion -Wno-constant-conversion -Wno-int-conversion -Wno-bool-conversion -Wno-enum-conversion -Wno-float-conversion -Wno-non-literal-null-conversion -Wno-objc-literal-conversion -Wshorten-64-to-32 -Wno-newline-eof -Wno-c++11-extensions -Wno-implicit-fallthrough -fstrict-aliasing -Wdeprecated-declarations -Winvalid-offsetof -Wno-sign-conversion -Wno-infinite-recursion -Wno-move -Wno-comma -Wno-block-capture-autoreleasing -Wno-strict-prototypes -Wno-range-loop-analysis -Wno-semicolon-before-method-body -index-store-path /Users/jamesalford/Library/Developer/Xcode/DerivedData/NotedCore-ftviuoyqruynvwbzbngenbwxsygv/Index.noindex/DataStore @/Users/jamesalford/Library/Developer/Xcode/DerivedData/NotedCore-ftviuoyqruynvwbzbngenbwxsygv/Build/Intermediates.noindex/mlx-swift.build/Debug-iphonesimulator/Cmlx.build/Objects-normal/arm64/82b82416624d2658e5098eb0a28c15c5-common-args.resp -MMD -MT dependencies -MF /Users/jamesalford/Library/Developer/Xcode/DerivedData/NotedCore-ftviuoyqruynvwbzbngenbwxsygv/Build/Intermediates.noindex/mlx-swift.build/Debug-iphonesimulator/Cmlx.build/Objects-normal/arm64/version-308e07657dee8bfb1ed65d2f6ffcac84.d --serialize-diagnostics /Users/jamesalford/Library/Developer/Xcode/DerivedData/NotedCore-ftviuoyqruynvwbzbngenbwxsygv/Build/Intermediates.noindex/mlx-swift.build/Debug-iphonesimulator/Cmlx.build/Objects-normal/arm64/version-308e07657dee8bfb1ed65d2f6ffcac84.dia -c /Users/jamesalford/Library/Developer/Xcode/DerivedData/NotedCore-ftviuoyqruynvwbzbngenbwxsygv/SourcePackages/checkouts/mlx-swift/Source/Cmlx/mlx/mlx/version.cpp -o /Users/jamesalford/Library/Developer/Xcode/DerivedData/NotedCore-ftviuoyqruynvwbzbngenbwxsygv/Build/Intermediates.noindex/mlx-swift.build/Debug-iphonesimulator/Cmlx.build/Objects-normal/arm64/version-308e07657dee8bfb1ed65d2f6ffcac84.o -index-unit-output-path /mlx-swift.build/Debug-iphonesimulator/Cmlx.build/Objects-normal/arm64/version-308e07657dee8bfb1ed65d2f6ffcac84.o

CompileC /Users/jamesalford/Library/Developer/Xcode/DerivedData/NotedCore-ftviuoyqruynvwbzbngenbwxsygv/Build/Intermediates.noindex/mlx-swift.build/Debug-iphonesimulator/Cmlx.build/Objects-normal/arm64/safetensors.o /Users/jamesalford/Library/Developer/Xcode/DerivedData/NotedCore-ftviuoyqruynvwbzbngenbwxsygv/SourcePackages/checkouts/mlx-swift/Source/Cmlx/mlx/mlx/io/safetensors.cpp normal arm64 c++ com.apple.compilers.llvm.clang.1_0.compiler (in target 'Cmlx' from project 'mlx-swift')
    cd /Users/jamesalford/Documents/NotedCore/NotedCore.xcodeproj
    
    Using response file: /Users/jamesalford/Library/Developer/Xcode/DerivedData/NotedCore-ftviuoyqruynvwbzbngenbwxsygv/Build/Intermediates.noindex/mlx-swift.build/Debug-iphonesimulator/Cmlx.build/Objects-normal/arm64/82b82416624d2658e5098eb0a28c15c5-common-args.resp
    
    /Applications/Xcode.app/Contents/Developer/Toolchains/XcodeDefault.xctoolchain/usr/bin/clang -x c++ -ivfsstatcache /Users/jamesalford/Library/Developer/Xcode/DerivedData/SDKStatCaches.noindex/iphonesimulator26.0-23A339-3885c01c3e6b6a337905948deab2002e26257891a6c027eb51374368541b8346.sdkstatcache -fmessage-length\=0 -fdiagnostics-show-note-include-stack -fmacro-backtrace-limit\=0 -fno-color-diagnostics -fmodules-prune-interval\=86400 -fmodules-prune-after\=345600 -fbuild-session-file\=/Users/jamesalford/Library/Developer/Xcode/DerivedData/ModuleCache.noindex/Session.modulevalidation -fmodules-validate-once-per-build-session -Wnon-modular-include-in-framework-module -Werror\=non-modular-include-in-framework-module -Wno-trigraphs -Wno-missing-field-initializers -Wno-missing-prototypes -Wno-return-type -Wno-non-virtual-dtor -Wno-overloaded-virtual -Wno-exit-time-destructors -Wno-missing-braces -Wparentheses -Wswitch -Wno-unused-function -Wno-unused-label -Wno-unused-parameter -Wno-unused-variable -Wunused-value -Wno-empty-body -Wno-uninitialized -Wno-unknown-pragmas -w -Wno-shadow -Wno-four-char-constants -Wno-conversion -Wno-constant-conversion -Wno-int-conversion -Wno-bool-conversion -Wno-enum-conversion -Wno-float-conversion -Wno-non-literal-null-conversion -Wno-objc-literal-conversion -Wshorten-64-to-32 -Wno-newline-eof -Wno-c++11-extensions -Wno-implicit-fallthrough -fstrict-aliasing -Wdeprecated-declarations -Winvalid-offsetof -Wno-sign-conversion -Wno-infinite-recursion -Wno-move -Wno-comma -Wno-block-capture-autoreleasing -Wno-strict-prototypes -Wno-range-loop-analysis -Wno-semicolon-before-method-body -index-store-path /Users/jamesalford/Library/Developer/Xcode/DerivedData/NotedCore-ftviuoyqruynvwbzbngenbwxsygv/Index.noindex/DataStore @/Users/jamesalford/Library/Developer/Xcode/DerivedData/NotedCore-ftviuoyqruynvwbzbngenbwxsygv/Build/Intermediates.noindex/mlx-swift.build/Debug-iphonesimulator/Cmlx.build/Objects-normal/arm64/82b82416624d2658e5098eb0a28c15c5-common-args.resp -MMD -MT dependencies -MF /Users/jamesalford/Library/Developer/Xcode/DerivedData/NotedCore-ftviuoyqruynvwbzbngenbwxsygv/Build/Intermediates.noindex/mlx-swift.build/Debug-iphonesimulator/Cmlx.build/Objects-normal/arm64/safetensors.d --serialize-diagnostics /Users/jamesalford/Library/Developer/Xcode/DerivedData/NotedCore-ftviuoyqruynvwbzbngenbwxsygv/Build/Intermediates.noindex/mlx-swift.build/Debug-iphonesimulator/Cmlx.build/Objects-normal/arm64/safetensors.dia -c /Users/jamesalford/Library/Developer/Xcode/DerivedData/NotedCore-ftviuoyqruynvwbzbngenbwxsygv/SourcePackages/checkouts/mlx-swift/Source/Cmlx/mlx/mlx/io/safetensors.cpp -o /Users/jamesalford/Library/Developer/Xcode/DerivedData/NotedCore-ftviuoyqruynvwbzbngenbwxsygv/Build/Intermediates.noindex/mlx-swift.build/Debug-iphonesimulator/Cmlx.build/Objects-normal/arm64/safetensors.o -index-unit-output-path /mlx-swift.build/Debug-iphonesimulator/Cmlx.build/Objects-normal/arm64/safetensors.o

CompileC /Users/jamesalford/Library/Developer/Xcode/DerivedData/NotedCore-ftviuoyqruynvwbzbngenbwxsygv/Build/Intermediates.noindex/mlx-swift.build/Debug-iphonesimulator/Cmlx.build/Objects-normal/arm64/no_gguf.o /Users/jamesalford/Library/Developer/Xcode/DerivedData/NotedCore-ftviuoyqruynvwbzbngenbwxsygv/SourcePackages/checkouts/mlx-swift/Source/Cmlx/mlx/mlx/io/no_gguf.cpp normal arm64 c++ com.apple.compilers.llvm.clang.1_0.compiler (in target 'Cmlx' from project 'mlx-swift')
    cd /Users/jamesalford/Documents/NotedCore/NotedCore.xcodeproj
    
    Using response file: /Users/jamesalford/Library/Developer/Xcode/DerivedData/NotedCore-ftviuoyqruynvwbzbngenbwxsygv/Build/Intermediates.noindex/mlx-swift.build/Debug-iphonesimulator/Cmlx.build/Objects-normal/arm64/82b82416624d2658e5098eb0a28c15c5-common-args.resp
    
    /Applications/Xcode.app/Contents/Developer/Toolchains/XcodeDefault.xctoolchain/usr/bin/clang -x c++ -ivfsstatcache /Users/jamesalford/Library/Developer/Xcode/DerivedData/SDKStatCaches.noindex/iphonesimulator26.0-23A339-3885c01c3e6b6a337905948deab2002e26257891a6c027eb51374368541b8346.sdkstatcache -fmessage-length\=0 -fdiagnostics-show-note-include-stack -fmacro-backtrace-limit\=0 -fno-color-diagnostics -fmodules-prune-interval\=86400 -fmodules-prune-after\=345600 -fbuild-session-file\=/Users/jamesalford/Library/Developer/Xcode/DerivedData/ModuleCache.noindex/Session.modulevalidation -fmodules-validate-once-per-build-session -Wnon-modular-include-in-framework-module -Werror\=non-modular-include-in-framework-module -Wno-trigraphs -Wno-missing-field-initializers -Wno-missing-prototypes -Wno-return-type -Wno-non-virtual-dtor -Wno-overloaded-virtual -Wno-exit-time-destructors -Wno-missing-braces -Wparentheses -Wswitch -Wno-unused-function -Wno-unused-label -Wno-unused-parameter -Wno-unused-variable -Wunused-value -Wno-empty-body -Wno-uninitialized -Wno-unknown-pragmas -w -Wno-shadow -Wno-four-char-constants -Wno-conversion -Wno-constant-conversion -Wno-int-conversion -Wno-bool-conversion -Wno-enum-conversion -Wno-float-conversion -Wno-non-literal-null-conversion -Wno-objc-literal-conversion -Wshorten-64-to-32 -Wno-newline-eof -Wno-c++11-extensions -Wno-implicit-fallthrough -fstrict-aliasing -Wdeprecated-declarations -Winvalid-offsetof -Wno-sign-conversion -Wno-infinite-recursion -Wno-move -Wno-comma -Wno-block-capture-autoreleasing -Wno-strict-prototypes -Wno-range-loop-analysis -Wno-semicolon-before-method-body -index-store-path /Users/jamesalford/Library/Developer/Xcode/DerivedData/NotedCore-ftviuoyqruynvwbzbngenbwxsygv/Index.noindex/DataStore @/Users/jamesalford/Library/Developer/Xcode/DerivedData/NotedCore-ftviuoyqruynvwbzbngenbwxsygv/Build/Intermediates.noindex/mlx-swift.build/Debug-iphonesimulator/Cmlx.build/Objects-normal/arm64/82b82416624d2658e5098eb0a28c15c5-common-args.resp -MMD -MT dependencies -MF /Users/jamesalford/Library/Developer/Xcode/DerivedData/NotedCore-ftviuoyqruynvwbzbngenbwxsygv/Build/Intermediates.noindex/mlx-swift.build/Debug-iphonesimulator/Cmlx.build/Objects-normal/arm64/no_gguf.d --serialize-diagnostics /Users/jamesalford/Library/Developer/Xcode/DerivedData/NotedCore-ftviuoyqruynvwbzbngenbwxsygv/Build/Intermediates.noindex/mlx-swift.build/Debug-iphonesimulator/Cmlx.build/Objects-normal/arm64/no_gguf.dia -c /Users/jamesalford/Library/Developer/Xcode/DerivedData/NotedCore-ftviuoyqruynvwbzbngenbwxsygv/SourcePackages/checkouts/mlx-swift/Source/Cmlx/mlx/mlx/io/no_gguf.cpp -o /Users/jamesalford/Library/Developer/Xcode/DerivedData/NotedCore-ftviuoyqruynvwbzbngenbwxsygv/Build/Intermediates.noindex/mlx-swift.build/Debug-iphonesimulator/Cmlx.build/Objects-normal/arm64/no_gguf.o -index-unit-output-path /mlx-swift.build/Debug-iphonesimulator/Cmlx.build/Objects-normal/arm64/no_gguf.o

CompileC /Users/jamesalford/Library/Developer/Xcode/DerivedData/NotedCore-ftviuoyqruynvwbzbngenbwxsygv/Build/Intermediates.noindex/mlx-swift.build/Debug-iphonesimulator/Cmlx.build/Objects-normal/arm64/ops-3200815b4c20ece69fb8ccfa042eed2b.o /Users/jamesalford/Library/Developer/Xcode/DerivedData/NotedCore-ftviuoyqruynvwbzbngenbwxsygv/SourcePackages/checkouts/mlx-swift/Source/Cmlx/mlx/mlx/ops.cpp normal arm64 c++ com.apple.compilers.llvm.clang.1_0.compiler (in target 'Cmlx' from project 'mlx-swift')
    cd /Users/jamesalford/Documents/NotedCore/NotedCore.xcodeproj
    
    Using response file: /Users/jamesalford/Library/Developer/Xcode/DerivedData/NotedCore-ftviuoyqruynvwbzbngenbwxsygv/Build/Intermediates.noindex/mlx-swift.build/Debug-iphonesimulator/Cmlx.build/Objects-normal/arm64/82b82416624d2658e5098eb0a28c15c5-common-args.resp
    
    /Applications/Xcode.app/Contents/Developer/Toolchains/XcodeDefault.xctoolchain/usr/bin/clang -x c++ -ivfsstatcache /Users/jamesalford/Library/Developer/Xcode/DerivedData/SDKStatCaches.noindex/iphonesimulator26.0-23A339-3885c01c3e6b6a337905948deab2002e26257891a6c027eb51374368541b8346.sdkstatcache -fmessage-length\=0 -fdiagnostics-show-note-include-stack -fmacro-backtrace-limit\=0 -fno-color-diagnostics -fmodules-prune-interval\=86400 -fmodules-prune-after\=345600 -fbuild-session-file\=/Users/jamesalford/Library/Developer/Xcode/DerivedData/ModuleCache.noindex/Session.modulevalidation -fmodules-validate-once-per-build-session -Wnon-modular-include-in-framework-module -Werror\=non-modular-include-in-framework-module -Wno-trigraphs -Wno-missing-field-initializers -Wno-missing-prototypes -Wno-return-type -Wno-non-virtual-dtor -Wno-overloaded-virtual -Wno-exit-time-destructors -Wno-missing-braces -Wparentheses -Wswitch -Wno-unused-function -Wno-unused-label -Wno-unused-parameter -Wno-unused-variable -Wunused-value -Wno-empty-body -Wno-uninitialized -Wno-unknown-pragmas -w -Wno-shadow -Wno-four-char-constants -Wno-conversion -Wno-constant-conversion -Wno-int-conversion -Wno-bool-conversion -Wno-enum-conversion -Wno-float-conversion -Wno-non-literal-null-conversion -Wno-objc-literal-conversion -Wshorten-64-to-32 -Wno-newline-eof -Wno-c++11-extensions -Wno-implicit-fallthrough -fstrict-aliasing -Wdeprecated-declarations -Winvalid-offsetof -Wno-sign-conversion -Wno-infinite-recursion -Wno-move -Wno-comma -Wno-block-capture-autoreleasing -Wno-strict-prototypes -Wno-range-loop-analysis -Wno-semicolon-before-method-body -index-store-path /Users/jamesalford/Library/Developer/Xcode/DerivedData/NotedCore-ftviuoyqruynvwbzbngenbwxsygv/Index.noindex/DataStore @/Users/jamesalford/Library/Developer/Xcode/DerivedData/NotedCore-ftviuoyqruynvwbzbngenbwxsygv/Build/Intermediates.noindex/mlx-swift.build/Debug-iphonesimulator/Cmlx.build/Objects-normal/arm64/82b82416624d2658e5098eb0a28c15c5-common-args.resp -MMD -MT dependencies -MF /Users/jamesalford/Library/Developer/Xcode/DerivedData/NotedCore-ftviuoyqruynvwbzbngenbwxsygv/Build/Intermediates.noindex/mlx-swift.build/Debug-iphonesimulator/Cmlx.build/Objects-normal/arm64/ops-3200815b4c20ece69fb8ccfa042eed2b.d --serialize-diagnostics /Users/jamesalford/Library/Developer/Xcode/DerivedData/NotedCore-ftviuoyqruynvwbzbngenbwxsygv/Build/Intermediates.noindex/mlx-swift.build/Debug-iphonesimulator/Cmlx.build/Objects-normal/arm64/ops-3200815b4c20ece69fb8ccfa042eed2b.dia -c /Users/jamesalford/Library/Developer/Xcode/DerivedData/NotedCore-ftviuoyqruynvwbzbngenbwxsygv/SourcePackages/checkouts/mlx-swift/Source/Cmlx/mlx/mlx/ops.cpp -o /Users/jamesalford/Library/Developer/Xcode/DerivedData/NotedCore-ftviuoyqruynvwbzbngenbwxsygv/Build/Intermediates.noindex/mlx-swift.build/Debug-iphonesimulator/Cmlx.build/Objects-normal/arm64/ops-3200815b4c20ece69fb8ccfa042eed2b.o -index-unit-output-path /mlx-swift.build/Debug-iphonesimulator/Cmlx.build/Objects-normal/arm64/ops-3200815b4c20ece69fb8ccfa042eed2b.o

CompileC /Users/jamesalford/Library/Developer/Xcode/DerivedData/NotedCore-ftviuoyqruynvwbzbngenbwxsygv/Build/Intermediates.noindex/mlx-swift.build/Debug-iphonesimulator/Cmlx.build/Objects-normal/arm64/random-ae0409db644b853203fa5299fd6b7112.o /Users/jamesalford/Library/Developer/Xcode/DerivedData/NotedCore-ftviuoyqruynvwbzbngenbwxsygv/SourcePackages/checkouts/mlx-swift/Source/Cmlx/mlx/mlx/random.cpp normal arm64 c++ com.apple.compilers.llvm.clang.1_0.compiler (in target 'Cmlx' from project 'mlx-swift')
    cd /Users/jamesalford/Documents/NotedCore/NotedCore.xcodeproj
    
    Using response file: /Users/jamesalford/Library/Developer/Xcode/DerivedData/NotedCore-ftviuoyqruynvwbzbngenbwxsygv/Build/Intermediates.noindex/mlx-swift.build/Debug-iphonesimulator/Cmlx.build/Objects-normal/arm64/82b82416624d2658e5098eb0a28c15c5-common-args.resp
    
    /Applications/Xcode.app/Contents/Developer/Toolchains/XcodeDefault.xctoolchain/usr/bin/clang -x c++ -ivfsstatcache /Users/jamesalford/Library/Developer/Xcode/DerivedData/SDKStatCaches.noindex/iphonesimulator26.0-23A339-3885c01c3e6b6a337905948deab2002e26257891a6c027eb51374368541b8346.sdkstatcache -fmessage-length\=0 -fdiagnostics-show-note-include-stack -fmacro-backtrace-limit\=0 -fno-color-diagnostics -fmodules-prune-interval\=86400 -fmodules-prune-after\=345600 -fbuild-session-file\=/Users/jamesalford/Library/Developer/Xcode/DerivedData/ModuleCache.noindex/Session.modulevalidation -fmodules-validate-once-per-build-session -Wnon-modular-include-in-framework-module -Werror\=non-modular-include-in-framework-module -Wno-trigraphs -Wno-missing-field-initializers -Wno-missing-prototypes -Wno-return-type -Wno-non-virtual-dtor -Wno-overloaded-virtual -Wno-exit-time-destructors -Wno-missing-braces -Wparentheses -Wswitch -Wno-unused-function -Wno-unused-label -Wno-unused-parameter -Wno-unused-variable -Wunused-value -Wno-empty-body -Wno-uninitialized -Wno-unknown-pragmas -w -Wno-shadow -Wno-four-char-constants -Wno-conversion -Wno-constant-conversion -Wno-int-conversion -Wno-bool-conversion -Wno-enum-conversion -Wno-float-conversion -Wno-non-literal-null-conversion -Wno-objc-literal-conversion -Wshorten-64-to-32 -Wno-newline-eof -Wno-c++11-extensions -Wno-implicit-fallthrough -fstrict-aliasing -Wdeprecated-declarations -Winvalid-offsetof -Wno-sign-conversion -Wno-infinite-recursion -Wno-move -Wno-comma -Wno-block-capture-autoreleasing -Wno-strict-prototypes -Wno-range-loop-analysis -Wno-semicolon-before-method-body -index-store-path /Users/jamesalford/Library/Developer/Xcode/DerivedData/NotedCore-ftviuoyqruynvwbzbngenbwxsygv/Index.noindex/DataStore @/Users/jamesalford/Library/Developer/Xcode/DerivedData/NotedCore-ftviuoyqruynvwbzbngenbwxsygv/Build/Intermediates.noindex/mlx-swift.build/Debug-iphonesimulator/Cmlx.build/Objects-normal/arm64/82b82416624d2658e5098eb0a28c15c5-common-args.resp -MMD -MT dependencies -MF /Users/jamesalford/Library/Developer/Xcode/DerivedData/NotedCore-ftviuoyqruynvwbzbngenbwxsygv/Build/Intermediates.noindex/mlx-swift.build/Debug-iphonesimulator/Cmlx.build/Objects-normal/arm64/random-ae0409db644b853203fa5299fd6b7112.d --serialize-diagnostics /Users/jamesalford/Library/Developer/Xcode/DerivedData/NotedCore-ftviuoyqruynvwbzbngenbwxsygv/Build/Intermediates.noindex/mlx-swift.build/Debug-iphonesimulator/Cmlx.build/Objects-normal/arm64/random-ae0409db644b853203fa5299fd6b7112.dia -c /Users/jamesalford/Library/Developer/Xcode/DerivedData/NotedCore-ftviuoyqruynvwbzbngenbwxsygv/SourcePackages/checkouts/mlx-swift/Source/Cmlx/mlx/mlx/random.cpp -o /Users/jamesalford/Library/Developer/Xcode/DerivedData/NotedCore-ftviuoyqruynvwbzbngenbwxsygv/Build/Intermediates.noindex/mlx-swift.build/Debug-iphonesimulator/Cmlx.build/Objects-normal/arm64/random-ae0409db644b853203fa5299fd6b7112.o -index-unit-output-path /mlx-swift.build/Debug-iphonesimulator/Cmlx.build/Objects-normal/arm64/random-ae0409db644b853203fa5299fd6b7112.o

CompileC /Users/jamesalford/Library/Developer/Xcode/DerivedData/NotedCore-ftviuoyqruynvwbzbngenbwxsygv/Build/Intermediates.noindex/mlx-swift.build/Debug-iphonesimulator/Cmlx.build/Objects-normal/arm64/scheduler.o /Users/jamesalford/Library/Developer/Xcode/DerivedData/NotedCore-ftviuoyqruynvwbzbngenbwxsygv/SourcePackages/checkouts/mlx-swift/Source/Cmlx/mlx/mlx/scheduler.cpp normal arm64 c++ com.apple.compilers.llvm.clang.1_0.compiler (in target 'Cmlx' from project 'mlx-swift')
    cd /Users/jamesalford/Documents/NotedCore/NotedCore.xcodeproj
    
    Using response file: /Users/jamesalford/Library/Developer/Xcode/DerivedData/NotedCore-ftviuoyqruynvwbzbngenbwxsygv/Build/Intermediates.noindex/mlx-swift.build/Debug-iphonesimulator/Cmlx.build/Objects-normal/arm64/82b82416624d2658e5098eb0a28c15c5-common-args.resp
    
    /Applications/Xcode.app/Contents/Developer/Toolchains/XcodeDefault.xctoolchain/usr/bin/clang -x c++ -ivfsstatcache /Users/jamesalford/Library/Developer/Xcode/DerivedData/SDKStatCaches.noindex/iphonesimulator26.0-23A339-3885c01c3e6b6a337905948deab2002e26257891a6c027eb51374368541b8346.sdkstatcache -fmessage-length\=0 -fdiagnostics-show-note-include-stack -fmacro-backtrace-limit\=0 -fno-color-diagnostics -fmodules-prune-interval\=86400 -fmodules-prune-after\=345600 -fbuild-session-file\=/Users/jamesalford/Library/Developer/Xcode/DerivedData/ModuleCache.noindex/Session.modulevalidation -fmodules-validate-once-per-build-session -Wnon-modular-include-in-framework-module -Werror\=non-modular-include-in-framework-module -Wno-trigraphs -Wno-missing-field-initializers -Wno-missing-prototypes -Wno-return-type -Wno-non-virtual-dtor -Wno-overloaded-virtual -Wno-exit-time-destructors -Wno-missing-braces -Wparentheses -Wswitch -Wno-unused-function -Wno-unused-label -Wno-unused-parameter -Wno-unused-variable -Wunused-value -Wno-empty-body -Wno-uninitialized -Wno-unknown-pragmas -w -Wno-shadow -Wno-four-char-constants -Wno-conversion -Wno-constant-conversion -Wno-int-conversion -Wno-bool-conversion -Wno-enum-conversion -Wno-float-conversion -Wno-non-literal-null-conversion -Wno-objc-literal-conversion -Wshorten-64-to-32 -Wno-newline-eof -Wno-c++11-extensions -Wno-implicit-fallthrough -fstrict-aliasing -Wdeprecated-declarations -Winvalid-offsetof -Wno-sign-conversion -Wno-infinite-recursion -Wno-move -Wno-comma -Wno-block-capture-autoreleasing -Wno-strict-prototypes -Wno-range-loop-analysis -Wno-semicolon-before-method-body -index-store-path /Users/jamesalford/Library/Developer/Xcode/DerivedData/NotedCore-ftviuoyqruynvwbzbngenbwxsygv/Index.noindex/DataStore @/Users/jamesalford/Library/Developer/Xcode/DerivedData/NotedCore-ftviuoyqruynvwbzbngenbwxsygv/Build/Intermediates.noindex/mlx-swift.build/Debug-iphonesimulator/Cmlx.build/Objects-normal/arm64/82b82416624d2658e5098eb0a28c15c5-common-args.resp -MMD -MT dependencies -MF /Users/jamesalford/Library/Developer/Xcode/DerivedData/NotedCore-ftviuoyqruynvwbzbngenbwxsygv/Build/Intermediates.noindex/mlx-swift.build/Debug-iphonesimulator/Cmlx.build/Objects-normal/arm64/scheduler.d --serialize-diagnostics /Users/jamesalford/Library/Developer/Xcode/DerivedData/NotedCore-ftviuoyqruynvwbzbngenbwxsygv/Build/Intermediates.noindex/mlx-swift.build/Debug-iphonesimulator/Cmlx.build/Objects-normal/arm64/scheduler.dia -c /Users/jamesalford/Library/Developer/Xcode/DerivedData/NotedCore-ftviuoyqruynvwbzbngenbwxsygv/SourcePackages/checkouts/mlx-swift/Source/Cmlx/mlx/mlx/scheduler.cpp -o /Users/jamesalford/Library/Developer/Xcode/DerivedData/NotedCore-ftviuoyqruynvwbzbngenbwxsygv/Build/Intermediates.noindex/mlx-swift.build/Debug-iphonesimulator/Cmlx.build/Objects-normal/arm64/scheduler.o -index-unit-output-path /mlx-swift.build/Debug-iphonesimulator/Cmlx.build/Objects-normal/arm64/scheduler.o

CompileC /Users/jamesalford/Library/Developer/Xcode/DerivedData/NotedCore-ftviuoyqruynvwbzbngenbwxsygv/Build/Intermediates.noindex/mlx-swift.build/Debug-iphonesimulator/Cmlx.build/Objects-normal/arm64/primitives-1f3deb6245e0082078eb92284e0d0bd3.o /Users/jamesalford/Library/Developer/Xcode/DerivedData/NotedCore-ftviuoyqruynvwbzbngenbwxsygv/SourcePackages/checkouts/mlx-swift/Source/Cmlx/mlx/mlx/primitives.cpp normal arm64 c++ com.apple.compilers.llvm.clang.1_0.compiler (in target 'Cmlx' from project 'mlx-swift')
    cd /Users/jamesalford/Documents/NotedCore/NotedCore.xcodeproj
    
    Using response file: /Users/jamesalford/Library/Developer/Xcode/DerivedData/NotedCore-ftviuoyqruynvwbzbngenbwxsygv/Build/Intermediates.noindex/mlx-swift.build/Debug-iphonesimulator/Cmlx.build/Objects-normal/arm64/82b82416624d2658e5098eb0a28c15c5-common-args.resp
    
    /Applications/Xcode.app/Contents/Developer/Toolchains/XcodeDefault.xctoolchain/usr/bin/clang -x c++ -ivfsstatcache /Users/jamesalford/Library/Developer/Xcode/DerivedData/SDKStatCaches.noindex/iphonesimulator26.0-23A339-3885c01c3e6b6a337905948deab2002e26257891a6c027eb51374368541b8346.sdkstatcache -fmessage-length\=0 -fdiagnostics-show-note-include-stack -fmacro-backtrace-limit\=0 -fno-color-diagnostics -fmodules-prune-interval\=86400 -fmodules-prune-after\=345600 -fbuild-session-file\=/Users/jamesalford/Library/Developer/Xcode/DerivedData/ModuleCache.noindex/Session.modulevalidation -fmodules-validate-once-per-build-session -Wnon-modular-include-in-framework-module -Werror\=non-modular-include-in-framework-module -Wno-trigraphs -Wno-missing-field-initializers -Wno-missing-prototypes -Wno-return-type -Wno-non-virtual-dtor -Wno-overloaded-virtual -Wno-exit-time-destructors -Wno-missing-braces -Wparentheses -Wswitch -Wno-unused-function -Wno-unused-label -Wno-unused-parameter -Wno-unused-variable -Wunused-value -Wno-empty-body -Wno-uninitialized -Wno-unknown-pragmas -w -Wno-shadow -Wno-four-char-constants -Wno-conversion -Wno-constant-conversion -Wno-int-conversion -Wno-bool-conversion -Wno-enum-conversion -Wno-float-conversion -Wno-non-literal-null-conversion -Wno-objc-literal-conversion -Wshorten-64-to-32 -Wno-newline-eof -Wno-c++11-extensions -Wno-implicit-fallthrough -fstrict-aliasing -Wdeprecated-declarations -Winvalid-offsetof -Wno-sign-conversion -Wno-infinite-recursion -Wno-move -Wno-comma -Wno-block-capture-autoreleasing -Wno-strict-prototypes -Wno-range-loop-analysis -Wno-semicolon-before-method-body -index-store-path /Users/jamesalford/Library/Developer/Xcode/DerivedData/NotedCore-ftviuoyqruynvwbzbngenbwxsygv/Index.noindex/DataStore @/Users/jamesalford/Library/Developer/Xcode/DerivedData/NotedCore-ftviuoyqruynvwbzbngenbwxsygv/Build/Intermediates.noindex/mlx-swift.build/Debug-iphonesimulator/Cmlx.build/Objects-normal/arm64/82b82416624d2658e5098eb0a28c15c5-common-args.resp -MMD -MT dependencies -MF /Users/jamesalford/Library/Developer/Xcode/DerivedData/NotedCore-ftviuoyqruynvwbzbngenbwxsygv/Build/Intermediates.noindex/mlx-swift.build/Debug-iphonesimulator/Cmlx.build/Objects-normal/arm64/primitives-1f3deb6245e0082078eb92284e0d0bd3.d --serialize-diagnostics /Users/jamesalford/Library/Developer/Xcode/DerivedData/NotedCore-ftviuoyqruynvwbzbngenbwxsygv/Build/Intermediates.noindex/mlx-swift.build/Debug-iphonesimulator/Cmlx.build/Objects-normal/arm64/primitives-1f3deb6245e0082078eb92284e0d0bd3.dia -c /Users/jamesalford/Library/Developer/Xcode/DerivedData/NotedCore-ftviuoyqruynvwbzbngenbwxsygv/SourcePackages/checkouts/mlx-swift/Source/Cmlx/mlx/mlx/primitives.cpp -o /Users/jamesalford/Library/Developer/Xcode/DerivedData/NotedCore-ftviuoyqruynvwbzbngenbwxsygv/Build/Intermediates.noindex/mlx-swift.build/Debug-iphonesimulator/Cmlx.build/Objects-normal/arm64/primitives-1f3deb6245e0082078eb92284e0d0bd3.o -index-unit-output-path /mlx-swift.build/Debug-iphonesimulator/Cmlx.build/Objects-normal/arm64/primitives-1f3deb6245e0082078eb92284e0d0bd3.o

CompileC /Users/jamesalford/Library/Developer/Xcode/DerivedData/NotedCore-ftviuoyqruynvwbzbngenbwxsygv/Build/Intermediates.noindex/mlx-swift.build/Debug-iphonesimulator/Cmlx.build/Objects-normal/arm64/utils-1e1201451bbce0c76709c5a2339d7990.o /Users/jamesalford/Library/Developer/Xcode/DerivedData/NotedCore-ftviuoyqruynvwbzbngenbwxsygv/SourcePackages/checkouts/mlx-swift/Source/Cmlx/mlx/mlx/backend/metal/utils.cpp normal arm64 c++ com.apple.compilers.llvm.clang.1_0.compiler (in target 'Cmlx' from project 'mlx-swift')
    cd /Users/jamesalford/Documents/NotedCore/NotedCore.xcodeproj
    
    Using response file: /Users/jamesalford/Library/Developer/Xcode/DerivedData/NotedCore-ftviuoyqruynvwbzbngenbwxsygv/Build/Intermediates.noindex/mlx-swift.build/Debug-iphonesimulator/Cmlx.build/Objects-normal/arm64/82b82416624d2658e5098eb0a28c15c5-common-args.resp
    
    /Applications/Xcode.app/Contents/Developer/Toolchains/XcodeDefault.xctoolchain/usr/bin/clang -x c++ -ivfsstatcache /Users/jamesalford/Library/Developer/Xcode/DerivedData/SDKStatCaches.noindex/iphonesimulator26.0-23A339-3885c01c3e6b6a337905948deab2002e26257891a6c027eb51374368541b8346.sdkstatcache -fmessage-length\=0 -fdiagnostics-show-note-include-stack -fmacro-backtrace-limit\=0 -fno-color-diagnostics -fmodules-prune-interval\=86400 -fmodules-prune-after\=345600 -fbuild-session-file\=/Users/jamesalford/Library/Developer/Xcode/DerivedData/ModuleCache.noindex/Session.modulevalidation -fmodules-validate-once-per-build-session -Wnon-modular-include-in-framework-module -Werror\=non-modular-include-in-framework-module -Wno-trigraphs -Wno-missing-field-initializers -Wno-missing-prototypes -Wno-return-type -Wno-non-virtual-dtor -Wno-overloaded-virtual -Wno-exit-time-destructors -Wno-missing-braces -Wparentheses -Wswitch -Wno-unused-function -Wno-unused-label -Wno-unused-parameter -Wno-unused-variable -Wunused-value -Wno-empty-body -Wno-uninitialized -Wno-unknown-pragmas -w -Wno-shadow -Wno-four-char-constants -Wno-conversion -Wno-constant-conversion -Wno-int-conversion -Wno-bool-conversion -Wno-enum-conversion -Wno-float-conversion -Wno-non-literal-null-conversion -Wno-objc-literal-conversion -Wshorten-64-to-32 -Wno-newline-eof -Wno-c++11-extensions -Wno-implicit-fallthrough -fstrict-aliasing -Wdeprecated-declarations -Winvalid-offsetof -Wno-sign-conversion -Wno-infinite-recursion -Wno-move -Wno-comma -Wno-block-capture-autoreleasing -Wno-strict-prototypes -Wno-range-loop-analysis -Wno-semicolon-before-method-body -index-store-path /Users/jamesalford/Library/Developer/Xcode/DerivedData/NotedCore-ftviuoyqruynvwbzbngenbwxsygv/Index.noindex/DataStore @/Users/jamesalford/Library/Developer/Xcode/DerivedData/NotedCore-ftviuoyqruynvwbzbngenbwxsygv/Build/Intermediates.noindex/mlx-swift.build/Debug-iphonesimulator/Cmlx.build/Objects-normal/arm64/82b82416624d2658e5098eb0a28c15c5-common-args.resp -MMD -MT dependencies -MF /Users/jamesalford/Library/Developer/Xcode/DerivedData/NotedCore-ftviuoyqruynvwbzbngenbwxsygv/Build/Intermediates.noindex/mlx-swift.build/Debug-iphonesimulator/Cmlx.build/Objects-normal/arm64/utils-1e1201451bbce0c76709c5a2339d7990.d --serialize-diagnostics /Users/jamesalford/Library/Developer/Xcode/DerivedData/NotedCore-ftviuoyqruynvwbzbngenbwxsygv/Build/Intermediates.noindex/mlx-swift.build/Debug-iphonesimulator/Cmlx.build/Objects-normal/arm64/utils-1e1201451bbce0c76709c5a2339d7990.dia -c /Users/jamesalford/Library/Developer/Xcode/DerivedData/NotedCore-ftviuoyqruynvwbzbngenbwxsygv/SourcePackages/checkouts/mlx-swift/Source/Cmlx/mlx/mlx/backend/metal/utils.cpp -o /Users/jamesalford/Library/Developer/Xcode/DerivedData/NotedCore-ftviuoyqruynvwbzbngenbwxsygv/Build/Intermediates.noindex/mlx-swift.build/Debug-iphonesimulator/Cmlx.build/Objects-normal/arm64/utils-1e1201451bbce0c76709c5a2339d7990.o -index-unit-output-path /mlx-swift.build/Debug-iphonesimulator/Cmlx.build/Objects-normal/arm64/utils-1e1201451bbce0c76709c5a2339d7990.o

SwiftDriver TensorUtils normal arm64 com.apple.xcode.tools.swift.compiler (in target 'TensorUtils' from project 'swift-transformers')
    cd /Users/jamesalford/Documents/NotedCore/NotedCore.xcodeproj
    builtin-SwiftDriver -- /Applications/Xcode.app/Contents/Developer/Toolchains/XcodeDefault.xctoolchain/usr/bin/swiftc -module-name TensorUtils -Onone -enforce-exclusivity\=checked @/Users/jamesalford/Library/Developer/Xcode/DerivedData/NotedCore-ftviuoyqruynvwbzbngenbwxsygv/Build/Intermediates.noindex/swift-transformers.build/Debug-iphonesimulator/TensorUtils.build/Objects-normal/arm64/TensorUtils.SwiftFileList -DSWIFT_PACKAGE -DDEBUG -DSWIFT_MODULE_RESOURCE_BUNDLE_UNAVAILABLE -DXcode -plugin-path /Applications/Xcode.app/Contents/Developer/Toolchains/XcodeDefault.xctoolchain/usr/lib/swift/host/plugins/testing -enable-experimental-feature DebugDescriptionMacro -sdk /Applications/Xcode.app/Contents/Developer/Platforms/iPhoneSimulator.platform/Developer/SDKs/iPhoneSimulator26.0.sdk -target arm64-apple-ios16.0-simulator -g -module-cache-path /Users/jamesalford/Library/Developer/Xcode/DerivedData/ModuleCache.noindex -Xfrontend -serialize-debugging-options -profile-coverage-mapping -profile-generate -enable-testing -suppress-warnings -index-store-path /Users/jamesalford/Library/Developer/Xcode/DerivedData/NotedCore-ftviuoyqruynvwbzbngenbwxsygv/Index.noindex/DataStore -Xcc -D_LIBCPP_HARDENING_MODE\=_LIBCPP_HARDENING_MODE_DEBUG -swift-version 5 -I /Users/jamesalford/Library/Developer/Xcode/DerivedData/NotedCore-ftviuoyqruynvwbzbngenbwxsygv/Build/Products/Debug-iphonesimulator -Isystem /Applications/Xcode.app/Contents/Developer/Platforms/iPhoneSimulator.platform/Developer/usr/lib -F /Users/jamesalford/Library/Developer/Xcode/DerivedData/NotedCore-ftviuoyqruynvwbzbngenbwxsygv/Build/Products/Debug-iphonesimulator -F /Applications/Xcode.app/Contents/Developer/Platforms/iPhoneSimulator.platform/Developer/Library/Frameworks -F /Applications/Xcode.app/Contents/Developer/Platforms/iPhoneSimulator.platform/Developer/SDKs/iPhoneSimulator26.0.sdk/Developer/Library/Frameworks -c -j14 -enable-batch-mode -incremental -Xcc -ivfsstatcache -Xcc /Users/jamesalford/Library/Developer/Xcode/DerivedData/SDKStatCaches.noindex/iphonesimulator26.0-23A339-3885c01c3e6b6a337905948deab2002e26257891a6c027eb51374368541b8346.sdkstatcache -output-file-map /Users/jamesalford/Library/Developer/Xcode/DerivedData/NotedCore-ftviuoyqruynvwbzbngenbwxsygv/Build/Intermediates.noindex/swift-transformers.build/Debug-iphonesimulator/TensorUtils.build/Objects-normal/arm64/TensorUtils-OutputFileMap.json -use-frontend-parseable-output -save-temps -no-color-diagnostics -explicit-module-build -module-cache-path /Users/jamesalford/Library/Developer/Xcode/DerivedData/NotedCore-ftviuoyqruynvwbzbngenbwxsygv/Build/Intermediates.noindex/SwiftExplicitPrecompiledModules -clang-scanner-module-cache-path /Users/jamesalford/Library/Developer/Xcode/DerivedData/ModuleCache.noindex -sdk-module-cache-path /Users/jamesalford/Library/Developer/Xcode/DerivedData/ModuleCache.noindex -serialize-diagnostics -emit-dependencies -emit-module -emit-module-path /Users/jamesalford/Library/Developer/Xcode/DerivedData/NotedCore-ftviuoyqruynvwbzbngenbwxsygv/Build/Intermediates.noindex/swift-transformers.build/Debug-iphonesimulator/TensorUtils.build/Objects-normal/arm64/TensorUtils.swiftmodule -validate-clang-modules-once -clang-build-session-file /Users/jamesalford/Library/Developer/Xcode/DerivedData/ModuleCache.noindex/Session.modulevalidation -Xcc -I/Users/jamesalford/Library/Developer/Xcode/DerivedData/NotedCore-ftviuoyqruynvwbzbngenbwxsygv/Build/Intermediates.noindex/swift-transformers.build/Debug-iphonesimulator/TensorUtils.build/swift-overrides.hmap -emit-const-values -Xfrontend -const-gather-protocols-file -Xfrontend /Users/jamesalford/Library/Developer/Xcode/DerivedData/NotedCore-ftviuoyqruynvwbzbngenbwxsygv/Build/Intermediates.noindex/swift-transformers.build/Debug-iphonesimulator/TensorUtils.build/Objects-normal/arm64/TensorUtils_const_extract_protocols.json -Xcc -I/Users/jamesalford/Library/Developer/Xcode/DerivedData/NotedCore-ftviuoyqruynvwbzbngenbwxsygv/Build/Products/Debug-iphonesimulator/include -Xcc -I/Users/jamesalford/Library/Developer/Xcode/DerivedData/NotedCore-ftviuoyqruynvwbzbngenbwxsygv/Build/Intermediates.noindex/swift-transformers.build/Debug-iphonesimulator/TensorUtils.build/DerivedSources-normal/arm64 -Xcc -I/Users/jamesalford/Library/Developer/Xcode/DerivedData/NotedCore-ftviuoyqruynvwbzbngenbwxsygv/Build/Intermediates.noindex/swift-transformers.build/Debug-iphonesimulator/TensorUtils.build/DerivedSources/arm64 -Xcc -I/Users/jamesalford/Library/Developer/Xcode/DerivedData/NotedCore-ftviuoyqruynvwbzbngenbwxsygv/Build/Intermediates.noindex/swift-transformers.build/Debug-iphonesimulator/TensorUtils.build/DerivedSources -Xcc -DSWIFT_PACKAGE -Xcc -DDEBUG\=1 -emit-objc-header -emit-objc-header-path /Users/jamesalford/Library/Developer/Xcode/DerivedData/NotedCore-ftviuoyqruynvwbzbngenbwxsygv/Build/Intermediates.noindex/swift-transformers.build/Debug-iphonesimulator/TensorUtils.build/Objects-normal/arm64/TensorUtils-Swift.h -working-directory /Users/jamesalford/Documents/NotedCore/NotedCore.xcodeproj -experimental-emit-module-separately -disable-cmo

SwiftDriver RealModule normal arm64 com.apple.xcode.tools.swift.compiler (in target 'RealModule' from project 'swift-numerics')
    cd /Users/jamesalford/Documents/NotedCore/NotedCore.xcodeproj
    builtin-SwiftDriver -- /Applications/Xcode.app/Contents/Developer/Toolchains/XcodeDefault.xctoolchain/usr/bin/swiftc -module-name RealModule -Onone -enforce-exclusivity\=checked @/Users/jamesalford/Library/Developer/Xcode/DerivedData/NotedCore-ftviuoyqruynvwbzbngenbwxsygv/Build/Intermediates.noindex/swift-numerics.build/Debug-iphonesimulator/RealModule.build/Objects-normal/arm64/RealModule.SwiftFileList -DSWIFT_PACKAGE -DDEBUG -DSWIFT_MODULE_RESOURCE_BUNDLE_UNAVAILABLE -DXcode -plugin-path /Applications/Xcode.app/Contents/Developer/Toolchains/XcodeDefault.xctoolchain/usr/lib/swift/host/plugins/testing -enable-experimental-feature DebugDescriptionMacro -sdk /Applications/Xcode.app/Contents/Developer/Platforms/iPhoneSimulator.platform/Developer/SDKs/iPhoneSimulator26.0.sdk -target arm64-apple-ios12.0-simulator -g -module-cache-path /Users/jamesalford/Library/Developer/Xcode/DerivedData/ModuleCache.noindex -Xfrontend -serialize-debugging-options -profile-coverage-mapping -profile-generate -enable-testing -suppress-warnings -index-store-path /Users/jamesalford/Library/Developer/Xcode/DerivedData/NotedCore-ftviuoyqruynvwbzbngenbwxsygv/Index.noindex/DataStore -Xcc -D_LIBCPP_HARDENING_MODE\=_LIBCPP_HARDENING_MODE_DEBUG -swift-version 5 -I /Users/jamesalford/Library/Developer/Xcode/DerivedData/NotedCore-ftviuoyqruynvwbzbngenbwxsygv/Build/Products/Debug-iphonesimulator -Isystem /Applications/Xcode.app/Contents/Developer/Platforms/iPhoneSimulator.platform/Developer/usr/lib -F /Users/jamesalford/Library/Developer/Xcode/DerivedData/NotedCore-ftviuoyqruynvwbzbngenbwxsygv/Build/Products/Debug-iphonesimulator/PackageFrameworks -F /Users/jamesalford/Library/Developer/Xcode/DerivedData/NotedCore-ftviuoyqruynvwbzbngenbwxsygv/Build/Products/Debug-iphonesimulator -F /Applications/Xcode.app/Contents/Developer/Platforms/iPhoneSimulator.platform/Developer/Library/Frameworks -F /Applications/Xcode.app/Contents/Developer/Platforms/iPhoneSimulator.platform/Developer/SDKs/iPhoneSimulator26.0.sdk/Developer/Library/Frameworks -c -j14 -enable-batch-mode -incremental -Xcc -ivfsstatcache -Xcc /Users/jamesalford/Library/Developer/Xcode/DerivedData/SDKStatCaches.noindex/iphonesimulator26.0-23A339-3885c01c3e6b6a337905948deab2002e26257891a6c027eb51374368541b8346.sdkstatcache -output-file-map /Users/jamesalford/Library/Developer/Xcode/DerivedData/NotedCore-ftviuoyqruynvwbzbngenbwxsygv/Build/Intermediates.noindex/swift-numerics.build/Debug-iphonesimulator/RealModule.build/Objects-normal/arm64/RealModule-OutputFileMap.json -use-frontend-parseable-output -save-temps -no-color-diagnostics -explicit-module-build -module-cache-path /Users/jamesalford/Library/Developer/Xcode/DerivedData/NotedCore-ftviuoyqruynvwbzbngenbwxsygv/Build/Intermediates.noindex/SwiftExplicitPrecompiledModules -clang-scanner-module-cache-path /Users/jamesalford/Library/Developer/Xcode/DerivedData/ModuleCache.noindex -sdk-module-cache-path /Users/jamesalford/Library/Developer/Xcode/DerivedData/ModuleCache.noindex -serialize-diagnostics -emit-dependencies -emit-module -emit-module-path /Users/jamesalford/Library/Developer/Xcode/DerivedData/NotedCore-ftviuoyqruynvwbzbngenbwxsygv/Build/Intermediates.noindex/swift-numerics.build/Debug-iphonesimulator/RealModule.build/Objects-normal/arm64/RealModule.swiftmodule -validate-clang-modules-once -clang-build-session-file /Users/jamesalford/Library/Developer/Xcode/DerivedData/ModuleCache.noindex/Session.modulevalidation -package-name swift_numerics -Xcc -I/Users/jamesalford/Library/Developer/Xcode/DerivedData/NotedCore-ftviuoyqruynvwbzbngenbwxsygv/Build/Intermediates.noindex/swift-numerics.build/Debug-iphonesimulator/RealModule.build/swift-overrides.hmap -emit-const-values -Xfrontend -const-gather-protocols-file -Xfrontend /Users/jamesalford/Library/Developer/Xcode/DerivedData/NotedCore-ftviuoyqruynvwbzbngenbwxsygv/Build/Intermediates.noindex/swift-numerics.build/Debug-iphonesimulator/RealModule.build/Objects-normal/arm64/RealModule_const_extract_protocols.json -Xcc -I/Users/jamesalford/Library/Developer/Xcode/DerivedData/NotedCore-ftviuoyqruynvwbzbngenbwxsygv/SourcePackages/checkouts/swift-numerics/Sources/_NumericsShims/include -Xcc -I/Users/jamesalford/Library/Developer/Xcode/DerivedData/NotedCore-ftviuoyqruynvwbzbngenbwxsygv/Build/Products/Debug-iphonesimulator/include -Xcc -I/Users/jamesalford/Library/Developer/Xcode/DerivedData/NotedCore-ftviuoyqruynvwbzbngenbwxsygv/Build/Intermediates.noindex/swift-numerics.build/Debug-iphonesimulator/RealModule.build/DerivedSources-normal/arm64 -Xcc -I/Users/jamesalford/Library/Developer/Xcode/DerivedData/NotedCore-ftviuoyqruynvwbzbngenbwxsygv/Build/Intermediates.noindex/swift-numerics.build/Debug-iphonesimulator/RealModule.build/DerivedSources/arm64 -Xcc -I/Users/jamesalford/Library/Developer/Xcode/DerivedData/NotedCore-ftviuoyqruynvwbzbngenbwxsygv/Build/Intermediates.noindex/swift-numerics.build/Debug-iphonesimulator/RealModule.build/DerivedSources -Xcc -DSWIFT_PACKAGE -Xcc -DDEBUG\=1 -emit-objc-header -emit-objc-header-path /Users/jamesalford/Library/Developer/Xcode/DerivedData/NotedCore-ftviuoyqruynvwbzbngenbwxsygv/Build/Intermediates.noindex/swift-numerics.build/Debug-iphonesimulator/RealModule.build/Objects-normal/arm64/RealModule-Swift.h -working-directory /Users/jamesalford/Documents/NotedCore/NotedCore.xcodeproj -experimental-emit-module-separately -disable-cmo

SwiftDriver InternalCollectionsUtilities normal arm64 com.apple.xcode.tools.swift.compiler (in target 'InternalCollectionsUtilities' from project 'swift-collections')
    cd /Users/jamesalford/Documents/NotedCore/NotedCore.xcodeproj
    builtin-SwiftDriver -- /Applications/Xcode.app/Contents/Developer/Toolchains/XcodeDefault.xctoolchain/usr/bin/swiftc -module-name InternalCollectionsUtilities -Onone -enforce-exclusivity\=checked @/Users/jamesalford/Library/Developer/Xcode/DerivedData/NotedCore-ftviuoyqruynvwbzbngenbwxsygv/Build/Intermediates.noindex/swift-collections.build/Debug-iphonesimulator/InternalCollectionsUtilities.build/Objects-normal/arm64/InternalCollectionsUtilities.SwiftFileList -DSWIFT_PACKAGE -DDEBUG -DSWIFT_MODULE_RESOURCE_BUNDLE_UNAVAILABLE -DCOLLECTIONS_RANDOMIZED_TESTING -DXcode -plugin-path /Applications/Xcode.app/Contents/Developer/Toolchains/XcodeDefault.xctoolchain/usr/lib/swift/host/plugins/testing -enable-experimental-feature DebugDescriptionMacro -sdk /Applications/Xcode.app/Contents/Developer/Platforms/iPhoneSimulator.platform/Developer/SDKs/iPhoneSimulator26.0.sdk -target arm64-apple-ios12.0-simulator -g -module-cache-path /Users/jamesalford/Library/Developer/Xcode/DerivedData/ModuleCache.noindex -Xfrontend -serialize-debugging-options -profile-coverage-mapping -profile-generate -enable-testing -suppress-warnings -index-store-path /Users/jamesalford/Library/Developer/Xcode/DerivedData/NotedCore-ftviuoyqruynvwbzbngenbwxsygv/Index.noindex/DataStore -Xcc -D_LIBCPP_HARDENING_MODE\=_LIBCPP_HARDENING_MODE_DEBUG -swift-version 5 -I /Users/jamesalford/Library/Developer/Xcode/DerivedData/NotedCore-ftviuoyqruynvwbzbngenbwxsygv/Build/Products/Debug-iphonesimulator -Isystem /Applications/Xcode.app/Contents/Developer/Platforms/iPhoneSimulator.platform/Developer/usr/lib -F /Users/jamesalford/Library/Developer/Xcode/DerivedData/NotedCore-ftviuoyqruynvwbzbngenbwxsygv/Build/Products/Debug-iphonesimulator -F /Applications/Xcode.app/Contents/Developer/Platforms/iPhoneSimulator.platform/Developer/Library/Frameworks -F /Applications/Xcode.app/Contents/Developer/Platforms/iPhoneSimulator.platform/Developer/SDKs/iPhoneSimulator26.0.sdk/Developer/Library/Frameworks -c -j14 -enable-batch-mode -incremental -Xcc -ivfsstatcache -Xcc /Users/jamesalford/Library/Developer/Xcode/DerivedData/SDKStatCaches.noindex/iphonesimulator26.0-23A339-3885c01c3e6b6a337905948deab2002e26257891a6c027eb51374368541b8346.sdkstatcache -output-file-map /Users/jamesalford/Library/Developer/Xcode/DerivedData/NotedCore-ftviuoyqruynvwbzbngenbwxsygv/Build/Intermediates.noindex/swift-collections.build/Debug-iphonesimulator/InternalCollectionsUtilities.build/Objects-normal/arm64/InternalCollectionsUtilities-OutputFileMap.json -use-frontend-parseable-output -save-temps -no-color-diagnostics -explicit-module-build -module-cache-path /Users/jamesalford/Library/Developer/Xcode/DerivedData/NotedCore-ftviuoyqruynvwbzbngenbwxsygv/Build/Intermediates.noindex/SwiftExplicitPrecompiledModules -clang-scanner-module-cache-path /Users/jamesalford/Library/Developer/Xcode/DerivedData/ModuleCache.noindex -sdk-module-cache-path /Users/jamesalford/Library/Developer/Xcode/DerivedData/ModuleCache.noindex -serialize-diagnostics -emit-dependencies -emit-module -emit-module-path /Users/jamesalford/Library/Developer/Xcode/DerivedData/NotedCore-ftviuoyqruynvwbzbngenbwxsygv/Build/Intermediates.noindex/swift-collections.build/Debug-iphonesimulator/InternalCollectionsUtilities.build/Objects-normal/arm64/InternalCollectionsUtilities.swiftmodule -validate-clang-modules-once -clang-build-session-file /Users/jamesalford/Library/Developer/Xcode/DerivedData/ModuleCache.noindex/Session.modulevalidation -package-name swift_collections -Xcc -I/Users/jamesalford/Library/Developer/Xcode/DerivedData/NotedCore-ftviuoyqruynvwbzbngenbwxsygv/Build/Intermediates.noindex/swift-collections.build/Debug-iphonesimulator/InternalCollectionsUtilities.build/swift-overrides.hmap -emit-const-values -Xfrontend -const-gather-protocols-file -Xfrontend /Users/jamesalford/Library/Developer/Xcode/DerivedData/NotedCore-ftviuoyqruynvwbzbngenbwxsygv/Build/Intermediates.noindex/swift-collections.build/Debug-iphonesimulator/InternalCollectionsUtilities.build/Objects-normal/arm64/InternalCollectionsUtilities_const_extract_protocols.json -Xcc -I/Users/jamesalford/Library/Developer/Xcode/DerivedData/NotedCore-ftviuoyqruynvwbzbngenbwxsygv/Build/Products/Debug-iphonesimulator/include -Xcc -I/Users/jamesalford/Library/Developer/Xcode/DerivedData/NotedCore-ftviuoyqruynvwbzbngenbwxsygv/Build/Intermediates.noindex/swift-collections.build/Debug-iphonesimulator/InternalCollectionsUtilities.build/DerivedSources-normal/arm64 -Xcc -I/Users/jamesalford/Library/Developer/Xcode/DerivedData/NotedCore-ftviuoyqruynvwbzbngenbwxsygv/Build/Intermediates.noindex/swift-collections.build/Debug-iphonesimulator/InternalCollectionsUtilities.build/DerivedSources/arm64 -Xcc -I/Users/jamesalford/Library/Developer/Xcode/DerivedData/NotedCore-ftviuoyqruynvwbzbngenbwxsygv/Build/Intermediates.noindex/swift-collections.build/Debug-iphonesimulator/InternalCollectionsUtilities.build/DerivedSources -Xcc -DSWIFT_PACKAGE -Xcc -DDEBUG\=1 -emit-objc-header -emit-objc-header-path /Users/jamesalford/Library/Developer/Xcode/DerivedData/NotedCore-ftviuoyqruynvwbzbngenbwxsygv/Build/Intermediates.noindex/swift-collections.build/Debug-iphonesimulator/InternalCollectionsUtilities.build/Objects-normal/arm64/InternalCollectionsUtilities-Swift.h -working-directory /Users/jamesalford/Documents/NotedCore/NotedCore.xcodeproj -experimental-emit-module-separately -disable-cmo

SwiftEmitModule normal arm64 Emitting\ module\ for\ TensorUtils (in target 'TensorUtils' from project 'swift-transformers')

EmitSwiftModule normal arm64 (in target 'TensorUtils' from project 'swift-transformers')
    cd /Users/jamesalford/Documents/NotedCore/NotedCore.xcodeproj
    

SwiftDriver Hub normal arm64 com.apple.xcode.tools.swift.compiler (in target 'Hub' from project 'swift-transformers')
    cd /Users/jamesalford/Documents/NotedCore/NotedCore.xcodeproj
    builtin-SwiftDriver -- /Applications/Xcode.app/Contents/Developer/Toolchains/XcodeDefault.xctoolchain/usr/bin/swiftc -module-name Hub -Onone -enforce-exclusivity\=checked @/Users/jamesalford/Library/Developer/Xcode/DerivedData/NotedCore-ftviuoyqruynvwbzbngenbwxsygv/Build/Intermediates.noindex/swift-transformers.build/Debug-iphonesimulator/Hub.build/Objects-normal/arm64/Hub.SwiftFileList -DSWIFT_PACKAGE -DDEBUG -DSWIFT_MODULE_RESOURCE_BUNDLE_AVAILABLE -DXcode -plugin-path /Applications/Xcode.app/Contents/Developer/Toolchains/XcodeDefault.xctoolchain/usr/lib/swift/host/plugins/testing -enable-experimental-feature DebugDescriptionMacro -sdk /Applications/Xcode.app/Contents/Developer/Platforms/iPhoneSimulator.platform/Developer/SDKs/iPhoneSimulator26.0.sdk -target arm64-apple-ios16.0-simulator -g -module-cache-path /Users/jamesalford/Library/Developer/Xcode/DerivedData/ModuleCache.noindex -Xfrontend -serialize-debugging-options -profile-coverage-mapping -profile-generate -enable-testing -suppress-warnings -index-store-path /Users/jamesalford/Library/Developer/Xcode/DerivedData/NotedCore-ftviuoyqruynvwbzbngenbwxsygv/Index.noindex/DataStore -Xcc -D_LIBCPP_HARDENING_MODE\=_LIBCPP_HARDENING_MODE_DEBUG -swift-version 5 -I /Users/jamesalford/Library/Developer/Xcode/DerivedData/NotedCore-ftviuoyqruynvwbzbngenbwxsygv/Build/Products/Debug-iphonesimulator -Isystem /Applications/Xcode.app/Contents/Developer/Platforms/iPhoneSimulator.platform/Developer/usr/lib -F /Users/jamesalford/Library/Developer/Xcode/DerivedData/NotedCore-ftviuoyqruynvwbzbngenbwxsygv/Build/Products/Debug-iphonesimulator -F /Applications/Xcode.app/Contents/Developer/Platforms/iPhoneSimulator.platform/Developer/Library/Frameworks -F /Applications/Xcode.app/Contents/Developer/Platforms/iPhoneSimulator.platform/Developer/SDKs/iPhoneSimulator26.0.sdk/Developer/Library/Frameworks -c -j14 -enable-batch-mode -incremental -Xcc -ivfsstatcache -Xcc /Users/jamesalford/Library/Developer/Xcode/DerivedData/SDKStatCaches.noindex/iphonesimulator26.0-23A339-3885c01c3e6b6a337905948deab2002e26257891a6c027eb51374368541b8346.sdkstatcache -output-file-map /Users/jamesalford/Library/Developer/Xcode/DerivedData/NotedCore-ftviuoyqruynvwbzbngenbwxsygv/Build/Intermediates.noindex/swift-transformers.build/Debug-iphonesimulator/Hub.build/Objects-normal/arm64/Hub-OutputFileMap.json -use-frontend-parseable-output -save-temps -no-color-diagnostics -explicit-module-build -module-cache-path /Users/jamesalford/Library/Developer/Xcode/DerivedData/NotedCore-ftviuoyqruynvwbzbngenbwxsygv/Build/Intermediates.noindex/SwiftExplicitPrecompiledModules -clang-scanner-module-cache-path /Users/jamesalford/Library/Developer/Xcode/DerivedData/ModuleCache.noindex -sdk-module-cache-path /Users/jamesalford/Library/Developer/Xcode/DerivedData/ModuleCache.noindex -serialize-diagnostics -emit-dependencies -emit-module -emit-module-path /Users/jamesalford/Library/Developer/Xcode/DerivedData/NotedCore-ftviuoyqruynvwbzbngenbwxsygv/Build/Intermediates.noindex/swift-transformers.build/Debug-iphonesimulator/Hub.build/Objects-normal/arm64/Hub.swiftmodule -validate-clang-modules-once -clang-build-session-file /Users/jamesalford/Library/Developer/Xcode/DerivedData/ModuleCache.noindex/Session.modulevalidation -Xcc -I/Users/jamesalford/Library/Developer/Xcode/DerivedData/NotedCore-ftviuoyqruynvwbzbngenbwxsygv/Build/Intermediates.noindex/swift-transformers.build/Debug-iphonesimulator/Hub.build/swift-overrides.hmap -emit-const-values -Xfrontend -const-gather-protocols-file -Xfrontend /Users/jamesalford/Library/Developer/Xcode/DerivedData/NotedCore-ftviuoyqruynvwbzbngenbwxsygv/Build/Intermediates.noindex/swift-transformers.build/Debug-iphonesimulator/Hub.build/Objects-normal/arm64/Hub_const_extract_protocols.json -Xcc -I/Users/jamesalford/Library/Developer/Xcode/DerivedData/NotedCore-ftviuoyqruynvwbzbngenbwxsygv/Build/Products/Debug-iphonesimulator/include -Xcc -I/Users/jamesalford/Library/Developer/Xcode/DerivedData/NotedCore-ftviuoyqruynvwbzbngenbwxsygv/Build/Intermediates.noindex/swift-transformers.build/Debug-iphonesimulator/Hub.build/DerivedSources-normal/arm64 -Xcc -I/Users/jamesalford/Library/Developer/Xcode/DerivedData/NotedCore-ftviuoyqruynvwbzbngenbwxsygv/Build/Intermediates.noindex/swift-transformers.build/Debug-iphonesimulator/Hub.build/DerivedSources/arm64 -Xcc -I/Users/jamesalford/Library/Developer/Xcode/DerivedData/NotedCore-ftviuoyqruynvwbzbngenbwxsygv/Build/Intermediates.noindex/swift-transformers.build/Debug-iphonesimulator/Hub.build/DerivedSources -Xcc -DSWIFT_PACKAGE -Xcc -DDEBUG\=1 -emit-objc-header -emit-objc-header-path /Users/jamesalford/Library/Developer/Xcode/DerivedData/NotedCore-ftviuoyqruynvwbzbngenbwxsygv/Build/Intermediates.noindex/swift-transformers.build/Debug-iphonesimulator/Hub.build/Objects-normal/arm64/Hub-Swift.h -working-directory /Users/jamesalford/Documents/NotedCore/NotedCore.xcodeproj -experimental-emit-module-separately -disable-cmo

SwiftEmitModule normal arm64 Emitting\ module\ for\ InternalCollectionsUtilities (in target 'InternalCollectionsUtilities' from project 'swift-collections')

EmitSwiftModule normal arm64 (in target 'InternalCollectionsUtilities' from project 'swift-collections')
    cd /Users/jamesalford/Documents/NotedCore/NotedCore.xcodeproj
    

SwiftDriver ArgumentParserToolInfo normal arm64 com.apple.xcode.tools.swift.compiler (in target 'ArgumentParserToolInfo' from project 'swift-argument-parser')
    cd /Users/jamesalford/Documents/NotedCore/NotedCore.xcodeproj
    builtin-SwiftDriver -- /Applications/Xcode.app/Contents/Developer/Toolchains/XcodeDefault.xctoolchain/usr/bin/swiftc -module-name ArgumentParserToolInfo -Onone -enforce-exclusivity\=checked @/Users/jamesalford/Library/Developer/Xcode/DerivedData/NotedCore-ftviuoyqruynvwbzbngenbwxsygv/Build/Intermediates.noindex/swift-argument-parser.build/Debug-iphonesimulator/ArgumentParserToolInfo.build/Objects-normal/arm64/ArgumentParserToolInfo.SwiftFileList -DSWIFT_PACKAGE -DDEBUG -DSWIFT_MODULE_RESOURCE_BUNDLE_UNAVAILABLE -DXcode -plugin-path /Applications/Xcode.app/Contents/Developer/Toolchains/XcodeDefault.xctoolchain/usr/lib/swift/host/plugins/testing -enable-experimental-feature DebugDescriptionMacro -sdk /Applications/Xcode.app/Contents/Developer/Platforms/iPhoneSimulator.platform/Developer/SDKs/iPhoneSimulator26.0.sdk -target arm64-apple-ios12.0-simulator -g -module-cache-path /Users/jamesalford/Library/Developer/Xcode/DerivedData/ModuleCache.noindex -Xfrontend -serialize-debugging-options -profile-coverage-mapping -profile-generate -enable-testing -suppress-warnings -index-store-path /Users/jamesalford/Library/Developer/Xcode/DerivedData/NotedCore-ftviuoyqruynvwbzbngenbwxsygv/Index.noindex/DataStore -Xcc -D_LIBCPP_HARDENING_MODE\=_LIBCPP_HARDENING_MODE_DEBUG -swift-version 5 -I /Users/jamesalford/Library/Developer/Xcode/DerivedData/NotedCore-ftviuoyqruynvwbzbngenbwxsygv/Build/Products/Debug-iphonesimulator -Isystem /Applications/Xcode.app/Contents/Developer/Platforms/iPhoneSimulator.platform/Developer/usr/lib -F /Users/jamesalford/Library/Developer/Xcode/DerivedData/NotedCore-ftviuoyqruynvwbzbngenbwxsygv/Build/Products/Debug-iphonesimulator -F /Applications/Xcode.app/Contents/Developer/Platforms/iPhoneSimulator.platform/Developer/Library/Frameworks -F /Applications/Xcode.app/Contents/Developer/Platforms/iPhoneSimulator.platform/Developer/SDKs/iPhoneSimulator26.0.sdk/Developer/Library/Frameworks -parse-as-library -c -j14 -enable-batch-mode -incremental -Xcc -ivfsstatcache -Xcc /Users/jamesalford/Library/Developer/Xcode/DerivedData/SDKStatCaches.noindex/iphonesimulator26.0-23A339-3885c01c3e6b6a337905948deab2002e26257891a6c027eb51374368541b8346.sdkstatcache -output-file-map /Users/jamesalford/Library/Developer/Xcode/DerivedData/NotedCore-ftviuoyqruynvwbzbngenbwxsygv/Build/Intermediates.noindex/swift-argument-parser.build/Debug-iphonesimulator/ArgumentParserToolInfo.build/Objects-normal/arm64/ArgumentParserToolInfo-OutputFileMap.json -use-frontend-parseable-output -save-temps -no-color-diagnostics -explicit-module-build -module-cache-path /Users/jamesalford/Library/Developer/Xcode/DerivedData/NotedCore-ftviuoyqruynvwbzbngenbwxsygv/Build/Intermediates.noindex/SwiftExplicitPrecompiledModules -clang-scanner-module-cache-path /Users/jamesalford/Library/Developer/Xcode/DerivedData/ModuleCache.noindex -sdk-module-cache-path /Users/jamesalford/Library/Developer/Xcode/DerivedData/ModuleCache.noindex -serialize-diagnostics -emit-dependencies -emit-module -emit-module-path /Users/jamesalford/Library/Developer/Xcode/DerivedData/NotedCore-ftviuoyqruynvwbzbngenbwxsygv/Build/Intermediates.noindex/swift-argument-parser.build/Debug-iphonesimulator/ArgumentParserToolInfo.build/Objects-normal/arm64/ArgumentParserToolInfo.swiftmodule -validate-clang-modules-once -clang-build-session-file /Users/jamesalford/Library/Developer/Xcode/DerivedData/ModuleCache.noindex/Session.modulevalidation -Xcc -I/Users/jamesalford/Library/Developer/Xcode/DerivedData/NotedCore-ftviuoyqruynvwbzbngenbwxsygv/Build/Intermediates.noindex/swift-argument-parser.build/Debug-iphonesimulator/ArgumentParserToolInfo.build/swift-overrides.hmap -emit-const-values -Xfrontend -const-gather-protocols-file -Xfrontend /Users/jamesalford/Library/Developer/Xcode/DerivedData/NotedCore-ftviuoyqruynvwbzbngenbwxsygv/Build/Intermediates.noindex/swift-argument-parser.build/Debug-iphonesimulator/ArgumentParserToolInfo.build/Objects-normal/arm64/ArgumentParserToolInfo_const_extract_protocols.json -Xcc -I/Users/jamesalford/Library/Developer/Xcode/DerivedData/NotedCore-ftviuoyqruynvwbzbngenbwxsygv/Build/Products/Debug-iphonesimulator/include -Xcc -I/Users/jamesalford/Library/Developer/Xcode/DerivedData/NotedCore-ftviuoyqruynvwbzbngenbwxsygv/Build/Intermediates.noindex/swift-argument-parser.build/Debug-iphonesimulator/ArgumentParserToolInfo.build/DerivedSources-normal/arm64 -Xcc -I/Users/jamesalford/Library/Developer/Xcode/DerivedData/NotedCore-ftviuoyqruynvwbzbngenbwxsygv/Build/Intermediates.noindex/swift-argument-parser.build/Debug-iphonesimulator/ArgumentParserToolInfo.build/DerivedSources/arm64 -Xcc -I/Users/jamesalford/Library/Developer/Xcode/DerivedData/NotedCore-ftviuoyqruynvwbzbngenbwxsygv/Build/Intermediates.noindex/swift-argument-parser.build/Debug-iphonesimulator/ArgumentParserToolInfo.build/DerivedSources -Xcc -DSWIFT_PACKAGE -Xcc -DDEBUG\=1 -emit-objc-header -emit-objc-header-path /Users/jamesalford/Library/Developer/Xcode/DerivedData/NotedCore-ftviuoyqruynvwbzbngenbwxsygv/Build/Intermediates.noindex/swift-argument-parser.build/Debug-iphonesimulator/ArgumentParserToolInfo.build/Objects-normal/arm64/ArgumentParserToolInfo-Swift.h -working-directory /Users/jamesalford/Documents/NotedCore/NotedCore.xcodeproj -experimental-emit-module-separately -disable-cmo

SwiftEmitModule normal x86_64 Emitting\ module\ for\ NotedWatch_Watch_App (in target 'NotedWatch Watch App' from project 'NotedCore')

EmitSwiftModule normal x86_64 (in target 'NotedWatch Watch App' from project 'NotedCore')
    cd /Users/jamesalford/Documents/NotedCore
    

SwiftDriverJobDiscovery normal arm64 Emitting module for TensorUtils (in target 'TensorUtils' from project 'swift-transformers')

SwiftDriver\ Compilation\ Requirements TensorUtils normal arm64 com.apple.xcode.tools.swift.compiler (in target 'TensorUtils' from project 'swift-transformers')
    cd /Users/jamesalford/Documents/NotedCore/NotedCore.xcodeproj
    builtin-Swift-Compilation-Requirements -- /Applications/Xcode.app/Contents/Developer/Toolchains/XcodeDefault.xctoolchain/usr/bin/swiftc -module-name TensorUtils -Onone -enforce-exclusivity\=checked @/Users/jamesalford/Library/Developer/Xcode/DerivedData/NotedCore-ftviuoyqruynvwbzbngenbwxsygv/Build/Intermediates.noindex/swift-transformers.build/Debug-iphonesimulator/TensorUtils.build/Objects-normal/arm64/TensorUtils.SwiftFileList -DSWIFT_PACKAGE -DDEBUG -DSWIFT_MODULE_RESOURCE_BUNDLE_UNAVAILABLE -DXcode -plugin-path /Applications/Xcode.app/Contents/Developer/Toolchains/XcodeDefault.xctoolchain/usr/lib/swift/host/plugins/testing -enable-experimental-feature DebugDescriptionMacro -sdk /Applications/Xcode.app/Contents/Developer/Platforms/iPhoneSimulator.platform/Developer/SDKs/iPhoneSimulator26.0.sdk -target arm64-apple-ios16.0-simulator -g -module-cache-path /Users/jamesalford/Library/Developer/Xcode/DerivedData/ModuleCache.noindex -Xfrontend -serialize-debugging-options -profile-coverage-mapping -profile-generate -enable-testing -suppress-warnings -index-store-path /Users/jamesalford/Library/Developer/Xcode/DerivedData/NotedCore-ftviuoyqruynvwbzbngenbwxsygv/Index.noindex/DataStore -Xcc -D_LIBCPP_HARDENING_MODE\=_LIBCPP_HARDENING_MODE_DEBUG -swift-version 5 -I /Users/jamesalford/Library/Developer/Xcode/DerivedData/NotedCore-ftviuoyqruynvwbzbngenbwxsygv/Build/Products/Debug-iphonesimulator -Isystem /Applications/Xcode.app/Contents/Developer/Platforms/iPhoneSimulator.platform/Developer/usr/lib -F /Users/jamesalford/Library/Developer/Xcode/DerivedData/NotedCore-ftviuoyqruynvwbzbngenbwxsygv/Build/Products/Debug-iphonesimulator -F /Applications/Xcode.app/Contents/Developer/Platforms/iPhoneSimulator.platform/Developer/Library/Frameworks -F /Applications/Xcode.app/Contents/Developer/Platforms/iPhoneSimulator.platform/Developer/SDKs/iPhoneSimulator26.0.sdk/Developer/Library/Frameworks -c -j14 -enable-batch-mode -incremental -Xcc -ivfsstatcache -Xcc /Users/jamesalford/Library/Developer/Xcode/DerivedData/SDKStatCaches.noindex/iphonesimulator26.0-23A339-3885c01c3e6b6a337905948deab2002e26257891a6c027eb51374368541b8346.sdkstatcache -output-file-map /Users/jamesalford/Library/Developer/Xcode/DerivedData/NotedCore-ftviuoyqruynvwbzbngenbwxsygv/Build/Intermediates.noindex/swift-transformers.build/Debug-iphonesimulator/TensorUtils.build/Objects-normal/arm64/TensorUtils-OutputFileMap.json -use-frontend-parseable-output -save-temps -no-color-diagnostics -explicit-module-build -module-cache-path /Users/jamesalford/Library/Developer/Xcode/DerivedData/NotedCore-ftviuoyqruynvwbzbngenbwxsygv/Build/Intermediates.noindex/SwiftExplicitPrecompiledModules -clang-scanner-module-cache-path /Users/jamesalford/Library/Developer/Xcode/DerivedData/ModuleCache.noindex -sdk-module-cache-path /Users/jamesalford/Library/Developer/Xcode/DerivedData/ModuleCache.noindex -serialize-diagnostics -emit-dependencies -emit-module -emit-module-path /Users/jamesalford/Library/Developer/Xcode/DerivedData/NotedCore-ftviuoyqruynvwbzbngenbwxsygv/Build/Intermediates.noindex/swift-transformers.build/Debug-iphonesimulator/TensorUtils.build/Objects-normal/arm64/TensorUtils.swiftmodule -validate-clang-modules-once -clang-build-session-file /Users/jamesalford/Library/Developer/Xcode/DerivedData/ModuleCache.noindex/Session.modulevalidation -Xcc -I/Users/jamesalford/Library/Developer/Xcode/DerivedData/NotedCore-ftviuoyqruynvwbzbngenbwxsygv/Build/Intermediates.noindex/swift-transformers.build/Debug-iphonesimulator/TensorUtils.build/swift-overrides.hmap -emit-const-values -Xfrontend -const-gather-protocols-file -Xfrontend /Users/jamesalford/Library/Developer/Xcode/DerivedData/NotedCore-ftviuoyqruynvwbzbngenbwxsygv/Build/Intermediates.noindex/swift-transformers.build/Debug-iphonesimulator/TensorUtils.build/Objects-normal/arm64/TensorUtils_const_extract_protocols.json -Xcc -I/Users/jamesalford/Library/Developer/Xcode/DerivedData/NotedCore-ftviuoyqruynvwbzbngenbwxsygv/Build/Products/Debug-iphonesimulator/include -Xcc -I/Users/jamesalford/Library/Developer/Xcode/DerivedData/NotedCore-ftviuoyqruynvwbzbngenbwxsygv/Build/Intermediates.noindex/swift-transformers.build/Debug-iphonesimulator/TensorUtils.build/DerivedSources-normal/arm64 -Xcc -I/Users/jamesalford/Library/Developer/Xcode/DerivedData/NotedCore-ftviuoyqruynvwbzbngenbwxsygv/Build/Intermediates.noindex/swift-transformers.build/Debug-iphonesimulator/TensorUtils.build/DerivedSources/arm64 -Xcc -I/Users/jamesalford/Library/Developer/Xcode/DerivedData/NotedCore-ftviuoyqruynvwbzbngenbwxsygv/Build/Intermediates.noindex/swift-transformers.build/Debug-iphonesimulator/TensorUtils.build/DerivedSources -Xcc -DSWIFT_PACKAGE -Xcc -DDEBUG\=1 -emit-objc-header -emit-objc-header-path /Users/jamesalford/Library/Developer/Xcode/DerivedData/NotedCore-ftviuoyqruynvwbzbngenbwxsygv/Build/Intermediates.noindex/swift-transformers.build/Debug-iphonesimulator/TensorUtils.build/Objects-normal/arm64/TensorUtils-Swift.h -working-directory /Users/jamesalford/Documents/NotedCore/NotedCore.xcodeproj -experimental-emit-module-separately -disable-cmo

SwiftEmitModule normal arm64 Emitting\ module\ for\ NotedWatch_Watch_App (in target 'NotedWatch Watch App' from project 'NotedCore')

EmitSwiftModule normal arm64 (in target 'NotedWatch Watch App' from project 'NotedCore')
    cd /Users/jamesalford/Documents/NotedCore
    

SwiftMergeGeneratedHeaders /Users/jamesalford/Library/Developer/Xcode/DerivedData/NotedCore-ftviuoyqruynvwbzbngenbwxsygv/Build/Intermediates.noindex/GeneratedModuleMaps-iphonesimulator/TensorUtils-Swift.h /Users/jamesalford/Library/Developer/Xcode/DerivedData/NotedCore-ftviuoyqruynvwbzbngenbwxsygv/Build/Intermediates.noindex/swift-transformers.build/Debug-iphonesimulator/TensorUtils.build/Objects-normal/arm64/TensorUtils-Swift.h (in target 'TensorUtils' from project 'swift-transformers')
    cd /Users/jamesalford/Library/Developer/Xcode/DerivedData/NotedCore-ftviuoyqruynvwbzbngenbwxsygv/SourcePackages/checkouts/swift-transformers
    builtin-swiftHeaderTool -arch arm64 /Users/jamesalford/Library/Developer/Xcode/DerivedData/NotedCore-ftviuoyqruynvwbzbngenbwxsygv/Build/Intermediates.noindex/swift-transformers.build/Debug-iphonesimulator/TensorUtils.build/Objects-normal/arm64/TensorUtils-Swift.h -o /Users/jamesalford/Library/Developer/Xcode/DerivedData/NotedCore-ftviuoyqruynvwbzbngenbwxsygv/Build/Intermediates.noindex/GeneratedModuleMaps-iphonesimulator/TensorUtils-Swift.h

Copy /Users/jamesalford/Library/Developer/Xcode/DerivedData/NotedCore-ftviuoyqruynvwbzbngenbwxsygv/Build/Products/Debug-iphonesimulator/TensorUtils.swiftmodule/arm64-apple-ios-simulator.swiftmodule /Users/jamesalford/Library/Developer/Xcode/DerivedData/NotedCore-ftviuoyqruynvwbzbngenbwxsygv/Build/Intermediates.noindex/swift-transformers.build/Debug-iphonesimulator/TensorUtils.build/Objects-normal/arm64/TensorUtils.swiftmodule (in target 'TensorUtils' from project 'swift-transformers')
    cd /Users/jamesalford/Library/Developer/Xcode/DerivedData/NotedCore-ftviuoyqruynvwbzbngenbwxsygv/SourcePackages/checkouts/swift-transformers
    builtin-copy -exclude .DS_Store -exclude CVS -exclude .svn -exclude .git -exclude .hg -resolve-src-symlinks -rename /Users/jamesalford/Library/Developer/Xcode/DerivedData/NotedCore-ftviuoyqruynvwbzbngenbwxsygv/Build/Intermediates.noindex/swift-transformers.build/Debug-iphonesimulator/TensorUtils.build/Objects-normal/arm64/TensorUtils.swiftmodule /Users/jamesalford/Library/Developer/Xcode/DerivedData/NotedCore-ftviuoyqruynvwbzbngenbwxsygv/Build/Products/Debug-iphonesimulator/TensorUtils.swiftmodule/arm64-apple-ios-simulator.swiftmodule

Copy /Users/jamesalford/Library/Developer/Xcode/DerivedData/NotedCore-ftviuoyqruynvwbzbngenbwxsygv/Build/Products/Debug-iphonesimulator/TensorUtils.swiftmodule/arm64-apple-ios-simulator.swiftdoc /Users/jamesalford/Library/Developer/Xcode/DerivedData/NotedCore-ftviuoyqruynvwbzbngenbwxsygv/Build/Intermediates.noindex/swift-transformers.build/Debug-iphonesimulator/TensorUtils.build/Objects-normal/arm64/TensorUtils.swiftdoc (in target 'TensorUtils' from project 'swift-transformers')
    cd /Users/jamesalford/Library/Developer/Xcode/DerivedData/NotedCore-ftviuoyqruynvwbzbngenbwxsygv/SourcePackages/checkouts/swift-transformers
    builtin-copy -exclude .DS_Store -exclude CVS -exclude .svn -exclude .git -exclude .hg -resolve-src-symlinks -rename /Users/jamesalford/Library/Developer/Xcode/DerivedData/NotedCore-ftviuoyqruynvwbzbngenbwxsygv/Build/Intermediates.noindex/swift-transformers.build/Debug-iphonesimulator/TensorUtils.build/Objects-normal/arm64/TensorUtils.swiftdoc /Users/jamesalford/Library/Developer/Xcode/DerivedData/NotedCore-ftviuoyqruynvwbzbngenbwxsygv/Build/Products/Debug-iphonesimulator/TensorUtils.swiftmodule/arm64-apple-ios-simulator.swiftdoc

Copy /Users/jamesalford/Library/Developer/Xcode/DerivedData/NotedCore-ftviuoyqruynvwbzbngenbwxsygv/Build/Products/Debug-iphonesimulator/TensorUtils.swiftmodule/arm64-apple-ios-simulator.abi.json /Users/jamesalford/Library/Developer/Xcode/DerivedData/NotedCore-ftviuoyqruynvwbzbngenbwxsygv/Build/Intermediates.noindex/swift-transformers.build/Debug-iphonesimulator/TensorUtils.build/Objects-normal/arm64/TensorUtils.abi.json (in target 'TensorUtils' from project 'swift-transformers')
    cd /Users/jamesalford/Library/Developer/Xcode/DerivedData/NotedCore-ftviuoyqruynvwbzbngenbwxsygv/SourcePackages/checkouts/swift-transformers
    builtin-copy -exclude .DS_Store -exclude CVS -exclude .svn -exclude .git -exclude .hg -resolve-src-symlinks -rename /Users/jamesalford/Library/Developer/Xcode/DerivedData/NotedCore-ftviuoyqruynvwbzbngenbwxsygv/Build/Intermediates.noindex/swift-transformers.build/Debug-iphonesimulator/TensorUtils.build/Objects-normal/arm64/TensorUtils.abi.json /Users/jamesalford/Library/Developer/Xcode/DerivedData/NotedCore-ftviuoyqruynvwbzbngenbwxsygv/Build/Products/Debug-iphonesimulator/TensorUtils.swiftmodule/arm64-apple-ios-simulator.abi.json

Copy /Users/jamesalford/Library/Developer/Xcode/DerivedData/NotedCore-ftviuoyqruynvwbzbngenbwxsygv/Build/Products/Debug-iphonesimulator/TensorUtils.swiftmodule/Project/arm64-apple-ios-simulator.swiftsourceinfo /Users/jamesalford/Library/Developer/Xcode/DerivedData/NotedCore-ftviuoyqruynvwbzbngenbwxsygv/Build/Intermediates.noindex/swift-transformers.build/Debug-iphonesimulator/TensorUtils.build/Objects-normal/arm64/TensorUtils.swiftsourceinfo (in target 'TensorUtils' from project 'swift-transformers')
    cd /Users/jamesalford/Library/Developer/Xcode/DerivedData/NotedCore-ftviuoyqruynvwbzbngenbwxsygv/SourcePackages/checkouts/swift-transformers
    builtin-copy -exclude .DS_Store -exclude CVS -exclude .svn -exclude .git -exclude .hg -resolve-src-symlinks -rename /Users/jamesalford/Library/Developer/Xcode/DerivedData/NotedCore-ftviuoyqruynvwbzbngenbwxsygv/Build/Intermediates.noindex/swift-transformers.build/Debug-iphonesimulator/TensorUtils.build/Objects-normal/arm64/TensorUtils.swiftsourceinfo /Users/jamesalford/Library/Developer/Xcode/DerivedData/NotedCore-ftviuoyqruynvwbzbngenbwxsygv/Build/Products/Debug-iphonesimulator/TensorUtils.swiftmodule/Project/arm64-apple-ios-simulator.swiftsourceinfo

SwiftEmitModule normal arm64 Emitting\ module\ for\ Hub (in target 'Hub' from project 'swift-transformers')

EmitSwiftModule normal arm64 (in target 'Hub' from project 'swift-transformers')
    cd /Users/jamesalford/Documents/NotedCore/NotedCore.xcodeproj
    

SwiftEmitModule normal arm64 Emitting\ module\ for\ ArgumentParserToolInfo (in target 'ArgumentParserToolInfo' from project 'swift-argument-parser')

SwiftCompile normal arm64 /Users/jamesalford/Library/Developer/Xcode/DerivedData/NotedCore-ftviuoyqruynvwbzbngenbwxsygv/SourcePackages/checkouts/swift-argument-parser/Sources/ArgumentParserToolInfo/ToolInfo.swift (in target 'ArgumentParserToolInfo' from project 'swift-argument-parser')
    cd /Users/jamesalford/Documents/NotedCore/NotedCore.xcodeproj
    

SwiftExplicitDependencyGeneratePcm arm64 /Users/jamesalford/Library/Developer/Xcode/DerivedData/NotedCore-ftviuoyqruynvwbzbngenbwxsygv/Build/Intermediates.noindex/SwiftExplicitPrecompiledModules/_NumericsShims-DS0FNOD6NDCM97358N3LF2LTN.pcm

CompileC /Users/jamesalford/Library/Developer/Xcode/DerivedData/NotedCore-ftviuoyqruynvwbzbngenbwxsygv/Build/Intermediates.noindex/mlx-swift.build/Debug-iphonesimulator/Cmlx.build/Objects-normal/arm64/version-c821c06b23d66cfdb555a28fe1bd3fab.o /Users/jamesalford/Library/Developer/Xcode/DerivedData/NotedCore-ftviuoyqruynvwbzbngenbwxsygv/SourcePackages/checkouts/mlx-swift/Source/Cmlx/mlx-c/mlx/c/version.cpp normal arm64 c++ com.apple.compilers.llvm.clang.1_0.compiler (in target 'Cmlx' from project 'mlx-swift')
    cd /Users/jamesalford/Documents/NotedCore/NotedCore.xcodeproj
    
    Using response file: /Users/jamesalford/Library/Developer/Xcode/DerivedData/NotedCore-ftviuoyqruynvwbzbngenbwxsygv/Build/Intermediates.noindex/mlx-swift.build/Debug-iphonesimulator/Cmlx.build/Objects-normal/arm64/82b82416624d2658e5098eb0a28c15c5-common-args.resp
    
    /Applications/Xcode.app/Contents/Developer/Toolchains/XcodeDefault.xctoolchain/usr/bin/clang -x c++ -ivfsstatcache /Users/jamesalford/Library/Developer/Xcode/DerivedData/SDKStatCaches.noindex/iphonesimulator26.0-23A339-3885c01c3e6b6a337905948deab2002e26257891a6c027eb51374368541b8346.sdkstatcache -fmessage-length\=0 -fdiagnostics-show-note-include-stack -fmacro-backtrace-limit\=0 -fno-color-diagnostics -fmodules-prune-interval\=86400 -fmodules-prune-after\=345600 -fbuild-session-file\=/Users/jamesalford/Library/Developer/Xcode/DerivedData/ModuleCache.noindex/Session.modulevalidation -fmodules-validate-once-per-build-session -Wnon-modular-include-in-framework-module -Werror\=non-modular-include-in-framework-module -Wno-trigraphs -Wno-missing-field-initializers -Wno-missing-prototypes -Wno-return-type -Wno-non-virtual-dtor -Wno-overloaded-virtual -Wno-exit-time-destructors -Wno-missing-braces -Wparentheses -Wswitch -Wno-unused-function -Wno-unused-label -Wno-unused-parameter -Wno-unused-variable -Wunused-value -Wno-empty-body -Wno-uninitialized -Wno-unknown-pragmas -w -Wno-shadow -Wno-four-char-constants -Wno-conversion -Wno-constant-conversion -Wno-int-conversion -Wno-bool-conversion -Wno-enum-conversion -Wno-float-conversion -Wno-non-literal-null-conversion -Wno-objc-literal-conversion -Wshorten-64-to-32 -Wno-newline-eof -Wno-c++11-extensions -Wno-implicit-fallthrough -fstrict-aliasing -Wdeprecated-declarations -Winvalid-offsetof -Wno-sign-conversion -Wno-infinite-recursion -Wno-move -Wno-comma -Wno-block-capture-autoreleasing -Wno-strict-prototypes -Wno-range-loop-analysis -Wno-semicolon-before-method-body -index-store-path /Users/jamesalford/Library/Developer/Xcode/DerivedData/NotedCore-ftviuoyqruynvwbzbngenbwxsygv/Index.noindex/DataStore @/Users/jamesalford/Library/Developer/Xcode/DerivedData/NotedCore-ftviuoyqruynvwbzbngenbwxsygv/Build/Intermediates.noindex/mlx-swift.build/Debug-iphonesimulator/Cmlx.build/Objects-normal/arm64/82b82416624d2658e5098eb0a28c15c5-common-args.resp -MMD -MT dependencies -MF /Users/jamesalford/Library/Developer/Xcode/DerivedData/NotedCore-ftviuoyqruynvwbzbngenbwxsygv/Build/Intermediates.noindex/mlx-swift.build/Debug-iphonesimulator/Cmlx.build/Objects-normal/arm64/version-c821c06b23d66cfdb555a28fe1bd3fab.d --serialize-diagnostics /Users/jamesalford/Library/Developer/Xcode/DerivedData/NotedCore-ftviuoyqruynvwbzbngenbwxsygv/Build/Intermediates.noindex/mlx-swift.build/Debug-iphonesimulator/Cmlx.build/Objects-normal/arm64/version-c821c06b23d66cfdb555a28fe1bd3fab.dia -c /Users/jamesalford/Library/Developer/Xcode/DerivedData/NotedCore-ftviuoyqruynvwbzbngenbwxsygv/SourcePackages/checkouts/mlx-swift/Source/Cmlx/mlx-c/mlx/c/version.cpp -o /Users/jamesalford/Library/Developer/Xcode/DerivedData/NotedCore-ftviuoyqruynvwbzbngenbwxsygv/Build/Intermediates.noindex/mlx-swift.build/Debug-iphonesimulator/Cmlx.build/Objects-normal/arm64/version-c821c06b23d66cfdb555a28fe1bd3fab.o -index-unit-output-path /mlx-swift.build/Debug-iphonesimulator/Cmlx.build/Objects-normal/arm64/version-c821c06b23d66cfdb555a28fe1bd3fab.o

SwiftEmitModule normal arm64 Emitting\ module\ for\ RealModule (in target 'RealModule' from project 'swift-numerics')

EmitSwiftModule normal arm64 (in target 'RealModule' from project 'swift-numerics')
    cd /Users/jamesalford/Documents/NotedCore/NotedCore.xcodeproj
    

SwiftDriverJobDiscovery normal arm64 Emitting module for ArgumentParserToolInfo (in target 'ArgumentParserToolInfo' from project 'swift-argument-parser')

CompileC /Users/jamesalford/Library/Developer/Xcode/DerivedData/NotedCore-ftviuoyqruynvwbzbngenbwxsygv/Build/Intermediates.noindex/mlx-swift.build/Debug-iphonesimulator/Cmlx.build/Objects-normal/arm64/vector.o /Users/jamesalford/Library/Developer/Xcode/DerivedData/NotedCore-ftviuoyqruynvwbzbngenbwxsygv/SourcePackages/checkouts/mlx-swift/Source/Cmlx/mlx-c/mlx/c/vector.cpp normal arm64 c++ com.apple.compilers.llvm.clang.1_0.compiler (in target 'Cmlx' from project 'mlx-swift')
    cd /Users/jamesalford/Documents/NotedCore/NotedCore.xcodeproj
    
    Using response file: /Users/jamesalford/Library/Developer/Xcode/DerivedData/NotedCore-ftviuoyqruynvwbzbngenbwxsygv/Build/Intermediates.noindex/mlx-swift.build/Debug-iphonesimulator/Cmlx.build/Objects-normal/arm64/82b82416624d2658e5098eb0a28c15c5-common-args.resp
    
    /Applications/Xcode.app/Contents/Developer/Toolchains/XcodeDefault.xctoolchain/usr/bin/clang -x c++ -ivfsstatcache /Users/jamesalford/Library/Developer/Xcode/DerivedData/SDKStatCaches.noindex/iphonesimulator26.0-23A339-3885c01c3e6b6a337905948deab2002e26257891a6c027eb51374368541b8346.sdkstatcache -fmessage-length\=0 -fdiagnostics-show-note-include-stack -fmacro-backtrace-limit\=0 -fno-color-diagnostics -fmodules-prune-interval\=86400 -fmodules-prune-after\=345600 -fbuild-session-file\=/Users/jamesalford/Library/Developer/Xcode/DerivedData/ModuleCache.noindex/Session.modulevalidation -fmodules-validate-once-per-build-session -Wnon-modular-include-in-framework-module -Werror\=non-modular-include-in-framework-module -Wno-trigraphs -Wno-missing-field-initializers -Wno-missing-prototypes -Wno-return-type -Wno-non-virtual-dtor -Wno-overloaded-virtual -Wno-exit-time-destructors -Wno-missing-braces -Wparentheses -Wswitch -Wno-unused-function -Wno-unused-label -Wno-unused-parameter -Wno-unused-variable -Wunused-value -Wno-empty-body -Wno-uninitialized -Wno-unknown-pragmas -w -Wno-shadow -Wno-four-char-constants -Wno-conversion -Wno-constant-conversion -Wno-int-conversion -Wno-bool-conversion -Wno-enum-conversion -Wno-float-conversion -Wno-non-literal-null-conversion -Wno-objc-literal-conversion -Wshorten-64-to-32 -Wno-newline-eof -Wno-c++11-extensions -Wno-implicit-fallthrough -fstrict-aliasing -Wdeprecated-declarations -Winvalid-offsetof -Wno-sign-conversion -Wno-infinite-recursion -Wno-move -Wno-comma -Wno-block-capture-autoreleasing -Wno-strict-prototypes -Wno-range-loop-analysis -Wno-semicolon-before-method-body -index-store-path /Users/jamesalford/Library/Developer/Xcode/DerivedData/NotedCore-ftviuoyqruynvwbzbngenbwxsygv/Index.noindex/DataStore @/Users/jamesalford/Library/Developer/Xcode/DerivedData/NotedCore-ftviuoyqruynvwbzbngenbwxsygv/Build/Intermediates.noindex/mlx-swift.build/Debug-iphonesimulator/Cmlx.build/Objects-normal/arm64/82b82416624d2658e5098eb0a28c15c5-common-args.resp -MMD -MT dependencies -MF /Users/jamesalford/Library/Developer/Xcode/DerivedData/NotedCore-ftviuoyqruynvwbzbngenbwxsygv/Build/Intermediates.noindex/mlx-swift.build/Debug-iphonesimulator/Cmlx.build/Objects-normal/arm64/vector.d --serialize-diagnostics /Users/jamesalford/Library/Developer/Xcode/DerivedData/NotedCore-ftviuoyqruynvwbzbngenbwxsygv/Build/Intermediates.noindex/mlx-swift.build/Debug-iphonesimulator/Cmlx.build/Objects-normal/arm64/vector.dia -c /Users/jamesalford/Library/Developer/Xcode/DerivedData/NotedCore-ftviuoyqruynvwbzbngenbwxsygv/SourcePackages/checkouts/mlx-swift/Source/Cmlx/mlx-c/mlx/c/vector.cpp -o /Users/jamesalford/Library/Developer/Xcode/DerivedData/NotedCore-ftviuoyqruynvwbzbngenbwxsygv/Build/Intermediates.noindex/mlx-swift.build/Debug-iphonesimulator/Cmlx.build/Objects-normal/arm64/vector.o -index-unit-output-path /mlx-swift.build/Debug-iphonesimulator/Cmlx.build/Objects-normal/arm64/vector.o

SwiftDriverJobDiscovery normal arm64 Emitting module for Hub (in target 'Hub' from project 'swift-transformers')

SwiftDriver\ Compilation\ Requirements Hub normal arm64 com.apple.xcode.tools.swift.compiler (in target 'Hub' from project 'swift-transformers')
    cd /Users/jamesalford/Documents/NotedCore/NotedCore.xcodeproj
    builtin-Swift-Compilation-Requirements -- /Applications/Xcode.app/Contents/Developer/Toolchains/XcodeDefault.xctoolchain/usr/bin/swiftc -module-name Hub -Onone -enforce-exclusivity\=checked @/Users/jamesalford/Library/Developer/Xcode/DerivedData/NotedCore-ftviuoyqruynvwbzbngenbwxsygv/Build/Intermediates.noindex/swift-transformers.build/Debug-iphonesimulator/Hub.build/Objects-normal/arm64/Hub.SwiftFileList -DSWIFT_PACKAGE -DDEBUG -DSWIFT_MODULE_RESOURCE_BUNDLE_AVAILABLE -DXcode -plugin-path /Applications/Xcode.app/Contents/Developer/Toolchains/XcodeDefault.xctoolchain/usr/lib/swift/host/plugins/testing -enable-experimental-feature DebugDescriptionMacro -sdk /Applications/Xcode.app/Contents/Developer/Platforms/iPhoneSimulator.platform/Developer/SDKs/iPhoneSimulator26.0.sdk -target arm64-apple-ios16.0-simulator -g -module-cache-path /Users/jamesalford/Library/Developer/Xcode/DerivedData/ModuleCache.noindex -Xfrontend -serialize-debugging-options -profile-coverage-mapping -profile-generate -enable-testing -suppress-warnings -index-store-path /Users/jamesalford/Library/Developer/Xcode/DerivedData/NotedCore-ftviuoyqruynvwbzbngenbwxsygv/Index.noindex/DataStore -Xcc -D_LIBCPP_HARDENING_MODE\=_LIBCPP_HARDENING_MODE_DEBUG -swift-version 5 -I /Users/jamesalford/Library/Developer/Xcode/DerivedData/NotedCore-ftviuoyqruynvwbzbngenbwxsygv/Build/Products/Debug-iphonesimulator -Isystem /Applications/Xcode.app/Contents/Developer/Platforms/iPhoneSimulator.platform/Developer/usr/lib -F /Users/jamesalford/Library/Developer/Xcode/DerivedData/NotedCore-ftviuoyqruynvwbzbngenbwxsygv/Build/Products/Debug-iphonesimulator -F /Applications/Xcode.app/Contents/Developer/Platforms/iPhoneSimulator.platform/Developer/Library/Frameworks -F /Applications/Xcode.app/Contents/Developer/Platforms/iPhoneSimulator.platform/Developer/SDKs/iPhoneSimulator26.0.sdk/Developer/Library/Frameworks -c -j14 -enable-batch-mode -incremental -Xcc -ivfsstatcache -Xcc /Users/jamesalford/Library/Developer/Xcode/DerivedData/SDKStatCaches.noindex/iphonesimulator26.0-23A339-3885c01c3e6b6a337905948deab2002e26257891a6c027eb51374368541b8346.sdkstatcache -output-file-map /Users/jamesalford/Library/Developer/Xcode/DerivedData/NotedCore-ftviuoyqruynvwbzbngenbwxsygv/Build/Intermediates.noindex/swift-transformers.build/Debug-iphonesimulator/Hub.build/Objects-normal/arm64/Hub-OutputFileMap.json -use-frontend-parseable-output -save-temps -no-color-diagnostics -explicit-module-build -module-cache-path /Users/jamesalford/Library/Developer/Xcode/DerivedData/NotedCore-ftviuoyqruynvwbzbngenbwxsygv/Build/Intermediates.noindex/SwiftExplicitPrecompiledModules -clang-scanner-module-cache-path /Users/jamesalford/Library/Developer/Xcode/DerivedData/ModuleCache.noindex -sdk-module-cache-path /Users/jamesalford/Library/Developer/Xcode/DerivedData/ModuleCache.noindex -serialize-diagnostics -emit-dependencies -emit-module -emit-module-path /Users/jamesalford/Library/Developer/Xcode/DerivedData/NotedCore-ftviuoyqruynvwbzbngenbwxsygv/Build/Intermediates.noindex/swift-transformers.build/Debug-iphonesimulator/Hub.build/Objects-normal/arm64/Hub.swiftmodule -validate-clang-modules-once -clang-build-session-file /Users/jamesalford/Library/Developer/Xcode/DerivedData/ModuleCache.noindex/Session.modulevalidation -Xcc -I/Users/jamesalford/Library/Developer/Xcode/DerivedData/NotedCore-ftviuoyqruynvwbzbngenbwxsygv/Build/Intermediates.noindex/swift-transformers.build/Debug-iphonesimulator/Hub.build/swift-overrides.hmap -emit-const-values -Xfrontend -const-gather-protocols-file -Xfrontend /Users/jamesalford/Library/Developer/Xcode/DerivedData/NotedCore-ftviuoyqruynvwbzbngenbwxsygv/Build/Intermediates.noindex/swift-transformers.build/Debug-iphonesimulator/Hub.build/Objects-normal/arm64/Hub_const_extract_protocols.json -Xcc -I/Users/jamesalford/Library/Developer/Xcode/DerivedData/NotedCore-ftviuoyqruynvwbzbngenbwxsygv/Build/Products/Debug-iphonesimulator/include -Xcc -I/Users/jamesalford/Library/Developer/Xcode/DerivedData/NotedCore-ftviuoyqruynvwbzbngenbwxsygv/Build/Intermediates.noindex/swift-transformers.build/Debug-iphonesimulator/Hub.build/DerivedSources-normal/arm64 -Xcc -I/Users/jamesalford/Library/Developer/Xcode/DerivedData/NotedCore-ftviuoyqruynvwbzbngenbwxsygv/Build/Intermediates.noindex/swift-transformers.build/Debug-iphonesimulator/Hub.build/DerivedSources/arm64 -Xcc -I/Users/jamesalford/Library/Developer/Xcode/DerivedData/NotedCore-ftviuoyqruynvwbzbngenbwxsygv/Build/Intermediates.noindex/swift-transformers.build/Debug-iphonesimulator/Hub.build/DerivedSources -Xcc -DSWIFT_PACKAGE -Xcc -DDEBUG\=1 -emit-objc-header -emit-objc-header-path /Users/jamesalford/Library/Developer/Xcode/DerivedData/NotedCore-ftviuoyqruynvwbzbngenbwxsygv/Build/Intermediates.noindex/swift-transformers.build/Debug-iphonesimulator/Hub.build/Objects-normal/arm64/Hub-Swift.h -working-directory /Users/jamesalford/Documents/NotedCore/NotedCore.xcodeproj -experimental-emit-module-separately -disable-cmo

SwiftDriver\ Compilation\ Requirements ArgumentParserToolInfo normal arm64 com.apple.xcode.tools.swift.compiler (in target 'ArgumentParserToolInfo' from project 'swift-argument-parser')
    cd /Users/jamesalford/Documents/NotedCore/NotedCore.xcodeproj
    builtin-Swift-Compilation-Requirements -- /Applications/Xcode.app/Contents/Developer/Toolchains/XcodeDefault.xctoolchain/usr/bin/swiftc -module-name ArgumentParserToolInfo -Onone -enforce-exclusivity\=checked @/Users/jamesalford/Library/Developer/Xcode/DerivedData/NotedCore-ftviuoyqruynvwbzbngenbwxsygv/Build/Intermediates.noindex/swift-argument-parser.build/Debug-iphonesimulator/ArgumentParserToolInfo.build/Objects-normal/arm64/ArgumentParserToolInfo.SwiftFileList -DSWIFT_PACKAGE -DDEBUG -DSWIFT_MODULE_RESOURCE_BUNDLE_UNAVAILABLE -DXcode -plugin-path /Applications/Xcode.app/Contents/Developer/Toolchains/XcodeDefault.xctoolchain/usr/lib/swift/host/plugins/testing -enable-experimental-feature DebugDescriptionMacro -sdk /Applications/Xcode.app/Contents/Developer/Platforms/iPhoneSimulator.platform/Developer/SDKs/iPhoneSimulator26.0.sdk -target arm64-apple-ios12.0-simulator -g -module-cache-path /Users/jamesalford/Library/Developer/Xcode/DerivedData/ModuleCache.noindex -Xfrontend -serialize-debugging-options -profile-coverage-mapping -profile-generate -enable-testing -suppress-warnings -index-store-path /Users/jamesalford/Library/Developer/Xcode/DerivedData/NotedCore-ftviuoyqruynvwbzbngenbwxsygv/Index.noindex/DataStore -Xcc -D_LIBCPP_HARDENING_MODE\=_LIBCPP_HARDENING_MODE_DEBUG -swift-version 5 -I /Users/jamesalford/Library/Developer/Xcode/DerivedData/NotedCore-ftviuoyqruynvwbzbngenbwxsygv/Build/Products/Debug-iphonesimulator -Isystem /Applications/Xcode.app/Contents/Developer/Platforms/iPhoneSimulator.platform/Developer/usr/lib -F /Users/jamesalford/Library/Developer/Xcode/DerivedData/NotedCore-ftviuoyqruynvwbzbngenbwxsygv/Build/Products/Debug-iphonesimulator -F /Applications/Xcode.app/Contents/Developer/Platforms/iPhoneSimulator.platform/Developer/Library/Frameworks -F /Applications/Xcode.app/Contents/Developer/Platforms/iPhoneSimulator.platform/Developer/SDKs/iPhoneSimulator26.0.sdk/Developer/Library/Frameworks -parse-as-library -c -j14 -enable-batch-mode -incremental -Xcc -ivfsstatcache -Xcc /Users/jamesalford/Library/Developer/Xcode/DerivedData/SDKStatCaches.noindex/iphonesimulator26.0-23A339-3885c01c3e6b6a337905948deab2002e26257891a6c027eb51374368541b8346.sdkstatcache -output-file-map /Users/jamesalford/Library/Developer/Xcode/DerivedData/NotedCore-ftviuoyqruynvwbzbngenbwxsygv/Build/Intermediates.noindex/swift-argument-parser.build/Debug-iphonesimulator/ArgumentParserToolInfo.build/Objects-normal/arm64/ArgumentParserToolInfo-OutputFileMap.json -use-frontend-parseable-output -save-temps -no-color-diagnostics -explicit-module-build -module-cache-path /Users/jamesalford/Library/Developer/Xcode/DerivedData/NotedCore-ftviuoyqruynvwbzbngenbwxsygv/Build/Intermediates.noindex/SwiftExplicitPrecompiledModules -clang-scanner-module-cache-path /Users/jamesalford/Library/Developer/Xcode/DerivedData/ModuleCache.noindex -sdk-module-cache-path /Users/jamesalford/Library/Developer/Xcode/DerivedData/ModuleCache.noindex -serialize-diagnostics -emit-dependencies -emit-module -emit-module-path /Users/jamesalford/Library/Developer/Xcode/DerivedData/NotedCore-ftviuoyqruynvwbzbngenbwxsygv/Build/Intermediates.noindex/swift-argument-parser.build/Debug-iphonesimulator/ArgumentParserToolInfo.build/Objects-normal/arm64/ArgumentParserToolInfo.swiftmodule -validate-clang-modules-once -clang-build-session-file /Users/jamesalford/Library/Developer/Xcode/DerivedData/ModuleCache.noindex/Session.modulevalidation -Xcc -I/Users/jamesalford/Library/Developer/Xcode/DerivedData/NotedCore-ftviuoyqruynvwbzbngenbwxsygv/Build/Intermediates.noindex/swift-argument-parser.build/Debug-iphonesimulator/ArgumentParserToolInfo.build/swift-overrides.hmap -emit-const-values -Xfrontend -const-gather-protocols-file -Xfrontend /Users/jamesalford/Library/Developer/Xcode/DerivedData/NotedCore-ftviuoyqruynvwbzbngenbwxsygv/Build/Intermediates.noindex/swift-argument-parser.build/Debug-iphonesimulator/ArgumentParserToolInfo.build/Objects-normal/arm64/ArgumentParserToolInfo_const_extract_protocols.json -Xcc -I/Users/jamesalford/Library/Developer/Xcode/DerivedData/NotedCore-ftviuoyqruynvwbzbngenbwxsygv/Build/Products/Debug-iphonesimulator/include -Xcc -I/Users/jamesalford/Library/Developer/Xcode/DerivedData/NotedCore-ftviuoyqruynvwbzbngenbwxsygv/Build/Intermediates.noindex/swift-argument-parser.build/Debug-iphonesimulator/ArgumentParserToolInfo.build/DerivedSources-normal/arm64 -Xcc -I/Users/jamesalford/Library/Developer/Xcode/DerivedData/NotedCore-ftviuoyqruynvwbzbngenbwxsygv/Build/Intermediates.noindex/swift-argument-parser.build/Debug-iphonesimulator/ArgumentParserToolInfo.build/DerivedSources/arm64 -Xcc -I/Users/jamesalford/Library/Developer/Xcode/DerivedData/NotedCore-ftviuoyqruynvwbzbngenbwxsygv/Build/Intermediates.noindex/swift-argument-parser.build/Debug-iphonesimulator/ArgumentParserToolInfo.build/DerivedSources -Xcc -DSWIFT_PACKAGE -Xcc -DDEBUG\=1 -emit-objc-header -emit-objc-header-path /Users/jamesalford/Library/Developer/Xcode/DerivedData/NotedCore-ftviuoyqruynvwbzbngenbwxsygv/Build/Intermediates.noindex/swift-argument-parser.build/Debug-iphonesimulator/ArgumentParserToolInfo.build/Objects-normal/arm64/ArgumentParserToolInfo-Swift.h -working-directory /Users/jamesalford/Documents/NotedCore/NotedCore.xcodeproj -experimental-emit-module-separately -disable-cmo

SwiftMergeGeneratedHeaders /Users/jamesalford/Library/Developer/Xcode/DerivedData/NotedCore-ftviuoyqruynvwbzbngenbwxsygv/Build/Intermediates.noindex/GeneratedModuleMaps-iphonesimulator/Hub-Swift.h /Users/jamesalford/Library/Developer/Xcode/DerivedData/NotedCore-ftviuoyqruynvwbzbngenbwxsygv/Build/Intermediates.noindex/swift-transformers.build/Debug-iphonesimulator/Hub.build/Objects-normal/arm64/Hub-Swift.h (in target 'Hub' from project 'swift-transformers')
    cd /Users/jamesalford/Library/Developer/Xcode/DerivedData/NotedCore-ftviuoyqruynvwbzbngenbwxsygv/SourcePackages/checkouts/swift-transformers
    builtin-swiftHeaderTool -arch arm64 /Users/jamesalford/Library/Developer/Xcode/DerivedData/NotedCore-ftviuoyqruynvwbzbngenbwxsygv/Build/Intermediates.noindex/swift-transformers.build/Debug-iphonesimulator/Hub.build/Objects-normal/arm64/Hub-Swift.h -o /Users/jamesalford/Library/Developer/Xcode/DerivedData/NotedCore-ftviuoyqruynvwbzbngenbwxsygv/Build/Intermediates.noindex/GeneratedModuleMaps-iphonesimulator/Hub-Swift.h

Copy /Users/jamesalford/Library/Developer/Xcode/DerivedData/NotedCore-ftviuoyqruynvwbzbngenbwxsygv/Build/Products/Debug-iphonesimulator/Hub.swiftmodule/arm64-apple-ios-simulator.swiftmodule /Users/jamesalford/Library/Developer/Xcode/DerivedData/NotedCore-ftviuoyqruynvwbzbngenbwxsygv/Build/Intermediates.noindex/swift-transformers.build/Debug-iphonesimulator/Hub.build/Objects-normal/arm64/Hub.swiftmodule (in target 'Hub' from project 'swift-transformers')
    cd /Users/jamesalford/Library/Developer/Xcode/DerivedData/NotedCore-ftviuoyqruynvwbzbngenbwxsygv/SourcePackages/checkouts/swift-transformers
    builtin-copy -exclude .DS_Store -exclude CVS -exclude .svn -exclude .git -exclude .hg -resolve-src-symlinks -rename /Users/jamesalford/Library/Developer/Xcode/DerivedData/NotedCore-ftviuoyqruynvwbzbngenbwxsygv/Build/Intermediates.noindex/swift-transformers.build/Debug-iphonesimulator/Hub.build/Objects-normal/arm64/Hub.swiftmodule /Users/jamesalford/Library/Developer/Xcode/DerivedData/NotedCore-ftviuoyqruynvwbzbngenbwxsygv/Build/Products/Debug-iphonesimulator/Hub.swiftmodule/arm64-apple-ios-simulator.swiftmodule

Copy /Users/jamesalford/Library/Developer/Xcode/DerivedData/NotedCore-ftviuoyqruynvwbzbngenbwxsygv/Build/Products/Debug-iphonesimulator/Hub.swiftmodule/arm64-apple-ios-simulator.swiftdoc /Users/jamesalford/Library/Developer/Xcode/DerivedData/NotedCore-ftviuoyqruynvwbzbngenbwxsygv/Build/Intermediates.noindex/swift-transformers.build/Debug-iphonesimulator/Hub.build/Objects-normal/arm64/Hub.swiftdoc (in target 'Hub' from project 'swift-transformers')
    cd /Users/jamesalford/Library/Developer/Xcode/DerivedData/NotedCore-ftviuoyqruynvwbzbngenbwxsygv/SourcePackages/checkouts/swift-transformers
    builtin-copy -exclude .DS_Store -exclude CVS -exclude .svn -exclude .git -exclude .hg -resolve-src-symlinks -rename /Users/jamesalford/Library/Developer/Xcode/DerivedData/NotedCore-ftviuoyqruynvwbzbngenbwxsygv/Build/Intermediates.noindex/swift-transformers.build/Debug-iphonesimulator/Hub.build/Objects-normal/arm64/Hub.swiftdoc /Users/jamesalford/Library/Developer/Xcode/DerivedData/NotedCore-ftviuoyqruynvwbzbngenbwxsygv/Build/Products/Debug-iphonesimulator/Hub.swiftmodule/arm64-apple-ios-simulator.swiftdoc

Copy /Users/jamesalford/Library/Developer/Xcode/DerivedData/NotedCore-ftviuoyqruynvwbzbngenbwxsygv/Build/Products/Debug-iphonesimulator/Hub.swiftmodule/arm64-apple-ios-simulator.abi.json /Users/jamesalford/Library/Developer/Xcode/DerivedData/NotedCore-ftviuoyqruynvwbzbngenbwxsygv/Build/Intermediates.noindex/swift-transformers.build/Debug-iphonesimulator/Hub.build/Objects-normal/arm64/Hub.abi.json (in target 'Hub' from project 'swift-transformers')
    cd /Users/jamesalford/Library/Developer/Xcode/DerivedData/NotedCore-ftviuoyqruynvwbzbngenbwxsygv/SourcePackages/checkouts/swift-transformers
    builtin-copy -exclude .DS_Store -exclude CVS -exclude .svn -exclude .git -exclude .hg -resolve-src-symlinks -rename /Users/jamesalford/Library/Developer/Xcode/DerivedData/NotedCore-ftviuoyqruynvwbzbngenbwxsygv/Build/Intermediates.noindex/swift-transformers.build/Debug-iphonesimulator/Hub.build/Objects-normal/arm64/Hub.abi.json /Users/jamesalford/Library/Developer/Xcode/DerivedData/NotedCore-ftviuoyqruynvwbzbngenbwxsygv/Build/Products/Debug-iphonesimulator/Hub.swiftmodule/arm64-apple-ios-simulator.abi.json

Copy /Users/jamesalford/Library/Developer/Xcode/DerivedData/NotedCore-ftviuoyqruynvwbzbngenbwxsygv/Build/Products/Debug-iphonesimulator/Hub.swiftmodule/Project/arm64-apple-ios-simulator.swiftsourceinfo /Users/jamesalford/Library/Developer/Xcode/DerivedData/NotedCore-ftviuoyqruynvwbzbngenbwxsygv/Build/Intermediates.noindex/swift-transformers.build/Debug-iphonesimulator/Hub.build/Objects-normal/arm64/Hub.swiftsourceinfo (in target 'Hub' from project 'swift-transformers')
    cd /Users/jamesalford/Library/Developer/Xcode/DerivedData/NotedCore-ftviuoyqruynvwbzbngenbwxsygv/SourcePackages/checkouts/swift-transformers
    builtin-copy -exclude .DS_Store -exclude CVS -exclude .svn -exclude .git -exclude .hg -resolve-src-symlinks -rename /Users/jamesalford/Library/Developer/Xcode/DerivedData/NotedCore-ftviuoyqruynvwbzbngenbwxsygv/Build/Intermediates.noindex/swift-transformers.build/Debug-iphonesimulator/Hub.build/Objects-normal/arm64/Hub.swiftsourceinfo /Users/jamesalford/Library/Developer/Xcode/DerivedData/NotedCore-ftviuoyqruynvwbzbngenbwxsygv/Build/Products/Debug-iphonesimulator/Hub.swiftmodule/Project/arm64-apple-ios-simulator.swiftsourceinfo

SwiftMergeGeneratedHeaders /Users/jamesalford/Library/Developer/Xcode/DerivedData/NotedCore-ftviuoyqruynvwbzbngenbwxsygv/Build/Intermediates.noindex/GeneratedModuleMaps-iphonesimulator/ArgumentParserToolInfo-Swift.h /Users/jamesalford/Library/Developer/Xcode/DerivedData/NotedCore-ftviuoyqruynvwbzbngenbwxsygv/Build/Intermediates.noindex/swift-argument-parser.build/Debug-iphonesimulator/ArgumentParserToolInfo.build/Objects-normal/arm64/ArgumentParserToolInfo-Swift.h (in target 'ArgumentParserToolInfo' from project 'swift-argument-parser')
    cd /Users/jamesalford/Library/Developer/Xcode/DerivedData/NotedCore-ftviuoyqruynvwbzbngenbwxsygv/SourcePackages/checkouts/swift-argument-parser
    builtin-swiftHeaderTool -arch arm64 /Users/jamesalford/Library/Developer/Xcode/DerivedData/NotedCore-ftviuoyqruynvwbzbngenbwxsygv/Build/Intermediates.noindex/swift-argument-parser.build/Debug-iphonesimulator/ArgumentParserToolInfo.build/Objects-normal/arm64/ArgumentParserToolInfo-Swift.h -o /Users/jamesalford/Library/Developer/Xcode/DerivedData/NotedCore-ftviuoyqruynvwbzbngenbwxsygv/Build/Intermediates.noindex/GeneratedModuleMaps-iphonesimulator/ArgumentParserToolInfo-Swift.h

Copy /Users/jamesalford/Library/Developer/Xcode/DerivedData/NotedCore-ftviuoyqruynvwbzbngenbwxsygv/Build/Products/Debug-iphonesimulator/ArgumentParserToolInfo.swiftmodule/arm64-apple-ios-simulator.swiftmodule /Users/jamesalford/Library/Developer/Xcode/DerivedData/NotedCore-ftviuoyqruynvwbzbngenbwxsygv/Build/Intermediates.noindex/swift-argument-parser.build/Debug-iphonesimulator/ArgumentParserToolInfo.build/Objects-normal/arm64/ArgumentParserToolInfo.swiftmodule (in target 'ArgumentParserToolInfo' from project 'swift-argument-parser')
    cd /Users/jamesalford/Library/Developer/Xcode/DerivedData/NotedCore-ftviuoyqruynvwbzbngenbwxsygv/SourcePackages/checkouts/swift-argument-parser
    builtin-copy -exclude .DS_Store -exclude CVS -exclude .svn -exclude .git -exclude .hg -resolve-src-symlinks -rename /Users/jamesalford/Library/Developer/Xcode/DerivedData/NotedCore-ftviuoyqruynvwbzbngenbwxsygv/Build/Intermediates.noindex/swift-argument-parser.build/Debug-iphonesimulator/ArgumentParserToolInfo.build/Objects-normal/arm64/ArgumentParserToolInfo.swiftmodule /Users/jamesalford/Library/Developer/Xcode/DerivedData/NotedCore-ftviuoyqruynvwbzbngenbwxsygv/Build/Products/Debug-iphonesimulator/ArgumentParserToolInfo.swiftmodule/arm64-apple-ios-simulator.swiftmodule

Copy /Users/jamesalford/Library/Developer/Xcode/DerivedData/NotedCore-ftviuoyqruynvwbzbngenbwxsygv/Build/Products/Debug-iphonesimulator/ArgumentParserToolInfo.swiftmodule/arm64-apple-ios-simulator.swiftdoc /Users/jamesalford/Library/Developer/Xcode/DerivedData/NotedCore-ftviuoyqruynvwbzbngenbwxsygv/Build/Intermediates.noindex/swift-argument-parser.build/Debug-iphonesimulator/ArgumentParserToolInfo.build/Objects-normal/arm64/ArgumentParserToolInfo.swiftdoc (in target 'ArgumentParserToolInfo' from project 'swift-argument-parser')
    cd /Users/jamesalford/Library/Developer/Xcode/DerivedData/NotedCore-ftviuoyqruynvwbzbngenbwxsygv/SourcePackages/checkouts/swift-argument-parser
    builtin-copy -exclude .DS_Store -exclude CVS -exclude .svn -exclude .git -exclude .hg -resolve-src-symlinks -rename /Users/jamesalford/Library/Developer/Xcode/DerivedData/NotedCore-ftviuoyqruynvwbzbngenbwxsygv/Build/Intermediates.noindex/swift-argument-parser.build/Debug-iphonesimulator/ArgumentParserToolInfo.build/Objects-normal/arm64/ArgumentParserToolInfo.swiftdoc /Users/jamesalford/Library/Developer/Xcode/DerivedData/NotedCore-ftviuoyqruynvwbzbngenbwxsygv/Build/Products/Debug-iphonesimulator/ArgumentParserToolInfo.swiftmodule/arm64-apple-ios-simulator.swiftdoc

Copy /Users/jamesalford/Library/Developer/Xcode/DerivedData/NotedCore-ftviuoyqruynvwbzbngenbwxsygv/Build/Products/Debug-iphonesimulator/ArgumentParserToolInfo.swiftmodule/arm64-apple-ios-simulator.abi.json /Users/jamesalford/Library/Developer/Xcode/DerivedData/NotedCore-ftviuoyqruynvwbzbngenbwxsygv/Build/Intermediates.noindex/swift-argument-parser.build/Debug-iphonesimulator/ArgumentParserToolInfo.build/Objects-normal/arm64/ArgumentParserToolInfo.abi.json (in target 'ArgumentParserToolInfo' from project 'swift-argument-parser')
    cd /Users/jamesalford/Library/Developer/Xcode/DerivedData/NotedCore-ftviuoyqruynvwbzbngenbwxsygv/SourcePackages/checkouts/swift-argument-parser
    builtin-copy -exclude .DS_Store -exclude CVS -exclude .svn -exclude .git -exclude .hg -resolve-src-symlinks -rename /Users/jamesalford/Library/Developer/Xcode/DerivedData/NotedCore-ftviuoyqruynvwbzbngenbwxsygv/Build/Intermediates.noindex/swift-argument-parser.build/Debug-iphonesimulator/ArgumentParserToolInfo.build/Objects-normal/arm64/ArgumentParserToolInfo.abi.json /Users/jamesalford/Library/Developer/Xcode/DerivedData/NotedCore-ftviuoyqruynvwbzbngenbwxsygv/Build/Products/Debug-iphonesimulator/ArgumentParserToolInfo.swiftmodule/arm64-apple-ios-simulator.abi.json

Copy /Users/jamesalford/Library/Developer/Xcode/DerivedData/NotedCore-ftviuoyqruynvwbzbngenbwxsygv/Build/Products/Debug-iphonesimulator/ArgumentParserToolInfo.swiftmodule/Project/arm64-apple-ios-simulator.swiftsourceinfo /Users/jamesalford/Library/Developer/Xcode/DerivedData/NotedCore-ftviuoyqruynvwbzbngenbwxsygv/Build/Intermediates.noindex/swift-argument-parser.build/Debug-iphonesimulator/ArgumentParserToolInfo.build/Objects-normal/arm64/ArgumentParserToolInfo.swiftsourceinfo (in target 'ArgumentParserToolInfo' from project 'swift-argument-parser')
    cd /Users/jamesalford/Library/Developer/Xcode/DerivedData/NotedCore-ftviuoyqruynvwbzbngenbwxsygv/SourcePackages/checkouts/swift-argument-parser
    builtin-copy -exclude .DS_Store -exclude CVS -exclude .svn -exclude .git -exclude .hg -resolve-src-symlinks -rename /Users/jamesalford/Library/Developer/Xcode/DerivedData/NotedCore-ftviuoyqruynvwbzbngenbwxsygv/Build/Intermediates.noindex/swift-argument-parser.build/Debug-iphonesimulator/ArgumentParserToolInfo.build/Objects-normal/arm64/ArgumentParserToolInfo.swiftsourceinfo /Users/jamesalford/Library/Developer/Xcode/DerivedData/NotedCore-ftviuoyqruynvwbzbngenbwxsygv/Build/Products/Debug-iphonesimulator/ArgumentParserToolInfo.swiftmodule/Project/arm64-apple-ios-simulator.swiftsourceinfo

CompileC /Users/jamesalford/Library/Developer/Xcode/DerivedData/NotedCore-ftviuoyqruynvwbzbngenbwxsygv/Build/Intermediates.noindex/mlx-swift.build/Debug-iphonesimulator/Cmlx.build/Objects-normal/arm64/utils-ba7f426ed9fc82f6bac1e44887376ad9.o /Users/jamesalford/Library/Developer/Xcode/DerivedData/NotedCore-ftviuoyqruynvwbzbngenbwxsygv/SourcePackages/checkouts/mlx-swift/Source/Cmlx/mlx/mlx/backend/common/utils.cpp normal arm64 c++ com.apple.compilers.llvm.clang.1_0.compiler (in target 'Cmlx' from project 'mlx-swift')
    cd /Users/jamesalford/Documents/NotedCore/NotedCore.xcodeproj
    
    Using response file: /Users/jamesalford/Library/Developer/Xcode/DerivedData/NotedCore-ftviuoyqruynvwbzbngenbwxsygv/Build/Intermediates.noindex/mlx-swift.build/Debug-iphonesimulator/Cmlx.build/Objects-normal/arm64/82b82416624d2658e5098eb0a28c15c5-common-args.resp
    
    /Applications/Xcode.app/Contents/Developer/Toolchains/XcodeDefault.xctoolchain/usr/bin/clang -x c++ -ivfsstatcache /Users/jamesalford/Library/Developer/Xcode/DerivedData/SDKStatCaches.noindex/iphonesimulator26.0-23A339-3885c01c3e6b6a337905948deab2002e26257891a6c027eb51374368541b8346.sdkstatcache -fmessage-length\=0 -fdiagnostics-show-note-include-stack -fmacro-backtrace-limit\=0 -fno-color-diagnostics -fmodules-prune-interval\=86400 -fmodules-prune-after\=345600 -fbuild-session-file\=/Users/jamesalford/Library/Developer/Xcode/DerivedData/ModuleCache.noindex/Session.modulevalidation -fmodules-validate-once-per-build-session -Wnon-modular-include-in-framework-module -Werror\=non-modular-include-in-framework-module -Wno-trigraphs -Wno-missing-field-initializers -Wno-missing-prototypes -Wno-return-type -Wno-non-virtual-dtor -Wno-overloaded-virtual -Wno-exit-time-destructors -Wno-missing-braces -Wparentheses -Wswitch -Wno-unused-function -Wno-unused-label -Wno-unused-parameter -Wno-unused-variable -Wunused-value -Wno-empty-body -Wno-uninitialized -Wno-unknown-pragmas -w -Wno-shadow -Wno-four-char-constants -Wno-conversion -Wno-constant-conversion -Wno-int-conversion -Wno-bool-conversion -Wno-enum-conversion -Wno-float-conversion -Wno-non-literal-null-conversion -Wno-objc-literal-conversion -Wshorten-64-to-32 -Wno-newline-eof -Wno-c++11-extensions -Wno-implicit-fallthrough -fstrict-aliasing -Wdeprecated-declarations -Winvalid-offsetof -Wno-sign-conversion -Wno-infinite-recursion -Wno-move -Wno-comma -Wno-block-capture-autoreleasing -Wno-strict-prototypes -Wno-range-loop-analysis -Wno-semicolon-before-method-body -index-store-path /Users/jamesalford/Library/Developer/Xcode/DerivedData/NotedCore-ftviuoyqruynvwbzbngenbwxsygv/Index.noindex/DataStore @/Users/jamesalford/Library/Developer/Xcode/DerivedData/NotedCore-ftviuoyqruynvwbzbngenbwxsygv/Build/Intermediates.noindex/mlx-swift.build/Debug-iphonesimulator/Cmlx.build/Objects-normal/arm64/82b82416624d2658e5098eb0a28c15c5-common-args.resp -MMD -MT dependencies -MF /Users/jamesalford/Library/Developer/Xcode/DerivedData/NotedCore-ftviuoyqruynvwbzbngenbwxsygv/Build/Intermediates.noindex/mlx-swift.build/Debug-iphonesimulator/Cmlx.build/Objects-normal/arm64/utils-ba7f426ed9fc82f6bac1e44887376ad9.d --serialize-diagnostics /Users/jamesalford/Library/Developer/Xcode/DerivedData/NotedCore-ftviuoyqruynvwbzbngenbwxsygv/Build/Intermediates.noindex/mlx-swift.build/Debug-iphonesimulator/Cmlx.build/Objects-normal/arm64/utils-ba7f426ed9fc82f6bac1e44887376ad9.dia -c /Users/jamesalford/Library/Developer/Xcode/DerivedData/NotedCore-ftviuoyqruynvwbzbngenbwxsygv/SourcePackages/checkouts/mlx-swift/Source/Cmlx/mlx/mlx/backend/common/utils.cpp -o /Users/jamesalford/Library/Developer/Xcode/DerivedData/NotedCore-ftviuoyqruynvwbzbngenbwxsygv/Build/Intermediates.noindex/mlx-swift.build/Debug-iphonesimulator/Cmlx.build/Objects-normal/arm64/utils-ba7f426ed9fc82f6bac1e44887376ad9.o -index-unit-output-path /mlx-swift.build/Debug-iphonesimulator/Cmlx.build/Objects-normal/arm64/utils-ba7f426ed9fc82f6bac1e44887376ad9.o

CompileC /Users/jamesalford/Library/Developer/Xcode/DerivedData/NotedCore-ftviuoyqruynvwbzbngenbwxsygv/Build/Intermediates.noindex/mlx-swift.build/Debug-iphonesimulator/Cmlx.build/Objects-normal/arm64/utils-b974878e7f560e306348462f93d650be.o /Users/jamesalford/Library/Developer/Xcode/DerivedData/NotedCore-ftviuoyqruynvwbzbngenbwxsygv/SourcePackages/checkouts/mlx-swift/Source/Cmlx/mlx-generated/utils.cpp normal arm64 c++ com.apple.compilers.llvm.clang.1_0.compiler (in target 'Cmlx' from project 'mlx-swift')
    cd /Users/jamesalford/Documents/NotedCore/NotedCore.xcodeproj
    
    Using response file: /Users/jamesalford/Library/Developer/Xcode/DerivedData/NotedCore-ftviuoyqruynvwbzbngenbwxsygv/Build/Intermediates.noindex/mlx-swift.build/Debug-iphonesimulator/Cmlx.build/Objects-normal/arm64/82b82416624d2658e5098eb0a28c15c5-common-args.resp
    
    /Applications/Xcode.app/Contents/Developer/Toolchains/XcodeDefault.xctoolchain/usr/bin/clang -x c++ -ivfsstatcache /Users/jamesalford/Library/Developer/Xcode/DerivedData/SDKStatCaches.noindex/iphonesimulator26.0-23A339-3885c01c3e6b6a337905948deab2002e26257891a6c027eb51374368541b8346.sdkstatcache -fmessage-length\=0 -fdiagnostics-show-note-include-stack -fmacro-backtrace-limit\=0 -fno-color-diagnostics -fmodules-prune-interval\=86400 -fmodules-prune-after\=345600 -fbuild-session-file\=/Users/jamesalford/Library/Developer/Xcode/DerivedData/ModuleCache.noindex/Session.modulevalidation -fmodules-validate-once-per-build-session -Wnon-modular-include-in-framework-module -Werror\=non-modular-include-in-framework-module -Wno-trigraphs -Wno-missing-field-initializers -Wno-missing-prototypes -Wno-return-type -Wno-non-virtual-dtor -Wno-overloaded-virtual -Wno-exit-time-destructors -Wno-missing-braces -Wparentheses -Wswitch -Wno-unused-function -Wno-unused-label -Wno-unused-parameter -Wno-unused-variable -Wunused-value -Wno-empty-body -Wno-uninitialized -Wno-unknown-pragmas -w -Wno-shadow -Wno-four-char-constants -Wno-conversion -Wno-constant-conversion -Wno-int-conversion -Wno-bool-conversion -Wno-enum-conversion -Wno-float-conversion -Wno-non-literal-null-conversion -Wno-objc-literal-conversion -Wshorten-64-to-32 -Wno-newline-eof -Wno-c++11-extensions -Wno-implicit-fallthrough -fstrict-aliasing -Wdeprecated-declarations -Winvalid-offsetof -Wno-sign-conversion -Wno-infinite-recursion -Wno-move -Wno-comma -Wno-block-capture-autoreleasing -Wno-strict-prototypes -Wno-range-loop-analysis -Wno-semicolon-before-method-body -index-store-path /Users/jamesalford/Library/Developer/Xcode/DerivedData/NotedCore-ftviuoyqruynvwbzbngenbwxsygv/Index.noindex/DataStore @/Users/jamesalford/Library/Developer/Xcode/DerivedData/NotedCore-ftviuoyqruynvwbzbngenbwxsygv/Build/Intermediates.noindex/mlx-swift.build/Debug-iphonesimulator/Cmlx.build/Objects-normal/arm64/82b82416624d2658e5098eb0a28c15c5-common-args.resp -MMD -MT dependencies -MF /Users/jamesalford/Library/Developer/Xcode/DerivedData/NotedCore-ftviuoyqruynvwbzbngenbwxsygv/Build/Intermediates.noindex/mlx-swift.build/Debug-iphonesimulator/Cmlx.build/Objects-normal/arm64/utils-b974878e7f560e306348462f93d650be.d --serialize-diagnostics /Users/jamesalford/Library/Developer/Xcode/DerivedData/NotedCore-ftviuoyqruynvwbzbngenbwxsygv/Build/Intermediates.noindex/mlx-swift.build/Debug-iphonesimulator/Cmlx.build/Objects-normal/arm64/utils-b974878e7f560e306348462f93d650be.dia -c /Users/jamesalford/Library/Developer/Xcode/DerivedData/NotedCore-ftviuoyqruynvwbzbngenbwxsygv/SourcePackages/checkouts/mlx-swift/Source/Cmlx/mlx-generated/utils.cpp -o /Users/jamesalford/Library/Developer/Xcode/DerivedData/NotedCore-ftviuoyqruynvwbzbngenbwxsygv/Build/Intermediates.noindex/mlx-swift.build/Debug-iphonesimulator/Cmlx.build/Objects-normal/arm64/utils-b974878e7f560e306348462f93d650be.o -index-unit-output-path /mlx-swift.build/Debug-iphonesimulator/Cmlx.build/Objects-normal/arm64/utils-b974878e7f560e306348462f93d650be.o

SwiftDriverJobDiscovery normal arm64 Emitting module for InternalCollectionsUtilities (in target 'InternalCollectionsUtilities' from project 'swift-collections')

SwiftDriver\ Compilation\ Requirements InternalCollectionsUtilities normal arm64 com.apple.xcode.tools.swift.compiler (in target 'InternalCollectionsUtilities' from project 'swift-collections')
    cd /Users/jamesalford/Documents/NotedCore/NotedCore.xcodeproj
    builtin-Swift-Compilation-Requirements -- /Applications/Xcode.app/Contents/Developer/Toolchains/XcodeDefault.xctoolchain/usr/bin/swiftc -module-name InternalCollectionsUtilities -Onone -enforce-exclusivity\=checked @/Users/jamesalford/Library/Developer/Xcode/DerivedData/NotedCore-ftviuoyqruynvwbzbngenbwxsygv/Build/Intermediates.noindex/swift-collections.build/Debug-iphonesimulator/InternalCollectionsUtilities.build/Objects-normal/arm64/InternalCollectionsUtilities.SwiftFileList -DSWIFT_PACKAGE -DDEBUG -DSWIFT_MODULE_RESOURCE_BUNDLE_UNAVAILABLE -DCOLLECTIONS_RANDOMIZED_TESTING -DXcode -plugin-path /Applications/Xcode.app/Contents/Developer/Toolchains/XcodeDefault.xctoolchain/usr/lib/swift/host/plugins/testing -enable-experimental-feature DebugDescriptionMacro -sdk /Applications/Xcode.app/Contents/Developer/Platforms/iPhoneSimulator.platform/Developer/SDKs/iPhoneSimulator26.0.sdk -target arm64-apple-ios12.0-simulator -g -module-cache-path /Users/jamesalford/Library/Developer/Xcode/DerivedData/ModuleCache.noindex -Xfrontend -serialize-debugging-options -profile-coverage-mapping -profile-generate -enable-testing -suppress-warnings -index-store-path /Users/jamesalford/Library/Developer/Xcode/DerivedData/NotedCore-ftviuoyqruynvwbzbngenbwxsygv/Index.noindex/DataStore -Xcc -D_LIBCPP_HARDENING_MODE\=_LIBCPP_HARDENING_MODE_DEBUG -swift-version 5 -I /Users/jamesalford/Library/Developer/Xcode/DerivedData/NotedCore-ftviuoyqruynvwbzbngenbwxsygv/Build/Products/Debug-iphonesimulator -Isystem /Applications/Xcode.app/Contents/Developer/Platforms/iPhoneSimulator.platform/Developer/usr/lib -F /Users/jamesalford/Library/Developer/Xcode/DerivedData/NotedCore-ftviuoyqruynvwbzbngenbwxsygv/Build/Products/Debug-iphonesimulator -F /Applications/Xcode.app/Contents/Developer/Platforms/iPhoneSimulator.platform/Developer/Library/Frameworks -F /Applications/Xcode.app/Contents/Developer/Platforms/iPhoneSimulator.platform/Developer/SDKs/iPhoneSimulator26.0.sdk/Developer/Library/Frameworks -c -j14 -enable-batch-mode -incremental -Xcc -ivfsstatcache -Xcc /Users/jamesalford/Library/Developer/Xcode/DerivedData/SDKStatCaches.noindex/iphonesimulator26.0-23A339-3885c01c3e6b6a337905948deab2002e26257891a6c027eb51374368541b8346.sdkstatcache -output-file-map /Users/jamesalford/Library/Developer/Xcode/DerivedData/NotedCore-ftviuoyqruynvwbzbngenbwxsygv/Build/Intermediates.noindex/swift-collections.build/Debug-iphonesimulator/InternalCollectionsUtilities.build/Objects-normal/arm64/InternalCollectionsUtilities-OutputFileMap.json -use-frontend-parseable-output -save-temps -no-color-diagnostics -explicit-module-build -module-cache-path /Users/jamesalford/Library/Developer/Xcode/DerivedData/NotedCore-ftviuoyqruynvwbzbngenbwxsygv/Build/Intermediates.noindex/SwiftExplicitPrecompiledModules -clang-scanner-module-cache-path /Users/jamesalford/Library/Developer/Xcode/DerivedData/ModuleCache.noindex -sdk-module-cache-path /Users/jamesalford/Library/Developer/Xcode/DerivedData/ModuleCache.noindex -serialize-diagnostics -emit-dependencies -emit-module -emit-module-path /Users/jamesalford/Library/Developer/Xcode/DerivedData/NotedCore-ftviuoyqruynvwbzbngenbwxsygv/Build/Intermediates.noindex/swift-collections.build/Debug-iphonesimulator/InternalCollectionsUtilities.build/Objects-normal/arm64/InternalCollectionsUtilities.swiftmodule -validate-clang-modules-once -clang-build-session-file /Users/jamesalford/Library/Developer/Xcode/DerivedData/ModuleCache.noindex/Session.modulevalidation -package-name swift_collections -Xcc -I/Users/jamesalford/Library/Developer/Xcode/DerivedData/NotedCore-ftviuoyqruynvwbzbngenbwxsygv/Build/Intermediates.noindex/swift-collections.build/Debug-iphonesimulator/InternalCollectionsUtilities.build/swift-overrides.hmap -emit-const-values -Xfrontend -const-gather-protocols-file -Xfrontend /Users/jamesalford/Library/Developer/Xcode/DerivedData/NotedCore-ftviuoyqruynvwbzbngenbwxsygv/Build/Intermediates.noindex/swift-collections.build/Debug-iphonesimulator/InternalCollectionsUtilities.build/Objects-normal/arm64/InternalCollectionsUtilities_const_extract_protocols.json -Xcc -I/Users/jamesalford/Library/Developer/Xcode/DerivedData/NotedCore-ftviuoyqruynvwbzbngenbwxsygv/Build/Products/Debug-iphonesimulator/include -Xcc -I/Users/jamesalford/Library/Developer/Xcode/DerivedData/NotedCore-ftviuoyqruynvwbzbngenbwxsygv/Build/Intermediates.noindex/swift-collections.build/Debug-iphonesimulator/InternalCollectionsUtilities.build/DerivedSources-normal/arm64 -Xcc -I/Users/jamesalford/Library/Developer/Xcode/DerivedData/NotedCore-ftviuoyqruynvwbzbngenbwxsygv/Build/Intermediates.noindex/swift-collections.build/Debug-iphonesimulator/InternalCollectionsUtilities.build/DerivedSources/arm64 -Xcc -I/Users/jamesalford/Library/Developer/Xcode/DerivedData/NotedCore-ftviuoyqruynvwbzbngenbwxsygv/Build/Intermediates.noindex/swift-collections.build/Debug-iphonesimulator/InternalCollectionsUtilities.build/DerivedSources -Xcc -DSWIFT_PACKAGE -Xcc -DDEBUG\=1 -emit-objc-header -emit-objc-header-path /Users/jamesalford/Library/Developer/Xcode/DerivedData/NotedCore-ftviuoyqruynvwbzbngenbwxsygv/Build/Intermediates.noindex/swift-collections.build/Debug-iphonesimulator/InternalCollectionsUtilities.build/Objects-normal/arm64/InternalCollectionsUtilities-Swift.h -working-directory /Users/jamesalford/Documents/NotedCore/NotedCore.xcodeproj -experimental-emit-module-separately -disable-cmo

CompileC /Users/jamesalford/Library/Developer/Xcode/DerivedData/NotedCore-ftviuoyqruynvwbzbngenbwxsygv/Build/Intermediates.noindex/mlx-swift.build/Debug-iphonesimulator/Cmlx.build/Objects-normal/arm64/unary_ops.o /Users/jamesalford/Library/Developer/Xcode/DerivedData/NotedCore-ftviuoyqruynvwbzbngenbwxsygv/SourcePackages/checkouts/mlx-swift/Source/Cmlx/mlx-generated/unary_ops.cpp normal arm64 c++ com.apple.compilers.llvm.clang.1_0.compiler (in target 'Cmlx' from project 'mlx-swift')
    cd /Users/jamesalford/Documents/NotedCore/NotedCore.xcodeproj
    
    Using response file: /Users/jamesalford/Library/Developer/Xcode/DerivedData/NotedCore-ftviuoyqruynvwbzbngenbwxsygv/Build/Intermediates.noindex/mlx-swift.build/Debug-iphonesimulator/Cmlx.build/Objects-normal/arm64/82b82416624d2658e5098eb0a28c15c5-common-args.resp
    
    /Applications/Xcode.app/Contents/Developer/Toolchains/XcodeDefault.xctoolchain/usr/bin/clang -x c++ -ivfsstatcache /Users/jamesalford/Library/Developer/Xcode/DerivedData/SDKStatCaches.noindex/iphonesimulator26.0-23A339-3885c01c3e6b6a337905948deab2002e26257891a6c027eb51374368541b8346.sdkstatcache -fmessage-length\=0 -fdiagnostics-show-note-include-stack -fmacro-backtrace-limit\=0 -fno-color-diagnostics -fmodules-prune-interval\=86400 -fmodules-prune-after\=345600 -fbuild-session-file\=/Users/jamesalford/Library/Developer/Xcode/DerivedData/ModuleCache.noindex/Session.modulevalidation -fmodules-validate-once-per-build-session -Wnon-modular-include-in-framework-module -Werror\=non-modular-include-in-framework-module -Wno-trigraphs -Wno-missing-field-initializers -Wno-missing-prototypes -Wno-return-type -Wno-non-virtual-dtor -Wno-overloaded-virtual -Wno-exit-time-destructors -Wno-missing-braces -Wparentheses -Wswitch -Wno-unused-function -Wno-unused-label -Wno-unused-parameter -Wno-unused-variable -Wunused-value -Wno-empty-body -Wno-uninitialized -Wno-unknown-pragmas -w -Wno-shadow -Wno-four-char-constants -Wno-conversion -Wno-constant-conversion -Wno-int-conversion -Wno-bool-conversion -Wno-enum-conversion -Wno-float-conversion -Wno-non-literal-null-conversion -Wno-objc-literal-conversion -Wshorten-64-to-32 -Wno-newline-eof -Wno-c++11-extensions -Wno-implicit-fallthrough -fstrict-aliasing -Wdeprecated-declarations -Winvalid-offsetof -Wno-sign-conversion -Wno-infinite-recursion -Wno-move -Wno-comma -Wno-block-capture-autoreleasing -Wno-strict-prototypes -Wno-range-loop-analysis -Wno-semicolon-before-method-body -index-store-path /Users/jamesalford/Library/Developer/Xcode/DerivedData/NotedCore-ftviuoyqruynvwbzbngenbwxsygv/Index.noindex/DataStore @/Users/jamesalford/Library/Developer/Xcode/DerivedData/NotedCore-ftviuoyqruynvwbzbngenbwxsygv/Build/Intermediates.noindex/mlx-swift.build/Debug-iphonesimulator/Cmlx.build/Objects-normal/arm64/82b82416624d2658e5098eb0a28c15c5-common-args.resp -MMD -MT dependencies -MF /Users/jamesalford/Library/Developer/Xcode/DerivedData/NotedCore-ftviuoyqruynvwbzbngenbwxsygv/Build/Intermediates.noindex/mlx-swift.build/Debug-iphonesimulator/Cmlx.build/Objects-normal/arm64/unary_ops.d --serialize-diagnostics /Users/jamesalford/Library/Developer/Xcode/DerivedData/NotedCore-ftviuoyqruynvwbzbngenbwxsygv/Build/Intermediates.noindex/mlx-swift.build/Debug-iphonesimulator/Cmlx.build/Objects-normal/arm64/unary_ops.dia -c /Users/jamesalford/Library/Developer/Xcode/DerivedData/NotedCore-ftviuoyqruynvwbzbngenbwxsygv/SourcePackages/checkouts/mlx-swift/Source/Cmlx/mlx-generated/unary_ops.cpp -o /Users/jamesalford/Library/Developer/Xcode/DerivedData/NotedCore-ftviuoyqruynvwbzbngenbwxsygv/Build/Intermediates.noindex/mlx-swift.build/Debug-iphonesimulator/Cmlx.build/Objects-normal/arm64/unary_ops.o -index-unit-output-path /mlx-swift.build/Debug-iphonesimulator/Cmlx.build/Objects-normal/arm64/unary_ops.o

SwiftMergeGeneratedHeaders /Users/jamesalford/Library/Developer/Xcode/DerivedData/NotedCore-ftviuoyqruynvwbzbngenbwxsygv/Build/Intermediates.noindex/GeneratedModuleMaps-iphonesimulator/InternalCollectionsUtilities-Swift.h /Users/jamesalford/Library/Developer/Xcode/DerivedData/NotedCore-ftviuoyqruynvwbzbngenbwxsygv/Build/Intermediates.noindex/swift-collections.build/Debug-iphonesimulator/InternalCollectionsUtilities.build/Objects-normal/arm64/InternalCollectionsUtilities-Swift.h (in target 'InternalCollectionsUtilities' from project 'swift-collections')
    cd /Users/jamesalford/Library/Developer/Xcode/DerivedData/NotedCore-ftviuoyqruynvwbzbngenbwxsygv/SourcePackages/checkouts/swift-collections
    builtin-swiftHeaderTool -arch arm64 /Users/jamesalford/Library/Developer/Xcode/DerivedData/NotedCore-ftviuoyqruynvwbzbngenbwxsygv/Build/Intermediates.noindex/swift-collections.build/Debug-iphonesimulator/InternalCollectionsUtilities.build/Objects-normal/arm64/InternalCollectionsUtilities-Swift.h -o /Users/jamesalford/Library/Developer/Xcode/DerivedData/NotedCore-ftviuoyqruynvwbzbngenbwxsygv/Build/Intermediates.noindex/GeneratedModuleMaps-iphonesimulator/InternalCollectionsUtilities-Swift.h

Copy /Users/jamesalford/Library/Developer/Xcode/DerivedData/NotedCore-ftviuoyqruynvwbzbngenbwxsygv/Build/Products/Debug-iphonesimulator/InternalCollectionsUtilities.swiftmodule/arm64-apple-ios-simulator.swiftmodule /Users/jamesalford/Library/Developer/Xcode/DerivedData/NotedCore-ftviuoyqruynvwbzbngenbwxsygv/Build/Intermediates.noindex/swift-collections.build/Debug-iphonesimulator/InternalCollectionsUtilities.build/Objects-normal/arm64/InternalCollectionsUtilities.swiftmodule (in target 'InternalCollectionsUtilities' from project 'swift-collections')
    cd /Users/jamesalford/Library/Developer/Xcode/DerivedData/NotedCore-ftviuoyqruynvwbzbngenbwxsygv/SourcePackages/checkouts/swift-collections
    builtin-copy -exclude .DS_Store -exclude CVS -exclude .svn -exclude .git -exclude .hg -resolve-src-symlinks -rename /Users/jamesalford/Library/Developer/Xcode/DerivedData/NotedCore-ftviuoyqruynvwbzbngenbwxsygv/Build/Intermediates.noindex/swift-collections.build/Debug-iphonesimulator/InternalCollectionsUtilities.build/Objects-normal/arm64/InternalCollectionsUtilities.swiftmodule /Users/jamesalford/Library/Developer/Xcode/DerivedData/NotedCore-ftviuoyqruynvwbzbngenbwxsygv/Build/Products/Debug-iphonesimulator/InternalCollectionsUtilities.swiftmodule/arm64-apple-ios-simulator.swiftmodule

Copy /Users/jamesalford/Library/Developer/Xcode/DerivedData/NotedCore-ftviuoyqruynvwbzbngenbwxsygv/Build/Products/Debug-iphonesimulator/InternalCollectionsUtilities.swiftmodule/arm64-apple-ios-simulator.swiftdoc /Users/jamesalford/Library/Developer/Xcode/DerivedData/NotedCore-ftviuoyqruynvwbzbngenbwxsygv/Build/Intermediates.noindex/swift-collections.build/Debug-iphonesimulator/InternalCollectionsUtilities.build/Objects-normal/arm64/InternalCollectionsUtilities.swiftdoc (in target 'InternalCollectionsUtilities' from project 'swift-collections')
    cd /Users/jamesalford/Library/Developer/Xcode/DerivedData/NotedCore-ftviuoyqruynvwbzbngenbwxsygv/SourcePackages/checkouts/swift-collections
    builtin-copy -exclude .DS_Store -exclude CVS -exclude .svn -exclude .git -exclude .hg -resolve-src-symlinks -rename /Users/jamesalford/Library/Developer/Xcode/DerivedData/NotedCore-ftviuoyqruynvwbzbngenbwxsygv/Build/Intermediates.noindex/swift-collections.build/Debug-iphonesimulator/InternalCollectionsUtilities.build/Objects-normal/arm64/InternalCollectionsUtilities.swiftdoc /Users/jamesalford/Library/Developer/Xcode/DerivedData/NotedCore-ftviuoyqruynvwbzbngenbwxsygv/Build/Products/Debug-iphonesimulator/InternalCollectionsUtilities.swiftmodule/arm64-apple-ios-simulator.swiftdoc

SwiftDriverJobDiscovery normal x86_64 Emitting module for NotedWatch_Watch_App (in target 'NotedWatch Watch App' from project 'NotedCore')

SwiftDriverJobDiscovery normal arm64 Emitting module for NotedWatch_Watch_App (in target 'NotedWatch Watch App' from project 'NotedCore')

SwiftDriver\ Compilation\ Requirements NotedWatch\ Watch\ App normal x86_64 com.apple.xcode.tools.swift.compiler (in target 'NotedWatch Watch App' from project 'NotedCore')
    cd /Users/jamesalford/Documents/NotedCore
    builtin-Swift-Compilation-Requirements -- /Applications/Xcode.app/Contents/Developer/Toolchains/XcodeDefault.xctoolchain/usr/bin/swiftc -module-name NotedWatch_Watch_App -Onone -enforce-exclusivity\=checked @/Users/jamesalford/Library/Developer/Xcode/DerivedData/NotedCore-ftviuoyqruynvwbzbngenbwxsygv/Build/Intermediates.noindex/NotedCore.build/Debug-watchsimulator/NotedWatch\ Watch\ App.build/Objects-normal/x86_64/NotedWatch\ Watch\ App.SwiftFileList -DDEBUG -default-isolation\=MainActor -enable-bare-slash-regex -enable-upcoming-feature DisableOutwardActorInference -enable-upcoming-feature InferSendableFromCaptures -enable-upcoming-feature GlobalActorIsolatedTypesUsability -enable-upcoming-feature MemberImportVisibility -enable-upcoming-feature InferIsolatedConformances -enable-upcoming-feature NonisolatedNonsendingByDefault -enable-experimental-feature DebugDescriptionMacro -sdk /Applications/Xcode.app/Contents/Developer/Platforms/WatchSimulator.platform/Developer/SDKs/WatchSimulator26.0.sdk -target x86_64-apple-watchos26.0-simulator -g -module-cache-path /Users/jamesalford/Library/Developer/Xcode/DerivedData/ModuleCache.noindex -Xfrontend -serialize-debugging-options -profile-coverage-mapping -profile-generate -enable-testing -index-store-path /Users/jamesalford/Library/Developer/Xcode/DerivedData/NotedCore-ftviuoyqruynvwbzbngenbwxsygv/Index.noindex/DataStore -Xcc -D_LIBCPP_HARDENING_MODE\=_LIBCPP_HARDENING_MODE_DEBUG -swift-version 5 -I /Users/jamesalford/Library/Developer/Xcode/DerivedData/NotedCore-ftviuoyqruynvwbzbngenbwxsygv/Build/Products/Debug-watchsimulator -F /Users/jamesalford/Library/Developer/Xcode/DerivedData/NotedCore-ftviuoyqruynvwbzbngenbwxsygv/Build/Products/Debug-watchsimulator -emit-localized-strings -emit-localized-strings-path /Users/jamesalford/Library/Developer/Xcode/DerivedData/NotedCore-ftviuoyqruynvwbzbngenbwxsygv/Build/Intermediates.noindex/NotedCore.build/Debug-watchsimulator/NotedWatch\ Watch\ App.build/Objects-normal/x86_64 -c -j14 -enable-batch-mode -incremental -Xcc -ivfsstatcache -Xcc /Users/jamesalford/Library/Developer/Xcode/DerivedData/SDKStatCaches.noindex/watchsimulator26.0-23R351-3885c01c3e6b6a337905948deab2002ed6f9d956e8bb931a4d3c0d15364d9e81.sdkstatcache -output-file-map /Users/jamesalford/Library/Developer/Xcode/DerivedData/NotedCore-ftviuoyqruynvwbzbngenbwxsygv/Build/Intermediates.noindex/NotedCore.build/Debug-watchsimulator/NotedWatch\ Watch\ App.build/Objects-normal/x86_64/NotedWatch\ Watch\ App-OutputFileMap.json -use-frontend-parseable-output -save-temps -no-color-diagnostics -explicit-module-build -module-cache-path /Users/jamesalford/Library/Developer/Xcode/DerivedData/NotedCore-ftviuoyqruynvwbzbngenbwxsygv/Build/Intermediates.noindex/SwiftExplicitPrecompiledModules -clang-scanner-module-cache-path /Users/jamesalford/Library/Developer/Xcode/DerivedData/ModuleCache.noindex -sdk-module-cache-path /Users/jamesalford/Library/Developer/Xcode/DerivedData/ModuleCache.noindex -serialize-diagnostics -emit-dependencies -emit-module -emit-module-path /Users/jamesalford/Library/Developer/Xcode/DerivedData/NotedCore-ftviuoyqruynvwbzbngenbwxsygv/Build/Intermediates.noindex/NotedCore.build/Debug-watchsimulator/NotedWatch\ Watch\ App.build/Objects-normal/x86_64/NotedWatch_Watch_App.swiftmodule -validate-clang-modules-once -clang-build-session-file /Users/jamesalford/Library/Developer/Xcode/DerivedData/ModuleCache.noindex/Session.modulevalidation -Xcc -I/Users/jamesalford/Library/Developer/Xcode/DerivedData/NotedCore-ftviuoyqruynvwbzbngenbwxsygv/Build/Intermediates.noindex/NotedCore.build/Debug-watchsimulator/NotedWatch\ Watch\ App.build/swift-overrides.hmap -emit-const-values -Xfrontend -const-gather-protocols-file -Xfrontend /Users/jamesalford/Library/Developer/Xcode/DerivedData/NotedCore-ftviuoyqruynvwbzbngenbwxsygv/Build/Intermediates.noindex/NotedCore.build/Debug-watchsimulator/NotedWatch\ Watch\ App.build/Objects-normal/x86_64/NotedWatch\ Watch\ App_const_extract_protocols.json -Xcc -iquote -Xcc /Users/jamesalford/Library/Developer/Xcode/DerivedData/NotedCore-ftviuoyqruynvwbzbngenbwxsygv/Build/Intermediates.noindex/NotedCore.build/Debug-watchsimulator/NotedWatch\ Watch\ App.build/NotedWatch\ Watch\ App-generated-files.hmap -Xcc -I/Users/jamesalford/Library/Developer/Xcode/DerivedData/NotedCore-ftviuoyqruynvwbzbngenbwxsygv/Build/Intermediates.noindex/NotedCore.build/Debug-watchsimulator/NotedWatch\ Watch\ App.build/NotedWatch\ Watch\ App-own-target-headers.hmap -Xcc -I/Users/jamesalford/Library/Developer/Xcode/DerivedData/NotedCore-ftviuoyqruynvwbzbngenbwxsygv/Build/Intermediates.noindex/NotedCore.build/Debug-watchsimulator/NotedWatch\ Watch\ App.build/NotedWatch\ Watch\ App-all-non-framework-target-headers.hmap -Xcc -ivfsoverlay -Xcc /Users/jamesalford/Library/Developer/Xcode/DerivedData/NotedCore-ftviuoyqruynvwbzbngenbwxsygv/Build/Intermediates.noindex/NotedCore.build/Debug-watchsimulator/NotedCore-21f3c7d3b6c2f5f802752ccf91e67fbc-VFS-watchsimulator/all-product-headers.yaml -Xcc -iquote -Xcc /Users/jamesalford/Library/Developer/Xcode/DerivedData/NotedCore-ftviuoyqruynvwbzbngenbwxsygv/Build/Intermediates.noindex/NotedCore.build/Debug-watchsimulator/NotedWatch\ Watch\ App.build/NotedWatch\ Watch\ App-project-headers.hmap -Xcc -I/Users/jamesalford/Library/Developer/Xcode/DerivedData/NotedCore-ftviuoyqruynvwbzbngenbwxsygv/Build/Products/Debug-watchsimulator/include -Xcc -I/Users/jamesalford/Library/Developer/Xcode/DerivedData/NotedCore-ftviuoyqruynvwbzbngenbwxsygv/Build/Intermediates.noindex/NotedCore.build/Debug-watchsimulator/NotedWatch\ Watch\ App.build/DerivedSources-normal/x86_64 -Xcc -I/Users/jamesalford/Library/Developer/Xcode/DerivedData/NotedCore-ftviuoyqruynvwbzbngenbwxsygv/Build/Intermediates.noindex/NotedCore.build/Debug-watchsimulator/NotedWatch\ Watch\ App.build/DerivedSources/x86_64 -Xcc -I/Users/jamesalford/Library/Developer/Xcode/DerivedData/NotedCore-ftviuoyqruynvwbzbngenbwxsygv/Build/Intermediates.noindex/NotedCore.build/Debug-watchsimulator/NotedWatch\ Watch\ App.build/DerivedSources -Xcc -DDEBUG\=1 -emit-objc-header -emit-objc-header-path /Users/jamesalford/Library/Developer/Xcode/DerivedData/NotedCore-ftviuoyqruynvwbzbngenbwxsygv/Build/Intermediates.noindex/NotedCore.build/Debug-watchsimulator/NotedWatch\ Watch\ App.build/Objects-normal/x86_64/NotedWatch_Watch_App-Swift.h -working-directory /Users/jamesalford/Documents/NotedCore -experimental-emit-module-separately -disable-cmo

Copy /Users/jamesalford/Library/Developer/Xcode/DerivedData/NotedCore-ftviuoyqruynvwbzbngenbwxsygv/Build/Products/Debug-iphonesimulator/InternalCollectionsUtilities.swiftmodule/arm64-apple-ios-simulator.abi.json /Users/jamesalford/Library/Developer/Xcode/DerivedData/NotedCore-ftviuoyqruynvwbzbngenbwxsygv/Build/Intermediates.noindex/swift-collections.build/Debug-iphonesimulator/InternalCollectionsUtilities.build/Objects-normal/arm64/InternalCollectionsUtilities.abi.json (in target 'InternalCollectionsUtilities' from project 'swift-collections')
    cd /Users/jamesalford/Library/Developer/Xcode/DerivedData/NotedCore-ftviuoyqruynvwbzbngenbwxsygv/SourcePackages/checkouts/swift-collections
    builtin-copy -exclude .DS_Store -exclude CVS -exclude .svn -exclude .git -exclude .hg -resolve-src-symlinks -rename /Users/jamesalford/Library/Developer/Xcode/DerivedData/NotedCore-ftviuoyqruynvwbzbngenbwxsygv/Build/Intermediates.noindex/swift-collections.build/Debug-iphonesimulator/InternalCollectionsUtilities.build/Objects-normal/arm64/InternalCollectionsUtilities.abi.json /Users/jamesalford/Library/Developer/Xcode/DerivedData/NotedCore-ftviuoyqruynvwbzbngenbwxsygv/Build/Products/Debug-iphonesimulator/InternalCollectionsUtilities.swiftmodule/arm64-apple-ios-simulator.abi.json

SwiftDriver\ Compilation\ Requirements NotedWatch\ Watch\ App normal arm64 com.apple.xcode.tools.swift.compiler (in target 'NotedWatch Watch App' from project 'NotedCore')
    cd /Users/jamesalford/Documents/NotedCore
    builtin-Swift-Compilation-Requirements -- /Applications/Xcode.app/Contents/Developer/Toolchains/XcodeDefault.xctoolchain/usr/bin/swiftc -module-name NotedWatch_Watch_App -Onone -enforce-exclusivity\=checked @/Users/jamesalford/Library/Developer/Xcode/DerivedData/NotedCore-ftviuoyqruynvwbzbngenbwxsygv/Build/Intermediates.noindex/NotedCore.build/Debug-watchsimulator/NotedWatch\ Watch\ App.build/Objects-normal/arm64/NotedWatch\ Watch\ App.SwiftFileList -DDEBUG -default-isolation\=MainActor -enable-bare-slash-regex -enable-upcoming-feature DisableOutwardActorInference -enable-upcoming-feature InferSendableFromCaptures -enable-upcoming-feature GlobalActorIsolatedTypesUsability -enable-upcoming-feature MemberImportVisibility -enable-upcoming-feature InferIsolatedConformances -enable-upcoming-feature NonisolatedNonsendingByDefault -enable-experimental-feature DebugDescriptionMacro -sdk /Applications/Xcode.app/Contents/Developer/Platforms/WatchSimulator.platform/Developer/SDKs/WatchSimulator26.0.sdk -target arm64-apple-watchos26.0-simulator -g -module-cache-path /Users/jamesalford/Library/Developer/Xcode/DerivedData/ModuleCache.noindex -Xfrontend -serialize-debugging-options -profile-coverage-mapping -profile-generate -enable-testing -index-store-path /Users/jamesalford/Library/Developer/Xcode/DerivedData/NotedCore-ftviuoyqruynvwbzbngenbwxsygv/Index.noindex/DataStore -Xcc -D_LIBCPP_HARDENING_MODE\=_LIBCPP_HARDENING_MODE_DEBUG -swift-version 5 -I /Users/jamesalford/Library/Developer/Xcode/DerivedData/NotedCore-ftviuoyqruynvwbzbngenbwxsygv/Build/Products/Debug-watchsimulator -F /Users/jamesalford/Library/Developer/Xcode/DerivedData/NotedCore-ftviuoyqruynvwbzbngenbwxsygv/Build/Products/Debug-watchsimulator -emit-localized-strings -emit-localized-strings-path /Users/jamesalford/Library/Developer/Xcode/DerivedData/NotedCore-ftviuoyqruynvwbzbngenbwxsygv/Build/Intermediates.noindex/NotedCore.build/Debug-watchsimulator/NotedWatch\ Watch\ App.build/Objects-normal/arm64 -c -j14 -enable-batch-mode -incremental -Xcc -ivfsstatcache -Xcc /Users/jamesalford/Library/Developer/Xcode/DerivedData/SDKStatCaches.noindex/watchsimulator26.0-23R351-3885c01c3e6b6a337905948deab2002ed6f9d956e8bb931a4d3c0d15364d9e81.sdkstatcache -output-file-map /Users/jamesalford/Library/Developer/Xcode/DerivedData/NotedCore-ftviuoyqruynvwbzbngenbwxsygv/Build/Intermediates.noindex/NotedCore.build/Debug-watchsimulator/NotedWatch\ Watch\ App.build/Objects-normal/arm64/NotedWatch\ Watch\ App-OutputFileMap.json -use-frontend-parseable-output -save-temps -no-color-diagnostics -explicit-module-build -module-cache-path /Users/jamesalford/Library/Developer/Xcode/DerivedData/NotedCore-ftviuoyqruynvwbzbngenbwxsygv/Build/Intermediates.noindex/SwiftExplicitPrecompiledModules -clang-scanner-module-cache-path /Users/jamesalford/Library/Developer/Xcode/DerivedData/ModuleCache.noindex -sdk-module-cache-path /Users/jamesalford/Library/Developer/Xcode/DerivedData/ModuleCache.noindex -serialize-diagnostics -emit-dependencies -emit-module -emit-module-path /Users/jamesalford/Library/Developer/Xcode/DerivedData/NotedCore-ftviuoyqruynvwbzbngenbwxsygv/Build/Intermediates.noindex/NotedCore.build/Debug-watchsimulator/NotedWatch\ Watch\ App.build/Objects-normal/arm64/NotedWatch_Watch_App.swiftmodule -validate-clang-modules-once -clang-build-session-file /Users/jamesalford/Library/Developer/Xcode/DerivedData/ModuleCache.noindex/Session.modulevalidation -Xcc -I/Users/jamesalford/Library/Developer/Xcode/DerivedData/NotedCore-ftviuoyqruynvwbzbngenbwxsygv/Build/Intermediates.noindex/NotedCore.build/Debug-watchsimulator/NotedWatch\ Watch\ App.build/swift-overrides.hmap -emit-const-values -Xfrontend -const-gather-protocols-file -Xfrontend /Users/jamesalford/Library/Developer/Xcode/DerivedData/NotedCore-ftviuoyqruynvwbzbngenbwxsygv/Build/Intermediates.noindex/NotedCore.build/Debug-watchsimulator/NotedWatch\ Watch\ App.build/Objects-normal/arm64/NotedWatch\ Watch\ App_const_extract_protocols.json -Xcc -iquote -Xcc /Users/jamesalford/Library/Developer/Xcode/DerivedData/NotedCore-ftviuoyqruynvwbzbngenbwxsygv/Build/Intermediates.noindex/NotedCore.build/Debug-watchsimulator/NotedWatch\ Watch\ App.build/NotedWatch\ Watch\ App-generated-files.hmap -Xcc -I/Users/jamesalford/Library/Developer/Xcode/DerivedData/NotedCore-ftviuoyqruynvwbzbngenbwxsygv/Build/Intermediates.noindex/NotedCore.build/Debug-watchsimulator/NotedWatch\ Watch\ App.build/NotedWatch\ Watch\ App-own-target-headers.hmap -Xcc -I/Users/jamesalford/Library/Developer/Xcode/DerivedData/NotedCore-ftviuoyqruynvwbzbngenbwxsygv/Build/Intermediates.noindex/NotedCore.build/Debug-watchsimulator/NotedWatch\ Watch\ App.build/NotedWatch\ Watch\ App-all-non-framework-target-headers.hmap -Xcc -ivfsoverlay -Xcc /Users/jamesalford/Library/Developer/Xcode/DerivedData/NotedCore-ftviuoyqruynvwbzbngenbwxsygv/Build/Intermediates.noindex/NotedCore.build/Debug-watchsimulator/NotedCore-21f3c7d3b6c2f5f802752ccf91e67fbc-VFS-watchsimulator/all-product-headers.yaml -Xcc -iquote -Xcc /Users/jamesalford/Library/Developer/Xcode/DerivedData/NotedCore-ftviuoyqruynvwbzbngenbwxsygv/Build/Intermediates.noindex/NotedCore.build/Debug-watchsimulator/NotedWatch\ Watch\ App.build/NotedWatch\ Watch\ App-project-headers.hmap -Xcc -I/Users/jamesalford/Library/Developer/Xcode/DerivedData/NotedCore-ftviuoyqruynvwbzbngenbwxsygv/Build/Products/Debug-watchsimulator/include -Xcc -I/Users/jamesalford/Library/Developer/Xcode/DerivedData/NotedCore-ftviuoyqruynvwbzbngenbwxsygv/Build/Intermediates.noindex/NotedCore.build/Debug-watchsimulator/NotedWatch\ Watch\ App.build/DerivedSources-normal/arm64 -Xcc -I/Users/jamesalford/Library/Developer/Xcode/DerivedData/NotedCore-ftviuoyqruynvwbzbngenbwxsygv/Build/Intermediates.noindex/NotedCore.build/Debug-watchsimulator/NotedWatch\ Watch\ App.build/DerivedSources/arm64 -Xcc -I/Users/jamesalford/Library/Developer/Xcode/DerivedData/NotedCore-ftviuoyqruynvwbzbngenbwxsygv/Build/Intermediates.noindex/NotedCore.build/Debug-watchsimulator/NotedWatch\ Watch\ App.build/DerivedSources -Xcc -DDEBUG\=1 -emit-objc-header -emit-objc-header-path /Users/jamesalford/Library/Developer/Xcode/DerivedData/NotedCore-ftviuoyqruynvwbzbngenbwxsygv/Build/Intermediates.noindex/NotedCore.build/Debug-watchsimulator/NotedWatch\ Watch\ App.build/Objects-normal/arm64/NotedWatch_Watch_App-Swift.h -working-directory /Users/jamesalford/Documents/NotedCore -experimental-emit-module-separately -disable-cmo

Copy /Users/jamesalford/Library/Developer/Xcode/DerivedData/NotedCore-ftviuoyqruynvwbzbngenbwxsygv/Build/Products/Debug-iphonesimulator/InternalCollectionsUtilities.swiftmodule/Project/arm64-apple-ios-simulator.swiftsourceinfo /Users/jamesalford/Library/Developer/Xcode/DerivedData/NotedCore-ftviuoyqruynvwbzbngenbwxsygv/Build/Intermediates.noindex/swift-collections.build/Debug-iphonesimulator/InternalCollectionsUtilities.build/Objects-normal/arm64/InternalCollectionsUtilities.swiftsourceinfo (in target 'InternalCollectionsUtilities' from project 'swift-collections')
    cd /Users/jamesalford/Library/Developer/Xcode/DerivedData/NotedCore-ftviuoyqruynvwbzbngenbwxsygv/SourcePackages/checkouts/swift-collections
    builtin-copy -exclude .DS_Store -exclude CVS -exclude .svn -exclude .git -exclude .hg -resolve-src-symlinks -rename /Users/jamesalford/Library/Developer/Xcode/DerivedData/NotedCore-ftviuoyqruynvwbzbngenbwxsygv/Build/Intermediates.noindex/swift-collections.build/Debug-iphonesimulator/InternalCollectionsUtilities.build/Objects-normal/arm64/InternalCollectionsUtilities.swiftsourceinfo /Users/jamesalford/Library/Developer/Xcode/DerivedData/NotedCore-ftviuoyqruynvwbzbngenbwxsygv/Build/Products/Debug-iphonesimulator/InternalCollectionsUtilities.swiftmodule/Project/arm64-apple-ios-simulator.swiftsourceinfo

CompileC /Users/jamesalford/Library/Developer/Xcode/DerivedData/NotedCore-ftviuoyqruynvwbzbngenbwxsygv/Build/Intermediates.noindex/mlx-swift.build/Debug-iphonesimulator/Cmlx.build/Objects-normal/arm64/unary-f9b9a5a4ef2597e02f9b5287ddb958cb.o /Users/jamesalford/Library/Developer/Xcode/DerivedData/NotedCore-ftviuoyqruynvwbzbngenbwxsygv/SourcePackages/checkouts/mlx-swift/Source/Cmlx/mlx/mlx/backend/cpu/unary.cpp normal arm64 c++ com.apple.compilers.llvm.clang.1_0.compiler (in target 'Cmlx' from project 'mlx-swift')
    cd /Users/jamesalford/Documents/NotedCore/NotedCore.xcodeproj
    
    Using response file: /Users/jamesalford/Library/Developer/Xcode/DerivedData/NotedCore-ftviuoyqruynvwbzbngenbwxsygv/Build/Intermediates.noindex/mlx-swift.build/Debug-iphonesimulator/Cmlx.build/Objects-normal/arm64/82b82416624d2658e5098eb0a28c15c5-common-args.resp
    
    /Applications/Xcode.app/Contents/Developer/Toolchains/XcodeDefault.xctoolchain/usr/bin/clang -x c++ -ivfsstatcache /Users/jamesalford/Library/Developer/Xcode/DerivedData/SDKStatCaches.noindex/iphonesimulator26.0-23A339-3885c01c3e6b6a337905948deab2002e26257891a6c027eb51374368541b8346.sdkstatcache -fmessage-length\=0 -fdiagnostics-show-note-include-stack -fmacro-backtrace-limit\=0 -fno-color-diagnostics -fmodules-prune-interval\=86400 -fmodules-prune-after\=345600 -fbuild-session-file\=/Users/jamesalford/Library/Developer/Xcode/DerivedData/ModuleCache.noindex/Session.modulevalidation -fmodules-validate-once-per-build-session -Wnon-modular-include-in-framework-module -Werror\=non-modular-include-in-framework-module -Wno-trigraphs -Wno-missing-field-initializers -Wno-missing-prototypes -Wno-return-type -Wno-non-virtual-dtor -Wno-overloaded-virtual -Wno-exit-time-destructors -Wno-missing-braces -Wparentheses -Wswitch -Wno-unused-function -Wno-unused-label -Wno-unused-parameter -Wno-unused-variable -Wunused-value -Wno-empty-body -Wno-uninitialized -Wno-unknown-pragmas -w -Wno-shadow -Wno-four-char-constants -Wno-conversion -Wno-constant-conversion -Wno-int-conversion -Wno-bool-conversion -Wno-enum-conversion -Wno-float-conversion -Wno-non-literal-null-conversion -Wno-objc-literal-conversion -Wshorten-64-to-32 -Wno-newline-eof -Wno-c++11-extensions -Wno-implicit-fallthrough -fstrict-aliasing -Wdeprecated-declarations -Winvalid-offsetof -Wno-sign-conversion -Wno-infinite-recursion -Wno-move -Wno-comma -Wno-block-capture-autoreleasing -Wno-strict-prototypes -Wno-range-loop-analysis -Wno-semicolon-before-method-body -index-store-path /Users/jamesalford/Library/Developer/Xcode/DerivedData/NotedCore-ftviuoyqruynvwbzbngenbwxsygv/Index.noindex/DataStore @/Users/jamesalford/Library/Developer/Xcode/DerivedData/NotedCore-ftviuoyqruynvwbzbngenbwxsygv/Build/Intermediates.noindex/mlx-swift.build/Debug-iphonesimulator/Cmlx.build/Objects-normal/arm64/82b82416624d2658e5098eb0a28c15c5-common-args.resp -MMD -MT dependencies -MF /Users/jamesalford/Library/Developer/Xcode/DerivedData/NotedCore-ftviuoyqruynvwbzbngenbwxsygv/Build/Intermediates.noindex/mlx-swift.build/Debug-iphonesimulator/Cmlx.build/Objects-normal/arm64/unary-f9b9a5a4ef2597e02f9b5287ddb958cb.d --serialize-diagnostics /Users/jamesalford/Library/Developer/Xcode/DerivedData/NotedCore-ftviuoyqruynvwbzbngenbwxsygv/Build/Intermediates.noindex/mlx-swift.build/Debug-iphonesimulator/Cmlx.build/Objects-normal/arm64/unary-f9b9a5a4ef2597e02f9b5287ddb958cb.dia -c /Users/jamesalford/Library/Developer/Xcode/DerivedData/NotedCore-ftviuoyqruynvwbzbngenbwxsygv/SourcePackages/checkouts/mlx-swift/Source/Cmlx/mlx/mlx/backend/cpu/unary.cpp -o /Users/jamesalford/Library/Developer/Xcode/DerivedData/NotedCore-ftviuoyqruynvwbzbngenbwxsygv/Build/Intermediates.noindex/mlx-swift.build/Debug-iphonesimulator/Cmlx.build/Objects-normal/arm64/unary-f9b9a5a4ef2597e02f9b5287ddb958cb.o -index-unit-output-path /mlx-swift.build/Debug-iphonesimulator/Cmlx.build/Objects-normal/arm64/unary-f9b9a5a4ef2597e02f9b5287ddb958cb.o

CompileC /Users/jamesalford/Library/Developer/Xcode/DerivedData/NotedCore-ftviuoyqruynvwbzbngenbwxsygv/Build/Intermediates.noindex/mlx-swift.build/Debug-iphonesimulator/Cmlx.build/Objects-normal/arm64/unary-f84c4cb17499784d450adfc0054bbf69.o /Users/jamesalford/Library/Developer/Xcode/DerivedData/NotedCore-ftviuoyqruynvwbzbngenbwxsygv/SourcePackages/checkouts/mlx-swift/Source/Cmlx/mlx-generated/unary.cpp normal arm64 c++ com.apple.compilers.llvm.clang.1_0.compiler (in target 'Cmlx' from project 'mlx-swift')
    cd /Users/jamesalford/Documents/NotedCore/NotedCore.xcodeproj
    
    Using response file: /Users/jamesalford/Library/Developer/Xcode/DerivedData/NotedCore-ftviuoyqruynvwbzbngenbwxsygv/Build/Intermediates.noindex/mlx-swift.build/Debug-iphonesimulator/Cmlx.build/Objects-normal/arm64/82b82416624d2658e5098eb0a28c15c5-common-args.resp
    
    /Applications/Xcode.app/Contents/Developer/Toolchains/XcodeDefault.xctoolchain/usr/bin/clang -x c++ -ivfsstatcache /Users/jamesalford/Library/Developer/Xcode/DerivedData/SDKStatCaches.noindex/iphonesimulator26.0-23A339-3885c01c3e6b6a337905948deab2002e26257891a6c027eb51374368541b8346.sdkstatcache -fmessage-length\=0 -fdiagnostics-show-note-include-stack -fmacro-backtrace-limit\=0 -fno-color-diagnostics -fmodules-prune-interval\=86400 -fmodules-prune-after\=345600 -fbuild-session-file\=/Users/jamesalford/Library/Developer/Xcode/DerivedData/ModuleCache.noindex/Session.modulevalidation -fmodules-validate-once-per-build-session -Wnon-modular-include-in-framework-module -Werror\=non-modular-include-in-framework-module -Wno-trigraphs -Wno-missing-field-initializers -Wno-missing-prototypes -Wno-return-type -Wno-non-virtual-dtor -Wno-overloaded-virtual -Wno-exit-time-destructors -Wno-missing-braces -Wparentheses -Wswitch -Wno-unused-function -Wno-unused-label -Wno-unused-parameter -Wno-unused-variable -Wunused-value -Wno-empty-body -Wno-uninitialized -Wno-unknown-pragmas -w -Wno-shadow -Wno-four-char-constants -Wno-conversion -Wno-constant-conversion -Wno-int-conversion -Wno-bool-conversion -Wno-enum-conversion -Wno-float-conversion -Wno-non-literal-null-conversion -Wno-objc-literal-conversion -Wshorten-64-to-32 -Wno-newline-eof -Wno-c++11-extensions -Wno-implicit-fallthrough -fstrict-aliasing -Wdeprecated-declarations -Winvalid-offsetof -Wno-sign-conversion -Wno-infinite-recursion -Wno-move -Wno-comma -Wno-block-capture-autoreleasing -Wno-strict-prototypes -Wno-range-loop-analysis -Wno-semicolon-before-method-body -index-store-path /Users/jamesalford/Library/Developer/Xcode/DerivedData/NotedCore-ftviuoyqruynvwbzbngenbwxsygv/Index.noindex/DataStore @/Users/jamesalford/Library/Developer/Xcode/DerivedData/NotedCore-ftviuoyqruynvwbzbngenbwxsygv/Build/Intermediates.noindex/mlx-swift.build/Debug-iphonesimulator/Cmlx.build/Objects-normal/arm64/82b82416624d2658e5098eb0a28c15c5-common-args.resp -MMD -MT dependencies -MF /Users/jamesalford/Library/Developer/Xcode/DerivedData/NotedCore-ftviuoyqruynvwbzbngenbwxsygv/Build/Intermediates.noindex/mlx-swift.build/Debug-iphonesimulator/Cmlx.build/Objects-normal/arm64/unary-f84c4cb17499784d450adfc0054bbf69.d --serialize-diagnostics /Users/jamesalford/Library/Developer/Xcode/DerivedData/NotedCore-ftviuoyqruynvwbzbngenbwxsygv/Build/Intermediates.noindex/mlx-swift.build/Debug-iphonesimulator/Cmlx.build/Objects-normal/arm64/unary-f84c4cb17499784d450adfc0054bbf69.dia -c /Users/jamesalford/Library/Developer/Xcode/DerivedData/NotedCore-ftviuoyqruynvwbzbngenbwxsygv/SourcePackages/checkouts/mlx-swift/Source/Cmlx/mlx-generated/unary.cpp -o /Users/jamesalford/Library/Developer/Xcode/DerivedData/NotedCore-ftviuoyqruynvwbzbngenbwxsygv/Build/Intermediates.noindex/mlx-swift.build/Debug-iphonesimulator/Cmlx.build/Objects-normal/arm64/unary-f84c4cb17499784d450adfc0054bbf69.o -index-unit-output-path /mlx-swift.build/Debug-iphonesimulator/Cmlx.build/Objects-normal/arm64/unary-f84c4cb17499784d450adfc0054bbf69.o

CompileC /Users/jamesalford/Library/Developer/Xcode/DerivedData/NotedCore-ftviuoyqruynvwbzbngenbwxsygv/Build/Intermediates.noindex/mlx-swift.build/Debug-iphonesimulator/Cmlx.build/Objects-normal/arm64/unary-bf1a4f5bb8d5650af531fa6801c3cc30.o /Users/jamesalford/Library/Developer/Xcode/DerivedData/NotedCore-ftviuoyqruynvwbzbngenbwxsygv/SourcePackages/checkouts/mlx-swift/Source/Cmlx/mlx/mlx/backend/metal/unary.cpp normal arm64 c++ com.apple.compilers.llvm.clang.1_0.compiler (in target 'Cmlx' from project 'mlx-swift')
    cd /Users/jamesalford/Documents/NotedCore/NotedCore.xcodeproj
    
    Using response file: /Users/jamesalford/Library/Developer/Xcode/DerivedData/NotedCore-ftviuoyqruynvwbzbngenbwxsygv/Build/Intermediates.noindex/mlx-swift.build/Debug-iphonesimulator/Cmlx.build/Objects-normal/arm64/82b82416624d2658e5098eb0a28c15c5-common-args.resp
    
    /Applications/Xcode.app/Contents/Developer/Toolchains/XcodeDefault.xctoolchain/usr/bin/clang -x c++ -ivfsstatcache /Users/jamesalford/Library/Developer/Xcode/DerivedData/SDKStatCaches.noindex/iphonesimulator26.0-23A339-3885c01c3e6b6a337905948deab2002e26257891a6c027eb51374368541b8346.sdkstatcache -fmessage-length\=0 -fdiagnostics-show-note-include-stack -fmacro-backtrace-limit\=0 -fno-color-diagnostics -fmodules-prune-interval\=86400 -fmodules-prune-after\=345600 -fbuild-session-file\=/Users/jamesalford/Library/Developer/Xcode/DerivedData/ModuleCache.noindex/Session.modulevalidation -fmodules-validate-once-per-build-session -Wnon-modular-include-in-framework-module -Werror\=non-modular-include-in-framework-module -Wno-trigraphs -Wno-missing-field-initializers -Wno-missing-prototypes -Wno-return-type -Wno-non-virtual-dtor -Wno-overloaded-virtual -Wno-exit-time-destructors -Wno-missing-braces -Wparentheses -Wswitch -Wno-unused-function -Wno-unused-label -Wno-unused-parameter -Wno-unused-variable -Wunused-value -Wno-empty-body -Wno-uninitialized -Wno-unknown-pragmas -w -Wno-shadow -Wno-four-char-constants -Wno-conversion -Wno-constant-conversion -Wno-int-conversion -Wno-bool-conversion -Wno-enum-conversion -Wno-float-conversion -Wno-non-literal-null-conversion -Wno-objc-literal-conversion -Wshorten-64-to-32 -Wno-newline-eof -Wno-c++11-extensions -Wno-implicit-fallthrough -fstrict-aliasing -Wdeprecated-declarations -Winvalid-offsetof -Wno-sign-conversion -Wno-infinite-recursion -Wno-move -Wno-comma -Wno-block-capture-autoreleasing -Wno-strict-prototypes -Wno-range-loop-analysis -Wno-semicolon-before-method-body -index-store-path /Users/jamesalford/Library/Developer/Xcode/DerivedData/NotedCore-ftviuoyqruynvwbzbngenbwxsygv/Index.noindex/DataStore @/Users/jamesalford/Library/Developer/Xcode/DerivedData/NotedCore-ftviuoyqruynvwbzbngenbwxsygv/Build/Intermediates.noindex/mlx-swift.build/Debug-iphonesimulator/Cmlx.build/Objects-normal/arm64/82b82416624d2658e5098eb0a28c15c5-common-args.resp -MMD -MT dependencies -MF /Users/jamesalford/Library/Developer/Xcode/DerivedData/NotedCore-ftviuoyqruynvwbzbngenbwxsygv/Build/Intermediates.noindex/mlx-swift.build/Debug-iphonesimulator/Cmlx.build/Objects-normal/arm64/unary-bf1a4f5bb8d5650af531fa6801c3cc30.d --serialize-diagnostics /Users/jamesalford/Library/Developer/Xcode/DerivedData/NotedCore-ftviuoyqruynvwbzbngenbwxsygv/Build/Intermediates.noindex/mlx-swift.build/Debug-iphonesimulator/Cmlx.build/Objects-normal/arm64/unary-bf1a4f5bb8d5650af531fa6801c3cc30.dia -c /Users/jamesalford/Library/Developer/Xcode/DerivedData/NotedCore-ftviuoyqruynvwbzbngenbwxsygv/SourcePackages/checkouts/mlx-swift/Source/Cmlx/mlx/mlx/backend/metal/unary.cpp -o /Users/jamesalford/Library/Developer/Xcode/DerivedData/NotedCore-ftviuoyqruynvwbzbngenbwxsygv/Build/Intermediates.noindex/mlx-swift.build/Debug-iphonesimulator/Cmlx.build/Objects-normal/arm64/unary-bf1a4f5bb8d5650af531fa6801c3cc30.o -index-unit-output-path /mlx-swift.build/Debug-iphonesimulator/Cmlx.build/Objects-normal/arm64/unary-bf1a4f5bb8d5650af531fa6801c3cc30.o

SwiftMergeGeneratedHeaders /Users/jamesalford/Library/Developer/Xcode/DerivedData/NotedCore-ftviuoyqruynvwbzbngenbwxsygv/Build/Intermediates.noindex/NotedCore.build/Debug-watchsimulator/NotedWatch\ Watch\ App.build/DerivedSources/NotedWatch_Watch_App-Swift.h /Users/jamesalford/Library/Developer/Xcode/DerivedData/NotedCore-ftviuoyqruynvwbzbngenbwxsygv/Build/Intermediates.noindex/NotedCore.build/Debug-watchsimulator/NotedWatch\ Watch\ App.build/Objects-normal/arm64/NotedWatch_Watch_App-Swift.h /Users/jamesalford/Library/Developer/Xcode/DerivedData/NotedCore-ftviuoyqruynvwbzbngenbwxsygv/Build/Intermediates.noindex/NotedCore.build/Debug-watchsimulator/NotedWatch\ Watch\ App.build/Objects-normal/x86_64/NotedWatch_Watch_App-Swift.h (in target 'NotedWatch Watch App' from project 'NotedCore')
    cd /Users/jamesalford/Documents/NotedCore
    builtin-swiftHeaderTool -arch arm64 /Users/jamesalford/Library/Developer/Xcode/DerivedData/NotedCore-ftviuoyqruynvwbzbngenbwxsygv/Build/Intermediates.noindex/NotedCore.build/Debug-watchsimulator/NotedWatch\ Watch\ App.build/Objects-normal/arm64/NotedWatch_Watch_App-Swift.h -arch x86_64 /Users/jamesalford/Library/Developer/Xcode/DerivedData/NotedCore-ftviuoyqruynvwbzbngenbwxsygv/Build/Intermediates.noindex/NotedCore.build/Debug-watchsimulator/NotedWatch\ Watch\ App.build/Objects-normal/x86_64/NotedWatch_Watch_App-Swift.h -o /Users/jamesalford/Library/Developer/Xcode/DerivedData/NotedCore-ftviuoyqruynvwbzbngenbwxsygv/Build/Intermediates.noindex/NotedCore.build/Debug-watchsimulator/NotedWatch\ Watch\ App.build/DerivedSources/NotedWatch_Watch_App-Swift.h

Copy /Users/jamesalford/Library/Developer/Xcode/DerivedData/NotedCore-ftviuoyqruynvwbzbngenbwxsygv/Build/Products/Debug-watchsimulator/NotedWatch_Watch_App.swiftmodule/x86_64-apple-watchos-simulator.swiftmodule /Users/jamesalford/Library/Developer/Xcode/DerivedData/NotedCore-ftviuoyqruynvwbzbngenbwxsygv/Build/Intermediates.noindex/NotedCore.build/Debug-watchsimulator/NotedWatch\ Watch\ App.build/Objects-normal/x86_64/NotedWatch_Watch_App.swiftmodule (in target 'NotedWatch Watch App' from project 'NotedCore')
    cd /Users/jamesalford/Documents/NotedCore
    builtin-copy -exclude .DS_Store -exclude CVS -exclude .svn -exclude .git -exclude .hg -resolve-src-symlinks -rename /Users/jamesalford/Library/Developer/Xcode/DerivedData/NotedCore-ftviuoyqruynvwbzbngenbwxsygv/Build/Intermediates.noindex/NotedCore.build/Debug-watchsimulator/NotedWatch\ Watch\ App.build/Objects-normal/x86_64/NotedWatch_Watch_App.swiftmodule /Users/jamesalford/Library/Developer/Xcode/DerivedData/NotedCore-ftviuoyqruynvwbzbngenbwxsygv/Build/Products/Debug-watchsimulator/NotedWatch_Watch_App.swiftmodule/x86_64-apple-watchos-simulator.swiftmodule

Copy /Users/jamesalford/Library/Developer/Xcode/DerivedData/NotedCore-ftviuoyqruynvwbzbngenbwxsygv/Build/Products/Debug-watchsimulator/NotedWatch_Watch_App.swiftmodule/x86_64-apple-watchos-simulator.swiftdoc /Users/jamesalford/Library/Developer/Xcode/DerivedData/NotedCore-ftviuoyqruynvwbzbngenbwxsygv/Build/Intermediates.noindex/NotedCore.build/Debug-watchsimulator/NotedWatch\ Watch\ App.build/Objects-normal/x86_64/NotedWatch_Watch_App.swiftdoc (in target 'NotedWatch Watch App' from project 'NotedCore')
    cd /Users/jamesalford/Documents/NotedCore
    builtin-copy -exclude .DS_Store -exclude CVS -exclude .svn -exclude .git -exclude .hg -resolve-src-symlinks -rename /Users/jamesalford/Library/Developer/Xcode/DerivedData/NotedCore-ftviuoyqruynvwbzbngenbwxsygv/Build/Intermediates.noindex/NotedCore.build/Debug-watchsimulator/NotedWatch\ Watch\ App.build/Objects-normal/x86_64/NotedWatch_Watch_App.swiftdoc /Users/jamesalford/Library/Developer/Xcode/DerivedData/NotedCore-ftviuoyqruynvwbzbngenbwxsygv/Build/Products/Debug-watchsimulator/NotedWatch_Watch_App.swiftmodule/x86_64-apple-watchos-simulator.swiftdoc

Copy /Users/jamesalford/Library/Developer/Xcode/DerivedData/NotedCore-ftviuoyqruynvwbzbngenbwxsygv/Build/Products/Debug-watchsimulator/NotedWatch_Watch_App.swiftmodule/x86_64-apple-watchos-simulator.abi.json /Users/jamesalford/Library/Developer/Xcode/DerivedData/NotedCore-ftviuoyqruynvwbzbngenbwxsygv/Build/Intermediates.noindex/NotedCore.build/Debug-watchsimulator/NotedWatch\ Watch\ App.build/Objects-normal/x86_64/NotedWatch_Watch_App.abi.json (in target 'NotedWatch Watch App' from project 'NotedCore')
    cd /Users/jamesalford/Documents/NotedCore
    builtin-copy -exclude .DS_Store -exclude CVS -exclude .svn -exclude .git -exclude .hg -resolve-src-symlinks -rename /Users/jamesalford/Library/Developer/Xcode/DerivedData/NotedCore-ftviuoyqruynvwbzbngenbwxsygv/Build/Intermediates.noindex/NotedCore.build/Debug-watchsimulator/NotedWatch\ Watch\ App.build/Objects-normal/x86_64/NotedWatch_Watch_App.abi.json /Users/jamesalford/Library/Developer/Xcode/DerivedData/NotedCore-ftviuoyqruynvwbzbngenbwxsygv/Build/Products/Debug-watchsimulator/NotedWatch_Watch_App.swiftmodule/x86_64-apple-watchos-simulator.abi.json

Copy /Users/jamesalford/Library/Developer/Xcode/DerivedData/NotedCore-ftviuoyqruynvwbzbngenbwxsygv/Build/Products/Debug-watchsimulator/NotedWatch_Watch_App.swiftmodule/arm64-apple-watchos-simulator.swiftmodule /Users/jamesalford/Library/Developer/Xcode/DerivedData/NotedCore-ftviuoyqruynvwbzbngenbwxsygv/Build/Intermediates.noindex/NotedCore.build/Debug-watchsimulator/NotedWatch\ Watch\ App.build/Objects-normal/arm64/NotedWatch_Watch_App.swiftmodule (in target 'NotedWatch Watch App' from project 'NotedCore')
    cd /Users/jamesalford/Documents/NotedCore
    builtin-copy -exclude .DS_Store -exclude CVS -exclude .svn -exclude .git -exclude .hg -resolve-src-symlinks -rename /Users/jamesalford/Library/Developer/Xcode/DerivedData/NotedCore-ftviuoyqruynvwbzbngenbwxsygv/Build/Intermediates.noindex/NotedCore.build/Debug-watchsimulator/NotedWatch\ Watch\ App.build/Objects-normal/arm64/NotedWatch_Watch_App.swiftmodule /Users/jamesalford/Library/Developer/Xcode/DerivedData/NotedCore-ftviuoyqruynvwbzbngenbwxsygv/Build/Products/Debug-watchsimulator/NotedWatch_Watch_App.swiftmodule/arm64-apple-watchos-simulator.swiftmodule

Copy /Users/jamesalford/Library/Developer/Xcode/DerivedData/NotedCore-ftviuoyqruynvwbzbngenbwxsygv/Build/Products/Debug-watchsimulator/NotedWatch_Watch_App.swiftmodule/arm64-apple-watchos-simulator.swiftdoc /Users/jamesalford/Library/Developer/Xcode/DerivedData/NotedCore-ftviuoyqruynvwbzbngenbwxsygv/Build/Intermediates.noindex/NotedCore.build/Debug-watchsimulator/NotedWatch\ Watch\ App.build/Objects-normal/arm64/NotedWatch_Watch_App.swiftdoc (in target 'NotedWatch Watch App' from project 'NotedCore')
    cd /Users/jamesalford/Documents/NotedCore
    builtin-copy -exclude .DS_Store -exclude CVS -exclude .svn -exclude .git -exclude .hg -resolve-src-symlinks -rename /Users/jamesalford/Library/Developer/Xcode/DerivedData/NotedCore-ftviuoyqruynvwbzbngenbwxsygv/Build/Intermediates.noindex/NotedCore.build/Debug-watchsimulator/NotedWatch\ Watch\ App.build/Objects-normal/arm64/NotedWatch_Watch_App.swiftdoc /Users/jamesalford/Library/Developer/Xcode/DerivedData/NotedCore-ftviuoyqruynvwbzbngenbwxsygv/Build/Products/Debug-watchsimulator/NotedWatch_Watch_App.swiftmodule/arm64-apple-watchos-simulator.swiftdoc

SwiftDriverJobDiscovery normal arm64 Emitting module for RealModule (in target 'RealModule' from project 'swift-numerics')

Copy /Users/jamesalford/Library/Developer/Xcode/DerivedData/NotedCore-ftviuoyqruynvwbzbngenbwxsygv/Build/Products/Debug-watchsimulator/NotedWatch_Watch_App.swiftmodule/arm64-apple-watchos-simulator.abi.json /Users/jamesalford/Library/Developer/Xcode/DerivedData/NotedCore-ftviuoyqruynvwbzbngenbwxsygv/Build/Intermediates.noindex/NotedCore.build/Debug-watchsimulator/NotedWatch\ Watch\ App.build/Objects-normal/arm64/NotedWatch_Watch_App.abi.json (in target 'NotedWatch Watch App' from project 'NotedCore')
    cd /Users/jamesalford/Documents/NotedCore
    builtin-copy -exclude .DS_Store -exclude CVS -exclude .svn -exclude .git -exclude .hg -resolve-src-symlinks -rename /Users/jamesalford/Library/Developer/Xcode/DerivedData/NotedCore-ftviuoyqruynvwbzbngenbwxsygv/Build/Intermediates.noindex/NotedCore.build/Debug-watchsimulator/NotedWatch\ Watch\ App.build/Objects-normal/arm64/NotedWatch_Watch_App.abi.json /Users/jamesalford/Library/Developer/Xcode/DerivedData/NotedCore-ftviuoyqruynvwbzbngenbwxsygv/Build/Products/Debug-watchsimulator/NotedWatch_Watch_App.swiftmodule/arm64-apple-watchos-simulator.abi.json

SwiftDriver\ Compilation\ Requirements RealModule normal arm64 com.apple.xcode.tools.swift.compiler (in target 'RealModule' from project 'swift-numerics')
    cd /Users/jamesalford/Documents/NotedCore/NotedCore.xcodeproj
    builtin-Swift-Compilation-Requirements -- /Applications/Xcode.app/Contents/Developer/Toolchains/XcodeDefault.xctoolchain/usr/bin/swiftc -module-name RealModule -Onone -enforce-exclusivity\=checked @/Users/jamesalford/Library/Developer/Xcode/DerivedData/NotedCore-ftviuoyqruynvwbzbngenbwxsygv/Build/Intermediates.noindex/swift-numerics.build/Debug-iphonesimulator/RealModule.build/Objects-normal/arm64/RealModule.SwiftFileList -DSWIFT_PACKAGE -DDEBUG -DSWIFT_MODULE_RESOURCE_BUNDLE_UNAVAILABLE -DXcode -plugin-path /Applications/Xcode.app/Contents/Developer/Toolchains/XcodeDefault.xctoolchain/usr/lib/swift/host/plugins/testing -enable-experimental-feature DebugDescriptionMacro -sdk /Applications/Xcode.app/Contents/Developer/Platforms/iPhoneSimulator.platform/Developer/SDKs/iPhoneSimulator26.0.sdk -target arm64-apple-ios12.0-simulator -g -module-cache-path /Users/jamesalford/Library/Developer/Xcode/DerivedData/ModuleCache.noindex -Xfrontend -serialize-debugging-options -profile-coverage-mapping -profile-generate -enable-testing -suppress-warnings -index-store-path /Users/jamesalford/Library/Developer/Xcode/DerivedData/NotedCore-ftviuoyqruynvwbzbngenbwxsygv/Index.noindex/DataStore -Xcc -D_LIBCPP_HARDENING_MODE\=_LIBCPP_HARDENING_MODE_DEBUG -swift-version 5 -I /Users/jamesalford/Library/Developer/Xcode/DerivedData/NotedCore-ftviuoyqruynvwbzbngenbwxsygv/Build/Products/Debug-iphonesimulator -Isystem /Applications/Xcode.app/Contents/Developer/Platforms/iPhoneSimulator.platform/Developer/usr/lib -F /Users/jamesalford/Library/Developer/Xcode/DerivedData/NotedCore-ftviuoyqruynvwbzbngenbwxsygv/Build/Products/Debug-iphonesimulator/PackageFrameworks -F /Users/jamesalford/Library/Developer/Xcode/DerivedData/NotedCore-ftviuoyqruynvwbzbngenbwxsygv/Build/Products/Debug-iphonesimulator -F /Applications/Xcode.app/Contents/Developer/Platforms/iPhoneSimulator.platform/Developer/Library/Frameworks -F /Applications/Xcode.app/Contents/Developer/Platforms/iPhoneSimulator.platform/Developer/SDKs/iPhoneSimulator26.0.sdk/Developer/Library/Frameworks -c -j14 -enable-batch-mode -incremental -Xcc -ivfsstatcache -Xcc /Users/jamesalford/Library/Developer/Xcode/DerivedData/SDKStatCaches.noindex/iphonesimulator26.0-23A339-3885c01c3e6b6a337905948deab2002e26257891a6c027eb51374368541b8346.sdkstatcache -output-file-map /Users/jamesalford/Library/Developer/Xcode/DerivedData/NotedCore-ftviuoyqruynvwbzbngenbwxsygv/Build/Intermediates.noindex/swift-numerics.build/Debug-iphonesimulator/RealModule.build/Objects-normal/arm64/RealModule-OutputFileMap.json -use-frontend-parseable-output -save-temps -no-color-diagnostics -explicit-module-build -module-cache-path /Users/jamesalford/Library/Developer/Xcode/DerivedData/NotedCore-ftviuoyqruynvwbzbngenbwxsygv/Build/Intermediates.noindex/SwiftExplicitPrecompiledModules -clang-scanner-module-cache-path /Users/jamesalford/Library/Developer/Xcode/DerivedData/ModuleCache.noindex -sdk-module-cache-path /Users/jamesalford/Library/Developer/Xcode/DerivedData/ModuleCache.noindex -serialize-diagnostics -emit-dependencies -emit-module -emit-module-path /Users/jamesalford/Library/Developer/Xcode/DerivedData/NotedCore-ftviuoyqruynvwbzbngenbwxsygv/Build/Intermediates.noindex/swift-numerics.build/Debug-iphonesimulator/RealModule.build/Objects-normal/arm64/RealModule.swiftmodule -validate-clang-modules-once -clang-build-session-file /Users/jamesalford/Library/Developer/Xcode/DerivedData/ModuleCache.noindex/Session.modulevalidation -package-name swift_numerics -Xcc -I/Users/jamesalford/Library/Developer/Xcode/DerivedData/NotedCore-ftviuoyqruynvwbzbngenbwxsygv/Build/Intermediates.noindex/swift-numerics.build/Debug-iphonesimulator/RealModule.build/swift-overrides.hmap -emit-const-values -Xfrontend -const-gather-protocols-file -Xfrontend /Users/jamesalford/Library/Developer/Xcode/DerivedData/NotedCore-ftviuoyqruynvwbzbngenbwxsygv/Build/Intermediates.noindex/swift-numerics.build/Debug-iphonesimulator/RealModule.build/Objects-normal/arm64/RealModule_const_extract_protocols.json -Xcc -I/Users/jamesalford/Library/Developer/Xcode/DerivedData/NotedCore-ftviuoyqruynvwbzbngenbwxsygv/SourcePackages/checkouts/swift-numerics/Sources/_NumericsShims/include -Xcc -I/Users/jamesalford/Library/Developer/Xcode/DerivedData/NotedCore-ftviuoyqruynvwbzbngenbwxsygv/Build/Products/Debug-iphonesimulator/include -Xcc -I/Users/jamesalford/Library/Developer/Xcode/DerivedData/NotedCore-ftviuoyqruynvwbzbngenbwxsygv/Build/Intermediates.noindex/swift-numerics.build/Debug-iphonesimulator/RealModule.build/DerivedSources-normal/arm64 -Xcc -I/Users/jamesalford/Library/Developer/Xcode/DerivedData/NotedCore-ftviuoyqruynvwbzbngenbwxsygv/Build/Intermediates.noindex/swift-numerics.build/Debug-iphonesimulator/RealModule.build/DerivedSources/arm64 -Xcc -I/Users/jamesalford/Library/Developer/Xcode/DerivedData/NotedCore-ftviuoyqruynvwbzbngenbwxsygv/Build/Intermediates.noindex/swift-numerics.build/Debug-iphonesimulator/RealModule.build/DerivedSources -Xcc -DSWIFT_PACKAGE -Xcc -DDEBUG\=1 -emit-objc-header -emit-objc-header-path /Users/jamesalford/Library/Developer/Xcode/DerivedData/NotedCore-ftviuoyqruynvwbzbngenbwxsygv/Build/Intermediates.noindex/swift-numerics.build/Debug-iphonesimulator/RealModule.build/Objects-normal/arm64/RealModule-Swift.h -working-directory /Users/jamesalford/Documents/NotedCore/NotedCore.xcodeproj -experimental-emit-module-separately -disable-cmo

Copy /Users/jamesalford/Library/Developer/Xcode/DerivedData/NotedCore-ftviuoyqruynvwbzbngenbwxsygv/Build/Products/Debug-watchsimulator/NotedWatch_Watch_App.swiftmodule/Project/x86_64-apple-watchos-simulator.swiftsourceinfo /Users/jamesalford/Library/Developer/Xcode/DerivedData/NotedCore-ftviuoyqruynvwbzbngenbwxsygv/Build/Intermediates.noindex/NotedCore.build/Debug-watchsimulator/NotedWatch\ Watch\ App.build/Objects-normal/x86_64/NotedWatch_Watch_App.swiftsourceinfo (in target 'NotedWatch Watch App' from project 'NotedCore')
    cd /Users/jamesalford/Documents/NotedCore
    builtin-copy -exclude .DS_Store -exclude CVS -exclude .svn -exclude .git -exclude .hg -resolve-src-symlinks -rename /Users/jamesalford/Library/Developer/Xcode/DerivedData/NotedCore-ftviuoyqruynvwbzbngenbwxsygv/Build/Intermediates.noindex/NotedCore.build/Debug-watchsimulator/NotedWatch\ Watch\ App.build/Objects-normal/x86_64/NotedWatch_Watch_App.swiftsourceinfo /Users/jamesalford/Library/Developer/Xcode/DerivedData/NotedCore-ftviuoyqruynvwbzbngenbwxsygv/Build/Products/Debug-watchsimulator/NotedWatch_Watch_App.swiftmodule/Project/x86_64-apple-watchos-simulator.swiftsourceinfo

Copy /Users/jamesalford/Library/Developer/Xcode/DerivedData/NotedCore-ftviuoyqruynvwbzbngenbwxsygv/Build/Products/Debug-watchsimulator/NotedWatch_Watch_App.swiftmodule/Project/arm64-apple-watchos-simulator.swiftsourceinfo /Users/jamesalford/Library/Developer/Xcode/DerivedData/NotedCore-ftviuoyqruynvwbzbngenbwxsygv/Build/Intermediates.noindex/NotedCore.build/Debug-watchsimulator/NotedWatch\ Watch\ App.build/Objects-normal/arm64/NotedWatch_Watch_App.swiftsourceinfo (in target 'NotedWatch Watch App' from project 'NotedCore')
    cd /Users/jamesalford/Documents/NotedCore
    builtin-copy -exclude .DS_Store -exclude CVS -exclude .svn -exclude .git -exclude .hg -resolve-src-symlinks -rename /Users/jamesalford/Library/Developer/Xcode/DerivedData/NotedCore-ftviuoyqruynvwbzbngenbwxsygv/Build/Intermediates.noindex/NotedCore.build/Debug-watchsimulator/NotedWatch\ Watch\ App.build/Objects-normal/arm64/NotedWatch_Watch_App.swiftsourceinfo /Users/jamesalford/Library/Developer/Xcode/DerivedData/NotedCore-ftviuoyqruynvwbzbngenbwxsygv/Build/Products/Debug-watchsimulator/NotedWatch_Watch_App.swiftmodule/Project/arm64-apple-watchos-simulator.swiftsourceinfo

SwiftMergeGeneratedHeaders /Users/jamesalford/Library/Developer/Xcode/DerivedData/NotedCore-ftviuoyqruynvwbzbngenbwxsygv/Build/Intermediates.noindex/GeneratedModuleMaps-iphonesimulator/RealModule-Swift.h /Users/jamesalford/Library/Developer/Xcode/DerivedData/NotedCore-ftviuoyqruynvwbzbngenbwxsygv/Build/Intermediates.noindex/swift-numerics.build/Debug-iphonesimulator/RealModule.build/Objects-normal/arm64/RealModule-Swift.h (in target 'RealModule' from project 'swift-numerics')
    cd /Users/jamesalford/Library/Developer/Xcode/DerivedData/NotedCore-ftviuoyqruynvwbzbngenbwxsygv/SourcePackages/checkouts/swift-numerics
    builtin-swiftHeaderTool -arch arm64 /Users/jamesalford/Library/Developer/Xcode/DerivedData/NotedCore-ftviuoyqruynvwbzbngenbwxsygv/Build/Intermediates.noindex/swift-numerics.build/Debug-iphonesimulator/RealModule.build/Objects-normal/arm64/RealModule-Swift.h -o /Users/jamesalford/Library/Developer/Xcode/DerivedData/NotedCore-ftviuoyqruynvwbzbngenbwxsygv/Build/Intermediates.noindex/GeneratedModuleMaps-iphonesimulator/RealModule-Swift.h

Copy /Users/jamesalford/Library/Developer/Xcode/DerivedData/NotedCore-ftviuoyqruynvwbzbngenbwxsygv/Build/Products/Debug-iphonesimulator/RealModule.swiftmodule/arm64-apple-ios-simulator.swiftmodule /Users/jamesalford/Library/Developer/Xcode/DerivedData/NotedCore-ftviuoyqruynvwbzbngenbwxsygv/Build/Intermediates.noindex/swift-numerics.build/Debug-iphonesimulator/RealModule.build/Objects-normal/arm64/RealModule.swiftmodule (in target 'RealModule' from project 'swift-numerics')
    cd /Users/jamesalford/Library/Developer/Xcode/DerivedData/NotedCore-ftviuoyqruynvwbzbngenbwxsygv/SourcePackages/checkouts/swift-numerics
    builtin-copy -exclude .DS_Store -exclude CVS -exclude .svn -exclude .git -exclude .hg -resolve-src-symlinks -rename /Users/jamesalford/Library/Developer/Xcode/DerivedData/NotedCore-ftviuoyqruynvwbzbngenbwxsygv/Build/Intermediates.noindex/swift-numerics.build/Debug-iphonesimulator/RealModule.build/Objects-normal/arm64/RealModule.swiftmodule /Users/jamesalford/Library/Developer/Xcode/DerivedData/NotedCore-ftviuoyqruynvwbzbngenbwxsygv/Build/Products/Debug-iphonesimulator/RealModule.swiftmodule/arm64-apple-ios-simulator.swiftmodule

Copy /Users/jamesalford/Library/Developer/Xcode/DerivedData/NotedCore-ftviuoyqruynvwbzbngenbwxsygv/Build/Products/Debug-iphonesimulator/RealModule.swiftmodule/arm64-apple-ios-simulator.swiftdoc /Users/jamesalford/Library/Developer/Xcode/DerivedData/NotedCore-ftviuoyqruynvwbzbngenbwxsygv/Build/Intermediates.noindex/swift-numerics.build/Debug-iphonesimulator/RealModule.build/Objects-normal/arm64/RealModule.swiftdoc (in target 'RealModule' from project 'swift-numerics')
    cd /Users/jamesalford/Library/Developer/Xcode/DerivedData/NotedCore-ftviuoyqruynvwbzbngenbwxsygv/SourcePackages/checkouts/swift-numerics
    builtin-copy -exclude .DS_Store -exclude CVS -exclude .svn -exclude .git -exclude .hg -resolve-src-symlinks -rename /Users/jamesalford/Library/Developer/Xcode/DerivedData/NotedCore-ftviuoyqruynvwbzbngenbwxsygv/Build/Intermediates.noindex/swift-numerics.build/Debug-iphonesimulator/RealModule.build/Objects-normal/arm64/RealModule.swiftdoc /Users/jamesalford/Library/Developer/Xcode/DerivedData/NotedCore-ftviuoyqruynvwbzbngenbwxsygv/Build/Products/Debug-iphonesimulator/RealModule.swiftmodule/arm64-apple-ios-simulator.swiftdoc

Copy /Users/jamesalford/Library/Developer/Xcode/DerivedData/NotedCore-ftviuoyqruynvwbzbngenbwxsygv/Build/Products/Debug-iphonesimulator/RealModule.swiftmodule/arm64-apple-ios-simulator.abi.json /Users/jamesalford/Library/Developer/Xcode/DerivedData/NotedCore-ftviuoyqruynvwbzbngenbwxsygv/Build/Intermediates.noindex/swift-numerics.build/Debug-iphonesimulator/RealModule.build/Objects-normal/arm64/RealModule.abi.json (in target 'RealModule' from project 'swift-numerics')
    cd /Users/jamesalford/Library/Developer/Xcode/DerivedData/NotedCore-ftviuoyqruynvwbzbngenbwxsygv/SourcePackages/checkouts/swift-numerics
    builtin-copy -exclude .DS_Store -exclude CVS -exclude .svn -exclude .git -exclude .hg -resolve-src-symlinks -rename /Users/jamesalford/Library/Developer/Xcode/DerivedData/NotedCore-ftviuoyqruynvwbzbngenbwxsygv/Build/Intermediates.noindex/swift-numerics.build/Debug-iphonesimulator/RealModule.build/Objects-normal/arm64/RealModule.abi.json /Users/jamesalford/Library/Developer/Xcode/DerivedData/NotedCore-ftviuoyqruynvwbzbngenbwxsygv/Build/Products/Debug-iphonesimulator/RealModule.swiftmodule/arm64-apple-ios-simulator.abi.json

Copy /Users/jamesalford/Library/Developer/Xcode/DerivedData/NotedCore-ftviuoyqruynvwbzbngenbwxsygv/Build/Products/Debug-iphonesimulator/RealModule.swiftmodule/Project/arm64-apple-ios-simulator.swiftsourceinfo /Users/jamesalford/Library/Developer/Xcode/DerivedData/NotedCore-ftviuoyqruynvwbzbngenbwxsygv/Build/Intermediates.noindex/swift-numerics.build/Debug-iphonesimulator/RealModule.build/Objects-normal/arm64/RealModule.swiftsourceinfo (in target 'RealModule' from project 'swift-numerics')
    cd /Users/jamesalford/Library/Developer/Xcode/DerivedData/NotedCore-ftviuoyqruynvwbzbngenbwxsygv/SourcePackages/checkouts/swift-numerics
    builtin-copy -exclude .DS_Store -exclude CVS -exclude .svn -exclude .git -exclude .hg -resolve-src-symlinks -rename /Users/jamesalford/Library/Developer/Xcode/DerivedData/NotedCore-ftviuoyqruynvwbzbngenbwxsygv/Build/Intermediates.noindex/swift-numerics.build/Debug-iphonesimulator/RealModule.build/Objects-normal/arm64/RealModule.swiftsourceinfo /Users/jamesalford/Library/Developer/Xcode/DerivedData/NotedCore-ftviuoyqruynvwbzbngenbwxsygv/Build/Products/Debug-iphonesimulator/RealModule.swiftmodule/Project/arm64-apple-ios-simulator.swiftsourceinfo

CompileC /Users/jamesalford/Library/Developer/Xcode/DerivedData/NotedCore-ftviuoyqruynvwbzbngenbwxsygv/Build/Intermediates.noindex/mlx-swift.build/Debug-iphonesimulator/Cmlx.build/Objects-normal/arm64/transforms_impl.o /Users/jamesalford/Library/Developer/Xcode/DerivedData/NotedCore-ftviuoyqruynvwbzbngenbwxsygv/SourcePackages/checkouts/mlx-swift/Source/Cmlx/mlx-c/mlx/c/transforms_impl.cpp normal arm64 c++ com.apple.compilers.llvm.clang.1_0.compiler (in target 'Cmlx' from project 'mlx-swift')
    cd /Users/jamesalford/Documents/NotedCore/NotedCore.xcodeproj
    
    Using response file: /Users/jamesalford/Library/Developer/Xcode/DerivedData/NotedCore-ftviuoyqruynvwbzbngenbwxsygv/Build/Intermediates.noindex/mlx-swift.build/Debug-iphonesimulator/Cmlx.build/Objects-normal/arm64/82b82416624d2658e5098eb0a28c15c5-common-args.resp
    
    /Applications/Xcode.app/Contents/Developer/Toolchains/XcodeDefault.xctoolchain/usr/bin/clang -x c++ -ivfsstatcache /Users/jamesalford/Library/Developer/Xcode/DerivedData/SDKStatCaches.noindex/iphonesimulator26.0-23A339-3885c01c3e6b6a337905948deab2002e26257891a6c027eb51374368541b8346.sdkstatcache -fmessage-length\=0 -fdiagnostics-show-note-include-stack -fmacro-backtrace-limit\=0 -fno-color-diagnostics -fmodules-prune-interval\=86400 -fmodules-prune-after\=345600 -fbuild-session-file\=/Users/jamesalford/Library/Developer/Xcode/DerivedData/ModuleCache.noindex/Session.modulevalidation -fmodules-validate-once-per-build-session -Wnon-modular-include-in-framework-module -Werror\=non-modular-include-in-framework-module -Wno-trigraphs -Wno-missing-field-initializers -Wno-missing-prototypes -Wno-return-type -Wno-non-virtual-dtor -Wno-overloaded-virtual -Wno-exit-time-destructors -Wno-missing-braces -Wparentheses -Wswitch -Wno-unused-function -Wno-unused-label -Wno-unused-parameter -Wno-unused-variable -Wunused-value -Wno-empty-body -Wno-uninitialized -Wno-unknown-pragmas -w -Wno-shadow -Wno-four-char-constants -Wno-conversion -Wno-constant-conversion -Wno-int-conversion -Wno-bool-conversion -Wno-enum-conversion -Wno-float-conversion -Wno-non-literal-null-conversion -Wno-objc-literal-conversion -Wshorten-64-to-32 -Wno-newline-eof -Wno-c++11-extensions -Wno-implicit-fallthrough -fstrict-aliasing -Wdeprecated-declarations -Winvalid-offsetof -Wno-sign-conversion -Wno-infinite-recursion -Wno-move -Wno-comma -Wno-block-capture-autoreleasing -Wno-strict-prototypes -Wno-range-loop-analysis -Wno-semicolon-before-method-body -index-store-path /Users/jamesalford/Library/Developer/Xcode/DerivedData/NotedCore-ftviuoyqruynvwbzbngenbwxsygv/Index.noindex/DataStore @/Users/jamesalford/Library/Developer/Xcode/DerivedData/NotedCore-ftviuoyqruynvwbzbngenbwxsygv/Build/Intermediates.noindex/mlx-swift.build/Debug-iphonesimulator/Cmlx.build/Objects-normal/arm64/82b82416624d2658e5098eb0a28c15c5-common-args.resp -MMD -MT dependencies -MF /Users/jamesalford/Library/Developer/Xcode/DerivedData/NotedCore-ftviuoyqruynvwbzbngenbwxsygv/Build/Intermediates.noindex/mlx-swift.build/Debug-iphonesimulator/Cmlx.build/Objects-normal/arm64/transforms_impl.d --serialize-diagnostics /Users/jamesalford/Library/Developer/Xcode/DerivedData/NotedCore-ftviuoyqruynvwbzbngenbwxsygv/Build/Intermediates.noindex/mlx-swift.build/Debug-iphonesimulator/Cmlx.build/Objects-normal/arm64/transforms_impl.dia -c /Users/jamesalford/Library/Developer/Xcode/DerivedData/NotedCore-ftviuoyqruynvwbzbngenbwxsygv/SourcePackages/checkouts/mlx-swift/Source/Cmlx/mlx-c/mlx/c/transforms_impl.cpp -o /Users/jamesalford/Library/Developer/Xcode/DerivedData/NotedCore-ftviuoyqruynvwbzbngenbwxsygv/Build/Intermediates.noindex/mlx-swift.build/Debug-iphonesimulator/Cmlx.build/Objects-normal/arm64/transforms_impl.o -index-unit-output-path /mlx-swift.build/Debug-iphonesimulator/Cmlx.build/Objects-normal/arm64/transforms_impl.o

CompileC /Users/jamesalford/Library/Developer/Xcode/DerivedData/NotedCore-ftviuoyqruynvwbzbngenbwxsygv/Build/Intermediates.noindex/mlx-swift.build/Debug-iphonesimulator/Cmlx.build/Objects-normal/arm64/transforms-d568a29c67fd050b3378f5dc14c77837.o /Users/jamesalford/Library/Developer/Xcode/DerivedData/NotedCore-ftviuoyqruynvwbzbngenbwxsygv/SourcePackages/checkouts/mlx-swift/Source/Cmlx/mlx-c/mlx/c/transforms.cpp normal arm64 c++ com.apple.compilers.llvm.clang.1_0.compiler (in target 'Cmlx' from project 'mlx-swift')
    cd /Users/jamesalford/Documents/NotedCore/NotedCore.xcodeproj
    
    Using response file: /Users/jamesalford/Library/Developer/Xcode/DerivedData/NotedCore-ftviuoyqruynvwbzbngenbwxsygv/Build/Intermediates.noindex/mlx-swift.build/Debug-iphonesimulator/Cmlx.build/Objects-normal/arm64/82b82416624d2658e5098eb0a28c15c5-common-args.resp
    
    /Applications/Xcode.app/Contents/Developer/Toolchains/XcodeDefault.xctoolchain/usr/bin/clang -x c++ -ivfsstatcache /Users/jamesalford/Library/Developer/Xcode/DerivedData/SDKStatCaches.noindex/iphonesimulator26.0-23A339-3885c01c3e6b6a337905948deab2002e26257891a6c027eb51374368541b8346.sdkstatcache -fmessage-length\=0 -fdiagnostics-show-note-include-stack -fmacro-backtrace-limit\=0 -fno-color-diagnostics -fmodules-prune-interval\=86400 -fmodules-prune-after\=345600 -fbuild-session-file\=/Users/jamesalford/Library/Developer/Xcode/DerivedData/ModuleCache.noindex/Session.modulevalidation -fmodules-validate-once-per-build-session -Wnon-modular-include-in-framework-module -Werror\=non-modular-include-in-framework-module -Wno-trigraphs -Wno-missing-field-initializers -Wno-missing-prototypes -Wno-return-type -Wno-non-virtual-dtor -Wno-overloaded-virtual -Wno-exit-time-destructors -Wno-missing-braces -Wparentheses -Wswitch -Wno-unused-function -Wno-unused-label -Wno-unused-parameter -Wno-unused-variable -Wunused-value -Wno-empty-body -Wno-uninitialized -Wno-unknown-pragmas -w -Wno-shadow -Wno-four-char-constants -Wno-conversion -Wno-constant-conversion -Wno-int-conversion -Wno-bool-conversion -Wno-enum-conversion -Wno-float-conversion -Wno-non-literal-null-conversion -Wno-objc-literal-conversion -Wshorten-64-to-32 -Wno-newline-eof -Wno-c++11-extensions -Wno-implicit-fallthrough -fstrict-aliasing -Wdeprecated-declarations -Winvalid-offsetof -Wno-sign-conversion -Wno-infinite-recursion -Wno-move -Wno-comma -Wno-block-capture-autoreleasing -Wno-strict-prototypes -Wno-range-loop-analysis -Wno-semicolon-before-method-body -index-store-path /Users/jamesalford/Library/Developer/Xcode/DerivedData/NotedCore-ftviuoyqruynvwbzbngenbwxsygv/Index.noindex/DataStore @/Users/jamesalford/Library/Developer/Xcode/DerivedData/NotedCore-ftviuoyqruynvwbzbngenbwxsygv/Build/Intermediates.noindex/mlx-swift.build/Debug-iphonesimulator/Cmlx.build/Objects-normal/arm64/82b82416624d2658e5098eb0a28c15c5-common-args.resp -MMD -MT dependencies -MF /Users/jamesalford/Library/Developer/Xcode/DerivedData/NotedCore-ftviuoyqruynvwbzbngenbwxsygv/Build/Intermediates.noindex/mlx-swift.build/Debug-iphonesimulator/Cmlx.build/Objects-normal/arm64/transforms-d568a29c67fd050b3378f5dc14c77837.d --serialize-diagnostics /Users/jamesalford/Library/Developer/Xcode/DerivedData/NotedCore-ftviuoyqruynvwbzbngenbwxsygv/Build/Intermediates.noindex/mlx-swift.build/Debug-iphonesimulator/Cmlx.build/Objects-normal/arm64/transforms-d568a29c67fd050b3378f5dc14c77837.dia -c /Users/jamesalford/Library/Developer/Xcode/DerivedData/NotedCore-ftviuoyqruynvwbzbngenbwxsygv/SourcePackages/checkouts/mlx-swift/Source/Cmlx/mlx-c/mlx/c/transforms.cpp -o /Users/jamesalford/Library/Developer/Xcode/DerivedData/NotedCore-ftviuoyqruynvwbzbngenbwxsygv/Build/Intermediates.noindex/mlx-swift.build/Debug-iphonesimulator/Cmlx.build/Objects-normal/arm64/transforms-d568a29c67fd050b3378f5dc14c77837.o -index-unit-output-path /mlx-swift.build/Debug-iphonesimulator/Cmlx.build/Objects-normal/arm64/transforms-d568a29c67fd050b3378f5dc14c77837.o

CompileC /Users/jamesalford/Library/Developer/Xcode/DerivedData/NotedCore-ftviuoyqruynvwbzbngenbwxsygv/Build/Intermediates.noindex/mlx-swift.build/Debug-iphonesimulator/Cmlx.build/Objects-normal/arm64/threefry.o /Users/jamesalford/Library/Developer/Xcode/DerivedData/NotedCore-ftviuoyqruynvwbzbngenbwxsygv/SourcePackages/checkouts/mlx-swift/Source/Cmlx/mlx/mlx/backend/cpu/threefry.cpp normal arm64 c++ com.apple.compilers.llvm.clang.1_0.compiler (in target 'Cmlx' from project 'mlx-swift')
    cd /Users/jamesalford/Documents/NotedCore/NotedCore.xcodeproj
    
    Using response file: /Users/jamesalford/Library/Developer/Xcode/DerivedData/NotedCore-ftviuoyqruynvwbzbngenbwxsygv/Build/Intermediates.noindex/mlx-swift.build/Debug-iphonesimulator/Cmlx.build/Objects-normal/arm64/82b82416624d2658e5098eb0a28c15c5-common-args.resp
    
    /Applications/Xcode.app/Contents/Developer/Toolchains/XcodeDefault.xctoolchain/usr/bin/clang -x c++ -ivfsstatcache /Users/jamesalford/Library/Developer/Xcode/DerivedData/SDKStatCaches.noindex/iphonesimulator26.0-23A339-3885c01c3e6b6a337905948deab2002e26257891a6c027eb51374368541b8346.sdkstatcache -fmessage-length\=0 -fdiagnostics-show-note-include-stack -fmacro-backtrace-limit\=0 -fno-color-diagnostics -fmodules-prune-interval\=86400 -fmodules-prune-after\=345600 -fbuild-session-file\=/Users/jamesalford/Library/Developer/Xcode/DerivedData/ModuleCache.noindex/Session.modulevalidation -fmodules-validate-once-per-build-session -Wnon-modular-include-in-framework-module -Werror\=non-modular-include-in-framework-module -Wno-trigraphs -Wno-missing-field-initializers -Wno-missing-prototypes -Wno-return-type -Wno-non-virtual-dtor -Wno-overloaded-virtual -Wno-exit-time-destructors -Wno-missing-braces -Wparentheses -Wswitch -Wno-unused-function -Wno-unused-label -Wno-unused-parameter -Wno-unused-variable -Wunused-value -Wno-empty-body -Wno-uninitialized -Wno-unknown-pragmas -w -Wno-shadow -Wno-four-char-constants -Wno-conversion -Wno-constant-conversion -Wno-int-conversion -Wno-bool-conversion -Wno-enum-conversion -Wno-float-conversion -Wno-non-literal-null-conversion -Wno-objc-literal-conversion -Wshorten-64-to-32 -Wno-newline-eof -Wno-c++11-extensions -Wno-implicit-fallthrough -fstrict-aliasing -Wdeprecated-declarations -Winvalid-offsetof -Wno-sign-conversion -Wno-infinite-recursion -Wno-move -Wno-comma -Wno-block-capture-autoreleasing -Wno-strict-prototypes -Wno-range-loop-analysis -Wno-semicolon-before-method-body -index-store-path /Users/jamesalford/Library/Developer/Xcode/DerivedData/NotedCore-ftviuoyqruynvwbzbngenbwxsygv/Index.noindex/DataStore @/Users/jamesalford/Library/Developer/Xcode/DerivedData/NotedCore-ftviuoyqruynvwbzbngenbwxsygv/Build/Intermediates.noindex/mlx-swift.build/Debug-iphonesimulator/Cmlx.build/Objects-normal/arm64/82b82416624d2658e5098eb0a28c15c5-common-args.resp -MMD -MT dependencies -MF /Users/jamesalford/Library/Developer/Xcode/DerivedData/NotedCore-ftviuoyqruynvwbzbngenbwxsygv/Build/Intermediates.noindex/mlx-swift.build/Debug-iphonesimulator/Cmlx.build/Objects-normal/arm64/threefry.d --serialize-diagnostics /Users/jamesalford/Library/Developer/Xcode/DerivedData/NotedCore-ftviuoyqruynvwbzbngenbwxsygv/Build/Intermediates.noindex/mlx-swift.build/Debug-iphonesimulator/Cmlx.build/Objects-normal/arm64/threefry.dia -c /Users/jamesalford/Library/Developer/Xcode/DerivedData/NotedCore-ftviuoyqruynvwbzbngenbwxsygv/SourcePackages/checkouts/mlx-swift/Source/Cmlx/mlx/mlx/backend/cpu/threefry.cpp -o /Users/jamesalford/Library/Developer/Xcode/DerivedData/NotedCore-ftviuoyqruynvwbzbngenbwxsygv/Build/Intermediates.noindex/mlx-swift.build/Debug-iphonesimulator/Cmlx.build/Objects-normal/arm64/threefry.o -index-unit-output-path /mlx-swift.build/Debug-iphonesimulator/Cmlx.build/Objects-normal/arm64/threefry.o

CompileC /Users/jamesalford/Library/Developer/Xcode/DerivedData/NotedCore-ftviuoyqruynvwbzbngenbwxsygv/Build/Intermediates.noindex/mlx-swift.build/Debug-iphonesimulator/Cmlx.build/Objects-normal/arm64/ternary_ops.o /Users/jamesalford/Library/Developer/Xcode/DerivedData/NotedCore-ftviuoyqruynvwbzbngenbwxsygv/SourcePackages/checkouts/mlx-swift/Source/Cmlx/mlx-generated/ternary_ops.cpp normal arm64 c++ com.apple.compilers.llvm.clang.1_0.compiler (in target 'Cmlx' from project 'mlx-swift')
    cd /Users/jamesalford/Documents/NotedCore/NotedCore.xcodeproj
    
    Using response file: /Users/jamesalford/Library/Developer/Xcode/DerivedData/NotedCore-ftviuoyqruynvwbzbngenbwxsygv/Build/Intermediates.noindex/mlx-swift.build/Debug-iphonesimulator/Cmlx.build/Objects-normal/arm64/82b82416624d2658e5098eb0a28c15c5-common-args.resp
    
    /Applications/Xcode.app/Contents/Developer/Toolchains/XcodeDefault.xctoolchain/usr/bin/clang -x c++ -ivfsstatcache /Users/jamesalford/Library/Developer/Xcode/DerivedData/SDKStatCaches.noindex/iphonesimulator26.0-23A339-3885c01c3e6b6a337905948deab2002e26257891a6c027eb51374368541b8346.sdkstatcache -fmessage-length\=0 -fdiagnostics-show-note-include-stack -fmacro-backtrace-limit\=0 -fno-color-diagnostics -fmodules-prune-interval\=86400 -fmodules-prune-after\=345600 -fbuild-session-file\=/Users/jamesalford/Library/Developer/Xcode/DerivedData/ModuleCache.noindex/Session.modulevalidation -fmodules-validate-once-per-build-session -Wnon-modular-include-in-framework-module -Werror\=non-modular-include-in-framework-module -Wno-trigraphs -Wno-missing-field-initializers -Wno-missing-prototypes -Wno-return-type -Wno-non-virtual-dtor -Wno-overloaded-virtual -Wno-exit-time-destructors -Wno-missing-braces -Wparentheses -Wswitch -Wno-unused-function -Wno-unused-label -Wno-unused-parameter -Wno-unused-variable -Wunused-value -Wno-empty-body -Wno-uninitialized -Wno-unknown-pragmas -w -Wno-shadow -Wno-four-char-constants -Wno-conversion -Wno-constant-conversion -Wno-int-conversion -Wno-bool-conversion -Wno-enum-conversion -Wno-float-conversion -Wno-non-literal-null-conversion -Wno-objc-literal-conversion -Wshorten-64-to-32 -Wno-newline-eof -Wno-c++11-extensions -Wno-implicit-fallthrough -fstrict-aliasing -Wdeprecated-declarations -Winvalid-offsetof -Wno-sign-conversion -Wno-infinite-recursion -Wno-move -Wno-comma -Wno-block-capture-autoreleasing -Wno-strict-prototypes -Wno-range-loop-analysis -Wno-semicolon-before-method-body -index-store-path /Users/jamesalford/Library/Developer/Xcode/DerivedData/NotedCore-ftviuoyqruynvwbzbngenbwxsygv/Index.noindex/DataStore @/Users/jamesalford/Library/Developer/Xcode/DerivedData/NotedCore-ftviuoyqruynvwbzbngenbwxsygv/Build/Intermediates.noindex/mlx-swift.build/Debug-iphonesimulator/Cmlx.build/Objects-normal/arm64/82b82416624d2658e5098eb0a28c15c5-common-args.resp -MMD -MT dependencies -MF /Users/jamesalford/Library/Developer/Xcode/DerivedData/NotedCore-ftviuoyqruynvwbzbngenbwxsygv/Build/Intermediates.noindex/mlx-swift.build/Debug-iphonesimulator/Cmlx.build/Objects-normal/arm64/ternary_ops.d --serialize-diagnostics /Users/jamesalford/Library/Developer/Xcode/DerivedData/NotedCore-ftviuoyqruynvwbzbngenbwxsygv/Build/Intermediates.noindex/mlx-swift.build/Debug-iphonesimulator/Cmlx.build/Objects-normal/arm64/ternary_ops.dia -c /Users/jamesalford/Library/Developer/Xcode/DerivedData/NotedCore-ftviuoyqruynvwbzbngenbwxsygv/SourcePackages/checkouts/mlx-swift/Source/Cmlx/mlx-generated/ternary_ops.cpp -o /Users/jamesalford/Library/Developer/Xcode/DerivedData/NotedCore-ftviuoyqruynvwbzbngenbwxsygv/Build/Intermediates.noindex/mlx-swift.build/Debug-iphonesimulator/Cmlx.build/Objects-normal/arm64/ternary_ops.o -index-unit-output-path /mlx-swift.build/Debug-iphonesimulator/Cmlx.build/Objects-normal/arm64/ternary_ops.o

CompileC /Users/jamesalford/Library/Developer/Xcode/DerivedData/NotedCore-ftviuoyqruynvwbzbngenbwxsygv/Build/Intermediates.noindex/mlx-swift.build/Debug-iphonesimulator/Cmlx.build/Objects-normal/arm64/ternary-a8cba1717cd36e14dfc765f5bd0f9e9d.o /Users/jamesalford/Library/Developer/Xcode/DerivedData/NotedCore-ftviuoyqruynvwbzbngenbwxsygv/SourcePackages/checkouts/mlx-swift/Source/Cmlx/mlx-generated/ternary.cpp normal arm64 c++ com.apple.compilers.llvm.clang.1_0.compiler (in target 'Cmlx' from project 'mlx-swift')
    cd /Users/jamesalford/Documents/NotedCore/NotedCore.xcodeproj
    
    Using response file: /Users/jamesalford/Library/Developer/Xcode/DerivedData/NotedCore-ftviuoyqruynvwbzbngenbwxsygv/Build/Intermediates.noindex/mlx-swift.build/Debug-iphonesimulator/Cmlx.build/Objects-normal/arm64/82b82416624d2658e5098eb0a28c15c5-common-args.resp
    
    /Applications/Xcode.app/Contents/Developer/Toolchains/XcodeDefault.xctoolchain/usr/bin/clang -x c++ -ivfsstatcache /Users/jamesalford/Library/Developer/Xcode/DerivedData/SDKStatCaches.noindex/iphonesimulator26.0-23A339-3885c01c3e6b6a337905948deab2002e26257891a6c027eb51374368541b8346.sdkstatcache -fmessage-length\=0 -fdiagnostics-show-note-include-stack -fmacro-backtrace-limit\=0 -fno-color-diagnostics -fmodules-prune-interval\=86400 -fmodules-prune-after\=345600 -fbuild-session-file\=/Users/jamesalford/Library/Developer/Xcode/DerivedData/ModuleCache.noindex/Session.modulevalidation -fmodules-validate-once-per-build-session -Wnon-modular-include-in-framework-module -Werror\=non-modular-include-in-framework-module -Wno-trigraphs -Wno-missing-field-initializers -Wno-missing-prototypes -Wno-return-type -Wno-non-virtual-dtor -Wno-overloaded-virtual -Wno-exit-time-destructors -Wno-missing-braces -Wparentheses -Wswitch -Wno-unused-function -Wno-unused-label -Wno-unused-parameter -Wno-unused-variable -Wunused-value -Wno-empty-body -Wno-uninitialized -Wno-unknown-pragmas -w -Wno-shadow -Wno-four-char-constants -Wno-conversion -Wno-constant-conversion -Wno-int-conversion -Wno-bool-conversion -Wno-enum-conversion -Wno-float-conversion -Wno-non-literal-null-conversion -Wno-objc-literal-conversion -Wshorten-64-to-32 -Wno-newline-eof -Wno-c++11-extensions -Wno-implicit-fallthrough -fstrict-aliasing -Wdeprecated-declarations -Winvalid-offsetof -Wno-sign-conversion -Wno-infinite-recursion -Wno-move -Wno-comma -Wno-block-capture-autoreleasing -Wno-strict-prototypes -Wno-range-loop-analysis -Wno-semicolon-before-method-body -index-store-path /Users/jamesalford/Library/Developer/Xcode/DerivedData/NotedCore-ftviuoyqruynvwbzbngenbwxsygv/Index.noindex/DataStore @/Users/jamesalford/Library/Developer/Xcode/DerivedData/NotedCore-ftviuoyqruynvwbzbngenbwxsygv/Build/Intermediates.noindex/mlx-swift.build/Debug-iphonesimulator/Cmlx.build/Objects-normal/arm64/82b82416624d2658e5098eb0a28c15c5-common-args.resp -MMD -MT dependencies -MF /Users/jamesalford/Library/Developer/Xcode/DerivedData/NotedCore-ftviuoyqruynvwbzbngenbwxsygv/Build/Intermediates.noindex/mlx-swift.build/Debug-iphonesimulator/Cmlx.build/Objects-normal/arm64/ternary-a8cba1717cd36e14dfc765f5bd0f9e9d.d --serialize-diagnostics /Users/jamesalford/Library/Developer/Xcode/DerivedData/NotedCore-ftviuoyqruynvwbzbngenbwxsygv/Build/Intermediates.noindex/mlx-swift.build/Debug-iphonesimulator/Cmlx.build/Objects-normal/arm64/ternary-a8cba1717cd36e14dfc765f5bd0f9e9d.dia -c /Users/jamesalford/Library/Developer/Xcode/DerivedData/NotedCore-ftviuoyqruynvwbzbngenbwxsygv/SourcePackages/checkouts/mlx-swift/Source/Cmlx/mlx-generated/ternary.cpp -o /Users/jamesalford/Library/Developer/Xcode/DerivedData/NotedCore-ftviuoyqruynvwbzbngenbwxsygv/Build/Intermediates.noindex/mlx-swift.build/Debug-iphonesimulator/Cmlx.build/Objects-normal/arm64/ternary-a8cba1717cd36e14dfc765f5bd0f9e9d.o -index-unit-output-path /mlx-swift.build/Debug-iphonesimulator/Cmlx.build/Objects-normal/arm64/ternary-a8cba1717cd36e14dfc765f5bd0f9e9d.o

CompileC /Users/jamesalford/Library/Developer/Xcode/DerivedData/NotedCore-ftviuoyqruynvwbzbngenbwxsygv/Build/Intermediates.noindex/mlx-swift.build/Debug-iphonesimulator/Cmlx.build/Objects-normal/arm64/ternary-52077967680ce4f124331257810780db.o /Users/jamesalford/Library/Developer/Xcode/DerivedData/NotedCore-ftviuoyqruynvwbzbngenbwxsygv/SourcePackages/checkouts/mlx-swift/Source/Cmlx/mlx/mlx/backend/metal/ternary.cpp normal arm64 c++ com.apple.compilers.llvm.clang.1_0.compiler (in target 'Cmlx' from project 'mlx-swift')
    cd /Users/jamesalford/Documents/NotedCore/NotedCore.xcodeproj
    
    Using response file: /Users/jamesalford/Library/Developer/Xcode/DerivedData/NotedCore-ftviuoyqruynvwbzbngenbwxsygv/Build/Intermediates.noindex/mlx-swift.build/Debug-iphonesimulator/Cmlx.build/Objects-normal/arm64/82b82416624d2658e5098eb0a28c15c5-common-args.resp
    
    /Applications/Xcode.app/Contents/Developer/Toolchains/XcodeDefault.xctoolchain/usr/bin/clang -x c++ -ivfsstatcache /Users/jamesalford/Library/Developer/Xcode/DerivedData/SDKStatCaches.noindex/iphonesimulator26.0-23A339-3885c01c3e6b6a337905948deab2002e26257891a6c027eb51374368541b8346.sdkstatcache -fmessage-length\=0 -fdiagnostics-show-note-include-stack -fmacro-backtrace-limit\=0 -fno-color-diagnostics -fmodules-prune-interval\=86400 -fmodules-prune-after\=345600 -fbuild-session-file\=/Users/jamesalford/Library/Developer/Xcode/DerivedData/ModuleCache.noindex/Session.modulevalidation -fmodules-validate-once-per-build-session -Wnon-modular-include-in-framework-module -Werror\=non-modular-include-in-framework-module -Wno-trigraphs -Wno-missing-field-initializers -Wno-missing-prototypes -Wno-return-type -Wno-non-virtual-dtor -Wno-overloaded-virtual -Wno-exit-time-destructors -Wno-missing-braces -Wparentheses -Wswitch -Wno-unused-function -Wno-unused-label -Wno-unused-parameter -Wno-unused-variable -Wunused-value -Wno-empty-body -Wno-uninitialized -Wno-unknown-pragmas -w -Wno-shadow -Wno-four-char-constants -Wno-conversion -Wno-constant-conversion -Wno-int-conversion -Wno-bool-conversion -Wno-enum-conversion -Wno-float-conversion -Wno-non-literal-null-conversion -Wno-objc-literal-conversion -Wshorten-64-to-32 -Wno-newline-eof -Wno-c++11-extensions -Wno-implicit-fallthrough -fstrict-aliasing -Wdeprecated-declarations -Winvalid-offsetof -Wno-sign-conversion -Wno-infinite-recursion -Wno-move -Wno-comma -Wno-block-capture-autoreleasing -Wno-strict-prototypes -Wno-range-loop-analysis -Wno-semicolon-before-method-body -index-store-path /Users/jamesalford/Library/Developer/Xcode/DerivedData/NotedCore-ftviuoyqruynvwbzbngenbwxsygv/Index.noindex/DataStore @/Users/jamesalford/Library/Developer/Xcode/DerivedData/NotedCore-ftviuoyqruynvwbzbngenbwxsygv/Build/Intermediates.noindex/mlx-swift.build/Debug-iphonesimulator/Cmlx.build/Objects-normal/arm64/82b82416624d2658e5098eb0a28c15c5-common-args.resp -MMD -MT dependencies -MF /Users/jamesalford/Library/Developer/Xcode/DerivedData/NotedCore-ftviuoyqruynvwbzbngenbwxsygv/Build/Intermediates.noindex/mlx-swift.build/Debug-iphonesimulator/Cmlx.build/Objects-normal/arm64/ternary-52077967680ce4f124331257810780db.d --serialize-diagnostics /Users/jamesalford/Library/Developer/Xcode/DerivedData/NotedCore-ftviuoyqruynvwbzbngenbwxsygv/Build/Intermediates.noindex/mlx-swift.build/Debug-iphonesimulator/Cmlx.build/Objects-normal/arm64/ternary-52077967680ce4f124331257810780db.dia -c /Users/jamesalford/Library/Developer/Xcode/DerivedData/NotedCore-ftviuoyqruynvwbzbngenbwxsygv/SourcePackages/checkouts/mlx-swift/Source/Cmlx/mlx/mlx/backend/metal/ternary.cpp -o /Users/jamesalford/Library/Developer/Xcode/DerivedData/NotedCore-ftviuoyqruynvwbzbngenbwxsygv/Build/Intermediates.noindex/mlx-swift.build/Debug-iphonesimulator/Cmlx.build/Objects-normal/arm64/ternary-52077967680ce4f124331257810780db.o -index-unit-output-path /mlx-swift.build/Debug-iphonesimulator/Cmlx.build/Objects-normal/arm64/ternary-52077967680ce4f124331257810780db.o

CompileC /Users/jamesalford/Library/Developer/Xcode/DerivedData/NotedCore-ftviuoyqruynvwbzbngenbwxsygv/Build/Intermediates.noindex/mlx-swift.build/Debug-iphonesimulator/Cmlx.build/Objects-normal/arm64/svd.o /Users/jamesalford/Library/Developer/Xcode/DerivedData/NotedCore-ftviuoyqruynvwbzbngenbwxsygv/SourcePackages/checkouts/mlx-swift/Source/Cmlx/mlx/mlx/backend/cpu/svd.cpp normal arm64 c++ com.apple.compilers.llvm.clang.1_0.compiler (in target 'Cmlx' from project 'mlx-swift')
    cd /Users/jamesalford/Documents/NotedCore/NotedCore.xcodeproj
    
    Using response file: /Users/jamesalford/Library/Developer/Xcode/DerivedData/NotedCore-ftviuoyqruynvwbzbngenbwxsygv/Build/Intermediates.noindex/mlx-swift.build/Debug-iphonesimulator/Cmlx.build/Objects-normal/arm64/82b82416624d2658e5098eb0a28c15c5-common-args.resp
    
    /Applications/Xcode.app/Contents/Developer/Toolchains/XcodeDefault.xctoolchain/usr/bin/clang -x c++ -ivfsstatcache /Users/jamesalford/Library/Developer/Xcode/DerivedData/SDKStatCaches.noindex/iphonesimulator26.0-23A339-3885c01c3e6b6a337905948deab2002e26257891a6c027eb51374368541b8346.sdkstatcache -fmessage-length\=0 -fdiagnostics-show-note-include-stack -fmacro-backtrace-limit\=0 -fno-color-diagnostics -fmodules-prune-interval\=86400 -fmodules-prune-after\=345600 -fbuild-session-file\=/Users/jamesalford/Library/Developer/Xcode/DerivedData/ModuleCache.noindex/Session.modulevalidation -fmodules-validate-once-per-build-session -Wnon-modular-include-in-framework-module -Werror\=non-modular-include-in-framework-module -Wno-trigraphs -Wno-missing-field-initializers -Wno-missing-prototypes -Wno-return-type -Wno-non-virtual-dtor -Wno-overloaded-virtual -Wno-exit-time-destructors -Wno-missing-braces -Wparentheses -Wswitch -Wno-unused-function -Wno-unused-label -Wno-unused-parameter -Wno-unused-variable -Wunused-value -Wno-empty-body -Wno-uninitialized -Wno-unknown-pragmas -w -Wno-shadow -Wno-four-char-constants -Wno-conversion -Wno-constant-conversion -Wno-int-conversion -Wno-bool-conversion -Wno-enum-conversion -Wno-float-conversion -Wno-non-literal-null-conversion -Wno-objc-literal-conversion -Wshorten-64-to-32 -Wno-newline-eof -Wno-c++11-extensions -Wno-implicit-fallthrough -fstrict-aliasing -Wdeprecated-declarations -Winvalid-offsetof -Wno-sign-conversion -Wno-infinite-recursion -Wno-move -Wno-comma -Wno-block-capture-autoreleasing -Wno-strict-prototypes -Wno-range-loop-analysis -Wno-semicolon-before-method-body -index-store-path /Users/jamesalford/Library/Developer/Xcode/DerivedData/NotedCore-ftviuoyqruynvwbzbngenbwxsygv/Index.noindex/DataStore @/Users/jamesalford/Library/Developer/Xcode/DerivedData/NotedCore-ftviuoyqruynvwbzbngenbwxsygv/Build/Intermediates.noindex/mlx-swift.build/Debug-iphonesimulator/Cmlx.build/Objects-normal/arm64/82b82416624d2658e5098eb0a28c15c5-common-args.resp -MMD -MT dependencies -MF /Users/jamesalford/Library/Developer/Xcode/DerivedData/NotedCore-ftviuoyqruynvwbzbngenbwxsygv/Build/Intermediates.noindex/mlx-swift.build/Debug-iphonesimulator/Cmlx.build/Objects-normal/arm64/svd.d --serialize-diagnostics /Users/jamesalford/Library/Developer/Xcode/DerivedData/NotedCore-ftviuoyqruynvwbzbngenbwxsygv/Build/Intermediates.noindex/mlx-swift.build/Debug-iphonesimulator/Cmlx.build/Objects-normal/arm64/svd.dia -c /Users/jamesalford/Library/Developer/Xcode/DerivedData/NotedCore-ftviuoyqruynvwbzbngenbwxsygv/SourcePackages/checkouts/mlx-swift/Source/Cmlx/mlx/mlx/backend/cpu/svd.cpp -o /Users/jamesalford/Library/Developer/Xcode/DerivedData/NotedCore-ftviuoyqruynvwbzbngenbwxsygv/Build/Intermediates.noindex/mlx-swift.build/Debug-iphonesimulator/Cmlx.build/Objects-normal/arm64/svd.o -index-unit-output-path /mlx-swift.build/Debug-iphonesimulator/Cmlx.build/Objects-normal/arm64/svd.o

CompileC /Users/jamesalford/Library/Developer/Xcode/DerivedData/NotedCore-ftviuoyqruynvwbzbngenbwxsygv/Build/Intermediates.noindex/mlx-swift.build/Debug-iphonesimulator/Cmlx.build/Objects-normal/arm64/string.o /Users/jamesalford/Library/Developer/Xcode/DerivedData/NotedCore-ftviuoyqruynvwbzbngenbwxsygv/SourcePackages/checkouts/mlx-swift/Source/Cmlx/mlx-c/mlx/c/string.cpp normal arm64 c++ com.apple.compilers.llvm.clang.1_0.compiler (in target 'Cmlx' from project 'mlx-swift')
    cd /Users/jamesalford/Documents/NotedCore/NotedCore.xcodeproj
    
    Using response file: /Users/jamesalford/Library/Developer/Xcode/DerivedData/NotedCore-ftviuoyqruynvwbzbngenbwxsygv/Build/Intermediates.noindex/mlx-swift.build/Debug-iphonesimulator/Cmlx.build/Objects-normal/arm64/82b82416624d2658e5098eb0a28c15c5-common-args.resp
    
    /Applications/Xcode.app/Contents/Developer/Toolchains/XcodeDefault.xctoolchain/usr/bin/clang -x c++ -ivfsstatcache /Users/jamesalford/Library/Developer/Xcode/DerivedData/SDKStatCaches.noindex/iphonesimulator26.0-23A339-3885c01c3e6b6a337905948deab2002e26257891a6c027eb51374368541b8346.sdkstatcache -fmessage-length\=0 -fdiagnostics-show-note-include-stack -fmacro-backtrace-limit\=0 -fno-color-diagnostics -fmodules-prune-interval\=86400 -fmodules-prune-after\=345600 -fbuild-session-file\=/Users/jamesalford/Library/Developer/Xcode/DerivedData/ModuleCache.noindex/Session.modulevalidation -fmodules-validate-once-per-build-session -Wnon-modular-include-in-framework-module -Werror\=non-modular-include-in-framework-module -Wno-trigraphs -Wno-missing-field-initializers -Wno-missing-prototypes -Wno-return-type -Wno-non-virtual-dtor -Wno-overloaded-virtual -Wno-exit-time-destructors -Wno-missing-braces -Wparentheses -Wswitch -Wno-unused-function -Wno-unused-label -Wno-unused-parameter -Wno-unused-variable -Wunused-value -Wno-empty-body -Wno-uninitialized -Wno-unknown-pragmas -w -Wno-shadow -Wno-four-char-constants -Wno-conversion -Wno-constant-conversion -Wno-int-conversion -Wno-bool-conversion -Wno-enum-conversion -Wno-float-conversion -Wno-non-literal-null-conversion -Wno-objc-literal-conversion -Wshorten-64-to-32 -Wno-newline-eof -Wno-c++11-extensions -Wno-implicit-fallthrough -fstrict-aliasing -Wdeprecated-declarations -Winvalid-offsetof -Wno-sign-conversion -Wno-infinite-recursion -Wno-move -Wno-comma -Wno-block-capture-autoreleasing -Wno-strict-prototypes -Wno-range-loop-analysis -Wno-semicolon-before-method-body -index-store-path /Users/jamesalford/Library/Developer/Xcode/DerivedData/NotedCore-ftviuoyqruynvwbzbngenbwxsygv/Index.noindex/DataStore @/Users/jamesalford/Library/Developer/Xcode/DerivedData/NotedCore-ftviuoyqruynvwbzbngenbwxsygv/Build/Intermediates.noindex/mlx-swift.build/Debug-iphonesimulator/Cmlx.build/Objects-normal/arm64/82b82416624d2658e5098eb0a28c15c5-common-args.resp -MMD -MT dependencies -MF /Users/jamesalford/Library/Developer/Xcode/DerivedData/NotedCore-ftviuoyqruynvwbzbngenbwxsygv/Build/Intermediates.noindex/mlx-swift.build/Debug-iphonesimulator/Cmlx.build/Objects-normal/arm64/string.d --serialize-diagnostics /Users/jamesalford/Library/Developer/Xcode/DerivedData/NotedCore-ftviuoyqruynvwbzbngenbwxsygv/Build/Intermediates.noindex/mlx-swift.build/Debug-iphonesimulator/Cmlx.build/Objects-normal/arm64/string.dia -c /Users/jamesalford/Library/Developer/Xcode/DerivedData/NotedCore-ftviuoyqruynvwbzbngenbwxsygv/SourcePackages/checkouts/mlx-swift/Source/Cmlx/mlx-c/mlx/c/string.cpp -o /Users/jamesalford/Library/Developer/Xcode/DerivedData/NotedCore-ftviuoyqruynvwbzbngenbwxsygv/Build/Intermediates.noindex/mlx-swift.build/Debug-iphonesimulator/Cmlx.build/Objects-normal/arm64/string.o -index-unit-output-path /mlx-swift.build/Debug-iphonesimulator/Cmlx.build/Objects-normal/arm64/string.o

CompileC /Users/jamesalford/Library/Developer/Xcode/DerivedData/NotedCore-ftviuoyqruynvwbzbngenbwxsygv/Build/Intermediates.noindex/mlx-swift.build/Debug-iphonesimulator/Cmlx.build/Objects-normal/arm64/stream.o /Users/jamesalford/Library/Developer/Xcode/DerivedData/NotedCore-ftviuoyqruynvwbzbngenbwxsygv/SourcePackages/checkouts/mlx-swift/Source/Cmlx/mlx-c/mlx/c/stream.cpp normal arm64 c++ com.apple.compilers.llvm.clang.1_0.compiler (in target 'Cmlx' from project 'mlx-swift')
    cd /Users/jamesalford/Documents/NotedCore/NotedCore.xcodeproj
    
    Using response file: /Users/jamesalford/Library/Developer/Xcode/DerivedData/NotedCore-ftviuoyqruynvwbzbngenbwxsygv/Build/Intermediates.noindex/mlx-swift.build/Debug-iphonesimulator/Cmlx.build/Objects-normal/arm64/82b82416624d2658e5098eb0a28c15c5-common-args.resp
    
    /Applications/Xcode.app/Contents/Developer/Toolchains/XcodeDefault.xctoolchain/usr/bin/clang -x c++ -ivfsstatcache /Users/jamesalford/Library/Developer/Xcode/DerivedData/SDKStatCaches.noindex/iphonesimulator26.0-23A339-3885c01c3e6b6a337905948deab2002e26257891a6c027eb51374368541b8346.sdkstatcache -fmessage-length\=0 -fdiagnostics-show-note-include-stack -fmacro-backtrace-limit\=0 -fno-color-diagnostics -fmodules-prune-interval\=86400 -fmodules-prune-after\=345600 -fbuild-session-file\=/Users/jamesalford/Library/Developer/Xcode/DerivedData/ModuleCache.noindex/Session.modulevalidation -fmodules-validate-once-per-build-session -Wnon-modular-include-in-framework-module -Werror\=non-modular-include-in-framework-module -Wno-trigraphs -Wno-missing-field-initializers -Wno-missing-prototypes -Wno-return-type -Wno-non-virtual-dtor -Wno-overloaded-virtual -Wno-exit-time-destructors -Wno-missing-braces -Wparentheses -Wswitch -Wno-unused-function -Wno-unused-label -Wno-unused-parameter -Wno-unused-variable -Wunused-value -Wno-empty-body -Wno-uninitialized -Wno-unknown-pragmas -w -Wno-shadow -Wno-four-char-constants -Wno-conversion -Wno-constant-conversion -Wno-int-conversion -Wno-bool-conversion -Wno-enum-conversion -Wno-float-conversion -Wno-non-literal-null-conversion -Wno-objc-literal-conversion -Wshorten-64-to-32 -Wno-newline-eof -Wno-c++11-extensions -Wno-implicit-fallthrough -fstrict-aliasing -Wdeprecated-declarations -Winvalid-offsetof -Wno-sign-conversion -Wno-infinite-recursion -Wno-move -Wno-comma -Wno-block-capture-autoreleasing -Wno-strict-prototypes -Wno-range-loop-analysis -Wno-semicolon-before-method-body -index-store-path /Users/jamesalford/Library/Developer/Xcode/DerivedData/NotedCore-ftviuoyqruynvwbzbngenbwxsygv/Index.noindex/DataStore @/Users/jamesalford/Library/Developer/Xcode/DerivedData/NotedCore-ftviuoyqruynvwbzbngenbwxsygv/Build/Intermediates.noindex/mlx-swift.build/Debug-iphonesimulator/Cmlx.build/Objects-normal/arm64/82b82416624d2658e5098eb0a28c15c5-common-args.resp -MMD -MT dependencies -MF /Users/jamesalford/Library/Developer/Xcode/DerivedData/NotedCore-ftviuoyqruynvwbzbngenbwxsygv/Build/Intermediates.noindex/mlx-swift.build/Debug-iphonesimulator/Cmlx.build/Objects-normal/arm64/stream.d --serialize-diagnostics /Users/jamesalford/Library/Developer/Xcode/DerivedData/NotedCore-ftviuoyqruynvwbzbngenbwxsygv/Build/Intermediates.noindex/mlx-swift.build/Debug-iphonesimulator/Cmlx.build/Objects-normal/arm64/stream.dia -c /Users/jamesalford/Library/Developer/Xcode/DerivedData/NotedCore-ftviuoyqruynvwbzbngenbwxsygv/SourcePackages/checkouts/mlx-swift/Source/Cmlx/mlx-c/mlx/c/stream.cpp -o /Users/jamesalford/Library/Developer/Xcode/DerivedData/NotedCore-ftviuoyqruynvwbzbngenbwxsygv/Build/Intermediates.noindex/mlx-swift.build/Debug-iphonesimulator/Cmlx.build/Objects-normal/arm64/stream.o -index-unit-output-path /mlx-swift.build/Debug-iphonesimulator/Cmlx.build/Objects-normal/arm64/stream.o

CompileC /Users/jamesalford/Library/Developer/Xcode/DerivedData/NotedCore-ftviuoyqruynvwbzbngenbwxsygv/Build/Intermediates.noindex/mlx-swift.build/Debug-iphonesimulator/Cmlx.build/Objects-normal/arm64/steel_gemm_splitk.o /Users/jamesalford/Library/Developer/Xcode/DerivedData/NotedCore-ftviuoyqruynvwbzbngenbwxsygv/SourcePackages/checkouts/mlx-swift/Source/Cmlx/mlx-generated/steel_gemm_splitk.cpp normal arm64 c++ com.apple.compilers.llvm.clang.1_0.compiler (in target 'Cmlx' from project 'mlx-swift')
    cd /Users/jamesalford/Documents/NotedCore/NotedCore.xcodeproj
    
    Using response file: /Users/jamesalford/Library/Developer/Xcode/DerivedData/NotedCore-ftviuoyqruynvwbzbngenbwxsygv/Build/Intermediates.noindex/mlx-swift.build/Debug-iphonesimulator/Cmlx.build/Objects-normal/arm64/82b82416624d2658e5098eb0a28c15c5-common-args.resp
    
    /Applications/Xcode.app/Contents/Developer/Toolchains/XcodeDefault.xctoolchain/usr/bin/clang -x c++ -ivfsstatcache /Users/jamesalford/Library/Developer/Xcode/DerivedData/SDKStatCaches.noindex/iphonesimulator26.0-23A339-3885c01c3e6b6a337905948deab2002e26257891a6c027eb51374368541b8346.sdkstatcache -fmessage-length\=0 -fdiagnostics-show-note-include-stack -fmacro-backtrace-limit\=0 -fno-color-diagnostics -fmodules-prune-interval\=86400 -fmodules-prune-after\=345600 -fbuild-session-file\=/Users/jamesalford/Library/Developer/Xcode/DerivedData/ModuleCache.noindex/Session.modulevalidation -fmodules-validate-once-per-build-session -Wnon-modular-include-in-framework-module -Werror\=non-modular-include-in-framework-module -Wno-trigraphs -Wno-missing-field-initializers -Wno-missing-prototypes -Wno-return-type -Wno-non-virtual-dtor -Wno-overloaded-virtual -Wno-exit-time-destructors -Wno-missing-braces -Wparentheses -Wswitch -Wno-unused-function -Wno-unused-label -Wno-unused-parameter -Wno-unused-variable -Wunused-value -Wno-empty-body -Wno-uninitialized -Wno-unknown-pragmas -w -Wno-shadow -Wno-four-char-constants -Wno-conversion -Wno-constant-conversion -Wno-int-conversion -Wno-bool-conversion -Wno-enum-conversion -Wno-float-conversion -Wno-non-literal-null-conversion -Wno-objc-literal-conversion -Wshorten-64-to-32 -Wno-newline-eof -Wno-c++11-extensions -Wno-implicit-fallthrough -fstrict-aliasing -Wdeprecated-declarations -Winvalid-offsetof -Wno-sign-conversion -Wno-infinite-recursion -Wno-move -Wno-comma -Wno-block-capture-autoreleasing -Wno-strict-prototypes -Wno-range-loop-analysis -Wno-semicolon-before-method-body -index-store-path /Users/jamesalford/Library/Developer/Xcode/DerivedData/NotedCore-ftviuoyqruynvwbzbngenbwxsygv/Index.noindex/DataStore @/Users/jamesalford/Library/Developer/Xcode/DerivedData/NotedCore-ftviuoyqruynvwbzbngenbwxsygv/Build/Intermediates.noindex/mlx-swift.build/Debug-iphonesimulator/Cmlx.build/Objects-normal/arm64/82b82416624d2658e5098eb0a28c15c5-common-args.resp -MMD -MT dependencies -MF /Users/jamesalford/Library/Developer/Xcode/DerivedData/NotedCore-ftviuoyqruynvwbzbngenbwxsygv/Build/Intermediates.noindex/mlx-swift.build/Debug-iphonesimulator/Cmlx.build/Objects-normal/arm64/steel_gemm_splitk.d --serialize-diagnostics /Users/jamesalford/Library/Developer/Xcode/DerivedData/NotedCore-ftviuoyqruynvwbzbngenbwxsygv/Build/Intermediates.noindex/mlx-swift.build/Debug-iphonesimulator/Cmlx.build/Objects-normal/arm64/steel_gemm_splitk.dia -c /Users/jamesalford/Library/Developer/Xcode/DerivedData/NotedCore-ftviuoyqruynvwbzbngenbwxsygv/SourcePackages/checkouts/mlx-swift/Source/Cmlx/mlx-generated/steel_gemm_splitk.cpp -o /Users/jamesalford/Library/Developer/Xcode/DerivedData/NotedCore-ftviuoyqruynvwbzbngenbwxsygv/Build/Intermediates.noindex/mlx-swift.build/Debug-iphonesimulator/Cmlx.build/Objects-normal/arm64/steel_gemm_splitk.o -index-unit-output-path /mlx-swift.build/Debug-iphonesimulator/Cmlx.build/Objects-normal/arm64/steel_gemm_splitk.o

CompileC /Users/jamesalford/Library/Developer/Xcode/DerivedData/NotedCore-ftviuoyqruynvwbzbngenbwxsygv/Build/Intermediates.noindex/mlx-swift.build/Debug-iphonesimulator/Cmlx.build/Objects-normal/arm64/steel_gemm_masked.o /Users/jamesalford/Library/Developer/Xcode/DerivedData/NotedCore-ftviuoyqruynvwbzbngenbwxsygv/SourcePackages/checkouts/mlx-swift/Source/Cmlx/mlx-generated/steel_gemm_masked.cpp normal arm64 c++ com.apple.compilers.llvm.clang.1_0.compiler (in target 'Cmlx' from project 'mlx-swift')
    cd /Users/jamesalford/Documents/NotedCore/NotedCore.xcodeproj
    
    Using response file: /Users/jamesalford/Library/Developer/Xcode/DerivedData/NotedCore-ftviuoyqruynvwbzbngenbwxsygv/Build/Intermediates.noindex/mlx-swift.build/Debug-iphonesimulator/Cmlx.build/Objects-normal/arm64/82b82416624d2658e5098eb0a28c15c5-common-args.resp
    
    /Applications/Xcode.app/Contents/Developer/Toolchains/XcodeDefault.xctoolchain/usr/bin/clang -x c++ -ivfsstatcache /Users/jamesalford/Library/Developer/Xcode/DerivedData/SDKStatCaches.noindex/iphonesimulator26.0-23A339-3885c01c3e6b6a337905948deab2002e26257891a6c027eb51374368541b8346.sdkstatcache -fmessage-length\=0 -fdiagnostics-show-note-include-stack -fmacro-backtrace-limit\=0 -fno-color-diagnostics -fmodules-prune-interval\=86400 -fmodules-prune-after\=345600 -fbuild-session-file\=/Users/jamesalford/Library/Developer/Xcode/DerivedData/ModuleCache.noindex/Session.modulevalidation -fmodules-validate-once-per-build-session -Wnon-modular-include-in-framework-module -Werror\=non-modular-include-in-framework-module -Wno-trigraphs -Wno-missing-field-initializers -Wno-missing-prototypes -Wno-return-type -Wno-non-virtual-dtor -Wno-overloaded-virtual -Wno-exit-time-destructors -Wno-missing-braces -Wparentheses -Wswitch -Wno-unused-function -Wno-unused-label -Wno-unused-parameter -Wno-unused-variable -Wunused-value -Wno-empty-body -Wno-uninitialized -Wno-unknown-pragmas -w -Wno-shadow -Wno-four-char-constants -Wno-conversion -Wno-constant-conversion -Wno-int-conversion -Wno-bool-conversion -Wno-enum-conversion -Wno-float-conversion -Wno-non-literal-null-conversion -Wno-objc-literal-conversion -Wshorten-64-to-32 -Wno-newline-eof -Wno-c++11-extensions -Wno-implicit-fallthrough -fstrict-aliasing -Wdeprecated-declarations -Winvalid-offsetof -Wno-sign-conversion -Wno-infinite-recursion -Wno-move -Wno-comma -Wno-block-capture-autoreleasing -Wno-strict-prototypes -Wno-range-loop-analysis -Wno-semicolon-before-method-body -index-store-path /Users/jamesalford/Library/Developer/Xcode/DerivedData/NotedCore-ftviuoyqruynvwbzbngenbwxsygv/Index.noindex/DataStore @/Users/jamesalford/Library/Developer/Xcode/DerivedData/NotedCore-ftviuoyqruynvwbzbngenbwxsygv/Build/Intermediates.noindex/mlx-swift.build/Debug-iphonesimulator/Cmlx.build/Objects-normal/arm64/82b82416624d2658e5098eb0a28c15c5-common-args.resp -MMD -MT dependencies -MF /Users/jamesalford/Library/Developer/Xcode/DerivedData/NotedCore-ftviuoyqruynvwbzbngenbwxsygv/Build/Intermediates.noindex/mlx-swift.build/Debug-iphonesimulator/Cmlx.build/Objects-normal/arm64/steel_gemm_masked.d --serialize-diagnostics /Users/jamesalford/Library/Developer/Xcode/DerivedData/NotedCore-ftviuoyqruynvwbzbngenbwxsygv/Build/Intermediates.noindex/mlx-swift.build/Debug-iphonesimulator/Cmlx.build/Objects-normal/arm64/steel_gemm_masked.dia -c /Users/jamesalford/Library/Developer/Xcode/DerivedData/NotedCore-ftviuoyqruynvwbzbngenbwxsygv/SourcePackages/checkouts/mlx-swift/Source/Cmlx/mlx-generated/steel_gemm_masked.cpp -o /Users/jamesalford/Library/Developer/Xcode/DerivedData/NotedCore-ftviuoyqruynvwbzbngenbwxsygv/Build/Intermediates.noindex/mlx-swift.build/Debug-iphonesimulator/Cmlx.build/Objects-normal/arm64/steel_gemm_masked.o -index-unit-output-path /mlx-swift.build/Debug-iphonesimulator/Cmlx.build/Objects-normal/arm64/steel_gemm_masked.o

CompileC /Users/jamesalford/Library/Developer/Xcode/DerivedData/NotedCore-ftviuoyqruynvwbzbngenbwxsygv/Build/Intermediates.noindex/mlx-swift.build/Debug-iphonesimulator/Cmlx.build/Objects-normal/arm64/steel_gemm_gather.o /Users/jamesalford/Library/Developer/Xcode/DerivedData/NotedCore-ftviuoyqruynvwbzbngenbwxsygv/SourcePackages/checkouts/mlx-swift/Source/Cmlx/mlx-generated/steel_gemm_gather.cpp normal arm64 c++ com.apple.compilers.llvm.clang.1_0.compiler (in target 'Cmlx' from project 'mlx-swift')
    cd /Users/jamesalford/Documents/NotedCore/NotedCore.xcodeproj
    
    Using response file: /Users/jamesalford/Library/Developer/Xcode/DerivedData/NotedCore-ftviuoyqruynvwbzbngenbwxsygv/Build/Intermediates.noindex/mlx-swift.build/Debug-iphonesimulator/Cmlx.build/Objects-normal/arm64/82b82416624d2658e5098eb0a28c15c5-common-args.resp
    
    /Applications/Xcode.app/Contents/Developer/Toolchains/XcodeDefault.xctoolchain/usr/bin/clang -x c++ -ivfsstatcache /Users/jamesalford/Library/Developer/Xcode/DerivedData/SDKStatCaches.noindex/iphonesimulator26.0-23A339-3885c01c3e6b6a337905948deab2002e26257891a6c027eb51374368541b8346.sdkstatcache -fmessage-length\=0 -fdiagnostics-show-note-include-stack -fmacro-backtrace-limit\=0 -fno-color-diagnostics -fmodules-prune-interval\=86400 -fmodules-prune-after\=345600 -fbuild-session-file\=/Users/jamesalford/Library/Developer/Xcode/DerivedData/ModuleCache.noindex/Session.modulevalidation -fmodules-validate-once-per-build-session -Wnon-modular-include-in-framework-module -Werror\=non-modular-include-in-framework-module -Wno-trigraphs -Wno-missing-field-initializers -Wno-missing-prototypes -Wno-return-type -Wno-non-virtual-dtor -Wno-overloaded-virtual -Wno-exit-time-destructors -Wno-missing-braces -Wparentheses -Wswitch -Wno-unused-function -Wno-unused-label -Wno-unused-parameter -Wno-unused-variable -Wunused-value -Wno-empty-body -Wno-uninitialized -Wno-unknown-pragmas -w -Wno-shadow -Wno-four-char-constants -Wno-conversion -Wno-constant-conversion -Wno-int-conversion -Wno-bool-conversion -Wno-enum-conversion -Wno-float-conversion -Wno-non-literal-null-conversion -Wno-objc-literal-conversion -Wshorten-64-to-32 -Wno-newline-eof -Wno-c++11-extensions -Wno-implicit-fallthrough -fstrict-aliasing -Wdeprecated-declarations -Winvalid-offsetof -Wno-sign-conversion -Wno-infinite-recursion -Wno-move -Wno-comma -Wno-block-capture-autoreleasing -Wno-strict-prototypes -Wno-range-loop-analysis -Wno-semicolon-before-method-body -index-store-path /Users/jamesalford/Library/Developer/Xcode/DerivedData/NotedCore-ftviuoyqruynvwbzbngenbwxsygv/Index.noindex/DataStore @/Users/jamesalford/Library/Developer/Xcode/DerivedData/NotedCore-ftviuoyqruynvwbzbngenbwxsygv/Build/Intermediates.noindex/mlx-swift.build/Debug-iphonesimulator/Cmlx.build/Objects-normal/arm64/82b82416624d2658e5098eb0a28c15c5-common-args.resp -MMD -MT dependencies -MF /Users/jamesalford/Library/Developer/Xcode/DerivedData/NotedCore-ftviuoyqruynvwbzbngenbwxsygv/Build/Intermediates.noindex/mlx-swift.build/Debug-iphonesimulator/Cmlx.build/Objects-normal/arm64/steel_gemm_gather.d --serialize-diagnostics /Users/jamesalford/Library/Developer/Xcode/DerivedData/NotedCore-ftviuoyqruynvwbzbngenbwxsygv/Build/Intermediates.noindex/mlx-swift.build/Debug-iphonesimulator/Cmlx.build/Objects-normal/arm64/steel_gemm_gather.dia -c /Users/jamesalford/Library/Developer/Xcode/DerivedData/NotedCore-ftviuoyqruynvwbzbngenbwxsygv/SourcePackages/checkouts/mlx-swift/Source/Cmlx/mlx-generated/steel_gemm_gather.cpp -o /Users/jamesalford/Library/Developer/Xcode/DerivedData/NotedCore-ftviuoyqruynvwbzbngenbwxsygv/Build/Intermediates.noindex/mlx-swift.build/Debug-iphonesimulator/Cmlx.build/Objects-normal/arm64/steel_gemm_gather.o -index-unit-output-path /mlx-swift.build/Debug-iphonesimulator/Cmlx.build/Objects-normal/arm64/steel_gemm_gather.o

CompileC /Users/jamesalford/Library/Developer/Xcode/DerivedData/NotedCore-ftviuoyqruynvwbzbngenbwxsygv/Build/Intermediates.noindex/mlx-swift.build/Debug-iphonesimulator/Cmlx.build/Objects-normal/arm64/steel_gemm_fused.o /Users/jamesalford/Library/Developer/Xcode/DerivedData/NotedCore-ftviuoyqruynvwbzbngenbwxsygv/SourcePackages/checkouts/mlx-swift/Source/Cmlx/mlx-generated/steel_gemm_fused.cpp normal arm64 c++ com.apple.compilers.llvm.clang.1_0.compiler (in target 'Cmlx' from project 'mlx-swift')
    cd /Users/jamesalford/Documents/NotedCore/NotedCore.xcodeproj
    
    Using response file: /Users/jamesalford/Library/Developer/Xcode/DerivedData/NotedCore-ftviuoyqruynvwbzbngenbwxsygv/Build/Intermediates.noindex/mlx-swift.build/Debug-iphonesimulator/Cmlx.build/Objects-normal/arm64/82b82416624d2658e5098eb0a28c15c5-common-args.resp
    
    /Applications/Xcode.app/Contents/Developer/Toolchains/XcodeDefault.xctoolchain/usr/bin/clang -x c++ -ivfsstatcache /Users/jamesalford/Library/Developer/Xcode/DerivedData/SDKStatCaches.noindex/iphonesimulator26.0-23A339-3885c01c3e6b6a337905948deab2002e26257891a6c027eb51374368541b8346.sdkstatcache -fmessage-length\=0 -fdiagnostics-show-note-include-stack -fmacro-backtrace-limit\=0 -fno-color-diagnostics -fmodules-prune-interval\=86400 -fmodules-prune-after\=345600 -fbuild-session-file\=/Users/jamesalford/Library/Developer/Xcode/DerivedData/ModuleCache.noindex/Session.modulevalidation -fmodules-validate-once-per-build-session -Wnon-modular-include-in-framework-module -Werror\=non-modular-include-in-framework-module -Wno-trigraphs -Wno-missing-field-initializers -Wno-missing-prototypes -Wno-return-type -Wno-non-virtual-dtor -Wno-overloaded-virtual -Wno-exit-time-destructors -Wno-missing-braces -Wparentheses -Wswitch -Wno-unused-function -Wno-unused-label -Wno-unused-parameter -Wno-unused-variable -Wunused-value -Wno-empty-body -Wno-uninitialized -Wno-unknown-pragmas -w -Wno-shadow -Wno-four-char-constants -Wno-conversion -Wno-constant-conversion -Wno-int-conversion -Wno-bool-conversion -Wno-enum-conversion -Wno-float-conversion -Wno-non-literal-null-conversion -Wno-objc-literal-conversion -Wshorten-64-to-32 -Wno-newline-eof -Wno-c++11-extensions -Wno-implicit-fallthrough -fstrict-aliasing -Wdeprecated-declarations -Winvalid-offsetof -Wno-sign-conversion -Wno-infinite-recursion -Wno-move -Wno-comma -Wno-block-capture-autoreleasing -Wno-strict-prototypes -Wno-range-loop-analysis -Wno-semicolon-before-method-body -index-store-path /Users/jamesalford/Library/Developer/Xcode/DerivedData/NotedCore-ftviuoyqruynvwbzbngenbwxsygv/Index.noindex/DataStore @/Users/jamesalford/Library/Developer/Xcode/DerivedData/NotedCore-ftviuoyqruynvwbzbngenbwxsygv/Build/Intermediates.noindex/mlx-swift.build/Debug-iphonesimulator/Cmlx.build/Objects-normal/arm64/82b82416624d2658e5098eb0a28c15c5-common-args.resp -MMD -MT dependencies -MF /Users/jamesalford/Library/Developer/Xcode/DerivedData/NotedCore-ftviuoyqruynvwbzbngenbwxsygv/Build/Intermediates.noindex/mlx-swift.build/Debug-iphonesimulator/Cmlx.build/Objects-normal/arm64/steel_gemm_fused.d --serialize-diagnostics /Users/jamesalford/Library/Developer/Xcode/DerivedData/NotedCore-ftviuoyqruynvwbzbngenbwxsygv/Build/Intermediates.noindex/mlx-swift.build/Debug-iphonesimulator/Cmlx.build/Objects-normal/arm64/steel_gemm_fused.dia -c /Users/jamesalford/Library/Developer/Xcode/DerivedData/NotedCore-ftviuoyqruynvwbzbngenbwxsygv/SourcePackages/checkouts/mlx-swift/Source/Cmlx/mlx-generated/steel_gemm_fused.cpp -o /Users/jamesalford/Library/Developer/Xcode/DerivedData/NotedCore-ftviuoyqruynvwbzbngenbwxsygv/Build/Intermediates.noindex/mlx-swift.build/Debug-iphonesimulator/Cmlx.build/Objects-normal/arm64/steel_gemm_fused.o -index-unit-output-path /mlx-swift.build/Debug-iphonesimulator/Cmlx.build/Objects-normal/arm64/steel_gemm_fused.o

CompileC /Users/jamesalford/Library/Developer/Xcode/DerivedData/NotedCore-ftviuoyqruynvwbzbngenbwxsygv/Build/Intermediates.noindex/mlx-swift.build/Debug-iphonesimulator/Cmlx.build/Objects-normal/arm64/steel_conv_general.o /Users/jamesalford/Library/Developer/Xcode/DerivedData/NotedCore-ftviuoyqruynvwbzbngenbwxsygv/SourcePackages/checkouts/mlx-swift/Source/Cmlx/mlx-generated/steel_conv_general.cpp normal arm64 c++ com.apple.compilers.llvm.clang.1_0.compiler (in target 'Cmlx' from project 'mlx-swift')
    cd /Users/jamesalford/Documents/NotedCore/NotedCore.xcodeproj
    
    Using response file: /Users/jamesalford/Library/Developer/Xcode/DerivedData/NotedCore-ftviuoyqruynvwbzbngenbwxsygv/Build/Intermediates.noindex/mlx-swift.build/Debug-iphonesimulator/Cmlx.build/Objects-normal/arm64/82b82416624d2658e5098eb0a28c15c5-common-args.resp
    
    /Applications/Xcode.app/Contents/Developer/Toolchains/XcodeDefault.xctoolchain/usr/bin/clang -x c++ -ivfsstatcache /Users/jamesalford/Library/Developer/Xcode/DerivedData/SDKStatCaches.noindex/iphonesimulator26.0-23A339-3885c01c3e6b6a337905948deab2002e26257891a6c027eb51374368541b8346.sdkstatcache -fmessage-length\=0 -fdiagnostics-show-note-include-stack -fmacro-backtrace-limit\=0 -fno-color-diagnostics -fmodules-prune-interval\=86400 -fmodules-prune-after\=345600 -fbuild-session-file\=/Users/jamesalford/Library/Developer/Xcode/DerivedData/ModuleCache.noindex/Session.modulevalidation -fmodules-validate-once-per-build-session -Wnon-modular-include-in-framework-module -Werror\=non-modular-include-in-framework-module -Wno-trigraphs -Wno-missing-field-initializers -Wno-missing-prototypes -Wno-return-type -Wno-non-virtual-dtor -Wno-overloaded-virtual -Wno-exit-time-destructors -Wno-missing-braces -Wparentheses -Wswitch -Wno-unused-function -Wno-unused-label -Wno-unused-parameter -Wno-unused-variable -Wunused-value -Wno-empty-body -Wno-uninitialized -Wno-unknown-pragmas -w -Wno-shadow -Wno-four-char-constants -Wno-conversion -Wno-constant-conversion -Wno-int-conversion -Wno-bool-conversion -Wno-enum-conversion -Wno-float-conversion -Wno-non-literal-null-conversion -Wno-objc-literal-conversion -Wshorten-64-to-32 -Wno-newline-eof -Wno-c++11-extensions -Wno-implicit-fallthrough -fstrict-aliasing -Wdeprecated-declarations -Winvalid-offsetof -Wno-sign-conversion -Wno-infinite-recursion -Wno-move -Wno-comma -Wno-block-capture-autoreleasing -Wno-strict-prototypes -Wno-range-loop-analysis -Wno-semicolon-before-method-body -index-store-path /Users/jamesalford/Library/Developer/Xcode/DerivedData/NotedCore-ftviuoyqruynvwbzbngenbwxsygv/Index.noindex/DataStore @/Users/jamesalford/Library/Developer/Xcode/DerivedData/NotedCore-ftviuoyqruynvwbzbngenbwxsygv/Build/Intermediates.noindex/mlx-swift.build/Debug-iphonesimulator/Cmlx.build/Objects-normal/arm64/82b82416624d2658e5098eb0a28c15c5-common-args.resp -MMD -MT dependencies -MF /Users/jamesalford/Library/Developer/Xcode/DerivedData/NotedCore-ftviuoyqruynvwbzbngenbwxsygv/Build/Intermediates.noindex/mlx-swift.build/Debug-iphonesimulator/Cmlx.build/Objects-normal/arm64/steel_conv_general.d --serialize-diagnostics /Users/jamesalford/Library/Developer/Xcode/DerivedData/NotedCore-ftviuoyqruynvwbzbngenbwxsygv/Build/Intermediates.noindex/mlx-swift.build/Debug-iphonesimulator/Cmlx.build/Objects-normal/arm64/steel_conv_general.dia -c /Users/jamesalford/Library/Developer/Xcode/DerivedData/NotedCore-ftviuoyqruynvwbzbngenbwxsygv/SourcePackages/checkouts/mlx-swift/Source/Cmlx/mlx-generated/steel_conv_general.cpp -o /Users/jamesalford/Library/Developer/Xcode/DerivedData/NotedCore-ftviuoyqruynvwbzbngenbwxsygv/Build/Intermediates.noindex/mlx-swift.build/Debug-iphonesimulator/Cmlx.build/Objects-normal/arm64/steel_conv_general.o -index-unit-output-path /mlx-swift.build/Debug-iphonesimulator/Cmlx.build/Objects-normal/arm64/steel_conv_general.o

CompileC /Users/jamesalford/Library/Developer/Xcode/DerivedData/NotedCore-ftviuoyqruynvwbzbngenbwxsygv/Build/Intermediates.noindex/mlx-swift.build/Debug-iphonesimulator/Cmlx.build/Objects-normal/arm64/steel_conv.o /Users/jamesalford/Library/Developer/Xcode/DerivedData/NotedCore-ftviuoyqruynvwbzbngenbwxsygv/SourcePackages/checkouts/mlx-swift/Source/Cmlx/mlx-generated/steel_conv.cpp normal arm64 c++ com.apple.compilers.llvm.clang.1_0.compiler (in target 'Cmlx' from project 'mlx-swift')
    cd /Users/jamesalford/Documents/NotedCore/NotedCore.xcodeproj
    
    Using response file: /Users/jamesalford/Library/Developer/Xcode/DerivedData/NotedCore-ftviuoyqruynvwbzbngenbwxsygv/Build/Intermediates.noindex/mlx-swift.build/Debug-iphonesimulator/Cmlx.build/Objects-normal/arm64/82b82416624d2658e5098eb0a28c15c5-common-args.resp
    
    /Applications/Xcode.app/Contents/Developer/Toolchains/XcodeDefault.xctoolchain/usr/bin/clang -x c++ -ivfsstatcache /Users/jamesalford/Library/Developer/Xcode/DerivedData/SDKStatCaches.noindex/iphonesimulator26.0-23A339-3885c01c3e6b6a337905948deab2002e26257891a6c027eb51374368541b8346.sdkstatcache -fmessage-length\=0 -fdiagnostics-show-note-include-stack -fmacro-backtrace-limit\=0 -fno-color-diagnostics -fmodules-prune-interval\=86400 -fmodules-prune-after\=345600 -fbuild-session-file\=/Users/jamesalford/Library/Developer/Xcode/DerivedData/ModuleCache.noindex/Session.modulevalidation -fmodules-validate-once-per-build-session -Wnon-modular-include-in-framework-module -Werror\=non-modular-include-in-framework-module -Wno-trigraphs -Wno-missing-field-initializers -Wno-missing-prototypes -Wno-return-type -Wno-non-virtual-dtor -Wno-overloaded-virtual -Wno-exit-time-destructors -Wno-missing-braces -Wparentheses -Wswitch -Wno-unused-function -Wno-unused-label -Wno-unused-parameter -Wno-unused-variable -Wunused-value -Wno-empty-body -Wno-uninitialized -Wno-unknown-pragmas -w -Wno-shadow -Wno-four-char-constants -Wno-conversion -Wno-constant-conversion -Wno-int-conversion -Wno-bool-conversion -Wno-enum-conversion -Wno-float-conversion -Wno-non-literal-null-conversion -Wno-objc-literal-conversion -Wshorten-64-to-32 -Wno-newline-eof -Wno-c++11-extensions -Wno-implicit-fallthrough -fstrict-aliasing -Wdeprecated-declarations -Winvalid-offsetof -Wno-sign-conversion -Wno-infinite-recursion -Wno-move -Wno-comma -Wno-block-capture-autoreleasing -Wno-strict-prototypes -Wno-range-loop-analysis -Wno-semicolon-before-method-body -index-store-path /Users/jamesalford/Library/Developer/Xcode/DerivedData/NotedCore-ftviuoyqruynvwbzbngenbwxsygv/Index.noindex/DataStore @/Users/jamesalford/Library/Developer/Xcode/DerivedData/NotedCore-ftviuoyqruynvwbzbngenbwxsygv/Build/Intermediates.noindex/mlx-swift.build/Debug-iphonesimulator/Cmlx.build/Objects-normal/arm64/82b82416624d2658e5098eb0a28c15c5-common-args.resp -MMD -MT dependencies -MF /Users/jamesalford/Library/Developer/Xcode/DerivedData/NotedCore-ftviuoyqruynvwbzbngenbwxsygv/Build/Intermediates.noindex/mlx-swift.build/Debug-iphonesimulator/Cmlx.build/Objects-normal/arm64/steel_conv.d --serialize-diagnostics /Users/jamesalford/Library/Developer/Xcode/DerivedData/NotedCore-ftviuoyqruynvwbzbngenbwxsygv/Build/Intermediates.noindex/mlx-swift.build/Debug-iphonesimulator/Cmlx.build/Objects-normal/arm64/steel_conv.dia -c /Users/jamesalford/Library/Developer/Xcode/DerivedData/NotedCore-ftviuoyqruynvwbzbngenbwxsygv/SourcePackages/checkouts/mlx-swift/Source/Cmlx/mlx-generated/steel_conv.cpp -o /Users/jamesalford/Library/Developer/Xcode/DerivedData/NotedCore-ftviuoyqruynvwbzbngenbwxsygv/Build/Intermediates.noindex/mlx-swift.build/Debug-iphonesimulator/Cmlx.build/Objects-normal/arm64/steel_conv.o -index-unit-output-path /mlx-swift.build/Debug-iphonesimulator/Cmlx.build/Objects-normal/arm64/steel_conv.o

CompileC /Users/jamesalford/Library/Developer/Xcode/DerivedData/NotedCore-ftviuoyqruynvwbzbngenbwxsygv/Build/Intermediates.noindex/mlx-swift.build/Debug-iphonesimulator/Cmlx.build/Objects-normal/arm64/sort-cdf1c1d713c4e0912c12d0748c4b6884.o /Users/jamesalford/Library/Developer/Xcode/DerivedData/NotedCore-ftviuoyqruynvwbzbngenbwxsygv/SourcePackages/checkouts/mlx-swift/Source/Cmlx/mlx-generated/sort.cpp normal arm64 c++ com.apple.compilers.llvm.clang.1_0.compiler (in target 'Cmlx' from project 'mlx-swift')
    cd /Users/jamesalford/Documents/NotedCore/NotedCore.xcodeproj
    
    Using response file: /Users/jamesalford/Library/Developer/Xcode/DerivedData/NotedCore-ftviuoyqruynvwbzbngenbwxsygv/Build/Intermediates.noindex/mlx-swift.build/Debug-iphonesimulator/Cmlx.build/Objects-normal/arm64/82b82416624d2658e5098eb0a28c15c5-common-args.resp
    
    /Applications/Xcode.app/Contents/Developer/Toolchains/XcodeDefault.xctoolchain/usr/bin/clang -x c++ -ivfsstatcache /Users/jamesalford/Library/Developer/Xcode/DerivedData/SDKStatCaches.noindex/iphonesimulator26.0-23A339-3885c01c3e6b6a337905948deab2002e26257891a6c027eb51374368541b8346.sdkstatcache -fmessage-length\=0 -fdiagnostics-show-note-include-stack -fmacro-backtrace-limit\=0 -fno-color-diagnostics -fmodules-prune-interval\=86400 -fmodules-prune-after\=345600 -fbuild-session-file\=/Users/jamesalford/Library/Developer/Xcode/DerivedData/ModuleCache.noindex/Session.modulevalidation -fmodules-validate-once-per-build-session -Wnon-modular-include-in-framework-module -Werror\=non-modular-include-in-framework-module -Wno-trigraphs -Wno-missing-field-initializers -Wno-missing-prototypes -Wno-return-type -Wno-non-virtual-dtor -Wno-overloaded-virtual -Wno-exit-time-destructors -Wno-missing-braces -Wparentheses -Wswitch -Wno-unused-function -Wno-unused-label -Wno-unused-parameter -Wno-unused-variable -Wunused-value -Wno-empty-body -Wno-uninitialized -Wno-unknown-pragmas -w -Wno-shadow -Wno-four-char-constants -Wno-conversion -Wno-constant-conversion -Wno-int-conversion -Wno-bool-conversion -Wno-enum-conversion -Wno-float-conversion -Wno-non-literal-null-conversion -Wno-objc-literal-conversion -Wshorten-64-to-32 -Wno-newline-eof -Wno-c++11-extensions -Wno-implicit-fallthrough -fstrict-aliasing -Wdeprecated-declarations -Winvalid-offsetof -Wno-sign-conversion -Wno-infinite-recursion -Wno-move -Wno-comma -Wno-block-capture-autoreleasing -Wno-strict-prototypes -Wno-range-loop-analysis -Wno-semicolon-before-method-body -index-store-path /Users/jamesalford/Library/Developer/Xcode/DerivedData/NotedCore-ftviuoyqruynvwbzbngenbwxsygv/Index.noindex/DataStore @/Users/jamesalford/Library/Developer/Xcode/DerivedData/NotedCore-ftviuoyqruynvwbzbngenbwxsygv/Build/Intermediates.noindex/mlx-swift.build/Debug-iphonesimulator/Cmlx.build/Objects-normal/arm64/82b82416624d2658e5098eb0a28c15c5-common-args.resp -MMD -MT dependencies -MF /Users/jamesalford/Library/Developer/Xcode/DerivedData/NotedCore-ftviuoyqruynvwbzbngenbwxsygv/Build/Intermediates.noindex/mlx-swift.build/Debug-iphonesimulator/Cmlx.build/Objects-normal/arm64/sort-cdf1c1d713c4e0912c12d0748c4b6884.d --serialize-diagnostics /Users/jamesalford/Library/Developer/Xcode/DerivedData/NotedCore-ftviuoyqruynvwbzbngenbwxsygv/Build/Intermediates.noindex/mlx-swift.build/Debug-iphonesimulator/Cmlx.build/Objects-normal/arm64/sort-cdf1c1d713c4e0912c12d0748c4b6884.dia -c /Users/jamesalford/Library/Developer/Xcode/DerivedData/NotedCore-ftviuoyqruynvwbzbngenbwxsygv/SourcePackages/checkouts/mlx-swift/Source/Cmlx/mlx-generated/sort.cpp -o /Users/jamesalford/Library/Developer/Xcode/DerivedData/NotedCore-ftviuoyqruynvwbzbngenbwxsygv/Build/Intermediates.noindex/mlx-swift.build/Debug-iphonesimulator/Cmlx.build/Objects-normal/arm64/sort-cdf1c1d713c4e0912c12d0748c4b6884.o -index-unit-output-path /mlx-swift.build/Debug-iphonesimulator/Cmlx.build/Objects-normal/arm64/sort-cdf1c1d713c4e0912c12d0748c4b6884.o

CompileC /Users/jamesalford/Library/Developer/Xcode/DerivedData/NotedCore-ftviuoyqruynvwbzbngenbwxsygv/Build/Intermediates.noindex/mlx-swift.build/Debug-iphonesimulator/Cmlx.build/Objects-normal/arm64/sort-3eafd90d68f0c20f7b8c0fc6700282a0.o /Users/jamesalford/Library/Developer/Xcode/DerivedData/NotedCore-ftviuoyqruynvwbzbngenbwxsygv/SourcePackages/checkouts/mlx-swift/Source/Cmlx/mlx/mlx/backend/metal/sort.cpp normal arm64 c++ com.apple.compilers.llvm.clang.1_0.compiler (in target 'Cmlx' from project 'mlx-swift')
    cd /Users/jamesalford/Documents/NotedCore/NotedCore.xcodeproj
    
    Using response file: /Users/jamesalford/Library/Developer/Xcode/DerivedData/NotedCore-ftviuoyqruynvwbzbngenbwxsygv/Build/Intermediates.noindex/mlx-swift.build/Debug-iphonesimulator/Cmlx.build/Objects-normal/arm64/82b82416624d2658e5098eb0a28c15c5-common-args.resp
    
    /Applications/Xcode.app/Contents/Developer/Toolchains/XcodeDefault.xctoolchain/usr/bin/clang -x c++ -ivfsstatcache /Users/jamesalford/Library/Developer/Xcode/DerivedData/SDKStatCaches.noindex/iphonesimulator26.0-23A339-3885c01c3e6b6a337905948deab2002e26257891a6c027eb51374368541b8346.sdkstatcache -fmessage-length\=0 -fdiagnostics-show-note-include-stack -fmacro-backtrace-limit\=0 -fno-color-diagnostics -fmodules-prune-interval\=86400 -fmodules-prune-after\=345600 -fbuild-session-file\=/Users/jamesalford/Library/Developer/Xcode/DerivedData/ModuleCache.noindex/Session.modulevalidation -fmodules-validate-once-per-build-session -Wnon-modular-include-in-framework-module -Werror\=non-modular-include-in-framework-module -Wno-trigraphs -Wno-missing-field-initializers -Wno-missing-prototypes -Wno-return-type -Wno-non-virtual-dtor -Wno-overloaded-virtual -Wno-exit-time-destructors -Wno-missing-braces -Wparentheses -Wswitch -Wno-unused-function -Wno-unused-label -Wno-unused-parameter -Wno-unused-variable -Wunused-value -Wno-empty-body -Wno-uninitialized -Wno-unknown-pragmas -w -Wno-shadow -Wno-four-char-constants -Wno-conversion -Wno-constant-conversion -Wno-int-conversion -Wno-bool-conversion -Wno-enum-conversion -Wno-float-conversion -Wno-non-literal-null-conversion -Wno-objc-literal-conversion -Wshorten-64-to-32 -Wno-newline-eof -Wno-c++11-extensions -Wno-implicit-fallthrough -fstrict-aliasing -Wdeprecated-declarations -Winvalid-offsetof -Wno-sign-conversion -Wno-infinite-recursion -Wno-move -Wno-comma -Wno-block-capture-autoreleasing -Wno-strict-prototypes -Wno-range-loop-analysis -Wno-semicolon-before-method-body -index-store-path /Users/jamesalford/Library/Developer/Xcode/DerivedData/NotedCore-ftviuoyqruynvwbzbngenbwxsygv/Index.noindex/DataStore @/Users/jamesalford/Library/Developer/Xcode/DerivedData/NotedCore-ftviuoyqruynvwbzbngenbwxsygv/Build/Intermediates.noindex/mlx-swift.build/Debug-iphonesimulator/Cmlx.build/Objects-normal/arm64/82b82416624d2658e5098eb0a28c15c5-common-args.resp -MMD -MT dependencies -MF /Users/jamesalford/Library/Developer/Xcode/DerivedData/NotedCore-ftviuoyqruynvwbzbngenbwxsygv/Build/Intermediates.noindex/mlx-swift.build/Debug-iphonesimulator/Cmlx.build/Objects-normal/arm64/sort-3eafd90d68f0c20f7b8c0fc6700282a0.d --serialize-diagnostics /Users/jamesalford/Library/Developer/Xcode/DerivedData/NotedCore-ftviuoyqruynvwbzbngenbwxsygv/Build/Intermediates.noindex/mlx-swift.build/Debug-iphonesimulator/Cmlx.build/Objects-normal/arm64/sort-3eafd90d68f0c20f7b8c0fc6700282a0.dia -c /Users/jamesalford/Library/Developer/Xcode/DerivedData/NotedCore-ftviuoyqruynvwbzbngenbwxsygv/SourcePackages/checkouts/mlx-swift/Source/Cmlx/mlx/mlx/backend/metal/sort.cpp -o /Users/jamesalford/Library/Developer/Xcode/DerivedData/NotedCore-ftviuoyqruynvwbzbngenbwxsygv/Build/Intermediates.noindex/mlx-swift.build/Debug-iphonesimulator/Cmlx.build/Objects-normal/arm64/sort-3eafd90d68f0c20f7b8c0fc6700282a0.o -index-unit-output-path /mlx-swift.build/Debug-iphonesimulator/Cmlx.build/Objects-normal/arm64/sort-3eafd90d68f0c20f7b8c0fc6700282a0.o

CompileC /Users/jamesalford/Library/Developer/Xcode/DerivedData/NotedCore-ftviuoyqruynvwbzbngenbwxsygv/Build/Intermediates.noindex/mlx-swift.build/Debug-iphonesimulator/Cmlx.build/Objects-normal/arm64/sort-148671206a4d1f74f9494beb81fa0e6b.o /Users/jamesalford/Library/Developer/Xcode/DerivedData/NotedCore-ftviuoyqruynvwbzbngenbwxsygv/SourcePackages/checkouts/mlx-swift/Source/Cmlx/mlx/mlx/backend/cpu/sort.cpp normal arm64 c++ com.apple.compilers.llvm.clang.1_0.compiler (in target 'Cmlx' from project 'mlx-swift')
    cd /Users/jamesalford/Documents/NotedCore/NotedCore.xcodeproj
    
    Using response file: /Users/jamesalford/Library/Developer/Xcode/DerivedData/NotedCore-ftviuoyqruynvwbzbngenbwxsygv/Build/Intermediates.noindex/mlx-swift.build/Debug-iphonesimulator/Cmlx.build/Objects-normal/arm64/82b82416624d2658e5098eb0a28c15c5-common-args.resp
    
    /Applications/Xcode.app/Contents/Developer/Toolchains/XcodeDefault.xctoolchain/usr/bin/clang -x c++ -ivfsstatcache /Users/jamesalford/Library/Developer/Xcode/DerivedData/SDKStatCaches.noindex/iphonesimulator26.0-23A339-3885c01c3e6b6a337905948deab2002e26257891a6c027eb51374368541b8346.sdkstatcache -fmessage-length\=0 -fdiagnostics-show-note-include-stack -fmacro-backtrace-limit\=0 -fno-color-diagnostics -fmodules-prune-interval\=86400 -fmodules-prune-after\=345600 -fbuild-session-file\=/Users/jamesalford/Library/Developer/Xcode/DerivedData/ModuleCache.noindex/Session.modulevalidation -fmodules-validate-once-per-build-session -Wnon-modular-include-in-framework-module -Werror\=non-modular-include-in-framework-module -Wno-trigraphs -Wno-missing-field-initializers -Wno-missing-prototypes -Wno-return-type -Wno-non-virtual-dtor -Wno-overloaded-virtual -Wno-exit-time-destructors -Wno-missing-braces -Wparentheses -Wswitch -Wno-unused-function -Wno-unused-label -Wno-unused-parameter -Wno-unused-variable -Wunused-value -Wno-empty-body -Wno-uninitialized -Wno-unknown-pragmas -w -Wno-shadow -Wno-four-char-constants -Wno-conversion -Wno-constant-conversion -Wno-int-conversion -Wno-bool-conversion -Wno-enum-conversion -Wno-float-conversion -Wno-non-literal-null-conversion -Wno-objc-literal-conversion -Wshorten-64-to-32 -Wno-newline-eof -Wno-c++11-extensions -Wno-implicit-fallthrough -fstrict-aliasing -Wdeprecated-declarations -Winvalid-offsetof -Wno-sign-conversion -Wno-infinite-recursion -Wno-move -Wno-comma -Wno-block-capture-autoreleasing -Wno-strict-prototypes -Wno-range-loop-analysis -Wno-semicolon-before-method-body -index-store-path /Users/jamesalford/Library/Developer/Xcode/DerivedData/NotedCore-ftviuoyqruynvwbzbngenbwxsygv/Index.noindex/DataStore @/Users/jamesalford/Library/Developer/Xcode/DerivedData/NotedCore-ftviuoyqruynvwbzbngenbwxsygv/Build/Intermediates.noindex/mlx-swift.build/Debug-iphonesimulator/Cmlx.build/Objects-normal/arm64/82b82416624d2658e5098eb0a28c15c5-common-args.resp -MMD -MT dependencies -MF /Users/jamesalford/Library/Developer/Xcode/DerivedData/NotedCore-ftviuoyqruynvwbzbngenbwxsygv/Build/Intermediates.noindex/mlx-swift.build/Debug-iphonesimulator/Cmlx.build/Objects-normal/arm64/sort-148671206a4d1f74f9494beb81fa0e6b.d --serialize-diagnostics /Users/jamesalford/Library/Developer/Xcode/DerivedData/NotedCore-ftviuoyqruynvwbzbngenbwxsygv/Build/Intermediates.noindex/mlx-swift.build/Debug-iphonesimulator/Cmlx.build/Objects-normal/arm64/sort-148671206a4d1f74f9494beb81fa0e6b.dia -c /Users/jamesalford/Library/Developer/Xcode/DerivedData/NotedCore-ftviuoyqruynvwbzbngenbwxsygv/SourcePackages/checkouts/mlx-swift/Source/Cmlx/mlx/mlx/backend/cpu/sort.cpp -o /Users/jamesalford/Library/Developer/Xcode/DerivedData/NotedCore-ftviuoyqruynvwbzbngenbwxsygv/Build/Intermediates.noindex/mlx-swift.build/Debug-iphonesimulator/Cmlx.build/Objects-normal/arm64/sort-148671206a4d1f74f9494beb81fa0e6b.o -index-unit-output-path /mlx-swift.build/Debug-iphonesimulator/Cmlx.build/Objects-normal/arm64/sort-148671206a4d1f74f9494beb81fa0e6b.o

CompileC /Users/jamesalford/Library/Developer/Xcode/DerivedData/NotedCore-ftviuoyqruynvwbzbngenbwxsygv/Build/Intermediates.noindex/mlx-swift.build/Debug-iphonesimulator/Cmlx.build/Objects-normal/arm64/softmax-eef22a6ddfc3fd48295a60523d55f2a2.o /Users/jamesalford/Library/Developer/Xcode/DerivedData/NotedCore-ftviuoyqruynvwbzbngenbwxsygv/SourcePackages/checkouts/mlx-swift/Source/Cmlx/mlx-generated/softmax.cpp normal arm64 c++ com.apple.compilers.llvm.clang.1_0.compiler (in target 'Cmlx' from project 'mlx-swift')
    cd /Users/jamesalford/Documents/NotedCore/NotedCore.xcodeproj
    
    Using response file: /Users/jamesalford/Library/Developer/Xcode/DerivedData/NotedCore-ftviuoyqruynvwbzbngenbwxsygv/Build/Intermediates.noindex/mlx-swift.build/Debug-iphonesimulator/Cmlx.build/Objects-normal/arm64/82b82416624d2658e5098eb0a28c15c5-common-args.resp
    
    /Applications/Xcode.app/Contents/Developer/Toolchains/XcodeDefault.xctoolchain/usr/bin/clang -x c++ -ivfsstatcache /Users/jamesalford/Library/Developer/Xcode/DerivedData/SDKStatCaches.noindex/iphonesimulator26.0-23A339-3885c01c3e6b6a337905948deab2002e26257891a6c027eb51374368541b8346.sdkstatcache -fmessage-length\=0 -fdiagnostics-show-note-include-stack -fmacro-backtrace-limit\=0 -fno-color-diagnostics -fmodules-prune-interval\=86400 -fmodules-prune-after\=345600 -fbuild-session-file\=/Users/jamesalford/Library/Developer/Xcode/DerivedData/ModuleCache.noindex/Session.modulevalidation -fmodules-validate-once-per-build-session -Wnon-modular-include-in-framework-module -Werror\=non-modular-include-in-framework-module -Wno-trigraphs -Wno-missing-field-initializers -Wno-missing-prototypes -Wno-return-type -Wno-non-virtual-dtor -Wno-overloaded-virtual -Wno-exit-time-destructors -Wno-missing-braces -Wparentheses -Wswitch -Wno-unused-function -Wno-unused-label -Wno-unused-parameter -Wno-unused-variable -Wunused-value -Wno-empty-body -Wno-uninitialized -Wno-unknown-pragmas -w -Wno-shadow -Wno-four-char-constants -Wno-conversion -Wno-constant-conversion -Wno-int-conversion -Wno-bool-conversion -Wno-enum-conversion -Wno-float-conversion -Wno-non-literal-null-conversion -Wno-objc-literal-conversion -Wshorten-64-to-32 -Wno-newline-eof -Wno-c++11-extensions -Wno-implicit-fallthrough -fstrict-aliasing -Wdeprecated-declarations -Winvalid-offsetof -Wno-sign-conversion -Wno-infinite-recursion -Wno-move -Wno-comma -Wno-block-capture-autoreleasing -Wno-strict-prototypes -Wno-range-loop-analysis -Wno-semicolon-before-method-body -index-store-path /Users/jamesalford/Library/Developer/Xcode/DerivedData/NotedCore-ftviuoyqruynvwbzbngenbwxsygv/Index.noindex/DataStore @/Users/jamesalford/Library/Developer/Xcode/DerivedData/NotedCore-ftviuoyqruynvwbzbngenbwxsygv/Build/Intermediates.noindex/mlx-swift.build/Debug-iphonesimulator/Cmlx.build/Objects-normal/arm64/82b82416624d2658e5098eb0a28c15c5-common-args.resp -MMD -MT dependencies -MF /Users/jamesalford/Library/Developer/Xcode/DerivedData/NotedCore-ftviuoyqruynvwbzbngenbwxsygv/Build/Intermediates.noindex/mlx-swift.build/Debug-iphonesimulator/Cmlx.build/Objects-normal/arm64/softmax-eef22a6ddfc3fd48295a60523d55f2a2.d --serialize-diagnostics /Users/jamesalford/Library/Developer/Xcode/DerivedData/NotedCore-ftviuoyqruynvwbzbngenbwxsygv/Build/Intermediates.noindex/mlx-swift.build/Debug-iphonesimulator/Cmlx.build/Objects-normal/arm64/softmax-eef22a6ddfc3fd48295a60523d55f2a2.dia -c /Users/jamesalford/Library/Developer/Xcode/DerivedData/NotedCore-ftviuoyqruynvwbzbngenbwxsygv/SourcePackages/checkouts/mlx-swift/Source/Cmlx/mlx-generated/softmax.cpp -o /Users/jamesalford/Library/Developer/Xcode/DerivedData/NotedCore-ftviuoyqruynvwbzbngenbwxsygv/Build/Intermediates.noindex/mlx-swift.build/Debug-iphonesimulator/Cmlx.build/Objects-normal/arm64/softmax-eef22a6ddfc3fd48295a60523d55f2a2.o -index-unit-output-path /mlx-swift.build/Debug-iphonesimulator/Cmlx.build/Objects-normal/arm64/softmax-eef22a6ddfc3fd48295a60523d55f2a2.o

CompileC /Users/jamesalford/Library/Developer/Xcode/DerivedData/NotedCore-ftviuoyqruynvwbzbngenbwxsygv/Build/Intermediates.noindex/mlx-swift.build/Debug-iphonesimulator/Cmlx.build/Objects-normal/arm64/softmax-934ced01a032a454c3411d4cf7311b54.o /Users/jamesalford/Library/Developer/Xcode/DerivedData/NotedCore-ftviuoyqruynvwbzbngenbwxsygv/SourcePackages/checkouts/mlx-swift/Source/Cmlx/mlx/mlx/backend/cpu/softmax.cpp normal arm64 c++ com.apple.compilers.llvm.clang.1_0.compiler (in target 'Cmlx' from project 'mlx-swift')
    cd /Users/jamesalford/Documents/NotedCore/NotedCore.xcodeproj
    
    Using response file: /Users/jamesalford/Library/Developer/Xcode/DerivedData/NotedCore-ftviuoyqruynvwbzbngenbwxsygv/Build/Intermediates.noindex/mlx-swift.build/Debug-iphonesimulator/Cmlx.build/Objects-normal/arm64/82b82416624d2658e5098eb0a28c15c5-common-args.resp
    
    /Applications/Xcode.app/Contents/Developer/Toolchains/XcodeDefault.xctoolchain/usr/bin/clang -x c++ -ivfsstatcache /Users/jamesalford/Library/Developer/Xcode/DerivedData/SDKStatCaches.noindex/iphonesimulator26.0-23A339-3885c01c3e6b6a337905948deab2002e26257891a6c027eb51374368541b8346.sdkstatcache -fmessage-length\=0 -fdiagnostics-show-note-include-stack -fmacro-backtrace-limit\=0 -fno-color-diagnostics -fmodules-prune-interval\=86400 -fmodules-prune-after\=345600 -fbuild-session-file\=/Users/jamesalford/Library/Developer/Xcode/DerivedData/ModuleCache.noindex/Session.modulevalidation -fmodules-validate-once-per-build-session -Wnon-modular-include-in-framework-module -Werror\=non-modular-include-in-framework-module -Wno-trigraphs -Wno-missing-field-initializers -Wno-missing-prototypes -Wno-return-type -Wno-non-virtual-dtor -Wno-overloaded-virtual -Wno-exit-time-destructors -Wno-missing-braces -Wparentheses -Wswitch -Wno-unused-function -Wno-unused-label -Wno-unused-parameter -Wno-unused-variable -Wunused-value -Wno-empty-body -Wno-uninitialized -Wno-unknown-pragmas -w -Wno-shadow -Wno-four-char-constants -Wno-conversion -Wno-constant-conversion -Wno-int-conversion -Wno-bool-conversion -Wno-enum-conversion -Wno-float-conversion -Wno-non-literal-null-conversion -Wno-objc-literal-conversion -Wshorten-64-to-32 -Wno-newline-eof -Wno-c++11-extensions -Wno-implicit-fallthrough -fstrict-aliasing -Wdeprecated-declarations -Winvalid-offsetof -Wno-sign-conversion -Wno-infinite-recursion -Wno-move -Wno-comma -Wno-block-capture-autoreleasing -Wno-strict-prototypes -Wno-range-loop-analysis -Wno-semicolon-before-method-body -index-store-path /Users/jamesalford/Library/Developer/Xcode/DerivedData/NotedCore-ftviuoyqruynvwbzbngenbwxsygv/Index.noindex/DataStore @/Users/jamesalford/Library/Developer/Xcode/DerivedData/NotedCore-ftviuoyqruynvwbzbngenbwxsygv/Build/Intermediates.noindex/mlx-swift.build/Debug-iphonesimulator/Cmlx.build/Objects-normal/arm64/82b82416624d2658e5098eb0a28c15c5-common-args.resp -MMD -MT dependencies -MF /Users/jamesalford/Library/Developer/Xcode/DerivedData/NotedCore-ftviuoyqruynvwbzbngenbwxsygv/Build/Intermediates.noindex/mlx-swift.build/Debug-iphonesimulator/Cmlx.build/Objects-normal/arm64/softmax-934ced01a032a454c3411d4cf7311b54.d --serialize-diagnostics /Users/jamesalford/Library/Developer/Xcode/DerivedData/NotedCore-ftviuoyqruynvwbzbngenbwxsygv/Build/Intermediates.noindex/mlx-swift.build/Debug-iphonesimulator/Cmlx.build/Objects-normal/arm64/softmax-934ced01a032a454c3411d4cf7311b54.dia -c /Users/jamesalford/Library/Developer/Xcode/DerivedData/NotedCore-ftviuoyqruynvwbzbngenbwxsygv/SourcePackages/checkouts/mlx-swift/Source/Cmlx/mlx/mlx/backend/cpu/softmax.cpp -o /Users/jamesalford/Library/Developer/Xcode/DerivedData/NotedCore-ftviuoyqruynvwbzbngenbwxsygv/Build/Intermediates.noindex/mlx-swift.build/Debug-iphonesimulator/Cmlx.build/Objects-normal/arm64/softmax-934ced01a032a454c3411d4cf7311b54.o -index-unit-output-path /mlx-swift.build/Debug-iphonesimulator/Cmlx.build/Objects-normal/arm64/softmax-934ced01a032a454c3411d4cf7311b54.o

CompileC /Users/jamesalford/Library/Developer/Xcode/DerivedData/NotedCore-ftviuoyqruynvwbzbngenbwxsygv/Build/Intermediates.noindex/mlx-swift.build/Debug-iphonesimulator/Cmlx.build/Objects-normal/arm64/softmax-7cddd065f3b5ce35552f942321825d43.o /Users/jamesalford/Library/Developer/Xcode/DerivedData/NotedCore-ftviuoyqruynvwbzbngenbwxsygv/SourcePackages/checkouts/mlx-swift/Source/Cmlx/mlx/mlx/backend/metal/softmax.cpp normal arm64 c++ com.apple.compilers.llvm.clang.1_0.compiler (in target 'Cmlx' from project 'mlx-swift')
    cd /Users/jamesalford/Documents/NotedCore/NotedCore.xcodeproj
    
    Using response file: /Users/jamesalford/Library/Developer/Xcode/DerivedData/NotedCore-ftviuoyqruynvwbzbngenbwxsygv/Build/Intermediates.noindex/mlx-swift.build/Debug-iphonesimulator/Cmlx.build/Objects-normal/arm64/82b82416624d2658e5098eb0a28c15c5-common-args.resp
    
    /Applications/Xcode.app/Contents/Developer/Toolchains/XcodeDefault.xctoolchain/usr/bin/clang -x c++ -ivfsstatcache /Users/jamesalford/Library/Developer/Xcode/DerivedData/SDKStatCaches.noindex/iphonesimulator26.0-23A339-3885c01c3e6b6a337905948deab2002e26257891a6c027eb51374368541b8346.sdkstatcache -fmessage-length\=0 -fdiagnostics-show-note-include-stack -fmacro-backtrace-limit\=0 -fno-color-diagnostics -fmodules-prune-interval\=86400 -fmodules-prune-after\=345600 -fbuild-session-file\=/Users/jamesalford/Library/Developer/Xcode/DerivedData/ModuleCache.noindex/Session.modulevalidation -fmodules-validate-once-per-build-session -Wnon-modular-include-in-framework-module -Werror\=non-modular-include-in-framework-module -Wno-trigraphs -Wno-missing-field-initializers -Wno-missing-prototypes -Wno-return-type -Wno-non-virtual-dtor -Wno-overloaded-virtual -Wno-exit-time-destructors -Wno-missing-braces -Wparentheses -Wswitch -Wno-unused-function -Wno-unused-label -Wno-unused-parameter -Wno-unused-variable -Wunused-value -Wno-empty-body -Wno-uninitialized -Wno-unknown-pragmas -w -Wno-shadow -Wno-four-char-constants -Wno-conversion -Wno-constant-conversion -Wno-int-conversion -Wno-bool-conversion -Wno-enum-conversion -Wno-float-conversion -Wno-non-literal-null-conversion -Wno-objc-literal-conversion -Wshorten-64-to-32 -Wno-newline-eof -Wno-c++11-extensions -Wno-implicit-fallthrough -fstrict-aliasing -Wdeprecated-declarations -Winvalid-offsetof -Wno-sign-conversion -Wno-infinite-recursion -Wno-move -Wno-comma -Wno-block-capture-autoreleasing -Wno-strict-prototypes -Wno-range-loop-analysis -Wno-semicolon-before-method-body -index-store-path /Users/jamesalford/Library/Developer/Xcode/DerivedData/NotedCore-ftviuoyqruynvwbzbngenbwxsygv/Index.noindex/DataStore @/Users/jamesalford/Library/Developer/Xcode/DerivedData/NotedCore-ftviuoyqruynvwbzbngenbwxsygv/Build/Intermediates.noindex/mlx-swift.build/Debug-iphonesimulator/Cmlx.build/Objects-normal/arm64/82b82416624d2658e5098eb0a28c15c5-common-args.resp -MMD -MT dependencies -MF /Users/jamesalford/Library/Developer/Xcode/DerivedData/NotedCore-ftviuoyqruynvwbzbngenbwxsygv/Build/Intermediates.noindex/mlx-swift.build/Debug-iphonesimulator/Cmlx.build/Objects-normal/arm64/softmax-7cddd065f3b5ce35552f942321825d43.d --serialize-diagnostics /Users/jamesalford/Library/Developer/Xcode/DerivedData/NotedCore-ftviuoyqruynvwbzbngenbwxsygv/Build/Intermediates.noindex/mlx-swift.build/Debug-iphonesimulator/Cmlx.build/Objects-normal/arm64/softmax-7cddd065f3b5ce35552f942321825d43.dia -c /Users/jamesalford/Library/Developer/Xcode/DerivedData/NotedCore-ftviuoyqruynvwbzbngenbwxsygv/SourcePackages/checkouts/mlx-swift/Source/Cmlx/mlx/mlx/backend/metal/softmax.cpp -o /Users/jamesalford/Library/Developer/Xcode/DerivedData/NotedCore-ftviuoyqruynvwbzbngenbwxsygv/Build/Intermediates.noindex/mlx-swift.build/Debug-iphonesimulator/Cmlx.build/Objects-normal/arm64/softmax-7cddd065f3b5ce35552f942321825d43.o -index-unit-output-path /mlx-swift.build/Debug-iphonesimulator/Cmlx.build/Objects-normal/arm64/softmax-7cddd065f3b5ce35552f942321825d43.o

CompileC /Users/jamesalford/Library/Developer/Xcode/DerivedData/NotedCore-ftviuoyqruynvwbzbngenbwxsygv/Build/Intermediates.noindex/mlx-swift.build/Debug-iphonesimulator/Cmlx.build/Objects-normal/arm64/slicing-5d4fc61de0271d0abc3e1bb22b2e9b86.o /Users/jamesalford/Library/Developer/Xcode/DerivedData/NotedCore-ftviuoyqruynvwbzbngenbwxsygv/SourcePackages/checkouts/mlx-swift/Source/Cmlx/mlx/mlx/backend/common/slicing.cpp normal arm64 c++ com.apple.compilers.llvm.clang.1_0.compiler (in target 'Cmlx' from project 'mlx-swift')
    cd /Users/jamesalford/Documents/NotedCore/NotedCore.xcodeproj
    
    Using response file: /Users/jamesalford/Library/Developer/Xcode/DerivedData/NotedCore-ftviuoyqruynvwbzbngenbwxsygv/Build/Intermediates.noindex/mlx-swift.build/Debug-iphonesimulator/Cmlx.build/Objects-normal/arm64/82b82416624d2658e5098eb0a28c15c5-common-args.resp
    
    /Applications/Xcode.app/Contents/Developer/Toolchains/XcodeDefault.xctoolchain/usr/bin/clang -x c++ -ivfsstatcache /Users/jamesalford/Library/Developer/Xcode/DerivedData/SDKStatCaches.noindex/iphonesimulator26.0-23A339-3885c01c3e6b6a337905948deab2002e26257891a6c027eb51374368541b8346.sdkstatcache -fmessage-length\=0 -fdiagnostics-show-note-include-stack -fmacro-backtrace-limit\=0 -fno-color-diagnostics -fmodules-prune-interval\=86400 -fmodules-prune-after\=345600 -fbuild-session-file\=/Users/jamesalford/Library/Developer/Xcode/DerivedData/ModuleCache.noindex/Session.modulevalidation -fmodules-validate-once-per-build-session -Wnon-modular-include-in-framework-module -Werror\=non-modular-include-in-framework-module -Wno-trigraphs -Wno-missing-field-initializers -Wno-missing-prototypes -Wno-return-type -Wno-non-virtual-dtor -Wno-overloaded-virtual -Wno-exit-time-destructors -Wno-missing-braces -Wparentheses -Wswitch -Wno-unused-function -Wno-unused-label -Wno-unused-parameter -Wno-unused-variable -Wunused-value -Wno-empty-body -Wno-uninitialized -Wno-unknown-pragmas -w -Wno-shadow -Wno-four-char-constants -Wno-conversion -Wno-constant-conversion -Wno-int-conversion -Wno-bool-conversion -Wno-enum-conversion -Wno-float-conversion -Wno-non-literal-null-conversion -Wno-objc-literal-conversion -Wshorten-64-to-32 -Wno-newline-eof -Wno-c++11-extensions -Wno-implicit-fallthrough -fstrict-aliasing -Wdeprecated-declarations -Winvalid-offsetof -Wno-sign-conversion -Wno-infinite-recursion -Wno-move -Wno-comma -Wno-block-capture-autoreleasing -Wno-strict-prototypes -Wno-range-loop-analysis -Wno-semicolon-before-method-body -index-store-path /Users/jamesalford/Library/Developer/Xcode/DerivedData/NotedCore-ftviuoyqruynvwbzbngenbwxsygv/Index.noindex/DataStore @/Users/jamesalford/Library/Developer/Xcode/DerivedData/NotedCore-ftviuoyqruynvwbzbngenbwxsygv/Build/Intermediates.noindex/mlx-swift.build/Debug-iphonesimulator/Cmlx.build/Objects-normal/arm64/82b82416624d2658e5098eb0a28c15c5-common-args.resp -MMD -MT dependencies -MF /Users/jamesalford/Library/Developer/Xcode/DerivedData/NotedCore-ftviuoyqruynvwbzbngenbwxsygv/Build/Intermediates.noindex/mlx-swift.build/Debug-iphonesimulator/Cmlx.build/Objects-normal/arm64/slicing-5d4fc61de0271d0abc3e1bb22b2e9b86.d --serialize-diagnostics /Users/jamesalford/Library/Developer/Xcode/DerivedData/NotedCore-ftviuoyqruynvwbzbngenbwxsygv/Build/Intermediates.noindex/mlx-swift.build/Debug-iphonesimulator/Cmlx.build/Objects-normal/arm64/slicing-5d4fc61de0271d0abc3e1bb22b2e9b86.dia -c /Users/jamesalford/Library/Developer/Xcode/DerivedData/NotedCore-ftviuoyqruynvwbzbngenbwxsygv/SourcePackages/checkouts/mlx-swift/Source/Cmlx/mlx/mlx/backend/common/slicing.cpp -o /Users/jamesalford/Library/Developer/Xcode/DerivedData/NotedCore-ftviuoyqruynvwbzbngenbwxsygv/Build/Intermediates.noindex/mlx-swift.build/Debug-iphonesimulator/Cmlx.build/Objects-normal/arm64/slicing-5d4fc61de0271d0abc3e1bb22b2e9b86.o -index-unit-output-path /mlx-swift.build/Debug-iphonesimulator/Cmlx.build/Objects-normal/arm64/slicing-5d4fc61de0271d0abc3e1bb22b2e9b86.o

CompileC /Users/jamesalford/Library/Developer/Xcode/DerivedData/NotedCore-ftviuoyqruynvwbzbngenbwxsygv/Build/Intermediates.noindex/mlx-swift.build/Debug-iphonesimulator/Cmlx.build/Objects-normal/arm64/slicing-2bf0199cd8d7359530e1a4481d06901a.o /Users/jamesalford/Library/Developer/Xcode/DerivedData/NotedCore-ftviuoyqruynvwbzbngenbwxsygv/SourcePackages/checkouts/mlx-swift/Source/Cmlx/mlx/mlx/backend/metal/slicing.cpp normal arm64 c++ com.apple.compilers.llvm.clang.1_0.compiler (in target 'Cmlx' from project 'mlx-swift')
    cd /Users/jamesalford/Documents/NotedCore/NotedCore.xcodeproj
    
    Using response file: /Users/jamesalford/Library/Developer/Xcode/DerivedData/NotedCore-ftviuoyqruynvwbzbngenbwxsygv/Build/Intermediates.noindex/mlx-swift.build/Debug-iphonesimulator/Cmlx.build/Objects-normal/arm64/82b82416624d2658e5098eb0a28c15c5-common-args.resp
    
    /Applications/Xcode.app/Contents/Developer/Toolchains/XcodeDefault.xctoolchain/usr/bin/clang -x c++ -ivfsstatcache /Users/jamesalford/Library/Developer/Xcode/DerivedData/SDKStatCaches.noindex/iphonesimulator26.0-23A339-3885c01c3e6b6a337905948deab2002e26257891a6c027eb51374368541b8346.sdkstatcache -fmessage-length\=0 -fdiagnostics-show-note-include-stack -fmacro-backtrace-limit\=0 -fno-color-diagnostics -fmodules-prune-interval\=86400 -fmodules-prune-after\=345600 -fbuild-session-file\=/Users/jamesalford/Library/Developer/Xcode/DerivedData/ModuleCache.noindex/Session.modulevalidation -fmodules-validate-once-per-build-session -Wnon-modular-include-in-framework-module -Werror\=non-modular-include-in-framework-module -Wno-trigraphs -Wno-missing-field-initializers -Wno-missing-prototypes -Wno-return-type -Wno-non-virtual-dtor -Wno-overloaded-virtual -Wno-exit-time-destructors -Wno-missing-braces -Wparentheses -Wswitch -Wno-unused-function -Wno-unused-label -Wno-unused-parameter -Wno-unused-variable -Wunused-value -Wno-empty-body -Wno-uninitialized -Wno-unknown-pragmas -w -Wno-shadow -Wno-four-char-constants -Wno-conversion -Wno-constant-conversion -Wno-int-conversion -Wno-bool-conversion -Wno-enum-conversion -Wno-float-conversion -Wno-non-literal-null-conversion -Wno-objc-literal-conversion -Wshorten-64-to-32 -Wno-newline-eof -Wno-c++11-extensions -Wno-implicit-fallthrough -fstrict-aliasing -Wdeprecated-declarations -Winvalid-offsetof -Wno-sign-conversion -Wno-infinite-recursion -Wno-move -Wno-comma -Wno-block-capture-autoreleasing -Wno-strict-prototypes -Wno-range-loop-analysis -Wno-semicolon-before-method-body -index-store-path /Users/jamesalford/Library/Developer/Xcode/DerivedData/NotedCore-ftviuoyqruynvwbzbngenbwxsygv/Index.noindex/DataStore @/Users/jamesalford/Library/Developer/Xcode/DerivedData/NotedCore-ftviuoyqruynvwbzbngenbwxsygv/Build/Intermediates.noindex/mlx-swift.build/Debug-iphonesimulator/Cmlx.build/Objects-normal/arm64/82b82416624d2658e5098eb0a28c15c5-common-args.resp -MMD -MT dependencies -MF /Users/jamesalford/Library/Developer/Xcode/DerivedData/NotedCore-ftviuoyqruynvwbzbngenbwxsygv/Build/Intermediates.noindex/mlx-swift.build/Debug-iphonesimulator/Cmlx.build/Objects-normal/arm64/slicing-2bf0199cd8d7359530e1a4481d06901a.d --serialize-diagnostics /Users/jamesalford/Library/Developer/Xcode/DerivedData/NotedCore-ftviuoyqruynvwbzbngenbwxsygv/Build/Intermediates.noindex/mlx-swift.build/Debug-iphonesimulator/Cmlx.build/Objects-normal/arm64/slicing-2bf0199cd8d7359530e1a4481d06901a.dia -c /Users/jamesalford/Library/Developer/Xcode/DerivedData/NotedCore-ftviuoyqruynvwbzbngenbwxsygv/SourcePackages/checkouts/mlx-swift/Source/Cmlx/mlx/mlx/backend/metal/slicing.cpp -o /Users/jamesalford/Library/Developer/Xcode/DerivedData/NotedCore-ftviuoyqruynvwbzbngenbwxsygv/Build/Intermediates.noindex/mlx-swift.build/Debug-iphonesimulator/Cmlx.build/Objects-normal/arm64/slicing-2bf0199cd8d7359530e1a4481d06901a.o -index-unit-output-path /mlx-swift.build/Debug-iphonesimulator/Cmlx.build/Objects-normal/arm64/slicing-2bf0199cd8d7359530e1a4481d06901a.o

CompileC /Users/jamesalford/Library/Developer/Xcode/DerivedData/NotedCore-ftviuoyqruynvwbzbngenbwxsygv/Build/Intermediates.noindex/mlx-swift.build/Debug-iphonesimulator/Cmlx.build/Objects-normal/arm64/select.o /Users/jamesalford/Library/Developer/Xcode/DerivedData/NotedCore-ftviuoyqruynvwbzbngenbwxsygv/SourcePackages/checkouts/mlx-swift/Source/Cmlx/mlx/mlx/backend/cpu/select.cpp normal arm64 c++ com.apple.compilers.llvm.clang.1_0.compiler (in target 'Cmlx' from project 'mlx-swift')
    cd /Users/jamesalford/Documents/NotedCore/NotedCore.xcodeproj
    
    Using response file: /Users/jamesalford/Library/Developer/Xcode/DerivedData/NotedCore-ftviuoyqruynvwbzbngenbwxsygv/Build/Intermediates.noindex/mlx-swift.build/Debug-iphonesimulator/Cmlx.build/Objects-normal/arm64/82b82416624d2658e5098eb0a28c15c5-common-args.resp
    
    /Applications/Xcode.app/Contents/Developer/Toolchains/XcodeDefault.xctoolchain/usr/bin/clang -x c++ -ivfsstatcache /Users/jamesalford/Library/Developer/Xcode/DerivedData/SDKStatCaches.noindex/iphonesimulator26.0-23A339-3885c01c3e6b6a337905948deab2002e26257891a6c027eb51374368541b8346.sdkstatcache -fmessage-length\=0 -fdiagnostics-show-note-include-stack -fmacro-backtrace-limit\=0 -fno-color-diagnostics -fmodules-prune-interval\=86400 -fmodules-prune-after\=345600 -fbuild-session-file\=/Users/jamesalford/Library/Developer/Xcode/DerivedData/ModuleCache.noindex/Session.modulevalidation -fmodules-validate-once-per-build-session -Wnon-modular-include-in-framework-module -Werror\=non-modular-include-in-framework-module -Wno-trigraphs -Wno-missing-field-initializers -Wno-missing-prototypes -Wno-return-type -Wno-non-virtual-dtor -Wno-overloaded-virtual -Wno-exit-time-destructors -Wno-missing-braces -Wparentheses -Wswitch -Wno-unused-function -Wno-unused-label -Wno-unused-parameter -Wno-unused-variable -Wunused-value -Wno-empty-body -Wno-uninitialized -Wno-unknown-pragmas -w -Wno-shadow -Wno-four-char-constants -Wno-conversion -Wno-constant-conversion -Wno-int-conversion -Wno-bool-conversion -Wno-enum-conversion -Wno-float-conversion -Wno-non-literal-null-conversion -Wno-objc-literal-conversion -Wshorten-64-to-32 -Wno-newline-eof -Wno-c++11-extensions -Wno-implicit-fallthrough -fstrict-aliasing -Wdeprecated-declarations -Winvalid-offsetof -Wno-sign-conversion -Wno-infinite-recursion -Wno-move -Wno-comma -Wno-block-capture-autoreleasing -Wno-strict-prototypes -Wno-range-loop-analysis -Wno-semicolon-before-method-body -index-store-path /Users/jamesalford/Library/Developer/Xcode/DerivedData/NotedCore-ftviuoyqruynvwbzbngenbwxsygv/Index.noindex/DataStore @/Users/jamesalford/Library/Developer/Xcode/DerivedData/NotedCore-ftviuoyqruynvwbzbngenbwxsygv/Build/Intermediates.noindex/mlx-swift.build/Debug-iphonesimulator/Cmlx.build/Objects-normal/arm64/82b82416624d2658e5098eb0a28c15c5-common-args.resp -MMD -MT dependencies -MF /Users/jamesalford/Library/Developer/Xcode/DerivedData/NotedCore-ftviuoyqruynvwbzbngenbwxsygv/Build/Intermediates.noindex/mlx-swift.build/Debug-iphonesimulator/Cmlx.build/Objects-normal/arm64/select.d --serialize-diagnostics /Users/jamesalford/Library/Developer/Xcode/DerivedData/NotedCore-ftviuoyqruynvwbzbngenbwxsygv/Build/Intermediates.noindex/mlx-swift.build/Debug-iphonesimulator/Cmlx.build/Objects-normal/arm64/select.dia -c /Users/jamesalford/Library/Developer/Xcode/DerivedData/NotedCore-ftviuoyqruynvwbzbngenbwxsygv/SourcePackages/checkouts/mlx-swift/Source/Cmlx/mlx/mlx/backend/cpu/select.cpp -o /Users/jamesalford/Library/Developer/Xcode/DerivedData/NotedCore-ftviuoyqruynvwbzbngenbwxsygv/Build/Intermediates.noindex/mlx-swift.build/Debug-iphonesimulator/Cmlx.build/Objects-normal/arm64/select.o -index-unit-output-path /mlx-swift.build/Debug-iphonesimulator/Cmlx.build/Objects-normal/arm64/select.o

CompileC /Users/jamesalford/Library/Developer/Xcode/DerivedData/NotedCore-ftviuoyqruynvwbzbngenbwxsygv/Build/Intermediates.noindex/mlx-swift.build/Debug-iphonesimulator/Cmlx.build/Objects-normal/arm64/scatter_axis.o /Users/jamesalford/Library/Developer/Xcode/DerivedData/NotedCore-ftviuoyqruynvwbzbngenbwxsygv/SourcePackages/checkouts/mlx-swift/Source/Cmlx/mlx-generated/scatter_axis.cpp normal arm64 c++ com.apple.compilers.llvm.clang.1_0.compiler (in target 'Cmlx' from project 'mlx-swift')
    cd /Users/jamesalford/Documents/NotedCore/NotedCore.xcodeproj
    
    Using response file: /Users/jamesalford/Library/Developer/Xcode/DerivedData/NotedCore-ftviuoyqruynvwbzbngenbwxsygv/Build/Intermediates.noindex/mlx-swift.build/Debug-iphonesimulator/Cmlx.build/Objects-normal/arm64/82b82416624d2658e5098eb0a28c15c5-common-args.resp
    
    /Applications/Xcode.app/Contents/Developer/Toolchains/XcodeDefault.xctoolchain/usr/bin/clang -x c++ -ivfsstatcache /Users/jamesalford/Library/Developer/Xcode/DerivedData/SDKStatCaches.noindex/iphonesimulator26.0-23A339-3885c01c3e6b6a337905948deab2002e26257891a6c027eb51374368541b8346.sdkstatcache -fmessage-length\=0 -fdiagnostics-show-note-include-stack -fmacro-backtrace-limit\=0 -fno-color-diagnostics -fmodules-prune-interval\=86400 -fmodules-prune-after\=345600 -fbuild-session-file\=/Users/jamesalford/Library/Developer/Xcode/DerivedData/ModuleCache.noindex/Session.modulevalidation -fmodules-validate-once-per-build-session -Wnon-modular-include-in-framework-module -Werror\=non-modular-include-in-framework-module -Wno-trigraphs -Wno-missing-field-initializers -Wno-missing-prototypes -Wno-return-type -Wno-non-virtual-dtor -Wno-overloaded-virtual -Wno-exit-time-destructors -Wno-missing-braces -Wparentheses -Wswitch -Wno-unused-function -Wno-unused-label -Wno-unused-parameter -Wno-unused-variable -Wunused-value -Wno-empty-body -Wno-uninitialized -Wno-unknown-pragmas -w -Wno-shadow -Wno-four-char-constants -Wno-conversion -Wno-constant-conversion -Wno-int-conversion -Wno-bool-conversion -Wno-enum-conversion -Wno-float-conversion -Wno-non-literal-null-conversion -Wno-objc-literal-conversion -Wshorten-64-to-32 -Wno-newline-eof -Wno-c++11-extensions -Wno-implicit-fallthrough -fstrict-aliasing -Wdeprecated-declarations -Winvalid-offsetof -Wno-sign-conversion -Wno-infinite-recursion -Wno-move -Wno-comma -Wno-block-capture-autoreleasing -Wno-strict-prototypes -Wno-range-loop-analysis -Wno-semicolon-before-method-body -index-store-path /Users/jamesalford/Library/Developer/Xcode/DerivedData/NotedCore-ftviuoyqruynvwbzbngenbwxsygv/Index.noindex/DataStore @/Users/jamesalford/Library/Developer/Xcode/DerivedData/NotedCore-ftviuoyqruynvwbzbngenbwxsygv/Build/Intermediates.noindex/mlx-swift.build/Debug-iphonesimulator/Cmlx.build/Objects-normal/arm64/82b82416624d2658e5098eb0a28c15c5-common-args.resp -MMD -MT dependencies -MF /Users/jamesalford/Library/Developer/Xcode/DerivedData/NotedCore-ftviuoyqruynvwbzbngenbwxsygv/Build/Intermediates.noindex/mlx-swift.build/Debug-iphonesimulator/Cmlx.build/Objects-normal/arm64/scatter_axis.d --serialize-diagnostics /Users/jamesalford/Library/Developer/Xcode/DerivedData/NotedCore-ftviuoyqruynvwbzbngenbwxsygv/Build/Intermediates.noindex/mlx-swift.build/Debug-iphonesimulator/Cmlx.build/Objects-normal/arm64/scatter_axis.dia -c /Users/jamesalford/Library/Developer/Xcode/DerivedData/NotedCore-ftviuoyqruynvwbzbngenbwxsygv/SourcePackages/checkouts/mlx-swift/Source/Cmlx/mlx-generated/scatter_axis.cpp -o /Users/jamesalford/Library/Developer/Xcode/DerivedData/NotedCore-ftviuoyqruynvwbzbngenbwxsygv/Build/Intermediates.noindex/mlx-swift.build/Debug-iphonesimulator/Cmlx.build/Objects-normal/arm64/scatter_axis.o -index-unit-output-path /mlx-swift.build/Debug-iphonesimulator/Cmlx.build/Objects-normal/arm64/scatter_axis.o

CompileC /Users/jamesalford/Library/Developer/Xcode/DerivedData/NotedCore-ftviuoyqruynvwbzbngenbwxsygv/Build/Intermediates.noindex/mlx-swift.build/Debug-iphonesimulator/Cmlx.build/Objects-normal/arm64/scatter.o /Users/jamesalford/Library/Developer/Xcode/DerivedData/NotedCore-ftviuoyqruynvwbzbngenbwxsygv/SourcePackages/checkouts/mlx-swift/Source/Cmlx/mlx-generated/scatter.cpp normal arm64 c++ com.apple.compilers.llvm.clang.1_0.compiler (in target 'Cmlx' from project 'mlx-swift')
    cd /Users/jamesalford/Documents/NotedCore/NotedCore.xcodeproj
    
    Using response file: /Users/jamesalford/Library/Developer/Xcode/DerivedData/NotedCore-ftviuoyqruynvwbzbngenbwxsygv/Build/Intermediates.noindex/mlx-swift.build/Debug-iphonesimulator/Cmlx.build/Objects-normal/arm64/82b82416624d2658e5098eb0a28c15c5-common-args.resp
    
    /Applications/Xcode.app/Contents/Developer/Toolchains/XcodeDefault.xctoolchain/usr/bin/clang -x c++ -ivfsstatcache /Users/jamesalford/Library/Developer/Xcode/DerivedData/SDKStatCaches.noindex/iphonesimulator26.0-23A339-3885c01c3e6b6a337905948deab2002e26257891a6c027eb51374368541b8346.sdkstatcache -fmessage-length\=0 -fdiagnostics-show-note-include-stack -fmacro-backtrace-limit\=0 -fno-color-diagnostics -fmodules-prune-interval\=86400 -fmodules-prune-after\=345600 -fbuild-session-file\=/Users/jamesalford/Library/Developer/Xcode/DerivedData/ModuleCache.noindex/Session.modulevalidation -fmodules-validate-once-per-build-session -Wnon-modular-include-in-framework-module -Werror\=non-modular-include-in-framework-module -Wno-trigraphs -Wno-missing-field-initializers -Wno-missing-prototypes -Wno-return-type -Wno-non-virtual-dtor -Wno-overloaded-virtual -Wno-exit-time-destructors -Wno-missing-braces -Wparentheses -Wswitch -Wno-unused-function -Wno-unused-label -Wno-unused-parameter -Wno-unused-variable -Wunused-value -Wno-empty-body -Wno-uninitialized -Wno-unknown-pragmas -w -Wno-shadow -Wno-four-char-constants -Wno-conversion -Wno-constant-conversion -Wno-int-conversion -Wno-bool-conversion -Wno-enum-conversion -Wno-float-conversion -Wno-non-literal-null-conversion -Wno-objc-literal-conversion -Wshorten-64-to-32 -Wno-newline-eof -Wno-c++11-extensions -Wno-implicit-fallthrough -fstrict-aliasing -Wdeprecated-declarations -Winvalid-offsetof -Wno-sign-conversion -Wno-infinite-recursion -Wno-move -Wno-comma -Wno-block-capture-autoreleasing -Wno-strict-prototypes -Wno-range-loop-analysis -Wno-semicolon-before-method-body -index-store-path /Users/jamesalford/Library/Developer/Xcode/DerivedData/NotedCore-ftviuoyqruynvwbzbngenbwxsygv/Index.noindex/DataStore @/Users/jamesalford/Library/Developer/Xcode/DerivedData/NotedCore-ftviuoyqruynvwbzbngenbwxsygv/Build/Intermediates.noindex/mlx-swift.build/Debug-iphonesimulator/Cmlx.build/Objects-normal/arm64/82b82416624d2658e5098eb0a28c15c5-common-args.resp -MMD -MT dependencies -MF /Users/jamesalford/Library/Developer/Xcode/DerivedData/NotedCore-ftviuoyqruynvwbzbngenbwxsygv/Build/Intermediates.noindex/mlx-swift.build/Debug-iphonesimulator/Cmlx.build/Objects-normal/arm64/scatter.d --serialize-diagnostics /Users/jamesalford/Library/Developer/Xcode/DerivedData/NotedCore-ftviuoyqruynvwbzbngenbwxsygv/Build/Intermediates.noindex/mlx-swift.build/Debug-iphonesimulator/Cmlx.build/Objects-normal/arm64/scatter.dia -c /Users/jamesalford/Library/Developer/Xcode/DerivedData/NotedCore-ftviuoyqruynvwbzbngenbwxsygv/SourcePackages/checkouts/mlx-swift/Source/Cmlx/mlx-generated/scatter.cpp -o /Users/jamesalford/Library/Developer/Xcode/DerivedData/NotedCore-ftviuoyqruynvwbzbngenbwxsygv/Build/Intermediates.noindex/mlx-swift.build/Debug-iphonesimulator/Cmlx.build/Objects-normal/arm64/scatter.o -index-unit-output-path /mlx-swift.build/Debug-iphonesimulator/Cmlx.build/Objects-normal/arm64/scatter.o

CompileC /Users/jamesalford/Library/Developer/Xcode/DerivedData/NotedCore-ftviuoyqruynvwbzbngenbwxsygv/Build/Intermediates.noindex/mlx-swift.build/Debug-iphonesimulator/Cmlx.build/Objects-normal/arm64/scan-6d65a5c517caa153aff9505c16435914.o /Users/jamesalford/Library/Developer/Xcode/DerivedData/NotedCore-ftviuoyqruynvwbzbngenbwxsygv/SourcePackages/checkouts/mlx-swift/Source/Cmlx/mlx/mlx/backend/metal/scan.cpp normal arm64 c++ com.apple.compilers.llvm.clang.1_0.compiler (in target 'Cmlx' from project 'mlx-swift')
    cd /Users/jamesalford/Documents/NotedCore/NotedCore.xcodeproj
    
    Using response file: /Users/jamesalford/Library/Developer/Xcode/DerivedData/NotedCore-ftviuoyqruynvwbzbngenbwxsygv/Build/Intermediates.noindex/mlx-swift.build/Debug-iphonesimulator/Cmlx.build/Objects-normal/arm64/82b82416624d2658e5098eb0a28c15c5-common-args.resp
    
    /Applications/Xcode.app/Contents/Developer/Toolchains/XcodeDefault.xctoolchain/usr/bin/clang -x c++ -ivfsstatcache /Users/jamesalford/Library/Developer/Xcode/DerivedData/SDKStatCaches.noindex/iphonesimulator26.0-23A339-3885c01c3e6b6a337905948deab2002e26257891a6c027eb51374368541b8346.sdkstatcache -fmessage-length\=0 -fdiagnostics-show-note-include-stack -fmacro-backtrace-limit\=0 -fno-color-diagnostics -fmodules-prune-interval\=86400 -fmodules-prune-after\=345600 -fbuild-session-file\=/Users/jamesalford/Library/Developer/Xcode/DerivedData/ModuleCache.noindex/Session.modulevalidation -fmodules-validate-once-per-build-session -Wnon-modular-include-in-framework-module -Werror\=non-modular-include-in-framework-module -Wno-trigraphs -Wno-missing-field-initializers -Wno-missing-prototypes -Wno-return-type -Wno-non-virtual-dtor -Wno-overloaded-virtual -Wno-exit-time-destructors -Wno-missing-braces -Wparentheses -Wswitch -Wno-unused-function -Wno-unused-label -Wno-unused-parameter -Wno-unused-variable -Wunused-value -Wno-empty-body -Wno-uninitialized -Wno-unknown-pragmas -w -Wno-shadow -Wno-four-char-constants -Wno-conversion -Wno-constant-conversion -Wno-int-conversion -Wno-bool-conversion -Wno-enum-conversion -Wno-float-conversion -Wno-non-literal-null-conversion -Wno-objc-literal-conversion -Wshorten-64-to-32 -Wno-newline-eof -Wno-c++11-extensions -Wno-implicit-fallthrough -fstrict-aliasing -Wdeprecated-declarations -Winvalid-offsetof -Wno-sign-conversion -Wno-infinite-recursion -Wno-move -Wno-comma -Wno-block-capture-autoreleasing -Wno-strict-prototypes -Wno-range-loop-analysis -Wno-semicolon-before-method-body -index-store-path /Users/jamesalford/Library/Developer/Xcode/DerivedData/NotedCore-ftviuoyqruynvwbzbngenbwxsygv/Index.noindex/DataStore @/Users/jamesalford/Library/Developer/Xcode/DerivedData/NotedCore-ftviuoyqruynvwbzbngenbwxsygv/Build/Intermediates.noindex/mlx-swift.build/Debug-iphonesimulator/Cmlx.build/Objects-normal/arm64/82b82416624d2658e5098eb0a28c15c5-common-args.resp -MMD -MT dependencies -MF /Users/jamesalford/Library/Developer/Xcode/DerivedData/NotedCore-ftviuoyqruynvwbzbngenbwxsygv/Build/Intermediates.noindex/mlx-swift.build/Debug-iphonesimulator/Cmlx.build/Objects-normal/arm64/scan-6d65a5c517caa153aff9505c16435914.d --serialize-diagnostics /Users/jamesalford/Library/Developer/Xcode/DerivedData/NotedCore-ftviuoyqruynvwbzbngenbwxsygv/Build/Intermediates.noindex/mlx-swift.build/Debug-iphonesimulator/Cmlx.build/Objects-normal/arm64/scan-6d65a5c517caa153aff9505c16435914.dia -c /Users/jamesalford/Library/Developer/Xcode/DerivedData/NotedCore-ftviuoyqruynvwbzbngenbwxsygv/SourcePackages/checkouts/mlx-swift/Source/Cmlx/mlx/mlx/backend/metal/scan.cpp -o /Users/jamesalford/Library/Developer/Xcode/DerivedData/NotedCore-ftviuoyqruynvwbzbngenbwxsygv/Build/Intermediates.noindex/mlx-swift.build/Debug-iphonesimulator/Cmlx.build/Objects-normal/arm64/scan-6d65a5c517caa153aff9505c16435914.o -index-unit-output-path /mlx-swift.build/Debug-iphonesimulator/Cmlx.build/Objects-normal/arm64/scan-6d65a5c517caa153aff9505c16435914.o

CompileC /Users/jamesalford/Library/Developer/Xcode/DerivedData/NotedCore-ftviuoyqruynvwbzbngenbwxsygv/Build/Intermediates.noindex/mlx-swift.build/Debug-iphonesimulator/Cmlx.build/Objects-normal/arm64/scan-1f81e415ced53b5634b7e6f71590f307.o /Users/jamesalford/Library/Developer/Xcode/DerivedData/NotedCore-ftviuoyqruynvwbzbngenbwxsygv/SourcePackages/checkouts/mlx-swift/Source/Cmlx/mlx/mlx/backend/cpu/scan.cpp normal arm64 c++ com.apple.compilers.llvm.clang.1_0.compiler (in target 'Cmlx' from project 'mlx-swift')
    cd /Users/jamesalford/Documents/NotedCore/NotedCore.xcodeproj
    
    Using response file: /Users/jamesalford/Library/Developer/Xcode/DerivedData/NotedCore-ftviuoyqruynvwbzbngenbwxsygv/Build/Intermediates.noindex/mlx-swift.build/Debug-iphonesimulator/Cmlx.build/Objects-normal/arm64/82b82416624d2658e5098eb0a28c15c5-common-args.resp
    
    /Applications/Xcode.app/Contents/Developer/Toolchains/XcodeDefault.xctoolchain/usr/bin/clang -x c++ -ivfsstatcache /Users/jamesalford/Library/Developer/Xcode/DerivedData/SDKStatCaches.noindex/iphonesimulator26.0-23A339-3885c01c3e6b6a337905948deab2002e26257891a6c027eb51374368541b8346.sdkstatcache -fmessage-length\=0 -fdiagnostics-show-note-include-stack -fmacro-backtrace-limit\=0 -fno-color-diagnostics -fmodules-prune-interval\=86400 -fmodules-prune-after\=345600 -fbuild-session-file\=/Users/jamesalford/Library/Developer/Xcode/DerivedData/ModuleCache.noindex/Session.modulevalidation -fmodules-validate-once-per-build-session -Wnon-modular-include-in-framework-module -Werror\=non-modular-include-in-framework-module -Wno-trigraphs -Wno-missing-field-initializers -Wno-missing-prototypes -Wno-return-type -Wno-non-virtual-dtor -Wno-overloaded-virtual -Wno-exit-time-destructors -Wno-missing-braces -Wparentheses -Wswitch -Wno-unused-function -Wno-unused-label -Wno-unused-parameter -Wno-unused-variable -Wunused-value -Wno-empty-body -Wno-uninitialized -Wno-unknown-pragmas -w -Wno-shadow -Wno-four-char-constants -Wno-conversion -Wno-constant-conversion -Wno-int-conversion -Wno-bool-conversion -Wno-enum-conversion -Wno-float-conversion -Wno-non-literal-null-conversion -Wno-objc-literal-conversion -Wshorten-64-to-32 -Wno-newline-eof -Wno-c++11-extensions -Wno-implicit-fallthrough -fstrict-aliasing -Wdeprecated-declarations -Winvalid-offsetof -Wno-sign-conversion -Wno-infinite-recursion -Wno-move -Wno-comma -Wno-block-capture-autoreleasing -Wno-strict-prototypes -Wno-range-loop-analysis -Wno-semicolon-before-method-body -index-store-path /Users/jamesalford/Library/Developer/Xcode/DerivedData/NotedCore-ftviuoyqruynvwbzbngenbwxsygv/Index.noindex/DataStore @/Users/jamesalford/Library/Developer/Xcode/DerivedData/NotedCore-ftviuoyqruynvwbzbngenbwxsygv/Build/Intermediates.noindex/mlx-swift.build/Debug-iphonesimulator/Cmlx.build/Objects-normal/arm64/82b82416624d2658e5098eb0a28c15c5-common-args.resp -MMD -MT dependencies -MF /Users/jamesalford/Library/Developer/Xcode/DerivedData/NotedCore-ftviuoyqruynvwbzbngenbwxsygv/Build/Intermediates.noindex/mlx-swift.build/Debug-iphonesimulator/Cmlx.build/Objects-normal/arm64/scan-1f81e415ced53b5634b7e6f71590f307.d --serialize-diagnostics /Users/jamesalford/Library/Developer/Xcode/DerivedData/NotedCore-ftviuoyqruynvwbzbngenbwxsygv/Build/Intermediates.noindex/mlx-swift.build/Debug-iphonesimulator/Cmlx.build/Objects-normal/arm64/scan-1f81e415ced53b5634b7e6f71590f307.dia -c /Users/jamesalford/Library/Developer/Xcode/DerivedData/NotedCore-ftviuoyqruynvwbzbngenbwxsygv/SourcePackages/checkouts/mlx-swift/Source/Cmlx/mlx/mlx/backend/cpu/scan.cpp -o /Users/jamesalford/Library/Developer/Xcode/DerivedData/NotedCore-ftviuoyqruynvwbzbngenbwxsygv/Build/Intermediates.noindex/mlx-swift.build/Debug-iphonesimulator/Cmlx.build/Objects-normal/arm64/scan-1f81e415ced53b5634b7e6f71590f307.o -index-unit-output-path /mlx-swift.build/Debug-iphonesimulator/Cmlx.build/Objects-normal/arm64/scan-1f81e415ced53b5634b7e6f71590f307.o

CompileC /Users/jamesalford/Library/Developer/Xcode/DerivedData/NotedCore-ftviuoyqruynvwbzbngenbwxsygv/Build/Intermediates.noindex/mlx-swift.build/Debug-iphonesimulator/Cmlx.build/Objects-normal/arm64/scan-0eb9ab83e8a12934b072bb7b970c56f7.o /Users/jamesalford/Library/Developer/Xcode/DerivedData/NotedCore-ftviuoyqruynvwbzbngenbwxsygv/SourcePackages/checkouts/mlx-swift/Source/Cmlx/mlx-generated/scan.cpp normal arm64 c++ com.apple.compilers.llvm.clang.1_0.compiler (in target 'Cmlx' from project 'mlx-swift')
    cd /Users/jamesalford/Documents/NotedCore/NotedCore.xcodeproj
    
    Using response file: /Users/jamesalford/Library/Developer/Xcode/DerivedData/NotedCore-ftviuoyqruynvwbzbngenbwxsygv/Build/Intermediates.noindex/mlx-swift.build/Debug-iphonesimulator/Cmlx.build/Objects-normal/arm64/82b82416624d2658e5098eb0a28c15c5-common-args.resp
    
    /Applications/Xcode.app/Contents/Developer/Toolchains/XcodeDefault.xctoolchain/usr/bin/clang -x c++ -ivfsstatcache /Users/jamesalford/Library/Developer/Xcode/DerivedData/SDKStatCaches.noindex/iphonesimulator26.0-23A339-3885c01c3e6b6a337905948deab2002e26257891a6c027eb51374368541b8346.sdkstatcache -fmessage-length\=0 -fdiagnostics-show-note-include-stack -fmacro-backtrace-limit\=0 -fno-color-diagnostics -fmodules-prune-interval\=86400 -fmodules-prune-after\=345600 -fbuild-session-file\=/Users/jamesalford/Library/Developer/Xcode/DerivedData/ModuleCache.noindex/Session.modulevalidation -fmodules-validate-once-per-build-session -Wnon-modular-include-in-framework-module -Werror\=non-modular-include-in-framework-module -Wno-trigraphs -Wno-missing-field-initializers -Wno-missing-prototypes -Wno-return-type -Wno-non-virtual-dtor -Wno-overloaded-virtual -Wno-exit-time-destructors -Wno-missing-braces -Wparentheses -Wswitch -Wno-unused-function -Wno-unused-label -Wno-unused-parameter -Wno-unused-variable -Wunused-value -Wno-empty-body -Wno-uninitialized -Wno-unknown-pragmas -w -Wno-shadow -Wno-four-char-constants -Wno-conversion -Wno-constant-conversion -Wno-int-conversion -Wno-bool-conversion -Wno-enum-conversion -Wno-float-conversion -Wno-non-literal-null-conversion -Wno-objc-literal-conversion -Wshorten-64-to-32 -Wno-newline-eof -Wno-c++11-extensions -Wno-implicit-fallthrough -fstrict-aliasing -Wdeprecated-declarations -Winvalid-offsetof -Wno-sign-conversion -Wno-infinite-recursion -Wno-move -Wno-comma -Wno-block-capture-autoreleasing -Wno-strict-prototypes -Wno-range-loop-analysis -Wno-semicolon-before-method-body -index-store-path /Users/jamesalford/Library/Developer/Xcode/DerivedData/NotedCore-ftviuoyqruynvwbzbngenbwxsygv/Index.noindex/DataStore @/Users/jamesalford/Library/Developer/Xcode/DerivedData/NotedCore-ftviuoyqruynvwbzbngenbwxsygv/Build/Intermediates.noindex/mlx-swift.build/Debug-iphonesimulator/Cmlx.build/Objects-normal/arm64/82b82416624d2658e5098eb0a28c15c5-common-args.resp -MMD -MT dependencies -MF /Users/jamesalford/Library/Developer/Xcode/DerivedData/NotedCore-ftviuoyqruynvwbzbngenbwxsygv/Build/Intermediates.noindex/mlx-swift.build/Debug-iphonesimulator/Cmlx.build/Objects-normal/arm64/scan-0eb9ab83e8a12934b072bb7b970c56f7.d --serialize-diagnostics /Users/jamesalford/Library/Developer/Xcode/DerivedData/NotedCore-ftviuoyqruynvwbzbngenbwxsygv/Build/Intermediates.noindex/mlx-swift.build/Debug-iphonesimulator/Cmlx.build/Objects-normal/arm64/scan-0eb9ab83e8a12934b072bb7b970c56f7.dia -c /Users/jamesalford/Library/Developer/Xcode/DerivedData/NotedCore-ftviuoyqruynvwbzbngenbwxsygv/SourcePackages/checkouts/mlx-swift/Source/Cmlx/mlx-generated/scan.cpp -o /Users/jamesalford/Library/Developer/Xcode/DerivedData/NotedCore-ftviuoyqruynvwbzbngenbwxsygv/Build/Intermediates.noindex/mlx-swift.build/Debug-iphonesimulator/Cmlx.build/Objects-normal/arm64/scan-0eb9ab83e8a12934b072bb7b970c56f7.o -index-unit-output-path /mlx-swift.build/Debug-iphonesimulator/Cmlx.build/Objects-normal/arm64/scan-0eb9ab83e8a12934b072bb7b970c56f7.o

CompileC /Users/jamesalford/Library/Developer/Xcode/DerivedData/NotedCore-ftviuoyqruynvwbzbngenbwxsygv/Build/Intermediates.noindex/mlx-swift.build/Debug-iphonesimulator/Cmlx.build/Objects-normal/arm64/scaled_dot_product_attention.o /Users/jamesalford/Library/Developer/Xcode/DerivedData/NotedCore-ftviuoyqruynvwbzbngenbwxsygv/SourcePackages/checkouts/mlx-swift/Source/Cmlx/mlx/mlx/backend/metal/scaled_dot_product_attention.cpp normal arm64 c++ com.apple.compilers.llvm.clang.1_0.compiler (in target 'Cmlx' from project 'mlx-swift')
    cd /Users/jamesalford/Documents/NotedCore/NotedCore.xcodeproj
    
    Using response file: /Users/jamesalford/Library/Developer/Xcode/DerivedData/NotedCore-ftviuoyqruynvwbzbngenbwxsygv/Build/Intermediates.noindex/mlx-swift.build/Debug-iphonesimulator/Cmlx.build/Objects-normal/arm64/82b82416624d2658e5098eb0a28c15c5-common-args.resp
    
    /Applications/Xcode.app/Contents/Developer/Toolchains/XcodeDefault.xctoolchain/usr/bin/clang -x c++ -ivfsstatcache /Users/jamesalford/Library/Developer/Xcode/DerivedData/SDKStatCaches.noindex/iphonesimulator26.0-23A339-3885c01c3e6b6a337905948deab2002e26257891a6c027eb51374368541b8346.sdkstatcache -fmessage-length\=0 -fdiagnostics-show-note-include-stack -fmacro-backtrace-limit\=0 -fno-color-diagnostics -fmodules-prune-interval\=86400 -fmodules-prune-after\=345600 -fbuild-session-file\=/Users/jamesalford/Library/Developer/Xcode/DerivedData/ModuleCache.noindex/Session.modulevalidation -fmodules-validate-once-per-build-session -Wnon-modular-include-in-framework-module -Werror\=non-modular-include-in-framework-module -Wno-trigraphs -Wno-missing-field-initializers -Wno-missing-prototypes -Wno-return-type -Wno-non-virtual-dtor -Wno-overloaded-virtual -Wno-exit-time-destructors -Wno-missing-braces -Wparentheses -Wswitch -Wno-unused-function -Wno-unused-label -Wno-unused-parameter -Wno-unused-variable -Wunused-value -Wno-empty-body -Wno-uninitialized -Wno-unknown-pragmas -w -Wno-shadow -Wno-four-char-constants -Wno-conversion -Wno-constant-conversion -Wno-int-conversion -Wno-bool-conversion -Wno-enum-conversion -Wno-float-conversion -Wno-non-literal-null-conversion -Wno-objc-literal-conversion -Wshorten-64-to-32 -Wno-newline-eof -Wno-c++11-extensions -Wno-implicit-fallthrough -fstrict-aliasing -Wdeprecated-declarations -Winvalid-offsetof -Wno-sign-conversion -Wno-infinite-recursion -Wno-move -Wno-comma -Wno-block-capture-autoreleasing -Wno-strict-prototypes -Wno-range-loop-analysis -Wno-semicolon-before-method-body -index-store-path /Users/jamesalford/Library/Developer/Xcode/DerivedData/NotedCore-ftviuoyqruynvwbzbngenbwxsygv/Index.noindex/DataStore @/Users/jamesalford/Library/Developer/Xcode/DerivedData/NotedCore-ftviuoyqruynvwbzbngenbwxsygv/Build/Intermediates.noindex/mlx-swift.build/Debug-iphonesimulator/Cmlx.build/Objects-normal/arm64/82b82416624d2658e5098eb0a28c15c5-common-args.resp -MMD -MT dependencies -MF /Users/jamesalford/Library/Developer/Xcode/DerivedData/NotedCore-ftviuoyqruynvwbzbngenbwxsygv/Build/Intermediates.noindex/mlx-swift.build/Debug-iphonesimulator/Cmlx.build/Objects-normal/arm64/scaled_dot_product_attention.d --serialize-diagnostics /Users/jamesalford/Library/Developer/Xcode/DerivedData/NotedCore-ftviuoyqruynvwbzbngenbwxsygv/Build/Intermediates.noindex/mlx-swift.build/Debug-iphonesimulator/Cmlx.build/Objects-normal/arm64/scaled_dot_product_attention.dia -c /Users/jamesalford/Library/Developer/Xcode/DerivedData/NotedCore-ftviuoyqruynvwbzbngenbwxsygv/SourcePackages/checkouts/mlx-swift/Source/Cmlx/mlx/mlx/backend/metal/scaled_dot_product_attention.cpp -o /Users/jamesalford/Library/Developer/Xcode/DerivedData/NotedCore-ftviuoyqruynvwbzbngenbwxsygv/Build/Intermediates.noindex/mlx-swift.build/Debug-iphonesimulator/Cmlx.build/Objects-normal/arm64/scaled_dot_product_attention.o -index-unit-output-path /mlx-swift.build/Debug-iphonesimulator/Cmlx.build/Objects-normal/arm64/scaled_dot_product_attention.o

CompileC /Users/jamesalford/Library/Developer/Xcode/DerivedData/NotedCore-ftviuoyqruynvwbzbngenbwxsygv/Build/Intermediates.noindex/mlx-swift.build/Debug-iphonesimulator/Cmlx.build/Objects-normal/arm64/rope.o /Users/jamesalford/Library/Developer/Xcode/DerivedData/NotedCore-ftviuoyqruynvwbzbngenbwxsygv/SourcePackages/checkouts/mlx-swift/Source/Cmlx/mlx/mlx/backend/metal/rope.cpp normal arm64 c++ com.apple.compilers.llvm.clang.1_0.compiler (in target 'Cmlx' from project 'mlx-swift')
    cd /Users/jamesalford/Documents/NotedCore/NotedCore.xcodeproj
    
    Using response file: /Users/jamesalford/Library/Developer/Xcode/DerivedData/NotedCore-ftviuoyqruynvwbzbngenbwxsygv/Build/Intermediates.noindex/mlx-swift.build/Debug-iphonesimulator/Cmlx.build/Objects-normal/arm64/82b82416624d2658e5098eb0a28c15c5-common-args.resp
    
    /Applications/Xcode.app/Contents/Developer/Toolchains/XcodeDefault.xctoolchain/usr/bin/clang -x c++ -ivfsstatcache /Users/jamesalford/Library/Developer/Xcode/DerivedData/SDKStatCaches.noindex/iphonesimulator26.0-23A339-3885c01c3e6b6a337905948deab2002e26257891a6c027eb51374368541b8346.sdkstatcache -fmessage-length\=0 -fdiagnostics-show-note-include-stack -fmacro-backtrace-limit\=0 -fno-color-diagnostics -fmodules-prune-interval\=86400 -fmodules-prune-after\=345600 -fbuild-session-file\=/Users/jamesalford/Library/Developer/Xcode/DerivedData/ModuleCache.noindex/Session.modulevalidation -fmodules-validate-once-per-build-session -Wnon-modular-include-in-framework-module -Werror\=non-modular-include-in-framework-module -Wno-trigraphs -Wno-missing-field-initializers -Wno-missing-prototypes -Wno-return-type -Wno-non-virtual-dtor -Wno-overloaded-virtual -Wno-exit-time-destructors -Wno-missing-braces -Wparentheses -Wswitch -Wno-unused-function -Wno-unused-label -Wno-unused-parameter -Wno-unused-variable -Wunused-value -Wno-empty-body -Wno-uninitialized -Wno-unknown-pragmas -w -Wno-shadow -Wno-four-char-constants -Wno-conversion -Wno-constant-conversion -Wno-int-conversion -Wno-bool-conversion -Wno-enum-conversion -Wno-float-conversion -Wno-non-literal-null-conversion -Wno-objc-literal-conversion -Wshorten-64-to-32 -Wno-newline-eof -Wno-c++11-extensions -Wno-implicit-fallthrough -fstrict-aliasing -Wdeprecated-declarations -Winvalid-offsetof -Wno-sign-conversion -Wno-infinite-recursion -Wno-move -Wno-comma -Wno-block-capture-autoreleasing -Wno-strict-prototypes -Wno-range-loop-analysis -Wno-semicolon-before-method-body -index-store-path /Users/jamesalford/Library/Developer/Xcode/DerivedData/NotedCore-ftviuoyqruynvwbzbngenbwxsygv/Index.noindex/DataStore @/Users/jamesalford/Library/Developer/Xcode/DerivedData/NotedCore-ftviuoyqruynvwbzbngenbwxsygv/Build/Intermediates.noindex/mlx-swift.build/Debug-iphonesimulator/Cmlx.build/Objects-normal/arm64/82b82416624d2658e5098eb0a28c15c5-common-args.resp -MMD -MT dependencies -MF /Users/jamesalford/Library/Developer/Xcode/DerivedData/NotedCore-ftviuoyqruynvwbzbngenbwxsygv/Build/Intermediates.noindex/mlx-swift.build/Debug-iphonesimulator/Cmlx.build/Objects-normal/arm64/rope.d --serialize-diagnostics /Users/jamesalford/Library/Developer/Xcode/DerivedData/NotedCore-ftviuoyqruynvwbzbngenbwxsygv/Build/Intermediates.noindex/mlx-swift.build/Debug-iphonesimulator/Cmlx.build/Objects-normal/arm64/rope.dia -c /Users/jamesalford/Library/Developer/Xcode/DerivedData/NotedCore-ftviuoyqruynvwbzbngenbwxsygv/SourcePackages/checkouts/mlx-swift/Source/Cmlx/mlx/mlx/backend/metal/rope.cpp -o /Users/jamesalford/Library/Developer/Xcode/DerivedData/NotedCore-ftviuoyqruynvwbzbngenbwxsygv/Build/Intermediates.noindex/mlx-swift.build/Debug-iphonesimulator/Cmlx.build/Objects-normal/arm64/rope.o -index-unit-output-path /mlx-swift.build/Debug-iphonesimulator/Cmlx.build/Objects-normal/arm64/rope.o

CompileC /Users/jamesalford/Library/Developer/Xcode/DerivedData/NotedCore-ftviuoyqruynvwbzbngenbwxsygv/Build/Intermediates.noindex/mlx-swift.build/Debug-iphonesimulator/Cmlx.build/Objects-normal/arm64/resident.o /Users/jamesalford/Library/Developer/Xcode/DerivedData/NotedCore-ftviuoyqruynvwbzbngenbwxsygv/SourcePackages/checkouts/mlx-swift/Source/Cmlx/mlx/mlx/backend/metal/resident.cpp normal arm64 c++ com.apple.compilers.llvm.clang.1_0.compiler (in target 'Cmlx' from project 'mlx-swift')
    cd /Users/jamesalford/Documents/NotedCore/NotedCore.xcodeproj
    
    Using response file: /Users/jamesalford/Library/Developer/Xcode/DerivedData/NotedCore-ftviuoyqruynvwbzbngenbwxsygv/Build/Intermediates.noindex/mlx-swift.build/Debug-iphonesimulator/Cmlx.build/Objects-normal/arm64/82b82416624d2658e5098eb0a28c15c5-common-args.resp
    
    /Applications/Xcode.app/Contents/Developer/Toolchains/XcodeDefault.xctoolchain/usr/bin/clang -x c++ -ivfsstatcache /Users/jamesalford/Library/Developer/Xcode/DerivedData/SDKStatCaches.noindex/iphonesimulator26.0-23A339-3885c01c3e6b6a337905948deab2002e26257891a6c027eb51374368541b8346.sdkstatcache -fmessage-length\=0 -fdiagnostics-show-note-include-stack -fmacro-backtrace-limit\=0 -fno-color-diagnostics -fmodules-prune-interval\=86400 -fmodules-prune-after\=345600 -fbuild-session-file\=/Users/jamesalford/Library/Developer/Xcode/DerivedData/ModuleCache.noindex/Session.modulevalidation -fmodules-validate-once-per-build-session -Wnon-modular-include-in-framework-module -Werror\=non-modular-include-in-framework-module -Wno-trigraphs -Wno-missing-field-initializers -Wno-missing-prototypes -Wno-return-type -Wno-non-virtual-dtor -Wno-overloaded-virtual -Wno-exit-time-destructors -Wno-missing-braces -Wparentheses -Wswitch -Wno-unused-function -Wno-unused-label -Wno-unused-parameter -Wno-unused-variable -Wunused-value -Wno-empty-body -Wno-uninitialized -Wno-unknown-pragmas -w -Wno-shadow -Wno-four-char-constants -Wno-conversion -Wno-constant-conversion -Wno-int-conversion -Wno-bool-conversion -Wno-enum-conversion -Wno-float-conversion -Wno-non-literal-null-conversion -Wno-objc-literal-conversion -Wshorten-64-to-32 -Wno-newline-eof -Wno-c++11-extensions -Wno-implicit-fallthrough -fstrict-aliasing -Wdeprecated-declarations -Winvalid-offsetof -Wno-sign-conversion -Wno-infinite-recursion -Wno-move -Wno-comma -Wno-block-capture-autoreleasing -Wno-strict-prototypes -Wno-range-loop-analysis -Wno-semicolon-before-method-body -index-store-path /Users/jamesalford/Library/Developer/Xcode/DerivedData/NotedCore-ftviuoyqruynvwbzbngenbwxsygv/Index.noindex/DataStore @/Users/jamesalford/Library/Developer/Xcode/DerivedData/NotedCore-ftviuoyqruynvwbzbngenbwxsygv/Build/Intermediates.noindex/mlx-swift.build/Debug-iphonesimulator/Cmlx.build/Objects-normal/arm64/82b82416624d2658e5098eb0a28c15c5-common-args.resp -MMD -MT dependencies -MF /Users/jamesalford/Library/Developer/Xcode/DerivedData/NotedCore-ftviuoyqruynvwbzbngenbwxsygv/Build/Intermediates.noindex/mlx-swift.build/Debug-iphonesimulator/Cmlx.build/Objects-normal/arm64/resident.d --serialize-diagnostics /Users/jamesalford/Library/Developer/Xcode/DerivedData/NotedCore-ftviuoyqruynvwbzbngenbwxsygv/Build/Intermediates.noindex/mlx-swift.build/Debug-iphonesimulator/Cmlx.build/Objects-normal/arm64/resident.dia -c /Users/jamesalford/Library/Developer/Xcode/DerivedData/NotedCore-ftviuoyqruynvwbzbngenbwxsygv/SourcePackages/checkouts/mlx-swift/Source/Cmlx/mlx/mlx/backend/metal/resident.cpp -o /Users/jamesalford/Library/Developer/Xcode/DerivedData/NotedCore-ftviuoyqruynvwbzbngenbwxsygv/Build/Intermediates.noindex/mlx-swift.build/Debug-iphonesimulator/Cmlx.build/Objects-normal/arm64/resident.o -index-unit-output-path /mlx-swift.build/Debug-iphonesimulator/Cmlx.build/Objects-normal/arm64/resident.o

CompileC /Users/jamesalford/Library/Developer/Xcode/DerivedData/NotedCore-ftviuoyqruynvwbzbngenbwxsygv/Build/Intermediates.noindex/mlx-swift.build/Debug-iphonesimulator/Cmlx.build/Objects-normal/arm64/reduce_utils.o /Users/jamesalford/Library/Developer/Xcode/DerivedData/NotedCore-ftviuoyqruynvwbzbngenbwxsygv/SourcePackages/checkouts/mlx-swift/Source/Cmlx/mlx-generated/reduce_utils.cpp normal arm64 c++ com.apple.compilers.llvm.clang.1_0.compiler (in target 'Cmlx' from project 'mlx-swift')
    cd /Users/jamesalford/Documents/NotedCore/NotedCore.xcodeproj
    
    Using response file: /Users/jamesalford/Library/Developer/Xcode/DerivedData/NotedCore-ftviuoyqruynvwbzbngenbwxsygv/Build/Intermediates.noindex/mlx-swift.build/Debug-iphonesimulator/Cmlx.build/Objects-normal/arm64/82b82416624d2658e5098eb0a28c15c5-common-args.resp
    
    /Applications/Xcode.app/Contents/Developer/Toolchains/XcodeDefault.xctoolchain/usr/bin/clang -x c++ -ivfsstatcache /Users/jamesalford/Library/Developer/Xcode/DerivedData/SDKStatCaches.noindex/iphonesimulator26.0-23A339-3885c01c3e6b6a337905948deab2002e26257891a6c027eb51374368541b8346.sdkstatcache -fmessage-length\=0 -fdiagnostics-show-note-include-stack -fmacro-backtrace-limit\=0 -fno-color-diagnostics -fmodules-prune-interval\=86400 -fmodules-prune-after\=345600 -fbuild-session-file\=/Users/jamesalford/Library/Developer/Xcode/DerivedData/ModuleCache.noindex/Session.modulevalidation -fmodules-validate-once-per-build-session -Wnon-modular-include-in-framework-module -Werror\=non-modular-include-in-framework-module -Wno-trigraphs -Wno-missing-field-initializers -Wno-missing-prototypes -Wno-return-type -Wno-non-virtual-dtor -Wno-overloaded-virtual -Wno-exit-time-destructors -Wno-missing-braces -Wparentheses -Wswitch -Wno-unused-function -Wno-unused-label -Wno-unused-parameter -Wno-unused-variable -Wunused-value -Wno-empty-body -Wno-uninitialized -Wno-unknown-pragmas -w -Wno-shadow -Wno-four-char-constants -Wno-conversion -Wno-constant-conversion -Wno-int-conversion -Wno-bool-conversion -Wno-enum-conversion -Wno-float-conversion -Wno-non-literal-null-conversion -Wno-objc-literal-conversion -Wshorten-64-to-32 -Wno-newline-eof -Wno-c++11-extensions -Wno-implicit-fallthrough -fstrict-aliasing -Wdeprecated-declarations -Winvalid-offsetof -Wno-sign-conversion -Wno-infinite-recursion -Wno-move -Wno-comma -Wno-block-capture-autoreleasing -Wno-strict-prototypes -Wno-range-loop-analysis -Wno-semicolon-before-method-body -index-store-path /Users/jamesalford/Library/Developer/Xcode/DerivedData/NotedCore-ftviuoyqruynvwbzbngenbwxsygv/Index.noindex/DataStore @/Users/jamesalford/Library/Developer/Xcode/DerivedData/NotedCore-ftviuoyqruynvwbzbngenbwxsygv/Build/Intermediates.noindex/mlx-swift.build/Debug-iphonesimulator/Cmlx.build/Objects-normal/arm64/82b82416624d2658e5098eb0a28c15c5-common-args.resp -MMD -MT dependencies -MF /Users/jamesalford/Library/Developer/Xcode/DerivedData/NotedCore-ftviuoyqruynvwbzbngenbwxsygv/Build/Intermediates.noindex/mlx-swift.build/Debug-iphonesimulator/Cmlx.build/Objects-normal/arm64/reduce_utils.d --serialize-diagnostics /Users/jamesalford/Library/Developer/Xcode/DerivedData/NotedCore-ftviuoyqruynvwbzbngenbwxsygv/Build/Intermediates.noindex/mlx-swift.build/Debug-iphonesimulator/Cmlx.build/Objects-normal/arm64/reduce_utils.dia -c /Users/jamesalford/Library/Developer/Xcode/DerivedData/NotedCore-ftviuoyqruynvwbzbngenbwxsygv/SourcePackages/checkouts/mlx-swift/Source/Cmlx/mlx-generated/reduce_utils.cpp -o /Users/jamesalford/Library/Developer/Xcode/DerivedData/NotedCore-ftviuoyqruynvwbzbngenbwxsygv/Build/Intermediates.noindex/mlx-swift.build/Debug-iphonesimulator/Cmlx.build/Objects-normal/arm64/reduce_utils.o -index-unit-output-path /mlx-swift.build/Debug-iphonesimulator/Cmlx.build/Objects-normal/arm64/reduce_utils.o

CompileC /Users/jamesalford/Library/Developer/Xcode/DerivedData/NotedCore-ftviuoyqruynvwbzbngenbwxsygv/Build/Intermediates.noindex/mlx-swift.build/Debug-iphonesimulator/Cmlx.build/Objects-normal/arm64/reduce-e5d3e1c07736f3045c9db9f6065f1c38.o /Users/jamesalford/Library/Developer/Xcode/DerivedData/NotedCore-ftviuoyqruynvwbzbngenbwxsygv/SourcePackages/checkouts/mlx-swift/Source/Cmlx/mlx/mlx/backend/metal/reduce.cpp normal arm64 c++ com.apple.compilers.llvm.clang.1_0.compiler (in target 'Cmlx' from project 'mlx-swift')
    cd /Users/jamesalford/Documents/NotedCore/NotedCore.xcodeproj
    
    Using response file: /Users/jamesalford/Library/Developer/Xcode/DerivedData/NotedCore-ftviuoyqruynvwbzbngenbwxsygv/Build/Intermediates.noindex/mlx-swift.build/Debug-iphonesimulator/Cmlx.build/Objects-normal/arm64/82b82416624d2658e5098eb0a28c15c5-common-args.resp
    
    /Applications/Xcode.app/Contents/Developer/Toolchains/XcodeDefault.xctoolchain/usr/bin/clang -x c++ -ivfsstatcache /Users/jamesalford/Library/Developer/Xcode/DerivedData/SDKStatCaches.noindex/iphonesimulator26.0-23A339-3885c01c3e6b6a337905948deab2002e26257891a6c027eb51374368541b8346.sdkstatcache -fmessage-length\=0 -fdiagnostics-show-note-include-stack -fmacro-backtrace-limit\=0 -fno-color-diagnostics -fmodules-prune-interval\=86400 -fmodules-prune-after\=345600 -fbuild-session-file\=/Users/jamesalford/Library/Developer/Xcode/DerivedData/ModuleCache.noindex/Session.modulevalidation -fmodules-validate-once-per-build-session -Wnon-modular-include-in-framework-module -Werror\=non-modular-include-in-framework-module -Wno-trigraphs -Wno-missing-field-initializers -Wno-missing-prototypes -Wno-return-type -Wno-non-virtual-dtor -Wno-overloaded-virtual -Wno-exit-time-destructors -Wno-missing-braces -Wparentheses -Wswitch -Wno-unused-function -Wno-unused-label -Wno-unused-parameter -Wno-unused-variable -Wunused-value -Wno-empty-body -Wno-uninitialized -Wno-unknown-pragmas -w -Wno-shadow -Wno-four-char-constants -Wno-conversion -Wno-constant-conversion -Wno-int-conversion -Wno-bool-conversion -Wno-enum-conversion -Wno-float-conversion -Wno-non-literal-null-conversion -Wno-objc-literal-conversion -Wshorten-64-to-32 -Wno-newline-eof -Wno-c++11-extensions -Wno-implicit-fallthrough -fstrict-aliasing -Wdeprecated-declarations -Winvalid-offsetof -Wno-sign-conversion -Wno-infinite-recursion -Wno-move -Wno-comma -Wno-block-capture-autoreleasing -Wno-strict-prototypes -Wno-range-loop-analysis -Wno-semicolon-before-method-body -index-store-path /Users/jamesalford/Library/Developer/Xcode/DerivedData/NotedCore-ftviuoyqruynvwbzbngenbwxsygv/Index.noindex/DataStore @/Users/jamesalford/Library/Developer/Xcode/DerivedData/NotedCore-ftviuoyqruynvwbzbngenbwxsygv/Build/Intermediates.noindex/mlx-swift.build/Debug-iphonesimulator/Cmlx.build/Objects-normal/arm64/82b82416624d2658e5098eb0a28c15c5-common-args.resp -MMD -MT dependencies -MF /Users/jamesalford/Library/Developer/Xcode/DerivedData/NotedCore-ftviuoyqruynvwbzbngenbwxsygv/Build/Intermediates.noindex/mlx-swift.build/Debug-iphonesimulator/Cmlx.build/Objects-normal/arm64/reduce-e5d3e1c07736f3045c9db9f6065f1c38.d --serialize-diagnostics /Users/jamesalford/Library/Developer/Xcode/DerivedData/NotedCore-ftviuoyqruynvwbzbngenbwxsygv/Build/Intermediates.noindex/mlx-swift.build/Debug-iphonesimulator/Cmlx.build/Objects-normal/arm64/reduce-e5d3e1c07736f3045c9db9f6065f1c38.dia -c /Users/jamesalford/Library/Developer/Xcode/DerivedData/NotedCore-ftviuoyqruynvwbzbngenbwxsygv/SourcePackages/checkouts/mlx-swift/Source/Cmlx/mlx/mlx/backend/metal/reduce.cpp -o /Users/jamesalford/Library/Developer/Xcode/DerivedData/NotedCore-ftviuoyqruynvwbzbngenbwxsygv/Build/Intermediates.noindex/mlx-swift.build/Debug-iphonesimulator/Cmlx.build/Objects-normal/arm64/reduce-e5d3e1c07736f3045c9db9f6065f1c38.o -index-unit-output-path /mlx-swift.build/Debug-iphonesimulator/Cmlx.build/Objects-normal/arm64/reduce-e5d3e1c07736f3045c9db9f6065f1c38.o

CompileC /Users/jamesalford/Library/Developer/Xcode/DerivedData/NotedCore-ftviuoyqruynvwbzbngenbwxsygv/Build/Intermediates.noindex/mlx-swift.build/Debug-iphonesimulator/Cmlx.build/Objects-normal/arm64/reduce-ba965e14efd6dec0b7e4ce10e920b2f4.o /Users/jamesalford/Library/Developer/Xcode/DerivedData/NotedCore-ftviuoyqruynvwbzbngenbwxsygv/SourcePackages/checkouts/mlx-swift/Source/Cmlx/mlx/mlx/backend/common/reduce.cpp normal arm64 c++ com.apple.compilers.llvm.clang.1_0.compiler (in target 'Cmlx' from project 'mlx-swift')
    cd /Users/jamesalford/Documents/NotedCore/NotedCore.xcodeproj
    
    Using response file: /Users/jamesalford/Library/Developer/Xcode/DerivedData/NotedCore-ftviuoyqruynvwbzbngenbwxsygv/Build/Intermediates.noindex/mlx-swift.build/Debug-iphonesimulator/Cmlx.build/Objects-normal/arm64/82b82416624d2658e5098eb0a28c15c5-common-args.resp
    
    /Applications/Xcode.app/Contents/Developer/Toolchains/XcodeDefault.xctoolchain/usr/bin/clang -x c++ -ivfsstatcache /Users/jamesalford/Library/Developer/Xcode/DerivedData/SDKStatCaches.noindex/iphonesimulator26.0-23A339-3885c01c3e6b6a337905948deab2002e26257891a6c027eb51374368541b8346.sdkstatcache -fmessage-length\=0 -fdiagnostics-show-note-include-stack -fmacro-backtrace-limit\=0 -fno-color-diagnostics -fmodules-prune-interval\=86400 -fmodules-prune-after\=345600 -fbuild-session-file\=/Users/jamesalford/Library/Developer/Xcode/DerivedData/ModuleCache.noindex/Session.modulevalidation -fmodules-validate-once-per-build-session -Wnon-modular-include-in-framework-module -Werror\=non-modular-include-in-framework-module -Wno-trigraphs -Wno-missing-field-initializers -Wno-missing-prototypes -Wno-return-type -Wno-non-virtual-dtor -Wno-overloaded-virtual -Wno-exit-time-destructors -Wno-missing-braces -Wparentheses -Wswitch -Wno-unused-function -Wno-unused-label -Wno-unused-parameter -Wno-unused-variable -Wunused-value -Wno-empty-body -Wno-uninitialized -Wno-unknown-pragmas -w -Wno-shadow -Wno-four-char-constants -Wno-conversion -Wno-constant-conversion -Wno-int-conversion -Wno-bool-conversion -Wno-enum-conversion -Wno-float-conversion -Wno-non-literal-null-conversion -Wno-objc-literal-conversion -Wshorten-64-to-32 -Wno-newline-eof -Wno-c++11-extensions -Wno-implicit-fallthrough -fstrict-aliasing -Wdeprecated-declarations -Winvalid-offsetof -Wno-sign-conversion -Wno-infinite-recursion -Wno-move -Wno-comma -Wno-block-capture-autoreleasing -Wno-strict-prototypes -Wno-range-loop-analysis -Wno-semicolon-before-method-body -index-store-path /Users/jamesalford/Library/Developer/Xcode/DerivedData/NotedCore-ftviuoyqruynvwbzbngenbwxsygv/Index.noindex/DataStore @/Users/jamesalford/Library/Developer/Xcode/DerivedData/NotedCore-ftviuoyqruynvwbzbngenbwxsygv/Build/Intermediates.noindex/mlx-swift.build/Debug-iphonesimulator/Cmlx.build/Objects-normal/arm64/82b82416624d2658e5098eb0a28c15c5-common-args.resp -MMD -MT dependencies -MF /Users/jamesalford/Library/Developer/Xcode/DerivedData/NotedCore-ftviuoyqruynvwbzbngenbwxsygv/Build/Intermediates.noindex/mlx-swift.build/Debug-iphonesimulator/Cmlx.build/Objects-normal/arm64/reduce-ba965e14efd6dec0b7e4ce10e920b2f4.d --serialize-diagnostics /Users/jamesalford/Library/Developer/Xcode/DerivedData/NotedCore-ftviuoyqruynvwbzbngenbwxsygv/Build/Intermediates.noindex/mlx-swift.build/Debug-iphonesimulator/Cmlx.build/Objects-normal/arm64/reduce-ba965e14efd6dec0b7e4ce10e920b2f4.dia -c /Users/jamesalford/Library/Developer/Xcode/DerivedData/NotedCore-ftviuoyqruynvwbzbngenbwxsygv/SourcePackages/checkouts/mlx-swift/Source/Cmlx/mlx/mlx/backend/common/reduce.cpp -o /Users/jamesalford/Library/Developer/Xcode/DerivedData/NotedCore-ftviuoyqruynvwbzbngenbwxsygv/Build/Intermediates.noindex/mlx-swift.build/Debug-iphonesimulator/Cmlx.build/Objects-normal/arm64/reduce-ba965e14efd6dec0b7e4ce10e920b2f4.o -index-unit-output-path /mlx-swift.build/Debug-iphonesimulator/Cmlx.build/Objects-normal/arm64/reduce-ba965e14efd6dec0b7e4ce10e920b2f4.o

CompileC /Users/jamesalford/Library/Developer/Xcode/DerivedData/NotedCore-ftviuoyqruynvwbzbngenbwxsygv/Build/Intermediates.noindex/mlx-swift.build/Debug-iphonesimulator/Cmlx.build/Objects-normal/arm64/reduce-8c02ce519371a14a4ba57a2800796573.o /Users/jamesalford/Library/Developer/Xcode/DerivedData/NotedCore-ftviuoyqruynvwbzbngenbwxsygv/SourcePackages/checkouts/mlx-swift/Source/Cmlx/mlx/mlx/backend/cpu/reduce.cpp normal arm64 c++ com.apple.compilers.llvm.clang.1_0.compiler (in target 'Cmlx' from project 'mlx-swift')
    cd /Users/jamesalford/Documents/NotedCore/NotedCore.xcodeproj
    
    Using response file: /Users/jamesalford/Library/Developer/Xcode/DerivedData/NotedCore-ftviuoyqruynvwbzbngenbwxsygv/Build/Intermediates.noindex/mlx-swift.build/Debug-iphonesimulator/Cmlx.build/Objects-normal/arm64/82b82416624d2658e5098eb0a28c15c5-common-args.resp
    
    /Applications/Xcode.app/Contents/Developer/Toolchains/XcodeDefault.xctoolchain/usr/bin/clang -x c++ -ivfsstatcache /Users/jamesalford/Library/Developer/Xcode/DerivedData/SDKStatCaches.noindex/iphonesimulator26.0-23A339-3885c01c3e6b6a337905948deab2002e26257891a6c027eb51374368541b8346.sdkstatcache -fmessage-length\=0 -fdiagnostics-show-note-include-stack -fmacro-backtrace-limit\=0 -fno-color-diagnostics -fmodules-prune-interval\=86400 -fmodules-prune-after\=345600 -fbuild-session-file\=/Users/jamesalford/Library/Developer/Xcode/DerivedData/ModuleCache.noindex/Session.modulevalidation -fmodules-validate-once-per-build-session -Wnon-modular-include-in-framework-module -Werror\=non-modular-include-in-framework-module -Wno-trigraphs -Wno-missing-field-initializers -Wno-missing-prototypes -Wno-return-type -Wno-non-virtual-dtor -Wno-overloaded-virtual -Wno-exit-time-destructors -Wno-missing-braces -Wparentheses -Wswitch -Wno-unused-function -Wno-unused-label -Wno-unused-parameter -Wno-unused-variable -Wunused-value -Wno-empty-body -Wno-uninitialized -Wno-unknown-pragmas -w -Wno-shadow -Wno-four-char-constants -Wno-conversion -Wno-constant-conversion -Wno-int-conversion -Wno-bool-conversion -Wno-enum-conversion -Wno-float-conversion -Wno-non-literal-null-conversion -Wno-objc-literal-conversion -Wshorten-64-to-32 -Wno-newline-eof -Wno-c++11-extensions -Wno-implicit-fallthrough -fstrict-aliasing -Wdeprecated-declarations -Winvalid-offsetof -Wno-sign-conversion -Wno-infinite-recursion -Wno-move -Wno-comma -Wno-block-capture-autoreleasing -Wno-strict-prototypes -Wno-range-loop-analysis -Wno-semicolon-before-method-body -index-store-path /Users/jamesalford/Library/Developer/Xcode/DerivedData/NotedCore-ftviuoyqruynvwbzbngenbwxsygv/Index.noindex/DataStore @/Users/jamesalford/Library/Developer/Xcode/DerivedData/NotedCore-ftviuoyqruynvwbzbngenbwxsygv/Build/Intermediates.noindex/mlx-swift.build/Debug-iphonesimulator/Cmlx.build/Objects-normal/arm64/82b82416624d2658e5098eb0a28c15c5-common-args.resp -MMD -MT dependencies -MF /Users/jamesalford/Library/Developer/Xcode/DerivedData/NotedCore-ftviuoyqruynvwbzbngenbwxsygv/Build/Intermediates.noindex/mlx-swift.build/Debug-iphonesimulator/Cmlx.build/Objects-normal/arm64/reduce-8c02ce519371a14a4ba57a2800796573.d --serialize-diagnostics /Users/jamesalford/Library/Developer/Xcode/DerivedData/NotedCore-ftviuoyqruynvwbzbngenbwxsygv/Build/Intermediates.noindex/mlx-swift.build/Debug-iphonesimulator/Cmlx.build/Objects-normal/arm64/reduce-8c02ce519371a14a4ba57a2800796573.dia -c /Users/jamesalford/Library/Developer/Xcode/DerivedData/NotedCore-ftviuoyqruynvwbzbngenbwxsygv/SourcePackages/checkouts/mlx-swift/Source/Cmlx/mlx/mlx/backend/cpu/reduce.cpp -o /Users/jamesalford/Library/Developer/Xcode/DerivedData/NotedCore-ftviuoyqruynvwbzbngenbwxsygv/Build/Intermediates.noindex/mlx-swift.build/Debug-iphonesimulator/Cmlx.build/Objects-normal/arm64/reduce-8c02ce519371a14a4ba57a2800796573.o -index-unit-output-path /mlx-swift.build/Debug-iphonesimulator/Cmlx.build/Objects-normal/arm64/reduce-8c02ce519371a14a4ba57a2800796573.o

CompileC /Users/jamesalford/Library/Developer/Xcode/DerivedData/NotedCore-ftviuoyqruynvwbzbngenbwxsygv/Build/Intermediates.noindex/mlx-swift.build/Debug-iphonesimulator/Cmlx.build/Objects-normal/arm64/reduce-1ba7558da8d4457c0e86a2ecad72c5fe.o /Users/jamesalford/Library/Developer/Xcode/DerivedData/NotedCore-ftviuoyqruynvwbzbngenbwxsygv/SourcePackages/checkouts/mlx-swift/Source/Cmlx/mlx-generated/reduce.cpp normal arm64 c++ com.apple.compilers.llvm.clang.1_0.compiler (in target 'Cmlx' from project 'mlx-swift')
    cd /Users/jamesalford/Documents/NotedCore/NotedCore.xcodeproj
    
    Using response file: /Users/jamesalford/Library/Developer/Xcode/DerivedData/NotedCore-ftviuoyqruynvwbzbngenbwxsygv/Build/Intermediates.noindex/mlx-swift.build/Debug-iphonesimulator/Cmlx.build/Objects-normal/arm64/82b82416624d2658e5098eb0a28c15c5-common-args.resp
    
    /Applications/Xcode.app/Contents/Developer/Toolchains/XcodeDefault.xctoolchain/usr/bin/clang -x c++ -ivfsstatcache /Users/jamesalford/Library/Developer/Xcode/DerivedData/SDKStatCaches.noindex/iphonesimulator26.0-23A339-3885c01c3e6b6a337905948deab2002e26257891a6c027eb51374368541b8346.sdkstatcache -fmessage-length\=0 -fdiagnostics-show-note-include-stack -fmacro-backtrace-limit\=0 -fno-color-diagnostics -fmodules-prune-interval\=86400 -fmodules-prune-after\=345600 -fbuild-session-file\=/Users/jamesalford/Library/Developer/Xcode/DerivedData/ModuleCache.noindex/Session.modulevalidation -fmodules-validate-once-per-build-session -Wnon-modular-include-in-framework-module -Werror\=non-modular-include-in-framework-module -Wno-trigraphs -Wno-missing-field-initializers -Wno-missing-prototypes -Wno-return-type -Wno-non-virtual-dtor -Wno-overloaded-virtual -Wno-exit-time-destructors -Wno-missing-braces -Wparentheses -Wswitch -Wno-unused-function -Wno-unused-label -Wno-unused-parameter -Wno-unused-variable -Wunused-value -Wno-empty-body -Wno-uninitialized -Wno-unknown-pragmas -w -Wno-shadow -Wno-four-char-constants -Wno-conversion -Wno-constant-conversion -Wno-int-conversion -Wno-bool-conversion -Wno-enum-conversion -Wno-float-conversion -Wno-non-literal-null-conversion -Wno-objc-literal-conversion -Wshorten-64-to-32 -Wno-newline-eof -Wno-c++11-extensions -Wno-implicit-fallthrough -fstrict-aliasing -Wdeprecated-declarations -Winvalid-offsetof -Wno-sign-conversion -Wno-infinite-recursion -Wno-move -Wno-comma -Wno-block-capture-autoreleasing -Wno-strict-prototypes -Wno-range-loop-analysis -Wno-semicolon-before-method-body -index-store-path /Users/jamesalford/Library/Developer/Xcode/DerivedData/NotedCore-ftviuoyqruynvwbzbngenbwxsygv/Index.noindex/DataStore @/Users/jamesalford/Library/Developer/Xcode/DerivedData/NotedCore-ftviuoyqruynvwbzbngenbwxsygv/Build/Intermediates.noindex/mlx-swift.build/Debug-iphonesimulator/Cmlx.build/Objects-normal/arm64/82b82416624d2658e5098eb0a28c15c5-common-args.resp -MMD -MT dependencies -MF /Users/jamesalford/Library/Developer/Xcode/DerivedData/NotedCore-ftviuoyqruynvwbzbngenbwxsygv/Build/Intermediates.noindex/mlx-swift.build/Debug-iphonesimulator/Cmlx.build/Objects-normal/arm64/reduce-1ba7558da8d4457c0e86a2ecad72c5fe.d --serialize-diagnostics /Users/jamesalford/Library/Developer/Xcode/DerivedData/NotedCore-ftviuoyqruynvwbzbngenbwxsygv/Build/Intermediates.noindex/mlx-swift.build/Debug-iphonesimulator/Cmlx.build/Objects-normal/arm64/reduce-1ba7558da8d4457c0e86a2ecad72c5fe.dia -c /Users/jamesalford/Library/Developer/Xcode/DerivedData/NotedCore-ftviuoyqruynvwbzbngenbwxsygv/SourcePackages/checkouts/mlx-swift/Source/Cmlx/mlx-generated/reduce.cpp -o /Users/jamesalford/Library/Developer/Xcode/DerivedData/NotedCore-ftviuoyqruynvwbzbngenbwxsygv/Build/Intermediates.noindex/mlx-swift.build/Debug-iphonesimulator/Cmlx.build/Objects-normal/arm64/reduce-1ba7558da8d4457c0e86a2ecad72c5fe.o -index-unit-output-path /mlx-swift.build/Debug-iphonesimulator/Cmlx.build/Objects-normal/arm64/reduce-1ba7558da8d4457c0e86a2ecad72c5fe.o

CompileC /Users/jamesalford/Library/Developer/Xcode/DerivedData/NotedCore-ftviuoyqruynvwbzbngenbwxsygv/Build/Intermediates.noindex/mlx-swift.build/Debug-iphonesimulator/Cmlx.build/Objects-normal/arm64/random-ad30e5676fccae0ac8bdd1d2896cbf9e.o /Users/jamesalford/Library/Developer/Xcode/DerivedData/NotedCore-ftviuoyqruynvwbzbngenbwxsygv/SourcePackages/checkouts/mlx-swift/Source/Cmlx/mlx-c/mlx/c/random.cpp normal arm64 c++ com.apple.compilers.llvm.clang.1_0.compiler (in target 'Cmlx' from project 'mlx-swift')
    cd /Users/jamesalford/Documents/NotedCore/NotedCore.xcodeproj
    
    Using response file: /Users/jamesalford/Library/Developer/Xcode/DerivedData/NotedCore-ftviuoyqruynvwbzbngenbwxsygv/Build/Intermediates.noindex/mlx-swift.build/Debug-iphonesimulator/Cmlx.build/Objects-normal/arm64/82b82416624d2658e5098eb0a28c15c5-common-args.resp
    
    /Applications/Xcode.app/Contents/Developer/Toolchains/XcodeDefault.xctoolchain/usr/bin/clang -x c++ -ivfsstatcache /Users/jamesalford/Library/Developer/Xcode/DerivedData/SDKStatCaches.noindex/iphonesimulator26.0-23A339-3885c01c3e6b6a337905948deab2002e26257891a6c027eb51374368541b8346.sdkstatcache -fmessage-length\=0 -fdiagnostics-show-note-include-stack -fmacro-backtrace-limit\=0 -fno-color-diagnostics -fmodules-prune-interval\=86400 -fmodules-prune-after\=345600 -fbuild-session-file\=/Users/jamesalford/Library/Developer/Xcode/DerivedData/ModuleCache.noindex/Session.modulevalidation -fmodules-validate-once-per-build-session -Wnon-modular-include-in-framework-module -Werror\=non-modular-include-in-framework-module -Wno-trigraphs -Wno-missing-field-initializers -Wno-missing-prototypes -Wno-return-type -Wno-non-virtual-dtor -Wno-overloaded-virtual -Wno-exit-time-destructors -Wno-missing-braces -Wparentheses -Wswitch -Wno-unused-function -Wno-unused-label -Wno-unused-parameter -Wno-unused-variable -Wunused-value -Wno-empty-body -Wno-uninitialized -Wno-unknown-pragmas -w -Wno-shadow -Wno-four-char-constants -Wno-conversion -Wno-constant-conversion -Wno-int-conversion -Wno-bool-conversion -Wno-enum-conversion -Wno-float-conversion -Wno-non-literal-null-conversion -Wno-objc-literal-conversion -Wshorten-64-to-32 -Wno-newline-eof -Wno-c++11-extensions -Wno-implicit-fallthrough -fstrict-aliasing -Wdeprecated-declarations -Winvalid-offsetof -Wno-sign-conversion -Wno-infinite-recursion -Wno-move -Wno-comma -Wno-block-capture-autoreleasing -Wno-strict-prototypes -Wno-range-loop-analysis -Wno-semicolon-before-method-body -index-store-path /Users/jamesalford/Library/Developer/Xcode/DerivedData/NotedCore-ftviuoyqruynvwbzbngenbwxsygv/Index.noindex/DataStore @/Users/jamesalford/Library/Developer/Xcode/DerivedData/NotedCore-ftviuoyqruynvwbzbngenbwxsygv/Build/Intermediates.noindex/mlx-swift.build/Debug-iphonesimulator/Cmlx.build/Objects-normal/arm64/82b82416624d2658e5098eb0a28c15c5-common-args.resp -MMD -MT dependencies -MF /Users/jamesalford/Library/Developer/Xcode/DerivedData/NotedCore-ftviuoyqruynvwbzbngenbwxsygv/Build/Intermediates.noindex/mlx-swift.build/Debug-iphonesimulator/Cmlx.build/Objects-normal/arm64/random-ad30e5676fccae0ac8bdd1d2896cbf9e.d --serialize-diagnostics /Users/jamesalford/Library/Developer/Xcode/DerivedData/NotedCore-ftviuoyqruynvwbzbngenbwxsygv/Build/Intermediates.noindex/mlx-swift.build/Debug-iphonesimulator/Cmlx.build/Objects-normal/arm64/random-ad30e5676fccae0ac8bdd1d2896cbf9e.dia -c /Users/jamesalford/Library/Developer/Xcode/DerivedData/NotedCore-ftviuoyqruynvwbzbngenbwxsygv/SourcePackages/checkouts/mlx-swift/Source/Cmlx/mlx-c/mlx/c/random.cpp -o /Users/jamesalford/Library/Developer/Xcode/DerivedData/NotedCore-ftviuoyqruynvwbzbngenbwxsygv/Build/Intermediates.noindex/mlx-swift.build/Debug-iphonesimulator/Cmlx.build/Objects-normal/arm64/random-ad30e5676fccae0ac8bdd1d2896cbf9e.o -index-unit-output-path /mlx-swift.build/Debug-iphonesimulator/Cmlx.build/Objects-normal/arm64/random-ad30e5676fccae0ac8bdd1d2896cbf9e.o

CompileC /Users/jamesalford/Library/Developer/Xcode/DerivedData/NotedCore-ftviuoyqruynvwbzbngenbwxsygv/Build/Intermediates.noindex/mlx-swift.build/Debug-iphonesimulator/Cmlx.build/Objects-normal/arm64/quantized-f1028ccdec5faf01c1e74afe043a638a.o /Users/jamesalford/Library/Developer/Xcode/DerivedData/NotedCore-ftviuoyqruynvwbzbngenbwxsygv/SourcePackages/checkouts/mlx-swift/Source/Cmlx/mlx/mlx/backend/cpu/quantized.cpp normal arm64 c++ com.apple.compilers.llvm.clang.1_0.compiler (in target 'Cmlx' from project 'mlx-swift')
    cd /Users/jamesalford/Documents/NotedCore/NotedCore.xcodeproj
    
    Using response file: /Users/jamesalford/Library/Developer/Xcode/DerivedData/NotedCore-ftviuoyqruynvwbzbngenbwxsygv/Build/Intermediates.noindex/mlx-swift.build/Debug-iphonesimulator/Cmlx.build/Objects-normal/arm64/82b82416624d2658e5098eb0a28c15c5-common-args.resp
    
    /Applications/Xcode.app/Contents/Developer/Toolchains/XcodeDefault.xctoolchain/usr/bin/clang -x c++ -ivfsstatcache /Users/jamesalford/Library/Developer/Xcode/DerivedData/SDKStatCaches.noindex/iphonesimulator26.0-23A339-3885c01c3e6b6a337905948deab2002e26257891a6c027eb51374368541b8346.sdkstatcache -fmessage-length\=0 -fdiagnostics-show-note-include-stack -fmacro-backtrace-limit\=0 -fno-color-diagnostics -fmodules-prune-interval\=86400 -fmodules-prune-after\=345600 -fbuild-session-file\=/Users/jamesalford/Library/Developer/Xcode/DerivedData/ModuleCache.noindex/Session.modulevalidation -fmodules-validate-once-per-build-session -Wnon-modular-include-in-framework-module -Werror\=non-modular-include-in-framework-module -Wno-trigraphs -Wno-missing-field-initializers -Wno-missing-prototypes -Wno-return-type -Wno-non-virtual-dtor -Wno-overloaded-virtual -Wno-exit-time-destructors -Wno-missing-braces -Wparentheses -Wswitch -Wno-unused-function -Wno-unused-label -Wno-unused-parameter -Wno-unused-variable -Wunused-value -Wno-empty-body -Wno-uninitialized -Wno-unknown-pragmas -w -Wno-shadow -Wno-four-char-constants -Wno-conversion -Wno-constant-conversion -Wno-int-conversion -Wno-bool-conversion -Wno-enum-conversion -Wno-float-conversion -Wno-non-literal-null-conversion -Wno-objc-literal-conversion -Wshorten-64-to-32 -Wno-newline-eof -Wno-c++11-extensions -Wno-implicit-fallthrough -fstrict-aliasing -Wdeprecated-declarations -Winvalid-offsetof -Wno-sign-conversion -Wno-infinite-recursion -Wno-move -Wno-comma -Wno-block-capture-autoreleasing -Wno-strict-prototypes -Wno-range-loop-analysis -Wno-semicolon-before-method-body -index-store-path /Users/jamesalford/Library/Developer/Xcode/DerivedData/NotedCore-ftviuoyqruynvwbzbngenbwxsygv/Index.noindex/DataStore @/Users/jamesalford/Library/Developer/Xcode/DerivedData/NotedCore-ftviuoyqruynvwbzbngenbwxsygv/Build/Intermediates.noindex/mlx-swift.build/Debug-iphonesimulator/Cmlx.build/Objects-normal/arm64/82b82416624d2658e5098eb0a28c15c5-common-args.resp -MMD -MT dependencies -MF /Users/jamesalford/Library/Developer/Xcode/DerivedData/NotedCore-ftviuoyqruynvwbzbngenbwxsygv/Build/Intermediates.noindex/mlx-swift.build/Debug-iphonesimulator/Cmlx.build/Objects-normal/arm64/quantized-f1028ccdec5faf01c1e74afe043a638a.d --serialize-diagnostics /Users/jamesalford/Library/Developer/Xcode/DerivedData/NotedCore-ftviuoyqruynvwbzbngenbwxsygv/Build/Intermediates.noindex/mlx-swift.build/Debug-iphonesimulator/Cmlx.build/Objects-normal/arm64/quantized-f1028ccdec5faf01c1e74afe043a638a.dia -c /Users/jamesalford/Library/Developer/Xcode/DerivedData/NotedCore-ftviuoyqruynvwbzbngenbwxsygv/SourcePackages/checkouts/mlx-swift/Source/Cmlx/mlx/mlx/backend/cpu/quantized.cpp -o /Users/jamesalford/Library/Developer/Xcode/DerivedData/NotedCore-ftviuoyqruynvwbzbngenbwxsygv/Build/Intermediates.noindex/mlx-swift.build/Debug-iphonesimulator/Cmlx.build/Objects-normal/arm64/quantized-f1028ccdec5faf01c1e74afe043a638a.o -index-unit-output-path /mlx-swift.build/Debug-iphonesimulator/Cmlx.build/Objects-normal/arm64/quantized-f1028ccdec5faf01c1e74afe043a638a.o

CompileC /Users/jamesalford/Library/Developer/Xcode/DerivedData/NotedCore-ftviuoyqruynvwbzbngenbwxsygv/Build/Intermediates.noindex/mlx-swift.build/Debug-iphonesimulator/Cmlx.build/Objects-normal/arm64/quantized-c00e7d70b6fe84a693650dcf2192e2d7.o /Users/jamesalford/Library/Developer/Xcode/DerivedData/NotedCore-ftviuoyqruynvwbzbngenbwxsygv/SourcePackages/checkouts/mlx-swift/Source/Cmlx/mlx-generated/quantized.cpp normal arm64 c++ com.apple.compilers.llvm.clang.1_0.compiler (in target 'Cmlx' from project 'mlx-swift')
    cd /Users/jamesalford/Documents/NotedCore/NotedCore.xcodeproj
    
    Using response file: /Users/jamesalford/Library/Developer/Xcode/DerivedData/NotedCore-ftviuoyqruynvwbzbngenbwxsygv/Build/Intermediates.noindex/mlx-swift.build/Debug-iphonesimulator/Cmlx.build/Objects-normal/arm64/82b82416624d2658e5098eb0a28c15c5-common-args.resp
    
    /Applications/Xcode.app/Contents/Developer/Toolchains/XcodeDefault.xctoolchain/usr/bin/clang -x c++ -ivfsstatcache /Users/jamesalford/Library/Developer/Xcode/DerivedData/SDKStatCaches.noindex/iphonesimulator26.0-23A339-3885c01c3e6b6a337905948deab2002e26257891a6c027eb51374368541b8346.sdkstatcache -fmessage-length\=0 -fdiagnostics-show-note-include-stack -fmacro-backtrace-limit\=0 -fno-color-diagnostics -fmodules-prune-interval\=86400 -fmodules-prune-after\=345600 -fbuild-session-file\=/Users/jamesalford/Library/Developer/Xcode/DerivedData/ModuleCache.noindex/Session.modulevalidation -fmodules-validate-once-per-build-session -Wnon-modular-include-in-framework-module -Werror\=non-modular-include-in-framework-module -Wno-trigraphs -Wno-missing-field-initializers -Wno-missing-prototypes -Wno-return-type -Wno-non-virtual-dtor -Wno-overloaded-virtual -Wno-exit-time-destructors -Wno-missing-braces -Wparentheses -Wswitch -Wno-unused-function -Wno-unused-label -Wno-unused-parameter -Wno-unused-variable -Wunused-value -Wno-empty-body -Wno-uninitialized -Wno-unknown-pragmas -w -Wno-shadow -Wno-four-char-constants -Wno-conversion -Wno-constant-conversion -Wno-int-conversion -Wno-bool-conversion -Wno-enum-conversion -Wno-float-conversion -Wno-non-literal-null-conversion -Wno-objc-literal-conversion -Wshorten-64-to-32 -Wno-newline-eof -Wno-c++11-extensions -Wno-implicit-fallthrough -fstrict-aliasing -Wdeprecated-declarations -Winvalid-offsetof -Wno-sign-conversion -Wno-infinite-recursion -Wno-move -Wno-comma -Wno-block-capture-autoreleasing -Wno-strict-prototypes -Wno-range-loop-analysis -Wno-semicolon-before-method-body -index-store-path /Users/jamesalford/Library/Developer/Xcode/DerivedData/NotedCore-ftviuoyqruynvwbzbngenbwxsygv/Index.noindex/DataStore @/Users/jamesalford/Library/Developer/Xcode/DerivedData/NotedCore-ftviuoyqruynvwbzbngenbwxsygv/Build/Intermediates.noindex/mlx-swift.build/Debug-iphonesimulator/Cmlx.build/Objects-normal/arm64/82b82416624d2658e5098eb0a28c15c5-common-args.resp -MMD -MT dependencies -MF /Users/jamesalford/Library/Developer/Xcode/DerivedData/NotedCore-ftviuoyqruynvwbzbngenbwxsygv/Build/Intermediates.noindex/mlx-swift.build/Debug-iphonesimulator/Cmlx.build/Objects-normal/arm64/quantized-c00e7d70b6fe84a693650dcf2192e2d7.d --serialize-diagnostics /Users/jamesalford/Library/Developer/Xcode/DerivedData/NotedCore-ftviuoyqruynvwbzbngenbwxsygv/Build/Intermediates.noindex/mlx-swift.build/Debug-iphonesimulator/Cmlx.build/Objects-normal/arm64/quantized-c00e7d70b6fe84a693650dcf2192e2d7.dia -c /Users/jamesalford/Library/Developer/Xcode/DerivedData/NotedCore-ftviuoyqruynvwbzbngenbwxsygv/SourcePackages/checkouts/mlx-swift/Source/Cmlx/mlx-generated/quantized.cpp -o /Users/jamesalford/Library/Developer/Xcode/DerivedData/NotedCore-ftviuoyqruynvwbzbngenbwxsygv/Build/Intermediates.noindex/mlx-swift.build/Debug-iphonesimulator/Cmlx.build/Objects-normal/arm64/quantized-c00e7d70b6fe84a693650dcf2192e2d7.o -index-unit-output-path /mlx-swift.build/Debug-iphonesimulator/Cmlx.build/Objects-normal/arm64/quantized-c00e7d70b6fe84a693650dcf2192e2d7.o

CompileC /Users/jamesalford/Library/Developer/Xcode/DerivedData/NotedCore-ftviuoyqruynvwbzbngenbwxsygv/Build/Intermediates.noindex/mlx-swift.build/Debug-iphonesimulator/Cmlx.build/Objects-normal/arm64/quantized-1e3ed346c51f6e8613b808795f59663f.o /Users/jamesalford/Library/Developer/Xcode/DerivedData/NotedCore-ftviuoyqruynvwbzbngenbwxsygv/SourcePackages/checkouts/mlx-swift/Source/Cmlx/mlx/mlx/backend/metal/quantized.cpp normal arm64 c++ com.apple.compilers.llvm.clang.1_0.compiler (in target 'Cmlx' from project 'mlx-swift')
    cd /Users/jamesalford/Documents/NotedCore/NotedCore.xcodeproj
    
    Using response file: /Users/jamesalford/Library/Developer/Xcode/DerivedData/NotedCore-ftviuoyqruynvwbzbngenbwxsygv/Build/Intermediates.noindex/mlx-swift.build/Debug-iphonesimulator/Cmlx.build/Objects-normal/arm64/82b82416624d2658e5098eb0a28c15c5-common-args.resp
    
    /Applications/Xcode.app/Contents/Developer/Toolchains/XcodeDefault.xctoolchain/usr/bin/clang -x c++ -ivfsstatcache /Users/jamesalford/Library/Developer/Xcode/DerivedData/SDKStatCaches.noindex/iphonesimulator26.0-23A339-3885c01c3e6b6a337905948deab2002e26257891a6c027eb51374368541b8346.sdkstatcache -fmessage-length\=0 -fdiagnostics-show-note-include-stack -fmacro-backtrace-limit\=0 -fno-color-diagnostics -fmodules-prune-interval\=86400 -fmodules-prune-after\=345600 -fbuild-session-file\=/Users/jamesalford/Library/Developer/Xcode/DerivedData/ModuleCache.noindex/Session.modulevalidation -fmodules-validate-once-per-build-session -Wnon-modular-include-in-framework-module -Werror\=non-modular-include-in-framework-module -Wno-trigraphs -Wno-missing-field-initializers -Wno-missing-prototypes -Wno-return-type -Wno-non-virtual-dtor -Wno-overloaded-virtual -Wno-exit-time-destructors -Wno-missing-braces -Wparentheses -Wswitch -Wno-unused-function -Wno-unused-label -Wno-unused-parameter -Wno-unused-variable -Wunused-value -Wno-empty-body -Wno-uninitialized -Wno-unknown-pragmas -w -Wno-shadow -Wno-four-char-constants -Wno-conversion -Wno-constant-conversion -Wno-int-conversion -Wno-bool-conversion -Wno-enum-conversion -Wno-float-conversion -Wno-non-literal-null-conversion -Wno-objc-literal-conversion -Wshorten-64-to-32 -Wno-newline-eof -Wno-c++11-extensions -Wno-implicit-fallthrough -fstrict-aliasing -Wdeprecated-declarations -Winvalid-offsetof -Wno-sign-conversion -Wno-infinite-recursion -Wno-move -Wno-comma -Wno-block-capture-autoreleasing -Wno-strict-prototypes -Wno-range-loop-analysis -Wno-semicolon-before-method-body -index-store-path /Users/jamesalford/Library/Developer/Xcode/DerivedData/NotedCore-ftviuoyqruynvwbzbngenbwxsygv/Index.noindex/DataStore @/Users/jamesalford/Library/Developer/Xcode/DerivedData/NotedCore-ftviuoyqruynvwbzbngenbwxsygv/Build/Intermediates.noindex/mlx-swift.build/Debug-iphonesimulator/Cmlx.build/Objects-normal/arm64/82b82416624d2658e5098eb0a28c15c5-common-args.resp -MMD -MT dependencies -MF /Users/jamesalford/Library/Developer/Xcode/DerivedData/NotedCore-ftviuoyqruynvwbzbngenbwxsygv/Build/Intermediates.noindex/mlx-swift.build/Debug-iphonesimulator/Cmlx.build/Objects-normal/arm64/quantized-1e3ed346c51f6e8613b808795f59663f.d --serialize-diagnostics /Users/jamesalford/Library/Developer/Xcode/DerivedData/NotedCore-ftviuoyqruynvwbzbngenbwxsygv/Build/Intermediates.noindex/mlx-swift.build/Debug-iphonesimulator/Cmlx.build/Objects-normal/arm64/quantized-1e3ed346c51f6e8613b808795f59663f.dia -c /Users/jamesalford/Library/Developer/Xcode/DerivedData/NotedCore-ftviuoyqruynvwbzbngenbwxsygv/SourcePackages/checkouts/mlx-swift/Source/Cmlx/mlx/mlx/backend/metal/quantized.cpp -o /Users/jamesalford/Library/Developer/Xcode/DerivedData/NotedCore-ftviuoyqruynvwbzbngenbwxsygv/Build/Intermediates.noindex/mlx-swift.build/Debug-iphonesimulator/Cmlx.build/Objects-normal/arm64/quantized-1e3ed346c51f6e8613b808795f59663f.o -index-unit-output-path /mlx-swift.build/Debug-iphonesimulator/Cmlx.build/Objects-normal/arm64/quantized-1e3ed346c51f6e8613b808795f59663f.o

CompileC /Users/jamesalford/Library/Developer/Xcode/DerivedData/NotedCore-ftviuoyqruynvwbzbngenbwxsygv/Build/Intermediates.noindex/mlx-swift.build/Debug-iphonesimulator/Cmlx.build/Objects-normal/arm64/qrf.o /Users/jamesalford/Library/Developer/Xcode/DerivedData/NotedCore-ftviuoyqruynvwbzbngenbwxsygv/SourcePackages/checkouts/mlx-swift/Source/Cmlx/mlx/mlx/backend/cpu/qrf.cpp normal arm64 c++ com.apple.compilers.llvm.clang.1_0.compiler (in target 'Cmlx' from project 'mlx-swift')
    cd /Users/jamesalford/Documents/NotedCore/NotedCore.xcodeproj
    
    Using response file: /Users/jamesalford/Library/Developer/Xcode/DerivedData/NotedCore-ftviuoyqruynvwbzbngenbwxsygv/Build/Intermediates.noindex/mlx-swift.build/Debug-iphonesimulator/Cmlx.build/Objects-normal/arm64/82b82416624d2658e5098eb0a28c15c5-common-args.resp
    
    /Applications/Xcode.app/Contents/Developer/Toolchains/XcodeDefault.xctoolchain/usr/bin/clang -x c++ -ivfsstatcache /Users/jamesalford/Library/Developer/Xcode/DerivedData/SDKStatCaches.noindex/iphonesimulator26.0-23A339-3885c01c3e6b6a337905948deab2002e26257891a6c027eb51374368541b8346.sdkstatcache -fmessage-length\=0 -fdiagnostics-show-note-include-stack -fmacro-backtrace-limit\=0 -fno-color-diagnostics -fmodules-prune-interval\=86400 -fmodules-prune-after\=345600 -fbuild-session-file\=/Users/jamesalford/Library/Developer/Xcode/DerivedData/ModuleCache.noindex/Session.modulevalidation -fmodules-validate-once-per-build-session -Wnon-modular-include-in-framework-module -Werror\=non-modular-include-in-framework-module -Wno-trigraphs -Wno-missing-field-initializers -Wno-missing-prototypes -Wno-return-type -Wno-non-virtual-dtor -Wno-overloaded-virtual -Wno-exit-time-destructors -Wno-missing-braces -Wparentheses -Wswitch -Wno-unused-function -Wno-unused-label -Wno-unused-parameter -Wno-unused-variable -Wunused-value -Wno-empty-body -Wno-uninitialized -Wno-unknown-pragmas -w -Wno-shadow -Wno-four-char-constants -Wno-conversion -Wno-constant-conversion -Wno-int-conversion -Wno-bool-conversion -Wno-enum-conversion -Wno-float-conversion -Wno-non-literal-null-conversion -Wno-objc-literal-conversion -Wshorten-64-to-32 -Wno-newline-eof -Wno-c++11-extensions -Wno-implicit-fallthrough -fstrict-aliasing -Wdeprecated-declarations -Winvalid-offsetof -Wno-sign-conversion -Wno-infinite-recursion -Wno-move -Wno-comma -Wno-block-capture-autoreleasing -Wno-strict-prototypes -Wno-range-loop-analysis -Wno-semicolon-before-method-body -index-store-path /Users/jamesalford/Library/Developer/Xcode/DerivedData/NotedCore-ftviuoyqruynvwbzbngenbwxsygv/Index.noindex/DataStore @/Users/jamesalford/Library/Developer/Xcode/DerivedData/NotedCore-ftviuoyqruynvwbzbngenbwxsygv/Build/Intermediates.noindex/mlx-swift.build/Debug-iphonesimulator/Cmlx.build/Objects-normal/arm64/82b82416624d2658e5098eb0a28c15c5-common-args.resp -MMD -MT dependencies -MF /Users/jamesalford/Library/Developer/Xcode/DerivedData/NotedCore-ftviuoyqruynvwbzbngenbwxsygv/Build/Intermediates.noindex/mlx-swift.build/Debug-iphonesimulator/Cmlx.build/Objects-normal/arm64/qrf.d --serialize-diagnostics /Users/jamesalford/Library/Developer/Xcode/DerivedData/NotedCore-ftviuoyqruynvwbzbngenbwxsygv/Build/Intermediates.noindex/mlx-swift.build/Debug-iphonesimulator/Cmlx.build/Objects-normal/arm64/qrf.dia -c /Users/jamesalford/Library/Developer/Xcode/DerivedData/NotedCore-ftviuoyqruynvwbzbngenbwxsygv/SourcePackages/checkouts/mlx-swift/Source/Cmlx/mlx/mlx/backend/cpu/qrf.cpp -o /Users/jamesalford/Library/Developer/Xcode/DerivedData/NotedCore-ftviuoyqruynvwbzbngenbwxsygv/Build/Intermediates.noindex/mlx-swift.build/Debug-iphonesimulator/Cmlx.build/Objects-normal/arm64/qrf.o -index-unit-output-path /mlx-swift.build/Debug-iphonesimulator/Cmlx.build/Objects-normal/arm64/qrf.o

CompileC /Users/jamesalford/Library/Developer/Xcode/DerivedData/NotedCore-ftviuoyqruynvwbzbngenbwxsygv/Build/Intermediates.noindex/mlx-swift.build/Debug-iphonesimulator/Cmlx.build/Objects-normal/arm64/primitives-e81047cc3f4feb9948f910d6952c9273.o /Users/jamesalford/Library/Developer/Xcode/DerivedData/NotedCore-ftviuoyqruynvwbzbngenbwxsygv/SourcePackages/checkouts/mlx-swift/Source/Cmlx/mlx/mlx/distributed/primitives.cpp normal arm64 c++ com.apple.compilers.llvm.clang.1_0.compiler (in target 'Cmlx' from project 'mlx-swift')
    cd /Users/jamesalford/Documents/NotedCore/NotedCore.xcodeproj
    
    Using response file: /Users/jamesalford/Library/Developer/Xcode/DerivedData/NotedCore-ftviuoyqruynvwbzbngenbwxsygv/Build/Intermediates.noindex/mlx-swift.build/Debug-iphonesimulator/Cmlx.build/Objects-normal/arm64/82b82416624d2658e5098eb0a28c15c5-common-args.resp
    
    /Applications/Xcode.app/Contents/Developer/Toolchains/XcodeDefault.xctoolchain/usr/bin/clang -x c++ -ivfsstatcache /Users/jamesalford/Library/Developer/Xcode/DerivedData/SDKStatCaches.noindex/iphonesimulator26.0-23A339-3885c01c3e6b6a337905948deab2002e26257891a6c027eb51374368541b8346.sdkstatcache -fmessage-length\=0 -fdiagnostics-show-note-include-stack -fmacro-backtrace-limit\=0 -fno-color-diagnostics -fmodules-prune-interval\=86400 -fmodules-prune-after\=345600 -fbuild-session-file\=/Users/jamesalford/Library/Developer/Xcode/DerivedData/ModuleCache.noindex/Session.modulevalidation -fmodules-validate-once-per-build-session -Wnon-modular-include-in-framework-module -Werror\=non-modular-include-in-framework-module -Wno-trigraphs -Wno-missing-field-initializers -Wno-missing-prototypes -Wno-return-type -Wno-non-virtual-dtor -Wno-overloaded-virtual -Wno-exit-time-destructors -Wno-missing-braces -Wparentheses -Wswitch -Wno-unused-function -Wno-unused-label -Wno-unused-parameter -Wno-unused-variable -Wunused-value -Wno-empty-body -Wno-uninitialized -Wno-unknown-pragmas -w -Wno-shadow -Wno-four-char-constants -Wno-conversion -Wno-constant-conversion -Wno-int-conversion -Wno-bool-conversion -Wno-enum-conversion -Wno-float-conversion -Wno-non-literal-null-conversion -Wno-objc-literal-conversion -Wshorten-64-to-32 -Wno-newline-eof -Wno-c++11-extensions -Wno-implicit-fallthrough -fstrict-aliasing -Wdeprecated-declarations -Winvalid-offsetof -Wno-sign-conversion -Wno-infinite-recursion -Wno-move -Wno-comma -Wno-block-capture-autoreleasing -Wno-strict-prototypes -Wno-range-loop-analysis -Wno-semicolon-before-method-body -index-store-path /Users/jamesalford/Library/Developer/Xcode/DerivedData/NotedCore-ftviuoyqruynvwbzbngenbwxsygv/Index.noindex/DataStore @/Users/jamesalford/Library/Developer/Xcode/DerivedData/NotedCore-ftviuoyqruynvwbzbngenbwxsygv/Build/Intermediates.noindex/mlx-swift.build/Debug-iphonesimulator/Cmlx.build/Objects-normal/arm64/82b82416624d2658e5098eb0a28c15c5-common-args.resp -MMD -MT dependencies -MF /Users/jamesalford/Library/Developer/Xcode/DerivedData/NotedCore-ftviuoyqruynvwbzbngenbwxsygv/Build/Intermediates.noindex/mlx-swift.build/Debug-iphonesimulator/Cmlx.build/Objects-normal/arm64/primitives-e81047cc3f4feb9948f910d6952c9273.d --serialize-diagnostics /Users/jamesalford/Library/Developer/Xcode/DerivedData/NotedCore-ftviuoyqruynvwbzbngenbwxsygv/Build/Intermediates.noindex/mlx-swift.build/Debug-iphonesimulator/Cmlx.build/Objects-normal/arm64/primitives-e81047cc3f4feb9948f910d6952c9273.dia -c /Users/jamesalford/Library/Developer/Xcode/DerivedData/NotedCore-ftviuoyqruynvwbzbngenbwxsygv/SourcePackages/checkouts/mlx-swift/Source/Cmlx/mlx/mlx/distributed/primitives.cpp -o /Users/jamesalford/Library/Developer/Xcode/DerivedData/NotedCore-ftviuoyqruynvwbzbngenbwxsygv/Build/Intermediates.noindex/mlx-swift.build/Debug-iphonesimulator/Cmlx.build/Objects-normal/arm64/primitives-e81047cc3f4feb9948f910d6952c9273.o -index-unit-output-path /mlx-swift.build/Debug-iphonesimulator/Cmlx.build/Objects-normal/arm64/primitives-e81047cc3f4feb9948f910d6952c9273.o

CompileC /Users/jamesalford/Library/Developer/Xcode/DerivedData/NotedCore-ftviuoyqruynvwbzbngenbwxsygv/Build/Intermediates.noindex/mlx-swift.build/Debug-iphonesimulator/Cmlx.build/Objects-normal/arm64/primitives-d8919924b42463b81d1a803666a0a3fd.o /Users/jamesalford/Library/Developer/Xcode/DerivedData/NotedCore-ftviuoyqruynvwbzbngenbwxsygv/SourcePackages/checkouts/mlx-swift/Source/Cmlx/mlx/mlx/backend/cpu/primitives.cpp normal arm64 c++ com.apple.compilers.llvm.clang.1_0.compiler (in target 'Cmlx' from project 'mlx-swift')
    cd /Users/jamesalford/Documents/NotedCore/NotedCore.xcodeproj
    
    Using response file: /Users/jamesalford/Library/Developer/Xcode/DerivedData/NotedCore-ftviuoyqruynvwbzbngenbwxsygv/Build/Intermediates.noindex/mlx-swift.build/Debug-iphonesimulator/Cmlx.build/Objects-normal/arm64/82b82416624d2658e5098eb0a28c15c5-common-args.resp
    
    /Applications/Xcode.app/Contents/Developer/Toolchains/XcodeDefault.xctoolchain/usr/bin/clang -x c++ -ivfsstatcache /Users/jamesalford/Library/Developer/Xcode/DerivedData/SDKStatCaches.noindex/iphonesimulator26.0-23A339-3885c01c3e6b6a337905948deab2002e26257891a6c027eb51374368541b8346.sdkstatcache -fmessage-length\=0 -fdiagnostics-show-note-include-stack -fmacro-backtrace-limit\=0 -fno-color-diagnostics -fmodules-prune-interval\=86400 -fmodules-prune-after\=345600 -fbuild-session-file\=/Users/jamesalford/Library/Developer/Xcode/DerivedData/ModuleCache.noindex/Session.modulevalidation -fmodules-validate-once-per-build-session -Wnon-modular-include-in-framework-module -Werror\=non-modular-include-in-framework-module -Wno-trigraphs -Wno-missing-field-initializers -Wno-missing-prototypes -Wno-return-type -Wno-non-virtual-dtor -Wno-overloaded-virtual -Wno-exit-time-destructors -Wno-missing-braces -Wparentheses -Wswitch -Wno-unused-function -Wno-unused-label -Wno-unused-parameter -Wno-unused-variable -Wunused-value -Wno-empty-body -Wno-uninitialized -Wno-unknown-pragmas -w -Wno-shadow -Wno-four-char-constants -Wno-conversion -Wno-constant-conversion -Wno-int-conversion -Wno-bool-conversion -Wno-enum-conversion -Wno-float-conversion -Wno-non-literal-null-conversion -Wno-objc-literal-conversion -Wshorten-64-to-32 -Wno-newline-eof -Wno-c++11-extensions -Wno-implicit-fallthrough -fstrict-aliasing -Wdeprecated-declarations -Winvalid-offsetof -Wno-sign-conversion -Wno-infinite-recursion -Wno-move -Wno-comma -Wno-block-capture-autoreleasing -Wno-strict-prototypes -Wno-range-loop-analysis -Wno-semicolon-before-method-body -index-store-path /Users/jamesalford/Library/Developer/Xcode/DerivedData/NotedCore-ftviuoyqruynvwbzbngenbwxsygv/Index.noindex/DataStore @/Users/jamesalford/Library/Developer/Xcode/DerivedData/NotedCore-ftviuoyqruynvwbzbngenbwxsygv/Build/Intermediates.noindex/mlx-swift.build/Debug-iphonesimulator/Cmlx.build/Objects-normal/arm64/82b82416624d2658e5098eb0a28c15c5-common-args.resp -MMD -MT dependencies -MF /Users/jamesalford/Library/Developer/Xcode/DerivedData/NotedCore-ftviuoyqruynvwbzbngenbwxsygv/Build/Intermediates.noindex/mlx-swift.build/Debug-iphonesimulator/Cmlx.build/Objects-normal/arm64/primitives-d8919924b42463b81d1a803666a0a3fd.d --serialize-diagnostics /Users/jamesalford/Library/Developer/Xcode/DerivedData/NotedCore-ftviuoyqruynvwbzbngenbwxsygv/Build/Intermediates.noindex/mlx-swift.build/Debug-iphonesimulator/Cmlx.build/Objects-normal/arm64/primitives-d8919924b42463b81d1a803666a0a3fd.dia -c /Users/jamesalford/Library/Developer/Xcode/DerivedData/NotedCore-ftviuoyqruynvwbzbngenbwxsygv/SourcePackages/checkouts/mlx-swift/Source/Cmlx/mlx/mlx/backend/cpu/primitives.cpp -o /Users/jamesalford/Library/Developer/Xcode/DerivedData/NotedCore-ftviuoyqruynvwbzbngenbwxsygv/Build/Intermediates.noindex/mlx-swift.build/Debug-iphonesimulator/Cmlx.build/Objects-normal/arm64/primitives-d8919924b42463b81d1a803666a0a3fd.o -index-unit-output-path /mlx-swift.build/Debug-iphonesimulator/Cmlx.build/Objects-normal/arm64/primitives-d8919924b42463b81d1a803666a0a3fd.o

CompileC /Users/jamesalford/Library/Developer/Xcode/DerivedData/NotedCore-ftviuoyqruynvwbzbngenbwxsygv/Build/Intermediates.noindex/mlx-swift.build/Debug-iphonesimulator/Cmlx.build/Objects-normal/arm64/primitives-ab9692ccb812500671d0b651ca1e068a.o /Users/jamesalford/Library/Developer/Xcode/DerivedData/NotedCore-ftviuoyqruynvwbzbngenbwxsygv/SourcePackages/checkouts/mlx-swift/Source/Cmlx/mlx/mlx/backend/metal/primitives.cpp normal arm64 c++ com.apple.compilers.llvm.clang.1_0.compiler (in target 'Cmlx' from project 'mlx-swift')
    cd /Users/jamesalford/Documents/NotedCore/NotedCore.xcodeproj
    
    Using response file: /Users/jamesalford/Library/Developer/Xcode/DerivedData/NotedCore-ftviuoyqruynvwbzbngenbwxsygv/Build/Intermediates.noindex/mlx-swift.build/Debug-iphonesimulator/Cmlx.build/Objects-normal/arm64/82b82416624d2658e5098eb0a28c15c5-common-args.resp
    
    /Applications/Xcode.app/Contents/Developer/Toolchains/XcodeDefault.xctoolchain/usr/bin/clang -x c++ -ivfsstatcache /Users/jamesalford/Library/Developer/Xcode/DerivedData/SDKStatCaches.noindex/iphonesimulator26.0-23A339-3885c01c3e6b6a337905948deab2002e26257891a6c027eb51374368541b8346.sdkstatcache -fmessage-length\=0 -fdiagnostics-show-note-include-stack -fmacro-backtrace-limit\=0 -fno-color-diagnostics -fmodules-prune-interval\=86400 -fmodules-prune-after\=345600 -fbuild-session-file\=/Users/jamesalford/Library/Developer/Xcode/DerivedData/ModuleCache.noindex/Session.modulevalidation -fmodules-validate-once-per-build-session -Wnon-modular-include-in-framework-module -Werror\=non-modular-include-in-framework-module -Wno-trigraphs -Wno-missing-field-initializers -Wno-missing-prototypes -Wno-return-type -Wno-non-virtual-dtor -Wno-overloaded-virtual -Wno-exit-time-destructors -Wno-missing-braces -Wparentheses -Wswitch -Wno-unused-function -Wno-unused-label -Wno-unused-parameter -Wno-unused-variable -Wunused-value -Wno-empty-body -Wno-uninitialized -Wno-unknown-pragmas -w -Wno-shadow -Wno-four-char-constants -Wno-conversion -Wno-constant-conversion -Wno-int-conversion -Wno-bool-conversion -Wno-enum-conversion -Wno-float-conversion -Wno-non-literal-null-conversion -Wno-objc-literal-conversion -Wshorten-64-to-32 -Wno-newline-eof -Wno-c++11-extensions -Wno-implicit-fallthrough -fstrict-aliasing -Wdeprecated-declarations -Winvalid-offsetof -Wno-sign-conversion -Wno-infinite-recursion -Wno-move -Wno-comma -Wno-block-capture-autoreleasing -Wno-strict-prototypes -Wno-range-loop-analysis -Wno-semicolon-before-method-body -index-store-path /Users/jamesalford/Library/Developer/Xcode/DerivedData/NotedCore-ftviuoyqruynvwbzbngenbwxsygv/Index.noindex/DataStore @/Users/jamesalford/Library/Developer/Xcode/DerivedData/NotedCore-ftviuoyqruynvwbzbngenbwxsygv/Build/Intermediates.noindex/mlx-swift.build/Debug-iphonesimulator/Cmlx.build/Objects-normal/arm64/82b82416624d2658e5098eb0a28c15c5-common-args.resp -MMD -MT dependencies -MF /Users/jamesalford/Library/Developer/Xcode/DerivedData/NotedCore-ftviuoyqruynvwbzbngenbwxsygv/Build/Intermediates.noindex/mlx-swift.build/Debug-iphonesimulator/Cmlx.build/Objects-normal/arm64/primitives-ab9692ccb812500671d0b651ca1e068a.d --serialize-diagnostics /Users/jamesalford/Library/Developer/Xcode/DerivedData/NotedCore-ftviuoyqruynvwbzbngenbwxsygv/Build/Intermediates.noindex/mlx-swift.build/Debug-iphonesimulator/Cmlx.build/Objects-normal/arm64/primitives-ab9692ccb812500671d0b651ca1e068a.dia -c /Users/jamesalford/Library/Developer/Xcode/DerivedData/NotedCore-ftviuoyqruynvwbzbngenbwxsygv/SourcePackages/checkouts/mlx-swift/Source/Cmlx/mlx/mlx/backend/metal/primitives.cpp -o /Users/jamesalford/Library/Developer/Xcode/DerivedData/NotedCore-ftviuoyqruynvwbzbngenbwxsygv/Build/Intermediates.noindex/mlx-swift.build/Debug-iphonesimulator/Cmlx.build/Objects-normal/arm64/primitives-ab9692ccb812500671d0b651ca1e068a.o -index-unit-output-path /mlx-swift.build/Debug-iphonesimulator/Cmlx.build/Objects-normal/arm64/primitives-ab9692ccb812500671d0b651ca1e068a.o

CompileC /Users/jamesalford/Library/Developer/Xcode/DerivedData/NotedCore-ftviuoyqruynvwbzbngenbwxsygv/Build/Intermediates.noindex/mlx-swift.build/Debug-iphonesimulator/Cmlx.build/Objects-normal/arm64/ops-ad2bcab95f373707a7cd492793fae6d6.o /Users/jamesalford/Library/Developer/Xcode/DerivedData/NotedCore-ftviuoyqruynvwbzbngenbwxsygv/SourcePackages/checkouts/mlx-swift/Source/Cmlx/mlx/mlx/distributed/ops.cpp normal arm64 c++ com.apple.compilers.llvm.clang.1_0.compiler (in target 'Cmlx' from project 'mlx-swift')
    cd /Users/jamesalford/Documents/NotedCore/NotedCore.xcodeproj
    
    Using response file: /Users/jamesalford/Library/Developer/Xcode/DerivedData/NotedCore-ftviuoyqruynvwbzbngenbwxsygv/Build/Intermediates.noindex/mlx-swift.build/Debug-iphonesimulator/Cmlx.build/Objects-normal/arm64/82b82416624d2658e5098eb0a28c15c5-common-args.resp
    
    /Applications/Xcode.app/Contents/Developer/Toolchains/XcodeDefault.xctoolchain/usr/bin/clang -x c++ -ivfsstatcache /Users/jamesalford/Library/Developer/Xcode/DerivedData/SDKStatCaches.noindex/iphonesimulator26.0-23A339-3885c01c3e6b6a337905948deab2002e26257891a6c027eb51374368541b8346.sdkstatcache -fmessage-length\=0 -fdiagnostics-show-note-include-stack -fmacro-backtrace-limit\=0 -fno-color-diagnostics -fmodules-prune-interval\=86400 -fmodules-prune-after\=345600 -fbuild-session-file\=/Users/jamesalford/Library/Developer/Xcode/DerivedData/ModuleCache.noindex/Session.modulevalidation -fmodules-validate-once-per-build-session -Wnon-modular-include-in-framework-module -Werror\=non-modular-include-in-framework-module -Wno-trigraphs -Wno-missing-field-initializers -Wno-missing-prototypes -Wno-return-type -Wno-non-virtual-dtor -Wno-overloaded-virtual -Wno-exit-time-destructors -Wno-missing-braces -Wparentheses -Wswitch -Wno-unused-function -Wno-unused-label -Wno-unused-parameter -Wno-unused-variable -Wunused-value -Wno-empty-body -Wno-uninitialized -Wno-unknown-pragmas -w -Wno-shadow -Wno-four-char-constants -Wno-conversion -Wno-constant-conversion -Wno-int-conversion -Wno-bool-conversion -Wno-enum-conversion -Wno-float-conversion -Wno-non-literal-null-conversion -Wno-objc-literal-conversion -Wshorten-64-to-32 -Wno-newline-eof -Wno-c++11-extensions -Wno-implicit-fallthrough -fstrict-aliasing -Wdeprecated-declarations -Winvalid-offsetof -Wno-sign-conversion -Wno-infinite-recursion -Wno-move -Wno-comma -Wno-block-capture-autoreleasing -Wno-strict-prototypes -Wno-range-loop-analysis -Wno-semicolon-before-method-body -index-store-path /Users/jamesalford/Library/Developer/Xcode/DerivedData/NotedCore-ftviuoyqruynvwbzbngenbwxsygv/Index.noindex/DataStore @/Users/jamesalford/Library/Developer/Xcode/DerivedData/NotedCore-ftviuoyqruynvwbzbngenbwxsygv/Build/Intermediates.noindex/mlx-swift.build/Debug-iphonesimulator/Cmlx.build/Objects-normal/arm64/82b82416624d2658e5098eb0a28c15c5-common-args.resp -MMD -MT dependencies -MF /Users/jamesalford/Library/Developer/Xcode/DerivedData/NotedCore-ftviuoyqruynvwbzbngenbwxsygv/Build/Intermediates.noindex/mlx-swift.build/Debug-iphonesimulator/Cmlx.build/Objects-normal/arm64/ops-ad2bcab95f373707a7cd492793fae6d6.d --serialize-diagnostics /Users/jamesalford/Library/Developer/Xcode/DerivedData/NotedCore-ftviuoyqruynvwbzbngenbwxsygv/Build/Intermediates.noindex/mlx-swift.build/Debug-iphonesimulator/Cmlx.build/Objects-normal/arm64/ops-ad2bcab95f373707a7cd492793fae6d6.dia -c /Users/jamesalford/Library/Developer/Xcode/DerivedData/NotedCore-ftviuoyqruynvwbzbngenbwxsygv/SourcePackages/checkouts/mlx-swift/Source/Cmlx/mlx/mlx/distributed/ops.cpp -o /Users/jamesalford/Library/Developer/Xcode/DerivedData/NotedCore-ftviuoyqruynvwbzbngenbwxsygv/Build/Intermediates.noindex/mlx-swift.build/Debug-iphonesimulator/Cmlx.build/Objects-normal/arm64/ops-ad2bcab95f373707a7cd492793fae6d6.o -index-unit-output-path /mlx-swift.build/Debug-iphonesimulator/Cmlx.build/Objects-normal/arm64/ops-ad2bcab95f373707a7cd492793fae6d6.o

CompileC /Users/jamesalford/Library/Developer/Xcode/DerivedData/NotedCore-ftviuoyqruynvwbzbngenbwxsygv/Build/Intermediates.noindex/mlx-swift.build/Debug-iphonesimulator/Cmlx.build/Objects-normal/arm64/ops-7865e806cdbd07eab30af6027b2f895b.o /Users/jamesalford/Library/Developer/Xcode/DerivedData/NotedCore-ftviuoyqruynvwbzbngenbwxsygv/SourcePackages/checkouts/mlx-swift/Source/Cmlx/mlx-c/mlx/c/ops.cpp normal arm64 c++ com.apple.compilers.llvm.clang.1_0.compiler (in target 'Cmlx' from project 'mlx-swift')
    cd /Users/jamesalford/Documents/NotedCore/NotedCore.xcodeproj
    
    Using response file: /Users/jamesalford/Library/Developer/Xcode/DerivedData/NotedCore-ftviuoyqruynvwbzbngenbwxsygv/Build/Intermediates.noindex/mlx-swift.build/Debug-iphonesimulator/Cmlx.build/Objects-normal/arm64/82b82416624d2658e5098eb0a28c15c5-common-args.resp
    
    /Applications/Xcode.app/Contents/Developer/Toolchains/XcodeDefault.xctoolchain/usr/bin/clang -x c++ -ivfsstatcache /Users/jamesalford/Library/Developer/Xcode/DerivedData/SDKStatCaches.noindex/iphonesimulator26.0-23A339-3885c01c3e6b6a337905948deab2002e26257891a6c027eb51374368541b8346.sdkstatcache -fmessage-length\=0 -fdiagnostics-show-note-include-stack -fmacro-backtrace-limit\=0 -fno-color-diagnostics -fmodules-prune-interval\=86400 -fmodules-prune-after\=345600 -fbuild-session-file\=/Users/jamesalford/Library/Developer/Xcode/DerivedData/ModuleCache.noindex/Session.modulevalidation -fmodules-validate-once-per-build-session -Wnon-modular-include-in-framework-module -Werror\=non-modular-include-in-framework-module -Wno-trigraphs -Wno-missing-field-initializers -Wno-missing-prototypes -Wno-return-type -Wno-non-virtual-dtor -Wno-overloaded-virtual -Wno-exit-time-destructors -Wno-missing-braces -Wparentheses -Wswitch -Wno-unused-function -Wno-unused-label -Wno-unused-parameter -Wno-unused-variable -Wunused-value -Wno-empty-body -Wno-uninitialized -Wno-unknown-pragmas -w -Wno-shadow -Wno-four-char-constants -Wno-conversion -Wno-constant-conversion -Wno-int-conversion -Wno-bool-conversion -Wno-enum-conversion -Wno-float-conversion -Wno-non-literal-null-conversion -Wno-objc-literal-conversion -Wshorten-64-to-32 -Wno-newline-eof -Wno-c++11-extensions -Wno-implicit-fallthrough -fstrict-aliasing -Wdeprecated-declarations -Winvalid-offsetof -Wno-sign-conversion -Wno-infinite-recursion -Wno-move -Wno-comma -Wno-block-capture-autoreleasing -Wno-strict-prototypes -Wno-range-loop-analysis -Wno-semicolon-before-method-body -index-store-path /Users/jamesalford/Library/Developer/Xcode/DerivedData/NotedCore-ftviuoyqruynvwbzbngenbwxsygv/Index.noindex/DataStore @/Users/jamesalford/Library/Developer/Xcode/DerivedData/NotedCore-ftviuoyqruynvwbzbngenbwxsygv/Build/Intermediates.noindex/mlx-swift.build/Debug-iphonesimulator/Cmlx.build/Objects-normal/arm64/82b82416624d2658e5098eb0a28c15c5-common-args.resp -MMD -MT dependencies -MF /Users/jamesalford/Library/Developer/Xcode/DerivedData/NotedCore-ftviuoyqruynvwbzbngenbwxsygv/Build/Intermediates.noindex/mlx-swift.build/Debug-iphonesimulator/Cmlx.build/Objects-normal/arm64/ops-7865e806cdbd07eab30af6027b2f895b.d --serialize-diagnostics /Users/jamesalford/Library/Developer/Xcode/DerivedData/NotedCore-ftviuoyqruynvwbzbngenbwxsygv/Build/Intermediates.noindex/mlx-swift.build/Debug-iphonesimulator/Cmlx.build/Objects-normal/arm64/ops-7865e806cdbd07eab30af6027b2f895b.dia -c /Users/jamesalford/Library/Developer/Xcode/DerivedData/NotedCore-ftviuoyqruynvwbzbngenbwxsygv/SourcePackages/checkouts/mlx-swift/Source/Cmlx/mlx-c/mlx/c/ops.cpp -o /Users/jamesalford/Library/Developer/Xcode/DerivedData/NotedCore-ftviuoyqruynvwbzbngenbwxsygv/Build/Intermediates.noindex/mlx-swift.build/Debug-iphonesimulator/Cmlx.build/Objects-normal/arm64/ops-7865e806cdbd07eab30af6027b2f895b.o -index-unit-output-path /mlx-swift.build/Debug-iphonesimulator/Cmlx.build/Objects-normal/arm64/ops-7865e806cdbd07eab30af6027b2f895b.o

CompileC /Users/jamesalford/Library/Developer/Xcode/DerivedData/NotedCore-ftviuoyqruynvwbzbngenbwxsygv/Build/Intermediates.noindex/mlx-swift.build/Debug-iphonesimulator/Cmlx.build/Objects-normal/arm64/normalization.o /Users/jamesalford/Library/Developer/Xcode/DerivedData/NotedCore-ftviuoyqruynvwbzbngenbwxsygv/SourcePackages/checkouts/mlx-swift/Source/Cmlx/mlx/mlx/backend/metal/normalization.cpp normal arm64 c++ com.apple.compilers.llvm.clang.1_0.compiler (in target 'Cmlx' from project 'mlx-swift')
    cd /Users/jamesalford/Documents/NotedCore/NotedCore.xcodeproj
    
    Using response file: /Users/jamesalford/Library/Developer/Xcode/DerivedData/NotedCore-ftviuoyqruynvwbzbngenbwxsygv/Build/Intermediates.noindex/mlx-swift.build/Debug-iphonesimulator/Cmlx.build/Objects-normal/arm64/82b82416624d2658e5098eb0a28c15c5-common-args.resp
    
    /Applications/Xcode.app/Contents/Developer/Toolchains/XcodeDefault.xctoolchain/usr/bin/clang -x c++ -ivfsstatcache /Users/jamesalford/Library/Developer/Xcode/DerivedData/SDKStatCaches.noindex/iphonesimulator26.0-23A339-3885c01c3e6b6a337905948deab2002e26257891a6c027eb51374368541b8346.sdkstatcache -fmessage-length\=0 -fdiagnostics-show-note-include-stack -fmacro-backtrace-limit\=0 -fno-color-diagnostics -fmodules-prune-interval\=86400 -fmodules-prune-after\=345600 -fbuild-session-file\=/Users/jamesalford/Library/Developer/Xcode/DerivedData/ModuleCache.noindex/Session.modulevalidation -fmodules-validate-once-per-build-session -Wnon-modular-include-in-framework-module -Werror\=non-modular-include-in-framework-module -Wno-trigraphs -Wno-missing-field-initializers -Wno-missing-prototypes -Wno-return-type -Wno-non-virtual-dtor -Wno-overloaded-virtual -Wno-exit-time-destructors -Wno-missing-braces -Wparentheses -Wswitch -Wno-unused-function -Wno-unused-label -Wno-unused-parameter -Wno-unused-variable -Wunused-value -Wno-empty-body -Wno-uninitialized -Wno-unknown-pragmas -w -Wno-shadow -Wno-four-char-constants -Wno-conversion -Wno-constant-conversion -Wno-int-conversion -Wno-bool-conversion -Wno-enum-conversion -Wno-float-conversion -Wno-non-literal-null-conversion -Wno-objc-literal-conversion -Wshorten-64-to-32 -Wno-newline-eof -Wno-c++11-extensions -Wno-implicit-fallthrough -fstrict-aliasing -Wdeprecated-declarations -Winvalid-offsetof -Wno-sign-conversion -Wno-infinite-recursion -Wno-move -Wno-comma -Wno-block-capture-autoreleasing -Wno-strict-prototypes -Wno-range-loop-analysis -Wno-semicolon-before-method-body -index-store-path /Users/jamesalford/Library/Developer/Xcode/DerivedData/NotedCore-ftviuoyqruynvwbzbngenbwxsygv/Index.noindex/DataStore @/Users/jamesalford/Library/Developer/Xcode/DerivedData/NotedCore-ftviuoyqruynvwbzbngenbwxsygv/Build/Intermediates.noindex/mlx-swift.build/Debug-iphonesimulator/Cmlx.build/Objects-normal/arm64/82b82416624d2658e5098eb0a28c15c5-common-args.resp -MMD -MT dependencies -MF /Users/jamesalford/Library/Developer/Xcode/DerivedData/NotedCore-ftviuoyqruynvwbzbngenbwxsygv/Build/Intermediates.noindex/mlx-swift.build/Debug-iphonesimulator/Cmlx.build/Objects-normal/arm64/normalization.d --serialize-diagnostics /Users/jamesalford/Library/Developer/Xcode/DerivedData/NotedCore-ftviuoyqruynvwbzbngenbwxsygv/Build/Intermediates.noindex/mlx-swift.build/Debug-iphonesimulator/Cmlx.build/Objects-normal/arm64/normalization.dia -c /Users/jamesalford/Library/Developer/Xcode/DerivedData/NotedCore-ftviuoyqruynvwbzbngenbwxsygv/SourcePackages/checkouts/mlx-swift/Source/Cmlx/mlx/mlx/backend/metal/normalization.cpp -o /Users/jamesalford/Library/Developer/Xcode/DerivedData/NotedCore-ftviuoyqruynvwbzbngenbwxsygv/Build/Intermediates.noindex/mlx-swift.build/Debug-iphonesimulator/Cmlx.build/Objects-normal/arm64/normalization.o -index-unit-output-path /mlx-swift.build/Debug-iphonesimulator/Cmlx.build/Objects-normal/arm64/normalization.o

CompileC /Users/jamesalford/Library/Developer/Xcode/DerivedData/NotedCore-ftviuoyqruynvwbzbngenbwxsygv/Build/Intermediates.noindex/mlx-swift.build/Debug-iphonesimulator/Cmlx.build/Objects-normal/arm64/no_ring.o /Users/jamesalford/Library/Developer/Xcode/DerivedData/NotedCore-ftviuoyqruynvwbzbngenbwxsygv/SourcePackages/checkouts/mlx-swift/Source/Cmlx/mlx/mlx/distributed/ring/no_ring.cpp normal arm64 c++ com.apple.compilers.llvm.clang.1_0.compiler (in target 'Cmlx' from project 'mlx-swift')
    cd /Users/jamesalford/Documents/NotedCore/NotedCore.xcodeproj
    
    Using response file: /Users/jamesalford/Library/Developer/Xcode/DerivedData/NotedCore-ftviuoyqruynvwbzbngenbwxsygv/Build/Intermediates.noindex/mlx-swift.build/Debug-iphonesimulator/Cmlx.build/Objects-normal/arm64/82b82416624d2658e5098eb0a28c15c5-common-args.resp
    
    /Applications/Xcode.app/Contents/Developer/Toolchains/XcodeDefault.xctoolchain/usr/bin/clang -x c++ -ivfsstatcache /Users/jamesalford/Library/Developer/Xcode/DerivedData/SDKStatCaches.noindex/iphonesimulator26.0-23A339-3885c01c3e6b6a337905948deab2002e26257891a6c027eb51374368541b8346.sdkstatcache -fmessage-length\=0 -fdiagnostics-show-note-include-stack -fmacro-backtrace-limit\=0 -fno-color-diagnostics -fmodules-prune-interval\=86400 -fmodules-prune-after\=345600 -fbuild-session-file\=/Users/jamesalford/Library/Developer/Xcode/DerivedData/ModuleCache.noindex/Session.modulevalidation -fmodules-validate-once-per-build-session -Wnon-modular-include-in-framework-module -Werror\=non-modular-include-in-framework-module -Wno-trigraphs -Wno-missing-field-initializers -Wno-missing-prototypes -Wno-return-type -Wno-non-virtual-dtor -Wno-overloaded-virtual -Wno-exit-time-destructors -Wno-missing-braces -Wparentheses -Wswitch -Wno-unused-function -Wno-unused-label -Wno-unused-parameter -Wno-unused-variable -Wunused-value -Wno-empty-body -Wno-uninitialized -Wno-unknown-pragmas -w -Wno-shadow -Wno-four-char-constants -Wno-conversion -Wno-constant-conversion -Wno-int-conversion -Wno-bool-conversion -Wno-enum-conversion -Wno-float-conversion -Wno-non-literal-null-conversion -Wno-objc-literal-conversion -Wshorten-64-to-32 -Wno-newline-eof -Wno-c++11-extensions -Wno-implicit-fallthrough -fstrict-aliasing -Wdeprecated-declarations -Winvalid-offsetof -Wno-sign-conversion -Wno-infinite-recursion -Wno-move -Wno-comma -Wno-block-capture-autoreleasing -Wno-strict-prototypes -Wno-range-loop-analysis -Wno-semicolon-before-method-body -index-store-path /Users/jamesalford/Library/Developer/Xcode/DerivedData/NotedCore-ftviuoyqruynvwbzbngenbwxsygv/Index.noindex/DataStore @/Users/jamesalford/Library/Developer/Xcode/DerivedData/NotedCore-ftviuoyqruynvwbzbngenbwxsygv/Build/Intermediates.noindex/mlx-swift.build/Debug-iphonesimulator/Cmlx.build/Objects-normal/arm64/82b82416624d2658e5098eb0a28c15c5-common-args.resp -MMD -MT dependencies -MF /Users/jamesalford/Library/Developer/Xcode/DerivedData/NotedCore-ftviuoyqruynvwbzbngenbwxsygv/Build/Intermediates.noindex/mlx-swift.build/Debug-iphonesimulator/Cmlx.build/Objects-normal/arm64/no_ring.d --serialize-diagnostics /Users/jamesalford/Library/Developer/Xcode/DerivedData/NotedCore-ftviuoyqruynvwbzbngenbwxsygv/Build/Intermediates.noindex/mlx-swift.build/Debug-iphonesimulator/Cmlx.build/Objects-normal/arm64/no_ring.dia -c /Users/jamesalford/Library/Developer/Xcode/DerivedData/NotedCore-ftviuoyqruynvwbzbngenbwxsygv/SourcePackages/checkouts/mlx-swift/Source/Cmlx/mlx/mlx/distributed/ring/no_ring.cpp -o /Users/jamesalford/Library/Developer/Xcode/DerivedData/NotedCore-ftviuoyqruynvwbzbngenbwxsygv/Build/Intermediates.noindex/mlx-swift.build/Debug-iphonesimulator/Cmlx.build/Objects-normal/arm64/no_ring.o -index-unit-output-path /mlx-swift.build/Debug-iphonesimulator/Cmlx.build/Objects-normal/arm64/no_ring.o

CompileC /Users/jamesalford/Library/Developer/Xcode/DerivedData/NotedCore-ftviuoyqruynvwbzbngenbwxsygv/Build/Intermediates.noindex/mlx-swift.build/Debug-iphonesimulator/Cmlx.build/Objects-normal/arm64/no_mpi.o /Users/jamesalford/Library/Developer/Xcode/DerivedData/NotedCore-ftviuoyqruynvwbzbngenbwxsygv/SourcePackages/checkouts/mlx-swift/Source/Cmlx/mlx/mlx/distributed/mpi/no_mpi.cpp normal arm64 c++ com.apple.compilers.llvm.clang.1_0.compiler (in target 'Cmlx' from project 'mlx-swift')
    cd /Users/jamesalford/Documents/NotedCore/NotedCore.xcodeproj
    
    Using response file: /Users/jamesalford/Library/Developer/Xcode/DerivedData/NotedCore-ftviuoyqruynvwbzbngenbwxsygv/Build/Intermediates.noindex/mlx-swift.build/Debug-iphonesimulator/Cmlx.build/Objects-normal/arm64/82b82416624d2658e5098eb0a28c15c5-common-args.resp
    
    /Applications/Xcode.app/Contents/Developer/Toolchains/XcodeDefault.xctoolchain/usr/bin/clang -x c++ -ivfsstatcache /Users/jamesalford/Library/Developer/Xcode/DerivedData/SDKStatCaches.noindex/iphonesimulator26.0-23A339-3885c01c3e6b6a337905948deab2002e26257891a6c027eb51374368541b8346.sdkstatcache -fmessage-length\=0 -fdiagnostics-show-note-include-stack -fmacro-backtrace-limit\=0 -fno-color-diagnostics -fmodules-prune-interval\=86400 -fmodules-prune-after\=345600 -fbuild-session-file\=/Users/jamesalford/Library/Developer/Xcode/DerivedData/ModuleCache.noindex/Session.modulevalidation -fmodules-validate-once-per-build-session -Wnon-modular-include-in-framework-module -Werror\=non-modular-include-in-framework-module -Wno-trigraphs -Wno-missing-field-initializers -Wno-missing-prototypes -Wno-return-type -Wno-non-virtual-dtor -Wno-overloaded-virtual -Wno-exit-time-destructors -Wno-missing-braces -Wparentheses -Wswitch -Wno-unused-function -Wno-unused-label -Wno-unused-parameter -Wno-unused-variable -Wunused-value -Wno-empty-body -Wno-uninitialized -Wno-unknown-pragmas -w -Wno-shadow -Wno-four-char-constants -Wno-conversion -Wno-constant-conversion -Wno-int-conversion -Wno-bool-conversion -Wno-enum-conversion -Wno-float-conversion -Wno-non-literal-null-conversion -Wno-objc-literal-conversion -Wshorten-64-to-32 -Wno-newline-eof -Wno-c++11-extensions -Wno-implicit-fallthrough -fstrict-aliasing -Wdeprecated-declarations -Winvalid-offsetof -Wno-sign-conversion -Wno-infinite-recursion -Wno-move -Wno-comma -Wno-block-capture-autoreleasing -Wno-strict-prototypes -Wno-range-loop-analysis -Wno-semicolon-before-method-body -index-store-path /Users/jamesalford/Library/Developer/Xcode/DerivedData/NotedCore-ftviuoyqruynvwbzbngenbwxsygv/Index.noindex/DataStore @/Users/jamesalford/Library/Developer/Xcode/DerivedData/NotedCore-ftviuoyqruynvwbzbngenbwxsygv/Build/Intermediates.noindex/mlx-swift.build/Debug-iphonesimulator/Cmlx.build/Objects-normal/arm64/82b82416624d2658e5098eb0a28c15c5-common-args.resp -MMD -MT dependencies -MF /Users/jamesalford/Library/Developer/Xcode/DerivedData/NotedCore-ftviuoyqruynvwbzbngenbwxsygv/Build/Intermediates.noindex/mlx-swift.build/Debug-iphonesimulator/Cmlx.build/Objects-normal/arm64/no_mpi.d --serialize-diagnostics /Users/jamesalford/Library/Developer/Xcode/DerivedData/NotedCore-ftviuoyqruynvwbzbngenbwxsygv/Build/Intermediates.noindex/mlx-swift.build/Debug-iphonesimulator/Cmlx.build/Objects-normal/arm64/no_mpi.dia -c /Users/jamesalford/Library/Developer/Xcode/DerivedData/NotedCore-ftviuoyqruynvwbzbngenbwxsygv/SourcePackages/checkouts/mlx-swift/Source/Cmlx/mlx/mlx/distributed/mpi/no_mpi.cpp -o /Users/jamesalford/Library/Developer/Xcode/DerivedData/NotedCore-ftviuoyqruynvwbzbngenbwxsygv/Build/Intermediates.noindex/mlx-swift.build/Debug-iphonesimulator/Cmlx.build/Objects-normal/arm64/no_mpi.o -index-unit-output-path /mlx-swift.build/Debug-iphonesimulator/Cmlx.build/Objects-normal/arm64/no_mpi.o

CompileC /Users/jamesalford/Library/Developer/Xcode/DerivedData/NotedCore-ftviuoyqruynvwbzbngenbwxsygv/Build/Intermediates.noindex/mlx-swift.build/Debug-iphonesimulator/Cmlx.build/Objects-normal/arm64/metal-adbe2fdb4661ebad27afe620cd25e17f.o /Users/jamesalford/Library/Developer/Xcode/DerivedData/NotedCore-ftviuoyqruynvwbzbngenbwxsygv/SourcePackages/checkouts/mlx-swift/Source/Cmlx/mlx/mlx/backend/metal/metal.cpp normal arm64 c++ com.apple.compilers.llvm.clang.1_0.compiler (in target 'Cmlx' from project 'mlx-swift')
    cd /Users/jamesalford/Documents/NotedCore/NotedCore.xcodeproj
    
    Using response file: /Users/jamesalford/Library/Developer/Xcode/DerivedData/NotedCore-ftviuoyqruynvwbzbngenbwxsygv/Build/Intermediates.noindex/mlx-swift.build/Debug-iphonesimulator/Cmlx.build/Objects-normal/arm64/82b82416624d2658e5098eb0a28c15c5-common-args.resp
    
    /Applications/Xcode.app/Contents/Developer/Toolchains/XcodeDefault.xctoolchain/usr/bin/clang -x c++ -ivfsstatcache /Users/jamesalford/Library/Developer/Xcode/DerivedData/SDKStatCaches.noindex/iphonesimulator26.0-23A339-3885c01c3e6b6a337905948deab2002e26257891a6c027eb51374368541b8346.sdkstatcache -fmessage-length\=0 -fdiagnostics-show-note-include-stack -fmacro-backtrace-limit\=0 -fno-color-diagnostics -fmodules-prune-interval\=86400 -fmodules-prune-after\=345600 -fbuild-session-file\=/Users/jamesalford/Library/Developer/Xcode/DerivedData/ModuleCache.noindex/Session.modulevalidation -fmodules-validate-once-per-build-session -Wnon-modular-include-in-framework-module -Werror\=non-modular-include-in-framework-module -Wno-trigraphs -Wno-missing-field-initializers -Wno-missing-prototypes -Wno-return-type -Wno-non-virtual-dtor -Wno-overloaded-virtual -Wno-exit-time-destructors -Wno-missing-braces -Wparentheses -Wswitch -Wno-unused-function -Wno-unused-label -Wno-unused-parameter -Wno-unused-variable -Wunused-value -Wno-empty-body -Wno-uninitialized -Wno-unknown-pragmas -w -Wno-shadow -Wno-four-char-constants -Wno-conversion -Wno-constant-conversion -Wno-int-conversion -Wno-bool-conversion -Wno-enum-conversion -Wno-float-conversion -Wno-non-literal-null-conversion -Wno-objc-literal-conversion -Wshorten-64-to-32 -Wno-newline-eof -Wno-c++11-extensions -Wno-implicit-fallthrough -fstrict-aliasing -Wdeprecated-declarations -Winvalid-offsetof -Wno-sign-conversion -Wno-infinite-recursion -Wno-move -Wno-comma -Wno-block-capture-autoreleasing -Wno-strict-prototypes -Wno-range-loop-analysis -Wno-semicolon-before-method-body -index-store-path /Users/jamesalford/Library/Developer/Xcode/DerivedData/NotedCore-ftviuoyqruynvwbzbngenbwxsygv/Index.noindex/DataStore @/Users/jamesalford/Library/Developer/Xcode/DerivedData/NotedCore-ftviuoyqruynvwbzbngenbwxsygv/Build/Intermediates.noindex/mlx-swift.build/Debug-iphonesimulator/Cmlx.build/Objects-normal/arm64/82b82416624d2658e5098eb0a28c15c5-common-args.resp -MMD -MT dependencies -MF /Users/jamesalford/Library/Developer/Xcode/DerivedData/NotedCore-ftviuoyqruynvwbzbngenbwxsygv/Build/Intermediates.noindex/mlx-swift.build/Debug-iphonesimulator/Cmlx.build/Objects-normal/arm64/metal-adbe2fdb4661ebad27afe620cd25e17f.d --serialize-diagnostics /Users/jamesalford/Library/Developer/Xcode/DerivedData/NotedCore-ftviuoyqruynvwbzbngenbwxsygv/Build/Intermediates.noindex/mlx-swift.build/Debug-iphonesimulator/Cmlx.build/Objects-normal/arm64/metal-adbe2fdb4661ebad27afe620cd25e17f.dia -c /Users/jamesalford/Library/Developer/Xcode/DerivedData/NotedCore-ftviuoyqruynvwbzbngenbwxsygv/SourcePackages/checkouts/mlx-swift/Source/Cmlx/mlx/mlx/backend/metal/metal.cpp -o /Users/jamesalford/Library/Developer/Xcode/DerivedData/NotedCore-ftviuoyqruynvwbzbngenbwxsygv/Build/Intermediates.noindex/mlx-swift.build/Debug-iphonesimulator/Cmlx.build/Objects-normal/arm64/metal-adbe2fdb4661ebad27afe620cd25e17f.o -index-unit-output-path /mlx-swift.build/Debug-iphonesimulator/Cmlx.build/Objects-normal/arm64/metal-adbe2fdb4661ebad27afe620cd25e17f.o

CompileC /Users/jamesalford/Library/Developer/Xcode/DerivedData/NotedCore-ftviuoyqruynvwbzbngenbwxsygv/Build/Intermediates.noindex/mlx-swift.build/Debug-iphonesimulator/Cmlx.build/Objects-normal/arm64/metal-ab61d0e3bb69d418cbf48fc4f6634b8f.o /Users/jamesalford/Library/Developer/Xcode/DerivedData/NotedCore-ftviuoyqruynvwbzbngenbwxsygv/SourcePackages/checkouts/mlx-swift/Source/Cmlx/mlx-c/mlx/c/metal.cpp normal arm64 c++ com.apple.compilers.llvm.clang.1_0.compiler (in target 'Cmlx' from project 'mlx-swift')
    cd /Users/jamesalford/Documents/NotedCore/NotedCore.xcodeproj
    
    Using response file: /Users/jamesalford/Library/Developer/Xcode/DerivedData/NotedCore-ftviuoyqruynvwbzbngenbwxsygv/Build/Intermediates.noindex/mlx-swift.build/Debug-iphonesimulator/Cmlx.build/Objects-normal/arm64/82b82416624d2658e5098eb0a28c15c5-common-args.resp
    
    /Applications/Xcode.app/Contents/Developer/Toolchains/XcodeDefault.xctoolchain/usr/bin/clang -x c++ -ivfsstatcache /Users/jamesalford/Library/Developer/Xcode/DerivedData/SDKStatCaches.noindex/iphonesimulator26.0-23A339-3885c01c3e6b6a337905948deab2002e26257891a6c027eb51374368541b8346.sdkstatcache -fmessage-length\=0 -fdiagnostics-show-note-include-stack -fmacro-backtrace-limit\=0 -fno-color-diagnostics -fmodules-prune-interval\=86400 -fmodules-prune-after\=345600 -fbuild-session-file\=/Users/jamesalford/Library/Developer/Xcode/DerivedData/ModuleCache.noindex/Session.modulevalidation -fmodules-validate-once-per-build-session -Wnon-modular-include-in-framework-module -Werror\=non-modular-include-in-framework-module -Wno-trigraphs -Wno-missing-field-initializers -Wno-missing-prototypes -Wno-return-type -Wno-non-virtual-dtor -Wno-overloaded-virtual -Wno-exit-time-destructors -Wno-missing-braces -Wparentheses -Wswitch -Wno-unused-function -Wno-unused-label -Wno-unused-parameter -Wno-unused-variable -Wunused-value -Wno-empty-body -Wno-uninitialized -Wno-unknown-pragmas -w -Wno-shadow -Wno-four-char-constants -Wno-conversion -Wno-constant-conversion -Wno-int-conversion -Wno-bool-conversion -Wno-enum-conversion -Wno-float-conversion -Wno-non-literal-null-conversion -Wno-objc-literal-conversion -Wshorten-64-to-32 -Wno-newline-eof -Wno-c++11-extensions -Wno-implicit-fallthrough -fstrict-aliasing -Wdeprecated-declarations -Winvalid-offsetof -Wno-sign-conversion -Wno-infinite-recursion -Wno-move -Wno-comma -Wno-block-capture-autoreleasing -Wno-strict-prototypes -Wno-range-loop-analysis -Wno-semicolon-before-method-body -index-store-path /Users/jamesalford/Library/Developer/Xcode/DerivedData/NotedCore-ftviuoyqruynvwbzbngenbwxsygv/Index.noindex/DataStore @/Users/jamesalford/Library/Developer/Xcode/DerivedData/NotedCore-ftviuoyqruynvwbzbngenbwxsygv/Build/Intermediates.noindex/mlx-swift.build/Debug-iphonesimulator/Cmlx.build/Objects-normal/arm64/82b82416624d2658e5098eb0a28c15c5-common-args.resp -MMD -MT dependencies -MF /Users/jamesalford/Library/Developer/Xcode/DerivedData/NotedCore-ftviuoyqruynvwbzbngenbwxsygv/Build/Intermediates.noindex/mlx-swift.build/Debug-iphonesimulator/Cmlx.build/Objects-normal/arm64/metal-ab61d0e3bb69d418cbf48fc4f6634b8f.d --serialize-diagnostics /Users/jamesalford/Library/Developer/Xcode/DerivedData/NotedCore-ftviuoyqruynvwbzbngenbwxsygv/Build/Intermediates.noindex/mlx-swift.build/Debug-iphonesimulator/Cmlx.build/Objects-normal/arm64/metal-ab61d0e3bb69d418cbf48fc4f6634b8f.dia -c /Users/jamesalford/Library/Developer/Xcode/DerivedData/NotedCore-ftviuoyqruynvwbzbngenbwxsygv/SourcePackages/checkouts/mlx-swift/Source/Cmlx/mlx-c/mlx/c/metal.cpp -o /Users/jamesalford/Library/Developer/Xcode/DerivedData/NotedCore-ftviuoyqruynvwbzbngenbwxsygv/Build/Intermediates.noindex/mlx-swift.build/Debug-iphonesimulator/Cmlx.build/Objects-normal/arm64/metal-ab61d0e3bb69d418cbf48fc4f6634b8f.o -index-unit-output-path /mlx-swift.build/Debug-iphonesimulator/Cmlx.build/Objects-normal/arm64/metal-ab61d0e3bb69d418cbf48fc4f6634b8f.o

CompileC /Users/jamesalford/Library/Developer/Xcode/DerivedData/NotedCore-ftviuoyqruynvwbzbngenbwxsygv/Build/Intermediates.noindex/mlx-swift.build/Debug-iphonesimulator/Cmlx.build/Objects-normal/arm64/memory.o /Users/jamesalford/Library/Developer/Xcode/DerivedData/NotedCore-ftviuoyqruynvwbzbngenbwxsygv/SourcePackages/checkouts/mlx-swift/Source/Cmlx/mlx-c/mlx/c/memory.cpp normal arm64 c++ com.apple.compilers.llvm.clang.1_0.compiler (in target 'Cmlx' from project 'mlx-swift')
    cd /Users/jamesalford/Documents/NotedCore/NotedCore.xcodeproj
    
    Using response file: /Users/jamesalford/Library/Developer/Xcode/DerivedData/NotedCore-ftviuoyqruynvwbzbngenbwxsygv/Build/Intermediates.noindex/mlx-swift.build/Debug-iphonesimulator/Cmlx.build/Objects-normal/arm64/82b82416624d2658e5098eb0a28c15c5-common-args.resp
    
    /Applications/Xcode.app/Contents/Developer/Toolchains/XcodeDefault.xctoolchain/usr/bin/clang -x c++ -ivfsstatcache /Users/jamesalford/Library/Developer/Xcode/DerivedData/SDKStatCaches.noindex/iphonesimulator26.0-23A339-3885c01c3e6b6a337905948deab2002e26257891a6c027eb51374368541b8346.sdkstatcache -fmessage-length\=0 -fdiagnostics-show-note-include-stack -fmacro-backtrace-limit\=0 -fno-color-diagnostics -fmodules-prune-interval\=86400 -fmodules-prune-after\=345600 -fbuild-session-file\=/Users/jamesalford/Library/Developer/Xcode/DerivedData/ModuleCache.noindex/Session.modulevalidation -fmodules-validate-once-per-build-session -Wnon-modular-include-in-framework-module -Werror\=non-modular-include-in-framework-module -Wno-trigraphs -Wno-missing-field-initializers -Wno-missing-prototypes -Wno-return-type -Wno-non-virtual-dtor -Wno-overloaded-virtual -Wno-exit-time-destructors -Wno-missing-braces -Wparentheses -Wswitch -Wno-unused-function -Wno-unused-label -Wno-unused-parameter -Wno-unused-variable -Wunused-value -Wno-empty-body -Wno-uninitialized -Wno-unknown-pragmas -w -Wno-shadow -Wno-four-char-constants -Wno-conversion -Wno-constant-conversion -Wno-int-conversion -Wno-bool-conversion -Wno-enum-conversion -Wno-float-conversion -Wno-non-literal-null-conversion -Wno-objc-literal-conversion -Wshorten-64-to-32 -Wno-newline-eof -Wno-c++11-extensions -Wno-implicit-fallthrough -fstrict-aliasing -Wdeprecated-declarations -Winvalid-offsetof -Wno-sign-conversion -Wno-infinite-recursion -Wno-move -Wno-comma -Wno-block-capture-autoreleasing -Wno-strict-prototypes -Wno-range-loop-analysis -Wno-semicolon-before-method-body -index-store-path /Users/jamesalford/Library/Developer/Xcode/DerivedData/NotedCore-ftviuoyqruynvwbzbngenbwxsygv/Index.noindex/DataStore @/Users/jamesalford/Library/Developer/Xcode/DerivedData/NotedCore-ftviuoyqruynvwbzbngenbwxsygv/Build/Intermediates.noindex/mlx-swift.build/Debug-iphonesimulator/Cmlx.build/Objects-normal/arm64/82b82416624d2658e5098eb0a28c15c5-common-args.resp -MMD -MT dependencies -MF /Users/jamesalford/Library/Developer/Xcode/DerivedData/NotedCore-ftviuoyqruynvwbzbngenbwxsygv/Build/Intermediates.noindex/mlx-swift.build/Debug-iphonesimulator/Cmlx.build/Objects-normal/arm64/memory.d --serialize-diagnostics /Users/jamesalford/Library/Developer/Xcode/DerivedData/NotedCore-ftviuoyqruynvwbzbngenbwxsygv/Build/Intermediates.noindex/mlx-swift.build/Debug-iphonesimulator/Cmlx.build/Objects-normal/arm64/memory.dia -c /Users/jamesalford/Library/Developer/Xcode/DerivedData/NotedCore-ftviuoyqruynvwbzbngenbwxsygv/SourcePackages/checkouts/mlx-swift/Source/Cmlx/mlx-c/mlx/c/memory.cpp -o /Users/jamesalford/Library/Developer/Xcode/DerivedData/NotedCore-ftviuoyqruynvwbzbngenbwxsygv/Build/Intermediates.noindex/mlx-swift.build/Debug-iphonesimulator/Cmlx.build/Objects-normal/arm64/memory.o -index-unit-output-path /mlx-swift.build/Debug-iphonesimulator/Cmlx.build/Objects-normal/arm64/memory.o

CompileC /Users/jamesalford/Library/Developer/Xcode/DerivedData/NotedCore-ftviuoyqruynvwbzbngenbwxsygv/Build/Intermediates.noindex/mlx-swift.build/Debug-iphonesimulator/Cmlx.build/Objects-normal/arm64/matmul-b84c34b762b76a3b7297888a5e537159.o /Users/jamesalford/Library/Developer/Xcode/DerivedData/NotedCore-ftviuoyqruynvwbzbngenbwxsygv/SourcePackages/checkouts/mlx-swift/Source/Cmlx/mlx/mlx/backend/metal/matmul.cpp normal arm64 c++ com.apple.compilers.llvm.clang.1_0.compiler (in target 'Cmlx' from project 'mlx-swift')
    cd /Users/jamesalford/Documents/NotedCore/NotedCore.xcodeproj
    
    Using response file: /Users/jamesalford/Library/Developer/Xcode/DerivedData/NotedCore-ftviuoyqruynvwbzbngenbwxsygv/Build/Intermediates.noindex/mlx-swift.build/Debug-iphonesimulator/Cmlx.build/Objects-normal/arm64/82b82416624d2658e5098eb0a28c15c5-common-args.resp
    
    /Applications/Xcode.app/Contents/Developer/Toolchains/XcodeDefault.xctoolchain/usr/bin/clang -x c++ -ivfsstatcache /Users/jamesalford/Library/Developer/Xcode/DerivedData/SDKStatCaches.noindex/iphonesimulator26.0-23A339-3885c01c3e6b6a337905948deab2002e26257891a6c027eb51374368541b8346.sdkstatcache -fmessage-length\=0 -fdiagnostics-show-note-include-stack -fmacro-backtrace-limit\=0 -fno-color-diagnostics -fmodules-prune-interval\=86400 -fmodules-prune-after\=345600 -fbuild-session-file\=/Users/jamesalford/Library/Developer/Xcode/DerivedData/ModuleCache.noindex/Session.modulevalidation -fmodules-validate-once-per-build-session -Wnon-modular-include-in-framework-module -Werror\=non-modular-include-in-framework-module -Wno-trigraphs -Wno-missing-field-initializers -Wno-missing-prototypes -Wno-return-type -Wno-non-virtual-dtor -Wno-overloaded-virtual -Wno-exit-time-destructors -Wno-missing-braces -Wparentheses -Wswitch -Wno-unused-function -Wno-unused-label -Wno-unused-parameter -Wno-unused-variable -Wunused-value -Wno-empty-body -Wno-uninitialized -Wno-unknown-pragmas -w -Wno-shadow -Wno-four-char-constants -Wno-conversion -Wno-constant-conversion -Wno-int-conversion -Wno-bool-conversion -Wno-enum-conversion -Wno-float-conversion -Wno-non-literal-null-conversion -Wno-objc-literal-conversion -Wshorten-64-to-32 -Wno-newline-eof -Wno-c++11-extensions -Wno-implicit-fallthrough -fstrict-aliasing -Wdeprecated-declarations -Winvalid-offsetof -Wno-sign-conversion -Wno-infinite-recursion -Wno-move -Wno-comma -Wno-block-capture-autoreleasing -Wno-strict-prototypes -Wno-range-loop-analysis -Wno-semicolon-before-method-body -index-store-path /Users/jamesalford/Library/Developer/Xcode/DerivedData/NotedCore-ftviuoyqruynvwbzbngenbwxsygv/Index.noindex/DataStore @/Users/jamesalford/Library/Developer/Xcode/DerivedData/NotedCore-ftviuoyqruynvwbzbngenbwxsygv/Build/Intermediates.noindex/mlx-swift.build/Debug-iphonesimulator/Cmlx.build/Objects-normal/arm64/82b82416624d2658e5098eb0a28c15c5-common-args.resp -MMD -MT dependencies -MF /Users/jamesalford/Library/Developer/Xcode/DerivedData/NotedCore-ftviuoyqruynvwbzbngenbwxsygv/Build/Intermediates.noindex/mlx-swift.build/Debug-iphonesimulator/Cmlx.build/Objects-normal/arm64/matmul-b84c34b762b76a3b7297888a5e537159.d --serialize-diagnostics /Users/jamesalford/Library/Developer/Xcode/DerivedData/NotedCore-ftviuoyqruynvwbzbngenbwxsygv/Build/Intermediates.noindex/mlx-swift.build/Debug-iphonesimulator/Cmlx.build/Objects-normal/arm64/matmul-b84c34b762b76a3b7297888a5e537159.dia -c /Users/jamesalford/Library/Developer/Xcode/DerivedData/NotedCore-ftviuoyqruynvwbzbngenbwxsygv/SourcePackages/checkouts/mlx-swift/Source/Cmlx/mlx/mlx/backend/metal/matmul.cpp -o /Users/jamesalford/Library/Developer/Xcode/DerivedData/NotedCore-ftviuoyqruynvwbzbngenbwxsygv/Build/Intermediates.noindex/mlx-swift.build/Debug-iphonesimulator/Cmlx.build/Objects-normal/arm64/matmul-b84c34b762b76a3b7297888a5e537159.o -index-unit-output-path /mlx-swift.build/Debug-iphonesimulator/Cmlx.build/Objects-normal/arm64/matmul-b84c34b762b76a3b7297888a5e537159.o

CompileC /Users/jamesalford/Library/Developer/Xcode/DerivedData/NotedCore-ftviuoyqruynvwbzbngenbwxsygv/Build/Intermediates.noindex/mlx-swift.build/Debug-iphonesimulator/Cmlx.build/Objects-normal/arm64/matmul-8fa8de4925fb8c91ff3a2393874e5c20.o /Users/jamesalford/Library/Developer/Xcode/DerivedData/NotedCore-ftviuoyqruynvwbzbngenbwxsygv/SourcePackages/checkouts/mlx-swift/Source/Cmlx/mlx/mlx/backend/cpu/matmul.cpp normal arm64 c++ com.apple.compilers.llvm.clang.1_0.compiler (in target 'Cmlx' from project 'mlx-swift')
    cd /Users/jamesalford/Documents/NotedCore/NotedCore.xcodeproj
    
    Using response file: /Users/jamesalford/Library/Developer/Xcode/DerivedData/NotedCore-ftviuoyqruynvwbzbngenbwxsygv/Build/Intermediates.noindex/mlx-swift.build/Debug-iphonesimulator/Cmlx.build/Objects-normal/arm64/82b82416624d2658e5098eb0a28c15c5-common-args.resp
    
    /Applications/Xcode.app/Contents/Developer/Toolchains/XcodeDefault.xctoolchain/usr/bin/clang -x c++ -ivfsstatcache /Users/jamesalford/Library/Developer/Xcode/DerivedData/SDKStatCaches.noindex/iphonesimulator26.0-23A339-3885c01c3e6b6a337905948deab2002e26257891a6c027eb51374368541b8346.sdkstatcache -fmessage-length\=0 -fdiagnostics-show-note-include-stack -fmacro-backtrace-limit\=0 -fno-color-diagnostics -fmodules-prune-interval\=86400 -fmodules-prune-after\=345600 -fbuild-session-file\=/Users/jamesalford/Library/Developer/Xcode/DerivedData/ModuleCache.noindex/Session.modulevalidation -fmodules-validate-once-per-build-session -Wnon-modular-include-in-framework-module -Werror\=non-modular-include-in-framework-module -Wno-trigraphs -Wno-missing-field-initializers -Wno-missing-prototypes -Wno-return-type -Wno-non-virtual-dtor -Wno-overloaded-virtual -Wno-exit-time-destructors -Wno-missing-braces -Wparentheses -Wswitch -Wno-unused-function -Wno-unused-label -Wno-unused-parameter -Wno-unused-variable -Wunused-value -Wno-empty-body -Wno-uninitialized -Wno-unknown-pragmas -w -Wno-shadow -Wno-four-char-constants -Wno-conversion -Wno-constant-conversion -Wno-int-conversion -Wno-bool-conversion -Wno-enum-conversion -Wno-float-conversion -Wno-non-literal-null-conversion -Wno-objc-literal-conversion -Wshorten-64-to-32 -Wno-newline-eof -Wno-c++11-extensions -Wno-implicit-fallthrough -fstrict-aliasing -Wdeprecated-declarations -Winvalid-offsetof -Wno-sign-conversion -Wno-infinite-recursion -Wno-move -Wno-comma -Wno-block-capture-autoreleasing -Wno-strict-prototypes -Wno-range-loop-analysis -Wno-semicolon-before-method-body -index-store-path /Users/jamesalford/Library/Developer/Xcode/DerivedData/NotedCore-ftviuoyqruynvwbzbngenbwxsygv/Index.noindex/DataStore @/Users/jamesalford/Library/Developer/Xcode/DerivedData/NotedCore-ftviuoyqruynvwbzbngenbwxsygv/Build/Intermediates.noindex/mlx-swift.build/Debug-iphonesimulator/Cmlx.build/Objects-normal/arm64/82b82416624d2658e5098eb0a28c15c5-common-args.resp -MMD -MT dependencies -MF /Users/jamesalford/Library/Developer/Xcode/DerivedData/NotedCore-ftviuoyqruynvwbzbngenbwxsygv/Build/Intermediates.noindex/mlx-swift.build/Debug-iphonesimulator/Cmlx.build/Objects-normal/arm64/matmul-8fa8de4925fb8c91ff3a2393874e5c20.d --serialize-diagnostics /Users/jamesalford/Library/Developer/Xcode/DerivedData/NotedCore-ftviuoyqruynvwbzbngenbwxsygv/Build/Intermediates.noindex/mlx-swift.build/Debug-iphonesimulator/Cmlx.build/Objects-normal/arm64/matmul-8fa8de4925fb8c91ff3a2393874e5c20.dia -c /Users/jamesalford/Library/Developer/Xcode/DerivedData/NotedCore-ftviuoyqruynvwbzbngenbwxsygv/SourcePackages/checkouts/mlx-swift/Source/Cmlx/mlx/mlx/backend/cpu/matmul.cpp -o /Users/jamesalford/Library/Developer/Xcode/DerivedData/NotedCore-ftviuoyqruynvwbzbngenbwxsygv/Build/Intermediates.noindex/mlx-swift.build/Debug-iphonesimulator/Cmlx.build/Objects-normal/arm64/matmul-8fa8de4925fb8c91ff3a2393874e5c20.o -index-unit-output-path /mlx-swift.build/Debug-iphonesimulator/Cmlx.build/Objects-normal/arm64/matmul-8fa8de4925fb8c91ff3a2393874e5c20.o

CompileC /Users/jamesalford/Library/Developer/Xcode/DerivedData/NotedCore-ftviuoyqruynvwbzbngenbwxsygv/Build/Intermediates.noindex/mlx-swift.build/Debug-iphonesimulator/Cmlx.build/Objects-normal/arm64/masked_mm.o /Users/jamesalford/Library/Developer/Xcode/DerivedData/NotedCore-ftviuoyqruynvwbzbngenbwxsygv/SourcePackages/checkouts/mlx-swift/Source/Cmlx/mlx/mlx/backend/cpu/masked_mm.cpp normal arm64 c++ com.apple.compilers.llvm.clang.1_0.compiler (in target 'Cmlx' from project 'mlx-swift')
    cd /Users/jamesalford/Documents/NotedCore/NotedCore.xcodeproj
    
    Using response file: /Users/jamesalford/Library/Developer/Xcode/DerivedData/NotedCore-ftviuoyqruynvwbzbngenbwxsygv/Build/Intermediates.noindex/mlx-swift.build/Debug-iphonesimulator/Cmlx.build/Objects-normal/arm64/82b82416624d2658e5098eb0a28c15c5-common-args.resp
    
    /Applications/Xcode.app/Contents/Developer/Toolchains/XcodeDefault.xctoolchain/usr/bin/clang -x c++ -ivfsstatcache /Users/jamesalford/Library/Developer/Xcode/DerivedData/SDKStatCaches.noindex/iphonesimulator26.0-23A339-3885c01c3e6b6a337905948deab2002e26257891a6c027eb51374368541b8346.sdkstatcache -fmessage-length\=0 -fdiagnostics-show-note-include-stack -fmacro-backtrace-limit\=0 -fno-color-diagnostics -fmodules-prune-interval\=86400 -fmodules-prune-after\=345600 -fbuild-session-file\=/Users/jamesalford/Library/Developer/Xcode/DerivedData/ModuleCache.noindex/Session.modulevalidation -fmodules-validate-once-per-build-session -Wnon-modular-include-in-framework-module -Werror\=non-modular-include-in-framework-module -Wno-trigraphs -Wno-missing-field-initializers -Wno-missing-prototypes -Wno-return-type -Wno-non-virtual-dtor -Wno-overloaded-virtual -Wno-exit-time-destructors -Wno-missing-braces -Wparentheses -Wswitch -Wno-unused-function -Wno-unused-label -Wno-unused-parameter -Wno-unused-variable -Wunused-value -Wno-empty-body -Wno-uninitialized -Wno-unknown-pragmas -w -Wno-shadow -Wno-four-char-constants -Wno-conversion -Wno-constant-conversion -Wno-int-conversion -Wno-bool-conversion -Wno-enum-conversion -Wno-float-conversion -Wno-non-literal-null-conversion -Wno-objc-literal-conversion -Wshorten-64-to-32 -Wno-newline-eof -Wno-c++11-extensions -Wno-implicit-fallthrough -fstrict-aliasing -Wdeprecated-declarations -Winvalid-offsetof -Wno-sign-conversion -Wno-infinite-recursion -Wno-move -Wno-comma -Wno-block-capture-autoreleasing -Wno-strict-prototypes -Wno-range-loop-analysis -Wno-semicolon-before-method-body -index-store-path /Users/jamesalford/Library/Developer/Xcode/DerivedData/NotedCore-ftviuoyqruynvwbzbngenbwxsygv/Index.noindex/DataStore @/Users/jamesalford/Library/Developer/Xcode/DerivedData/NotedCore-ftviuoyqruynvwbzbngenbwxsygv/Build/Intermediates.noindex/mlx-swift.build/Debug-iphonesimulator/Cmlx.build/Objects-normal/arm64/82b82416624d2658e5098eb0a28c15c5-common-args.resp -MMD -MT dependencies -MF /Users/jamesalford/Library/Developer/Xcode/DerivedData/NotedCore-ftviuoyqruynvwbzbngenbwxsygv/Build/Intermediates.noindex/mlx-swift.build/Debug-iphonesimulator/Cmlx.build/Objects-normal/arm64/masked_mm.d --serialize-diagnostics /Users/jamesalford/Library/Developer/Xcode/DerivedData/NotedCore-ftviuoyqruynvwbzbngenbwxsygv/Build/Intermediates.noindex/mlx-swift.build/Debug-iphonesimulator/Cmlx.build/Objects-normal/arm64/masked_mm.dia -c /Users/jamesalford/Library/Developer/Xcode/DerivedData/NotedCore-ftviuoyqruynvwbzbngenbwxsygv/SourcePackages/checkouts/mlx-swift/Source/Cmlx/mlx/mlx/backend/cpu/masked_mm.cpp -o /Users/jamesalford/Library/Developer/Xcode/DerivedData/NotedCore-ftviuoyqruynvwbzbngenbwxsygv/Build/Intermediates.noindex/mlx-swift.build/Debug-iphonesimulator/Cmlx.build/Objects-normal/arm64/masked_mm.o -index-unit-output-path /mlx-swift.build/Debug-iphonesimulator/Cmlx.build/Objects-normal/arm64/masked_mm.o

CompileC /Users/jamesalford/Library/Developer/Xcode/DerivedData/NotedCore-ftviuoyqruynvwbzbngenbwxsygv/Build/Intermediates.noindex/mlx-swift.build/Debug-iphonesimulator/Cmlx.build/Objects-normal/arm64/map.o /Users/jamesalford/Library/Developer/Xcode/DerivedData/NotedCore-ftviuoyqruynvwbzbngenbwxsygv/SourcePackages/checkouts/mlx-swift/Source/Cmlx/mlx-c/mlx/c/map.cpp normal arm64 c++ com.apple.compilers.llvm.clang.1_0.compiler (in target 'Cmlx' from project 'mlx-swift')
    cd /Users/jamesalford/Documents/NotedCore/NotedCore.xcodeproj
    
    Using response file: /Users/jamesalford/Library/Developer/Xcode/DerivedData/NotedCore-ftviuoyqruynvwbzbngenbwxsygv/Build/Intermediates.noindex/mlx-swift.build/Debug-iphonesimulator/Cmlx.build/Objects-normal/arm64/82b82416624d2658e5098eb0a28c15c5-common-args.resp
    
    /Applications/Xcode.app/Contents/Developer/Toolchains/XcodeDefault.xctoolchain/usr/bin/clang -x c++ -ivfsstatcache /Users/jamesalford/Library/Developer/Xcode/DerivedData/SDKStatCaches.noindex/iphonesimulator26.0-23A339-3885c01c3e6b6a337905948deab2002e26257891a6c027eb51374368541b8346.sdkstatcache -fmessage-length\=0 -fdiagnostics-show-note-include-stack -fmacro-backtrace-limit\=0 -fno-color-diagnostics -fmodules-prune-interval\=86400 -fmodules-prune-after\=345600 -fbuild-session-file\=/Users/jamesalford/Library/Developer/Xcode/DerivedData/ModuleCache.noindex/Session.modulevalidation -fmodules-validate-once-per-build-session -Wnon-modular-include-in-framework-module -Werror\=non-modular-include-in-framework-module -Wno-trigraphs -Wno-missing-field-initializers -Wno-missing-prototypes -Wno-return-type -Wno-non-virtual-dtor -Wno-overloaded-virtual -Wno-exit-time-destructors -Wno-missing-braces -Wparentheses -Wswitch -Wno-unused-function -Wno-unused-label -Wno-unused-parameter -Wno-unused-variable -Wunused-value -Wno-empty-body -Wno-uninitialized -Wno-unknown-pragmas -w -Wno-shadow -Wno-four-char-constants -Wno-conversion -Wno-constant-conversion -Wno-int-conversion -Wno-bool-conversion -Wno-enum-conversion -Wno-float-conversion -Wno-non-literal-null-conversion -Wno-objc-literal-conversion -Wshorten-64-to-32 -Wno-newline-eof -Wno-c++11-extensions -Wno-implicit-fallthrough -fstrict-aliasing -Wdeprecated-declarations -Winvalid-offsetof -Wno-sign-conversion -Wno-infinite-recursion -Wno-move -Wno-comma -Wno-block-capture-autoreleasing -Wno-strict-prototypes -Wno-range-loop-analysis -Wno-semicolon-before-method-body -index-store-path /Users/jamesalford/Library/Developer/Xcode/DerivedData/NotedCore-ftviuoyqruynvwbzbngenbwxsygv/Index.noindex/DataStore @/Users/jamesalford/Library/Developer/Xcode/DerivedData/NotedCore-ftviuoyqruynvwbzbngenbwxsygv/Build/Intermediates.noindex/mlx-swift.build/Debug-iphonesimulator/Cmlx.build/Objects-normal/arm64/82b82416624d2658e5098eb0a28c15c5-common-args.resp -MMD -MT dependencies -MF /Users/jamesalford/Library/Developer/Xcode/DerivedData/NotedCore-ftviuoyqruynvwbzbngenbwxsygv/Build/Intermediates.noindex/mlx-swift.build/Debug-iphonesimulator/Cmlx.build/Objects-normal/arm64/map.d --serialize-diagnostics /Users/jamesalford/Library/Developer/Xcode/DerivedData/NotedCore-ftviuoyqruynvwbzbngenbwxsygv/Build/Intermediates.noindex/mlx-swift.build/Debug-iphonesimulator/Cmlx.build/Objects-normal/arm64/map.dia -c /Users/jamesalford/Library/Developer/Xcode/DerivedData/NotedCore-ftviuoyqruynvwbzbngenbwxsygv/SourcePackages/checkouts/mlx-swift/Source/Cmlx/mlx-c/mlx/c/map.cpp -o /Users/jamesalford/Library/Developer/Xcode/DerivedData/NotedCore-ftviuoyqruynvwbzbngenbwxsygv/Build/Intermediates.noindex/mlx-swift.build/Debug-iphonesimulator/Cmlx.build/Objects-normal/arm64/map.o -index-unit-output-path /mlx-swift.build/Debug-iphonesimulator/Cmlx.build/Objects-normal/arm64/map.o

CompileC /Users/jamesalford/Library/Developer/Xcode/DerivedData/NotedCore-ftviuoyqruynvwbzbngenbwxsygv/Build/Intermediates.noindex/mlx-swift.build/Debug-iphonesimulator/Cmlx.build/Objects-normal/arm64/luf.o /Users/jamesalford/Library/Developer/Xcode/DerivedData/NotedCore-ftviuoyqruynvwbzbngenbwxsygv/SourcePackages/checkouts/mlx-swift/Source/Cmlx/mlx/mlx/backend/cpu/luf.cpp normal arm64 c++ com.apple.compilers.llvm.clang.1_0.compiler (in target 'Cmlx' from project 'mlx-swift')
    cd /Users/jamesalford/Documents/NotedCore/NotedCore.xcodeproj
    
    Using response file: /Users/jamesalford/Library/Developer/Xcode/DerivedData/NotedCore-ftviuoyqruynvwbzbngenbwxsygv/Build/Intermediates.noindex/mlx-swift.build/Debug-iphonesimulator/Cmlx.build/Objects-normal/arm64/82b82416624d2658e5098eb0a28c15c5-common-args.resp
    
    /Applications/Xcode.app/Contents/Developer/Toolchains/XcodeDefault.xctoolchain/usr/bin/clang -x c++ -ivfsstatcache /Users/jamesalford/Library/Developer/Xcode/DerivedData/SDKStatCaches.noindex/iphonesimulator26.0-23A339-3885c01c3e6b6a337905948deab2002e26257891a6c027eb51374368541b8346.sdkstatcache -fmessage-length\=0 -fdiagnostics-show-note-include-stack -fmacro-backtrace-limit\=0 -fno-color-diagnostics -fmodules-prune-interval\=86400 -fmodules-prune-after\=345600 -fbuild-session-file\=/Users/jamesalford/Library/Developer/Xcode/DerivedData/ModuleCache.noindex/Session.modulevalidation -fmodules-validate-once-per-build-session -Wnon-modular-include-in-framework-module -Werror\=non-modular-include-in-framework-module -Wno-trigraphs -Wno-missing-field-initializers -Wno-missing-prototypes -Wno-return-type -Wno-non-virtual-dtor -Wno-overloaded-virtual -Wno-exit-time-destructors -Wno-missing-braces -Wparentheses -Wswitch -Wno-unused-function -Wno-unused-label -Wno-unused-parameter -Wno-unused-variable -Wunused-value -Wno-empty-body -Wno-uninitialized -Wno-unknown-pragmas -w -Wno-shadow -Wno-four-char-constants -Wno-conversion -Wno-constant-conversion -Wno-int-conversion -Wno-bool-conversion -Wno-enum-conversion -Wno-float-conversion -Wno-non-literal-null-conversion -Wno-objc-literal-conversion -Wshorten-64-to-32 -Wno-newline-eof -Wno-c++11-extensions -Wno-implicit-fallthrough -fstrict-aliasing -Wdeprecated-declarations -Winvalid-offsetof -Wno-sign-conversion -Wno-infinite-recursion -Wno-move -Wno-comma -Wno-block-capture-autoreleasing -Wno-strict-prototypes -Wno-range-loop-analysis -Wno-semicolon-before-method-body -index-store-path /Users/jamesalford/Library/Developer/Xcode/DerivedData/NotedCore-ftviuoyqruynvwbzbngenbwxsygv/Index.noindex/DataStore @/Users/jamesalford/Library/Developer/Xcode/DerivedData/NotedCore-ftviuoyqruynvwbzbngenbwxsygv/Build/Intermediates.noindex/mlx-swift.build/Debug-iphonesimulator/Cmlx.build/Objects-normal/arm64/82b82416624d2658e5098eb0a28c15c5-common-args.resp -MMD -MT dependencies -MF /Users/jamesalford/Library/Developer/Xcode/DerivedData/NotedCore-ftviuoyqruynvwbzbngenbwxsygv/Build/Intermediates.noindex/mlx-swift.build/Debug-iphonesimulator/Cmlx.build/Objects-normal/arm64/luf.d --serialize-diagnostics /Users/jamesalford/Library/Developer/Xcode/DerivedData/NotedCore-ftviuoyqruynvwbzbngenbwxsygv/Build/Intermediates.noindex/mlx-swift.build/Debug-iphonesimulator/Cmlx.build/Objects-normal/arm64/luf.dia -c /Users/jamesalford/Library/Developer/Xcode/DerivedData/NotedCore-ftviuoyqruynvwbzbngenbwxsygv/SourcePackages/checkouts/mlx-swift/Source/Cmlx/mlx/mlx/backend/cpu/luf.cpp -o /Users/jamesalford/Library/Developer/Xcode/DerivedData/NotedCore-ftviuoyqruynvwbzbngenbwxsygv/Build/Intermediates.noindex/mlx-swift.build/Debug-iphonesimulator/Cmlx.build/Objects-normal/arm64/luf.o -index-unit-output-path /mlx-swift.build/Debug-iphonesimulator/Cmlx.build/Objects-normal/arm64/luf.o

CompileC /Users/jamesalford/Library/Developer/Xcode/DerivedData/NotedCore-ftviuoyqruynvwbzbngenbwxsygv/Build/Intermediates.noindex/mlx-swift.build/Debug-iphonesimulator/Cmlx.build/Objects-normal/arm64/logsumexp-e04bcd21a41e6ca7c0ee3811e3335b5d.o /Users/jamesalford/Library/Developer/Xcode/DerivedData/NotedCore-ftviuoyqruynvwbzbngenbwxsygv/SourcePackages/checkouts/mlx-swift/Source/Cmlx/mlx-generated/logsumexp.cpp normal arm64 c++ com.apple.compilers.llvm.clang.1_0.compiler (in target 'Cmlx' from project 'mlx-swift')
    cd /Users/jamesalford/Documents/NotedCore/NotedCore.xcodeproj
    
    Using response file: /Users/jamesalford/Library/Developer/Xcode/DerivedData/NotedCore-ftviuoyqruynvwbzbngenbwxsygv/Build/Intermediates.noindex/mlx-swift.build/Debug-iphonesimulator/Cmlx.build/Objects-normal/arm64/82b82416624d2658e5098eb0a28c15c5-common-args.resp
    
    /Applications/Xcode.app/Contents/Developer/Toolchains/XcodeDefault.xctoolchain/usr/bin/clang -x c++ -ivfsstatcache /Users/jamesalford/Library/Developer/Xcode/DerivedData/SDKStatCaches.noindex/iphonesimulator26.0-23A339-3885c01c3e6b6a337905948deab2002e26257891a6c027eb51374368541b8346.sdkstatcache -fmessage-length\=0 -fdiagnostics-show-note-include-stack -fmacro-backtrace-limit\=0 -fno-color-diagnostics -fmodules-prune-interval\=86400 -fmodules-prune-after\=345600 -fbuild-session-file\=/Users/jamesalford/Library/Developer/Xcode/DerivedData/ModuleCache.noindex/Session.modulevalidation -fmodules-validate-once-per-build-session -Wnon-modular-include-in-framework-module -Werror\=non-modular-include-in-framework-module -Wno-trigraphs -Wno-missing-field-initializers -Wno-missing-prototypes -Wno-return-type -Wno-non-virtual-dtor -Wno-overloaded-virtual -Wno-exit-time-destructors -Wno-missing-braces -Wparentheses -Wswitch -Wno-unused-function -Wno-unused-label -Wno-unused-parameter -Wno-unused-variable -Wunused-value -Wno-empty-body -Wno-uninitialized -Wno-unknown-pragmas -w -Wno-shadow -Wno-four-char-constants -Wno-conversion -Wno-constant-conversion -Wno-int-conversion -Wno-bool-conversion -Wno-enum-conversion -Wno-float-conversion -Wno-non-literal-null-conversion -Wno-objc-literal-conversion -Wshorten-64-to-32 -Wno-newline-eof -Wno-c++11-extensions -Wno-implicit-fallthrough -fstrict-aliasing -Wdeprecated-declarations -Winvalid-offsetof -Wno-sign-conversion -Wno-infinite-recursion -Wno-move -Wno-comma -Wno-block-capture-autoreleasing -Wno-strict-prototypes -Wno-range-loop-analysis -Wno-semicolon-before-method-body -index-store-path /Users/jamesalford/Library/Developer/Xcode/DerivedData/NotedCore-ftviuoyqruynvwbzbngenbwxsygv/Index.noindex/DataStore @/Users/jamesalford/Library/Developer/Xcode/DerivedData/NotedCore-ftviuoyqruynvwbzbngenbwxsygv/Build/Intermediates.noindex/mlx-swift.build/Debug-iphonesimulator/Cmlx.build/Objects-normal/arm64/82b82416624d2658e5098eb0a28c15c5-common-args.resp -MMD -MT dependencies -MF /Users/jamesalford/Library/Developer/Xcode/DerivedData/NotedCore-ftviuoyqruynvwbzbngenbwxsygv/Build/Intermediates.noindex/mlx-swift.build/Debug-iphonesimulator/Cmlx.build/Objects-normal/arm64/logsumexp-e04bcd21a41e6ca7c0ee3811e3335b5d.d --serialize-diagnostics /Users/jamesalford/Library/Developer/Xcode/DerivedData/NotedCore-ftviuoyqruynvwbzbngenbwxsygv/Build/Intermediates.noindex/mlx-swift.build/Debug-iphonesimulator/Cmlx.build/Objects-normal/arm64/logsumexp-e04bcd21a41e6ca7c0ee3811e3335b5d.dia -c /Users/jamesalford/Library/Developer/Xcode/DerivedData/NotedCore-ftviuoyqruynvwbzbngenbwxsygv/SourcePackages/checkouts/mlx-swift/Source/Cmlx/mlx-generated/logsumexp.cpp -o /Users/jamesalford/Library/Developer/Xcode/DerivedData/NotedCore-ftviuoyqruynvwbzbngenbwxsygv/Build/Intermediates.noindex/mlx-swift.build/Debug-iphonesimulator/Cmlx.build/Objects-normal/arm64/logsumexp-e04bcd21a41e6ca7c0ee3811e3335b5d.o -index-unit-output-path /mlx-swift.build/Debug-iphonesimulator/Cmlx.build/Objects-normal/arm64/logsumexp-e04bcd21a41e6ca7c0ee3811e3335b5d.o

CompileC /Users/jamesalford/Library/Developer/Xcode/DerivedData/NotedCore-ftviuoyqruynvwbzbngenbwxsygv/Build/Intermediates.noindex/mlx-swift.build/Debug-iphonesimulator/Cmlx.build/Objects-normal/arm64/logsumexp-c2851c37627a01ea998fc58ac4cee4a9.o /Users/jamesalford/Library/Developer/Xcode/DerivedData/NotedCore-ftviuoyqruynvwbzbngenbwxsygv/SourcePackages/checkouts/mlx-swift/Source/Cmlx/mlx/mlx/backend/cpu/logsumexp.cpp normal arm64 c++ com.apple.compilers.llvm.clang.1_0.compiler (in target 'Cmlx' from project 'mlx-swift')
    cd /Users/jamesalford/Documents/NotedCore/NotedCore.xcodeproj
    
    Using response file: /Users/jamesalford/Library/Developer/Xcode/DerivedData/NotedCore-ftviuoyqruynvwbzbngenbwxsygv/Build/Intermediates.noindex/mlx-swift.build/Debug-iphonesimulator/Cmlx.build/Objects-normal/arm64/82b82416624d2658e5098eb0a28c15c5-common-args.resp
    
    /Applications/Xcode.app/Contents/Developer/Toolchains/XcodeDefault.xctoolchain/usr/bin/clang -x c++ -ivfsstatcache /Users/jamesalford/Library/Developer/Xcode/DerivedData/SDKStatCaches.noindex/iphonesimulator26.0-23A339-3885c01c3e6b6a337905948deab2002e26257891a6c027eb51374368541b8346.sdkstatcache -fmessage-length\=0 -fdiagnostics-show-note-include-stack -fmacro-backtrace-limit\=0 -fno-color-diagnostics -fmodules-prune-interval\=86400 -fmodules-prune-after\=345600 -fbuild-session-file\=/Users/jamesalford/Library/Developer/Xcode/DerivedData/ModuleCache.noindex/Session.modulevalidation -fmodules-validate-once-per-build-session -Wnon-modular-include-in-framework-module -Werror\=non-modular-include-in-framework-module -Wno-trigraphs -Wno-missing-field-initializers -Wno-missing-prototypes -Wno-return-type -Wno-non-virtual-dtor -Wno-overloaded-virtual -Wno-exit-time-destructors -Wno-missing-braces -Wparentheses -Wswitch -Wno-unused-function -Wno-unused-label -Wno-unused-parameter -Wno-unused-variable -Wunused-value -Wno-empty-body -Wno-uninitialized -Wno-unknown-pragmas -w -Wno-shadow -Wno-four-char-constants -Wno-conversion -Wno-constant-conversion -Wno-int-conversion -Wno-bool-conversion -Wno-enum-conversion -Wno-float-conversion -Wno-non-literal-null-conversion -Wno-objc-literal-conversion -Wshorten-64-to-32 -Wno-newline-eof -Wno-c++11-extensions -Wno-implicit-fallthrough -fstrict-aliasing -Wdeprecated-declarations -Winvalid-offsetof -Wno-sign-conversion -Wno-infinite-recursion -Wno-move -Wno-comma -Wno-block-capture-autoreleasing -Wno-strict-prototypes -Wno-range-loop-analysis -Wno-semicolon-before-method-body -index-store-path /Users/jamesalford/Library/Developer/Xcode/DerivedData/NotedCore-ftviuoyqruynvwbzbngenbwxsygv/Index.noindex/DataStore @/Users/jamesalford/Library/Developer/Xcode/DerivedData/NotedCore-ftviuoyqruynvwbzbngenbwxsygv/Build/Intermediates.noindex/mlx-swift.build/Debug-iphonesimulator/Cmlx.build/Objects-normal/arm64/82b82416624d2658e5098eb0a28c15c5-common-args.resp -MMD -MT dependencies -MF /Users/jamesalford/Library/Developer/Xcode/DerivedData/NotedCore-ftviuoyqruynvwbzbngenbwxsygv/Build/Intermediates.noindex/mlx-swift.build/Debug-iphonesimulator/Cmlx.build/Objects-normal/arm64/logsumexp-c2851c37627a01ea998fc58ac4cee4a9.d --serialize-diagnostics /Users/jamesalford/Library/Developer/Xcode/DerivedData/NotedCore-ftviuoyqruynvwbzbngenbwxsygv/Build/Intermediates.noindex/mlx-swift.build/Debug-iphonesimulator/Cmlx.build/Objects-normal/arm64/logsumexp-c2851c37627a01ea998fc58ac4cee4a9.dia -c /Users/jamesalford/Library/Developer/Xcode/DerivedData/NotedCore-ftviuoyqruynvwbzbngenbwxsygv/SourcePackages/checkouts/mlx-swift/Source/Cmlx/mlx/mlx/backend/cpu/logsumexp.cpp -o /Users/jamesalford/Library/Developer/Xcode/DerivedData/NotedCore-ftviuoyqruynvwbzbngenbwxsygv/Build/Intermediates.noindex/mlx-swift.build/Debug-iphonesimulator/Cmlx.build/Objects-normal/arm64/logsumexp-c2851c37627a01ea998fc58ac4cee4a9.o -index-unit-output-path /mlx-swift.build/Debug-iphonesimulator/Cmlx.build/Objects-normal/arm64/logsumexp-c2851c37627a01ea998fc58ac4cee4a9.o

CompileC /Users/jamesalford/Library/Developer/Xcode/DerivedData/NotedCore-ftviuoyqruynvwbzbngenbwxsygv/Build/Intermediates.noindex/mlx-swift.build/Debug-iphonesimulator/Cmlx.build/Objects-normal/arm64/logsumexp-a2046000ca9e298d74b898c4c9c69e5f.o /Users/jamesalford/Library/Developer/Xcode/DerivedData/NotedCore-ftviuoyqruynvwbzbngenbwxsygv/SourcePackages/checkouts/mlx-swift/Source/Cmlx/mlx/mlx/backend/metal/logsumexp.cpp normal arm64 c++ com.apple.compilers.llvm.clang.1_0.compiler (in target 'Cmlx' from project 'mlx-swift')
    cd /Users/jamesalford/Documents/NotedCore/NotedCore.xcodeproj
    
    Using response file: /Users/jamesalford/Library/Developer/Xcode/DerivedData/NotedCore-ftviuoyqruynvwbzbngenbwxsygv/Build/Intermediates.noindex/mlx-swift.build/Debug-iphonesimulator/Cmlx.build/Objects-normal/arm64/82b82416624d2658e5098eb0a28c15c5-common-args.resp
    
    /Applications/Xcode.app/Contents/Developer/Toolchains/XcodeDefault.xctoolchain/usr/bin/clang -x c++ -ivfsstatcache /Users/jamesalford/Library/Developer/Xcode/DerivedData/SDKStatCaches.noindex/iphonesimulator26.0-23A339-3885c01c3e6b6a337905948deab2002e26257891a6c027eb51374368541b8346.sdkstatcache -fmessage-length\=0 -fdiagnostics-show-note-include-stack -fmacro-backtrace-limit\=0 -fno-color-diagnostics -fmodules-prune-interval\=86400 -fmodules-prune-after\=345600 -fbuild-session-file\=/Users/jamesalford/Library/Developer/Xcode/DerivedData/ModuleCache.noindex/Session.modulevalidation -fmodules-validate-once-per-build-session -Wnon-modular-include-in-framework-module -Werror\=non-modular-include-in-framework-module -Wno-trigraphs -Wno-missing-field-initializers -Wno-missing-prototypes -Wno-return-type -Wno-non-virtual-dtor -Wno-overloaded-virtual -Wno-exit-time-destructors -Wno-missing-braces -Wparentheses -Wswitch -Wno-unused-function -Wno-unused-label -Wno-unused-parameter -Wno-unused-variable -Wunused-value -Wno-empty-body -Wno-uninitialized -Wno-unknown-pragmas -w -Wno-shadow -Wno-four-char-constants -Wno-conversion -Wno-constant-conversion -Wno-int-conversion -Wno-bool-conversion -Wno-enum-conversion -Wno-float-conversion -Wno-non-literal-null-conversion -Wno-objc-literal-conversion -Wshorten-64-to-32 -Wno-newline-eof -Wno-c++11-extensions -Wno-implicit-fallthrough -fstrict-aliasing -Wdeprecated-declarations -Winvalid-offsetof -Wno-sign-conversion -Wno-infinite-recursion -Wno-move -Wno-comma -Wno-block-capture-autoreleasing -Wno-strict-prototypes -Wno-range-loop-analysis -Wno-semicolon-before-method-body -index-store-path /Users/jamesalford/Library/Developer/Xcode/DerivedData/NotedCore-ftviuoyqruynvwbzbngenbwxsygv/Index.noindex/DataStore @/Users/jamesalford/Library/Developer/Xcode/DerivedData/NotedCore-ftviuoyqruynvwbzbngenbwxsygv/Build/Intermediates.noindex/mlx-swift.build/Debug-iphonesimulator/Cmlx.build/Objects-normal/arm64/82b82416624d2658e5098eb0a28c15c5-common-args.resp -MMD -MT dependencies -MF /Users/jamesalford/Library/Developer/Xcode/DerivedData/NotedCore-ftviuoyqruynvwbzbngenbwxsygv/Build/Intermediates.noindex/mlx-swift.build/Debug-iphonesimulator/Cmlx.build/Objects-normal/arm64/logsumexp-a2046000ca9e298d74b898c4c9c69e5f.d --serialize-diagnostics /Users/jamesalford/Library/Developer/Xcode/DerivedData/NotedCore-ftviuoyqruynvwbzbngenbwxsygv/Build/Intermediates.noindex/mlx-swift.build/Debug-iphonesimulator/Cmlx.build/Objects-normal/arm64/logsumexp-a2046000ca9e298d74b898c4c9c69e5f.dia -c /Users/jamesalford/Library/Developer/Xcode/DerivedData/NotedCore-ftviuoyqruynvwbzbngenbwxsygv/SourcePackages/checkouts/mlx-swift/Source/Cmlx/mlx/mlx/backend/metal/logsumexp.cpp -o /Users/jamesalford/Library/Developer/Xcode/DerivedData/NotedCore-ftviuoyqruynvwbzbngenbwxsygv/Build/Intermediates.noindex/mlx-swift.build/Debug-iphonesimulator/Cmlx.build/Objects-normal/arm64/logsumexp-a2046000ca9e298d74b898c4c9c69e5f.o -index-unit-output-path /mlx-swift.build/Debug-iphonesimulator/Cmlx.build/Objects-normal/arm64/logsumexp-a2046000ca9e298d74b898c4c9c69e5f.o

CompileC /Users/jamesalford/Library/Developer/Xcode/DerivedData/NotedCore-ftviuoyqruynvwbzbngenbwxsygv/Build/Intermediates.noindex/mlx-swift.build/Debug-iphonesimulator/Cmlx.build/Objects-normal/arm64/load-6f3bf5ef03122fc5b25ed19f7aa463de.o /Users/jamesalford/Library/Developer/Xcode/DerivedData/NotedCore-ftviuoyqruynvwbzbngenbwxsygv/SourcePackages/checkouts/mlx-swift/Source/Cmlx/mlx/mlx/io/load.cpp normal arm64 c++ com.apple.compilers.llvm.clang.1_0.compiler (in target 'Cmlx' from project 'mlx-swift')
    cd /Users/jamesalford/Documents/NotedCore/NotedCore.xcodeproj
    
    Using response file: /Users/jamesalford/Library/Developer/Xcode/DerivedData/NotedCore-ftviuoyqruynvwbzbngenbwxsygv/Build/Intermediates.noindex/mlx-swift.build/Debug-iphonesimulator/Cmlx.build/Objects-normal/arm64/82b82416624d2658e5098eb0a28c15c5-common-args.resp
    
    /Applications/Xcode.app/Contents/Developer/Toolchains/XcodeDefault.xctoolchain/usr/bin/clang -x c++ -ivfsstatcache /Users/jamesalford/Library/Developer/Xcode/DerivedData/SDKStatCaches.noindex/iphonesimulator26.0-23A339-3885c01c3e6b6a337905948deab2002e26257891a6c027eb51374368541b8346.sdkstatcache -fmessage-length\=0 -fdiagnostics-show-note-include-stack -fmacro-backtrace-limit\=0 -fno-color-diagnostics -fmodules-prune-interval\=86400 -fmodules-prune-after\=345600 -fbuild-session-file\=/Users/jamesalford/Library/Developer/Xcode/DerivedData/ModuleCache.noindex/Session.modulevalidation -fmodules-validate-once-per-build-session -Wnon-modular-include-in-framework-module -Werror\=non-modular-include-in-framework-module -Wno-trigraphs -Wno-missing-field-initializers -Wno-missing-prototypes -Wno-return-type -Wno-non-virtual-dtor -Wno-overloaded-virtual -Wno-exit-time-destructors -Wno-missing-braces -Wparentheses -Wswitch -Wno-unused-function -Wno-unused-label -Wno-unused-parameter -Wno-unused-variable -Wunused-value -Wno-empty-body -Wno-uninitialized -Wno-unknown-pragmas -w -Wno-shadow -Wno-four-char-constants -Wno-conversion -Wno-constant-conversion -Wno-int-conversion -Wno-bool-conversion -Wno-enum-conversion -Wno-float-conversion -Wno-non-literal-null-conversion -Wno-objc-literal-conversion -Wshorten-64-to-32 -Wno-newline-eof -Wno-c++11-extensions -Wno-implicit-fallthrough -fstrict-aliasing -Wdeprecated-declarations -Winvalid-offsetof -Wno-sign-conversion -Wno-infinite-recursion -Wno-move -Wno-comma -Wno-block-capture-autoreleasing -Wno-strict-prototypes -Wno-range-loop-analysis -Wno-semicolon-before-method-body -index-store-path /Users/jamesalford/Library/Developer/Xcode/DerivedData/NotedCore-ftviuoyqruynvwbzbngenbwxsygv/Index.noindex/DataStore @/Users/jamesalford/Library/Developer/Xcode/DerivedData/NotedCore-ftviuoyqruynvwbzbngenbwxsygv/Build/Intermediates.noindex/mlx-swift.build/Debug-iphonesimulator/Cmlx.build/Objects-normal/arm64/82b82416624d2658e5098eb0a28c15c5-common-args.resp -MMD -MT dependencies -MF /Users/jamesalford/Library/Developer/Xcode/DerivedData/NotedCore-ftviuoyqruynvwbzbngenbwxsygv/Build/Intermediates.noindex/mlx-swift.build/Debug-iphonesimulator/Cmlx.build/Objects-normal/arm64/load-6f3bf5ef03122fc5b25ed19f7aa463de.d --serialize-diagnostics /Users/jamesalford/Library/Developer/Xcode/DerivedData/NotedCore-ftviuoyqruynvwbzbngenbwxsygv/Build/Intermediates.noindex/mlx-swift.build/Debug-iphonesimulator/Cmlx.build/Objects-normal/arm64/load-6f3bf5ef03122fc5b25ed19f7aa463de.dia -c /Users/jamesalford/Library/Developer/Xcode/DerivedData/NotedCore-ftviuoyqruynvwbzbngenbwxsygv/SourcePackages/checkouts/mlx-swift/Source/Cmlx/mlx/mlx/io/load.cpp -o /Users/jamesalford/Library/Developer/Xcode/DerivedData/NotedCore-ftviuoyqruynvwbzbngenbwxsygv/Build/Intermediates.noindex/mlx-swift.build/Debug-iphonesimulator/Cmlx.build/Objects-normal/arm64/load-6f3bf5ef03122fc5b25ed19f7aa463de.o -index-unit-output-path /mlx-swift.build/Debug-iphonesimulator/Cmlx.build/Objects-normal/arm64/load-6f3bf5ef03122fc5b25ed19f7aa463de.o

CompileC /Users/jamesalford/Library/Developer/Xcode/DerivedData/NotedCore-ftviuoyqruynvwbzbngenbwxsygv/Build/Intermediates.noindex/mlx-swift.build/Debug-iphonesimulator/Cmlx.build/Objects-normal/arm64/load-4f405fe6fba7fea020f964779ab5b3d1.o /Users/jamesalford/Library/Developer/Xcode/DerivedData/NotedCore-ftviuoyqruynvwbzbngenbwxsygv/SourcePackages/checkouts/mlx-swift/Source/Cmlx/mlx/mlx/backend/common/load.cpp normal arm64 c++ com.apple.compilers.llvm.clang.1_0.compiler (in target 'Cmlx' from project 'mlx-swift')
    cd /Users/jamesalford/Documents/NotedCore/NotedCore.xcodeproj
    
    Using response file: /Users/jamesalford/Library/Developer/Xcode/DerivedData/NotedCore-ftviuoyqruynvwbzbngenbwxsygv/Build/Intermediates.noindex/mlx-swift.build/Debug-iphonesimulator/Cmlx.build/Objects-normal/arm64/82b82416624d2658e5098eb0a28c15c5-common-args.resp
    
    /Applications/Xcode.app/Contents/Developer/Toolchains/XcodeDefault.xctoolchain/usr/bin/clang -x c++ -ivfsstatcache /Users/jamesalford/Library/Developer/Xcode/DerivedData/SDKStatCaches.noindex/iphonesimulator26.0-23A339-3885c01c3e6b6a337905948deab2002e26257891a6c027eb51374368541b8346.sdkstatcache -fmessage-length\=0 -fdiagnostics-show-note-include-stack -fmacro-backtrace-limit\=0 -fno-color-diagnostics -fmodules-prune-interval\=86400 -fmodules-prune-after\=345600 -fbuild-session-file\=/Users/jamesalford/Library/Developer/Xcode/DerivedData/ModuleCache.noindex/Session.modulevalidation -fmodules-validate-once-per-build-session -Wnon-modular-include-in-framework-module -Werror\=non-modular-include-in-framework-module -Wno-trigraphs -Wno-missing-field-initializers -Wno-missing-prototypes -Wno-return-type -Wno-non-virtual-dtor -Wno-overloaded-virtual -Wno-exit-time-destructors -Wno-missing-braces -Wparentheses -Wswitch -Wno-unused-function -Wno-unused-label -Wno-unused-parameter -Wno-unused-variable -Wunused-value -Wno-empty-body -Wno-uninitialized -Wno-unknown-pragmas -w -Wno-shadow -Wno-four-char-constants -Wno-conversion -Wno-constant-conversion -Wno-int-conversion -Wno-bool-conversion -Wno-enum-conversion -Wno-float-conversion -Wno-non-literal-null-conversion -Wno-objc-literal-conversion -Wshorten-64-to-32 -Wno-newline-eof -Wno-c++11-extensions -Wno-implicit-fallthrough -fstrict-aliasing -Wdeprecated-declarations -Winvalid-offsetof -Wno-sign-conversion -Wno-infinite-recursion -Wno-move -Wno-comma -Wno-block-capture-autoreleasing -Wno-strict-prototypes -Wno-range-loop-analysis -Wno-semicolon-before-method-body -index-store-path /Users/jamesalford/Library/Developer/Xcode/DerivedData/NotedCore-ftviuoyqruynvwbzbngenbwxsygv/Index.noindex/DataStore @/Users/jamesalford/Library/Developer/Xcode/DerivedData/NotedCore-ftviuoyqruynvwbzbngenbwxsygv/Build/Intermediates.noindex/mlx-swift.build/Debug-iphonesimulator/Cmlx.build/Objects-normal/arm64/82b82416624d2658e5098eb0a28c15c5-common-args.resp -MMD -MT dependencies -MF /Users/jamesalford/Library/Developer/Xcode/DerivedData/NotedCore-ftviuoyqruynvwbzbngenbwxsygv/Build/Intermediates.noindex/mlx-swift.build/Debug-iphonesimulator/Cmlx.build/Objects-normal/arm64/load-4f405fe6fba7fea020f964779ab5b3d1.d --serialize-diagnostics /Users/jamesalford/Library/Developer/Xcode/DerivedData/NotedCore-ftviuoyqruynvwbzbngenbwxsygv/Build/Intermediates.noindex/mlx-swift.build/Debug-iphonesimulator/Cmlx.build/Objects-normal/arm64/load-4f405fe6fba7fea020f964779ab5b3d1.dia -c /Users/jamesalford/Library/Developer/Xcode/DerivedData/NotedCore-ftviuoyqruynvwbzbngenbwxsygv/SourcePackages/checkouts/mlx-swift/Source/Cmlx/mlx/mlx/backend/common/load.cpp -o /Users/jamesalford/Library/Developer/Xcode/DerivedData/NotedCore-ftviuoyqruynvwbzbngenbwxsygv/Build/Intermediates.noindex/mlx-swift.build/Debug-iphonesimulator/Cmlx.build/Objects-normal/arm64/load-4f405fe6fba7fea020f964779ab5b3d1.o -index-unit-output-path /mlx-swift.build/Debug-iphonesimulator/Cmlx.build/Objects-normal/arm64/load-4f405fe6fba7fea020f964779ab5b3d1.o

CompileC /Users/jamesalford/Library/Developer/Xcode/DerivedData/NotedCore-ftviuoyqruynvwbzbngenbwxsygv/Build/Intermediates.noindex/mlx-swift.build/Debug-iphonesimulator/Cmlx.build/Objects-normal/arm64/linalg-a28b2a9783469c87aa9be7c9b9f11e27.o /Users/jamesalford/Library/Developer/Xcode/DerivedData/NotedCore-ftviuoyqruynvwbzbngenbwxsygv/SourcePackages/checkouts/mlx-swift/Source/Cmlx/mlx-c/mlx/c/linalg.cpp normal arm64 c++ com.apple.compilers.llvm.clang.1_0.compiler (in target 'Cmlx' from project 'mlx-swift')
    cd /Users/jamesalford/Documents/NotedCore/NotedCore.xcodeproj
    
    Using response file: /Users/jamesalford/Library/Developer/Xcode/DerivedData/NotedCore-ftviuoyqruynvwbzbngenbwxsygv/Build/Intermediates.noindex/mlx-swift.build/Debug-iphonesimulator/Cmlx.build/Objects-normal/arm64/82b82416624d2658e5098eb0a28c15c5-common-args.resp
    
    /Applications/Xcode.app/Contents/Developer/Toolchains/XcodeDefault.xctoolchain/usr/bin/clang -x c++ -ivfsstatcache /Users/jamesalford/Library/Developer/Xcode/DerivedData/SDKStatCaches.noindex/iphonesimulator26.0-23A339-3885c01c3e6b6a337905948deab2002e26257891a6c027eb51374368541b8346.sdkstatcache -fmessage-length\=0 -fdiagnostics-show-note-include-stack -fmacro-backtrace-limit\=0 -fno-color-diagnostics -fmodules-prune-interval\=86400 -fmodules-prune-after\=345600 -fbuild-session-file\=/Users/jamesalford/Library/Developer/Xcode/DerivedData/ModuleCache.noindex/Session.modulevalidation -fmodules-validate-once-per-build-session -Wnon-modular-include-in-framework-module -Werror\=non-modular-include-in-framework-module -Wno-trigraphs -Wno-missing-field-initializers -Wno-missing-prototypes -Wno-return-type -Wno-non-virtual-dtor -Wno-overloaded-virtual -Wno-exit-time-destructors -Wno-missing-braces -Wparentheses -Wswitch -Wno-unused-function -Wno-unused-label -Wno-unused-parameter -Wno-unused-variable -Wunused-value -Wno-empty-body -Wno-uninitialized -Wno-unknown-pragmas -w -Wno-shadow -Wno-four-char-constants -Wno-conversion -Wno-constant-conversion -Wno-int-conversion -Wno-bool-conversion -Wno-enum-conversion -Wno-float-conversion -Wno-non-literal-null-conversion -Wno-objc-literal-conversion -Wshorten-64-to-32 -Wno-newline-eof -Wno-c++11-extensions -Wno-implicit-fallthrough -fstrict-aliasing -Wdeprecated-declarations -Winvalid-offsetof -Wno-sign-conversion -Wno-infinite-recursion -Wno-move -Wno-comma -Wno-block-capture-autoreleasing -Wno-strict-prototypes -Wno-range-loop-analysis -Wno-semicolon-before-method-body -index-store-path /Users/jamesalford/Library/Developer/Xcode/DerivedData/NotedCore-ftviuoyqruynvwbzbngenbwxsygv/Index.noindex/DataStore @/Users/jamesalford/Library/Developer/Xcode/DerivedData/NotedCore-ftviuoyqruynvwbzbngenbwxsygv/Build/Intermediates.noindex/mlx-swift.build/Debug-iphonesimulator/Cmlx.build/Objects-normal/arm64/82b82416624d2658e5098eb0a28c15c5-common-args.resp -MMD -MT dependencies -MF /Users/jamesalford/Library/Developer/Xcode/DerivedData/NotedCore-ftviuoyqruynvwbzbngenbwxsygv/Build/Intermediates.noindex/mlx-swift.build/Debug-iphonesimulator/Cmlx.build/Objects-normal/arm64/linalg-a28b2a9783469c87aa9be7c9b9f11e27.d --serialize-diagnostics /Users/jamesalford/Library/Developer/Xcode/DerivedData/NotedCore-ftviuoyqruynvwbzbngenbwxsygv/Build/Intermediates.noindex/mlx-swift.build/Debug-iphonesimulator/Cmlx.build/Objects-normal/arm64/linalg-a28b2a9783469c87aa9be7c9b9f11e27.dia -c /Users/jamesalford/Library/Developer/Xcode/DerivedData/NotedCore-ftviuoyqruynvwbzbngenbwxsygv/SourcePackages/checkouts/mlx-swift/Source/Cmlx/mlx-c/mlx/c/linalg.cpp -o /Users/jamesalford/Library/Developer/Xcode/DerivedData/NotedCore-ftviuoyqruynvwbzbngenbwxsygv/Build/Intermediates.noindex/mlx-swift.build/Debug-iphonesimulator/Cmlx.build/Objects-normal/arm64/linalg-a28b2a9783469c87aa9be7c9b9f11e27.o -index-unit-output-path /mlx-swift.build/Debug-iphonesimulator/Cmlx.build/Objects-normal/arm64/linalg-a28b2a9783469c87aa9be7c9b9f11e27.o

CompileC /Users/jamesalford/Library/Developer/Xcode/DerivedData/NotedCore-ftviuoyqruynvwbzbngenbwxsygv/Build/Intermediates.noindex/mlx-swift.build/Debug-iphonesimulator/Cmlx.build/Objects-normal/arm64/linalg-4184645a83ef6d37ebf44003c8ee6f90.o /Users/jamesalford/Library/Developer/Xcode/DerivedData/NotedCore-ftviuoyqruynvwbzbngenbwxsygv/SourcePackages/checkouts/mlx-swift/Source/Cmlx/mlx/mlx/linalg.cpp normal arm64 c++ com.apple.compilers.llvm.clang.1_0.compiler (in target 'Cmlx' from project 'mlx-swift')
    cd /Users/jamesalford/Documents/NotedCore/NotedCore.xcodeproj
    
    Using response file: /Users/jamesalford/Library/Developer/Xcode/DerivedData/NotedCore-ftviuoyqruynvwbzbngenbwxsygv/Build/Intermediates.noindex/mlx-swift.build/Debug-iphonesimulator/Cmlx.build/Objects-normal/arm64/82b82416624d2658e5098eb0a28c15c5-common-args.resp
    
    /Applications/Xcode.app/Contents/Developer/Toolchains/XcodeDefault.xctoolchain/usr/bin/clang -x c++ -ivfsstatcache /Users/jamesalford/Library/Developer/Xcode/DerivedData/SDKStatCaches.noindex/iphonesimulator26.0-23A339-3885c01c3e6b6a337905948deab2002e26257891a6c027eb51374368541b8346.sdkstatcache -fmessage-length\=0 -fdiagnostics-show-note-include-stack -fmacro-backtrace-limit\=0 -fno-color-diagnostics -fmodules-prune-interval\=86400 -fmodules-prune-after\=345600 -fbuild-session-file\=/Users/jamesalford/Library/Developer/Xcode/DerivedData/ModuleCache.noindex/Session.modulevalidation -fmodules-validate-once-per-build-session -Wnon-modular-include-in-framework-module -Werror\=non-modular-include-in-framework-module -Wno-trigraphs -Wno-missing-field-initializers -Wno-missing-prototypes -Wno-return-type -Wno-non-virtual-dtor -Wno-overloaded-virtual -Wno-exit-time-destructors -Wno-missing-braces -Wparentheses -Wswitch -Wno-unused-function -Wno-unused-label -Wno-unused-parameter -Wno-unused-variable -Wunused-value -Wno-empty-body -Wno-uninitialized -Wno-unknown-pragmas -w -Wno-shadow -Wno-four-char-constants -Wno-conversion -Wno-constant-conversion -Wno-int-conversion -Wno-bool-conversion -Wno-enum-conversion -Wno-float-conversion -Wno-non-literal-null-conversion -Wno-objc-literal-conversion -Wshorten-64-to-32 -Wno-newline-eof -Wno-c++11-extensions -Wno-implicit-fallthrough -fstrict-aliasing -Wdeprecated-declarations -Winvalid-offsetof -Wno-sign-conversion -Wno-infinite-recursion -Wno-move -Wno-comma -Wno-block-capture-autoreleasing -Wno-strict-prototypes -Wno-range-loop-analysis -Wno-semicolon-before-method-body -index-store-path /Users/jamesalford/Library/Developer/Xcode/DerivedData/NotedCore-ftviuoyqruynvwbzbngenbwxsygv/Index.noindex/DataStore @/Users/jamesalford/Library/Developer/Xcode/DerivedData/NotedCore-ftviuoyqruynvwbzbngenbwxsygv/Build/Intermediates.noindex/mlx-swift.build/Debug-iphonesimulator/Cmlx.build/Objects-normal/arm64/82b82416624d2658e5098eb0a28c15c5-common-args.resp -MMD -MT dependencies -MF /Users/jamesalford/Library/Developer/Xcode/DerivedData/NotedCore-ftviuoyqruynvwbzbngenbwxsygv/Build/Intermediates.noindex/mlx-swift.build/Debug-iphonesimulator/Cmlx.build/Objects-normal/arm64/linalg-4184645a83ef6d37ebf44003c8ee6f90.d --serialize-diagnostics /Users/jamesalford/Library/Developer/Xcode/DerivedData/NotedCore-ftviuoyqruynvwbzbngenbwxsygv/Build/Intermediates.noindex/mlx-swift.build/Debug-iphonesimulator/Cmlx.build/Objects-normal/arm64/linalg-4184645a83ef6d37ebf44003c8ee6f90.dia -c /Users/jamesalford/Library/Developer/Xcode/DerivedData/NotedCore-ftviuoyqruynvwbzbngenbwxsygv/SourcePackages/checkouts/mlx-swift/Source/Cmlx/mlx/mlx/linalg.cpp -o /Users/jamesalford/Library/Developer/Xcode/DerivedData/NotedCore-ftviuoyqruynvwbzbngenbwxsygv/Build/Intermediates.noindex/mlx-swift.build/Debug-iphonesimulator/Cmlx.build/Objects-normal/arm64/linalg-4184645a83ef6d37ebf44003c8ee6f90.o -index-unit-output-path /mlx-swift.build/Debug-iphonesimulator/Cmlx.build/Objects-normal/arm64/linalg-4184645a83ef6d37ebf44003c8ee6f90.o

CompileC /Users/jamesalford/Library/Developer/Xcode/DerivedData/NotedCore-ftviuoyqruynvwbzbngenbwxsygv/Build/Intermediates.noindex/mlx-swift.build/Debug-iphonesimulator/Cmlx.build/Objects-normal/arm64/jit_kernels.o /Users/jamesalford/Library/Developer/Xcode/DerivedData/NotedCore-ftviuoyqruynvwbzbngenbwxsygv/SourcePackages/checkouts/mlx-swift/Source/Cmlx/mlx/mlx/backend/metal/jit_kernels.cpp normal arm64 c++ com.apple.compilers.llvm.clang.1_0.compiler (in target 'Cmlx' from project 'mlx-swift')
    cd /Users/jamesalford/Documents/NotedCore/NotedCore.xcodeproj
    
    Using response file: /Users/jamesalford/Library/Developer/Xcode/DerivedData/NotedCore-ftviuoyqruynvwbzbngenbwxsygv/Build/Intermediates.noindex/mlx-swift.build/Debug-iphonesimulator/Cmlx.build/Objects-normal/arm64/82b82416624d2658e5098eb0a28c15c5-common-args.resp
    
    /Applications/Xcode.app/Contents/Developer/Toolchains/XcodeDefault.xctoolchain/usr/bin/clang -x c++ -ivfsstatcache /Users/jamesalford/Library/Developer/Xcode/DerivedData/SDKStatCaches.noindex/iphonesimulator26.0-23A339-3885c01c3e6b6a337905948deab2002e26257891a6c027eb51374368541b8346.sdkstatcache -fmessage-length\=0 -fdiagnostics-show-note-include-stack -fmacro-backtrace-limit\=0 -fno-color-diagnostics -fmodules-prune-interval\=86400 -fmodules-prune-after\=345600 -fbuild-session-file\=/Users/jamesalford/Library/Developer/Xcode/DerivedData/ModuleCache.noindex/Session.modulevalidation -fmodules-validate-once-per-build-session -Wnon-modular-include-in-framework-module -Werror\=non-modular-include-in-framework-module -Wno-trigraphs -Wno-missing-field-initializers -Wno-missing-prototypes -Wno-return-type -Wno-non-virtual-dtor -Wno-overloaded-virtual -Wno-exit-time-destructors -Wno-missing-braces -Wparentheses -Wswitch -Wno-unused-function -Wno-unused-label -Wno-unused-parameter -Wno-unused-variable -Wunused-value -Wno-empty-body -Wno-uninitialized -Wno-unknown-pragmas -w -Wno-shadow -Wno-four-char-constants -Wno-conversion -Wno-constant-conversion -Wno-int-conversion -Wno-bool-conversion -Wno-enum-conversion -Wno-float-conversion -Wno-non-literal-null-conversion -Wno-objc-literal-conversion -Wshorten-64-to-32 -Wno-newline-eof -Wno-c++11-extensions -Wno-implicit-fallthrough -fstrict-aliasing -Wdeprecated-declarations -Winvalid-offsetof -Wno-sign-conversion -Wno-infinite-recursion -Wno-move -Wno-comma -Wno-block-capture-autoreleasing -Wno-strict-prototypes -Wno-range-loop-analysis -Wno-semicolon-before-method-body -index-store-path /Users/jamesalford/Library/Developer/Xcode/DerivedData/NotedCore-ftviuoyqruynvwbzbngenbwxsygv/Index.noindex/DataStore @/Users/jamesalford/Library/Developer/Xcode/DerivedData/NotedCore-ftviuoyqruynvwbzbngenbwxsygv/Build/Intermediates.noindex/mlx-swift.build/Debug-iphonesimulator/Cmlx.build/Objects-normal/arm64/82b82416624d2658e5098eb0a28c15c5-common-args.resp -MMD -MT dependencies -MF /Users/jamesalford/Library/Developer/Xcode/DerivedData/NotedCore-ftviuoyqruynvwbzbngenbwxsygv/Build/Intermediates.noindex/mlx-swift.build/Debug-iphonesimulator/Cmlx.build/Objects-normal/arm64/jit_kernels.d --serialize-diagnostics /Users/jamesalford/Library/Developer/Xcode/DerivedData/NotedCore-ftviuoyqruynvwbzbngenbwxsygv/Build/Intermediates.noindex/mlx-swift.build/Debug-iphonesimulator/Cmlx.build/Objects-normal/arm64/jit_kernels.dia -c /Users/jamesalford/Library/Developer/Xcode/DerivedData/NotedCore-ftviuoyqruynvwbzbngenbwxsygv/SourcePackages/checkouts/mlx-swift/Source/Cmlx/mlx/mlx/backend/metal/jit_kernels.cpp -o /Users/jamesalford/Library/Developer/Xcode/DerivedData/NotedCore-ftviuoyqruynvwbzbngenbwxsygv/Build/Intermediates.noindex/mlx-swift.build/Debug-iphonesimulator/Cmlx.build/Objects-normal/arm64/jit_kernels.o -index-unit-output-path /mlx-swift.build/Debug-iphonesimulator/Cmlx.build/Objects-normal/arm64/jit_kernels.o

CompileC /Users/jamesalford/Library/Developer/Xcode/DerivedData/NotedCore-ftviuoyqruynvwbzbngenbwxsygv/Build/Intermediates.noindex/mlx-swift.build/Debug-iphonesimulator/Cmlx.build/Objects-normal/arm64/jit_compiler.o /Users/jamesalford/Library/Developer/Xcode/DerivedData/NotedCore-ftviuoyqruynvwbzbngenbwxsygv/SourcePackages/checkouts/mlx-swift/Source/Cmlx/mlx/mlx/backend/cpu/jit_compiler.cpp normal arm64 c++ com.apple.compilers.llvm.clang.1_0.compiler (in target 'Cmlx' from project 'mlx-swift')
    cd /Users/jamesalford/Documents/NotedCore/NotedCore.xcodeproj
    
    Using response file: /Users/jamesalford/Library/Developer/Xcode/DerivedData/NotedCore-ftviuoyqruynvwbzbngenbwxsygv/Build/Intermediates.noindex/mlx-swift.build/Debug-iphonesimulator/Cmlx.build/Objects-normal/arm64/82b82416624d2658e5098eb0a28c15c5-common-args.resp
    
    /Applications/Xcode.app/Contents/Developer/Toolchains/XcodeDefault.xctoolchain/usr/bin/clang -x c++ -ivfsstatcache /Users/jamesalford/Library/Developer/Xcode/DerivedData/SDKStatCaches.noindex/iphonesimulator26.0-23A339-3885c01c3e6b6a337905948deab2002e26257891a6c027eb51374368541b8346.sdkstatcache -fmessage-length\=0 -fdiagnostics-show-note-include-stack -fmacro-backtrace-limit\=0 -fno-color-diagnostics -fmodules-prune-interval\=86400 -fmodules-prune-after\=345600 -fbuild-session-file\=/Users/jamesalford/Library/Developer/Xcode/DerivedData/ModuleCache.noindex/Session.modulevalidation -fmodules-validate-once-per-build-session -Wnon-modular-include-in-framework-module -Werror\=non-modular-include-in-framework-module -Wno-trigraphs -Wno-missing-field-initializers -Wno-missing-prototypes -Wno-return-type -Wno-non-virtual-dtor -Wno-overloaded-virtual -Wno-exit-time-destructors -Wno-missing-braces -Wparentheses -Wswitch -Wno-unused-function -Wno-unused-label -Wno-unused-parameter -Wno-unused-variable -Wunused-value -Wno-empty-body -Wno-uninitialized -Wno-unknown-pragmas -w -Wno-shadow -Wno-four-char-constants -Wno-conversion -Wno-constant-conversion -Wno-int-conversion -Wno-bool-conversion -Wno-enum-conversion -Wno-float-conversion -Wno-non-literal-null-conversion -Wno-objc-literal-conversion -Wshorten-64-to-32 -Wno-newline-eof -Wno-c++11-extensions -Wno-implicit-fallthrough -fstrict-aliasing -Wdeprecated-declarations -Winvalid-offsetof -Wno-sign-conversion -Wno-infinite-recursion -Wno-move -Wno-comma -Wno-block-capture-autoreleasing -Wno-strict-prototypes -Wno-range-loop-analysis -Wno-semicolon-before-method-body -index-store-path /Users/jamesalford/Library/Developer/Xcode/DerivedData/NotedCore-ftviuoyqruynvwbzbngenbwxsygv/Index.noindex/DataStore @/Users/jamesalford/Library/Developer/Xcode/DerivedData/NotedCore-ftviuoyqruynvwbzbngenbwxsygv/Build/Intermediates.noindex/mlx-swift.build/Debug-iphonesimulator/Cmlx.build/Objects-normal/arm64/82b82416624d2658e5098eb0a28c15c5-common-args.resp -MMD -MT dependencies -MF /Users/jamesalford/Library/Developer/Xcode/DerivedData/NotedCore-ftviuoyqruynvwbzbngenbwxsygv/Build/Intermediates.noindex/mlx-swift.build/Debug-iphonesimulator/Cmlx.build/Objects-normal/arm64/jit_compiler.d --serialize-diagnostics /Users/jamesalford/Library/Developer/Xcode/DerivedData/NotedCore-ftviuoyqruynvwbzbngenbwxsygv/Build/Intermediates.noindex/mlx-swift.build/Debug-iphonesimulator/Cmlx.build/Objects-normal/arm64/jit_compiler.dia -c /Users/jamesalford/Library/Developer/Xcode/DerivedData/NotedCore-ftviuoyqruynvwbzbngenbwxsygv/SourcePackages/checkouts/mlx-swift/Source/Cmlx/mlx/mlx/backend/cpu/jit_compiler.cpp -o /Users/jamesalford/Library/Developer/Xcode/DerivedData/NotedCore-ftviuoyqruynvwbzbngenbwxsygv/Build/Intermediates.noindex/mlx-swift.build/Debug-iphonesimulator/Cmlx.build/Objects-normal/arm64/jit_compiler.o -index-unit-output-path /mlx-swift.build/Debug-iphonesimulator/Cmlx.build/Objects-normal/arm64/jit_compiler.o

CompileC /Users/jamesalford/Library/Developer/Xcode/DerivedData/NotedCore-ftviuoyqruynvwbzbngenbwxsygv/Build/Intermediates.noindex/mlx-swift.build/Debug-iphonesimulator/Cmlx.build/Objects-normal/arm64/io_types.o /Users/jamesalford/Library/Developer/Xcode/DerivedData/NotedCore-ftviuoyqruynvwbzbngenbwxsygv/SourcePackages/checkouts/mlx-swift/Source/Cmlx/mlx-c/mlx/c/io_types.cpp normal arm64 c++ com.apple.compilers.llvm.clang.1_0.compiler (in target 'Cmlx' from project 'mlx-swift')
    cd /Users/jamesalford/Documents/NotedCore/NotedCore.xcodeproj
    
    Using response file: /Users/jamesalford/Library/Developer/Xcode/DerivedData/NotedCore-ftviuoyqruynvwbzbngenbwxsygv/Build/Intermediates.noindex/mlx-swift.build/Debug-iphonesimulator/Cmlx.build/Objects-normal/arm64/82b82416624d2658e5098eb0a28c15c5-common-args.resp
    
    /Applications/Xcode.app/Contents/Developer/Toolchains/XcodeDefault.xctoolchain/usr/bin/clang -x c++ -ivfsstatcache /Users/jamesalford/Library/Developer/Xcode/DerivedData/SDKStatCaches.noindex/iphonesimulator26.0-23A339-3885c01c3e6b6a337905948deab2002e26257891a6c027eb51374368541b8346.sdkstatcache -fmessage-length\=0 -fdiagnostics-show-note-include-stack -fmacro-backtrace-limit\=0 -fno-color-diagnostics -fmodules-prune-interval\=86400 -fmodules-prune-after\=345600 -fbuild-session-file\=/Users/jamesalford/Library/Developer/Xcode/DerivedData/ModuleCache.noindex/Session.modulevalidation -fmodules-validate-once-per-build-session -Wnon-modular-include-in-framework-module -Werror\=non-modular-include-in-framework-module -Wno-trigraphs -Wno-missing-field-initializers -Wno-missing-prototypes -Wno-return-type -Wno-non-virtual-dtor -Wno-overloaded-virtual -Wno-exit-time-destructors -Wno-missing-braces -Wparentheses -Wswitch -Wno-unused-function -Wno-unused-label -Wno-unused-parameter -Wno-unused-variable -Wunused-value -Wno-empty-body -Wno-uninitialized -Wno-unknown-pragmas -w -Wno-shadow -Wno-four-char-constants -Wno-conversion -Wno-constant-conversion -Wno-int-conversion -Wno-bool-conversion -Wno-enum-conversion -Wno-float-conversion -Wno-non-literal-null-conversion -Wno-objc-literal-conversion -Wshorten-64-to-32 -Wno-newline-eof -Wno-c++11-extensions -Wno-implicit-fallthrough -fstrict-aliasing -Wdeprecated-declarations -Winvalid-offsetof -Wno-sign-conversion -Wno-infinite-recursion -Wno-move -Wno-comma -Wno-block-capture-autoreleasing -Wno-strict-prototypes -Wno-range-loop-analysis -Wno-semicolon-before-method-body -index-store-path /Users/jamesalford/Library/Developer/Xcode/DerivedData/NotedCore-ftviuoyqruynvwbzbngenbwxsygv/Index.noindex/DataStore @/Users/jamesalford/Library/Developer/Xcode/DerivedData/NotedCore-ftviuoyqruynvwbzbngenbwxsygv/Build/Intermediates.noindex/mlx-swift.build/Debug-iphonesimulator/Cmlx.build/Objects-normal/arm64/82b82416624d2658e5098eb0a28c15c5-common-args.resp -MMD -MT dependencies -MF /Users/jamesalford/Library/Developer/Xcode/DerivedData/NotedCore-ftviuoyqruynvwbzbngenbwxsygv/Build/Intermediates.noindex/mlx-swift.build/Debug-iphonesimulator/Cmlx.build/Objects-normal/arm64/io_types.d --serialize-diagnostics /Users/jamesalford/Library/Developer/Xcode/DerivedData/NotedCore-ftviuoyqruynvwbzbngenbwxsygv/Build/Intermediates.noindex/mlx-swift.build/Debug-iphonesimulator/Cmlx.build/Objects-normal/arm64/io_types.dia -c /Users/jamesalford/Library/Developer/Xcode/DerivedData/NotedCore-ftviuoyqruynvwbzbngenbwxsygv/SourcePackages/checkouts/mlx-swift/Source/Cmlx/mlx-c/mlx/c/io_types.cpp -o /Users/jamesalford/Library/Developer/Xcode/DerivedData/NotedCore-ftviuoyqruynvwbzbngenbwxsygv/Build/Intermediates.noindex/mlx-swift.build/Debug-iphonesimulator/Cmlx.build/Objects-normal/arm64/io_types.o -index-unit-output-path /mlx-swift.build/Debug-iphonesimulator/Cmlx.build/Objects-normal/arm64/io_types.o

CompileC /Users/jamesalford/Library/Developer/Xcode/DerivedData/NotedCore-ftviuoyqruynvwbzbngenbwxsygv/Build/Intermediates.noindex/mlx-swift.build/Debug-iphonesimulator/Cmlx.build/Objects-normal/arm64/io.o /Users/jamesalford/Library/Developer/Xcode/DerivedData/NotedCore-ftviuoyqruynvwbzbngenbwxsygv/SourcePackages/checkouts/mlx-swift/Source/Cmlx/mlx-c/mlx/c/io.cpp normal arm64 c++ com.apple.compilers.llvm.clang.1_0.compiler (in target 'Cmlx' from project 'mlx-swift')
    cd /Users/jamesalford/Documents/NotedCore/NotedCore.xcodeproj
    
    Using response file: /Users/jamesalford/Library/Developer/Xcode/DerivedData/NotedCore-ftviuoyqruynvwbzbngenbwxsygv/Build/Intermediates.noindex/mlx-swift.build/Debug-iphonesimulator/Cmlx.build/Objects-normal/arm64/82b82416624d2658e5098eb0a28c15c5-common-args.resp
    
    /Applications/Xcode.app/Contents/Developer/Toolchains/XcodeDefault.xctoolchain/usr/bin/clang -x c++ -ivfsstatcache /Users/jamesalford/Library/Developer/Xcode/DerivedData/SDKStatCaches.noindex/iphonesimulator26.0-23A339-3885c01c3e6b6a337905948deab2002e26257891a6c027eb51374368541b8346.sdkstatcache -fmessage-length\=0 -fdiagnostics-show-note-include-stack -fmacro-backtrace-limit\=0 -fno-color-diagnostics -fmodules-prune-interval\=86400 -fmodules-prune-after\=345600 -fbuild-session-file\=/Users/jamesalford/Library/Developer/Xcode/DerivedData/ModuleCache.noindex/Session.modulevalidation -fmodules-validate-once-per-build-session -Wnon-modular-include-in-framework-module -Werror\=non-modular-include-in-framework-module -Wno-trigraphs -Wno-missing-field-initializers -Wno-missing-prototypes -Wno-return-type -Wno-non-virtual-dtor -Wno-overloaded-virtual -Wno-exit-time-destructors -Wno-missing-braces -Wparentheses -Wswitch -Wno-unused-function -Wno-unused-label -Wno-unused-parameter -Wno-unused-variable -Wunused-value -Wno-empty-body -Wno-uninitialized -Wno-unknown-pragmas -w -Wno-shadow -Wno-four-char-constants -Wno-conversion -Wno-constant-conversion -Wno-int-conversion -Wno-bool-conversion -Wno-enum-conversion -Wno-float-conversion -Wno-non-literal-null-conversion -Wno-objc-literal-conversion -Wshorten-64-to-32 -Wno-newline-eof -Wno-c++11-extensions -Wno-implicit-fallthrough -fstrict-aliasing -Wdeprecated-declarations -Winvalid-offsetof -Wno-sign-conversion -Wno-infinite-recursion -Wno-move -Wno-comma -Wno-block-capture-autoreleasing -Wno-strict-prototypes -Wno-range-loop-analysis -Wno-semicolon-before-method-body -index-store-path /Users/jamesalford/Library/Developer/Xcode/DerivedData/NotedCore-ftviuoyqruynvwbzbngenbwxsygv/Index.noindex/DataStore @/Users/jamesalford/Library/Developer/Xcode/DerivedData/NotedCore-ftviuoyqruynvwbzbngenbwxsygv/Build/Intermediates.noindex/mlx-swift.build/Debug-iphonesimulator/Cmlx.build/Objects-normal/arm64/82b82416624d2658e5098eb0a28c15c5-common-args.resp -MMD -MT dependencies -MF /Users/jamesalford/Library/Developer/Xcode/DerivedData/NotedCore-ftviuoyqruynvwbzbngenbwxsygv/Build/Intermediates.noindex/mlx-swift.build/Debug-iphonesimulator/Cmlx.build/Objects-normal/arm64/io.d --serialize-diagnostics /Users/jamesalford/Library/Developer/Xcode/DerivedData/NotedCore-ftviuoyqruynvwbzbngenbwxsygv/Build/Intermediates.noindex/mlx-swift.build/Debug-iphonesimulator/Cmlx.build/Objects-normal/arm64/io.dia -c /Users/jamesalford/Library/Developer/Xcode/DerivedData/NotedCore-ftviuoyqruynvwbzbngenbwxsygv/SourcePackages/checkouts/mlx-swift/Source/Cmlx/mlx-c/mlx/c/io.cpp -o /Users/jamesalford/Library/Developer/Xcode/DerivedData/NotedCore-ftviuoyqruynvwbzbngenbwxsygv/Build/Intermediates.noindex/mlx-swift.build/Debug-iphonesimulator/Cmlx.build/Objects-normal/arm64/io.o -index-unit-output-path /mlx-swift.build/Debug-iphonesimulator/Cmlx.build/Objects-normal/arm64/io.o

CompileC /Users/jamesalford/Library/Developer/Xcode/DerivedData/NotedCore-ftviuoyqruynvwbzbngenbwxsygv/Build/Intermediates.noindex/mlx-swift.build/Debug-iphonesimulator/Cmlx.build/Objects-normal/arm64/inverse.o /Users/jamesalford/Library/Developer/Xcode/DerivedData/NotedCore-ftviuoyqruynvwbzbngenbwxsygv/SourcePackages/checkouts/mlx-swift/Source/Cmlx/mlx/mlx/backend/cpu/inverse.cpp normal arm64 c++ com.apple.compilers.llvm.clang.1_0.compiler (in target 'Cmlx' from project 'mlx-swift')
    cd /Users/jamesalford/Documents/NotedCore/NotedCore.xcodeproj
    
    Using response file: /Users/jamesalford/Library/Developer/Xcode/DerivedData/NotedCore-ftviuoyqruynvwbzbngenbwxsygv/Build/Intermediates.noindex/mlx-swift.build/Debug-iphonesimulator/Cmlx.build/Objects-normal/arm64/82b82416624d2658e5098eb0a28c15c5-common-args.resp
    
    /Applications/Xcode.app/Contents/Developer/Toolchains/XcodeDefault.xctoolchain/usr/bin/clang -x c++ -ivfsstatcache /Users/jamesalford/Library/Developer/Xcode/DerivedData/SDKStatCaches.noindex/iphonesimulator26.0-23A339-3885c01c3e6b6a337905948deab2002e26257891a6c027eb51374368541b8346.sdkstatcache -fmessage-length\=0 -fdiagnostics-show-note-include-stack -fmacro-backtrace-limit\=0 -fno-color-diagnostics -fmodules-prune-interval\=86400 -fmodules-prune-after\=345600 -fbuild-session-file\=/Users/jamesalford/Library/Developer/Xcode/DerivedData/ModuleCache.noindex/Session.modulevalidation -fmodules-validate-once-per-build-session -Wnon-modular-include-in-framework-module -Werror\=non-modular-include-in-framework-module -Wno-trigraphs -Wno-missing-field-initializers -Wno-missing-prototypes -Wno-return-type -Wno-non-virtual-dtor -Wno-overloaded-virtual -Wno-exit-time-destructors -Wno-missing-braces -Wparentheses -Wswitch -Wno-unused-function -Wno-unused-label -Wno-unused-parameter -Wno-unused-variable -Wunused-value -Wno-empty-body -Wno-uninitialized -Wno-unknown-pragmas -w -Wno-shadow -Wno-four-char-constants -Wno-conversion -Wno-constant-conversion -Wno-int-conversion -Wno-bool-conversion -Wno-enum-conversion -Wno-float-conversion -Wno-non-literal-null-conversion -Wno-objc-literal-conversion -Wshorten-64-to-32 -Wno-newline-eof -Wno-c++11-extensions -Wno-implicit-fallthrough -fstrict-aliasing -Wdeprecated-declarations -Winvalid-offsetof -Wno-sign-conversion -Wno-infinite-recursion -Wno-move -Wno-comma -Wno-block-capture-autoreleasing -Wno-strict-prototypes -Wno-range-loop-analysis -Wno-semicolon-before-method-body -index-store-path /Users/jamesalford/Library/Developer/Xcode/DerivedData/NotedCore-ftviuoyqruynvwbzbngenbwxsygv/Index.noindex/DataStore @/Users/jamesalford/Library/Developer/Xcode/DerivedData/NotedCore-ftviuoyqruynvwbzbngenbwxsygv/Build/Intermediates.noindex/mlx-swift.build/Debug-iphonesimulator/Cmlx.build/Objects-normal/arm64/82b82416624d2658e5098eb0a28c15c5-common-args.resp -MMD -MT dependencies -MF /Users/jamesalford/Library/Developer/Xcode/DerivedData/NotedCore-ftviuoyqruynvwbzbngenbwxsygv/Build/Intermediates.noindex/mlx-swift.build/Debug-iphonesimulator/Cmlx.build/Objects-normal/arm64/inverse.d --serialize-diagnostics /Users/jamesalford/Library/Developer/Xcode/DerivedData/NotedCore-ftviuoyqruynvwbzbngenbwxsygv/Build/Intermediates.noindex/mlx-swift.build/Debug-iphonesimulator/Cmlx.build/Objects-normal/arm64/inverse.dia -c /Users/jamesalford/Library/Developer/Xcode/DerivedData/NotedCore-ftviuoyqruynvwbzbngenbwxsygv/SourcePackages/checkouts/mlx-swift/Source/Cmlx/mlx/mlx/backend/cpu/inverse.cpp -o /Users/jamesalford/Library/Developer/Xcode/DerivedData/NotedCore-ftviuoyqruynvwbzbngenbwxsygv/Build/Intermediates.noindex/mlx-swift.build/Debug-iphonesimulator/Cmlx.build/Objects-normal/arm64/inverse.o -index-unit-output-path /mlx-swift.build/Debug-iphonesimulator/Cmlx.build/Objects-normal/arm64/inverse.o

CompileC /Users/jamesalford/Library/Developer/Xcode/DerivedData/NotedCore-ftviuoyqruynvwbzbngenbwxsygv/Build/Intermediates.noindex/mlx-swift.build/Debug-iphonesimulator/Cmlx.build/Objects-normal/arm64/indexing-ec046b38815ac22c595d2ca05fb36f22.o /Users/jamesalford/Library/Developer/Xcode/DerivedData/NotedCore-ftviuoyqruynvwbzbngenbwxsygv/SourcePackages/checkouts/mlx-swift/Source/Cmlx/mlx/mlx/backend/metal/indexing.cpp normal arm64 c++ com.apple.compilers.llvm.clang.1_0.compiler (in target 'Cmlx' from project 'mlx-swift')
    cd /Users/jamesalford/Documents/NotedCore/NotedCore.xcodeproj
    
    Using response file: /Users/jamesalford/Library/Developer/Xcode/DerivedData/NotedCore-ftviuoyqruynvwbzbngenbwxsygv/Build/Intermediates.noindex/mlx-swift.build/Debug-iphonesimulator/Cmlx.build/Objects-normal/arm64/82b82416624d2658e5098eb0a28c15c5-common-args.resp
    
    /Applications/Xcode.app/Contents/Developer/Toolchains/XcodeDefault.xctoolchain/usr/bin/clang -x c++ -ivfsstatcache /Users/jamesalford/Library/Developer/Xcode/DerivedData/SDKStatCaches.noindex/iphonesimulator26.0-23A339-3885c01c3e6b6a337905948deab2002e26257891a6c027eb51374368541b8346.sdkstatcache -fmessage-length\=0 -fdiagnostics-show-note-include-stack -fmacro-backtrace-limit\=0 -fno-color-diagnostics -fmodules-prune-interval\=86400 -fmodules-prune-after\=345600 -fbuild-session-file\=/Users/jamesalford/Library/Developer/Xcode/DerivedData/ModuleCache.noindex/Session.modulevalidation -fmodules-validate-once-per-build-session -Wnon-modular-include-in-framework-module -Werror\=non-modular-include-in-framework-module -Wno-trigraphs -Wno-missing-field-initializers -Wno-missing-prototypes -Wno-return-type -Wno-non-virtual-dtor -Wno-overloaded-virtual -Wno-exit-time-destructors -Wno-missing-braces -Wparentheses -Wswitch -Wno-unused-function -Wno-unused-label -Wno-unused-parameter -Wno-unused-variable -Wunused-value -Wno-empty-body -Wno-uninitialized -Wno-unknown-pragmas -w -Wno-shadow -Wno-four-char-constants -Wno-conversion -Wno-constant-conversion -Wno-int-conversion -Wno-bool-conversion -Wno-enum-conversion -Wno-float-conversion -Wno-non-literal-null-conversion -Wno-objc-literal-conversion -Wshorten-64-to-32 -Wno-newline-eof -Wno-c++11-extensions -Wno-implicit-fallthrough -fstrict-aliasing -Wdeprecated-declarations -Winvalid-offsetof -Wno-sign-conversion -Wno-infinite-recursion -Wno-move -Wno-comma -Wno-block-capture-autoreleasing -Wno-strict-prototypes -Wno-range-loop-analysis -Wno-semicolon-before-method-body -index-store-path /Users/jamesalford/Library/Developer/Xcode/DerivedData/NotedCore-ftviuoyqruynvwbzbngenbwxsygv/Index.noindex/DataStore @/Users/jamesalford/Library/Developer/Xcode/DerivedData/NotedCore-ftviuoyqruynvwbzbngenbwxsygv/Build/Intermediates.noindex/mlx-swift.build/Debug-iphonesimulator/Cmlx.build/Objects-normal/arm64/82b82416624d2658e5098eb0a28c15c5-common-args.resp -MMD -MT dependencies -MF /Users/jamesalford/Library/Developer/Xcode/DerivedData/NotedCore-ftviuoyqruynvwbzbngenbwxsygv/Build/Intermediates.noindex/mlx-swift.build/Debug-iphonesimulator/Cmlx.build/Objects-normal/arm64/indexing-ec046b38815ac22c595d2ca05fb36f22.d --serialize-diagnostics /Users/jamesalford/Library/Developer/Xcode/DerivedData/NotedCore-ftviuoyqruynvwbzbngenbwxsygv/Build/Intermediates.noindex/mlx-swift.build/Debug-iphonesimulator/Cmlx.build/Objects-normal/arm64/indexing-ec046b38815ac22c595d2ca05fb36f22.dia -c /Users/jamesalford/Library/Developer/Xcode/DerivedData/NotedCore-ftviuoyqruynvwbzbngenbwxsygv/SourcePackages/checkouts/mlx-swift/Source/Cmlx/mlx/mlx/backend/metal/indexing.cpp -o /Users/jamesalford/Library/Developer/Xcode/DerivedData/NotedCore-ftviuoyqruynvwbzbngenbwxsygv/Build/Intermediates.noindex/mlx-swift.build/Debug-iphonesimulator/Cmlx.build/Objects-normal/arm64/indexing-ec046b38815ac22c595d2ca05fb36f22.o -index-unit-output-path /mlx-swift.build/Debug-iphonesimulator/Cmlx.build/Objects-normal/arm64/indexing-ec046b38815ac22c595d2ca05fb36f22.o

CompileC /Users/jamesalford/Library/Developer/Xcode/DerivedData/NotedCore-ftviuoyqruynvwbzbngenbwxsygv/Build/Intermediates.noindex/mlx-swift.build/Debug-iphonesimulator/Cmlx.build/Objects-normal/arm64/indexing-3dd008919621c4e9bf98310b0c6df035.o /Users/jamesalford/Library/Developer/Xcode/DerivedData/NotedCore-ftviuoyqruynvwbzbngenbwxsygv/SourcePackages/checkouts/mlx-swift/Source/Cmlx/mlx/mlx/backend/cpu/indexing.cpp normal arm64 c++ com.apple.compilers.llvm.clang.1_0.compiler (in target 'Cmlx' from project 'mlx-swift')
    cd /Users/jamesalford/Documents/NotedCore/NotedCore.xcodeproj
    
    Using response file: /Users/jamesalford/Library/Developer/Xcode/DerivedData/NotedCore-ftviuoyqruynvwbzbngenbwxsygv/Build/Intermediates.noindex/mlx-swift.build/Debug-iphonesimulator/Cmlx.build/Objects-normal/arm64/82b82416624d2658e5098eb0a28c15c5-common-args.resp
    
    /Applications/Xcode.app/Contents/Developer/Toolchains/XcodeDefault.xctoolchain/usr/bin/clang -x c++ -ivfsstatcache /Users/jamesalford/Library/Developer/Xcode/DerivedData/SDKStatCaches.noindex/iphonesimulator26.0-23A339-3885c01c3e6b6a337905948deab2002e26257891a6c027eb51374368541b8346.sdkstatcache -fmessage-length\=0 -fdiagnostics-show-note-include-stack -fmacro-backtrace-limit\=0 -fno-color-diagnostics -fmodules-prune-interval\=86400 -fmodules-prune-after\=345600 -fbuild-session-file\=/Users/jamesalford/Library/Developer/Xcode/DerivedData/ModuleCache.noindex/Session.modulevalidation -fmodules-validate-once-per-build-session -Wnon-modular-include-in-framework-module -Werror\=non-modular-include-in-framework-module -Wno-trigraphs -Wno-missing-field-initializers -Wno-missing-prototypes -Wno-return-type -Wno-non-virtual-dtor -Wno-overloaded-virtual -Wno-exit-time-destructors -Wno-missing-braces -Wparentheses -Wswitch -Wno-unused-function -Wno-unused-label -Wno-unused-parameter -Wno-unused-variable -Wunused-value -Wno-empty-body -Wno-uninitialized -Wno-unknown-pragmas -w -Wno-shadow -Wno-four-char-constants -Wno-conversion -Wno-constant-conversion -Wno-int-conversion -Wno-bool-conversion -Wno-enum-conversion -Wno-float-conversion -Wno-non-literal-null-conversion -Wno-objc-literal-conversion -Wshorten-64-to-32 -Wno-newline-eof -Wno-c++11-extensions -Wno-implicit-fallthrough -fstrict-aliasing -Wdeprecated-declarations -Winvalid-offsetof -Wno-sign-conversion -Wno-infinite-recursion -Wno-move -Wno-comma -Wno-block-capture-autoreleasing -Wno-strict-prototypes -Wno-range-loop-analysis -Wno-semicolon-before-method-body -index-store-path /Users/jamesalford/Library/Developer/Xcode/DerivedData/NotedCore-ftviuoyqruynvwbzbngenbwxsygv/Index.noindex/DataStore @/Users/jamesalford/Library/Developer/Xcode/DerivedData/NotedCore-ftviuoyqruynvwbzbngenbwxsygv/Build/Intermediates.noindex/mlx-swift.build/Debug-iphonesimulator/Cmlx.build/Objects-normal/arm64/82b82416624d2658e5098eb0a28c15c5-common-args.resp -MMD -MT dependencies -MF /Users/jamesalford/Library/Developer/Xcode/DerivedData/NotedCore-ftviuoyqruynvwbzbngenbwxsygv/Build/Intermediates.noindex/mlx-swift.build/Debug-iphonesimulator/Cmlx.build/Objects-normal/arm64/indexing-3dd008919621c4e9bf98310b0c6df035.d --serialize-diagnostics /Users/jamesalford/Library/Developer/Xcode/DerivedData/NotedCore-ftviuoyqruynvwbzbngenbwxsygv/Build/Intermediates.noindex/mlx-swift.build/Debug-iphonesimulator/Cmlx.build/Objects-normal/arm64/indexing-3dd008919621c4e9bf98310b0c6df035.dia -c /Users/jamesalford/Library/Developer/Xcode/DerivedData/NotedCore-ftviuoyqruynvwbzbngenbwxsygv/SourcePackages/checkouts/mlx-swift/Source/Cmlx/mlx/mlx/backend/cpu/indexing.cpp -o /Users/jamesalford/Library/Developer/Xcode/DerivedData/NotedCore-ftviuoyqruynvwbzbngenbwxsygv/Build/Intermediates.noindex/mlx-swift.build/Debug-iphonesimulator/Cmlx.build/Objects-normal/arm64/indexing-3dd008919621c4e9bf98310b0c6df035.o -index-unit-output-path /mlx-swift.build/Debug-iphonesimulator/Cmlx.build/Objects-normal/arm64/indexing-3dd008919621c4e9bf98310b0c6df035.o

CompileC /Users/jamesalford/Library/Developer/Xcode/DerivedData/NotedCore-ftviuoyqruynvwbzbngenbwxsygv/Build/Intermediates.noindex/mlx-swift.build/Debug-iphonesimulator/Cmlx.build/Objects-normal/arm64/hadamard-f06911b32130e92afdc6e2a76600f4f3.o /Users/jamesalford/Library/Developer/Xcode/DerivedData/NotedCore-ftviuoyqruynvwbzbngenbwxsygv/SourcePackages/checkouts/mlx-swift/Source/Cmlx/mlx-generated/hadamard.cpp normal arm64 c++ com.apple.compilers.llvm.clang.1_0.compiler (in target 'Cmlx' from project 'mlx-swift')
    cd /Users/jamesalford/Documents/NotedCore/NotedCore.xcodeproj
    
    Using response file: /Users/jamesalford/Library/Developer/Xcode/DerivedData/NotedCore-ftviuoyqruynvwbzbngenbwxsygv/Build/Intermediates.noindex/mlx-swift.build/Debug-iphonesimulator/Cmlx.build/Objects-normal/arm64/82b82416624d2658e5098eb0a28c15c5-common-args.resp
    
    /Applications/Xcode.app/Contents/Developer/Toolchains/XcodeDefault.xctoolchain/usr/bin/clang -x c++ -ivfsstatcache /Users/jamesalford/Library/Developer/Xcode/DerivedData/SDKStatCaches.noindex/iphonesimulator26.0-23A339-3885c01c3e6b6a337905948deab2002e26257891a6c027eb51374368541b8346.sdkstatcache -fmessage-length\=0 -fdiagnostics-show-note-include-stack -fmacro-backtrace-limit\=0 -fno-color-diagnostics -fmodules-prune-interval\=86400 -fmodules-prune-after\=345600 -fbuild-session-file\=/Users/jamesalford/Library/Developer/Xcode/DerivedData/ModuleCache.noindex/Session.modulevalidation -fmodules-validate-once-per-build-session -Wnon-modular-include-in-framework-module -Werror\=non-modular-include-in-framework-module -Wno-trigraphs -Wno-missing-field-initializers -Wno-missing-prototypes -Wno-return-type -Wno-non-virtual-dtor -Wno-overloaded-virtual -Wno-exit-time-destructors -Wno-missing-braces -Wparentheses -Wswitch -Wno-unused-function -Wno-unused-label -Wno-unused-parameter -Wno-unused-variable -Wunused-value -Wno-empty-body -Wno-uninitialized -Wno-unknown-pragmas -w -Wno-shadow -Wno-four-char-constants -Wno-conversion -Wno-constant-conversion -Wno-int-conversion -Wno-bool-conversion -Wno-enum-conversion -Wno-float-conversion -Wno-non-literal-null-conversion -Wno-objc-literal-conversion -Wshorten-64-to-32 -Wno-newline-eof -Wno-c++11-extensions -Wno-implicit-fallthrough -fstrict-aliasing -Wdeprecated-declarations -Winvalid-offsetof -Wno-sign-conversion -Wno-infinite-recursion -Wno-move -Wno-comma -Wno-block-capture-autoreleasing -Wno-strict-prototypes -Wno-range-loop-analysis -Wno-semicolon-before-method-body -index-store-path /Users/jamesalford/Library/Developer/Xcode/DerivedData/NotedCore-ftviuoyqruynvwbzbngenbwxsygv/Index.noindex/DataStore @/Users/jamesalford/Library/Developer/Xcode/DerivedData/NotedCore-ftviuoyqruynvwbzbngenbwxsygv/Build/Intermediates.noindex/mlx-swift.build/Debug-iphonesimulator/Cmlx.build/Objects-normal/arm64/82b82416624d2658e5098eb0a28c15c5-common-args.resp -MMD -MT dependencies -MF /Users/jamesalford/Library/Developer/Xcode/DerivedData/NotedCore-ftviuoyqruynvwbzbngenbwxsygv/Build/Intermediates.noindex/mlx-swift.build/Debug-iphonesimulator/Cmlx.build/Objects-normal/arm64/hadamard-f06911b32130e92afdc6e2a76600f4f3.d --serialize-diagnostics /Users/jamesalford/Library/Developer/Xcode/DerivedData/NotedCore-ftviuoyqruynvwbzbngenbwxsygv/Build/Intermediates.noindex/mlx-swift.build/Debug-iphonesimulator/Cmlx.build/Objects-normal/arm64/hadamard-f06911b32130e92afdc6e2a76600f4f3.dia -c /Users/jamesalford/Library/Developer/Xcode/DerivedData/NotedCore-ftviuoyqruynvwbzbngenbwxsygv/SourcePackages/checkouts/mlx-swift/Source/Cmlx/mlx-generated/hadamard.cpp -o /Users/jamesalford/Library/Developer/Xcode/DerivedData/NotedCore-ftviuoyqruynvwbzbngenbwxsygv/Build/Intermediates.noindex/mlx-swift.build/Debug-iphonesimulator/Cmlx.build/Objects-normal/arm64/hadamard-f06911b32130e92afdc6e2a76600f4f3.o -index-unit-output-path /mlx-swift.build/Debug-iphonesimulator/Cmlx.build/Objects-normal/arm64/hadamard-f06911b32130e92afdc6e2a76600f4f3.o

CompileC /Users/jamesalford/Library/Developer/Xcode/DerivedData/NotedCore-ftviuoyqruynvwbzbngenbwxsygv/Build/Intermediates.noindex/mlx-swift.build/Debug-iphonesimulator/Cmlx.build/Objects-normal/arm64/hadamard-a2896139be2d55f67a5d7529ab03ce08.o /Users/jamesalford/Library/Developer/Xcode/DerivedData/NotedCore-ftviuoyqruynvwbzbngenbwxsygv/SourcePackages/checkouts/mlx-swift/Source/Cmlx/mlx/mlx/backend/metal/hadamard.cpp normal arm64 c++ com.apple.compilers.llvm.clang.1_0.compiler (in target 'Cmlx' from project 'mlx-swift')
    cd /Users/jamesalford/Documents/NotedCore/NotedCore.xcodeproj
    
    Using response file: /Users/jamesalford/Library/Developer/Xcode/DerivedData/NotedCore-ftviuoyqruynvwbzbngenbwxsygv/Build/Intermediates.noindex/mlx-swift.build/Debug-iphonesimulator/Cmlx.build/Objects-normal/arm64/82b82416624d2658e5098eb0a28c15c5-common-args.resp
    
    /Applications/Xcode.app/Contents/Developer/Toolchains/XcodeDefault.xctoolchain/usr/bin/clang -x c++ -ivfsstatcache /Users/jamesalford/Library/Developer/Xcode/DerivedData/SDKStatCaches.noindex/iphonesimulator26.0-23A339-3885c01c3e6b6a337905948deab2002e26257891a6c027eb51374368541b8346.sdkstatcache -fmessage-length\=0 -fdiagnostics-show-note-include-stack -fmacro-backtrace-limit\=0 -fno-color-diagnostics -fmodules-prune-interval\=86400 -fmodules-prune-after\=345600 -fbuild-session-file\=/Users/jamesalford/Library/Developer/Xcode/DerivedData/ModuleCache.noindex/Session.modulevalidation -fmodules-validate-once-per-build-session -Wnon-modular-include-in-framework-module -Werror\=non-modular-include-in-framework-module -Wno-trigraphs -Wno-missing-field-initializers -Wno-missing-prototypes -Wno-return-type -Wno-non-virtual-dtor -Wno-overloaded-virtual -Wno-exit-time-destructors -Wno-missing-braces -Wparentheses -Wswitch -Wno-unused-function -Wno-unused-label -Wno-unused-parameter -Wno-unused-variable -Wunused-value -Wno-empty-body -Wno-uninitialized -Wno-unknown-pragmas -w -Wno-shadow -Wno-four-char-constants -Wno-conversion -Wno-constant-conversion -Wno-int-conversion -Wno-bool-conversion -Wno-enum-conversion -Wno-float-conversion -Wno-non-literal-null-conversion -Wno-objc-literal-conversion -Wshorten-64-to-32 -Wno-newline-eof -Wno-c++11-extensions -Wno-implicit-fallthrough -fstrict-aliasing -Wdeprecated-declarations -Winvalid-offsetof -Wno-sign-conversion -Wno-infinite-recursion -Wno-move -Wno-comma -Wno-block-capture-autoreleasing -Wno-strict-prototypes -Wno-range-loop-analysis -Wno-semicolon-before-method-body -index-store-path /Users/jamesalford/Library/Developer/Xcode/DerivedData/NotedCore-ftviuoyqruynvwbzbngenbwxsygv/Index.noindex/DataStore @/Users/jamesalford/Library/Developer/Xcode/DerivedData/NotedCore-ftviuoyqruynvwbzbngenbwxsygv/Build/Intermediates.noindex/mlx-swift.build/Debug-iphonesimulator/Cmlx.build/Objects-normal/arm64/82b82416624d2658e5098eb0a28c15c5-common-args.resp -MMD -MT dependencies -MF /Users/jamesalford/Library/Developer/Xcode/DerivedData/NotedCore-ftviuoyqruynvwbzbngenbwxsygv/Build/Intermediates.noindex/mlx-swift.build/Debug-iphonesimulator/Cmlx.build/Objects-normal/arm64/hadamard-a2896139be2d55f67a5d7529ab03ce08.d --serialize-diagnostics /Users/jamesalford/Library/Developer/Xcode/DerivedData/NotedCore-ftviuoyqruynvwbzbngenbwxsygv/Build/Intermediates.noindex/mlx-swift.build/Debug-iphonesimulator/Cmlx.build/Objects-normal/arm64/hadamard-a2896139be2d55f67a5d7529ab03ce08.dia -c /Users/jamesalford/Library/Developer/Xcode/DerivedData/NotedCore-ftviuoyqruynvwbzbngenbwxsygv/SourcePackages/checkouts/mlx-swift/Source/Cmlx/mlx/mlx/backend/metal/hadamard.cpp -o /Users/jamesalford/Library/Developer/Xcode/DerivedData/NotedCore-ftviuoyqruynvwbzbngenbwxsygv/Build/Intermediates.noindex/mlx-swift.build/Debug-iphonesimulator/Cmlx.build/Objects-normal/arm64/hadamard-a2896139be2d55f67a5d7529ab03ce08.o -index-unit-output-path /mlx-swift.build/Debug-iphonesimulator/Cmlx.build/Objects-normal/arm64/hadamard-a2896139be2d55f67a5d7529ab03ce08.o

CompileC /Users/jamesalford/Library/Developer/Xcode/DerivedData/NotedCore-ftviuoyqruynvwbzbngenbwxsygv/Build/Intermediates.noindex/mlx-swift.build/Debug-iphonesimulator/Cmlx.build/Objects-normal/arm64/hadamard-a1ed3b963d2046c037936f5de28d16f9.o /Users/jamesalford/Library/Developer/Xcode/DerivedData/NotedCore-ftviuoyqruynvwbzbngenbwxsygv/SourcePackages/checkouts/mlx-swift/Source/Cmlx/mlx/mlx/backend/cpu/hadamard.cpp normal arm64 c++ com.apple.compilers.llvm.clang.1_0.compiler (in target 'Cmlx' from project 'mlx-swift')
    cd /Users/jamesalford/Documents/NotedCore/NotedCore.xcodeproj
    
    Using response file: /Users/jamesalford/Library/Developer/Xcode/DerivedData/NotedCore-ftviuoyqruynvwbzbngenbwxsygv/Build/Intermediates.noindex/mlx-swift.build/Debug-iphonesimulator/Cmlx.build/Objects-normal/arm64/82b82416624d2658e5098eb0a28c15c5-common-args.resp
    
    /Applications/Xcode.app/Contents/Developer/Toolchains/XcodeDefault.xctoolchain/usr/bin/clang -x c++ -ivfsstatcache /Users/jamesalford/Library/Developer/Xcode/DerivedData/SDKStatCaches.noindex/iphonesimulator26.0-23A339-3885c01c3e6b6a337905948deab2002e26257891a6c027eb51374368541b8346.sdkstatcache -fmessage-length\=0 -fdiagnostics-show-note-include-stack -fmacro-backtrace-limit\=0 -fno-color-diagnostics -fmodules-prune-interval\=86400 -fmodules-prune-after\=345600 -fbuild-session-file\=/Users/jamesalford/Library/Developer/Xcode/DerivedData/ModuleCache.noindex/Session.modulevalidation -fmodules-validate-once-per-build-session -Wnon-modular-include-in-framework-module -Werror\=non-modular-include-in-framework-module -Wno-trigraphs -Wno-missing-field-initializers -Wno-missing-prototypes -Wno-return-type -Wno-non-virtual-dtor -Wno-overloaded-virtual -Wno-exit-time-destructors -Wno-missing-braces -Wparentheses -Wswitch -Wno-unused-function -Wno-unused-label -Wno-unused-parameter -Wno-unused-variable -Wunused-value -Wno-empty-body -Wno-uninitialized -Wno-unknown-pragmas -w -Wno-shadow -Wno-four-char-constants -Wno-conversion -Wno-constant-conversion -Wno-int-conversion -Wno-bool-conversion -Wno-enum-conversion -Wno-float-conversion -Wno-non-literal-null-conversion -Wno-objc-literal-conversion -Wshorten-64-to-32 -Wno-newline-eof -Wno-c++11-extensions -Wno-implicit-fallthrough -fstrict-aliasing -Wdeprecated-declarations -Winvalid-offsetof -Wno-sign-conversion -Wno-infinite-recursion -Wno-move -Wno-comma -Wno-block-capture-autoreleasing -Wno-strict-prototypes -Wno-range-loop-analysis -Wno-semicolon-before-method-body -index-store-path /Users/jamesalford/Library/Developer/Xcode/DerivedData/NotedCore-ftviuoyqruynvwbzbngenbwxsygv/Index.noindex/DataStore @/Users/jamesalford/Library/Developer/Xcode/DerivedData/NotedCore-ftviuoyqruynvwbzbngenbwxsygv/Build/Intermediates.noindex/mlx-swift.build/Debug-iphonesimulator/Cmlx.build/Objects-normal/arm64/82b82416624d2658e5098eb0a28c15c5-common-args.resp -MMD -MT dependencies -MF /Users/jamesalford/Library/Developer/Xcode/DerivedData/NotedCore-ftviuoyqruynvwbzbngenbwxsygv/Build/Intermediates.noindex/mlx-swift.build/Debug-iphonesimulator/Cmlx.build/Objects-normal/arm64/hadamard-a1ed3b963d2046c037936f5de28d16f9.d --serialize-diagnostics /Users/jamesalford/Library/Developer/Xcode/DerivedData/NotedCore-ftviuoyqruynvwbzbngenbwxsygv/Build/Intermediates.noindex/mlx-swift.build/Debug-iphonesimulator/Cmlx.build/Objects-normal/arm64/hadamard-a1ed3b963d2046c037936f5de28d16f9.dia -c /Users/jamesalford/Library/Developer/Xcode/DerivedData/NotedCore-ftviuoyqruynvwbzbngenbwxsygv/SourcePackages/checkouts/mlx-swift/Source/Cmlx/mlx/mlx/backend/cpu/hadamard.cpp -o /Users/jamesalford/Library/Developer/Xcode/DerivedData/NotedCore-ftviuoyqruynvwbzbngenbwxsygv/Build/Intermediates.noindex/mlx-swift.build/Debug-iphonesimulator/Cmlx.build/Objects-normal/arm64/hadamard-a1ed3b963d2046c037936f5de28d16f9.o -index-unit-output-path /mlx-swift.build/Debug-iphonesimulator/Cmlx.build/Objects-normal/arm64/hadamard-a1ed3b963d2046c037936f5de28d16f9.o

CompileC /Users/jamesalford/Library/Developer/Xcode/DerivedData/NotedCore-ftviuoyqruynvwbzbngenbwxsygv/Build/Intermediates.noindex/mlx-swift.build/Debug-iphonesimulator/Cmlx.build/Objects-normal/arm64/graph_utils.o /Users/jamesalford/Library/Developer/Xcode/DerivedData/NotedCore-ftviuoyqruynvwbzbngenbwxsygv/SourcePackages/checkouts/mlx-swift/Source/Cmlx/mlx/mlx/graph_utils.cpp normal arm64 c++ com.apple.compilers.llvm.clang.1_0.compiler (in target 'Cmlx' from project 'mlx-swift')
    cd /Users/jamesalford/Documents/NotedCore/NotedCore.xcodeproj
    
    Using response file: /Users/jamesalford/Library/Developer/Xcode/DerivedData/NotedCore-ftviuoyqruynvwbzbngenbwxsygv/Build/Intermediates.noindex/mlx-swift.build/Debug-iphonesimulator/Cmlx.build/Objects-normal/arm64/82b82416624d2658e5098eb0a28c15c5-common-args.resp
    
    /Applications/Xcode.app/Contents/Developer/Toolchains/XcodeDefault.xctoolchain/usr/bin/clang -x c++ -ivfsstatcache /Users/jamesalford/Library/Developer/Xcode/DerivedData/SDKStatCaches.noindex/iphonesimulator26.0-23A339-3885c01c3e6b6a337905948deab2002e26257891a6c027eb51374368541b8346.sdkstatcache -fmessage-length\=0 -fdiagnostics-show-note-include-stack -fmacro-backtrace-limit\=0 -fno-color-diagnostics -fmodules-prune-interval\=86400 -fmodules-prune-after\=345600 -fbuild-session-file\=/Users/jamesalford/Library/Developer/Xcode/DerivedData/ModuleCache.noindex/Session.modulevalidation -fmodules-validate-once-per-build-session -Wnon-modular-include-in-framework-module -Werror\=non-modular-include-in-framework-module -Wno-trigraphs -Wno-missing-field-initializers -Wno-missing-prototypes -Wno-return-type -Wno-non-virtual-dtor -Wno-overloaded-virtual -Wno-exit-time-destructors -Wno-missing-braces -Wparentheses -Wswitch -Wno-unused-function -Wno-unused-label -Wno-unused-parameter -Wno-unused-variable -Wunused-value -Wno-empty-body -Wno-uninitialized -Wno-unknown-pragmas -w -Wno-shadow -Wno-four-char-constants -Wno-conversion -Wno-constant-conversion -Wno-int-conversion -Wno-bool-conversion -Wno-enum-conversion -Wno-float-conversion -Wno-non-literal-null-conversion -Wno-objc-literal-conversion -Wshorten-64-to-32 -Wno-newline-eof -Wno-c++11-extensions -Wno-implicit-fallthrough -fstrict-aliasing -Wdeprecated-declarations -Winvalid-offsetof -Wno-sign-conversion -Wno-infinite-recursion -Wno-move -Wno-comma -Wno-block-capture-autoreleasing -Wno-strict-prototypes -Wno-range-loop-analysis -Wno-semicolon-before-method-body -index-store-path /Users/jamesalford/Library/Developer/Xcode/DerivedData/NotedCore-ftviuoyqruynvwbzbngenbwxsygv/Index.noindex/DataStore @/Users/jamesalford/Library/Developer/Xcode/DerivedData/NotedCore-ftviuoyqruynvwbzbngenbwxsygv/Build/Intermediates.noindex/mlx-swift.build/Debug-iphonesimulator/Cmlx.build/Objects-normal/arm64/82b82416624d2658e5098eb0a28c15c5-common-args.resp -MMD -MT dependencies -MF /Users/jamesalford/Library/Developer/Xcode/DerivedData/NotedCore-ftviuoyqruynvwbzbngenbwxsygv/Build/Intermediates.noindex/mlx-swift.build/Debug-iphonesimulator/Cmlx.build/Objects-normal/arm64/graph_utils.d --serialize-diagnostics /Users/jamesalford/Library/Developer/Xcode/DerivedData/NotedCore-ftviuoyqruynvwbzbngenbwxsygv/Build/Intermediates.noindex/mlx-swift.build/Debug-iphonesimulator/Cmlx.build/Objects-normal/arm64/graph_utils.dia -c /Users/jamesalford/Library/Developer/Xcode/DerivedData/NotedCore-ftviuoyqruynvwbzbngenbwxsygv/SourcePackages/checkouts/mlx-swift/Source/Cmlx/mlx/mlx/graph_utils.cpp -o /Users/jamesalford/Library/Developer/Xcode/DerivedData/NotedCore-ftviuoyqruynvwbzbngenbwxsygv/Build/Intermediates.noindex/mlx-swift.build/Debug-iphonesimulator/Cmlx.build/Objects-normal/arm64/graph_utils.o -index-unit-output-path /mlx-swift.build/Debug-iphonesimulator/Cmlx.build/Objects-normal/arm64/graph_utils.o

CompileC /Users/jamesalford/Library/Developer/Xcode/DerivedData/NotedCore-ftviuoyqruynvwbzbngenbwxsygv/Build/Intermediates.noindex/mlx-swift.build/Debug-iphonesimulator/Cmlx.build/Objects-normal/arm64/gemv_masked.o /Users/jamesalford/Library/Developer/Xcode/DerivedData/NotedCore-ftviuoyqruynvwbzbngenbwxsygv/SourcePackages/checkouts/mlx-swift/Source/Cmlx/mlx-generated/gemv_masked.cpp normal arm64 c++ com.apple.compilers.llvm.clang.1_0.compiler (in target 'Cmlx' from project 'mlx-swift')
    cd /Users/jamesalford/Documents/NotedCore/NotedCore.xcodeproj
    
    Using response file: /Users/jamesalford/Library/Developer/Xcode/DerivedData/NotedCore-ftviuoyqruynvwbzbngenbwxsygv/Build/Intermediates.noindex/mlx-swift.build/Debug-iphonesimulator/Cmlx.build/Objects-normal/arm64/82b82416624d2658e5098eb0a28c15c5-common-args.resp
    
    /Applications/Xcode.app/Contents/Developer/Toolchains/XcodeDefault.xctoolchain/usr/bin/clang -x c++ -ivfsstatcache /Users/jamesalford/Library/Developer/Xcode/DerivedData/SDKStatCaches.noindex/iphonesimulator26.0-23A339-3885c01c3e6b6a337905948deab2002e26257891a6c027eb51374368541b8346.sdkstatcache -fmessage-length\=0 -fdiagnostics-show-note-include-stack -fmacro-backtrace-limit\=0 -fno-color-diagnostics -fmodules-prune-interval\=86400 -fmodules-prune-after\=345600 -fbuild-session-file\=/Users/jamesalford/Library/Developer/Xcode/DerivedData/ModuleCache.noindex/Session.modulevalidation -fmodules-validate-once-per-build-session -Wnon-modular-include-in-framework-module -Werror\=non-modular-include-in-framework-module -Wno-trigraphs -Wno-missing-field-initializers -Wno-missing-prototypes -Wno-return-type -Wno-non-virtual-dtor -Wno-overloaded-virtual -Wno-exit-time-destructors -Wno-missing-braces -Wparentheses -Wswitch -Wno-unused-function -Wno-unused-label -Wno-unused-parameter -Wno-unused-variable -Wunused-value -Wno-empty-body -Wno-uninitialized -Wno-unknown-pragmas -w -Wno-shadow -Wno-four-char-constants -Wno-conversion -Wno-constant-conversion -Wno-int-conversion -Wno-bool-conversion -Wno-enum-conversion -Wno-float-conversion -Wno-non-literal-null-conversion -Wno-objc-literal-conversion -Wshorten-64-to-32 -Wno-newline-eof -Wno-c++11-extensions -Wno-implicit-fallthrough -fstrict-aliasing -Wdeprecated-declarations -Winvalid-offsetof -Wno-sign-conversion -Wno-infinite-recursion -Wno-move -Wno-comma -Wno-block-capture-autoreleasing -Wno-strict-prototypes -Wno-range-loop-analysis -Wno-semicolon-before-method-body -index-store-path /Users/jamesalford/Library/Developer/Xcode/DerivedData/NotedCore-ftviuoyqruynvwbzbngenbwxsygv/Index.noindex/DataStore @/Users/jamesalford/Library/Developer/Xcode/DerivedData/NotedCore-ftviuoyqruynvwbzbngenbwxsygv/Build/Intermediates.noindex/mlx-swift.build/Debug-iphonesimulator/Cmlx.build/Objects-normal/arm64/82b82416624d2658e5098eb0a28c15c5-common-args.resp -MMD -MT dependencies -MF /Users/jamesalford/Library/Developer/Xcode/DerivedData/NotedCore-ftviuoyqruynvwbzbngenbwxsygv/Build/Intermediates.noindex/mlx-swift.build/Debug-iphonesimulator/Cmlx.build/Objects-normal/arm64/gemv_masked.d --serialize-diagnostics /Users/jamesalford/Library/Developer/Xcode/DerivedData/NotedCore-ftviuoyqruynvwbzbngenbwxsygv/Build/Intermediates.noindex/mlx-swift.build/Debug-iphonesimulator/Cmlx.build/Objects-normal/arm64/gemv_masked.dia -c /Users/jamesalford/Library/Developer/Xcode/DerivedData/NotedCore-ftviuoyqruynvwbzbngenbwxsygv/SourcePackages/checkouts/mlx-swift/Source/Cmlx/mlx-generated/gemv_masked.cpp -o /Users/jamesalford/Library/Developer/Xcode/DerivedData/NotedCore-ftviuoyqruynvwbzbngenbwxsygv/Build/Intermediates.noindex/mlx-swift.build/Debug-iphonesimulator/Cmlx.build/Objects-normal/arm64/gemv_masked.o -index-unit-output-path /mlx-swift.build/Debug-iphonesimulator/Cmlx.build/Objects-normal/arm64/gemv_masked.o

CompileC /Users/jamesalford/Library/Developer/Xcode/DerivedData/NotedCore-ftviuoyqruynvwbzbngenbwxsygv/Build/Intermediates.noindex/mlx-swift.build/Debug-iphonesimulator/Cmlx.build/Objects-normal/arm64/gemm.o /Users/jamesalford/Library/Developer/Xcode/DerivedData/NotedCore-ftviuoyqruynvwbzbngenbwxsygv/SourcePackages/checkouts/mlx-swift/Source/Cmlx/mlx-generated/gemm.cpp normal arm64 c++ com.apple.compilers.llvm.clang.1_0.compiler (in target 'Cmlx' from project 'mlx-swift')
    cd /Users/jamesalford/Documents/NotedCore/NotedCore.xcodeproj
    
    Using response file: /Users/jamesalford/Library/Developer/Xcode/DerivedData/NotedCore-ftviuoyqruynvwbzbngenbwxsygv/Build/Intermediates.noindex/mlx-swift.build/Debug-iphonesimulator/Cmlx.build/Objects-normal/arm64/82b82416624d2658e5098eb0a28c15c5-common-args.resp
    
    /Applications/Xcode.app/Contents/Developer/Toolchains/XcodeDefault.xctoolchain/usr/bin/clang -x c++ -ivfsstatcache /Users/jamesalford/Library/Developer/Xcode/DerivedData/SDKStatCaches.noindex/iphonesimulator26.0-23A339-3885c01c3e6b6a337905948deab2002e26257891a6c027eb51374368541b8346.sdkstatcache -fmessage-length\=0 -fdiagnostics-show-note-include-stack -fmacro-backtrace-limit\=0 -fno-color-diagnostics -fmodules-prune-interval\=86400 -fmodules-prune-after\=345600 -fbuild-session-file\=/Users/jamesalford/Library/Developer/Xcode/DerivedData/ModuleCache.noindex/Session.modulevalidation -fmodules-validate-once-per-build-session -Wnon-modular-include-in-framework-module -Werror\=non-modular-include-in-framework-module -Wno-trigraphs -Wno-missing-field-initializers -Wno-missing-prototypes -Wno-return-type -Wno-non-virtual-dtor -Wno-overloaded-virtual -Wno-exit-time-destructors -Wno-missing-braces -Wparentheses -Wswitch -Wno-unused-function -Wno-unused-label -Wno-unused-parameter -Wno-unused-variable -Wunused-value -Wno-empty-body -Wno-uninitialized -Wno-unknown-pragmas -w -Wno-shadow -Wno-four-char-constants -Wno-conversion -Wno-constant-conversion -Wno-int-conversion -Wno-bool-conversion -Wno-enum-conversion -Wno-float-conversion -Wno-non-literal-null-conversion -Wno-objc-literal-conversion -Wshorten-64-to-32 -Wno-newline-eof -Wno-c++11-extensions -Wno-implicit-fallthrough -fstrict-aliasing -Wdeprecated-declarations -Winvalid-offsetof -Wno-sign-conversion -Wno-infinite-recursion -Wno-move -Wno-comma -Wno-block-capture-autoreleasing -Wno-strict-prototypes -Wno-range-loop-analysis -Wno-semicolon-before-method-body -index-store-path /Users/jamesalford/Library/Developer/Xcode/DerivedData/NotedCore-ftviuoyqruynvwbzbngenbwxsygv/Index.noindex/DataStore @/Users/jamesalford/Library/Developer/Xcode/DerivedData/NotedCore-ftviuoyqruynvwbzbngenbwxsygv/Build/Intermediates.noindex/mlx-swift.build/Debug-iphonesimulator/Cmlx.build/Objects-normal/arm64/82b82416624d2658e5098eb0a28c15c5-common-args.resp -MMD -MT dependencies -MF /Users/jamesalford/Library/Developer/Xcode/DerivedData/NotedCore-ftviuoyqruynvwbzbngenbwxsygv/Build/Intermediates.noindex/mlx-swift.build/Debug-iphonesimulator/Cmlx.build/Objects-normal/arm64/gemm.d --serialize-diagnostics /Users/jamesalford/Library/Developer/Xcode/DerivedData/NotedCore-ftviuoyqruynvwbzbngenbwxsygv/Build/Intermediates.noindex/mlx-swift.build/Debug-iphonesimulator/Cmlx.build/Objects-normal/arm64/gemm.dia -c /Users/jamesalford/Library/Developer/Xcode/DerivedData/NotedCore-ftviuoyqruynvwbzbngenbwxsygv/SourcePackages/checkouts/mlx-swift/Source/Cmlx/mlx-generated/gemm.cpp -o /Users/jamesalford/Library/Developer/Xcode/DerivedData/NotedCore-ftviuoyqruynvwbzbngenbwxsygv/Build/Intermediates.noindex/mlx-swift.build/Debug-iphonesimulator/Cmlx.build/Objects-normal/arm64/gemm.o -index-unit-output-path /mlx-swift.build/Debug-iphonesimulator/Cmlx.build/Objects-normal/arm64/gemm.o

CompileC /Users/jamesalford/Library/Developer/Xcode/DerivedData/NotedCore-ftviuoyqruynvwbzbngenbwxsygv/Build/Intermediates.noindex/mlx-swift.build/Debug-iphonesimulator/Cmlx.build/Objects-normal/arm64/gather_axis.o /Users/jamesalford/Library/Developer/Xcode/DerivedData/NotedCore-ftviuoyqruynvwbzbngenbwxsygv/SourcePackages/checkouts/mlx-swift/Source/Cmlx/mlx-generated/gather_axis.cpp normal arm64 c++ com.apple.compilers.llvm.clang.1_0.compiler (in target 'Cmlx' from project 'mlx-swift')
    cd /Users/jamesalford/Documents/NotedCore/NotedCore.xcodeproj
    
    Using response file: /Users/jamesalford/Library/Developer/Xcode/DerivedData/NotedCore-ftviuoyqruynvwbzbngenbwxsygv/Build/Intermediates.noindex/mlx-swift.build/Debug-iphonesimulator/Cmlx.build/Objects-normal/arm64/82b82416624d2658e5098eb0a28c15c5-common-args.resp
    
    /Applications/Xcode.app/Contents/Developer/Toolchains/XcodeDefault.xctoolchain/usr/bin/clang -x c++ -ivfsstatcache /Users/jamesalford/Library/Developer/Xcode/DerivedData/SDKStatCaches.noindex/iphonesimulator26.0-23A339-3885c01c3e6b6a337905948deab2002e26257891a6c027eb51374368541b8346.sdkstatcache -fmessage-length\=0 -fdiagnostics-show-note-include-stack -fmacro-backtrace-limit\=0 -fno-color-diagnostics -fmodules-prune-interval\=86400 -fmodules-prune-after\=345600 -fbuild-session-file\=/Users/jamesalford/Library/Developer/Xcode/DerivedData/ModuleCache.noindex/Session.modulevalidation -fmodules-validate-once-per-build-session -Wnon-modular-include-in-framework-module -Werror\=non-modular-include-in-framework-module -Wno-trigraphs -Wno-missing-field-initializers -Wno-missing-prototypes -Wno-return-type -Wno-non-virtual-dtor -Wno-overloaded-virtual -Wno-exit-time-destructors -Wno-missing-braces -Wparentheses -Wswitch -Wno-unused-function -Wno-unused-label -Wno-unused-parameter -Wno-unused-variable -Wunused-value -Wno-empty-body -Wno-uninitialized -Wno-unknown-pragmas -w -Wno-shadow -Wno-four-char-constants -Wno-conversion -Wno-constant-conversion -Wno-int-conversion -Wno-bool-conversion -Wno-enum-conversion -Wno-float-conversion -Wno-non-literal-null-conversion -Wno-objc-literal-conversion -Wshorten-64-to-32 -Wno-newline-eof -Wno-c++11-extensions -Wno-implicit-fallthrough -fstrict-aliasing -Wdeprecated-declarations -Winvalid-offsetof -Wno-sign-conversion -Wno-infinite-recursion -Wno-move -Wno-comma -Wno-block-capture-autoreleasing -Wno-strict-prototypes -Wno-range-loop-analysis -Wno-semicolon-before-method-body -index-store-path /Users/jamesalford/Library/Developer/Xcode/DerivedData/NotedCore-ftviuoyqruynvwbzbngenbwxsygv/Index.noindex/DataStore @/Users/jamesalford/Library/Developer/Xcode/DerivedData/NotedCore-ftviuoyqruynvwbzbngenbwxsygv/Build/Intermediates.noindex/mlx-swift.build/Debug-iphonesimulator/Cmlx.build/Objects-normal/arm64/82b82416624d2658e5098eb0a28c15c5-common-args.resp -MMD -MT dependencies -MF /Users/jamesalford/Library/Developer/Xcode/DerivedData/NotedCore-ftviuoyqruynvwbzbngenbwxsygv/Build/Intermediates.noindex/mlx-swift.build/Debug-iphonesimulator/Cmlx.build/Objects-normal/arm64/gather_axis.d --serialize-diagnostics /Users/jamesalford/Library/Developer/Xcode/DerivedData/NotedCore-ftviuoyqruynvwbzbngenbwxsygv/Build/Intermediates.noindex/mlx-swift.build/Debug-iphonesimulator/Cmlx.build/Objects-normal/arm64/gather_axis.dia -c /Users/jamesalford/Library/Developer/Xcode/DerivedData/NotedCore-ftviuoyqruynvwbzbngenbwxsygv/SourcePackages/checkouts/mlx-swift/Source/Cmlx/mlx-generated/gather_axis.cpp -o /Users/jamesalford/Library/Developer/Xcode/DerivedData/NotedCore-ftviuoyqruynvwbzbngenbwxsygv/Build/Intermediates.noindex/mlx-swift.build/Debug-iphonesimulator/Cmlx.build/Objects-normal/arm64/gather_axis.o -index-unit-output-path /mlx-swift.build/Debug-iphonesimulator/Cmlx.build/Objects-normal/arm64/gather_axis.o

CompileC /Users/jamesalford/Library/Developer/Xcode/DerivedData/NotedCore-ftviuoyqruynvwbzbngenbwxsygv/Build/Intermediates.noindex/mlx-swift.build/Debug-iphonesimulator/Cmlx.build/Objects-normal/arm64/gather.o /Users/jamesalford/Library/Developer/Xcode/DerivedData/NotedCore-ftviuoyqruynvwbzbngenbwxsygv/SourcePackages/checkouts/mlx-swift/Source/Cmlx/mlx-generated/gather.cpp normal arm64 c++ com.apple.compilers.llvm.clang.1_0.compiler (in target 'Cmlx' from project 'mlx-swift')
    cd /Users/jamesalford/Documents/NotedCore/NotedCore.xcodeproj
    
    Using response file: /Users/jamesalford/Library/Developer/Xcode/DerivedData/NotedCore-ftviuoyqruynvwbzbngenbwxsygv/Build/Intermediates.noindex/mlx-swift.build/Debug-iphonesimulator/Cmlx.build/Objects-normal/arm64/82b82416624d2658e5098eb0a28c15c5-common-args.resp
    
    /Applications/Xcode.app/Contents/Developer/Toolchains/XcodeDefault.xctoolchain/usr/bin/clang -x c++ -ivfsstatcache /Users/jamesalford/Library/Developer/Xcode/DerivedData/SDKStatCaches.noindex/iphonesimulator26.0-23A339-3885c01c3e6b6a337905948deab2002e26257891a6c027eb51374368541b8346.sdkstatcache -fmessage-length\=0 -fdiagnostics-show-note-include-stack -fmacro-backtrace-limit\=0 -fno-color-diagnostics -fmodules-prune-interval\=86400 -fmodules-prune-after\=345600 -fbuild-session-file\=/Users/jamesalford/Library/Developer/Xcode/DerivedData/ModuleCache.noindex/Session.modulevalidation -fmodules-validate-once-per-build-session -Wnon-modular-include-in-framework-module -Werror\=non-modular-include-in-framework-module -Wno-trigraphs -Wno-missing-field-initializers -Wno-missing-prototypes -Wno-return-type -Wno-non-virtual-dtor -Wno-overloaded-virtual -Wno-exit-time-destructors -Wno-missing-braces -Wparentheses -Wswitch -Wno-unused-function -Wno-unused-label -Wno-unused-parameter -Wno-unused-variable -Wunused-value -Wno-empty-body -Wno-uninitialized -Wno-unknown-pragmas -w -Wno-shadow -Wno-four-char-constants -Wno-conversion -Wno-constant-conversion -Wno-int-conversion -Wno-bool-conversion -Wno-enum-conversion -Wno-float-conversion -Wno-non-literal-null-conversion -Wno-objc-literal-conversion -Wshorten-64-to-32 -Wno-newline-eof -Wno-c++11-extensions -Wno-implicit-fallthrough -fstrict-aliasing -Wdeprecated-declarations -Winvalid-offsetof -Wno-sign-conversion -Wno-infinite-recursion -Wno-move -Wno-comma -Wno-block-capture-autoreleasing -Wno-strict-prototypes -Wno-range-loop-analysis -Wno-semicolon-before-method-body -index-store-path /Users/jamesalford/Library/Developer/Xcode/DerivedData/NotedCore-ftviuoyqruynvwbzbngenbwxsygv/Index.noindex/DataStore @/Users/jamesalford/Library/Developer/Xcode/DerivedData/NotedCore-ftviuoyqruynvwbzbngenbwxsygv/Build/Intermediates.noindex/mlx-swift.build/Debug-iphonesimulator/Cmlx.build/Objects-normal/arm64/82b82416624d2658e5098eb0a28c15c5-common-args.resp -MMD -MT dependencies -MF /Users/jamesalford/Library/Developer/Xcode/DerivedData/NotedCore-ftviuoyqruynvwbzbngenbwxsygv/Build/Intermediates.noindex/mlx-swift.build/Debug-iphonesimulator/Cmlx.build/Objects-normal/arm64/gather.d --serialize-diagnostics /Users/jamesalford/Library/Developer/Xcode/DerivedData/NotedCore-ftviuoyqruynvwbzbngenbwxsygv/Build/Intermediates.noindex/mlx-swift.build/Debug-iphonesimulator/Cmlx.build/Objects-normal/arm64/gather.dia -c /Users/jamesalford/Library/Developer/Xcode/DerivedData/NotedCore-ftviuoyqruynvwbzbngenbwxsygv/SourcePackages/checkouts/mlx-swift/Source/Cmlx/mlx-generated/gather.cpp -o /Users/jamesalford/Library/Developer/Xcode/DerivedData/NotedCore-ftviuoyqruynvwbzbngenbwxsygv/Build/Intermediates.noindex/mlx-swift.build/Debug-iphonesimulator/Cmlx.build/Objects-normal/arm64/gather.o -index-unit-output-path /mlx-swift.build/Debug-iphonesimulator/Cmlx.build/Objects-normal/arm64/gather.o

CompileC /Users/jamesalford/Library/Developer/Xcode/DerivedData/NotedCore-ftviuoyqruynvwbzbngenbwxsygv/Build/Intermediates.noindex/mlx-swift.build/Debug-iphonesimulator/Cmlx.build/Objects-normal/arm64/format.o /Users/jamesalford/Library/Developer/Xcode/DerivedData/NotedCore-ftviuoyqruynvwbzbngenbwxsygv/SourcePackages/checkouts/mlx-swift/Source/Cmlx/fmt/src/format.cc normal arm64 c++ com.apple.compilers.llvm.clang.1_0.compiler (in target 'Cmlx' from project 'mlx-swift')
    cd /Users/jamesalford/Documents/NotedCore/NotedCore.xcodeproj
    
    Using response file: /Users/jamesalford/Library/Developer/Xcode/DerivedData/NotedCore-ftviuoyqruynvwbzbngenbwxsygv/Build/Intermediates.noindex/mlx-swift.build/Debug-iphonesimulator/Cmlx.build/Objects-normal/arm64/82b82416624d2658e5098eb0a28c15c5-common-args.resp
    
    /Applications/Xcode.app/Contents/Developer/Toolchains/XcodeDefault.xctoolchain/usr/bin/clang -x c++ -ivfsstatcache /Users/jamesalford/Library/Developer/Xcode/DerivedData/SDKStatCaches.noindex/iphonesimulator26.0-23A339-3885c01c3e6b6a337905948deab2002e26257891a6c027eb51374368541b8346.sdkstatcache -fmessage-length\=0 -fdiagnostics-show-note-include-stack -fmacro-backtrace-limit\=0 -fno-color-diagnostics -fmodules-prune-interval\=86400 -fmodules-prune-after\=345600 -fbuild-session-file\=/Users/jamesalford/Library/Developer/Xcode/DerivedData/ModuleCache.noindex/Session.modulevalidation -fmodules-validate-once-per-build-session -Wnon-modular-include-in-framework-module -Werror\=non-modular-include-in-framework-module -Wno-trigraphs -Wno-missing-field-initializers -Wno-missing-prototypes -Wno-return-type -Wno-non-virtual-dtor -Wno-overloaded-virtual -Wno-exit-time-destructors -Wno-missing-braces -Wparentheses -Wswitch -Wno-unused-function -Wno-unused-label -Wno-unused-parameter -Wno-unused-variable -Wunused-value -Wno-empty-body -Wno-uninitialized -Wno-unknown-pragmas -w -Wno-shadow -Wno-four-char-constants -Wno-conversion -Wno-constant-conversion -Wno-int-conversion -Wno-bool-conversion -Wno-enum-conversion -Wno-float-conversion -Wno-non-literal-null-conversion -Wno-objc-literal-conversion -Wshorten-64-to-32 -Wno-newline-eof -Wno-c++11-extensions -Wno-implicit-fallthrough -fstrict-aliasing -Wdeprecated-declarations -Winvalid-offsetof -Wno-sign-conversion -Wno-infinite-recursion -Wno-move -Wno-comma -Wno-block-capture-autoreleasing -Wno-strict-prototypes -Wno-range-loop-analysis -Wno-semicolon-before-method-body -index-store-path /Users/jamesalford/Library/Developer/Xcode/DerivedData/NotedCore-ftviuoyqruynvwbzbngenbwxsygv/Index.noindex/DataStore @/Users/jamesalford/Library/Developer/Xcode/DerivedData/NotedCore-ftviuoyqruynvwbzbngenbwxsygv/Build/Intermediates.noindex/mlx-swift.build/Debug-iphonesimulator/Cmlx.build/Objects-normal/arm64/82b82416624d2658e5098eb0a28c15c5-common-args.resp -MMD -MT dependencies -MF /Users/jamesalford/Library/Developer/Xcode/DerivedData/NotedCore-ftviuoyqruynvwbzbngenbwxsygv/Build/Intermediates.noindex/mlx-swift.build/Debug-iphonesimulator/Cmlx.build/Objects-normal/arm64/format.d --serialize-diagnostics /Users/jamesalford/Library/Developer/Xcode/DerivedData/NotedCore-ftviuoyqruynvwbzbngenbwxsygv/Build/Intermediates.noindex/mlx-swift.build/Debug-iphonesimulator/Cmlx.build/Objects-normal/arm64/format.dia -c /Users/jamesalford/Library/Developer/Xcode/DerivedData/NotedCore-ftviuoyqruynvwbzbngenbwxsygv/SourcePackages/checkouts/mlx-swift/Source/Cmlx/fmt/src/format.cc -o /Users/jamesalford/Library/Developer/Xcode/DerivedData/NotedCore-ftviuoyqruynvwbzbngenbwxsygv/Build/Intermediates.noindex/mlx-swift.build/Debug-iphonesimulator/Cmlx.build/Objects-normal/arm64/format.o -index-unit-output-path /mlx-swift.build/Debug-iphonesimulator/Cmlx.build/Objects-normal/arm64/format.o

CompileC /Users/jamesalford/Library/Developer/Xcode/DerivedData/NotedCore-ftviuoyqruynvwbzbngenbwxsygv/Build/Intermediates.noindex/mlx-swift.build/Debug-iphonesimulator/Cmlx.build/Objects-normal/arm64/fft-fac44b262a0163a6faccd0d06188c762.o /Users/jamesalford/Library/Developer/Xcode/DerivedData/NotedCore-ftviuoyqruynvwbzbngenbwxsygv/SourcePackages/checkouts/mlx-swift/Source/Cmlx/mlx/mlx/backend/metal/fft.cpp normal arm64 c++ com.apple.compilers.llvm.clang.1_0.compiler (in target 'Cmlx' from project 'mlx-swift')
    cd /Users/jamesalford/Documents/NotedCore/NotedCore.xcodeproj
    
    Using response file: /Users/jamesalford/Library/Developer/Xcode/DerivedData/NotedCore-ftviuoyqruynvwbzbngenbwxsygv/Build/Intermediates.noindex/mlx-swift.build/Debug-iphonesimulator/Cmlx.build/Objects-normal/arm64/82b82416624d2658e5098eb0a28c15c5-common-args.resp
    
    /Applications/Xcode.app/Contents/Developer/Toolchains/XcodeDefault.xctoolchain/usr/bin/clang -x c++ -ivfsstatcache /Users/jamesalford/Library/Developer/Xcode/DerivedData/SDKStatCaches.noindex/iphonesimulator26.0-23A339-3885c01c3e6b6a337905948deab2002e26257891a6c027eb51374368541b8346.sdkstatcache -fmessage-length\=0 -fdiagnostics-show-note-include-stack -fmacro-backtrace-limit\=0 -fno-color-diagnostics -fmodules-prune-interval\=86400 -fmodules-prune-after\=345600 -fbuild-session-file\=/Users/jamesalford/Library/Developer/Xcode/DerivedData/ModuleCache.noindex/Session.modulevalidation -fmodules-validate-once-per-build-session -Wnon-modular-include-in-framework-module -Werror\=non-modular-include-in-framework-module -Wno-trigraphs -Wno-missing-field-initializers -Wno-missing-prototypes -Wno-return-type -Wno-non-virtual-dtor -Wno-overloaded-virtual -Wno-exit-time-destructors -Wno-missing-braces -Wparentheses -Wswitch -Wno-unused-function -Wno-unused-label -Wno-unused-parameter -Wno-unused-variable -Wunused-value -Wno-empty-body -Wno-uninitialized -Wno-unknown-pragmas -w -Wno-shadow -Wno-four-char-constants -Wno-conversion -Wno-constant-conversion -Wno-int-conversion -Wno-bool-conversion -Wno-enum-conversion -Wno-float-conversion -Wno-non-literal-null-conversion -Wno-objc-literal-conversion -Wshorten-64-to-32 -Wno-newline-eof -Wno-c++11-extensions -Wno-implicit-fallthrough -fstrict-aliasing -Wdeprecated-declarations -Winvalid-offsetof -Wno-sign-conversion -Wno-infinite-recursion -Wno-move -Wno-comma -Wno-block-capture-autoreleasing -Wno-strict-prototypes -Wno-range-loop-analysis -Wno-semicolon-before-method-body -index-store-path /Users/jamesalford/Library/Developer/Xcode/DerivedData/NotedCore-ftviuoyqruynvwbzbngenbwxsygv/Index.noindex/DataStore @/Users/jamesalford/Library/Developer/Xcode/DerivedData/NotedCore-ftviuoyqruynvwbzbngenbwxsygv/Build/Intermediates.noindex/mlx-swift.build/Debug-iphonesimulator/Cmlx.build/Objects-normal/arm64/82b82416624d2658e5098eb0a28c15c5-common-args.resp -MMD -MT dependencies -MF /Users/jamesalford/Library/Developer/Xcode/DerivedData/NotedCore-ftviuoyqruynvwbzbngenbwxsygv/Build/Intermediates.noindex/mlx-swift.build/Debug-iphonesimulator/Cmlx.build/Objects-normal/arm64/fft-fac44b262a0163a6faccd0d06188c762.d --serialize-diagnostics /Users/jamesalford/Library/Developer/Xcode/DerivedData/NotedCore-ftviuoyqruynvwbzbngenbwxsygv/Build/Intermediates.noindex/mlx-swift.build/Debug-iphonesimulator/Cmlx.build/Objects-normal/arm64/fft-fac44b262a0163a6faccd0d06188c762.dia -c /Users/jamesalford/Library/Developer/Xcode/DerivedData/NotedCore-ftviuoyqruynvwbzbngenbwxsygv/SourcePackages/checkouts/mlx-swift/Source/Cmlx/mlx/mlx/backend/metal/fft.cpp -o /Users/jamesalford/Library/Developer/Xcode/DerivedData/NotedCore-ftviuoyqruynvwbzbngenbwxsygv/Build/Intermediates.noindex/mlx-swift.build/Debug-iphonesimulator/Cmlx.build/Objects-normal/arm64/fft-fac44b262a0163a6faccd0d06188c762.o -index-unit-output-path /mlx-swift.build/Debug-iphonesimulator/Cmlx.build/Objects-normal/arm64/fft-fac44b262a0163a6faccd0d06188c762.o

CompileC /Users/jamesalford/Library/Developer/Xcode/DerivedData/NotedCore-ftviuoyqruynvwbzbngenbwxsygv/Build/Intermediates.noindex/mlx-swift.build/Debug-iphonesimulator/Cmlx.build/Objects-normal/arm64/fft-a218a7bb796e83bcdb4163748a28afae.o /Users/jamesalford/Library/Developer/Xcode/DerivedData/NotedCore-ftviuoyqruynvwbzbngenbwxsygv/SourcePackages/checkouts/mlx-swift/Source/Cmlx/mlx-generated/fft.cpp normal arm64 c++ com.apple.compilers.llvm.clang.1_0.compiler (in target 'Cmlx' from project 'mlx-swift')
    cd /Users/jamesalford/Documents/NotedCore/NotedCore.xcodeproj
    
    Using response file: /Users/jamesalford/Library/Developer/Xcode/DerivedData/NotedCore-ftviuoyqruynvwbzbngenbwxsygv/Build/Intermediates.noindex/mlx-swift.build/Debug-iphonesimulator/Cmlx.build/Objects-normal/arm64/82b82416624d2658e5098eb0a28c15c5-common-args.resp
    
    /Applications/Xcode.app/Contents/Developer/Toolchains/XcodeDefault.xctoolchain/usr/bin/clang -x c++ -ivfsstatcache /Users/jamesalford/Library/Developer/Xcode/DerivedData/SDKStatCaches.noindex/iphonesimulator26.0-23A339-3885c01c3e6b6a337905948deab2002e26257891a6c027eb51374368541b8346.sdkstatcache -fmessage-length\=0 -fdiagnostics-show-note-include-stack -fmacro-backtrace-limit\=0 -fno-color-diagnostics -fmodules-prune-interval\=86400 -fmodules-prune-after\=345600 -fbuild-session-file\=/Users/jamesalford/Library/Developer/Xcode/DerivedData/ModuleCache.noindex/Session.modulevalidation -fmodules-validate-once-per-build-session -Wnon-modular-include-in-framework-module -Werror\=non-modular-include-in-framework-module -Wno-trigraphs -Wno-missing-field-initializers -Wno-missing-prototypes -Wno-return-type -Wno-non-virtual-dtor -Wno-overloaded-virtual -Wno-exit-time-destructors -Wno-missing-braces -Wparentheses -Wswitch -Wno-unused-function -Wno-unused-label -Wno-unused-parameter -Wno-unused-variable -Wunused-value -Wno-empty-body -Wno-uninitialized -Wno-unknown-pragmas -w -Wno-shadow -Wno-four-char-constants -Wno-conversion -Wno-constant-conversion -Wno-int-conversion -Wno-bool-conversion -Wno-enum-conversion -Wno-float-conversion -Wno-non-literal-null-conversion -Wno-objc-literal-conversion -Wshorten-64-to-32 -Wno-newline-eof -Wno-c++11-extensions -Wno-implicit-fallthrough -fstrict-aliasing -Wdeprecated-declarations -Winvalid-offsetof -Wno-sign-conversion -Wno-infinite-recursion -Wno-move -Wno-comma -Wno-block-capture-autoreleasing -Wno-strict-prototypes -Wno-range-loop-analysis -Wno-semicolon-before-method-body -index-store-path /Users/jamesalford/Library/Developer/Xcode/DerivedData/NotedCore-ftviuoyqruynvwbzbngenbwxsygv/Index.noindex/DataStore @/Users/jamesalford/Library/Developer/Xcode/DerivedData/NotedCore-ftviuoyqruynvwbzbngenbwxsygv/Build/Intermediates.noindex/mlx-swift.build/Debug-iphonesimulator/Cmlx.build/Objects-normal/arm64/82b82416624d2658e5098eb0a28c15c5-common-args.resp -MMD -MT dependencies -MF /Users/jamesalford/Library/Developer/Xcode/DerivedData/NotedCore-ftviuoyqruynvwbzbngenbwxsygv/Build/Intermediates.noindex/mlx-swift.build/Debug-iphonesimulator/Cmlx.build/Objects-normal/arm64/fft-a218a7bb796e83bcdb4163748a28afae.d --serialize-diagnostics /Users/jamesalford/Library/Developer/Xcode/DerivedData/NotedCore-ftviuoyqruynvwbzbngenbwxsygv/Build/Intermediates.noindex/mlx-swift.build/Debug-iphonesimulator/Cmlx.build/Objects-normal/arm64/fft-a218a7bb796e83bcdb4163748a28afae.dia -c /Users/jamesalford/Library/Developer/Xcode/DerivedData/NotedCore-ftviuoyqruynvwbzbngenbwxsygv/SourcePackages/checkouts/mlx-swift/Source/Cmlx/mlx-generated/fft.cpp -o /Users/jamesalford/Library/Developer/Xcode/DerivedData/NotedCore-ftviuoyqruynvwbzbngenbwxsygv/Build/Intermediates.noindex/mlx-swift.build/Debug-iphonesimulator/Cmlx.build/Objects-normal/arm64/fft-a218a7bb796e83bcdb4163748a28afae.o -index-unit-output-path /mlx-swift.build/Debug-iphonesimulator/Cmlx.build/Objects-normal/arm64/fft-a218a7bb796e83bcdb4163748a28afae.o

CompileC /Users/jamesalford/Library/Developer/Xcode/DerivedData/NotedCore-ftviuoyqruynvwbzbngenbwxsygv/Build/Intermediates.noindex/mlx-swift.build/Debug-iphonesimulator/Cmlx.build/Objects-normal/arm64/fft-90fc20a9a64b3dea12bfc1683930409e.o /Users/jamesalford/Library/Developer/Xcode/DerivedData/NotedCore-ftviuoyqruynvwbzbngenbwxsygv/SourcePackages/checkouts/mlx-swift/Source/Cmlx/mlx/mlx/fft.cpp normal arm64 c++ com.apple.compilers.llvm.clang.1_0.compiler (in target 'Cmlx' from project 'mlx-swift')
    cd /Users/jamesalford/Documents/NotedCore/NotedCore.xcodeproj
    
    Using response file: /Users/jamesalford/Library/Developer/Xcode/DerivedData/NotedCore-ftviuoyqruynvwbzbngenbwxsygv/Build/Intermediates.noindex/mlx-swift.build/Debug-iphonesimulator/Cmlx.build/Objects-normal/arm64/82b82416624d2658e5098eb0a28c15c5-common-args.resp
    
    /Applications/Xcode.app/Contents/Developer/Toolchains/XcodeDefault.xctoolchain/usr/bin/clang -x c++ -ivfsstatcache /Users/jamesalford/Library/Developer/Xcode/DerivedData/SDKStatCaches.noindex/iphonesimulator26.0-23A339-3885c01c3e6b6a337905948deab2002e26257891a6c027eb51374368541b8346.sdkstatcache -fmessage-length\=0 -fdiagnostics-show-note-include-stack -fmacro-backtrace-limit\=0 -fno-color-diagnostics -fmodules-prune-interval\=86400 -fmodules-prune-after\=345600 -fbuild-session-file\=/Users/jamesalford/Library/Developer/Xcode/DerivedData/ModuleCache.noindex/Session.modulevalidation -fmodules-validate-once-per-build-session -Wnon-modular-include-in-framework-module -Werror\=non-modular-include-in-framework-module -Wno-trigraphs -Wno-missing-field-initializers -Wno-missing-prototypes -Wno-return-type -Wno-non-virtual-dtor -Wno-overloaded-virtual -Wno-exit-time-destructors -Wno-missing-braces -Wparentheses -Wswitch -Wno-unused-function -Wno-unused-label -Wno-unused-parameter -Wno-unused-variable -Wunused-value -Wno-empty-body -Wno-uninitialized -Wno-unknown-pragmas -w -Wno-shadow -Wno-four-char-constants -Wno-conversion -Wno-constant-conversion -Wno-int-conversion -Wno-bool-conversion -Wno-enum-conversion -Wno-float-conversion -Wno-non-literal-null-conversion -Wno-objc-literal-conversion -Wshorten-64-to-32 -Wno-newline-eof -Wno-c++11-extensions -Wno-implicit-fallthrough -fstrict-aliasing -Wdeprecated-declarations -Winvalid-offsetof -Wno-sign-conversion -Wno-infinite-recursion -Wno-move -Wno-comma -Wno-block-capture-autoreleasing -Wno-strict-prototypes -Wno-range-loop-analysis -Wno-semicolon-before-method-body -index-store-path /Users/jamesalford/Library/Developer/Xcode/DerivedData/NotedCore-ftviuoyqruynvwbzbngenbwxsygv/Index.noindex/DataStore @/Users/jamesalford/Library/Developer/Xcode/DerivedData/NotedCore-ftviuoyqruynvwbzbngenbwxsygv/Build/Intermediates.noindex/mlx-swift.build/Debug-iphonesimulator/Cmlx.build/Objects-normal/arm64/82b82416624d2658e5098eb0a28c15c5-common-args.resp -MMD -MT dependencies -MF /Users/jamesalford/Library/Developer/Xcode/DerivedData/NotedCore-ftviuoyqruynvwbzbngenbwxsygv/Build/Intermediates.noindex/mlx-swift.build/Debug-iphonesimulator/Cmlx.build/Objects-normal/arm64/fft-90fc20a9a64b3dea12bfc1683930409e.d --serialize-diagnostics /Users/jamesalford/Library/Developer/Xcode/DerivedData/NotedCore-ftviuoyqruynvwbzbngenbwxsygv/Build/Intermediates.noindex/mlx-swift.build/Debug-iphonesimulator/Cmlx.build/Objects-normal/arm64/fft-90fc20a9a64b3dea12bfc1683930409e.dia -c /Users/jamesalford/Library/Developer/Xcode/DerivedData/NotedCore-ftviuoyqruynvwbzbngenbwxsygv/SourcePackages/checkouts/mlx-swift/Source/Cmlx/mlx/mlx/fft.cpp -o /Users/jamesalford/Library/Developer/Xcode/DerivedData/NotedCore-ftviuoyqruynvwbzbngenbwxsygv/Build/Intermediates.noindex/mlx-swift.build/Debug-iphonesimulator/Cmlx.build/Objects-normal/arm64/fft-90fc20a9a64b3dea12bfc1683930409e.o -index-unit-output-path /mlx-swift.build/Debug-iphonesimulator/Cmlx.build/Objects-normal/arm64/fft-90fc20a9a64b3dea12bfc1683930409e.o

CompileC /Users/jamesalford/Library/Developer/Xcode/DerivedData/NotedCore-ftviuoyqruynvwbzbngenbwxsygv/Build/Intermediates.noindex/mlx-swift.build/Debug-iphonesimulator/Cmlx.build/Objects-normal/arm64/fft-8f45348145615dee2523f40a260762bf.o /Users/jamesalford/Library/Developer/Xcode/DerivedData/NotedCore-ftviuoyqruynvwbzbngenbwxsygv/SourcePackages/checkouts/mlx-swift/Source/Cmlx/mlx/mlx/backend/cpu/fft.cpp normal arm64 c++ com.apple.compilers.llvm.clang.1_0.compiler (in target 'Cmlx' from project 'mlx-swift')
    cd /Users/jamesalford/Documents/NotedCore/NotedCore.xcodeproj
    
    Using response file: /Users/jamesalford/Library/Developer/Xcode/DerivedData/NotedCore-ftviuoyqruynvwbzbngenbwxsygv/Build/Intermediates.noindex/mlx-swift.build/Debug-iphonesimulator/Cmlx.build/Objects-normal/arm64/82b82416624d2658e5098eb0a28c15c5-common-args.resp
    
    /Applications/Xcode.app/Contents/Developer/Toolchains/XcodeDefault.xctoolchain/usr/bin/clang -x c++ -ivfsstatcache /Users/jamesalford/Library/Developer/Xcode/DerivedData/SDKStatCaches.noindex/iphonesimulator26.0-23A339-3885c01c3e6b6a337905948deab2002e26257891a6c027eb51374368541b8346.sdkstatcache -fmessage-length\=0 -fdiagnostics-show-note-include-stack -fmacro-backtrace-limit\=0 -fno-color-diagnostics -fmodules-prune-interval\=86400 -fmodules-prune-after\=345600 -fbuild-session-file\=/Users/jamesalford/Library/Developer/Xcode/DerivedData/ModuleCache.noindex/Session.modulevalidation -fmodules-validate-once-per-build-session -Wnon-modular-include-in-framework-module -Werror\=non-modular-include-in-framework-module -Wno-trigraphs -Wno-missing-field-initializers -Wno-missing-prototypes -Wno-return-type -Wno-non-virtual-dtor -Wno-overloaded-virtual -Wno-exit-time-destructors -Wno-missing-braces -Wparentheses -Wswitch -Wno-unused-function -Wno-unused-label -Wno-unused-parameter -Wno-unused-variable -Wunused-value -Wno-empty-body -Wno-uninitialized -Wno-unknown-pragmas -w -Wno-shadow -Wno-four-char-constants -Wno-conversion -Wno-constant-conversion -Wno-int-conversion -Wno-bool-conversion -Wno-enum-conversion -Wno-float-conversion -Wno-non-literal-null-conversion -Wno-objc-literal-conversion -Wshorten-64-to-32 -Wno-newline-eof -Wno-c++11-extensions -Wno-implicit-fallthrough -fstrict-aliasing -Wdeprecated-declarations -Winvalid-offsetof -Wno-sign-conversion -Wno-infinite-recursion -Wno-move -Wno-comma -Wno-block-capture-autoreleasing -Wno-strict-prototypes -Wno-range-loop-analysis -Wno-semicolon-before-method-body -index-store-path /Users/jamesalford/Library/Developer/Xcode/DerivedData/NotedCore-ftviuoyqruynvwbzbngenbwxsygv/Index.noindex/DataStore @/Users/jamesalford/Library/Developer/Xcode/DerivedData/NotedCore-ftviuoyqruynvwbzbngenbwxsygv/Build/Intermediates.noindex/mlx-swift.build/Debug-iphonesimulator/Cmlx.build/Objects-normal/arm64/82b82416624d2658e5098eb0a28c15c5-common-args.resp -MMD -MT dependencies -MF /Users/jamesalford/Library/Developer/Xcode/DerivedData/NotedCore-ftviuoyqruynvwbzbngenbwxsygv/Build/Intermediates.noindex/mlx-swift.build/Debug-iphonesimulator/Cmlx.build/Objects-normal/arm64/fft-8f45348145615dee2523f40a260762bf.d --serialize-diagnostics /Users/jamesalford/Library/Developer/Xcode/DerivedData/NotedCore-ftviuoyqruynvwbzbngenbwxsygv/Build/Intermediates.noindex/mlx-swift.build/Debug-iphonesimulator/Cmlx.build/Objects-normal/arm64/fft-8f45348145615dee2523f40a260762bf.dia -c /Users/jamesalford/Library/Developer/Xcode/DerivedData/NotedCore-ftviuoyqruynvwbzbngenbwxsygv/SourcePackages/checkouts/mlx-swift/Source/Cmlx/mlx/mlx/backend/cpu/fft.cpp -o /Users/jamesalford/Library/Developer/Xcode/DerivedData/NotedCore-ftviuoyqruynvwbzbngenbwxsygv/Build/Intermediates.noindex/mlx-swift.build/Debug-iphonesimulator/Cmlx.build/Objects-normal/arm64/fft-8f45348145615dee2523f40a260762bf.o -index-unit-output-path /mlx-swift.build/Debug-iphonesimulator/Cmlx.build/Objects-normal/arm64/fft-8f45348145615dee2523f40a260762bf.o

CompileC /Users/jamesalford/Library/Developer/Xcode/DerivedData/NotedCore-ftviuoyqruynvwbzbngenbwxsygv/Build/Intermediates.noindex/mlx-swift.build/Debug-iphonesimulator/Cmlx.build/Objects-normal/arm64/fft-18184d456aa7c39713459852dc9bb22e.o /Users/jamesalford/Library/Developer/Xcode/DerivedData/NotedCore-ftviuoyqruynvwbzbngenbwxsygv/SourcePackages/checkouts/mlx-swift/Source/Cmlx/mlx-c/mlx/c/fft.cpp normal arm64 c++ com.apple.compilers.llvm.clang.1_0.compiler (in target 'Cmlx' from project 'mlx-swift')
    cd /Users/jamesalford/Documents/NotedCore/NotedCore.xcodeproj
    
    Using response file: /Users/jamesalford/Library/Developer/Xcode/DerivedData/NotedCore-ftviuoyqruynvwbzbngenbwxsygv/Build/Intermediates.noindex/mlx-swift.build/Debug-iphonesimulator/Cmlx.build/Objects-normal/arm64/82b82416624d2658e5098eb0a28c15c5-common-args.resp
    
    /Applications/Xcode.app/Contents/Developer/Toolchains/XcodeDefault.xctoolchain/usr/bin/clang -x c++ -ivfsstatcache /Users/jamesalford/Library/Developer/Xcode/DerivedData/SDKStatCaches.noindex/iphonesimulator26.0-23A339-3885c01c3e6b6a337905948deab2002e26257891a6c027eb51374368541b8346.sdkstatcache -fmessage-length\=0 -fdiagnostics-show-note-include-stack -fmacro-backtrace-limit\=0 -fno-color-diagnostics -fmodules-prune-interval\=86400 -fmodules-prune-after\=345600 -fbuild-session-file\=/Users/jamesalford/Library/Developer/Xcode/DerivedData/ModuleCache.noindex/Session.modulevalidation -fmodules-validate-once-per-build-session -Wnon-modular-include-in-framework-module -Werror\=non-modular-include-in-framework-module -Wno-trigraphs -Wno-missing-field-initializers -Wno-missing-prototypes -Wno-return-type -Wno-non-virtual-dtor -Wno-overloaded-virtual -Wno-exit-time-destructors -Wno-missing-braces -Wparentheses -Wswitch -Wno-unused-function -Wno-unused-label -Wno-unused-parameter -Wno-unused-variable -Wunused-value -Wno-empty-body -Wno-uninitialized -Wno-unknown-pragmas -w -Wno-shadow -Wno-four-char-constants -Wno-conversion -Wno-constant-conversion -Wno-int-conversion -Wno-bool-conversion -Wno-enum-conversion -Wno-float-conversion -Wno-non-literal-null-conversion -Wno-objc-literal-conversion -Wshorten-64-to-32 -Wno-newline-eof -Wno-c++11-extensions -Wno-implicit-fallthrough -fstrict-aliasing -Wdeprecated-declarations -Winvalid-offsetof -Wno-sign-conversion -Wno-infinite-recursion -Wno-move -Wno-comma -Wno-block-capture-autoreleasing -Wno-strict-prototypes -Wno-range-loop-analysis -Wno-semicolon-before-method-body -index-store-path /Users/jamesalford/Library/Developer/Xcode/DerivedData/NotedCore-ftviuoyqruynvwbzbngenbwxsygv/Index.noindex/DataStore @/Users/jamesalford/Library/Developer/Xcode/DerivedData/NotedCore-ftviuoyqruynvwbzbngenbwxsygv/Build/Intermediates.noindex/mlx-swift.build/Debug-iphonesimulator/Cmlx.build/Objects-normal/arm64/82b82416624d2658e5098eb0a28c15c5-common-args.resp -MMD -MT dependencies -MF /Users/jamesalford/Library/Developer/Xcode/DerivedData/NotedCore-ftviuoyqruynvwbzbngenbwxsygv/Build/Intermediates.noindex/mlx-swift.build/Debug-iphonesimulator/Cmlx.build/Objects-normal/arm64/fft-18184d456aa7c39713459852dc9bb22e.d --serialize-diagnostics /Users/jamesalford/Library/Developer/Xcode/DerivedData/NotedCore-ftviuoyqruynvwbzbngenbwxsygv/Build/Intermediates.noindex/mlx-swift.build/Debug-iphonesimulator/Cmlx.build/Objects-normal/arm64/fft-18184d456aa7c39713459852dc9bb22e.dia -c /Users/jamesalford/Library/Developer/Xcode/DerivedData/NotedCore-ftviuoyqruynvwbzbngenbwxsygv/SourcePackages/checkouts/mlx-swift/Source/Cmlx/mlx-c/mlx/c/fft.cpp -o /Users/jamesalford/Library/Developer/Xcode/DerivedData/NotedCore-ftviuoyqruynvwbzbngenbwxsygv/Build/Intermediates.noindex/mlx-swift.build/Debug-iphonesimulator/Cmlx.build/Objects-normal/arm64/fft-18184d456aa7c39713459852dc9bb22e.o -index-unit-output-path /mlx-swift.build/Debug-iphonesimulator/Cmlx.build/Objects-normal/arm64/fft-18184d456aa7c39713459852dc9bb22e.o

CompileC /Users/jamesalford/Library/Developer/Xcode/DerivedData/NotedCore-ftviuoyqruynvwbzbngenbwxsygv/Build/Intermediates.noindex/mlx-swift.build/Debug-iphonesimulator/Cmlx.build/Objects-normal/arm64/fence.o /Users/jamesalford/Library/Developer/Xcode/DerivedData/NotedCore-ftviuoyqruynvwbzbngenbwxsygv/SourcePackages/checkouts/mlx-swift/Source/Cmlx/mlx/mlx/backend/metal/fence.cpp normal arm64 c++ com.apple.compilers.llvm.clang.1_0.compiler (in target 'Cmlx' from project 'mlx-swift')
    cd /Users/jamesalford/Documents/NotedCore/NotedCore.xcodeproj
    
    Using response file: /Users/jamesalford/Library/Developer/Xcode/DerivedData/NotedCore-ftviuoyqruynvwbzbngenbwxsygv/Build/Intermediates.noindex/mlx-swift.build/Debug-iphonesimulator/Cmlx.build/Objects-normal/arm64/82b82416624d2658e5098eb0a28c15c5-common-args.resp
    
    /Applications/Xcode.app/Contents/Developer/Toolchains/XcodeDefault.xctoolchain/usr/bin/clang -x c++ -ivfsstatcache /Users/jamesalford/Library/Developer/Xcode/DerivedData/SDKStatCaches.noindex/iphonesimulator26.0-23A339-3885c01c3e6b6a337905948deab2002e26257891a6c027eb51374368541b8346.sdkstatcache -fmessage-length\=0 -fdiagnostics-show-note-include-stack -fmacro-backtrace-limit\=0 -fno-color-diagnostics -fmodules-prune-interval\=86400 -fmodules-prune-after\=345600 -fbuild-session-file\=/Users/jamesalford/Library/Developer/Xcode/DerivedData/ModuleCache.noindex/Session.modulevalidation -fmodules-validate-once-per-build-session -Wnon-modular-include-in-framework-module -Werror\=non-modular-include-in-framework-module -Wno-trigraphs -Wno-missing-field-initializers -Wno-missing-prototypes -Wno-return-type -Wno-non-virtual-dtor -Wno-overloaded-virtual -Wno-exit-time-destructors -Wno-missing-braces -Wparentheses -Wswitch -Wno-unused-function -Wno-unused-label -Wno-unused-parameter -Wno-unused-variable -Wunused-value -Wno-empty-body -Wno-uninitialized -Wno-unknown-pragmas -w -Wno-shadow -Wno-four-char-constants -Wno-conversion -Wno-constant-conversion -Wno-int-conversion -Wno-bool-conversion -Wno-enum-conversion -Wno-float-conversion -Wno-non-literal-null-conversion -Wno-objc-literal-conversion -Wshorten-64-to-32 -Wno-newline-eof -Wno-c++11-extensions -Wno-implicit-fallthrough -fstrict-aliasing -Wdeprecated-declarations -Winvalid-offsetof -Wno-sign-conversion -Wno-infinite-recursion -Wno-move -Wno-comma -Wno-block-capture-autoreleasing -Wno-strict-prototypes -Wno-range-loop-analysis -Wno-semicolon-before-method-body -index-store-path /Users/jamesalford/Library/Developer/Xcode/DerivedData/NotedCore-ftviuoyqruynvwbzbngenbwxsygv/Index.noindex/DataStore @/Users/jamesalford/Library/Developer/Xcode/DerivedData/NotedCore-ftviuoyqruynvwbzbngenbwxsygv/Build/Intermediates.noindex/mlx-swift.build/Debug-iphonesimulator/Cmlx.build/Objects-normal/arm64/82b82416624d2658e5098eb0a28c15c5-common-args.resp -MMD -MT dependencies -MF /Users/jamesalford/Library/Developer/Xcode/DerivedData/NotedCore-ftviuoyqruynvwbzbngenbwxsygv/Build/Intermediates.noindex/mlx-swift.build/Debug-iphonesimulator/Cmlx.build/Objects-normal/arm64/fence.d --serialize-diagnostics /Users/jamesalford/Library/Developer/Xcode/DerivedData/NotedCore-ftviuoyqruynvwbzbngenbwxsygv/Build/Intermediates.noindex/mlx-swift.build/Debug-iphonesimulator/Cmlx.build/Objects-normal/arm64/fence.dia -c /Users/jamesalford/Library/Developer/Xcode/DerivedData/NotedCore-ftviuoyqruynvwbzbngenbwxsygv/SourcePackages/checkouts/mlx-swift/Source/Cmlx/mlx/mlx/backend/metal/fence.cpp -o /Users/jamesalford/Library/Developer/Xcode/DerivedData/NotedCore-ftviuoyqruynvwbzbngenbwxsygv/Build/Intermediates.noindex/mlx-swift.build/Debug-iphonesimulator/Cmlx.build/Objects-normal/arm64/fence.o -index-unit-output-path /mlx-swift.build/Debug-iphonesimulator/Cmlx.build/Objects-normal/arm64/fence.o

CompileC /Users/jamesalford/Library/Developer/Xcode/DerivedData/NotedCore-ftviuoyqruynvwbzbngenbwxsygv/Build/Intermediates.noindex/mlx-swift.build/Debug-iphonesimulator/Cmlx.build/Objects-normal/arm64/fast-461c7ddcfecb080f959f6ce9c86d693c.o /Users/jamesalford/Library/Developer/Xcode/DerivedData/NotedCore-ftviuoyqruynvwbzbngenbwxsygv/SourcePackages/checkouts/mlx-swift/Source/Cmlx/mlx-c/mlx/c/fast.cpp normal arm64 c++ com.apple.compilers.llvm.clang.1_0.compiler (in target 'Cmlx' from project 'mlx-swift')
    cd /Users/jamesalford/Documents/NotedCore/NotedCore.xcodeproj
    
    Using response file: /Users/jamesalford/Library/Developer/Xcode/DerivedData/NotedCore-ftviuoyqruynvwbzbngenbwxsygv/Build/Intermediates.noindex/mlx-swift.build/Debug-iphonesimulator/Cmlx.build/Objects-normal/arm64/82b82416624d2658e5098eb0a28c15c5-common-args.resp
    
    /Applications/Xcode.app/Contents/Developer/Toolchains/XcodeDefault.xctoolchain/usr/bin/clang -x c++ -ivfsstatcache /Users/jamesalford/Library/Developer/Xcode/DerivedData/SDKStatCaches.noindex/iphonesimulator26.0-23A339-3885c01c3e6b6a337905948deab2002e26257891a6c027eb51374368541b8346.sdkstatcache -fmessage-length\=0 -fdiagnostics-show-note-include-stack -fmacro-backtrace-limit\=0 -fno-color-diagnostics -fmodules-prune-interval\=86400 -fmodules-prune-after\=345600 -fbuild-session-file\=/Users/jamesalford/Library/Developer/Xcode/DerivedData/ModuleCache.noindex/Session.modulevalidation -fmodules-validate-once-per-build-session -Wnon-modular-include-in-framework-module -Werror\=non-modular-include-in-framework-module -Wno-trigraphs -Wno-missing-field-initializers -Wno-missing-prototypes -Wno-return-type -Wno-non-virtual-dtor -Wno-overloaded-virtual -Wno-exit-time-destructors -Wno-missing-braces -Wparentheses -Wswitch -Wno-unused-function -Wno-unused-label -Wno-unused-parameter -Wno-unused-variable -Wunused-value -Wno-empty-body -Wno-uninitialized -Wno-unknown-pragmas -w -Wno-shadow -Wno-four-char-constants -Wno-conversion -Wno-constant-conversion -Wno-int-conversion -Wno-bool-conversion -Wno-enum-conversion -Wno-float-conversion -Wno-non-literal-null-conversion -Wno-objc-literal-conversion -Wshorten-64-to-32 -Wno-newline-eof -Wno-c++11-extensions -Wno-implicit-fallthrough -fstrict-aliasing -Wdeprecated-declarations -Winvalid-offsetof -Wno-sign-conversion -Wno-infinite-recursion -Wno-move -Wno-comma -Wno-block-capture-autoreleasing -Wno-strict-prototypes -Wno-range-loop-analysis -Wno-semicolon-before-method-body -index-store-path /Users/jamesalford/Library/Developer/Xcode/DerivedData/NotedCore-ftviuoyqruynvwbzbngenbwxsygv/Index.noindex/DataStore @/Users/jamesalford/Library/Developer/Xcode/DerivedData/NotedCore-ftviuoyqruynvwbzbngenbwxsygv/Build/Intermediates.noindex/mlx-swift.build/Debug-iphonesimulator/Cmlx.build/Objects-normal/arm64/82b82416624d2658e5098eb0a28c15c5-common-args.resp -MMD -MT dependencies -MF /Users/jamesalford/Library/Developer/Xcode/DerivedData/NotedCore-ftviuoyqruynvwbzbngenbwxsygv/Build/Intermediates.noindex/mlx-swift.build/Debug-iphonesimulator/Cmlx.build/Objects-normal/arm64/fast-461c7ddcfecb080f959f6ce9c86d693c.d --serialize-diagnostics /Users/jamesalford/Library/Developer/Xcode/DerivedData/NotedCore-ftviuoyqruynvwbzbngenbwxsygv/Build/Intermediates.noindex/mlx-swift.build/Debug-iphonesimulator/Cmlx.build/Objects-normal/arm64/fast-461c7ddcfecb080f959f6ce9c86d693c.dia -c /Users/jamesalford/Library/Developer/Xcode/DerivedData/NotedCore-ftviuoyqruynvwbzbngenbwxsygv/SourcePackages/checkouts/mlx-swift/Source/Cmlx/mlx-c/mlx/c/fast.cpp -o /Users/jamesalford/Library/Developer/Xcode/DerivedData/NotedCore-ftviuoyqruynvwbzbngenbwxsygv/Build/Intermediates.noindex/mlx-swift.build/Debug-iphonesimulator/Cmlx.build/Objects-normal/arm64/fast-461c7ddcfecb080f959f6ce9c86d693c.o -index-unit-output-path /mlx-swift.build/Debug-iphonesimulator/Cmlx.build/Objects-normal/arm64/fast-461c7ddcfecb080f959f6ce9c86d693c.o

CompileC /Users/jamesalford/Library/Developer/Xcode/DerivedData/NotedCore-ftviuoyqruynvwbzbngenbwxsygv/Build/Intermediates.noindex/mlx-swift.build/Debug-iphonesimulator/Cmlx.build/Objects-normal/arm64/fast-3793e4614d36f3202dab4890d5a0865d.o /Users/jamesalford/Library/Developer/Xcode/DerivedData/NotedCore-ftviuoyqruynvwbzbngenbwxsygv/SourcePackages/checkouts/mlx-swift/Source/Cmlx/mlx/mlx/fast.cpp normal arm64 c++ com.apple.compilers.llvm.clang.1_0.compiler (in target 'Cmlx' from project 'mlx-swift')
    cd /Users/jamesalford/Documents/NotedCore/NotedCore.xcodeproj
    
    Using response file: /Users/jamesalford/Library/Developer/Xcode/DerivedData/NotedCore-ftviuoyqruynvwbzbngenbwxsygv/Build/Intermediates.noindex/mlx-swift.build/Debug-iphonesimulator/Cmlx.build/Objects-normal/arm64/82b82416624d2658e5098eb0a28c15c5-common-args.resp
    
    /Applications/Xcode.app/Contents/Developer/Toolchains/XcodeDefault.xctoolchain/usr/bin/clang -x c++ -ivfsstatcache /Users/jamesalford/Library/Developer/Xcode/DerivedData/SDKStatCaches.noindex/iphonesimulator26.0-23A339-3885c01c3e6b6a337905948deab2002e26257891a6c027eb51374368541b8346.sdkstatcache -fmessage-length\=0 -fdiagnostics-show-note-include-stack -fmacro-backtrace-limit\=0 -fno-color-diagnostics -fmodules-prune-interval\=86400 -fmodules-prune-after\=345600 -fbuild-session-file\=/Users/jamesalford/Library/Developer/Xcode/DerivedData/ModuleCache.noindex/Session.modulevalidation -fmodules-validate-once-per-build-session -Wnon-modular-include-in-framework-module -Werror\=non-modular-include-in-framework-module -Wno-trigraphs -Wno-missing-field-initializers -Wno-missing-prototypes -Wno-return-type -Wno-non-virtual-dtor -Wno-overloaded-virtual -Wno-exit-time-destructors -Wno-missing-braces -Wparentheses -Wswitch -Wno-unused-function -Wno-unused-label -Wno-unused-parameter -Wno-unused-variable -Wunused-value -Wno-empty-body -Wno-uninitialized -Wno-unknown-pragmas -w -Wno-shadow -Wno-four-char-constants -Wno-conversion -Wno-constant-conversion -Wno-int-conversion -Wno-bool-conversion -Wno-enum-conversion -Wno-float-conversion -Wno-non-literal-null-conversion -Wno-objc-literal-conversion -Wshorten-64-to-32 -Wno-newline-eof -Wno-c++11-extensions -Wno-implicit-fallthrough -fstrict-aliasing -Wdeprecated-declarations -Winvalid-offsetof -Wno-sign-conversion -Wno-infinite-recursion -Wno-move -Wno-comma -Wno-block-capture-autoreleasing -Wno-strict-prototypes -Wno-range-loop-analysis -Wno-semicolon-before-method-body -index-store-path /Users/jamesalford/Library/Developer/Xcode/DerivedData/NotedCore-ftviuoyqruynvwbzbngenbwxsygv/Index.noindex/DataStore @/Users/jamesalford/Library/Developer/Xcode/DerivedData/NotedCore-ftviuoyqruynvwbzbngenbwxsygv/Build/Intermediates.noindex/mlx-swift.build/Debug-iphonesimulator/Cmlx.build/Objects-normal/arm64/82b82416624d2658e5098eb0a28c15c5-common-args.resp -MMD -MT dependencies -MF /Users/jamesalford/Library/Developer/Xcode/DerivedData/NotedCore-ftviuoyqruynvwbzbngenbwxsygv/Build/Intermediates.noindex/mlx-swift.build/Debug-iphonesimulator/Cmlx.build/Objects-normal/arm64/fast-3793e4614d36f3202dab4890d5a0865d.d --serialize-diagnostics /Users/jamesalford/Library/Developer/Xcode/DerivedData/NotedCore-ftviuoyqruynvwbzbngenbwxsygv/Build/Intermediates.noindex/mlx-swift.build/Debug-iphonesimulator/Cmlx.build/Objects-normal/arm64/fast-3793e4614d36f3202dab4890d5a0865d.dia -c /Users/jamesalford/Library/Developer/Xcode/DerivedData/NotedCore-ftviuoyqruynvwbzbngenbwxsygv/SourcePackages/checkouts/mlx-swift/Source/Cmlx/mlx/mlx/fast.cpp -o /Users/jamesalford/Library/Developer/Xcode/DerivedData/NotedCore-ftviuoyqruynvwbzbngenbwxsygv/Build/Intermediates.noindex/mlx-swift.build/Debug-iphonesimulator/Cmlx.build/Objects-normal/arm64/fast-3793e4614d36f3202dab4890d5a0865d.o -index-unit-output-path /mlx-swift.build/Debug-iphonesimulator/Cmlx.build/Objects-normal/arm64/fast-3793e4614d36f3202dab4890d5a0865d.o

CompileC /Users/jamesalford/Library/Developer/Xcode/DerivedData/NotedCore-ftviuoyqruynvwbzbngenbwxsygv/Build/Intermediates.noindex/mlx-swift.build/Debug-iphonesimulator/Cmlx.build/Objects-normal/arm64/export-88874bfb686c55069beaa7cface713d2.o /Users/jamesalford/Library/Developer/Xcode/DerivedData/NotedCore-ftviuoyqruynvwbzbngenbwxsygv/SourcePackages/checkouts/mlx-swift/Source/Cmlx/mlx-c/mlx/c/export.cpp normal arm64 c++ com.apple.compilers.llvm.clang.1_0.compiler (in target 'Cmlx' from project 'mlx-swift')
    cd /Users/jamesalford/Documents/NotedCore/NotedCore.xcodeproj
    
    Using response file: /Users/jamesalford/Library/Developer/Xcode/DerivedData/NotedCore-ftviuoyqruynvwbzbngenbwxsygv/Build/Intermediates.noindex/mlx-swift.build/Debug-iphonesimulator/Cmlx.build/Objects-normal/arm64/82b82416624d2658e5098eb0a28c15c5-common-args.resp
    
    /Applications/Xcode.app/Contents/Developer/Toolchains/XcodeDefault.xctoolchain/usr/bin/clang -x c++ -ivfsstatcache /Users/jamesalford/Library/Developer/Xcode/DerivedData/SDKStatCaches.noindex/iphonesimulator26.0-23A339-3885c01c3e6b6a337905948deab2002e26257891a6c027eb51374368541b8346.sdkstatcache -fmessage-length\=0 -fdiagnostics-show-note-include-stack -fmacro-backtrace-limit\=0 -fno-color-diagnostics -fmodules-prune-interval\=86400 -fmodules-prune-after\=345600 -fbuild-session-file\=/Users/jamesalford/Library/Developer/Xcode/DerivedData/ModuleCache.noindex/Session.modulevalidation -fmodules-validate-once-per-build-session -Wnon-modular-include-in-framework-module -Werror\=non-modular-include-in-framework-module -Wno-trigraphs -Wno-missing-field-initializers -Wno-missing-prototypes -Wno-return-type -Wno-non-virtual-dtor -Wno-overloaded-virtual -Wno-exit-time-destructors -Wno-missing-braces -Wparentheses -Wswitch -Wno-unused-function -Wno-unused-label -Wno-unused-parameter -Wno-unused-variable -Wunused-value -Wno-empty-body -Wno-uninitialized -Wno-unknown-pragmas -w -Wno-shadow -Wno-four-char-constants -Wno-conversion -Wno-constant-conversion -Wno-int-conversion -Wno-bool-conversion -Wno-enum-conversion -Wno-float-conversion -Wno-non-literal-null-conversion -Wno-objc-literal-conversion -Wshorten-64-to-32 -Wno-newline-eof -Wno-c++11-extensions -Wno-implicit-fallthrough -fstrict-aliasing -Wdeprecated-declarations -Winvalid-offsetof -Wno-sign-conversion -Wno-infinite-recursion -Wno-move -Wno-comma -Wno-block-capture-autoreleasing -Wno-strict-prototypes -Wno-range-loop-analysis -Wno-semicolon-before-method-body -index-store-path /Users/jamesalford/Library/Developer/Xcode/DerivedData/NotedCore-ftviuoyqruynvwbzbngenbwxsygv/Index.noindex/DataStore @/Users/jamesalford/Library/Developer/Xcode/DerivedData/NotedCore-ftviuoyqruynvwbzbngenbwxsygv/Build/Intermediates.noindex/mlx-swift.build/Debug-iphonesimulator/Cmlx.build/Objects-normal/arm64/82b82416624d2658e5098eb0a28c15c5-common-args.resp -MMD -MT dependencies -MF /Users/jamesalford/Library/Developer/Xcode/DerivedData/NotedCore-ftviuoyqruynvwbzbngenbwxsygv/Build/Intermediates.noindex/mlx-swift.build/Debug-iphonesimulator/Cmlx.build/Objects-normal/arm64/export-88874bfb686c55069beaa7cface713d2.d --serialize-diagnostics /Users/jamesalford/Library/Developer/Xcode/DerivedData/NotedCore-ftviuoyqruynvwbzbngenbwxsygv/Build/Intermediates.noindex/mlx-swift.build/Debug-iphonesimulator/Cmlx.build/Objects-normal/arm64/export-88874bfb686c55069beaa7cface713d2.dia -c /Users/jamesalford/Library/Developer/Xcode/DerivedData/NotedCore-ftviuoyqruynvwbzbngenbwxsygv/SourcePackages/checkouts/mlx-swift/Source/Cmlx/mlx-c/mlx/c/export.cpp -o /Users/jamesalford/Library/Developer/Xcode/DerivedData/NotedCore-ftviuoyqruynvwbzbngenbwxsygv/Build/Intermediates.noindex/mlx-swift.build/Debug-iphonesimulator/Cmlx.build/Objects-normal/arm64/export-88874bfb686c55069beaa7cface713d2.o -index-unit-output-path /mlx-swift.build/Debug-iphonesimulator/Cmlx.build/Objects-normal/arm64/export-88874bfb686c55069beaa7cface713d2.o

CompileC /Users/jamesalford/Library/Developer/Xcode/DerivedData/NotedCore-ftviuoyqruynvwbzbngenbwxsygv/Build/Intermediates.noindex/mlx-swift.build/Debug-iphonesimulator/Cmlx.build/Objects-normal/arm64/export-829aedcf9e3275e256e5ab38dfc03cfa.o /Users/jamesalford/Library/Developer/Xcode/DerivedData/NotedCore-ftviuoyqruynvwbzbngenbwxsygv/SourcePackages/checkouts/mlx-swift/Source/Cmlx/mlx/mlx/export.cpp normal arm64 c++ com.apple.compilers.llvm.clang.1_0.compiler (in target 'Cmlx' from project 'mlx-swift')
    cd /Users/jamesalford/Documents/NotedCore/NotedCore.xcodeproj
    
    Using response file: /Users/jamesalford/Library/Developer/Xcode/DerivedData/NotedCore-ftviuoyqruynvwbzbngenbwxsygv/Build/Intermediates.noindex/mlx-swift.build/Debug-iphonesimulator/Cmlx.build/Objects-normal/arm64/82b82416624d2658e5098eb0a28c15c5-common-args.resp
    
    /Applications/Xcode.app/Contents/Developer/Toolchains/XcodeDefault.xctoolchain/usr/bin/clang -x c++ -ivfsstatcache /Users/jamesalford/Library/Developer/Xcode/DerivedData/SDKStatCaches.noindex/iphonesimulator26.0-23A339-3885c01c3e6b6a337905948deab2002e26257891a6c027eb51374368541b8346.sdkstatcache -fmessage-length\=0 -fdiagnostics-show-note-include-stack -fmacro-backtrace-limit\=0 -fno-color-diagnostics -fmodules-prune-interval\=86400 -fmodules-prune-after\=345600 -fbuild-session-file\=/Users/jamesalford/Library/Developer/Xcode/DerivedData/ModuleCache.noindex/Session.modulevalidation -fmodules-validate-once-per-build-session -Wnon-modular-include-in-framework-module -Werror\=non-modular-include-in-framework-module -Wno-trigraphs -Wno-missing-field-initializers -Wno-missing-prototypes -Wno-return-type -Wno-non-virtual-dtor -Wno-overloaded-virtual -Wno-exit-time-destructors -Wno-missing-braces -Wparentheses -Wswitch -Wno-unused-function -Wno-unused-label -Wno-unused-parameter -Wno-unused-variable -Wunused-value -Wno-empty-body -Wno-uninitialized -Wno-unknown-pragmas -w -Wno-shadow -Wno-four-char-constants -Wno-conversion -Wno-constant-conversion -Wno-int-conversion -Wno-bool-conversion -Wno-enum-conversion -Wno-float-conversion -Wno-non-literal-null-conversion -Wno-objc-literal-conversion -Wshorten-64-to-32 -Wno-newline-eof -Wno-c++11-extensions -Wno-implicit-fallthrough -fstrict-aliasing -Wdeprecated-declarations -Winvalid-offsetof -Wno-sign-conversion -Wno-infinite-recursion -Wno-move -Wno-comma -Wno-block-capture-autoreleasing -Wno-strict-prototypes -Wno-range-loop-analysis -Wno-semicolon-before-method-body -index-store-path /Users/jamesalford/Library/Developer/Xcode/DerivedData/NotedCore-ftviuoyqruynvwbzbngenbwxsygv/Index.noindex/DataStore @/Users/jamesalford/Library/Developer/Xcode/DerivedData/NotedCore-ftviuoyqruynvwbzbngenbwxsygv/Build/Intermediates.noindex/mlx-swift.build/Debug-iphonesimulator/Cmlx.build/Objects-normal/arm64/82b82416624d2658e5098eb0a28c15c5-common-args.resp -MMD -MT dependencies -MF /Users/jamesalford/Library/Developer/Xcode/DerivedData/NotedCore-ftviuoyqruynvwbzbngenbwxsygv/Build/Intermediates.noindex/mlx-swift.build/Debug-iphonesimulator/Cmlx.build/Objects-normal/arm64/export-829aedcf9e3275e256e5ab38dfc03cfa.d --serialize-diagnostics /Users/jamesalford/Library/Developer/Xcode/DerivedData/NotedCore-ftviuoyqruynvwbzbngenbwxsygv/Build/Intermediates.noindex/mlx-swift.build/Debug-iphonesimulator/Cmlx.build/Objects-normal/arm64/export-829aedcf9e3275e256e5ab38dfc03cfa.dia -c /Users/jamesalford/Library/Developer/Xcode/DerivedData/NotedCore-ftviuoyqruynvwbzbngenbwxsygv/SourcePackages/checkouts/mlx-swift/Source/Cmlx/mlx/mlx/export.cpp -o /Users/jamesalford/Library/Developer/Xcode/DerivedData/NotedCore-ftviuoyqruynvwbzbngenbwxsygv/Build/Intermediates.noindex/mlx-swift.build/Debug-iphonesimulator/Cmlx.build/Objects-normal/arm64/export-829aedcf9e3275e256e5ab38dfc03cfa.o -index-unit-output-path /mlx-swift.build/Debug-iphonesimulator/Cmlx.build/Objects-normal/arm64/export-829aedcf9e3275e256e5ab38dfc03cfa.o

CompileC /Users/jamesalford/Library/Developer/Xcode/DerivedData/NotedCore-ftviuoyqruynvwbzbngenbwxsygv/Build/Intermediates.noindex/mlx-swift.build/Debug-iphonesimulator/Cmlx.build/Objects-normal/arm64/event.o /Users/jamesalford/Library/Developer/Xcode/DerivedData/NotedCore-ftviuoyqruynvwbzbngenbwxsygv/SourcePackages/checkouts/mlx-swift/Source/Cmlx/mlx/mlx/backend/metal/event.cpp normal arm64 c++ com.apple.compilers.llvm.clang.1_0.compiler (in target 'Cmlx' from project 'mlx-swift')
    cd /Users/jamesalford/Documents/NotedCore/NotedCore.xcodeproj
    
    Using response file: /Users/jamesalford/Library/Developer/Xcode/DerivedData/NotedCore-ftviuoyqruynvwbzbngenbwxsygv/Build/Intermediates.noindex/mlx-swift.build/Debug-iphonesimulator/Cmlx.build/Objects-normal/arm64/82b82416624d2658e5098eb0a28c15c5-common-args.resp
    
    /Applications/Xcode.app/Contents/Developer/Toolchains/XcodeDefault.xctoolchain/usr/bin/clang -x c++ -ivfsstatcache /Users/jamesalford/Library/Developer/Xcode/DerivedData/SDKStatCaches.noindex/iphonesimulator26.0-23A339-3885c01c3e6b6a337905948deab2002e26257891a6c027eb51374368541b8346.sdkstatcache -fmessage-length\=0 -fdiagnostics-show-note-include-stack -fmacro-backtrace-limit\=0 -fno-color-diagnostics -fmodules-prune-interval\=86400 -fmodules-prune-after\=345600 -fbuild-session-file\=/Users/jamesalford/Library/Developer/Xcode/DerivedData/ModuleCache.noindex/Session.modulevalidation -fmodules-validate-once-per-build-session -Wnon-modular-include-in-framework-module -Werror\=non-modular-include-in-framework-module -Wno-trigraphs -Wno-missing-field-initializers -Wno-missing-prototypes -Wno-return-type -Wno-non-virtual-dtor -Wno-overloaded-virtual -Wno-exit-time-destructors -Wno-missing-braces -Wparentheses -Wswitch -Wno-unused-function -Wno-unused-label -Wno-unused-parameter -Wno-unused-variable -Wunused-value -Wno-empty-body -Wno-uninitialized -Wno-unknown-pragmas -w -Wno-shadow -Wno-four-char-constants -Wno-conversion -Wno-constant-conversion -Wno-int-conversion -Wno-bool-conversion -Wno-enum-conversion -Wno-float-conversion -Wno-non-literal-null-conversion -Wno-objc-literal-conversion -Wshorten-64-to-32 -Wno-newline-eof -Wno-c++11-extensions -Wno-implicit-fallthrough -fstrict-aliasing -Wdeprecated-declarations -Winvalid-offsetof -Wno-sign-conversion -Wno-infinite-recursion -Wno-move -Wno-comma -Wno-block-capture-autoreleasing -Wno-strict-prototypes -Wno-range-loop-analysis -Wno-semicolon-before-method-body -index-store-path /Users/jamesalford/Library/Developer/Xcode/DerivedData/NotedCore-ftviuoyqruynvwbzbngenbwxsygv/Index.noindex/DataStore @/Users/jamesalford/Library/Developer/Xcode/DerivedData/NotedCore-ftviuoyqruynvwbzbngenbwxsygv/Build/Intermediates.noindex/mlx-swift.build/Debug-iphonesimulator/Cmlx.build/Objects-normal/arm64/82b82416624d2658e5098eb0a28c15c5-common-args.resp -MMD -MT dependencies -MF /Users/jamesalford/Library/Developer/Xcode/DerivedData/NotedCore-ftviuoyqruynvwbzbngenbwxsygv/Build/Intermediates.noindex/mlx-swift.build/Debug-iphonesimulator/Cmlx.build/Objects-normal/arm64/event.d --serialize-diagnostics /Users/jamesalford/Library/Developer/Xcode/DerivedData/NotedCore-ftviuoyqruynvwbzbngenbwxsygv/Build/Intermediates.noindex/mlx-swift.build/Debug-iphonesimulator/Cmlx.build/Objects-normal/arm64/event.dia -c /Users/jamesalford/Library/Developer/Xcode/DerivedData/NotedCore-ftviuoyqruynvwbzbngenbwxsygv/SourcePackages/checkouts/mlx-swift/Source/Cmlx/mlx/mlx/backend/metal/event.cpp -o /Users/jamesalford/Library/Developer/Xcode/DerivedData/NotedCore-ftviuoyqruynvwbzbngenbwxsygv/Build/Intermediates.noindex/mlx-swift.build/Debug-iphonesimulator/Cmlx.build/Objects-normal/arm64/event.o -index-unit-output-path /mlx-swift.build/Debug-iphonesimulator/Cmlx.build/Objects-normal/arm64/event.o

CompileC /Users/jamesalford/Library/Developer/Xcode/DerivedData/NotedCore-ftviuoyqruynvwbzbngenbwxsygv/Build/Intermediates.noindex/mlx-swift.build/Debug-iphonesimulator/Cmlx.build/Objects-normal/arm64/eval.o /Users/jamesalford/Library/Developer/Xcode/DerivedData/NotedCore-ftviuoyqruynvwbzbngenbwxsygv/SourcePackages/checkouts/mlx-swift/Source/Cmlx/mlx/mlx/backend/cpu/eval.cpp normal arm64 c++ com.apple.compilers.llvm.clang.1_0.compiler (in target 'Cmlx' from project 'mlx-swift')
    cd /Users/jamesalford/Documents/NotedCore/NotedCore.xcodeproj
    
    Using response file: /Users/jamesalford/Library/Developer/Xcode/DerivedData/NotedCore-ftviuoyqruynvwbzbngenbwxsygv/Build/Intermediates.noindex/mlx-swift.build/Debug-iphonesimulator/Cmlx.build/Objects-normal/arm64/82b82416624d2658e5098eb0a28c15c5-common-args.resp
    
    /Applications/Xcode.app/Contents/Developer/Toolchains/XcodeDefault.xctoolchain/usr/bin/clang -x c++ -ivfsstatcache /Users/jamesalford/Library/Developer/Xcode/DerivedData/SDKStatCaches.noindex/iphonesimulator26.0-23A339-3885c01c3e6b6a337905948deab2002e26257891a6c027eb51374368541b8346.sdkstatcache -fmessage-length\=0 -fdiagnostics-show-note-include-stack -fmacro-backtrace-limit\=0 -fno-color-diagnostics -fmodules-prune-interval\=86400 -fmodules-prune-after\=345600 -fbuild-session-file\=/Users/jamesalford/Library/Developer/Xcode/DerivedData/ModuleCache.noindex/Session.modulevalidation -fmodules-validate-once-per-build-session -Wnon-modular-include-in-framework-module -Werror\=non-modular-include-in-framework-module -Wno-trigraphs -Wno-missing-field-initializers -Wno-missing-prototypes -Wno-return-type -Wno-non-virtual-dtor -Wno-overloaded-virtual -Wno-exit-time-destructors -Wno-missing-braces -Wparentheses -Wswitch -Wno-unused-function -Wno-unused-label -Wno-unused-parameter -Wno-unused-variable -Wunused-value -Wno-empty-body -Wno-uninitialized -Wno-unknown-pragmas -w -Wno-shadow -Wno-four-char-constants -Wno-conversion -Wno-constant-conversion -Wno-int-conversion -Wno-bool-conversion -Wno-enum-conversion -Wno-float-conversion -Wno-non-literal-null-conversion -Wno-objc-literal-conversion -Wshorten-64-to-32 -Wno-newline-eof -Wno-c++11-extensions -Wno-implicit-fallthrough -fstrict-aliasing -Wdeprecated-declarations -Winvalid-offsetof -Wno-sign-conversion -Wno-infinite-recursion -Wno-move -Wno-comma -Wno-block-capture-autoreleasing -Wno-strict-prototypes -Wno-range-loop-analysis -Wno-semicolon-before-method-body -index-store-path /Users/jamesalford/Library/Developer/Xcode/DerivedData/NotedCore-ftviuoyqruynvwbzbngenbwxsygv/Index.noindex/DataStore @/Users/jamesalford/Library/Developer/Xcode/DerivedData/NotedCore-ftviuoyqruynvwbzbngenbwxsygv/Build/Intermediates.noindex/mlx-swift.build/Debug-iphonesimulator/Cmlx.build/Objects-normal/arm64/82b82416624d2658e5098eb0a28c15c5-common-args.resp -MMD -MT dependencies -MF /Users/jamesalford/Library/Developer/Xcode/DerivedData/NotedCore-ftviuoyqruynvwbzbngenbwxsygv/Build/Intermediates.noindex/mlx-swift.build/Debug-iphonesimulator/Cmlx.build/Objects-normal/arm64/eval.d --serialize-diagnostics /Users/jamesalford/Library/Developer/Xcode/DerivedData/NotedCore-ftviuoyqruynvwbzbngenbwxsygv/Build/Intermediates.noindex/mlx-swift.build/Debug-iphonesimulator/Cmlx.build/Objects-normal/arm64/eval.dia -c /Users/jamesalford/Library/Developer/Xcode/DerivedData/NotedCore-ftviuoyqruynvwbzbngenbwxsygv/SourcePackages/checkouts/mlx-swift/Source/Cmlx/mlx/mlx/backend/cpu/eval.cpp -o /Users/jamesalford/Library/Developer/Xcode/DerivedData/NotedCore-ftviuoyqruynvwbzbngenbwxsygv/Build/Intermediates.noindex/mlx-swift.build/Debug-iphonesimulator/Cmlx.build/Objects-normal/arm64/eval.o -index-unit-output-path /mlx-swift.build/Debug-iphonesimulator/Cmlx.build/Objects-normal/arm64/eval.o

CompileC /Users/jamesalford/Library/Developer/Xcode/DerivedData/NotedCore-ftviuoyqruynvwbzbngenbwxsygv/Build/Intermediates.noindex/mlx-swift.build/Debug-iphonesimulator/Cmlx.build/Objects-normal/arm64/error.o /Users/jamesalford/Library/Developer/Xcode/DerivedData/NotedCore-ftviuoyqruynvwbzbngenbwxsygv/SourcePackages/checkouts/mlx-swift/Source/Cmlx/mlx-c/mlx/c/error.cpp normal arm64 c++ com.apple.compilers.llvm.clang.1_0.compiler (in target 'Cmlx' from project 'mlx-swift')
    cd /Users/jamesalford/Documents/NotedCore/NotedCore.xcodeproj
    
    Using response file: /Users/jamesalford/Library/Developer/Xcode/DerivedData/NotedCore-ftviuoyqruynvwbzbngenbwxsygv/Build/Intermediates.noindex/mlx-swift.build/Debug-iphonesimulator/Cmlx.build/Objects-normal/arm64/82b82416624d2658e5098eb0a28c15c5-common-args.resp
    
    /Applications/Xcode.app/Contents/Developer/Toolchains/XcodeDefault.xctoolchain/usr/bin/clang -x c++ -ivfsstatcache /Users/jamesalford/Library/Developer/Xcode/DerivedData/SDKStatCaches.noindex/iphonesimulator26.0-23A339-3885c01c3e6b6a337905948deab2002e26257891a6c027eb51374368541b8346.sdkstatcache -fmessage-length\=0 -fdiagnostics-show-note-include-stack -fmacro-backtrace-limit\=0 -fno-color-diagnostics -fmodules-prune-interval\=86400 -fmodules-prune-after\=345600 -fbuild-session-file\=/Users/jamesalford/Library/Developer/Xcode/DerivedData/ModuleCache.noindex/Session.modulevalidation -fmodules-validate-once-per-build-session -Wnon-modular-include-in-framework-module -Werror\=non-modular-include-in-framework-module -Wno-trigraphs -Wno-missing-field-initializers -Wno-missing-prototypes -Wno-return-type -Wno-non-virtual-dtor -Wno-overloaded-virtual -Wno-exit-time-destructors -Wno-missing-braces -Wparentheses -Wswitch -Wno-unused-function -Wno-unused-label -Wno-unused-parameter -Wno-unused-variable -Wunused-value -Wno-empty-body -Wno-uninitialized -Wno-unknown-pragmas -w -Wno-shadow -Wno-four-char-constants -Wno-conversion -Wno-constant-conversion -Wno-int-conversion -Wno-bool-conversion -Wno-enum-conversion -Wno-float-conversion -Wno-non-literal-null-conversion -Wno-objc-literal-conversion -Wshorten-64-to-32 -Wno-newline-eof -Wno-c++11-extensions -Wno-implicit-fallthrough -fstrict-aliasing -Wdeprecated-declarations -Winvalid-offsetof -Wno-sign-conversion -Wno-infinite-recursion -Wno-move -Wno-comma -Wno-block-capture-autoreleasing -Wno-strict-prototypes -Wno-range-loop-analysis -Wno-semicolon-before-method-body -index-store-path /Users/jamesalford/Library/Developer/Xcode/DerivedData/NotedCore-ftviuoyqruynvwbzbngenbwxsygv/Index.noindex/DataStore @/Users/jamesalford/Library/Developer/Xcode/DerivedData/NotedCore-ftviuoyqruynvwbzbngenbwxsygv/Build/Intermediates.noindex/mlx-swift.build/Debug-iphonesimulator/Cmlx.build/Objects-normal/arm64/82b82416624d2658e5098eb0a28c15c5-common-args.resp -MMD -MT dependencies -MF /Users/jamesalford/Library/Developer/Xcode/DerivedData/NotedCore-ftviuoyqruynvwbzbngenbwxsygv/Build/Intermediates.noindex/mlx-swift.build/Debug-iphonesimulator/Cmlx.build/Objects-normal/arm64/error.d --serialize-diagnostics /Users/jamesalford/Library/Developer/Xcode/DerivedData/NotedCore-ftviuoyqruynvwbzbngenbwxsygv/Build/Intermediates.noindex/mlx-swift.build/Debug-iphonesimulator/Cmlx.build/Objects-normal/arm64/error.dia -c /Users/jamesalford/Library/Developer/Xcode/DerivedData/NotedCore-ftviuoyqruynvwbzbngenbwxsygv/SourcePackages/checkouts/mlx-swift/Source/Cmlx/mlx-c/mlx/c/error.cpp -o /Users/jamesalford/Library/Developer/Xcode/DerivedData/NotedCore-ftviuoyqruynvwbzbngenbwxsygv/Build/Intermediates.noindex/mlx-swift.build/Debug-iphonesimulator/Cmlx.build/Objects-normal/arm64/error.o -index-unit-output-path /mlx-swift.build/Debug-iphonesimulator/Cmlx.build/Objects-normal/arm64/error.o

CompileC /Users/jamesalford/Library/Developer/Xcode/DerivedData/NotedCore-ftviuoyqruynvwbzbngenbwxsygv/Build/Intermediates.noindex/mlx-swift.build/Debug-iphonesimulator/Cmlx.build/Objects-normal/arm64/encoder.o /Users/jamesalford/Library/Developer/Xcode/DerivedData/NotedCore-ftviuoyqruynvwbzbngenbwxsygv/SourcePackages/checkouts/mlx-swift/Source/Cmlx/mlx/mlx/backend/cpu/encoder.cpp normal arm64 c++ com.apple.compilers.llvm.clang.1_0.compiler (in target 'Cmlx' from project 'mlx-swift')
    cd /Users/jamesalford/Documents/NotedCore/NotedCore.xcodeproj
    
    Using response file: /Users/jamesalford/Library/Developer/Xcode/DerivedData/NotedCore-ftviuoyqruynvwbzbngenbwxsygv/Build/Intermediates.noindex/mlx-swift.build/Debug-iphonesimulator/Cmlx.build/Objects-normal/arm64/82b82416624d2658e5098eb0a28c15c5-common-args.resp
    
    /Applications/Xcode.app/Contents/Developer/Toolchains/XcodeDefault.xctoolchain/usr/bin/clang -x c++ -ivfsstatcache /Users/jamesalford/Library/Developer/Xcode/DerivedData/SDKStatCaches.noindex/iphonesimulator26.0-23A339-3885c01c3e6b6a337905948deab2002e26257891a6c027eb51374368541b8346.sdkstatcache -fmessage-length\=0 -fdiagnostics-show-note-include-stack -fmacro-backtrace-limit\=0 -fno-color-diagnostics -fmodules-prune-interval\=86400 -fmodules-prune-after\=345600 -fbuild-session-file\=/Users/jamesalford/Library/Developer/Xcode/DerivedData/ModuleCache.noindex/Session.modulevalidation -fmodules-validate-once-per-build-session -Wnon-modular-include-in-framework-module -Werror\=non-modular-include-in-framework-module -Wno-trigraphs -Wno-missing-field-initializers -Wno-missing-prototypes -Wno-return-type -Wno-non-virtual-dtor -Wno-overloaded-virtual -Wno-exit-time-destructors -Wno-missing-braces -Wparentheses -Wswitch -Wno-unused-function -Wno-unused-label -Wno-unused-parameter -Wno-unused-variable -Wunused-value -Wno-empty-body -Wno-uninitialized -Wno-unknown-pragmas -w -Wno-shadow -Wno-four-char-constants -Wno-conversion -Wno-constant-conversion -Wno-int-conversion -Wno-bool-conversion -Wno-enum-conversion -Wno-float-conversion -Wno-non-literal-null-conversion -Wno-objc-literal-conversion -Wshorten-64-to-32 -Wno-newline-eof -Wno-c++11-extensions -Wno-implicit-fallthrough -fstrict-aliasing -Wdeprecated-declarations -Winvalid-offsetof -Wno-sign-conversion -Wno-infinite-recursion -Wno-move -Wno-comma -Wno-block-capture-autoreleasing -Wno-strict-prototypes -Wno-range-loop-analysis -Wno-semicolon-before-method-body -index-store-path /Users/jamesalford/Library/Developer/Xcode/DerivedData/NotedCore-ftviuoyqruynvwbzbngenbwxsygv/Index.noindex/DataStore @/Users/jamesalford/Library/Developer/Xcode/DerivedData/NotedCore-ftviuoyqruynvwbzbngenbwxsygv/Build/Intermediates.noindex/mlx-swift.build/Debug-iphonesimulator/Cmlx.build/Objects-normal/arm64/82b82416624d2658e5098eb0a28c15c5-common-args.resp -MMD -MT dependencies -MF /Users/jamesalford/Library/Developer/Xcode/DerivedData/NotedCore-ftviuoyqruynvwbzbngenbwxsygv/Build/Intermediates.noindex/mlx-swift.build/Debug-iphonesimulator/Cmlx.build/Objects-normal/arm64/encoder.d --serialize-diagnostics /Users/jamesalford/Library/Developer/Xcode/DerivedData/NotedCore-ftviuoyqruynvwbzbngenbwxsygv/Build/Intermediates.noindex/mlx-swift.build/Debug-iphonesimulator/Cmlx.build/Objects-normal/arm64/encoder.dia -c /Users/jamesalford/Library/Developer/Xcode/DerivedData/NotedCore-ftviuoyqruynvwbzbngenbwxsygv/SourcePackages/checkouts/mlx-swift/Source/Cmlx/mlx/mlx/backend/cpu/encoder.cpp -o /Users/jamesalford/Library/Developer/Xcode/DerivedData/NotedCore-ftviuoyqruynvwbzbngenbwxsygv/Build/Intermediates.noindex/mlx-swift.build/Debug-iphonesimulator/Cmlx.build/Objects-normal/arm64/encoder.o -index-unit-output-path /mlx-swift.build/Debug-iphonesimulator/Cmlx.build/Objects-normal/arm64/encoder.o

CompileC /Users/jamesalford/Library/Developer/Xcode/DerivedData/NotedCore-ftviuoyqruynvwbzbngenbwxsygv/Build/Intermediates.noindex/mlx-swift.build/Debug-iphonesimulator/Cmlx.build/Objects-normal/arm64/einsum.o /Users/jamesalford/Library/Developer/Xcode/DerivedData/NotedCore-ftviuoyqruynvwbzbngenbwxsygv/SourcePackages/checkouts/mlx-swift/Source/Cmlx/mlx/mlx/einsum.cpp normal arm64 c++ com.apple.compilers.llvm.clang.1_0.compiler (in target 'Cmlx' from project 'mlx-swift')
    cd /Users/jamesalford/Documents/NotedCore/NotedCore.xcodeproj
    
    Using response file: /Users/jamesalford/Library/Developer/Xcode/DerivedData/NotedCore-ftviuoyqruynvwbzbngenbwxsygv/Build/Intermediates.noindex/mlx-swift.build/Debug-iphonesimulator/Cmlx.build/Objects-normal/arm64/82b82416624d2658e5098eb0a28c15c5-common-args.resp
    
    /Applications/Xcode.app/Contents/Developer/Toolchains/XcodeDefault.xctoolchain/usr/bin/clang -x c++ -ivfsstatcache /Users/jamesalford/Library/Developer/Xcode/DerivedData/SDKStatCaches.noindex/iphonesimulator26.0-23A339-3885c01c3e6b6a337905948deab2002e26257891a6c027eb51374368541b8346.sdkstatcache -fmessage-length\=0 -fdiagnostics-show-note-include-stack -fmacro-backtrace-limit\=0 -fno-color-diagnostics -fmodules-prune-interval\=86400 -fmodules-prune-after\=345600 -fbuild-session-file\=/Users/jamesalford/Library/Developer/Xcode/DerivedData/ModuleCache.noindex/Session.modulevalidation -fmodules-validate-once-per-build-session -Wnon-modular-include-in-framework-module -Werror\=non-modular-include-in-framework-module -Wno-trigraphs -Wno-missing-field-initializers -Wno-missing-prototypes -Wno-return-type -Wno-non-virtual-dtor -Wno-overloaded-virtual -Wno-exit-time-destructors -Wno-missing-braces -Wparentheses -Wswitch -Wno-unused-function -Wno-unused-label -Wno-unused-parameter -Wno-unused-variable -Wunused-value -Wno-empty-body -Wno-uninitialized -Wno-unknown-pragmas -w -Wno-shadow -Wno-four-char-constants -Wno-conversion -Wno-constant-conversion -Wno-int-conversion -Wno-bool-conversion -Wno-enum-conversion -Wno-float-conversion -Wno-non-literal-null-conversion -Wno-objc-literal-conversion -Wshorten-64-to-32 -Wno-newline-eof -Wno-c++11-extensions -Wno-implicit-fallthrough -fstrict-aliasing -Wdeprecated-declarations -Winvalid-offsetof -Wno-sign-conversion -Wno-infinite-recursion -Wno-move -Wno-comma -Wno-block-capture-autoreleasing -Wno-strict-prototypes -Wno-range-loop-analysis -Wno-semicolon-before-method-body -index-store-path /Users/jamesalford/Library/Developer/Xcode/DerivedData/NotedCore-ftviuoyqruynvwbzbngenbwxsygv/Index.noindex/DataStore @/Users/jamesalford/Library/Developer/Xcode/DerivedData/NotedCore-ftviuoyqruynvwbzbngenbwxsygv/Build/Intermediates.noindex/mlx-swift.build/Debug-iphonesimulator/Cmlx.build/Objects-normal/arm64/82b82416624d2658e5098eb0a28c15c5-common-args.resp -MMD -MT dependencies -MF /Users/jamesalford/Library/Developer/Xcode/DerivedData/NotedCore-ftviuoyqruynvwbzbngenbwxsygv/Build/Intermediates.noindex/mlx-swift.build/Debug-iphonesimulator/Cmlx.build/Objects-normal/arm64/einsum.d --serialize-diagnostics /Users/jamesalford/Library/Developer/Xcode/DerivedData/NotedCore-ftviuoyqruynvwbzbngenbwxsygv/Build/Intermediates.noindex/mlx-swift.build/Debug-iphonesimulator/Cmlx.build/Objects-normal/arm64/einsum.dia -c /Users/jamesalford/Library/Developer/Xcode/DerivedData/NotedCore-ftviuoyqruynvwbzbngenbwxsygv/SourcePackages/checkouts/mlx-swift/Source/Cmlx/mlx/mlx/einsum.cpp -o /Users/jamesalford/Library/Developer/Xcode/DerivedData/NotedCore-ftviuoyqruynvwbzbngenbwxsygv/Build/Intermediates.noindex/mlx-swift.build/Debug-iphonesimulator/Cmlx.build/Objects-normal/arm64/einsum.o -index-unit-output-path /mlx-swift.build/Debug-iphonesimulator/Cmlx.build/Objects-normal/arm64/einsum.o

CompileC /Users/jamesalford/Library/Developer/Xcode/DerivedData/NotedCore-ftviuoyqruynvwbzbngenbwxsygv/Build/Intermediates.noindex/mlx-swift.build/Debug-iphonesimulator/Cmlx.build/Objects-normal/arm64/eigh.o /Users/jamesalford/Library/Developer/Xcode/DerivedData/NotedCore-ftviuoyqruynvwbzbngenbwxsygv/SourcePackages/checkouts/mlx-swift/Source/Cmlx/mlx/mlx/backend/cpu/eigh.cpp normal arm64 c++ com.apple.compilers.llvm.clang.1_0.compiler (in target 'Cmlx' from project 'mlx-swift')
    cd /Users/jamesalford/Documents/NotedCore/NotedCore.xcodeproj
    
    Using response file: /Users/jamesalford/Library/Developer/Xcode/DerivedData/NotedCore-ftviuoyqruynvwbzbngenbwxsygv/Build/Intermediates.noindex/mlx-swift.build/Debug-iphonesimulator/Cmlx.build/Objects-normal/arm64/82b82416624d2658e5098eb0a28c15c5-common-args.resp
    
    /Applications/Xcode.app/Contents/Developer/Toolchains/XcodeDefault.xctoolchain/usr/bin/clang -x c++ -ivfsstatcache /Users/jamesalford/Library/Developer/Xcode/DerivedData/SDKStatCaches.noindex/iphonesimulator26.0-23A339-3885c01c3e6b6a337905948deab2002e26257891a6c027eb51374368541b8346.sdkstatcache -fmessage-length\=0 -fdiagnostics-show-note-include-stack -fmacro-backtrace-limit\=0 -fno-color-diagnostics -fmodules-prune-interval\=86400 -fmodules-prune-after\=345600 -fbuild-session-file\=/Users/jamesalford/Library/Developer/Xcode/DerivedData/ModuleCache.noindex/Session.modulevalidation -fmodules-validate-once-per-build-session -Wnon-modular-include-in-framework-module -Werror\=non-modular-include-in-framework-module -Wno-trigraphs -Wno-missing-field-initializers -Wno-missing-prototypes -Wno-return-type -Wno-non-virtual-dtor -Wno-overloaded-virtual -Wno-exit-time-destructors -Wno-missing-braces -Wparentheses -Wswitch -Wno-unused-function -Wno-unused-label -Wno-unused-parameter -Wno-unused-variable -Wunused-value -Wno-empty-body -Wno-uninitialized -Wno-unknown-pragmas -w -Wno-shadow -Wno-four-char-constants -Wno-conversion -Wno-constant-conversion -Wno-int-conversion -Wno-bool-conversion -Wno-enum-conversion -Wno-float-conversion -Wno-non-literal-null-conversion -Wno-objc-literal-conversion -Wshorten-64-to-32 -Wno-newline-eof -Wno-c++11-extensions -Wno-implicit-fallthrough -fstrict-aliasing -Wdeprecated-declarations -Winvalid-offsetof -Wno-sign-conversion -Wno-infinite-recursion -Wno-move -Wno-comma -Wno-block-capture-autoreleasing -Wno-strict-prototypes -Wno-range-loop-analysis -Wno-semicolon-before-method-body -index-store-path /Users/jamesalford/Library/Developer/Xcode/DerivedData/NotedCore-ftviuoyqruynvwbzbngenbwxsygv/Index.noindex/DataStore @/Users/jamesalford/Library/Developer/Xcode/DerivedData/NotedCore-ftviuoyqruynvwbzbngenbwxsygv/Build/Intermediates.noindex/mlx-swift.build/Debug-iphonesimulator/Cmlx.build/Objects-normal/arm64/82b82416624d2658e5098eb0a28c15c5-common-args.resp -MMD -MT dependencies -MF /Users/jamesalford/Library/Developer/Xcode/DerivedData/NotedCore-ftviuoyqruynvwbzbngenbwxsygv/Build/Intermediates.noindex/mlx-swift.build/Debug-iphonesimulator/Cmlx.build/Objects-normal/arm64/eigh.d --serialize-diagnostics /Users/jamesalford/Library/Developer/Xcode/DerivedData/NotedCore-ftviuoyqruynvwbzbngenbwxsygv/Build/Intermediates.noindex/mlx-swift.build/Debug-iphonesimulator/Cmlx.build/Objects-normal/arm64/eigh.dia -c /Users/jamesalford/Library/Developer/Xcode/DerivedData/NotedCore-ftviuoyqruynvwbzbngenbwxsygv/SourcePackages/checkouts/mlx-swift/Source/Cmlx/mlx/mlx/backend/cpu/eigh.cpp -o /Users/jamesalford/Library/Developer/Xcode/DerivedData/NotedCore-ftviuoyqruynvwbzbngenbwxsygv/Build/Intermediates.noindex/mlx-swift.build/Debug-iphonesimulator/Cmlx.build/Objects-normal/arm64/eigh.o -index-unit-output-path /mlx-swift.build/Debug-iphonesimulator/Cmlx.build/Objects-normal/arm64/eigh.o

CompileC /Users/jamesalford/Library/Developer/Xcode/DerivedData/NotedCore-ftviuoyqruynvwbzbngenbwxsygv/Build/Intermediates.noindex/mlx-swift.build/Debug-iphonesimulator/Cmlx.build/Objects-normal/arm64/dtype_utils.o /Users/jamesalford/Library/Developer/Xcode/DerivedData/NotedCore-ftviuoyqruynvwbzbngenbwxsygv/SourcePackages/checkouts/mlx-swift/Source/Cmlx/mlx/mlx/dtype_utils.cpp normal arm64 c++ com.apple.compilers.llvm.clang.1_0.compiler (in target 'Cmlx' from project 'mlx-swift')
    cd /Users/jamesalford/Documents/NotedCore/NotedCore.xcodeproj
    
    Using response file: /Users/jamesalford/Library/Developer/Xcode/DerivedData/NotedCore-ftviuoyqruynvwbzbngenbwxsygv/Build/Intermediates.noindex/mlx-swift.build/Debug-iphonesimulator/Cmlx.build/Objects-normal/arm64/82b82416624d2658e5098eb0a28c15c5-common-args.resp
    
    /Applications/Xcode.app/Contents/Developer/Toolchains/XcodeDefault.xctoolchain/usr/bin/clang -x c++ -ivfsstatcache /Users/jamesalford/Library/Developer/Xcode/DerivedData/SDKStatCaches.noindex/iphonesimulator26.0-23A339-3885c01c3e6b6a337905948deab2002e26257891a6c027eb51374368541b8346.sdkstatcache -fmessage-length\=0 -fdiagnostics-show-note-include-stack -fmacro-backtrace-limit\=0 -fno-color-diagnostics -fmodules-prune-interval\=86400 -fmodules-prune-after\=345600 -fbuild-session-file\=/Users/jamesalford/Library/Developer/Xcode/DerivedData/ModuleCache.noindex/Session.modulevalidation -fmodules-validate-once-per-build-session -Wnon-modular-include-in-framework-module -Werror\=non-modular-include-in-framework-module -Wno-trigraphs -Wno-missing-field-initializers -Wno-missing-prototypes -Wno-return-type -Wno-non-virtual-dtor -Wno-overloaded-virtual -Wno-exit-time-destructors -Wno-missing-braces -Wparentheses -Wswitch -Wno-unused-function -Wno-unused-label -Wno-unused-parameter -Wno-unused-variable -Wunused-value -Wno-empty-body -Wno-uninitialized -Wno-unknown-pragmas -w -Wno-shadow -Wno-four-char-constants -Wno-conversion -Wno-constant-conversion -Wno-int-conversion -Wno-bool-conversion -Wno-enum-conversion -Wno-float-conversion -Wno-non-literal-null-conversion -Wno-objc-literal-conversion -Wshorten-64-to-32 -Wno-newline-eof -Wno-c++11-extensions -Wno-implicit-fallthrough -fstrict-aliasing -Wdeprecated-declarations -Winvalid-offsetof -Wno-sign-conversion -Wno-infinite-recursion -Wno-move -Wno-comma -Wno-block-capture-autoreleasing -Wno-strict-prototypes -Wno-range-loop-analysis -Wno-semicolon-before-method-body -index-store-path /Users/jamesalford/Library/Developer/Xcode/DerivedData/NotedCore-ftviuoyqruynvwbzbngenbwxsygv/Index.noindex/DataStore @/Users/jamesalford/Library/Developer/Xcode/DerivedData/NotedCore-ftviuoyqruynvwbzbngenbwxsygv/Build/Intermediates.noindex/mlx-swift.build/Debug-iphonesimulator/Cmlx.build/Objects-normal/arm64/82b82416624d2658e5098eb0a28c15c5-common-args.resp -MMD -MT dependencies -MF /Users/jamesalford/Library/Developer/Xcode/DerivedData/NotedCore-ftviuoyqruynvwbzbngenbwxsygv/Build/Intermediates.noindex/mlx-swift.build/Debug-iphonesimulator/Cmlx.build/Objects-normal/arm64/dtype_utils.d --serialize-diagnostics /Users/jamesalford/Library/Developer/Xcode/DerivedData/NotedCore-ftviuoyqruynvwbzbngenbwxsygv/Build/Intermediates.noindex/mlx-swift.build/Debug-iphonesimulator/Cmlx.build/Objects-normal/arm64/dtype_utils.dia -c /Users/jamesalford/Library/Developer/Xcode/DerivedData/NotedCore-ftviuoyqruynvwbzbngenbwxsygv/SourcePackages/checkouts/mlx-swift/Source/Cmlx/mlx/mlx/dtype_utils.cpp -o /Users/jamesalford/Library/Developer/Xcode/DerivedData/NotedCore-ftviuoyqruynvwbzbngenbwxsygv/Build/Intermediates.noindex/mlx-swift.build/Debug-iphonesimulator/Cmlx.build/Objects-normal/arm64/dtype_utils.o -index-unit-output-path /mlx-swift.build/Debug-iphonesimulator/Cmlx.build/Objects-normal/arm64/dtype_utils.o

CompileC /Users/jamesalford/Library/Developer/Xcode/DerivedData/NotedCore-ftviuoyqruynvwbzbngenbwxsygv/Build/Intermediates.noindex/mlx-swift.build/Debug-iphonesimulator/Cmlx.build/Objects-normal/arm64/dtype.o /Users/jamesalford/Library/Developer/Xcode/DerivedData/NotedCore-ftviuoyqruynvwbzbngenbwxsygv/SourcePackages/checkouts/mlx-swift/Source/Cmlx/mlx/mlx/dtype.cpp normal arm64 c++ com.apple.compilers.llvm.clang.1_0.compiler (in target 'Cmlx' from project 'mlx-swift')
    cd /Users/jamesalford/Documents/NotedCore/NotedCore.xcodeproj
    
    Using response file: /Users/jamesalford/Library/Developer/Xcode/DerivedData/NotedCore-ftviuoyqruynvwbzbngenbwxsygv/Build/Intermediates.noindex/mlx-swift.build/Debug-iphonesimulator/Cmlx.build/Objects-normal/arm64/82b82416624d2658e5098eb0a28c15c5-common-args.resp
    
    /Applications/Xcode.app/Contents/Developer/Toolchains/XcodeDefault.xctoolchain/usr/bin/clang -x c++ -ivfsstatcache /Users/jamesalford/Library/Developer/Xcode/DerivedData/SDKStatCaches.noindex/iphonesimulator26.0-23A339-3885c01c3e6b6a337905948deab2002e26257891a6c027eb51374368541b8346.sdkstatcache -fmessage-length\=0 -fdiagnostics-show-note-include-stack -fmacro-backtrace-limit\=0 -fno-color-diagnostics -fmodules-prune-interval\=86400 -fmodules-prune-after\=345600 -fbuild-session-file\=/Users/jamesalford/Library/Developer/Xcode/DerivedData/ModuleCache.noindex/Session.modulevalidation -fmodules-validate-once-per-build-session -Wnon-modular-include-in-framework-module -Werror\=non-modular-include-in-framework-module -Wno-trigraphs -Wno-missing-field-initializers -Wno-missing-prototypes -Wno-return-type -Wno-non-virtual-dtor -Wno-overloaded-virtual -Wno-exit-time-destructors -Wno-missing-braces -Wparentheses -Wswitch -Wno-unused-function -Wno-unused-label -Wno-unused-parameter -Wno-unused-variable -Wunused-value -Wno-empty-body -Wno-uninitialized -Wno-unknown-pragmas -w -Wno-shadow -Wno-four-char-constants -Wno-conversion -Wno-constant-conversion -Wno-int-conversion -Wno-bool-conversion -Wno-enum-conversion -Wno-float-conversion -Wno-non-literal-null-conversion -Wno-objc-literal-conversion -Wshorten-64-to-32 -Wno-newline-eof -Wno-c++11-extensions -Wno-implicit-fallthrough -fstrict-aliasing -Wdeprecated-declarations -Winvalid-offsetof -Wno-sign-conversion -Wno-infinite-recursion -Wno-move -Wno-comma -Wno-block-capture-autoreleasing -Wno-strict-prototypes -Wno-range-loop-analysis -Wno-semicolon-before-method-body -index-store-path /Users/jamesalford/Library/Developer/Xcode/DerivedData/NotedCore-ftviuoyqruynvwbzbngenbwxsygv/Index.noindex/DataStore @/Users/jamesalford/Library/Developer/Xcode/DerivedData/NotedCore-ftviuoyqruynvwbzbngenbwxsygv/Build/Intermediates.noindex/mlx-swift.build/Debug-iphonesimulator/Cmlx.build/Objects-normal/arm64/82b82416624d2658e5098eb0a28c15c5-common-args.resp -MMD -MT dependencies -MF /Users/jamesalford/Library/Developer/Xcode/DerivedData/NotedCore-ftviuoyqruynvwbzbngenbwxsygv/Build/Intermediates.noindex/mlx-swift.build/Debug-iphonesimulator/Cmlx.build/Objects-normal/arm64/dtype.d --serialize-diagnostics /Users/jamesalford/Library/Developer/Xcode/DerivedData/NotedCore-ftviuoyqruynvwbzbngenbwxsygv/Build/Intermediates.noindex/mlx-swift.build/Debug-iphonesimulator/Cmlx.build/Objects-normal/arm64/dtype.dia -c /Users/jamesalford/Library/Developer/Xcode/DerivedData/NotedCore-ftviuoyqruynvwbzbngenbwxsygv/SourcePackages/checkouts/mlx-swift/Source/Cmlx/mlx/mlx/dtype.cpp -o /Users/jamesalford/Library/Developer/Xcode/DerivedData/NotedCore-ftviuoyqruynvwbzbngenbwxsygv/Build/Intermediates.noindex/mlx-swift.build/Debug-iphonesimulator/Cmlx.build/Objects-normal/arm64/dtype.o -index-unit-output-path /mlx-swift.build/Debug-iphonesimulator/Cmlx.build/Objects-normal/arm64/dtype.o

CompileC /Users/jamesalford/Library/Developer/Xcode/DerivedData/NotedCore-ftviuoyqruynvwbzbngenbwxsygv/Build/Intermediates.noindex/mlx-swift.build/Debug-iphonesimulator/Cmlx.build/Objects-normal/arm64/distributed-79135c87bbeeadc001e758fd9c0e9459.o /Users/jamesalford/Library/Developer/Xcode/DerivedData/NotedCore-ftviuoyqruynvwbzbngenbwxsygv/SourcePackages/checkouts/mlx-swift/Source/Cmlx/mlx/mlx/distributed/distributed.cpp normal arm64 c++ com.apple.compilers.llvm.clang.1_0.compiler (in target 'Cmlx' from project 'mlx-swift')
    cd /Users/jamesalford/Documents/NotedCore/NotedCore.xcodeproj
    
    Using response file: /Users/jamesalford/Library/Developer/Xcode/DerivedData/NotedCore-ftviuoyqruynvwbzbngenbwxsygv/Build/Intermediates.noindex/mlx-swift.build/Debug-iphonesimulator/Cmlx.build/Objects-normal/arm64/82b82416624d2658e5098eb0a28c15c5-common-args.resp
    
    /Applications/Xcode.app/Contents/Developer/Toolchains/XcodeDefault.xctoolchain/usr/bin/clang -x c++ -ivfsstatcache /Users/jamesalford/Library/Developer/Xcode/DerivedData/SDKStatCaches.noindex/iphonesimulator26.0-23A339-3885c01c3e6b6a337905948deab2002e26257891a6c027eb51374368541b8346.sdkstatcache -fmessage-length\=0 -fdiagnostics-show-note-include-stack -fmacro-backtrace-limit\=0 -fno-color-diagnostics -fmodules-prune-interval\=86400 -fmodules-prune-after\=345600 -fbuild-session-file\=/Users/jamesalford/Library/Developer/Xcode/DerivedData/ModuleCache.noindex/Session.modulevalidation -fmodules-validate-once-per-build-session -Wnon-modular-include-in-framework-module -Werror\=non-modular-include-in-framework-module -Wno-trigraphs -Wno-missing-field-initializers -Wno-missing-prototypes -Wno-return-type -Wno-non-virtual-dtor -Wno-overloaded-virtual -Wno-exit-time-destructors -Wno-missing-braces -Wparentheses -Wswitch -Wno-unused-function -Wno-unused-label -Wno-unused-parameter -Wno-unused-variable -Wunused-value -Wno-empty-body -Wno-uninitialized -Wno-unknown-pragmas -w -Wno-shadow -Wno-four-char-constants -Wno-conversion -Wno-constant-conversion -Wno-int-conversion -Wno-bool-conversion -Wno-enum-conversion -Wno-float-conversion -Wno-non-literal-null-conversion -Wno-objc-literal-conversion -Wshorten-64-to-32 -Wno-newline-eof -Wno-c++11-extensions -Wno-implicit-fallthrough -fstrict-aliasing -Wdeprecated-declarations -Winvalid-offsetof -Wno-sign-conversion -Wno-infinite-recursion -Wno-move -Wno-comma -Wno-block-capture-autoreleasing -Wno-strict-prototypes -Wno-range-loop-analysis -Wno-semicolon-before-method-body -index-store-path /Users/jamesalford/Library/Developer/Xcode/DerivedData/NotedCore-ftviuoyqruynvwbzbngenbwxsygv/Index.noindex/DataStore @/Users/jamesalford/Library/Developer/Xcode/DerivedData/NotedCore-ftviuoyqruynvwbzbngenbwxsygv/Build/Intermediates.noindex/mlx-swift.build/Debug-iphonesimulator/Cmlx.build/Objects-normal/arm64/82b82416624d2658e5098eb0a28c15c5-common-args.resp -MMD -MT dependencies -MF /Users/jamesalford/Library/Developer/Xcode/DerivedData/NotedCore-ftviuoyqruynvwbzbngenbwxsygv/Build/Intermediates.noindex/mlx-swift.build/Debug-iphonesimulator/Cmlx.build/Objects-normal/arm64/distributed-79135c87bbeeadc001e758fd9c0e9459.d --serialize-diagnostics /Users/jamesalford/Library/Developer/Xcode/DerivedData/NotedCore-ftviuoyqruynvwbzbngenbwxsygv/Build/Intermediates.noindex/mlx-swift.build/Debug-iphonesimulator/Cmlx.build/Objects-normal/arm64/distributed-79135c87bbeeadc001e758fd9c0e9459.dia -c /Users/jamesalford/Library/Developer/Xcode/DerivedData/NotedCore-ftviuoyqruynvwbzbngenbwxsygv/SourcePackages/checkouts/mlx-swift/Source/Cmlx/mlx/mlx/distributed/distributed.cpp -o /Users/jamesalford/Library/Developer/Xcode/DerivedData/NotedCore-ftviuoyqruynvwbzbngenbwxsygv/Build/Intermediates.noindex/mlx-swift.build/Debug-iphonesimulator/Cmlx.build/Objects-normal/arm64/distributed-79135c87bbeeadc001e758fd9c0e9459.o -index-unit-output-path /mlx-swift.build/Debug-iphonesimulator/Cmlx.build/Objects-normal/arm64/distributed-79135c87bbeeadc001e758fd9c0e9459.o

CompileC /Users/jamesalford/Library/Developer/Xcode/DerivedData/NotedCore-ftviuoyqruynvwbzbngenbwxsygv/Build/Intermediates.noindex/mlx-swift.build/Debug-iphonesimulator/Cmlx.build/Objects-normal/arm64/distributed-40b63af6c559577c48ee4ca389cc3d6e.o /Users/jamesalford/Library/Developer/Xcode/DerivedData/NotedCore-ftviuoyqruynvwbzbngenbwxsygv/SourcePackages/checkouts/mlx-swift/Source/Cmlx/mlx/mlx/backend/cpu/distributed.cpp normal arm64 c++ com.apple.compilers.llvm.clang.1_0.compiler (in target 'Cmlx' from project 'mlx-swift')
    cd /Users/jamesalford/Documents/NotedCore/NotedCore.xcodeproj
    
    Using response file: /Users/jamesalford/Library/Developer/Xcode/DerivedData/NotedCore-ftviuoyqruynvwbzbngenbwxsygv/Build/Intermediates.noindex/mlx-swift.build/Debug-iphonesimulator/Cmlx.build/Objects-normal/arm64/82b82416624d2658e5098eb0a28c15c5-common-args.resp
    
    /Applications/Xcode.app/Contents/Developer/Toolchains/XcodeDefault.xctoolchain/usr/bin/clang -x c++ -ivfsstatcache /Users/jamesalford/Library/Developer/Xcode/DerivedData/SDKStatCaches.noindex/iphonesimulator26.0-23A339-3885c01c3e6b6a337905948deab2002e26257891a6c027eb51374368541b8346.sdkstatcache -fmessage-length\=0 -fdiagnostics-show-note-include-stack -fmacro-backtrace-limit\=0 -fno-color-diagnostics -fmodules-prune-interval\=86400 -fmodules-prune-after\=345600 -fbuild-session-file\=/Users/jamesalford/Library/Developer/Xcode/DerivedData/ModuleCache.noindex/Session.modulevalidation -fmodules-validate-once-per-build-session -Wnon-modular-include-in-framework-module -Werror\=non-modular-include-in-framework-module -Wno-trigraphs -Wno-missing-field-initializers -Wno-missing-prototypes -Wno-return-type -Wno-non-virtual-dtor -Wno-overloaded-virtual -Wno-exit-time-destructors -Wno-missing-braces -Wparentheses -Wswitch -Wno-unused-function -Wno-unused-label -Wno-unused-parameter -Wno-unused-variable -Wunused-value -Wno-empty-body -Wno-uninitialized -Wno-unknown-pragmas -w -Wno-shadow -Wno-four-char-constants -Wno-conversion -Wno-constant-conversion -Wno-int-conversion -Wno-bool-conversion -Wno-enum-conversion -Wno-float-conversion -Wno-non-literal-null-conversion -Wno-objc-literal-conversion -Wshorten-64-to-32 -Wno-newline-eof -Wno-c++11-extensions -Wno-implicit-fallthrough -fstrict-aliasing -Wdeprecated-declarations -Winvalid-offsetof -Wno-sign-conversion -Wno-infinite-recursion -Wno-move -Wno-comma -Wno-block-capture-autoreleasing -Wno-strict-prototypes -Wno-range-loop-analysis -Wno-semicolon-before-method-body -index-store-path /Users/jamesalford/Library/Developer/Xcode/DerivedData/NotedCore-ftviuoyqruynvwbzbngenbwxsygv/Index.noindex/DataStore @/Users/jamesalford/Library/Developer/Xcode/DerivedData/NotedCore-ftviuoyqruynvwbzbngenbwxsygv/Build/Intermediates.noindex/mlx-swift.build/Debug-iphonesimulator/Cmlx.build/Objects-normal/arm64/82b82416624d2658e5098eb0a28c15c5-common-args.resp -MMD -MT dependencies -MF /Users/jamesalford/Library/Developer/Xcode/DerivedData/NotedCore-ftviuoyqruynvwbzbngenbwxsygv/Build/Intermediates.noindex/mlx-swift.build/Debug-iphonesimulator/Cmlx.build/Objects-normal/arm64/distributed-40b63af6c559577c48ee4ca389cc3d6e.d --serialize-diagnostics /Users/jamesalford/Library/Developer/Xcode/DerivedData/NotedCore-ftviuoyqruynvwbzbngenbwxsygv/Build/Intermediates.noindex/mlx-swift.build/Debug-iphonesimulator/Cmlx.build/Objects-normal/arm64/distributed-40b63af6c559577c48ee4ca389cc3d6e.dia -c /Users/jamesalford/Library/Developer/Xcode/DerivedData/NotedCore-ftviuoyqruynvwbzbngenbwxsygv/SourcePackages/checkouts/mlx-swift/Source/Cmlx/mlx/mlx/backend/cpu/distributed.cpp -o /Users/jamesalford/Library/Developer/Xcode/DerivedData/NotedCore-ftviuoyqruynvwbzbngenbwxsygv/Build/Intermediates.noindex/mlx-swift.build/Debug-iphonesimulator/Cmlx.build/Objects-normal/arm64/distributed-40b63af6c559577c48ee4ca389cc3d6e.o -index-unit-output-path /mlx-swift.build/Debug-iphonesimulator/Cmlx.build/Objects-normal/arm64/distributed-40b63af6c559577c48ee4ca389cc3d6e.o

CompileC /Users/jamesalford/Library/Developer/Xcode/DerivedData/NotedCore-ftviuoyqruynvwbzbngenbwxsygv/Build/Intermediates.noindex/mlx-swift.build/Debug-iphonesimulator/Cmlx.build/Objects-normal/arm64/distributed-06cf44ef37dc404ef6eb90e31d11db67.o /Users/jamesalford/Library/Developer/Xcode/DerivedData/NotedCore-ftviuoyqruynvwbzbngenbwxsygv/SourcePackages/checkouts/mlx-swift/Source/Cmlx/mlx/mlx/backend/metal/distributed.cpp normal arm64 c++ com.apple.compilers.llvm.clang.1_0.compiler (in target 'Cmlx' from project 'mlx-swift')
    cd /Users/jamesalford/Documents/NotedCore/NotedCore.xcodeproj
    
    Using response file: /Users/jamesalford/Library/Developer/Xcode/DerivedData/NotedCore-ftviuoyqruynvwbzbngenbwxsygv/Build/Intermediates.noindex/mlx-swift.build/Debug-iphonesimulator/Cmlx.build/Objects-normal/arm64/82b82416624d2658e5098eb0a28c15c5-common-args.resp
    
    /Applications/Xcode.app/Contents/Developer/Toolchains/XcodeDefault.xctoolchain/usr/bin/clang -x c++ -ivfsstatcache /Users/jamesalford/Library/Developer/Xcode/DerivedData/SDKStatCaches.noindex/iphonesimulator26.0-23A339-3885c01c3e6b6a337905948deab2002e26257891a6c027eb51374368541b8346.sdkstatcache -fmessage-length\=0 -fdiagnostics-show-note-include-stack -fmacro-backtrace-limit\=0 -fno-color-diagnostics -fmodules-prune-interval\=86400 -fmodules-prune-after\=345600 -fbuild-session-file\=/Users/jamesalford/Library/Developer/Xcode/DerivedData/ModuleCache.noindex/Session.modulevalidation -fmodules-validate-once-per-build-session -Wnon-modular-include-in-framework-module -Werror\=non-modular-include-in-framework-module -Wno-trigraphs -Wno-missing-field-initializers -Wno-missing-prototypes -Wno-return-type -Wno-non-virtual-dtor -Wno-overloaded-virtual -Wno-exit-time-destructors -Wno-missing-braces -Wparentheses -Wswitch -Wno-unused-function -Wno-unused-label -Wno-unused-parameter -Wno-unused-variable -Wunused-value -Wno-empty-body -Wno-uninitialized -Wno-unknown-pragmas -w -Wno-shadow -Wno-four-char-constants -Wno-conversion -Wno-constant-conversion -Wno-int-conversion -Wno-bool-conversion -Wno-enum-conversion -Wno-float-conversion -Wno-non-literal-null-conversion -Wno-objc-literal-conversion -Wshorten-64-to-32 -Wno-newline-eof -Wno-c++11-extensions -Wno-implicit-fallthrough -fstrict-aliasing -Wdeprecated-declarations -Winvalid-offsetof -Wno-sign-conversion -Wno-infinite-recursion -Wno-move -Wno-comma -Wno-block-capture-autoreleasing -Wno-strict-prototypes -Wno-range-loop-analysis -Wno-semicolon-before-method-body -index-store-path /Users/jamesalford/Library/Developer/Xcode/DerivedData/NotedCore-ftviuoyqruynvwbzbngenbwxsygv/Index.noindex/DataStore @/Users/jamesalford/Library/Developer/Xcode/DerivedData/NotedCore-ftviuoyqruynvwbzbngenbwxsygv/Build/Intermediates.noindex/mlx-swift.build/Debug-iphonesimulator/Cmlx.build/Objects-normal/arm64/82b82416624d2658e5098eb0a28c15c5-common-args.resp -MMD -MT dependencies -MF /Users/jamesalford/Library/Developer/Xcode/DerivedData/NotedCore-ftviuoyqruynvwbzbngenbwxsygv/Build/Intermediates.noindex/mlx-swift.build/Debug-iphonesimulator/Cmlx.build/Objects-normal/arm64/distributed-06cf44ef37dc404ef6eb90e31d11db67.d --serialize-diagnostics /Users/jamesalford/Library/Developer/Xcode/DerivedData/NotedCore-ftviuoyqruynvwbzbngenbwxsygv/Build/Intermediates.noindex/mlx-swift.build/Debug-iphonesimulator/Cmlx.build/Objects-normal/arm64/distributed-06cf44ef37dc404ef6eb90e31d11db67.dia -c /Users/jamesalford/Library/Developer/Xcode/DerivedData/NotedCore-ftviuoyqruynvwbzbngenbwxsygv/SourcePackages/checkouts/mlx-swift/Source/Cmlx/mlx/mlx/backend/metal/distributed.cpp -o /Users/jamesalford/Library/Developer/Xcode/DerivedData/NotedCore-ftviuoyqruynvwbzbngenbwxsygv/Build/Intermediates.noindex/mlx-swift.build/Debug-iphonesimulator/Cmlx.build/Objects-normal/arm64/distributed-06cf44ef37dc404ef6eb90e31d11db67.o -index-unit-output-path /mlx-swift.build/Debug-iphonesimulator/Cmlx.build/Objects-normal/arm64/distributed-06cf44ef37dc404ef6eb90e31d11db67.o

CompileC /Users/jamesalford/Library/Developer/Xcode/DerivedData/NotedCore-ftviuoyqruynvwbzbngenbwxsygv/Build/Intermediates.noindex/mlx-swift.build/Debug-iphonesimulator/Cmlx.build/Objects-normal/arm64/device-c6fc992fbeab34d2fd275e66168699a7.o /Users/jamesalford/Library/Developer/Xcode/DerivedData/NotedCore-ftviuoyqruynvwbzbngenbwxsygv/SourcePackages/checkouts/mlx-swift/Source/Cmlx/mlx/mlx/backend/metal/device.cpp normal arm64 c++ com.apple.compilers.llvm.clang.1_0.compiler (in target 'Cmlx' from project 'mlx-swift')
    cd /Users/jamesalford/Documents/NotedCore/NotedCore.xcodeproj
    
    Using response file: /Users/jamesalford/Library/Developer/Xcode/DerivedData/NotedCore-ftviuoyqruynvwbzbngenbwxsygv/Build/Intermediates.noindex/mlx-swift.build/Debug-iphonesimulator/Cmlx.build/Objects-normal/arm64/82b82416624d2658e5098eb0a28c15c5-common-args.resp
    
    /Applications/Xcode.app/Contents/Developer/Toolchains/XcodeDefault.xctoolchain/usr/bin/clang -x c++ -ivfsstatcache /Users/jamesalford/Library/Developer/Xcode/DerivedData/SDKStatCaches.noindex/iphonesimulator26.0-23A339-3885c01c3e6b6a337905948deab2002e26257891a6c027eb51374368541b8346.sdkstatcache -fmessage-length\=0 -fdiagnostics-show-note-include-stack -fmacro-backtrace-limit\=0 -fno-color-diagnostics -fmodules-prune-interval\=86400 -fmodules-prune-after\=345600 -fbuild-session-file\=/Users/jamesalford/Library/Developer/Xcode/DerivedData/ModuleCache.noindex/Session.modulevalidation -fmodules-validate-once-per-build-session -Wnon-modular-include-in-framework-module -Werror\=non-modular-include-in-framework-module -Wno-trigraphs -Wno-missing-field-initializers -Wno-missing-prototypes -Wno-return-type -Wno-non-virtual-dtor -Wno-overloaded-virtual -Wno-exit-time-destructors -Wno-missing-braces -Wparentheses -Wswitch -Wno-unused-function -Wno-unused-label -Wno-unused-parameter -Wno-unused-variable -Wunused-value -Wno-empty-body -Wno-uninitialized -Wno-unknown-pragmas -w -Wno-shadow -Wno-four-char-constants -Wno-conversion -Wno-constant-conversion -Wno-int-conversion -Wno-bool-conversion -Wno-enum-conversion -Wno-float-conversion -Wno-non-literal-null-conversion -Wno-objc-literal-conversion -Wshorten-64-to-32 -Wno-newline-eof -Wno-c++11-extensions -Wno-implicit-fallthrough -fstrict-aliasing -Wdeprecated-declarations -Winvalid-offsetof -Wno-sign-conversion -Wno-infinite-recursion -Wno-move -Wno-comma -Wno-block-capture-autoreleasing -Wno-strict-prototypes -Wno-range-loop-analysis -Wno-semicolon-before-method-body -index-store-path /Users/jamesalford/Library/Developer/Xcode/DerivedData/NotedCore-ftviuoyqruynvwbzbngenbwxsygv/Index.noindex/DataStore @/Users/jamesalford/Library/Developer/Xcode/DerivedData/NotedCore-ftviuoyqruynvwbzbngenbwxsygv/Build/Intermediates.noindex/mlx-swift.build/Debug-iphonesimulator/Cmlx.build/Objects-normal/arm64/82b82416624d2658e5098eb0a28c15c5-common-args.resp -MMD -MT dependencies -MF /Users/jamesalford/Library/Developer/Xcode/DerivedData/NotedCore-ftviuoyqruynvwbzbngenbwxsygv/Build/Intermediates.noindex/mlx-swift.build/Debug-iphonesimulator/Cmlx.build/Objects-normal/arm64/device-c6fc992fbeab34d2fd275e66168699a7.d --serialize-diagnostics /Users/jamesalford/Library/Developer/Xcode/DerivedData/NotedCore-ftviuoyqruynvwbzbngenbwxsygv/Build/Intermediates.noindex/mlx-swift.build/Debug-iphonesimulator/Cmlx.build/Objects-normal/arm64/device-c6fc992fbeab34d2fd275e66168699a7.dia -c /Users/jamesalford/Library/Developer/Xcode/DerivedData/NotedCore-ftviuoyqruynvwbzbngenbwxsygv/SourcePackages/checkouts/mlx-swift/Source/Cmlx/mlx/mlx/backend/metal/device.cpp -o /Users/jamesalford/Library/Developer/Xcode/DerivedData/NotedCore-ftviuoyqruynvwbzbngenbwxsygv/Build/Intermediates.noindex/mlx-swift.build/Debug-iphonesimulator/Cmlx.build/Objects-normal/arm64/device-c6fc992fbeab34d2fd275e66168699a7.o -index-unit-output-path /mlx-swift.build/Debug-iphonesimulator/Cmlx.build/Objects-normal/arm64/device-c6fc992fbeab34d2fd275e66168699a7.o

CompileC /Users/jamesalford/Library/Developer/Xcode/DerivedData/NotedCore-ftviuoyqruynvwbzbngenbwxsygv/Build/Intermediates.noindex/mlx-swift.build/Debug-iphonesimulator/Cmlx.build/Objects-normal/arm64/device-7517619a344afd110e308f9b3fe6b348.o /Users/jamesalford/Library/Developer/Xcode/DerivedData/NotedCore-ftviuoyqruynvwbzbngenbwxsygv/SourcePackages/checkouts/mlx-swift/Source/Cmlx/mlx/mlx/device.cpp normal arm64 c++ com.apple.compilers.llvm.clang.1_0.compiler (in target 'Cmlx' from project 'mlx-swift')
    cd /Users/jamesalford/Documents/NotedCore/NotedCore.xcodeproj
    
    Using response file: /Users/jamesalford/Library/Developer/Xcode/DerivedData/NotedCore-ftviuoyqruynvwbzbngenbwxsygv/Build/Intermediates.noindex/mlx-swift.build/Debug-iphonesimulator/Cmlx.build/Objects-normal/arm64/82b82416624d2658e5098eb0a28c15c5-common-args.resp
    
    /Applications/Xcode.app/Contents/Developer/Toolchains/XcodeDefault.xctoolchain/usr/bin/clang -x c++ -ivfsstatcache /Users/jamesalford/Library/Developer/Xcode/DerivedData/SDKStatCaches.noindex/iphonesimulator26.0-23A339-3885c01c3e6b6a337905948deab2002e26257891a6c027eb51374368541b8346.sdkstatcache -fmessage-length\=0 -fdiagnostics-show-note-include-stack -fmacro-backtrace-limit\=0 -fno-color-diagnostics -fmodules-prune-interval\=86400 -fmodules-prune-after\=345600 -fbuild-session-file\=/Users/jamesalford/Library/Developer/Xcode/DerivedData/ModuleCache.noindex/Session.modulevalidation -fmodules-validate-once-per-build-session -Wnon-modular-include-in-framework-module -Werror\=non-modular-include-in-framework-module -Wno-trigraphs -Wno-missing-field-initializers -Wno-missing-prototypes -Wno-return-type -Wno-non-virtual-dtor -Wno-overloaded-virtual -Wno-exit-time-destructors -Wno-missing-braces -Wparentheses -Wswitch -Wno-unused-function -Wno-unused-label -Wno-unused-parameter -Wno-unused-variable -Wunused-value -Wno-empty-body -Wno-uninitialized -Wno-unknown-pragmas -w -Wno-shadow -Wno-four-char-constants -Wno-conversion -Wno-constant-conversion -Wno-int-conversion -Wno-bool-conversion -Wno-enum-conversion -Wno-float-conversion -Wno-non-literal-null-conversion -Wno-objc-literal-conversion -Wshorten-64-to-32 -Wno-newline-eof -Wno-c++11-extensions -Wno-implicit-fallthrough -fstrict-aliasing -Wdeprecated-declarations -Winvalid-offsetof -Wno-sign-conversion -Wno-infinite-recursion -Wno-move -Wno-comma -Wno-block-capture-autoreleasing -Wno-strict-prototypes -Wno-range-loop-analysis -Wno-semicolon-before-method-body -index-store-path /Users/jamesalford/Library/Developer/Xcode/DerivedData/NotedCore-ftviuoyqruynvwbzbngenbwxsygv/Index.noindex/DataStore @/Users/jamesalford/Library/Developer/Xcode/DerivedData/NotedCore-ftviuoyqruynvwbzbngenbwxsygv/Build/Intermediates.noindex/mlx-swift.build/Debug-iphonesimulator/Cmlx.build/Objects-normal/arm64/82b82416624d2658e5098eb0a28c15c5-common-args.resp -MMD -MT dependencies -MF /Users/jamesalford/Library/Developer/Xcode/DerivedData/NotedCore-ftviuoyqruynvwbzbngenbwxsygv/Build/Intermediates.noindex/mlx-swift.build/Debug-iphonesimulator/Cmlx.build/Objects-normal/arm64/device-7517619a344afd110e308f9b3fe6b348.d --serialize-diagnostics /Users/jamesalford/Library/Developer/Xcode/DerivedData/NotedCore-ftviuoyqruynvwbzbngenbwxsygv/Build/Intermediates.noindex/mlx-swift.build/Debug-iphonesimulator/Cmlx.build/Objects-normal/arm64/device-7517619a344afd110e308f9b3fe6b348.dia -c /Users/jamesalford/Library/Developer/Xcode/DerivedData/NotedCore-ftviuoyqruynvwbzbngenbwxsygv/SourcePackages/checkouts/mlx-swift/Source/Cmlx/mlx/mlx/device.cpp -o /Users/jamesalford/Library/Developer/Xcode/DerivedData/NotedCore-ftviuoyqruynvwbzbngenbwxsygv/Build/Intermediates.noindex/mlx-swift.build/Debug-iphonesimulator/Cmlx.build/Objects-normal/arm64/device-7517619a344afd110e308f9b3fe6b348.o -index-unit-output-path /mlx-swift.build/Debug-iphonesimulator/Cmlx.build/Objects-normal/arm64/device-7517619a344afd110e308f9b3fe6b348.o

CompileC /Users/jamesalford/Library/Developer/Xcode/DerivedData/NotedCore-ftviuoyqruynvwbzbngenbwxsygv/Build/Intermediates.noindex/mlx-swift.build/Debug-iphonesimulator/Cmlx.build/Objects-normal/arm64/device-04a68186b112e9ef17e284c80ac7b378.o /Users/jamesalford/Library/Developer/Xcode/DerivedData/NotedCore-ftviuoyqruynvwbzbngenbwxsygv/SourcePackages/checkouts/mlx-swift/Source/Cmlx/mlx-c/mlx/c/device.cpp normal arm64 c++ com.apple.compilers.llvm.clang.1_0.compiler (in target 'Cmlx' from project 'mlx-swift')
    cd /Users/jamesalford/Documents/NotedCore/NotedCore.xcodeproj
    
    Using response file: /Users/jamesalford/Library/Developer/Xcode/DerivedData/NotedCore-ftviuoyqruynvwbzbngenbwxsygv/Build/Intermediates.noindex/mlx-swift.build/Debug-iphonesimulator/Cmlx.build/Objects-normal/arm64/82b82416624d2658e5098eb0a28c15c5-common-args.resp
    
    /Applications/Xcode.app/Contents/Developer/Toolchains/XcodeDefault.xctoolchain/usr/bin/clang -x c++ -ivfsstatcache /Users/jamesalford/Library/Developer/Xcode/DerivedData/SDKStatCaches.noindex/iphonesimulator26.0-23A339-3885c01c3e6b6a337905948deab2002e26257891a6c027eb51374368541b8346.sdkstatcache -fmessage-length\=0 -fdiagnostics-show-note-include-stack -fmacro-backtrace-limit\=0 -fno-color-diagnostics -fmodules-prune-interval\=86400 -fmodules-prune-after\=345600 -fbuild-session-file\=/Users/jamesalford/Library/Developer/Xcode/DerivedData/ModuleCache.noindex/Session.modulevalidation -fmodules-validate-once-per-build-session -Wnon-modular-include-in-framework-module -Werror\=non-modular-include-in-framework-module -Wno-trigraphs -Wno-missing-field-initializers -Wno-missing-prototypes -Wno-return-type -Wno-non-virtual-dtor -Wno-overloaded-virtual -Wno-exit-time-destructors -Wno-missing-braces -Wparentheses -Wswitch -Wno-unused-function -Wno-unused-label -Wno-unused-parameter -Wno-unused-variable -Wunused-value -Wno-empty-body -Wno-uninitialized -Wno-unknown-pragmas -w -Wno-shadow -Wno-four-char-constants -Wno-conversion -Wno-constant-conversion -Wno-int-conversion -Wno-bool-conversion -Wno-enum-conversion -Wno-float-conversion -Wno-non-literal-null-conversion -Wno-objc-literal-conversion -Wshorten-64-to-32 -Wno-newline-eof -Wno-c++11-extensions -Wno-implicit-fallthrough -fstrict-aliasing -Wdeprecated-declarations -Winvalid-offsetof -Wno-sign-conversion -Wno-infinite-recursion -Wno-move -Wno-comma -Wno-block-capture-autoreleasing -Wno-strict-prototypes -Wno-range-loop-analysis -Wno-semicolon-before-method-body -index-store-path /Users/jamesalford/Library/Developer/Xcode/DerivedData/NotedCore-ftviuoyqruynvwbzbngenbwxsygv/Index.noindex/DataStore @/Users/jamesalford/Library/Developer/Xcode/DerivedData/NotedCore-ftviuoyqruynvwbzbngenbwxsygv/Build/Intermediates.noindex/mlx-swift.build/Debug-iphonesimulator/Cmlx.build/Objects-normal/arm64/82b82416624d2658e5098eb0a28c15c5-common-args.resp -MMD -MT dependencies -MF /Users/jamesalford/Library/Developer/Xcode/DerivedData/NotedCore-ftviuoyqruynvwbzbngenbwxsygv/Build/Intermediates.noindex/mlx-swift.build/Debug-iphonesimulator/Cmlx.build/Objects-normal/arm64/device-04a68186b112e9ef17e284c80ac7b378.d --serialize-diagnostics /Users/jamesalford/Library/Developer/Xcode/DerivedData/NotedCore-ftviuoyqruynvwbzbngenbwxsygv/Build/Intermediates.noindex/mlx-swift.build/Debug-iphonesimulator/Cmlx.build/Objects-normal/arm64/device-04a68186b112e9ef17e284c80ac7b378.dia -c /Users/jamesalford/Library/Developer/Xcode/DerivedData/NotedCore-ftviuoyqruynvwbzbngenbwxsygv/SourcePackages/checkouts/mlx-swift/Source/Cmlx/mlx-c/mlx/c/device.cpp -o /Users/jamesalford/Library/Developer/Xcode/DerivedData/NotedCore-ftviuoyqruynvwbzbngenbwxsygv/Build/Intermediates.noindex/mlx-swift.build/Debug-iphonesimulator/Cmlx.build/Objects-normal/arm64/device-04a68186b112e9ef17e284c80ac7b378.o -index-unit-output-path /mlx-swift.build/Debug-iphonesimulator/Cmlx.build/Objects-normal/arm64/device-04a68186b112e9ef17e284c80ac7b378.o

CompileC /Users/jamesalford/Library/Developer/Xcode/DerivedData/NotedCore-ftviuoyqruynvwbzbngenbwxsygv/Build/Intermediates.noindex/mlx-swift.build/Debug-iphonesimulator/Cmlx.build/Objects-normal/arm64/custom_kernel.o /Users/jamesalford/Library/Developer/Xcode/DerivedData/NotedCore-ftviuoyqruynvwbzbngenbwxsygv/SourcePackages/checkouts/mlx-swift/Source/Cmlx/mlx/mlx/backend/metal/custom_kernel.cpp normal arm64 c++ com.apple.compilers.llvm.clang.1_0.compiler (in target 'Cmlx' from project 'mlx-swift')
    cd /Users/jamesalford/Documents/NotedCore/NotedCore.xcodeproj
    
    Using response file: /Users/jamesalford/Library/Developer/Xcode/DerivedData/NotedCore-ftviuoyqruynvwbzbngenbwxsygv/Build/Intermediates.noindex/mlx-swift.build/Debug-iphonesimulator/Cmlx.build/Objects-normal/arm64/82b82416624d2658e5098eb0a28c15c5-common-args.resp
    
    /Applications/Xcode.app/Contents/Developer/Toolchains/XcodeDefault.xctoolchain/usr/bin/clang -x c++ -ivfsstatcache /Users/jamesalford/Library/Developer/Xcode/DerivedData/SDKStatCaches.noindex/iphonesimulator26.0-23A339-3885c01c3e6b6a337905948deab2002e26257891a6c027eb51374368541b8346.sdkstatcache -fmessage-length\=0 -fdiagnostics-show-note-include-stack -fmacro-backtrace-limit\=0 -fno-color-diagnostics -fmodules-prune-interval\=86400 -fmodules-prune-after\=345600 -fbuild-session-file\=/Users/jamesalford/Library/Developer/Xcode/DerivedData/ModuleCache.noindex/Session.modulevalidation -fmodules-validate-once-per-build-session -Wnon-modular-include-in-framework-module -Werror\=non-modular-include-in-framework-module -Wno-trigraphs -Wno-missing-field-initializers -Wno-missing-prototypes -Wno-return-type -Wno-non-virtual-dtor -Wno-overloaded-virtual -Wno-exit-time-destructors -Wno-missing-braces -Wparentheses -Wswitch -Wno-unused-function -Wno-unused-label -Wno-unused-parameter -Wno-unused-variable -Wunused-value -Wno-empty-body -Wno-uninitialized -Wno-unknown-pragmas -w -Wno-shadow -Wno-four-char-constants -Wno-conversion -Wno-constant-conversion -Wno-int-conversion -Wno-bool-conversion -Wno-enum-conversion -Wno-float-conversion -Wno-non-literal-null-conversion -Wno-objc-literal-conversion -Wshorten-64-to-32 -Wno-newline-eof -Wno-c++11-extensions -Wno-implicit-fallthrough -fstrict-aliasing -Wdeprecated-declarations -Winvalid-offsetof -Wno-sign-conversion -Wno-infinite-recursion -Wno-move -Wno-comma -Wno-block-capture-autoreleasing -Wno-strict-prototypes -Wno-range-loop-analysis -Wno-semicolon-before-method-body -index-store-path /Users/jamesalford/Library/Developer/Xcode/DerivedData/NotedCore-ftviuoyqruynvwbzbngenbwxsygv/Index.noindex/DataStore @/Users/jamesalford/Library/Developer/Xcode/DerivedData/NotedCore-ftviuoyqruynvwbzbngenbwxsygv/Build/Intermediates.noindex/mlx-swift.build/Debug-iphonesimulator/Cmlx.build/Objects-normal/arm64/82b82416624d2658e5098eb0a28c15c5-common-args.resp -MMD -MT dependencies -MF /Users/jamesalford/Library/Developer/Xcode/DerivedData/NotedCore-ftviuoyqruynvwbzbngenbwxsygv/Build/Intermediates.noindex/mlx-swift.build/Debug-iphonesimulator/Cmlx.build/Objects-normal/arm64/custom_kernel.d --serialize-diagnostics /Users/jamesalford/Library/Developer/Xcode/DerivedData/NotedCore-ftviuoyqruynvwbzbngenbwxsygv/Build/Intermediates.noindex/mlx-swift.build/Debug-iphonesimulator/Cmlx.build/Objects-normal/arm64/custom_kernel.dia -c /Users/jamesalford/Library/Developer/Xcode/DerivedData/NotedCore-ftviuoyqruynvwbzbngenbwxsygv/SourcePackages/checkouts/mlx-swift/Source/Cmlx/mlx/mlx/backend/metal/custom_kernel.cpp -o /Users/jamesalford/Library/Developer/Xcode/DerivedData/NotedCore-ftviuoyqruynvwbzbngenbwxsygv/Build/Intermediates.noindex/mlx-swift.build/Debug-iphonesimulator/Cmlx.build/Objects-normal/arm64/custom_kernel.o -index-unit-output-path /mlx-swift.build/Debug-iphonesimulator/Cmlx.build/Objects-normal/arm64/custom_kernel.o

CompileC /Users/jamesalford/Library/Developer/Xcode/DerivedData/NotedCore-ftviuoyqruynvwbzbngenbwxsygv/Build/Intermediates.noindex/mlx-swift.build/Debug-iphonesimulator/Cmlx.build/Objects-normal/arm64/copy-ee28ee8dbf784c25b7e3b371e3f5fb7e.o /Users/jamesalford/Library/Developer/Xcode/DerivedData/NotedCore-ftviuoyqruynvwbzbngenbwxsygv/SourcePackages/checkouts/mlx-swift/Source/Cmlx/mlx-generated/copy.cpp normal arm64 c++ com.apple.compilers.llvm.clang.1_0.compiler (in target 'Cmlx' from project 'mlx-swift')
    cd /Users/jamesalford/Documents/NotedCore/NotedCore.xcodeproj
    
    Using response file: /Users/jamesalford/Library/Developer/Xcode/DerivedData/NotedCore-ftviuoyqruynvwbzbngenbwxsygv/Build/Intermediates.noindex/mlx-swift.build/Debug-iphonesimulator/Cmlx.build/Objects-normal/arm64/82b82416624d2658e5098eb0a28c15c5-common-args.resp
    
    /Applications/Xcode.app/Contents/Developer/Toolchains/XcodeDefault.xctoolchain/usr/bin/clang -x c++ -ivfsstatcache /Users/jamesalford/Library/Developer/Xcode/DerivedData/SDKStatCaches.noindex/iphonesimulator26.0-23A339-3885c01c3e6b6a337905948deab2002e26257891a6c027eb51374368541b8346.sdkstatcache -fmessage-length\=0 -fdiagnostics-show-note-include-stack -fmacro-backtrace-limit\=0 -fno-color-diagnostics -fmodules-prune-interval\=86400 -fmodules-prune-after\=345600 -fbuild-session-file\=/Users/jamesalford/Library/Developer/Xcode/DerivedData/ModuleCache.noindex/Session.modulevalidation -fmodules-validate-once-per-build-session -Wnon-modular-include-in-framework-module -Werror\=non-modular-include-in-framework-module -Wno-trigraphs -Wno-missing-field-initializers -Wno-missing-prototypes -Wno-return-type -Wno-non-virtual-dtor -Wno-overloaded-virtual -Wno-exit-time-destructors -Wno-missing-braces -Wparentheses -Wswitch -Wno-unused-function -Wno-unused-label -Wno-unused-parameter -Wno-unused-variable -Wunused-value -Wno-empty-body -Wno-uninitialized -Wno-unknown-pragmas -w -Wno-shadow -Wno-four-char-constants -Wno-conversion -Wno-constant-conversion -Wno-int-conversion -Wno-bool-conversion -Wno-enum-conversion -Wno-float-conversion -Wno-non-literal-null-conversion -Wno-objc-literal-conversion -Wshorten-64-to-32 -Wno-newline-eof -Wno-c++11-extensions -Wno-implicit-fallthrough -fstrict-aliasing -Wdeprecated-declarations -Winvalid-offsetof -Wno-sign-conversion -Wno-infinite-recursion -Wno-move -Wno-comma -Wno-block-capture-autoreleasing -Wno-strict-prototypes -Wno-range-loop-analysis -Wno-semicolon-before-method-body -index-store-path /Users/jamesalford/Library/Developer/Xcode/DerivedData/NotedCore-ftviuoyqruynvwbzbngenbwxsygv/Index.noindex/DataStore @/Users/jamesalford/Library/Developer/Xcode/DerivedData/NotedCore-ftviuoyqruynvwbzbngenbwxsygv/Build/Intermediates.noindex/mlx-swift.build/Debug-iphonesimulator/Cmlx.build/Objects-normal/arm64/82b82416624d2658e5098eb0a28c15c5-common-args.resp -MMD -MT dependencies -MF /Users/jamesalford/Library/Developer/Xcode/DerivedData/NotedCore-ftviuoyqruynvwbzbngenbwxsygv/Build/Intermediates.noindex/mlx-swift.build/Debug-iphonesimulator/Cmlx.build/Objects-normal/arm64/copy-ee28ee8dbf784c25b7e3b371e3f5fb7e.d --serialize-diagnostics /Users/jamesalford/Library/Developer/Xcode/DerivedData/NotedCore-ftviuoyqruynvwbzbngenbwxsygv/Build/Intermediates.noindex/mlx-swift.build/Debug-iphonesimulator/Cmlx.build/Objects-normal/arm64/copy-ee28ee8dbf784c25b7e3b371e3f5fb7e.dia -c /Users/jamesalford/Library/Developer/Xcode/DerivedData/NotedCore-ftviuoyqruynvwbzbngenbwxsygv/SourcePackages/checkouts/mlx-swift/Source/Cmlx/mlx-generated/copy.cpp -o /Users/jamesalford/Library/Developer/Xcode/DerivedData/NotedCore-ftviuoyqruynvwbzbngenbwxsygv/Build/Intermediates.noindex/mlx-swift.build/Debug-iphonesimulator/Cmlx.build/Objects-normal/arm64/copy-ee28ee8dbf784c25b7e3b371e3f5fb7e.o -index-unit-output-path /mlx-swift.build/Debug-iphonesimulator/Cmlx.build/Objects-normal/arm64/copy-ee28ee8dbf784c25b7e3b371e3f5fb7e.o

CompileC /Users/jamesalford/Library/Developer/Xcode/DerivedData/NotedCore-ftviuoyqruynvwbzbngenbwxsygv/Build/Intermediates.noindex/mlx-swift.build/Debug-iphonesimulator/Cmlx.build/Objects-normal/arm64/copy-e0a887aa10d9afa3879d1277c8fa2a50.o /Users/jamesalford/Library/Developer/Xcode/DerivedData/NotedCore-ftviuoyqruynvwbzbngenbwxsygv/SourcePackages/checkouts/mlx-swift/Source/Cmlx/mlx/mlx/backend/cpu/copy.cpp normal arm64 c++ com.apple.compilers.llvm.clang.1_0.compiler (in target 'Cmlx' from project 'mlx-swift')
    cd /Users/jamesalford/Documents/NotedCore/NotedCore.xcodeproj
    
    Using response file: /Users/jamesalford/Library/Developer/Xcode/DerivedData/NotedCore-ftviuoyqruynvwbzbngenbwxsygv/Build/Intermediates.noindex/mlx-swift.build/Debug-iphonesimulator/Cmlx.build/Objects-normal/arm64/82b82416624d2658e5098eb0a28c15c5-common-args.resp
    
    /Applications/Xcode.app/Contents/Developer/Toolchains/XcodeDefault.xctoolchain/usr/bin/clang -x c++ -ivfsstatcache /Users/jamesalford/Library/Developer/Xcode/DerivedData/SDKStatCaches.noindex/iphonesimulator26.0-23A339-3885c01c3e6b6a337905948deab2002e26257891a6c027eb51374368541b8346.sdkstatcache -fmessage-length\=0 -fdiagnostics-show-note-include-stack -fmacro-backtrace-limit\=0 -fno-color-diagnostics -fmodules-prune-interval\=86400 -fmodules-prune-after\=345600 -fbuild-session-file\=/Users/jamesalford/Library/Developer/Xcode/DerivedData/ModuleCache.noindex/Session.modulevalidation -fmodules-validate-once-per-build-session -Wnon-modular-include-in-framework-module -Werror\=non-modular-include-in-framework-module -Wno-trigraphs -Wno-missing-field-initializers -Wno-missing-prototypes -Wno-return-type -Wno-non-virtual-dtor -Wno-overloaded-virtual -Wno-exit-time-destructors -Wno-missing-braces -Wparentheses -Wswitch -Wno-unused-function -Wno-unused-label -Wno-unused-parameter -Wno-unused-variable -Wunused-value -Wno-empty-body -Wno-uninitialized -Wno-unknown-pragmas -w -Wno-shadow -Wno-four-char-constants -Wno-conversion -Wno-constant-conversion -Wno-int-conversion -Wno-bool-conversion -Wno-enum-conversion -Wno-float-conversion -Wno-non-literal-null-conversion -Wno-objc-literal-conversion -Wshorten-64-to-32 -Wno-newline-eof -Wno-c++11-extensions -Wno-implicit-fallthrough -fstrict-aliasing -Wdeprecated-declarations -Winvalid-offsetof -Wno-sign-conversion -Wno-infinite-recursion -Wno-move -Wno-comma -Wno-block-capture-autoreleasing -Wno-strict-prototypes -Wno-range-loop-analysis -Wno-semicolon-before-method-body -index-store-path /Users/jamesalford/Library/Developer/Xcode/DerivedData/NotedCore-ftviuoyqruynvwbzbngenbwxsygv/Index.noindex/DataStore @/Users/jamesalford/Library/Developer/Xcode/DerivedData/NotedCore-ftviuoyqruynvwbzbngenbwxsygv/Build/Intermediates.noindex/mlx-swift.build/Debug-iphonesimulator/Cmlx.build/Objects-normal/arm64/82b82416624d2658e5098eb0a28c15c5-common-args.resp -MMD -MT dependencies -MF /Users/jamesalford/Library/Developer/Xcode/DerivedData/NotedCore-ftviuoyqruynvwbzbngenbwxsygv/Build/Intermediates.noindex/mlx-swift.build/Debug-iphonesimulator/Cmlx.build/Objects-normal/arm64/copy-e0a887aa10d9afa3879d1277c8fa2a50.d --serialize-diagnostics /Users/jamesalford/Library/Developer/Xcode/DerivedData/NotedCore-ftviuoyqruynvwbzbngenbwxsygv/Build/Intermediates.noindex/mlx-swift.build/Debug-iphonesimulator/Cmlx.build/Objects-normal/arm64/copy-e0a887aa10d9afa3879d1277c8fa2a50.dia -c /Users/jamesalford/Library/Developer/Xcode/DerivedData/NotedCore-ftviuoyqruynvwbzbngenbwxsygv/SourcePackages/checkouts/mlx-swift/Source/Cmlx/mlx/mlx/backend/cpu/copy.cpp -o /Users/jamesalford/Library/Developer/Xcode/DerivedData/NotedCore-ftviuoyqruynvwbzbngenbwxsygv/Build/Intermediates.noindex/mlx-swift.build/Debug-iphonesimulator/Cmlx.build/Objects-normal/arm64/copy-e0a887aa10d9afa3879d1277c8fa2a50.o -index-unit-output-path /mlx-swift.build/Debug-iphonesimulator/Cmlx.build/Objects-normal/arm64/copy-e0a887aa10d9afa3879d1277c8fa2a50.o

CompileC /Users/jamesalford/Library/Developer/Xcode/DerivedData/NotedCore-ftviuoyqruynvwbzbngenbwxsygv/Build/Intermediates.noindex/mlx-swift.build/Debug-iphonesimulator/Cmlx.build/Objects-normal/arm64/copy-36d6e4d10bfed24552a436c93557d3de.o /Users/jamesalford/Library/Developer/Xcode/DerivedData/NotedCore-ftviuoyqruynvwbzbngenbwxsygv/SourcePackages/checkouts/mlx-swift/Source/Cmlx/mlx/mlx/backend/metal/copy.cpp normal arm64 c++ com.apple.compilers.llvm.clang.1_0.compiler (in target 'Cmlx' from project 'mlx-swift')
    cd /Users/jamesalford/Documents/NotedCore/NotedCore.xcodeproj
    
    Using response file: /Users/jamesalford/Library/Developer/Xcode/DerivedData/NotedCore-ftviuoyqruynvwbzbngenbwxsygv/Build/Intermediates.noindex/mlx-swift.build/Debug-iphonesimulator/Cmlx.build/Objects-normal/arm64/82b82416624d2658e5098eb0a28c15c5-common-args.resp
    
    /Applications/Xcode.app/Contents/Developer/Toolchains/XcodeDefault.xctoolchain/usr/bin/clang -x c++ -ivfsstatcache /Users/jamesalford/Library/Developer/Xcode/DerivedData/SDKStatCaches.noindex/iphonesimulator26.0-23A339-3885c01c3e6b6a337905948deab2002e26257891a6c027eb51374368541b8346.sdkstatcache -fmessage-length\=0 -fdiagnostics-show-note-include-stack -fmacro-backtrace-limit\=0 -fno-color-diagnostics -fmodules-prune-interval\=86400 -fmodules-prune-after\=345600 -fbuild-session-file\=/Users/jamesalford/Library/Developer/Xcode/DerivedData/ModuleCache.noindex/Session.modulevalidation -fmodules-validate-once-per-build-session -Wnon-modular-include-in-framework-module -Werror\=non-modular-include-in-framework-module -Wno-trigraphs -Wno-missing-field-initializers -Wno-missing-prototypes -Wno-return-type -Wno-non-virtual-dtor -Wno-overloaded-virtual -Wno-exit-time-destructors -Wno-missing-braces -Wparentheses -Wswitch -Wno-unused-function -Wno-unused-label -Wno-unused-parameter -Wno-unused-variable -Wunused-value -Wno-empty-body -Wno-uninitialized -Wno-unknown-pragmas -w -Wno-shadow -Wno-four-char-constants -Wno-conversion -Wno-constant-conversion -Wno-int-conversion -Wno-bool-conversion -Wno-enum-conversion -Wno-float-conversion -Wno-non-literal-null-conversion -Wno-objc-literal-conversion -Wshorten-64-to-32 -Wno-newline-eof -Wno-c++11-extensions -Wno-implicit-fallthrough -fstrict-aliasing -Wdeprecated-declarations -Winvalid-offsetof -Wno-sign-conversion -Wno-infinite-recursion -Wno-move -Wno-comma -Wno-block-capture-autoreleasing -Wno-strict-prototypes -Wno-range-loop-analysis -Wno-semicolon-before-method-body -index-store-path /Users/jamesalford/Library/Developer/Xcode/DerivedData/NotedCore-ftviuoyqruynvwbzbngenbwxsygv/Index.noindex/DataStore @/Users/jamesalford/Library/Developer/Xcode/DerivedData/NotedCore-ftviuoyqruynvwbzbngenbwxsygv/Build/Intermediates.noindex/mlx-swift.build/Debug-iphonesimulator/Cmlx.build/Objects-normal/arm64/82b82416624d2658e5098eb0a28c15c5-common-args.resp -MMD -MT dependencies -MF /Users/jamesalford/Library/Developer/Xcode/DerivedData/NotedCore-ftviuoyqruynvwbzbngenbwxsygv/Build/Intermediates.noindex/mlx-swift.build/Debug-iphonesimulator/Cmlx.build/Objects-normal/arm64/copy-36d6e4d10bfed24552a436c93557d3de.d --serialize-diagnostics /Users/jamesalford/Library/Developer/Xcode/DerivedData/NotedCore-ftviuoyqruynvwbzbngenbwxsygv/Build/Intermediates.noindex/mlx-swift.build/Debug-iphonesimulator/Cmlx.build/Objects-normal/arm64/copy-36d6e4d10bfed24552a436c93557d3de.dia -c /Users/jamesalford/Library/Developer/Xcode/DerivedData/NotedCore-ftviuoyqruynvwbzbngenbwxsygv/SourcePackages/checkouts/mlx-swift/Source/Cmlx/mlx/mlx/backend/metal/copy.cpp -o /Users/jamesalford/Library/Developer/Xcode/DerivedData/NotedCore-ftviuoyqruynvwbzbngenbwxsygv/Build/Intermediates.noindex/mlx-swift.build/Debug-iphonesimulator/Cmlx.build/Objects-normal/arm64/copy-36d6e4d10bfed24552a436c93557d3de.o -index-unit-output-path /mlx-swift.build/Debug-iphonesimulator/Cmlx.build/Objects-normal/arm64/copy-36d6e4d10bfed24552a436c93557d3de.o

CompileC /Users/jamesalford/Library/Developer/Xcode/DerivedData/NotedCore-ftviuoyqruynvwbzbngenbwxsygv/Build/Intermediates.noindex/mlx-swift.build/Debug-iphonesimulator/Cmlx.build/Objects-normal/arm64/conv-ad847428e4138355eeb1f33e52f3eeb5.o /Users/jamesalford/Library/Developer/Xcode/DerivedData/NotedCore-ftviuoyqruynvwbzbngenbwxsygv/SourcePackages/checkouts/mlx-swift/Source/Cmlx/mlx-generated/conv.cpp normal arm64 c++ com.apple.compilers.llvm.clang.1_0.compiler (in target 'Cmlx' from project 'mlx-swift')
    cd /Users/jamesalford/Documents/NotedCore/NotedCore.xcodeproj
    
    Using response file: /Users/jamesalford/Library/Developer/Xcode/DerivedData/NotedCore-ftviuoyqruynvwbzbngenbwxsygv/Build/Intermediates.noindex/mlx-swift.build/Debug-iphonesimulator/Cmlx.build/Objects-normal/arm64/82b82416624d2658e5098eb0a28c15c5-common-args.resp
    
    /Applications/Xcode.app/Contents/Developer/Toolchains/XcodeDefault.xctoolchain/usr/bin/clang -x c++ -ivfsstatcache /Users/jamesalford/Library/Developer/Xcode/DerivedData/SDKStatCaches.noindex/iphonesimulator26.0-23A339-3885c01c3e6b6a337905948deab2002e26257891a6c027eb51374368541b8346.sdkstatcache -fmessage-length\=0 -fdiagnostics-show-note-include-stack -fmacro-backtrace-limit\=0 -fno-color-diagnostics -fmodules-prune-interval\=86400 -fmodules-prune-after\=345600 -fbuild-session-file\=/Users/jamesalford/Library/Developer/Xcode/DerivedData/ModuleCache.noindex/Session.modulevalidation -fmodules-validate-once-per-build-session -Wnon-modular-include-in-framework-module -Werror\=non-modular-include-in-framework-module -Wno-trigraphs -Wno-missing-field-initializers -Wno-missing-prototypes -Wno-return-type -Wno-non-virtual-dtor -Wno-overloaded-virtual -Wno-exit-time-destructors -Wno-missing-braces -Wparentheses -Wswitch -Wno-unused-function -Wno-unused-label -Wno-unused-parameter -Wno-unused-variable -Wunused-value -Wno-empty-body -Wno-uninitialized -Wno-unknown-pragmas -w -Wno-shadow -Wno-four-char-constants -Wno-conversion -Wno-constant-conversion -Wno-int-conversion -Wno-bool-conversion -Wno-enum-conversion -Wno-float-conversion -Wno-non-literal-null-conversion -Wno-objc-literal-conversion -Wshorten-64-to-32 -Wno-newline-eof -Wno-c++11-extensions -Wno-implicit-fallthrough -fstrict-aliasing -Wdeprecated-declarations -Winvalid-offsetof -Wno-sign-conversion -Wno-infinite-recursion -Wno-move -Wno-comma -Wno-block-capture-autoreleasing -Wno-strict-prototypes -Wno-range-loop-analysis -Wno-semicolon-before-method-body -index-store-path /Users/jamesalford/Library/Developer/Xcode/DerivedData/NotedCore-ftviuoyqruynvwbzbngenbwxsygv/Index.noindex/DataStore @/Users/jamesalford/Library/Developer/Xcode/DerivedData/NotedCore-ftviuoyqruynvwbzbngenbwxsygv/Build/Intermediates.noindex/mlx-swift.build/Debug-iphonesimulator/Cmlx.build/Objects-normal/arm64/82b82416624d2658e5098eb0a28c15c5-common-args.resp -MMD -MT dependencies -MF /Users/jamesalford/Library/Developer/Xcode/DerivedData/NotedCore-ftviuoyqruynvwbzbngenbwxsygv/Build/Intermediates.noindex/mlx-swift.build/Debug-iphonesimulator/Cmlx.build/Objects-normal/arm64/conv-ad847428e4138355eeb1f33e52f3eeb5.d --serialize-diagnostics /Users/jamesalford/Library/Developer/Xcode/DerivedData/NotedCore-ftviuoyqruynvwbzbngenbwxsygv/Build/Intermediates.noindex/mlx-swift.build/Debug-iphonesimulator/Cmlx.build/Objects-normal/arm64/conv-ad847428e4138355eeb1f33e52f3eeb5.dia -c /Users/jamesalford/Library/Developer/Xcode/DerivedData/NotedCore-ftviuoyqruynvwbzbngenbwxsygv/SourcePackages/checkouts/mlx-swift/Source/Cmlx/mlx-generated/conv.cpp -o /Users/jamesalford/Library/Developer/Xcode/DerivedData/NotedCore-ftviuoyqruynvwbzbngenbwxsygv/Build/Intermediates.noindex/mlx-swift.build/Debug-iphonesimulator/Cmlx.build/Objects-normal/arm64/conv-ad847428e4138355eeb1f33e52f3eeb5.o -index-unit-output-path /mlx-swift.build/Debug-iphonesimulator/Cmlx.build/Objects-normal/arm64/conv-ad847428e4138355eeb1f33e52f3eeb5.o

CompileC /Users/jamesalford/Library/Developer/Xcode/DerivedData/NotedCore-ftviuoyqruynvwbzbngenbwxsygv/Build/Intermediates.noindex/mlx-swift.build/Debug-iphonesimulator/Cmlx.build/Objects-normal/arm64/conv-8571cce3062b021693cea803d5ebf978.o /Users/jamesalford/Library/Developer/Xcode/DerivedData/NotedCore-ftviuoyqruynvwbzbngenbwxsygv/SourcePackages/checkouts/mlx-swift/Source/Cmlx/mlx/mlx/backend/metal/conv.cpp normal arm64 c++ com.apple.compilers.llvm.clang.1_0.compiler (in target 'Cmlx' from project 'mlx-swift')
    cd /Users/jamesalford/Documents/NotedCore/NotedCore.xcodeproj
    
    Using response file: /Users/jamesalford/Library/Developer/Xcode/DerivedData/NotedCore-ftviuoyqruynvwbzbngenbwxsygv/Build/Intermediates.noindex/mlx-swift.build/Debug-iphonesimulator/Cmlx.build/Objects-normal/arm64/82b82416624d2658e5098eb0a28c15c5-common-args.resp
    
    /Applications/Xcode.app/Contents/Developer/Toolchains/XcodeDefault.xctoolchain/usr/bin/clang -x c++ -ivfsstatcache /Users/jamesalford/Library/Developer/Xcode/DerivedData/SDKStatCaches.noindex/iphonesimulator26.0-23A339-3885c01c3e6b6a337905948deab2002e26257891a6c027eb51374368541b8346.sdkstatcache -fmessage-length\=0 -fdiagnostics-show-note-include-stack -fmacro-backtrace-limit\=0 -fno-color-diagnostics -fmodules-prune-interval\=86400 -fmodules-prune-after\=345600 -fbuild-session-file\=/Users/jamesalford/Library/Developer/Xcode/DerivedData/ModuleCache.noindex/Session.modulevalidation -fmodules-validate-once-per-build-session -Wnon-modular-include-in-framework-module -Werror\=non-modular-include-in-framework-module -Wno-trigraphs -Wno-missing-field-initializers -Wno-missing-prototypes -Wno-return-type -Wno-non-virtual-dtor -Wno-overloaded-virtual -Wno-exit-time-destructors -Wno-missing-braces -Wparentheses -Wswitch -Wno-unused-function -Wno-unused-label -Wno-unused-parameter -Wno-unused-variable -Wunused-value -Wno-empty-body -Wno-uninitialized -Wno-unknown-pragmas -w -Wno-shadow -Wno-four-char-constants -Wno-conversion -Wno-constant-conversion -Wno-int-conversion -Wno-bool-conversion -Wno-enum-conversion -Wno-float-conversion -Wno-non-literal-null-conversion -Wno-objc-literal-conversion -Wshorten-64-to-32 -Wno-newline-eof -Wno-c++11-extensions -Wno-implicit-fallthrough -fstrict-aliasing -Wdeprecated-declarations -Winvalid-offsetof -Wno-sign-conversion -Wno-infinite-recursion -Wno-move -Wno-comma -Wno-block-capture-autoreleasing -Wno-strict-prototypes -Wno-range-loop-analysis -Wno-semicolon-before-method-body -index-store-path /Users/jamesalford/Library/Developer/Xcode/DerivedData/NotedCore-ftviuoyqruynvwbzbngenbwxsygv/Index.noindex/DataStore @/Users/jamesalford/Library/Developer/Xcode/DerivedData/NotedCore-ftviuoyqruynvwbzbngenbwxsygv/Build/Intermediates.noindex/mlx-swift.build/Debug-iphonesimulator/Cmlx.build/Objects-normal/arm64/82b82416624d2658e5098eb0a28c15c5-common-args.resp -MMD -MT dependencies -MF /Users/jamesalford/Library/Developer/Xcode/DerivedData/NotedCore-ftviuoyqruynvwbzbngenbwxsygv/Build/Intermediates.noindex/mlx-swift.build/Debug-iphonesimulator/Cmlx.build/Objects-normal/arm64/conv-8571cce3062b021693cea803d5ebf978.d --serialize-diagnostics /Users/jamesalford/Library/Developer/Xcode/DerivedData/NotedCore-ftviuoyqruynvwbzbngenbwxsygv/Build/Intermediates.noindex/mlx-swift.build/Debug-iphonesimulator/Cmlx.build/Objects-normal/arm64/conv-8571cce3062b021693cea803d5ebf978.dia -c /Users/jamesalford/Library/Developer/Xcode/DerivedData/NotedCore-ftviuoyqruynvwbzbngenbwxsygv/SourcePackages/checkouts/mlx-swift/Source/Cmlx/mlx/mlx/backend/metal/conv.cpp -o /Users/jamesalford/Library/Developer/Xcode/DerivedData/NotedCore-ftviuoyqruynvwbzbngenbwxsygv/Build/Intermediates.noindex/mlx-swift.build/Debug-iphonesimulator/Cmlx.build/Objects-normal/arm64/conv-8571cce3062b021693cea803d5ebf978.o -index-unit-output-path /mlx-swift.build/Debug-iphonesimulator/Cmlx.build/Objects-normal/arm64/conv-8571cce3062b021693cea803d5ebf978.o

CompileC /Users/jamesalford/Library/Developer/Xcode/DerivedData/NotedCore-ftviuoyqruynvwbzbngenbwxsygv/Build/Intermediates.noindex/mlx-swift.build/Debug-iphonesimulator/Cmlx.build/Objects-normal/arm64/conv-69a887bcd4852da263da5b78f5de15f1.o /Users/jamesalford/Library/Developer/Xcode/DerivedData/NotedCore-ftviuoyqruynvwbzbngenbwxsygv/SourcePackages/checkouts/mlx-swift/Source/Cmlx/mlx/mlx/backend/cpu/conv.cpp normal arm64 c++ com.apple.compilers.llvm.clang.1_0.compiler (in target 'Cmlx' from project 'mlx-swift')
    cd /Users/jamesalford/Documents/NotedCore/NotedCore.xcodeproj
    
    Using response file: /Users/jamesalford/Library/Developer/Xcode/DerivedData/NotedCore-ftviuoyqruynvwbzbngenbwxsygv/Build/Intermediates.noindex/mlx-swift.build/Debug-iphonesimulator/Cmlx.build/Objects-normal/arm64/82b82416624d2658e5098eb0a28c15c5-common-args.resp
    
    /Applications/Xcode.app/Contents/Developer/Toolchains/XcodeDefault.xctoolchain/usr/bin/clang -x c++ -ivfsstatcache /Users/jamesalford/Library/Developer/Xcode/DerivedData/SDKStatCaches.noindex/iphonesimulator26.0-23A339-3885c01c3e6b6a337905948deab2002e26257891a6c027eb51374368541b8346.sdkstatcache -fmessage-length\=0 -fdiagnostics-show-note-include-stack -fmacro-backtrace-limit\=0 -fno-color-diagnostics -fmodules-prune-interval\=86400 -fmodules-prune-after\=345600 -fbuild-session-file\=/Users/jamesalford/Library/Developer/Xcode/DerivedData/ModuleCache.noindex/Session.modulevalidation -fmodules-validate-once-per-build-session -Wnon-modular-include-in-framework-module -Werror\=non-modular-include-in-framework-module -Wno-trigraphs -Wno-missing-field-initializers -Wno-missing-prototypes -Wno-return-type -Wno-non-virtual-dtor -Wno-overloaded-virtual -Wno-exit-time-destructors -Wno-missing-braces -Wparentheses -Wswitch -Wno-unused-function -Wno-unused-label -Wno-unused-parameter -Wno-unused-variable -Wunused-value -Wno-empty-body -Wno-uninitialized -Wno-unknown-pragmas -w -Wno-shadow -Wno-four-char-constants -Wno-conversion -Wno-constant-conversion -Wno-int-conversion -Wno-bool-conversion -Wno-enum-conversion -Wno-float-conversion -Wno-non-literal-null-conversion -Wno-objc-literal-conversion -Wshorten-64-to-32 -Wno-newline-eof -Wno-c++11-extensions -Wno-implicit-fallthrough -fstrict-aliasing -Wdeprecated-declarations -Winvalid-offsetof -Wno-sign-conversion -Wno-infinite-recursion -Wno-move -Wno-comma -Wno-block-capture-autoreleasing -Wno-strict-prototypes -Wno-range-loop-analysis -Wno-semicolon-before-method-body -index-store-path /Users/jamesalford/Library/Developer/Xcode/DerivedData/NotedCore-ftviuoyqruynvwbzbngenbwxsygv/Index.noindex/DataStore @/Users/jamesalford/Library/Developer/Xcode/DerivedData/NotedCore-ftviuoyqruynvwbzbngenbwxsygv/Build/Intermediates.noindex/mlx-swift.build/Debug-iphonesimulator/Cmlx.build/Objects-normal/arm64/82b82416624d2658e5098eb0a28c15c5-common-args.resp -MMD -MT dependencies -MF /Users/jamesalford/Library/Developer/Xcode/DerivedData/NotedCore-ftviuoyqruynvwbzbngenbwxsygv/Build/Intermediates.noindex/mlx-swift.build/Debug-iphonesimulator/Cmlx.build/Objects-normal/arm64/conv-69a887bcd4852da263da5b78f5de15f1.d --serialize-diagnostics /Users/jamesalford/Library/Developer/Xcode/DerivedData/NotedCore-ftviuoyqruynvwbzbngenbwxsygv/Build/Intermediates.noindex/mlx-swift.build/Debug-iphonesimulator/Cmlx.build/Objects-normal/arm64/conv-69a887bcd4852da263da5b78f5de15f1.dia -c /Users/jamesalford/Library/Developer/Xcode/DerivedData/NotedCore-ftviuoyqruynvwbzbngenbwxsygv/SourcePackages/checkouts/mlx-swift/Source/Cmlx/mlx/mlx/backend/cpu/conv.cpp -o /Users/jamesalford/Library/Developer/Xcode/DerivedData/NotedCore-ftviuoyqruynvwbzbngenbwxsygv/Build/Intermediates.noindex/mlx-swift.build/Debug-iphonesimulator/Cmlx.build/Objects-normal/arm64/conv-69a887bcd4852da263da5b78f5de15f1.o -index-unit-output-path /mlx-swift.build/Debug-iphonesimulator/Cmlx.build/Objects-normal/arm64/conv-69a887bcd4852da263da5b78f5de15f1.o

CompileC /Users/jamesalford/Library/Developer/Xcode/DerivedData/NotedCore-ftviuoyqruynvwbzbngenbwxsygv/Build/Intermediates.noindex/mlx-swift.build/Debug-iphonesimulator/Cmlx.build/Objects-normal/arm64/compiled_preamble.o /Users/jamesalford/Library/Developer/Xcode/DerivedData/NotedCore-ftviuoyqruynvwbzbngenbwxsygv/SourcePackages/checkouts/mlx-swift/Source/Cmlx/mlx-generated/compiled_preamble.cpp normal arm64 c++ com.apple.compilers.llvm.clang.1_0.compiler (in target 'Cmlx' from project 'mlx-swift')
    cd /Users/jamesalford/Documents/NotedCore/NotedCore.xcodeproj
    
    Using response file: /Users/jamesalford/Library/Developer/Xcode/DerivedData/NotedCore-ftviuoyqruynvwbzbngenbwxsygv/Build/Intermediates.noindex/mlx-swift.build/Debug-iphonesimulator/Cmlx.build/Objects-normal/arm64/82b82416624d2658e5098eb0a28c15c5-common-args.resp
    
    /Applications/Xcode.app/Contents/Developer/Toolchains/XcodeDefault.xctoolchain/usr/bin/clang -x c++ -ivfsstatcache /Users/jamesalford/Library/Developer/Xcode/DerivedData/SDKStatCaches.noindex/iphonesimulator26.0-23A339-3885c01c3e6b6a337905948deab2002e26257891a6c027eb51374368541b8346.sdkstatcache -fmessage-length\=0 -fdiagnostics-show-note-include-stack -fmacro-backtrace-limit\=0 -fno-color-diagnostics -fmodules-prune-interval\=86400 -fmodules-prune-after\=345600 -fbuild-session-file\=/Users/jamesalford/Library/Developer/Xcode/DerivedData/ModuleCache.noindex/Session.modulevalidation -fmodules-validate-once-per-build-session -Wnon-modular-include-in-framework-module -Werror\=non-modular-include-in-framework-module -Wno-trigraphs -Wno-missing-field-initializers -Wno-missing-prototypes -Wno-return-type -Wno-non-virtual-dtor -Wno-overloaded-virtual -Wno-exit-time-destructors -Wno-missing-braces -Wparentheses -Wswitch -Wno-unused-function -Wno-unused-label -Wno-unused-parameter -Wno-unused-variable -Wunused-value -Wno-empty-body -Wno-uninitialized -Wno-unknown-pragmas -w -Wno-shadow -Wno-four-char-constants -Wno-conversion -Wno-constant-conversion -Wno-int-conversion -Wno-bool-conversion -Wno-enum-conversion -Wno-float-conversion -Wno-non-literal-null-conversion -Wno-objc-literal-conversion -Wshorten-64-to-32 -Wno-newline-eof -Wno-c++11-extensions -Wno-implicit-fallthrough -fstrict-aliasing -Wdeprecated-declarations -Winvalid-offsetof -Wno-sign-conversion -Wno-infinite-recursion -Wno-move -Wno-comma -Wno-block-capture-autoreleasing -Wno-strict-prototypes -Wno-range-loop-analysis -Wno-semicolon-before-method-body -index-store-path /Users/jamesalford/Library/Developer/Xcode/DerivedData/NotedCore-ftviuoyqruynvwbzbngenbwxsygv/Index.noindex/DataStore @/Users/jamesalford/Library/Developer/Xcode/DerivedData/NotedCore-ftviuoyqruynvwbzbngenbwxsygv/Build/Intermediates.noindex/mlx-swift.build/Debug-iphonesimulator/Cmlx.build/Objects-normal/arm64/82b82416624d2658e5098eb0a28c15c5-common-args.resp -MMD -MT dependencies -MF /Users/jamesalford/Library/Developer/Xcode/DerivedData/NotedCore-ftviuoyqruynvwbzbngenbwxsygv/Build/Intermediates.noindex/mlx-swift.build/Debug-iphonesimulator/Cmlx.build/Objects-normal/arm64/compiled_preamble.d --serialize-diagnostics /Users/jamesalford/Library/Developer/Xcode/DerivedData/NotedCore-ftviuoyqruynvwbzbngenbwxsygv/Build/Intermediates.noindex/mlx-swift.build/Debug-iphonesimulator/Cmlx.build/Objects-normal/arm64/compiled_preamble.dia -c /Users/jamesalford/Library/Developer/Xcode/DerivedData/NotedCore-ftviuoyqruynvwbzbngenbwxsygv/SourcePackages/checkouts/mlx-swift/Source/Cmlx/mlx-generated/compiled_preamble.cpp -o /Users/jamesalford/Library/Developer/Xcode/DerivedData/NotedCore-ftviuoyqruynvwbzbngenbwxsygv/Build/Intermediates.noindex/mlx-swift.build/Debug-iphonesimulator/Cmlx.build/Objects-normal/arm64/compiled_preamble.o -index-unit-output-path /mlx-swift.build/Debug-iphonesimulator/Cmlx.build/Objects-normal/arm64/compiled_preamble.o

CompileC /Users/jamesalford/Library/Developer/Xcode/DerivedData/NotedCore-ftviuoyqruynvwbzbngenbwxsygv/Build/Intermediates.noindex/mlx-swift.build/Debug-iphonesimulator/Cmlx.build/Objects-normal/arm64/compiled_conditional.o /Users/jamesalford/Library/Developer/Xcode/DerivedData/NotedCore-ftviuoyqruynvwbzbngenbwxsygv/SourcePackages/checkouts/mlx-swift/Source/Cmlx/mlx-conditional/compiled_conditional.cpp normal arm64 c++ com.apple.compilers.llvm.clang.1_0.compiler (in target 'Cmlx' from project 'mlx-swift')
    cd /Users/jamesalford/Documents/NotedCore/NotedCore.xcodeproj
    
    Using response file: /Users/jamesalford/Library/Developer/Xcode/DerivedData/NotedCore-ftviuoyqruynvwbzbngenbwxsygv/Build/Intermediates.noindex/mlx-swift.build/Debug-iphonesimulator/Cmlx.build/Objects-normal/arm64/82b82416624d2658e5098eb0a28c15c5-common-args.resp
    
    /Applications/Xcode.app/Contents/Developer/Toolchains/XcodeDefault.xctoolchain/usr/bin/clang -x c++ -ivfsstatcache /Users/jamesalford/Library/Developer/Xcode/DerivedData/SDKStatCaches.noindex/iphonesimulator26.0-23A339-3885c01c3e6b6a337905948deab2002e26257891a6c027eb51374368541b8346.sdkstatcache -fmessage-length\=0 -fdiagnostics-show-note-include-stack -fmacro-backtrace-limit\=0 -fno-color-diagnostics -fmodules-prune-interval\=86400 -fmodules-prune-after\=345600 -fbuild-session-file\=/Users/jamesalford/Library/Developer/Xcode/DerivedData/ModuleCache.noindex/Session.modulevalidation -fmodules-validate-once-per-build-session -Wnon-modular-include-in-framework-module -Werror\=non-modular-include-in-framework-module -Wno-trigraphs -Wno-missing-field-initializers -Wno-missing-prototypes -Wno-return-type -Wno-non-virtual-dtor -Wno-overloaded-virtual -Wno-exit-time-destructors -Wno-missing-braces -Wparentheses -Wswitch -Wno-unused-function -Wno-unused-label -Wno-unused-parameter -Wno-unused-variable -Wunused-value -Wno-empty-body -Wno-uninitialized -Wno-unknown-pragmas -w -Wno-shadow -Wno-four-char-constants -Wno-conversion -Wno-constant-conversion -Wno-int-conversion -Wno-bool-conversion -Wno-enum-conversion -Wno-float-conversion -Wno-non-literal-null-conversion -Wno-objc-literal-conversion -Wshorten-64-to-32 -Wno-newline-eof -Wno-c++11-extensions -Wno-implicit-fallthrough -fstrict-aliasing -Wdeprecated-declarations -Winvalid-offsetof -Wno-sign-conversion -Wno-infinite-recursion -Wno-move -Wno-comma -Wno-block-capture-autoreleasing -Wno-strict-prototypes -Wno-range-loop-analysis -Wno-semicolon-before-method-body -index-store-path /Users/jamesalford/Library/Developer/Xcode/DerivedData/NotedCore-ftviuoyqruynvwbzbngenbwxsygv/Index.noindex/DataStore @/Users/jamesalford/Library/Developer/Xcode/DerivedData/NotedCore-ftviuoyqruynvwbzbngenbwxsygv/Build/Intermediates.noindex/mlx-swift.build/Debug-iphonesimulator/Cmlx.build/Objects-normal/arm64/82b82416624d2658e5098eb0a28c15c5-common-args.resp -MMD -MT dependencies -MF /Users/jamesalford/Library/Developer/Xcode/DerivedData/NotedCore-ftviuoyqruynvwbzbngenbwxsygv/Build/Intermediates.noindex/mlx-swift.build/Debug-iphonesimulator/Cmlx.build/Objects-normal/arm64/compiled_conditional.d --serialize-diagnostics /Users/jamesalford/Library/Developer/Xcode/DerivedData/NotedCore-ftviuoyqruynvwbzbngenbwxsygv/Build/Intermediates.noindex/mlx-swift.build/Debug-iphonesimulator/Cmlx.build/Objects-normal/arm64/compiled_conditional.dia -c /Users/jamesalford/Library/Developer/Xcode/DerivedData/NotedCore-ftviuoyqruynvwbzbngenbwxsygv/SourcePackages/checkouts/mlx-swift/Source/Cmlx/mlx-conditional/compiled_conditional.cpp -o /Users/jamesalford/Library/Developer/Xcode/DerivedData/NotedCore-ftviuoyqruynvwbzbngenbwxsygv/Build/Intermediates.noindex/mlx-swift.build/Debug-iphonesimulator/Cmlx.build/Objects-normal/arm64/compiled_conditional.o -index-unit-output-path /mlx-swift.build/Debug-iphonesimulator/Cmlx.build/Objects-normal/arm64/compiled_conditional.o

CompileC /Users/jamesalford/Library/Developer/Xcode/DerivedData/NotedCore-ftviuoyqruynvwbzbngenbwxsygv/Build/Intermediates.noindex/mlx-swift.build/Debug-iphonesimulator/Cmlx.build/Objects-normal/arm64/compiled-f2b81bdee63ee02c8c7cc0fd55057c7f.o /Users/jamesalford/Library/Developer/Xcode/DerivedData/NotedCore-ftviuoyqruynvwbzbngenbwxsygv/SourcePackages/checkouts/mlx-swift/Source/Cmlx/mlx/mlx/backend/common/compiled.cpp normal arm64 c++ com.apple.compilers.llvm.clang.1_0.compiler (in target 'Cmlx' from project 'mlx-swift')
    cd /Users/jamesalford/Documents/NotedCore/NotedCore.xcodeproj
    
    Using response file: /Users/jamesalford/Library/Developer/Xcode/DerivedData/NotedCore-ftviuoyqruynvwbzbngenbwxsygv/Build/Intermediates.noindex/mlx-swift.build/Debug-iphonesimulator/Cmlx.build/Objects-normal/arm64/82b82416624d2658e5098eb0a28c15c5-common-args.resp
    
    /Applications/Xcode.app/Contents/Developer/Toolchains/XcodeDefault.xctoolchain/usr/bin/clang -x c++ -ivfsstatcache /Users/jamesalford/Library/Developer/Xcode/DerivedData/SDKStatCaches.noindex/iphonesimulator26.0-23A339-3885c01c3e6b6a337905948deab2002e26257891a6c027eb51374368541b8346.sdkstatcache -fmessage-length\=0 -fdiagnostics-show-note-include-stack -fmacro-backtrace-limit\=0 -fno-color-diagnostics -fmodules-prune-interval\=86400 -fmodules-prune-after\=345600 -fbuild-session-file\=/Users/jamesalford/Library/Developer/Xcode/DerivedData/ModuleCache.noindex/Session.modulevalidation -fmodules-validate-once-per-build-session -Wnon-modular-include-in-framework-module -Werror\=non-modular-include-in-framework-module -Wno-trigraphs -Wno-missing-field-initializers -Wno-missing-prototypes -Wno-return-type -Wno-non-virtual-dtor -Wno-overloaded-virtual -Wno-exit-time-destructors -Wno-missing-braces -Wparentheses -Wswitch -Wno-unused-function -Wno-unused-label -Wno-unused-parameter -Wno-unused-variable -Wunused-value -Wno-empty-body -Wno-uninitialized -Wno-unknown-pragmas -w -Wno-shadow -Wno-four-char-constants -Wno-conversion -Wno-constant-conversion -Wno-int-conversion -Wno-bool-conversion -Wno-enum-conversion -Wno-float-conversion -Wno-non-literal-null-conversion -Wno-objc-literal-conversion -Wshorten-64-to-32 -Wno-newline-eof -Wno-c++11-extensions -Wno-implicit-fallthrough -fstrict-aliasing -Wdeprecated-declarations -Winvalid-offsetof -Wno-sign-conversion -Wno-infinite-recursion -Wno-move -Wno-comma -Wno-block-capture-autoreleasing -Wno-strict-prototypes -Wno-range-loop-analysis -Wno-semicolon-before-method-body -index-store-path /Users/jamesalford/Library/Developer/Xcode/DerivedData/NotedCore-ftviuoyqruynvwbzbngenbwxsygv/Index.noindex/DataStore @/Users/jamesalford/Library/Developer/Xcode/DerivedData/NotedCore-ftviuoyqruynvwbzbngenbwxsygv/Build/Intermediates.noindex/mlx-swift.build/Debug-iphonesimulator/Cmlx.build/Objects-normal/arm64/82b82416624d2658e5098eb0a28c15c5-common-args.resp -MMD -MT dependencies -MF /Users/jamesalford/Library/Developer/Xcode/DerivedData/NotedCore-ftviuoyqruynvwbzbngenbwxsygv/Build/Intermediates.noindex/mlx-swift.build/Debug-iphonesimulator/Cmlx.build/Objects-normal/arm64/compiled-f2b81bdee63ee02c8c7cc0fd55057c7f.d --serialize-diagnostics /Users/jamesalford/Library/Developer/Xcode/DerivedData/NotedCore-ftviuoyqruynvwbzbngenbwxsygv/Build/Intermediates.noindex/mlx-swift.build/Debug-iphonesimulator/Cmlx.build/Objects-normal/arm64/compiled-f2b81bdee63ee02c8c7cc0fd55057c7f.dia -c /Users/jamesalford/Library/Developer/Xcode/DerivedData/NotedCore-ftviuoyqruynvwbzbngenbwxsygv/SourcePackages/checkouts/mlx-swift/Source/Cmlx/mlx/mlx/backend/common/compiled.cpp -o /Users/jamesalford/Library/Developer/Xcode/DerivedData/NotedCore-ftviuoyqruynvwbzbngenbwxsygv/Build/Intermediates.noindex/mlx-swift.build/Debug-iphonesimulator/Cmlx.build/Objects-normal/arm64/compiled-f2b81bdee63ee02c8c7cc0fd55057c7f.o -index-unit-output-path /mlx-swift.build/Debug-iphonesimulator/Cmlx.build/Objects-normal/arm64/compiled-f2b81bdee63ee02c8c7cc0fd55057c7f.o

CompileC /Users/jamesalford/Library/Developer/Xcode/DerivedData/NotedCore-ftviuoyqruynvwbzbngenbwxsygv/Build/Intermediates.noindex/mlx-swift.build/Debug-iphonesimulator/Cmlx.build/Objects-normal/arm64/compiled-5fae475e3d5dd3ce21322bbf2fdd6ad5.o /Users/jamesalford/Library/Developer/Xcode/DerivedData/NotedCore-ftviuoyqruynvwbzbngenbwxsygv/SourcePackages/checkouts/mlx-swift/Source/Cmlx/mlx/mlx/backend/metal/compiled.cpp normal arm64 c++ com.apple.compilers.llvm.clang.1_0.compiler (in target 'Cmlx' from project 'mlx-swift')
    cd /Users/jamesalford/Documents/NotedCore/NotedCore.xcodeproj
    
    Using response file: /Users/jamesalford/Library/Developer/Xcode/DerivedData/NotedCore-ftviuoyqruynvwbzbngenbwxsygv/Build/Intermediates.noindex/mlx-swift.build/Debug-iphonesimulator/Cmlx.build/Objects-normal/arm64/82b82416624d2658e5098eb0a28c15c5-common-args.resp
    
    /Applications/Xcode.app/Contents/Developer/Toolchains/XcodeDefault.xctoolchain/usr/bin/clang -x c++ -ivfsstatcache /Users/jamesalford/Library/Developer/Xcode/DerivedData/SDKStatCaches.noindex/iphonesimulator26.0-23A339-3885c01c3e6b6a337905948deab2002e26257891a6c027eb51374368541b8346.sdkstatcache -fmessage-length\=0 -fdiagnostics-show-note-include-stack -fmacro-backtrace-limit\=0 -fno-color-diagnostics -fmodules-prune-interval\=86400 -fmodules-prune-after\=345600 -fbuild-session-file\=/Users/jamesalford/Library/Developer/Xcode/DerivedData/ModuleCache.noindex/Session.modulevalidation -fmodules-validate-once-per-build-session -Wnon-modular-include-in-framework-module -Werror\=non-modular-include-in-framework-module -Wno-trigraphs -Wno-missing-field-initializers -Wno-missing-prototypes -Wno-return-type -Wno-non-virtual-dtor -Wno-overloaded-virtual -Wno-exit-time-destructors -Wno-missing-braces -Wparentheses -Wswitch -Wno-unused-function -Wno-unused-label -Wno-unused-parameter -Wno-unused-variable -Wunused-value -Wno-empty-body -Wno-uninitialized -Wno-unknown-pragmas -w -Wno-shadow -Wno-four-char-constants -Wno-conversion -Wno-constant-conversion -Wno-int-conversion -Wno-bool-conversion -Wno-enum-conversion -Wno-float-conversion -Wno-non-literal-null-conversion -Wno-objc-literal-conversion -Wshorten-64-to-32 -Wno-newline-eof -Wno-c++11-extensions -Wno-implicit-fallthrough -fstrict-aliasing -Wdeprecated-declarations -Winvalid-offsetof -Wno-sign-conversion -Wno-infinite-recursion -Wno-move -Wno-comma -Wno-block-capture-autoreleasing -Wno-strict-prototypes -Wno-range-loop-analysis -Wno-semicolon-before-method-body -index-store-path /Users/jamesalford/Library/Developer/Xcode/DerivedData/NotedCore-ftviuoyqruynvwbzbngenbwxsygv/Index.noindex/DataStore @/Users/jamesalford/Library/Developer/Xcode/DerivedData/NotedCore-ftviuoyqruynvwbzbngenbwxsygv/Build/Intermediates.noindex/mlx-swift.build/Debug-iphonesimulator/Cmlx.build/Objects-normal/arm64/82b82416624d2658e5098eb0a28c15c5-common-args.resp -MMD -MT dependencies -MF /Users/jamesalford/Library/Developer/Xcode/DerivedData/NotedCore-ftviuoyqruynvwbzbngenbwxsygv/Build/Intermediates.noindex/mlx-swift.build/Debug-iphonesimulator/Cmlx.build/Objects-normal/arm64/compiled-5fae475e3d5dd3ce21322bbf2fdd6ad5.d --serialize-diagnostics /Users/jamesalford/Library/Developer/Xcode/DerivedData/NotedCore-ftviuoyqruynvwbzbngenbwxsygv/Build/Intermediates.noindex/mlx-swift.build/Debug-iphonesimulator/Cmlx.build/Objects-normal/arm64/compiled-5fae475e3d5dd3ce21322bbf2fdd6ad5.dia -c /Users/jamesalford/Library/Developer/Xcode/DerivedData/NotedCore-ftviuoyqruynvwbzbngenbwxsygv/SourcePackages/checkouts/mlx-swift/Source/Cmlx/mlx/mlx/backend/metal/compiled.cpp -o /Users/jamesalford/Library/Developer/Xcode/DerivedData/NotedCore-ftviuoyqruynvwbzbngenbwxsygv/Build/Intermediates.noindex/mlx-swift.build/Debug-iphonesimulator/Cmlx.build/Objects-normal/arm64/compiled-5fae475e3d5dd3ce21322bbf2fdd6ad5.o -index-unit-output-path /mlx-swift.build/Debug-iphonesimulator/Cmlx.build/Objects-normal/arm64/compiled-5fae475e3d5dd3ce21322bbf2fdd6ad5.o

CompileC /Users/jamesalford/Library/Developer/Xcode/DerivedData/NotedCore-ftviuoyqruynvwbzbngenbwxsygv/Build/Intermediates.noindex/mlx-swift.build/Debug-iphonesimulator/Cmlx.build/Objects-normal/arm64/compile-a5280ba0acf9265341f070ef97c601b0.o /Users/jamesalford/Library/Developer/Xcode/DerivedData/NotedCore-ftviuoyqruynvwbzbngenbwxsygv/SourcePackages/checkouts/mlx-swift/Source/Cmlx/mlx-c/mlx/c/compile.cpp normal arm64 c++ com.apple.compilers.llvm.clang.1_0.compiler (in target 'Cmlx' from project 'mlx-swift')
    cd /Users/jamesalford/Documents/NotedCore/NotedCore.xcodeproj
    
    Using response file: /Users/jamesalford/Library/Developer/Xcode/DerivedData/NotedCore-ftviuoyqruynvwbzbngenbwxsygv/Build/Intermediates.noindex/mlx-swift.build/Debug-iphonesimulator/Cmlx.build/Objects-normal/arm64/82b82416624d2658e5098eb0a28c15c5-common-args.resp
    
    /Applications/Xcode.app/Contents/Developer/Toolchains/XcodeDefault.xctoolchain/usr/bin/clang -x c++ -ivfsstatcache /Users/jamesalford/Library/Developer/Xcode/DerivedData/SDKStatCaches.noindex/iphonesimulator26.0-23A339-3885c01c3e6b6a337905948deab2002e26257891a6c027eb51374368541b8346.sdkstatcache -fmessage-length\=0 -fdiagnostics-show-note-include-stack -fmacro-backtrace-limit\=0 -fno-color-diagnostics -fmodules-prune-interval\=86400 -fmodules-prune-after\=345600 -fbuild-session-file\=/Users/jamesalford/Library/Developer/Xcode/DerivedData/ModuleCache.noindex/Session.modulevalidation -fmodules-validate-once-per-build-session -Wnon-modular-include-in-framework-module -Werror\=non-modular-include-in-framework-module -Wno-trigraphs -Wno-missing-field-initializers -Wno-missing-prototypes -Wno-return-type -Wno-non-virtual-dtor -Wno-overloaded-virtual -Wno-exit-time-destructors -Wno-missing-braces -Wparentheses -Wswitch -Wno-unused-function -Wno-unused-label -Wno-unused-parameter -Wno-unused-variable -Wunused-value -Wno-empty-body -Wno-uninitialized -Wno-unknown-pragmas -w -Wno-shadow -Wno-four-char-constants -Wno-conversion -Wno-constant-conversion -Wno-int-conversion -Wno-bool-conversion -Wno-enum-conversion -Wno-float-conversion -Wno-non-literal-null-conversion -Wno-objc-literal-conversion -Wshorten-64-to-32 -Wno-newline-eof -Wno-c++11-extensions -Wno-implicit-fallthrough -fstrict-aliasing -Wdeprecated-declarations -Winvalid-offsetof -Wno-sign-conversion -Wno-infinite-recursion -Wno-move -Wno-comma -Wno-block-capture-autoreleasing -Wno-strict-prototypes -Wno-range-loop-analysis -Wno-semicolon-before-method-body -index-store-path /Users/jamesalford/Library/Developer/Xcode/DerivedData/NotedCore-ftviuoyqruynvwbzbngenbwxsygv/Index.noindex/DataStore @/Users/jamesalford/Library/Developer/Xcode/DerivedData/NotedCore-ftviuoyqruynvwbzbngenbwxsygv/Build/Intermediates.noindex/mlx-swift.build/Debug-iphonesimulator/Cmlx.build/Objects-normal/arm64/82b82416624d2658e5098eb0a28c15c5-common-args.resp -MMD -MT dependencies -MF /Users/jamesalford/Library/Developer/Xcode/DerivedData/NotedCore-ftviuoyqruynvwbzbngenbwxsygv/Build/Intermediates.noindex/mlx-swift.build/Debug-iphonesimulator/Cmlx.build/Objects-normal/arm64/compile-a5280ba0acf9265341f070ef97c601b0.d --serialize-diagnostics /Users/jamesalford/Library/Developer/Xcode/DerivedData/NotedCore-ftviuoyqruynvwbzbngenbwxsygv/Build/Intermediates.noindex/mlx-swift.build/Debug-iphonesimulator/Cmlx.build/Objects-normal/arm64/compile-a5280ba0acf9265341f070ef97c601b0.dia -c /Users/jamesalford/Library/Developer/Xcode/DerivedData/NotedCore-ftviuoyqruynvwbzbngenbwxsygv/SourcePackages/checkouts/mlx-swift/Source/Cmlx/mlx-c/mlx/c/compile.cpp -o /Users/jamesalford/Library/Developer/Xcode/DerivedData/NotedCore-ftviuoyqruynvwbzbngenbwxsygv/Build/Intermediates.noindex/mlx-swift.build/Debug-iphonesimulator/Cmlx.build/Objects-normal/arm64/compile-a5280ba0acf9265341f070ef97c601b0.o -index-unit-output-path /mlx-swift.build/Debug-iphonesimulator/Cmlx.build/Objects-normal/arm64/compile-a5280ba0acf9265341f070ef97c601b0.o

CompileC /Users/jamesalford/Library/Developer/Xcode/DerivedData/NotedCore-ftviuoyqruynvwbzbngenbwxsygv/Build/Intermediates.noindex/mlx-swift.build/Debug-iphonesimulator/Cmlx.build/Objects-normal/arm64/compile-5e944f060671b494393014b682f2c631.o /Users/jamesalford/Library/Developer/Xcode/DerivedData/NotedCore-ftviuoyqruynvwbzbngenbwxsygv/SourcePackages/checkouts/mlx-swift/Source/Cmlx/mlx/mlx/compile.cpp normal arm64 c++ com.apple.compilers.llvm.clang.1_0.compiler (in target 'Cmlx' from project 'mlx-swift')
    cd /Users/jamesalford/Documents/NotedCore/NotedCore.xcodeproj
    
    Using response file: /Users/jamesalford/Library/Developer/Xcode/DerivedData/NotedCore-ftviuoyqruynvwbzbngenbwxsygv/Build/Intermediates.noindex/mlx-swift.build/Debug-iphonesimulator/Cmlx.build/Objects-normal/arm64/82b82416624d2658e5098eb0a28c15c5-common-args.resp
    
    /Applications/Xcode.app/Contents/Developer/Toolchains/XcodeDefault.xctoolchain/usr/bin/clang -x c++ -ivfsstatcache /Users/jamesalford/Library/Developer/Xcode/DerivedData/SDKStatCaches.noindex/iphonesimulator26.0-23A339-3885c01c3e6b6a337905948deab2002e26257891a6c027eb51374368541b8346.sdkstatcache -fmessage-length\=0 -fdiagnostics-show-note-include-stack -fmacro-backtrace-limit\=0 -fno-color-diagnostics -fmodules-prune-interval\=86400 -fmodules-prune-after\=345600 -fbuild-session-file\=/Users/jamesalford/Library/Developer/Xcode/DerivedData/ModuleCache.noindex/Session.modulevalidation -fmodules-validate-once-per-build-session -Wnon-modular-include-in-framework-module -Werror\=non-modular-include-in-framework-module -Wno-trigraphs -Wno-missing-field-initializers -Wno-missing-prototypes -Wno-return-type -Wno-non-virtual-dtor -Wno-overloaded-virtual -Wno-exit-time-destructors -Wno-missing-braces -Wparentheses -Wswitch -Wno-unused-function -Wno-unused-label -Wno-unused-parameter -Wno-unused-variable -Wunused-value -Wno-empty-body -Wno-uninitialized -Wno-unknown-pragmas -w -Wno-shadow -Wno-four-char-constants -Wno-conversion -Wno-constant-conversion -Wno-int-conversion -Wno-bool-conversion -Wno-enum-conversion -Wno-float-conversion -Wno-non-literal-null-conversion -Wno-objc-literal-conversion -Wshorten-64-to-32 -Wno-newline-eof -Wno-c++11-extensions -Wno-implicit-fallthrough -fstrict-aliasing -Wdeprecated-declarations -Winvalid-offsetof -Wno-sign-conversion -Wno-infinite-recursion -Wno-move -Wno-comma -Wno-block-capture-autoreleasing -Wno-strict-prototypes -Wno-range-loop-analysis -Wno-semicolon-before-method-body -index-store-path /Users/jamesalford/Library/Developer/Xcode/DerivedData/NotedCore-ftviuoyqruynvwbzbngenbwxsygv/Index.noindex/DataStore @/Users/jamesalford/Library/Developer/Xcode/DerivedData/NotedCore-ftviuoyqruynvwbzbngenbwxsygv/Build/Intermediates.noindex/mlx-swift.build/Debug-iphonesimulator/Cmlx.build/Objects-normal/arm64/82b82416624d2658e5098eb0a28c15c5-common-args.resp -MMD -MT dependencies -MF /Users/jamesalford/Library/Developer/Xcode/DerivedData/NotedCore-ftviuoyqruynvwbzbngenbwxsygv/Build/Intermediates.noindex/mlx-swift.build/Debug-iphonesimulator/Cmlx.build/Objects-normal/arm64/compile-5e944f060671b494393014b682f2c631.d --serialize-diagnostics /Users/jamesalford/Library/Developer/Xcode/DerivedData/NotedCore-ftviuoyqruynvwbzbngenbwxsygv/Build/Intermediates.noindex/mlx-swift.build/Debug-iphonesimulator/Cmlx.build/Objects-normal/arm64/compile-5e944f060671b494393014b682f2c631.dia -c /Users/jamesalford/Library/Developer/Xcode/DerivedData/NotedCore-ftviuoyqruynvwbzbngenbwxsygv/SourcePackages/checkouts/mlx-swift/Source/Cmlx/mlx/mlx/compile.cpp -o /Users/jamesalford/Library/Developer/Xcode/DerivedData/NotedCore-ftviuoyqruynvwbzbngenbwxsygv/Build/Intermediates.noindex/mlx-swift.build/Debug-iphonesimulator/Cmlx.build/Objects-normal/arm64/compile-5e944f060671b494393014b682f2c631.o -index-unit-output-path /mlx-swift.build/Debug-iphonesimulator/Cmlx.build/Objects-normal/arm64/compile-5e944f060671b494393014b682f2c631.o

CompileC /Users/jamesalford/Library/Developer/Xcode/DerivedData/NotedCore-ftviuoyqruynvwbzbngenbwxsygv/Build/Intermediates.noindex/mlx-swift.build/Debug-iphonesimulator/Cmlx.build/Objects-normal/arm64/common.o /Users/jamesalford/Library/Developer/Xcode/DerivedData/NotedCore-ftviuoyqruynvwbzbngenbwxsygv/SourcePackages/checkouts/mlx-swift/Source/Cmlx/mlx/mlx/backend/common/common.cpp normal arm64 c++ com.apple.compilers.llvm.clang.1_0.compiler (in target 'Cmlx' from project 'mlx-swift')
    cd /Users/jamesalford/Documents/NotedCore/NotedCore.xcodeproj
    
    Using response file: /Users/jamesalford/Library/Developer/Xcode/DerivedData/NotedCore-ftviuoyqruynvwbzbngenbwxsygv/Build/Intermediates.noindex/mlx-swift.build/Debug-iphonesimulator/Cmlx.build/Objects-normal/arm64/82b82416624d2658e5098eb0a28c15c5-common-args.resp
    
    /Applications/Xcode.app/Contents/Developer/Toolchains/XcodeDefault.xctoolchain/usr/bin/clang -x c++ -ivfsstatcache /Users/jamesalford/Library/Developer/Xcode/DerivedData/SDKStatCaches.noindex/iphonesimulator26.0-23A339-3885c01c3e6b6a337905948deab2002e26257891a6c027eb51374368541b8346.sdkstatcache -fmessage-length\=0 -fdiagnostics-show-note-include-stack -fmacro-backtrace-limit\=0 -fno-color-diagnostics -fmodules-prune-interval\=86400 -fmodules-prune-after\=345600 -fbuild-session-file\=/Users/jamesalford/Library/Developer/Xcode/DerivedData/ModuleCache.noindex/Session.modulevalidation -fmodules-validate-once-per-build-session -Wnon-modular-include-in-framework-module -Werror\=non-modular-include-in-framework-module -Wno-trigraphs -Wno-missing-field-initializers -Wno-missing-prototypes -Wno-return-type -Wno-non-virtual-dtor -Wno-overloaded-virtual -Wno-exit-time-destructors -Wno-missing-braces -Wparentheses -Wswitch -Wno-unused-function -Wno-unused-label -Wno-unused-parameter -Wno-unused-variable -Wunused-value -Wno-empty-body -Wno-uninitialized -Wno-unknown-pragmas -w -Wno-shadow -Wno-four-char-constants -Wno-conversion -Wno-constant-conversion -Wno-int-conversion -Wno-bool-conversion -Wno-enum-conversion -Wno-float-conversion -Wno-non-literal-null-conversion -Wno-objc-literal-conversion -Wshorten-64-to-32 -Wno-newline-eof -Wno-c++11-extensions -Wno-implicit-fallthrough -fstrict-aliasing -Wdeprecated-declarations -Winvalid-offsetof -Wno-sign-conversion -Wno-infinite-recursion -Wno-move -Wno-comma -Wno-block-capture-autoreleasing -Wno-strict-prototypes -Wno-range-loop-analysis -Wno-semicolon-before-method-body -index-store-path /Users/jamesalford/Library/Developer/Xcode/DerivedData/NotedCore-ftviuoyqruynvwbzbngenbwxsygv/Index.noindex/DataStore @/Users/jamesalford/Library/Developer/Xcode/DerivedData/NotedCore-ftviuoyqruynvwbzbngenbwxsygv/Build/Intermediates.noindex/mlx-swift.build/Debug-iphonesimulator/Cmlx.build/Objects-normal/arm64/82b82416624d2658e5098eb0a28c15c5-common-args.resp -MMD -MT dependencies -MF /Users/jamesalford/Library/Developer/Xcode/DerivedData/NotedCore-ftviuoyqruynvwbzbngenbwxsygv/Build/Intermediates.noindex/mlx-swift.build/Debug-iphonesimulator/Cmlx.build/Objects-normal/arm64/common.d --serialize-diagnostics /Users/jamesalford/Library/Developer/Xcode/DerivedData/NotedCore-ftviuoyqruynvwbzbngenbwxsygv/Build/Intermediates.noindex/mlx-swift.build/Debug-iphonesimulator/Cmlx.build/Objects-normal/arm64/common.dia -c /Users/jamesalford/Library/Developer/Xcode/DerivedData/NotedCore-ftviuoyqruynvwbzbngenbwxsygv/SourcePackages/checkouts/mlx-swift/Source/Cmlx/mlx/mlx/backend/common/common.cpp -o /Users/jamesalford/Library/Developer/Xcode/DerivedData/NotedCore-ftviuoyqruynvwbzbngenbwxsygv/Build/Intermediates.noindex/mlx-swift.build/Debug-iphonesimulator/Cmlx.build/Objects-normal/arm64/common.o -index-unit-output-path /mlx-swift.build/Debug-iphonesimulator/Cmlx.build/Objects-normal/arm64/common.o

CompileC /Users/jamesalford/Library/Developer/Xcode/DerivedData/NotedCore-ftviuoyqruynvwbzbngenbwxsygv/Build/Intermediates.noindex/mlx-swift.build/Debug-iphonesimulator/Cmlx.build/Objects-normal/arm64/closure.o /Users/jamesalford/Library/Developer/Xcode/DerivedData/NotedCore-ftviuoyqruynvwbzbngenbwxsygv/SourcePackages/checkouts/mlx-swift/Source/Cmlx/mlx-c/mlx/c/closure.cpp normal arm64 c++ com.apple.compilers.llvm.clang.1_0.compiler (in target 'Cmlx' from project 'mlx-swift')
    cd /Users/jamesalford/Documents/NotedCore/NotedCore.xcodeproj
    
    Using response file: /Users/jamesalford/Library/Developer/Xcode/DerivedData/NotedCore-ftviuoyqruynvwbzbngenbwxsygv/Build/Intermediates.noindex/mlx-swift.build/Debug-iphonesimulator/Cmlx.build/Objects-normal/arm64/82b82416624d2658e5098eb0a28c15c5-common-args.resp
    
    /Applications/Xcode.app/Contents/Developer/Toolchains/XcodeDefault.xctoolchain/usr/bin/clang -x c++ -ivfsstatcache /Users/jamesalford/Library/Developer/Xcode/DerivedData/SDKStatCaches.noindex/iphonesimulator26.0-23A339-3885c01c3e6b6a337905948deab2002e26257891a6c027eb51374368541b8346.sdkstatcache -fmessage-length\=0 -fdiagnostics-show-note-include-stack -fmacro-backtrace-limit\=0 -fno-color-diagnostics -fmodules-prune-interval\=86400 -fmodules-prune-after\=345600 -fbuild-session-file\=/Users/jamesalford/Library/Developer/Xcode/DerivedData/ModuleCache.noindex/Session.modulevalidation -fmodules-validate-once-per-build-session -Wnon-modular-include-in-framework-module -Werror\=non-modular-include-in-framework-module -Wno-trigraphs -Wno-missing-field-initializers -Wno-missing-prototypes -Wno-return-type -Wno-non-virtual-dtor -Wno-overloaded-virtual -Wno-exit-time-destructors -Wno-missing-braces -Wparentheses -Wswitch -Wno-unused-function -Wno-unused-label -Wno-unused-parameter -Wno-unused-variable -Wunused-value -Wno-empty-body -Wno-uninitialized -Wno-unknown-pragmas -w -Wno-shadow -Wno-four-char-constants -Wno-conversion -Wno-constant-conversion -Wno-int-conversion -Wno-bool-conversion -Wno-enum-conversion -Wno-float-conversion -Wno-non-literal-null-conversion -Wno-objc-literal-conversion -Wshorten-64-to-32 -Wno-newline-eof -Wno-c++11-extensions -Wno-implicit-fallthrough -fstrict-aliasing -Wdeprecated-declarations -Winvalid-offsetof -Wno-sign-conversion -Wno-infinite-recursion -Wno-move -Wno-comma -Wno-block-capture-autoreleasing -Wno-strict-prototypes -Wno-range-loop-analysis -Wno-semicolon-before-method-body -index-store-path /Users/jamesalford/Library/Developer/Xcode/DerivedData/NotedCore-ftviuoyqruynvwbzbngenbwxsygv/Index.noindex/DataStore @/Users/jamesalford/Library/Developer/Xcode/DerivedData/NotedCore-ftviuoyqruynvwbzbngenbwxsygv/Build/Intermediates.noindex/mlx-swift.build/Debug-iphonesimulator/Cmlx.build/Objects-normal/arm64/82b82416624d2658e5098eb0a28c15c5-common-args.resp -MMD -MT dependencies -MF /Users/jamesalford/Library/Developer/Xcode/DerivedData/NotedCore-ftviuoyqruynvwbzbngenbwxsygv/Build/Intermediates.noindex/mlx-swift.build/Debug-iphonesimulator/Cmlx.build/Objects-normal/arm64/closure.d --serialize-diagnostics /Users/jamesalford/Library/Developer/Xcode/DerivedData/NotedCore-ftviuoyqruynvwbzbngenbwxsygv/Build/Intermediates.noindex/mlx-swift.build/Debug-iphonesimulator/Cmlx.build/Objects-normal/arm64/closure.dia -c /Users/jamesalford/Library/Developer/Xcode/DerivedData/NotedCore-ftviuoyqruynvwbzbngenbwxsygv/SourcePackages/checkouts/mlx-swift/Source/Cmlx/mlx-c/mlx/c/closure.cpp -o /Users/jamesalford/Library/Developer/Xcode/DerivedData/NotedCore-ftviuoyqruynvwbzbngenbwxsygv/Build/Intermediates.noindex/mlx-swift.build/Debug-iphonesimulator/Cmlx.build/Objects-normal/arm64/closure.o -index-unit-output-path /mlx-swift.build/Debug-iphonesimulator/Cmlx.build/Objects-normal/arm64/closure.o

CompileC /Users/jamesalford/Library/Developer/Xcode/DerivedData/NotedCore-ftviuoyqruynvwbzbngenbwxsygv/Build/Intermediates.noindex/mlx-swift.build/Debug-iphonesimulator/Cmlx.build/Objects-normal/arm64/cholesky.o /Users/jamesalford/Library/Developer/Xcode/DerivedData/NotedCore-ftviuoyqruynvwbzbngenbwxsygv/SourcePackages/checkouts/mlx-swift/Source/Cmlx/mlx/mlx/backend/cpu/cholesky.cpp normal arm64 c++ com.apple.compilers.llvm.clang.1_0.compiler (in target 'Cmlx' from project 'mlx-swift')
    cd /Users/jamesalford/Documents/NotedCore/NotedCore.xcodeproj
    
    Using response file: /Users/jamesalford/Library/Developer/Xcode/DerivedData/NotedCore-ftviuoyqruynvwbzbngenbwxsygv/Build/Intermediates.noindex/mlx-swift.build/Debug-iphonesimulator/Cmlx.build/Objects-normal/arm64/82b82416624d2658e5098eb0a28c15c5-common-args.resp
    
    /Applications/Xcode.app/Contents/Developer/Toolchains/XcodeDefault.xctoolchain/usr/bin/clang -x c++ -ivfsstatcache /Users/jamesalford/Library/Developer/Xcode/DerivedData/SDKStatCaches.noindex/iphonesimulator26.0-23A339-3885c01c3e6b6a337905948deab2002e26257891a6c027eb51374368541b8346.sdkstatcache -fmessage-length\=0 -fdiagnostics-show-note-include-stack -fmacro-backtrace-limit\=0 -fno-color-diagnostics -fmodules-prune-interval\=86400 -fmodules-prune-after\=345600 -fbuild-session-file\=/Users/jamesalford/Library/Developer/Xcode/DerivedData/ModuleCache.noindex/Session.modulevalidation -fmodules-validate-once-per-build-session -Wnon-modular-include-in-framework-module -Werror\=non-modular-include-in-framework-module -Wno-trigraphs -Wno-missing-field-initializers -Wno-missing-prototypes -Wno-return-type -Wno-non-virtual-dtor -Wno-overloaded-virtual -Wno-exit-time-destructors -Wno-missing-braces -Wparentheses -Wswitch -Wno-unused-function -Wno-unused-label -Wno-unused-parameter -Wno-unused-variable -Wunused-value -Wno-empty-body -Wno-uninitialized -Wno-unknown-pragmas -w -Wno-shadow -Wno-four-char-constants -Wno-conversion -Wno-constant-conversion -Wno-int-conversion -Wno-bool-conversion -Wno-enum-conversion -Wno-float-conversion -Wno-non-literal-null-conversion -Wno-objc-literal-conversion -Wshorten-64-to-32 -Wno-newline-eof -Wno-c++11-extensions -Wno-implicit-fallthrough -fstrict-aliasing -Wdeprecated-declarations -Winvalid-offsetof -Wno-sign-conversion -Wno-infinite-recursion -Wno-move -Wno-comma -Wno-block-capture-autoreleasing -Wno-strict-prototypes -Wno-range-loop-analysis -Wno-semicolon-before-method-body -index-store-path /Users/jamesalford/Library/Developer/Xcode/DerivedData/NotedCore-ftviuoyqruynvwbzbngenbwxsygv/Index.noindex/DataStore @/Users/jamesalford/Library/Developer/Xcode/DerivedData/NotedCore-ftviuoyqruynvwbzbngenbwxsygv/Build/Intermediates.noindex/mlx-swift.build/Debug-iphonesimulator/Cmlx.build/Objects-normal/arm64/82b82416624d2658e5098eb0a28c15c5-common-args.resp -MMD -MT dependencies -MF /Users/jamesalford/Library/Developer/Xcode/DerivedData/NotedCore-ftviuoyqruynvwbzbngenbwxsygv/Build/Intermediates.noindex/mlx-swift.build/Debug-iphonesimulator/Cmlx.build/Objects-normal/arm64/cholesky.d --serialize-diagnostics /Users/jamesalford/Library/Developer/Xcode/DerivedData/NotedCore-ftviuoyqruynvwbzbngenbwxsygv/Build/Intermediates.noindex/mlx-swift.build/Debug-iphonesimulator/Cmlx.build/Objects-normal/arm64/cholesky.dia -c /Users/jamesalford/Library/Developer/Xcode/DerivedData/NotedCore-ftviuoyqruynvwbzbngenbwxsygv/SourcePackages/checkouts/mlx-swift/Source/Cmlx/mlx/mlx/backend/cpu/cholesky.cpp -o /Users/jamesalford/Library/Developer/Xcode/DerivedData/NotedCore-ftviuoyqruynvwbzbngenbwxsygv/Build/Intermediates.noindex/mlx-swift.build/Debug-iphonesimulator/Cmlx.build/Objects-normal/arm64/cholesky.o -index-unit-output-path /mlx-swift.build/Debug-iphonesimulator/Cmlx.build/Objects-normal/arm64/cholesky.o

CompileC /Users/jamesalford/Library/Developer/Xcode/DerivedData/NotedCore-ftviuoyqruynvwbzbngenbwxsygv/Build/Intermediates.noindex/mlx-swift.build/Debug-iphonesimulator/Cmlx.build/Objects-normal/arm64/cblas.o /Users/jamesalford/Library/Developer/Xcode/DerivedData/NotedCore-ftviuoyqruynvwbzbngenbwxsygv/SourcePackages/checkouts/mlx-swift/Source/Cmlx/mlx/mlx/backend/cpu/gemms/cblas.cpp normal arm64 c++ com.apple.compilers.llvm.clang.1_0.compiler (in target 'Cmlx' from project 'mlx-swift')
    cd /Users/jamesalford/Documents/NotedCore/NotedCore.xcodeproj
    
    Using response file: /Users/jamesalford/Library/Developer/Xcode/DerivedData/NotedCore-ftviuoyqruynvwbzbngenbwxsygv/Build/Intermediates.noindex/mlx-swift.build/Debug-iphonesimulator/Cmlx.build/Objects-normal/arm64/82b82416624d2658e5098eb0a28c15c5-common-args.resp
    
    /Applications/Xcode.app/Contents/Developer/Toolchains/XcodeDefault.xctoolchain/usr/bin/clang -x c++ -ivfsstatcache /Users/jamesalford/Library/Developer/Xcode/DerivedData/SDKStatCaches.noindex/iphonesimulator26.0-23A339-3885c01c3e6b6a337905948deab2002e26257891a6c027eb51374368541b8346.sdkstatcache -fmessage-length\=0 -fdiagnostics-show-note-include-stack -fmacro-backtrace-limit\=0 -fno-color-diagnostics -fmodules-prune-interval\=86400 -fmodules-prune-after\=345600 -fbuild-session-file\=/Users/jamesalford/Library/Developer/Xcode/DerivedData/ModuleCache.noindex/Session.modulevalidation -fmodules-validate-once-per-build-session -Wnon-modular-include-in-framework-module -Werror\=non-modular-include-in-framework-module -Wno-trigraphs -Wno-missing-field-initializers -Wno-missing-prototypes -Wno-return-type -Wno-non-virtual-dtor -Wno-overloaded-virtual -Wno-exit-time-destructors -Wno-missing-braces -Wparentheses -Wswitch -Wno-unused-function -Wno-unused-label -Wno-unused-parameter -Wno-unused-variable -Wunused-value -Wno-empty-body -Wno-uninitialized -Wno-unknown-pragmas -w -Wno-shadow -Wno-four-char-constants -Wno-conversion -Wno-constant-conversion -Wno-int-conversion -Wno-bool-conversion -Wno-enum-conversion -Wno-float-conversion -Wno-non-literal-null-conversion -Wno-objc-literal-conversion -Wshorten-64-to-32 -Wno-newline-eof -Wno-c++11-extensions -Wno-implicit-fallthrough -fstrict-aliasing -Wdeprecated-declarations -Winvalid-offsetof -Wno-sign-conversion -Wno-infinite-recursion -Wno-move -Wno-comma -Wno-block-capture-autoreleasing -Wno-strict-prototypes -Wno-range-loop-analysis -Wno-semicolon-before-method-body -index-store-path /Users/jamesalford/Library/Developer/Xcode/DerivedData/NotedCore-ftviuoyqruynvwbzbngenbwxsygv/Index.noindex/DataStore @/Users/jamesalford/Library/Developer/Xcode/DerivedData/NotedCore-ftviuoyqruynvwbzbngenbwxsygv/Build/Intermediates.noindex/mlx-swift.build/Debug-iphonesimulator/Cmlx.build/Objects-normal/arm64/82b82416624d2658e5098eb0a28c15c5-common-args.resp -MMD -MT dependencies -MF /Users/jamesalford/Library/Developer/Xcode/DerivedData/NotedCore-ftviuoyqruynvwbzbngenbwxsygv/Build/Intermediates.noindex/mlx-swift.build/Debug-iphonesimulator/Cmlx.build/Objects-normal/arm64/cblas.d --serialize-diagnostics /Users/jamesalford/Library/Developer/Xcode/DerivedData/NotedCore-ftviuoyqruynvwbzbngenbwxsygv/Build/Intermediates.noindex/mlx-swift.build/Debug-iphonesimulator/Cmlx.build/Objects-normal/arm64/cblas.dia -c /Users/jamesalford/Library/Developer/Xcode/DerivedData/NotedCore-ftviuoyqruynvwbzbngenbwxsygv/SourcePackages/checkouts/mlx-swift/Source/Cmlx/mlx/mlx/backend/cpu/gemms/cblas.cpp -o /Users/jamesalford/Library/Developer/Xcode/DerivedData/NotedCore-ftviuoyqruynvwbzbngenbwxsygv/Build/Intermediates.noindex/mlx-swift.build/Debug-iphonesimulator/Cmlx.build/Objects-normal/arm64/cblas.o -index-unit-output-path /mlx-swift.build/Debug-iphonesimulator/Cmlx.build/Objects-normal/arm64/cblas.o

CompileC /Users/jamesalford/Library/Developer/Xcode/DerivedData/NotedCore-ftviuoyqruynvwbzbngenbwxsygv/Build/Intermediates.noindex/mlx-swift.build/Debug-iphonesimulator/Cmlx.build/Objects-normal/arm64/broadcasting.o /Users/jamesalford/Library/Developer/Xcode/DerivedData/NotedCore-ftviuoyqruynvwbzbngenbwxsygv/SourcePackages/checkouts/mlx-swift/Source/Cmlx/mlx/mlx/backend/common/broadcasting.cpp normal arm64 c++ com.apple.compilers.llvm.clang.1_0.compiler (in target 'Cmlx' from project 'mlx-swift')
    cd /Users/jamesalford/Documents/NotedCore/NotedCore.xcodeproj
    
    Using response file: /Users/jamesalford/Library/Developer/Xcode/DerivedData/NotedCore-ftviuoyqruynvwbzbngenbwxsygv/Build/Intermediates.noindex/mlx-swift.build/Debug-iphonesimulator/Cmlx.build/Objects-normal/arm64/82b82416624d2658e5098eb0a28c15c5-common-args.resp
    
    /Applications/Xcode.app/Contents/Developer/Toolchains/XcodeDefault.xctoolchain/usr/bin/clang -x c++ -ivfsstatcache /Users/jamesalford/Library/Developer/Xcode/DerivedData/SDKStatCaches.noindex/iphonesimulator26.0-23A339-3885c01c3e6b6a337905948deab2002e26257891a6c027eb51374368541b8346.sdkstatcache -fmessage-length\=0 -fdiagnostics-show-note-include-stack -fmacro-backtrace-limit\=0 -fno-color-diagnostics -fmodules-prune-interval\=86400 -fmodules-prune-after\=345600 -fbuild-session-file\=/Users/jamesalford/Library/Developer/Xcode/DerivedData/ModuleCache.noindex/Session.modulevalidation -fmodules-validate-once-per-build-session -Wnon-modular-include-in-framework-module -Werror\=non-modular-include-in-framework-module -Wno-trigraphs -Wno-missing-field-initializers -Wno-missing-prototypes -Wno-return-type -Wno-non-virtual-dtor -Wno-overloaded-virtual -Wno-exit-time-destructors -Wno-missing-braces -Wparentheses -Wswitch -Wno-unused-function -Wno-unused-label -Wno-unused-parameter -Wno-unused-variable -Wunused-value -Wno-empty-body -Wno-uninitialized -Wno-unknown-pragmas -w -Wno-shadow -Wno-four-char-constants -Wno-conversion -Wno-constant-conversion -Wno-int-conversion -Wno-bool-conversion -Wno-enum-conversion -Wno-float-conversion -Wno-non-literal-null-conversion -Wno-objc-literal-conversion -Wshorten-64-to-32 -Wno-newline-eof -Wno-c++11-extensions -Wno-implicit-fallthrough -fstrict-aliasing -Wdeprecated-declarations -Winvalid-offsetof -Wno-sign-conversion -Wno-infinite-recursion -Wno-move -Wno-comma -Wno-block-capture-autoreleasing -Wno-strict-prototypes -Wno-range-loop-analysis -Wno-semicolon-before-method-body -index-store-path /Users/jamesalford/Library/Developer/Xcode/DerivedData/NotedCore-ftviuoyqruynvwbzbngenbwxsygv/Index.noindex/DataStore @/Users/jamesalford/Library/Developer/Xcode/DerivedData/NotedCore-ftviuoyqruynvwbzbngenbwxsygv/Build/Intermediates.noindex/mlx-swift.build/Debug-iphonesimulator/Cmlx.build/Objects-normal/arm64/82b82416624d2658e5098eb0a28c15c5-common-args.resp -MMD -MT dependencies -MF /Users/jamesalford/Library/Developer/Xcode/DerivedData/NotedCore-ftviuoyqruynvwbzbngenbwxsygv/Build/Intermediates.noindex/mlx-swift.build/Debug-iphonesimulator/Cmlx.build/Objects-normal/arm64/broadcasting.d --serialize-diagnostics /Users/jamesalford/Library/Developer/Xcode/DerivedData/NotedCore-ftviuoyqruynvwbzbngenbwxsygv/Build/Intermediates.noindex/mlx-swift.build/Debug-iphonesimulator/Cmlx.build/Objects-normal/arm64/broadcasting.dia -c /Users/jamesalford/Library/Developer/Xcode/DerivedData/NotedCore-ftviuoyqruynvwbzbngenbwxsygv/SourcePackages/checkouts/mlx-swift/Source/Cmlx/mlx/mlx/backend/common/broadcasting.cpp -o /Users/jamesalford/Library/Developer/Xcode/DerivedData/NotedCore-ftviuoyqruynvwbzbngenbwxsygv/Build/Intermediates.noindex/mlx-swift.build/Debug-iphonesimulator/Cmlx.build/Objects-normal/arm64/broadcasting.o -index-unit-output-path /mlx-swift.build/Debug-iphonesimulator/Cmlx.build/Objects-normal/arm64/broadcasting.o

CompileC /Users/jamesalford/Library/Developer/Xcode/DerivedData/NotedCore-ftviuoyqruynvwbzbngenbwxsygv/Build/Intermediates.noindex/mlx-swift.build/Debug-iphonesimulator/Cmlx.build/Objects-normal/arm64/bnns.o /Users/jamesalford/Library/Developer/Xcode/DerivedData/NotedCore-ftviuoyqruynvwbzbngenbwxsygv/SourcePackages/checkouts/mlx-swift/Source/Cmlx/mlx/mlx/backend/cpu/gemms/bnns.cpp normal arm64 c++ com.apple.compilers.llvm.clang.1_0.compiler (in target 'Cmlx' from project 'mlx-swift')
    cd /Users/jamesalford/Documents/NotedCore/NotedCore.xcodeproj
    
    Using response file: /Users/jamesalford/Library/Developer/Xcode/DerivedData/NotedCore-ftviuoyqruynvwbzbngenbwxsygv/Build/Intermediates.noindex/mlx-swift.build/Debug-iphonesimulator/Cmlx.build/Objects-normal/arm64/82b82416624d2658e5098eb0a28c15c5-common-args.resp
    
    /Applications/Xcode.app/Contents/Developer/Toolchains/XcodeDefault.xctoolchain/usr/bin/clang -x c++ -ivfsstatcache /Users/jamesalford/Library/Developer/Xcode/DerivedData/SDKStatCaches.noindex/iphonesimulator26.0-23A339-3885c01c3e6b6a337905948deab2002e26257891a6c027eb51374368541b8346.sdkstatcache -fmessage-length\=0 -fdiagnostics-show-note-include-stack -fmacro-backtrace-limit\=0 -fno-color-diagnostics -fmodules-prune-interval\=86400 -fmodules-prune-after\=345600 -fbuild-session-file\=/Users/jamesalford/Library/Developer/Xcode/DerivedData/ModuleCache.noindex/Session.modulevalidation -fmodules-validate-once-per-build-session -Wnon-modular-include-in-framework-module -Werror\=non-modular-include-in-framework-module -Wno-trigraphs -Wno-missing-field-initializers -Wno-missing-prototypes -Wno-return-type -Wno-non-virtual-dtor -Wno-overloaded-virtual -Wno-exit-time-destructors -Wno-missing-braces -Wparentheses -Wswitch -Wno-unused-function -Wno-unused-label -Wno-unused-parameter -Wno-unused-variable -Wunused-value -Wno-empty-body -Wno-uninitialized -Wno-unknown-pragmas -w -Wno-shadow -Wno-four-char-constants -Wno-conversion -Wno-constant-conversion -Wno-int-conversion -Wno-bool-conversion -Wno-enum-conversion -Wno-float-conversion -Wno-non-literal-null-conversion -Wno-objc-literal-conversion -Wshorten-64-to-32 -Wno-newline-eof -Wno-c++11-extensions -Wno-implicit-fallthrough -fstrict-aliasing -Wdeprecated-declarations -Winvalid-offsetof -Wno-sign-conversion -Wno-infinite-recursion -Wno-move -Wno-comma -Wno-block-capture-autoreleasing -Wno-strict-prototypes -Wno-range-loop-analysis -Wno-semicolon-before-method-body -index-store-path /Users/jamesalford/Library/Developer/Xcode/DerivedData/NotedCore-ftviuoyqruynvwbzbngenbwxsygv/Index.noindex/DataStore @/Users/jamesalford/Library/Developer/Xcode/DerivedData/NotedCore-ftviuoyqruynvwbzbngenbwxsygv/Build/Intermediates.noindex/mlx-swift.build/Debug-iphonesimulator/Cmlx.build/Objects-normal/arm64/82b82416624d2658e5098eb0a28c15c5-common-args.resp -MMD -MT dependencies -MF /Users/jamesalford/Library/Developer/Xcode/DerivedData/NotedCore-ftviuoyqruynvwbzbngenbwxsygv/Build/Intermediates.noindex/mlx-swift.build/Debug-iphonesimulator/Cmlx.build/Objects-normal/arm64/bnns.d --serialize-diagnostics /Users/jamesalford/Library/Developer/Xcode/DerivedData/NotedCore-ftviuoyqruynvwbzbngenbwxsygv/Build/Intermediates.noindex/mlx-swift.build/Debug-iphonesimulator/Cmlx.build/Objects-normal/arm64/bnns.dia -c /Users/jamesalford/Library/Developer/Xcode/DerivedData/NotedCore-ftviuoyqruynvwbzbngenbwxsygv/SourcePackages/checkouts/mlx-swift/Source/Cmlx/mlx/mlx/backend/cpu/gemms/bnns.cpp -o /Users/jamesalford/Library/Developer/Xcode/DerivedData/NotedCore-ftviuoyqruynvwbzbngenbwxsygv/Build/Intermediates.noindex/mlx-swift.build/Debug-iphonesimulator/Cmlx.build/Objects-normal/arm64/bnns.o -index-unit-output-path /mlx-swift.build/Debug-iphonesimulator/Cmlx.build/Objects-normal/arm64/bnns.o

CompileC /Users/jamesalford/Library/Developer/Xcode/DerivedData/NotedCore-ftviuoyqruynvwbzbngenbwxsygv/Build/Intermediates.noindex/mlx-swift.build/Debug-iphonesimulator/Cmlx.build/Objects-normal/arm64/binary_two.o /Users/jamesalford/Library/Developer/Xcode/DerivedData/NotedCore-ftviuoyqruynvwbzbngenbwxsygv/SourcePackages/checkouts/mlx-swift/Source/Cmlx/mlx-generated/binary_two.cpp normal arm64 c++ com.apple.compilers.llvm.clang.1_0.compiler (in target 'Cmlx' from project 'mlx-swift')
    cd /Users/jamesalford/Documents/NotedCore/NotedCore.xcodeproj
    
    Using response file: /Users/jamesalford/Library/Developer/Xcode/DerivedData/NotedCore-ftviuoyqruynvwbzbngenbwxsygv/Build/Intermediates.noindex/mlx-swift.build/Debug-iphonesimulator/Cmlx.build/Objects-normal/arm64/82b82416624d2658e5098eb0a28c15c5-common-args.resp
    
    /Applications/Xcode.app/Contents/Developer/Toolchains/XcodeDefault.xctoolchain/usr/bin/clang -x c++ -ivfsstatcache /Users/jamesalford/Library/Developer/Xcode/DerivedData/SDKStatCaches.noindex/iphonesimulator26.0-23A339-3885c01c3e6b6a337905948deab2002e26257891a6c027eb51374368541b8346.sdkstatcache -fmessage-length\=0 -fdiagnostics-show-note-include-stack -fmacro-backtrace-limit\=0 -fno-color-diagnostics -fmodules-prune-interval\=86400 -fmodules-prune-after\=345600 -fbuild-session-file\=/Users/jamesalford/Library/Developer/Xcode/DerivedData/ModuleCache.noindex/Session.modulevalidation -fmodules-validate-once-per-build-session -Wnon-modular-include-in-framework-module -Werror\=non-modular-include-in-framework-module -Wno-trigraphs -Wno-missing-field-initializers -Wno-missing-prototypes -Wno-return-type -Wno-non-virtual-dtor -Wno-overloaded-virtual -Wno-exit-time-destructors -Wno-missing-braces -Wparentheses -Wswitch -Wno-unused-function -Wno-unused-label -Wno-unused-parameter -Wno-unused-variable -Wunused-value -Wno-empty-body -Wno-uninitialized -Wno-unknown-pragmas -w -Wno-shadow -Wno-four-char-constants -Wno-conversion -Wno-constant-conversion -Wno-int-conversion -Wno-bool-conversion -Wno-enum-conversion -Wno-float-conversion -Wno-non-literal-null-conversion -Wno-objc-literal-conversion -Wshorten-64-to-32 -Wno-newline-eof -Wno-c++11-extensions -Wno-implicit-fallthrough -fstrict-aliasing -Wdeprecated-declarations -Winvalid-offsetof -Wno-sign-conversion -Wno-infinite-recursion -Wno-move -Wno-comma -Wno-block-capture-autoreleasing -Wno-strict-prototypes -Wno-range-loop-analysis -Wno-semicolon-before-method-body -index-store-path /Users/jamesalford/Library/Developer/Xcode/DerivedData/NotedCore-ftviuoyqruynvwbzbngenbwxsygv/Index.noindex/DataStore @/Users/jamesalford/Library/Developer/Xcode/DerivedData/NotedCore-ftviuoyqruynvwbzbngenbwxsygv/Build/Intermediates.noindex/mlx-swift.build/Debug-iphonesimulator/Cmlx.build/Objects-normal/arm64/82b82416624d2658e5098eb0a28c15c5-common-args.resp -MMD -MT dependencies -MF /Users/jamesalford/Library/Developer/Xcode/DerivedData/NotedCore-ftviuoyqruynvwbzbngenbwxsygv/Build/Intermediates.noindex/mlx-swift.build/Debug-iphonesimulator/Cmlx.build/Objects-normal/arm64/binary_two.d --serialize-diagnostics /Users/jamesalford/Library/Developer/Xcode/DerivedData/NotedCore-ftviuoyqruynvwbzbngenbwxsygv/Build/Intermediates.noindex/mlx-swift.build/Debug-iphonesimulator/Cmlx.build/Objects-normal/arm64/binary_two.dia -c /Users/jamesalford/Library/Developer/Xcode/DerivedData/NotedCore-ftviuoyqruynvwbzbngenbwxsygv/SourcePackages/checkouts/mlx-swift/Source/Cmlx/mlx-generated/binary_two.cpp -o /Users/jamesalford/Library/Developer/Xcode/DerivedData/NotedCore-ftviuoyqruynvwbzbngenbwxsygv/Build/Intermediates.noindex/mlx-swift.build/Debug-iphonesimulator/Cmlx.build/Objects-normal/arm64/binary_two.o -index-unit-output-path /mlx-swift.build/Debug-iphonesimulator/Cmlx.build/Objects-normal/arm64/binary_two.o

CompileC /Users/jamesalford/Library/Developer/Xcode/DerivedData/NotedCore-ftviuoyqruynvwbzbngenbwxsygv/Build/Intermediates.noindex/mlx-swift.build/Debug-iphonesimulator/Cmlx.build/Objects-normal/arm64/binary_ops.o /Users/jamesalford/Library/Developer/Xcode/DerivedData/NotedCore-ftviuoyqruynvwbzbngenbwxsygv/SourcePackages/checkouts/mlx-swift/Source/Cmlx/mlx-generated/binary_ops.cpp normal arm64 c++ com.apple.compilers.llvm.clang.1_0.compiler (in target 'Cmlx' from project 'mlx-swift')
    cd /Users/jamesalford/Documents/NotedCore/NotedCore.xcodeproj
    
    Using response file: /Users/jamesalford/Library/Developer/Xcode/DerivedData/NotedCore-ftviuoyqruynvwbzbngenbwxsygv/Build/Intermediates.noindex/mlx-swift.build/Debug-iphonesimulator/Cmlx.build/Objects-normal/arm64/82b82416624d2658e5098eb0a28c15c5-common-args.resp
    
    /Applications/Xcode.app/Contents/Developer/Toolchains/XcodeDefault.xctoolchain/usr/bin/clang -x c++ -ivfsstatcache /Users/jamesalford/Library/Developer/Xcode/DerivedData/SDKStatCaches.noindex/iphonesimulator26.0-23A339-3885c01c3e6b6a337905948deab2002e26257891a6c027eb51374368541b8346.sdkstatcache -fmessage-length\=0 -fdiagnostics-show-note-include-stack -fmacro-backtrace-limit\=0 -fno-color-diagnostics -fmodules-prune-interval\=86400 -fmodules-prune-after\=345600 -fbuild-session-file\=/Users/jamesalford/Library/Developer/Xcode/DerivedData/ModuleCache.noindex/Session.modulevalidation -fmodules-validate-once-per-build-session -Wnon-modular-include-in-framework-module -Werror\=non-modular-include-in-framework-module -Wno-trigraphs -Wno-missing-field-initializers -Wno-missing-prototypes -Wno-return-type -Wno-non-virtual-dtor -Wno-overloaded-virtual -Wno-exit-time-destructors -Wno-missing-braces -Wparentheses -Wswitch -Wno-unused-function -Wno-unused-label -Wno-unused-parameter -Wno-unused-variable -Wunused-value -Wno-empty-body -Wno-uninitialized -Wno-unknown-pragmas -w -Wno-shadow -Wno-four-char-constants -Wno-conversion -Wno-constant-conversion -Wno-int-conversion -Wno-bool-conversion -Wno-enum-conversion -Wno-float-conversion -Wno-non-literal-null-conversion -Wno-objc-literal-conversion -Wshorten-64-to-32 -Wno-newline-eof -Wno-c++11-extensions -Wno-implicit-fallthrough -fstrict-aliasing -Wdeprecated-declarations -Winvalid-offsetof -Wno-sign-conversion -Wno-infinite-recursion -Wno-move -Wno-comma -Wno-block-capture-autoreleasing -Wno-strict-prototypes -Wno-range-loop-analysis -Wno-semicolon-before-method-body -index-store-path /Users/jamesalford/Library/Developer/Xcode/DerivedData/NotedCore-ftviuoyqruynvwbzbngenbwxsygv/Index.noindex/DataStore @/Users/jamesalford/Library/Developer/Xcode/DerivedData/NotedCore-ftviuoyqruynvwbzbngenbwxsygv/Build/Intermediates.noindex/mlx-swift.build/Debug-iphonesimulator/Cmlx.build/Objects-normal/arm64/82b82416624d2658e5098eb0a28c15c5-common-args.resp -MMD -MT dependencies -MF /Users/jamesalford/Library/Developer/Xcode/DerivedData/NotedCore-ftviuoyqruynvwbzbngenbwxsygv/Build/Intermediates.noindex/mlx-swift.build/Debug-iphonesimulator/Cmlx.build/Objects-normal/arm64/binary_ops.d --serialize-diagnostics /Users/jamesalford/Library/Developer/Xcode/DerivedData/NotedCore-ftviuoyqruynvwbzbngenbwxsygv/Build/Intermediates.noindex/mlx-swift.build/Debug-iphonesimulator/Cmlx.build/Objects-normal/arm64/binary_ops.dia -c /Users/jamesalford/Library/Developer/Xcode/DerivedData/NotedCore-ftviuoyqruynvwbzbngenbwxsygv/SourcePackages/checkouts/mlx-swift/Source/Cmlx/mlx-generated/binary_ops.cpp -o /Users/jamesalford/Library/Developer/Xcode/DerivedData/NotedCore-ftviuoyqruynvwbzbngenbwxsygv/Build/Intermediates.noindex/mlx-swift.build/Debug-iphonesimulator/Cmlx.build/Objects-normal/arm64/binary_ops.o -index-unit-output-path /mlx-swift.build/Debug-iphonesimulator/Cmlx.build/Objects-normal/arm64/binary_ops.o

CompileC /Users/jamesalford/Library/Developer/Xcode/DerivedData/NotedCore-ftviuoyqruynvwbzbngenbwxsygv/Build/Intermediates.noindex/mlx-swift.build/Debug-iphonesimulator/Cmlx.build/Objects-normal/arm64/binary-ab0d1fc65989cb2f0f667b4d977665bc.o /Users/jamesalford/Library/Developer/Xcode/DerivedData/NotedCore-ftviuoyqruynvwbzbngenbwxsygv/SourcePackages/checkouts/mlx-swift/Source/Cmlx/mlx/mlx/backend/cpu/binary.cpp normal arm64 c++ com.apple.compilers.llvm.clang.1_0.compiler (in target 'Cmlx' from project 'mlx-swift')
    cd /Users/jamesalford/Documents/NotedCore/NotedCore.xcodeproj
    
    Using response file: /Users/jamesalford/Library/Developer/Xcode/DerivedData/NotedCore-ftviuoyqruynvwbzbngenbwxsygv/Build/Intermediates.noindex/mlx-swift.build/Debug-iphonesimulator/Cmlx.build/Objects-normal/arm64/82b82416624d2658e5098eb0a28c15c5-common-args.resp
    
    /Applications/Xcode.app/Contents/Developer/Toolchains/XcodeDefault.xctoolchain/usr/bin/clang -x c++ -ivfsstatcache /Users/jamesalford/Library/Developer/Xcode/DerivedData/SDKStatCaches.noindex/iphonesimulator26.0-23A339-3885c01c3e6b6a337905948deab2002e26257891a6c027eb51374368541b8346.sdkstatcache -fmessage-length\=0 -fdiagnostics-show-note-include-stack -fmacro-backtrace-limit\=0 -fno-color-diagnostics -fmodules-prune-interval\=86400 -fmodules-prune-after\=345600 -fbuild-session-file\=/Users/jamesalford/Library/Developer/Xcode/DerivedData/ModuleCache.noindex/Session.modulevalidation -fmodules-validate-once-per-build-session -Wnon-modular-include-in-framework-module -Werror\=non-modular-include-in-framework-module -Wno-trigraphs -Wno-missing-field-initializers -Wno-missing-prototypes -Wno-return-type -Wno-non-virtual-dtor -Wno-overloaded-virtual -Wno-exit-time-destructors -Wno-missing-braces -Wparentheses -Wswitch -Wno-unused-function -Wno-unused-label -Wno-unused-parameter -Wno-unused-variable -Wunused-value -Wno-empty-body -Wno-uninitialized -Wno-unknown-pragmas -w -Wno-shadow -Wno-four-char-constants -Wno-conversion -Wno-constant-conversion -Wno-int-conversion -Wno-bool-conversion -Wno-enum-conversion -Wno-float-conversion -Wno-non-literal-null-conversion -Wno-objc-literal-conversion -Wshorten-64-to-32 -Wno-newline-eof -Wno-c++11-extensions -Wno-implicit-fallthrough -fstrict-aliasing -Wdeprecated-declarations -Winvalid-offsetof -Wno-sign-conversion -Wno-infinite-recursion -Wno-move -Wno-comma -Wno-block-capture-autoreleasing -Wno-strict-prototypes -Wno-range-loop-analysis -Wno-semicolon-before-method-body -index-store-path /Users/jamesalford/Library/Developer/Xcode/DerivedData/NotedCore-ftviuoyqruynvwbzbngenbwxsygv/Index.noindex/DataStore @/Users/jamesalford/Library/Developer/Xcode/DerivedData/NotedCore-ftviuoyqruynvwbzbngenbwxsygv/Build/Intermediates.noindex/mlx-swift.build/Debug-iphonesimulator/Cmlx.build/Objects-normal/arm64/82b82416624d2658e5098eb0a28c15c5-common-args.resp -MMD -MT dependencies -MF /Users/jamesalford/Library/Developer/Xcode/DerivedData/NotedCore-ftviuoyqruynvwbzbngenbwxsygv/Build/Intermediates.noindex/mlx-swift.build/Debug-iphonesimulator/Cmlx.build/Objects-normal/arm64/binary-ab0d1fc65989cb2f0f667b4d977665bc.d --serialize-diagnostics /Users/jamesalford/Library/Developer/Xcode/DerivedData/NotedCore-ftviuoyqruynvwbzbngenbwxsygv/Build/Intermediates.noindex/mlx-swift.build/Debug-iphonesimulator/Cmlx.build/Objects-normal/arm64/binary-ab0d1fc65989cb2f0f667b4d977665bc.dia -c /Users/jamesalford/Library/Developer/Xcode/DerivedData/NotedCore-ftviuoyqruynvwbzbngenbwxsygv/SourcePackages/checkouts/mlx-swift/Source/Cmlx/mlx/mlx/backend/cpu/binary.cpp -o /Users/jamesalford/Library/Developer/Xcode/DerivedData/NotedCore-ftviuoyqruynvwbzbngenbwxsygv/Build/Intermediates.noindex/mlx-swift.build/Debug-iphonesimulator/Cmlx.build/Objects-normal/arm64/binary-ab0d1fc65989cb2f0f667b4d977665bc.o -index-unit-output-path /mlx-swift.build/Debug-iphonesimulator/Cmlx.build/Objects-normal/arm64/binary-ab0d1fc65989cb2f0f667b4d977665bc.o

CompileC /Users/jamesalford/Library/Developer/Xcode/DerivedData/NotedCore-ftviuoyqruynvwbzbngenbwxsygv/Build/Intermediates.noindex/mlx-swift.build/Debug-iphonesimulator/Cmlx.build/Objects-normal/arm64/binary-91701ddac523f69df317bc23b289cafe.o /Users/jamesalford/Library/Developer/Xcode/DerivedData/NotedCore-ftviuoyqruynvwbzbngenbwxsygv/SourcePackages/checkouts/mlx-swift/Source/Cmlx/mlx-generated/binary.cpp normal arm64 c++ com.apple.compilers.llvm.clang.1_0.compiler (in target 'Cmlx' from project 'mlx-swift')
    cd /Users/jamesalford/Documents/NotedCore/NotedCore.xcodeproj
    
    Using response file: /Users/jamesalford/Library/Developer/Xcode/DerivedData/NotedCore-ftviuoyqruynvwbzbngenbwxsygv/Build/Intermediates.noindex/mlx-swift.build/Debug-iphonesimulator/Cmlx.build/Objects-normal/arm64/82b82416624d2658e5098eb0a28c15c5-common-args.resp
    
    /Applications/Xcode.app/Contents/Developer/Toolchains/XcodeDefault.xctoolchain/usr/bin/clang -x c++ -ivfsstatcache /Users/jamesalford/Library/Developer/Xcode/DerivedData/SDKStatCaches.noindex/iphonesimulator26.0-23A339-3885c01c3e6b6a337905948deab2002e26257891a6c027eb51374368541b8346.sdkstatcache -fmessage-length\=0 -fdiagnostics-show-note-include-stack -fmacro-backtrace-limit\=0 -fno-color-diagnostics -fmodules-prune-interval\=86400 -fmodules-prune-after\=345600 -fbuild-session-file\=/Users/jamesalford/Library/Developer/Xcode/DerivedData/ModuleCache.noindex/Session.modulevalidation -fmodules-validate-once-per-build-session -Wnon-modular-include-in-framework-module -Werror\=non-modular-include-in-framework-module -Wno-trigraphs -Wno-missing-field-initializers -Wno-missing-prototypes -Wno-return-type -Wno-non-virtual-dtor -Wno-overloaded-virtual -Wno-exit-time-destructors -Wno-missing-braces -Wparentheses -Wswitch -Wno-unused-function -Wno-unused-label -Wno-unused-parameter -Wno-unused-variable -Wunused-value -Wno-empty-body -Wno-uninitialized -Wno-unknown-pragmas -w -Wno-shadow -Wno-four-char-constants -Wno-conversion -Wno-constant-conversion -Wno-int-conversion -Wno-bool-conversion -Wno-enum-conversion -Wno-float-conversion -Wno-non-literal-null-conversion -Wno-objc-literal-conversion -Wshorten-64-to-32 -Wno-newline-eof -Wno-c++11-extensions -Wno-implicit-fallthrough -fstrict-aliasing -Wdeprecated-declarations -Winvalid-offsetof -Wno-sign-conversion -Wno-infinite-recursion -Wno-move -Wno-comma -Wno-block-capture-autoreleasing -Wno-strict-prototypes -Wno-range-loop-analysis -Wno-semicolon-before-method-body -index-store-path /Users/jamesalford/Library/Developer/Xcode/DerivedData/NotedCore-ftviuoyqruynvwbzbngenbwxsygv/Index.noindex/DataStore @/Users/jamesalford/Library/Developer/Xcode/DerivedData/NotedCore-ftviuoyqruynvwbzbngenbwxsygv/Build/Intermediates.noindex/mlx-swift.build/Debug-iphonesimulator/Cmlx.build/Objects-normal/arm64/82b82416624d2658e5098eb0a28c15c5-common-args.resp -MMD -MT dependencies -MF /Users/jamesalford/Library/Developer/Xcode/DerivedData/NotedCore-ftviuoyqruynvwbzbngenbwxsygv/Build/Intermediates.noindex/mlx-swift.build/Debug-iphonesimulator/Cmlx.build/Objects-normal/arm64/binary-91701ddac523f69df317bc23b289cafe.d --serialize-diagnostics /Users/jamesalford/Library/Developer/Xcode/DerivedData/NotedCore-ftviuoyqruynvwbzbngenbwxsygv/Build/Intermediates.noindex/mlx-swift.build/Debug-iphonesimulator/Cmlx.build/Objects-normal/arm64/binary-91701ddac523f69df317bc23b289cafe.dia -c /Users/jamesalford/Library/Developer/Xcode/DerivedData/NotedCore-ftviuoyqruynvwbzbngenbwxsygv/SourcePackages/checkouts/mlx-swift/Source/Cmlx/mlx-generated/binary.cpp -o /Users/jamesalford/Library/Developer/Xcode/DerivedData/NotedCore-ftviuoyqruynvwbzbngenbwxsygv/Build/Intermediates.noindex/mlx-swift.build/Debug-iphonesimulator/Cmlx.build/Objects-normal/arm64/binary-91701ddac523f69df317bc23b289cafe.o -index-unit-output-path /mlx-swift.build/Debug-iphonesimulator/Cmlx.build/Objects-normal/arm64/binary-91701ddac523f69df317bc23b289cafe.o

CompileC /Users/jamesalford/Library/Developer/Xcode/DerivedData/NotedCore-ftviuoyqruynvwbzbngenbwxsygv/Build/Intermediates.noindex/mlx-swift.build/Debug-iphonesimulator/Cmlx.build/Objects-normal/arm64/binary-1f7bf34b9fed48e8e53cc4292467505b.o /Users/jamesalford/Library/Developer/Xcode/DerivedData/NotedCore-ftviuoyqruynvwbzbngenbwxsygv/SourcePackages/checkouts/mlx-swift/Source/Cmlx/mlx/mlx/backend/metal/binary.cpp normal arm64 c++ com.apple.compilers.llvm.clang.1_0.compiler (in target 'Cmlx' from project 'mlx-swift')
    cd /Users/jamesalford/Documents/NotedCore/NotedCore.xcodeproj
    
    Using response file: /Users/jamesalford/Library/Developer/Xcode/DerivedData/NotedCore-ftviuoyqruynvwbzbngenbwxsygv/Build/Intermediates.noindex/mlx-swift.build/Debug-iphonesimulator/Cmlx.build/Objects-normal/arm64/82b82416624d2658e5098eb0a28c15c5-common-args.resp
    
    /Applications/Xcode.app/Contents/Developer/Toolchains/XcodeDefault.xctoolchain/usr/bin/clang -x c++ -ivfsstatcache /Users/jamesalford/Library/Developer/Xcode/DerivedData/SDKStatCaches.noindex/iphonesimulator26.0-23A339-3885c01c3e6b6a337905948deab2002e26257891a6c027eb51374368541b8346.sdkstatcache -fmessage-length\=0 -fdiagnostics-show-note-include-stack -fmacro-backtrace-limit\=0 -fno-color-diagnostics -fmodules-prune-interval\=86400 -fmodules-prune-after\=345600 -fbuild-session-file\=/Users/jamesalford/Library/Developer/Xcode/DerivedData/ModuleCache.noindex/Session.modulevalidation -fmodules-validate-once-per-build-session -Wnon-modular-include-in-framework-module -Werror\=non-modular-include-in-framework-module -Wno-trigraphs -Wno-missing-field-initializers -Wno-missing-prototypes -Wno-return-type -Wno-non-virtual-dtor -Wno-overloaded-virtual -Wno-exit-time-destructors -Wno-missing-braces -Wparentheses -Wswitch -Wno-unused-function -Wno-unused-label -Wno-unused-parameter -Wno-unused-variable -Wunused-value -Wno-empty-body -Wno-uninitialized -Wno-unknown-pragmas -w -Wno-shadow -Wno-four-char-constants -Wno-conversion -Wno-constant-conversion -Wno-int-conversion -Wno-bool-conversion -Wno-enum-conversion -Wno-float-conversion -Wno-non-literal-null-conversion -Wno-objc-literal-conversion -Wshorten-64-to-32 -Wno-newline-eof -Wno-c++11-extensions -Wno-implicit-fallthrough -fstrict-aliasing -Wdeprecated-declarations -Winvalid-offsetof -Wno-sign-conversion -Wno-infinite-recursion -Wno-move -Wno-comma -Wno-block-capture-autoreleasing -Wno-strict-prototypes -Wno-range-loop-analysis -Wno-semicolon-before-method-body -index-store-path /Users/jamesalford/Library/Developer/Xcode/DerivedData/NotedCore-ftviuoyqruynvwbzbngenbwxsygv/Index.noindex/DataStore @/Users/jamesalford/Library/Developer/Xcode/DerivedData/NotedCore-ftviuoyqruynvwbzbngenbwxsygv/Build/Intermediates.noindex/mlx-swift.build/Debug-iphonesimulator/Cmlx.build/Objects-normal/arm64/82b82416624d2658e5098eb0a28c15c5-common-args.resp -MMD -MT dependencies -MF /Users/jamesalford/Library/Developer/Xcode/DerivedData/NotedCore-ftviuoyqruynvwbzbngenbwxsygv/Build/Intermediates.noindex/mlx-swift.build/Debug-iphonesimulator/Cmlx.build/Objects-normal/arm64/binary-1f7bf34b9fed48e8e53cc4292467505b.d --serialize-diagnostics /Users/jamesalford/Library/Developer/Xcode/DerivedData/NotedCore-ftviuoyqruynvwbzbngenbwxsygv/Build/Intermediates.noindex/mlx-swift.build/Debug-iphonesimulator/Cmlx.build/Objects-normal/arm64/binary-1f7bf34b9fed48e8e53cc4292467505b.dia -c /Users/jamesalford/Library/Developer/Xcode/DerivedData/NotedCore-ftviuoyqruynvwbzbngenbwxsygv/SourcePackages/checkouts/mlx-swift/Source/Cmlx/mlx/mlx/backend/metal/binary.cpp -o /Users/jamesalford/Library/Developer/Xcode/DerivedData/NotedCore-ftviuoyqruynvwbzbngenbwxsygv/Build/Intermediates.noindex/mlx-swift.build/Debug-iphonesimulator/Cmlx.build/Objects-normal/arm64/binary-1f7bf34b9fed48e8e53cc4292467505b.o -index-unit-output-path /mlx-swift.build/Debug-iphonesimulator/Cmlx.build/Objects-normal/arm64/binary-1f7bf34b9fed48e8e53cc4292467505b.o

CompileC /Users/jamesalford/Library/Developer/Xcode/DerivedData/NotedCore-ftviuoyqruynvwbzbngenbwxsygv/Build/Intermediates.noindex/mlx-swift.build/Debug-iphonesimulator/Cmlx.build/Objects-normal/arm64/array-c4683485450d4f8424c74fabd14c01be.o /Users/jamesalford/Library/Developer/Xcode/DerivedData/NotedCore-ftviuoyqruynvwbzbngenbwxsygv/SourcePackages/checkouts/mlx-swift/Source/Cmlx/mlx/mlx/array.cpp normal arm64 c++ com.apple.compilers.llvm.clang.1_0.compiler (in target 'Cmlx' from project 'mlx-swift')
    cd /Users/jamesalford/Documents/NotedCore/NotedCore.xcodeproj
    
    Using response file: /Users/jamesalford/Library/Developer/Xcode/DerivedData/NotedCore-ftviuoyqruynvwbzbngenbwxsygv/Build/Intermediates.noindex/mlx-swift.build/Debug-iphonesimulator/Cmlx.build/Objects-normal/arm64/82b82416624d2658e5098eb0a28c15c5-common-args.resp
    
    /Applications/Xcode.app/Contents/Developer/Toolchains/XcodeDefault.xctoolchain/usr/bin/clang -x c++ -ivfsstatcache /Users/jamesalford/Library/Developer/Xcode/DerivedData/SDKStatCaches.noindex/iphonesimulator26.0-23A339-3885c01c3e6b6a337905948deab2002e26257891a6c027eb51374368541b8346.sdkstatcache -fmessage-length\=0 -fdiagnostics-show-note-include-stack -fmacro-backtrace-limit\=0 -fno-color-diagnostics -fmodules-prune-interval\=86400 -fmodules-prune-after\=345600 -fbuild-session-file\=/Users/jamesalford/Library/Developer/Xcode/DerivedData/ModuleCache.noindex/Session.modulevalidation -fmodules-validate-once-per-build-session -Wnon-modular-include-in-framework-module -Werror\=non-modular-include-in-framework-module -Wno-trigraphs -Wno-missing-field-initializers -Wno-missing-prototypes -Wno-return-type -Wno-non-virtual-dtor -Wno-overloaded-virtual -Wno-exit-time-destructors -Wno-missing-braces -Wparentheses -Wswitch -Wno-unused-function -Wno-unused-label -Wno-unused-parameter -Wno-unused-variable -Wunused-value -Wno-empty-body -Wno-uninitialized -Wno-unknown-pragmas -w -Wno-shadow -Wno-four-char-constants -Wno-conversion -Wno-constant-conversion -Wno-int-conversion -Wno-bool-conversion -Wno-enum-conversion -Wno-float-conversion -Wno-non-literal-null-conversion -Wno-objc-literal-conversion -Wshorten-64-to-32 -Wno-newline-eof -Wno-c++11-extensions -Wno-implicit-fallthrough -fstrict-aliasing -Wdeprecated-declarations -Winvalid-offsetof -Wno-sign-conversion -Wno-infinite-recursion -Wno-move -Wno-comma -Wno-block-capture-autoreleasing -Wno-strict-prototypes -Wno-range-loop-analysis -Wno-semicolon-before-method-body -index-store-path /Users/jamesalford/Library/Developer/Xcode/DerivedData/NotedCore-ftviuoyqruynvwbzbngenbwxsygv/Index.noindex/DataStore @/Users/jamesalford/Library/Developer/Xcode/DerivedData/NotedCore-ftviuoyqruynvwbzbngenbwxsygv/Build/Intermediates.noindex/mlx-swift.build/Debug-iphonesimulator/Cmlx.build/Objects-normal/arm64/82b82416624d2658e5098eb0a28c15c5-common-args.resp -MMD -MT dependencies -MF /Users/jamesalford/Library/Developer/Xcode/DerivedData/NotedCore-ftviuoyqruynvwbzbngenbwxsygv/Build/Intermediates.noindex/mlx-swift.build/Debug-iphonesimulator/Cmlx.build/Objects-normal/arm64/array-c4683485450d4f8424c74fabd14c01be.d --serialize-diagnostics /Users/jamesalford/Library/Developer/Xcode/DerivedData/NotedCore-ftviuoyqruynvwbzbngenbwxsygv/Build/Intermediates.noindex/mlx-swift.build/Debug-iphonesimulator/Cmlx.build/Objects-normal/arm64/array-c4683485450d4f8424c74fabd14c01be.dia -c /Users/jamesalford/Library/Developer/Xcode/DerivedData/NotedCore-ftviuoyqruynvwbzbngenbwxsygv/SourcePackages/checkouts/mlx-swift/Source/Cmlx/mlx/mlx/array.cpp -o /Users/jamesalford/Library/Developer/Xcode/DerivedData/NotedCore-ftviuoyqruynvwbzbngenbwxsygv/Build/Intermediates.noindex/mlx-swift.build/Debug-iphonesimulator/Cmlx.build/Objects-normal/arm64/array-c4683485450d4f8424c74fabd14c01be.o -index-unit-output-path /mlx-swift.build/Debug-iphonesimulator/Cmlx.build/Objects-normal/arm64/array-c4683485450d4f8424c74fabd14c01be.o

CompileC /Users/jamesalford/Library/Developer/Xcode/DerivedData/NotedCore-ftviuoyqruynvwbzbngenbwxsygv/Build/Intermediates.noindex/mlx-swift.build/Debug-iphonesimulator/Cmlx.build/Objects-normal/arm64/array-28436edab76e963aa44568e391ac3c19.o /Users/jamesalford/Library/Developer/Xcode/DerivedData/NotedCore-ftviuoyqruynvwbzbngenbwxsygv/SourcePackages/checkouts/mlx-swift/Source/Cmlx/mlx-c/mlx/c/array.cpp normal arm64 c++ com.apple.compilers.llvm.clang.1_0.compiler (in target 'Cmlx' from project 'mlx-swift')
    cd /Users/jamesalford/Documents/NotedCore/NotedCore.xcodeproj
    
    Using response file: /Users/jamesalford/Library/Developer/Xcode/DerivedData/NotedCore-ftviuoyqruynvwbzbngenbwxsygv/Build/Intermediates.noindex/mlx-swift.build/Debug-iphonesimulator/Cmlx.build/Objects-normal/arm64/82b82416624d2658e5098eb0a28c15c5-common-args.resp
    
    /Applications/Xcode.app/Contents/Developer/Toolchains/XcodeDefault.xctoolchain/usr/bin/clang -x c++ -ivfsstatcache /Users/jamesalford/Library/Developer/Xcode/DerivedData/SDKStatCaches.noindex/iphonesimulator26.0-23A339-3885c01c3e6b6a337905948deab2002e26257891a6c027eb51374368541b8346.sdkstatcache -fmessage-length\=0 -fdiagnostics-show-note-include-stack -fmacro-backtrace-limit\=0 -fno-color-diagnostics -fmodules-prune-interval\=86400 -fmodules-prune-after\=345600 -fbuild-session-file\=/Users/jamesalford/Library/Developer/Xcode/DerivedData/ModuleCache.noindex/Session.modulevalidation -fmodules-validate-once-per-build-session -Wnon-modular-include-in-framework-module -Werror\=non-modular-include-in-framework-module -Wno-trigraphs -Wno-missing-field-initializers -Wno-missing-prototypes -Wno-return-type -Wno-non-virtual-dtor -Wno-overloaded-virtual -Wno-exit-time-destructors -Wno-missing-braces -Wparentheses -Wswitch -Wno-unused-function -Wno-unused-label -Wno-unused-parameter -Wno-unused-variable -Wunused-value -Wno-empty-body -Wno-uninitialized -Wno-unknown-pragmas -w -Wno-shadow -Wno-four-char-constants -Wno-conversion -Wno-constant-conversion -Wno-int-conversion -Wno-bool-conversion -Wno-enum-conversion -Wno-float-conversion -Wno-non-literal-null-conversion -Wno-objc-literal-conversion -Wshorten-64-to-32 -Wno-newline-eof -Wno-c++11-extensions -Wno-implicit-fallthrough -fstrict-aliasing -Wdeprecated-declarations -Winvalid-offsetof -Wno-sign-conversion -Wno-infinite-recursion -Wno-move -Wno-comma -Wno-block-capture-autoreleasing -Wno-strict-prototypes -Wno-range-loop-analysis -Wno-semicolon-before-method-body -index-store-path /Users/jamesalford/Library/Developer/Xcode/DerivedData/NotedCore-ftviuoyqruynvwbzbngenbwxsygv/Index.noindex/DataStore @/Users/jamesalford/Library/Developer/Xcode/DerivedData/NotedCore-ftviuoyqruynvwbzbngenbwxsygv/Build/Intermediates.noindex/mlx-swift.build/Debug-iphonesimulator/Cmlx.build/Objects-normal/arm64/82b82416624d2658e5098eb0a28c15c5-common-args.resp -MMD -MT dependencies -MF /Users/jamesalford/Library/Developer/Xcode/DerivedData/NotedCore-ftviuoyqruynvwbzbngenbwxsygv/Build/Intermediates.noindex/mlx-swift.build/Debug-iphonesimulator/Cmlx.build/Objects-normal/arm64/array-28436edab76e963aa44568e391ac3c19.d --serialize-diagnostics /Users/jamesalford/Library/Developer/Xcode/DerivedData/NotedCore-ftviuoyqruynvwbzbngenbwxsygv/Build/Intermediates.noindex/mlx-swift.build/Debug-iphonesimulator/Cmlx.build/Objects-normal/arm64/array-28436edab76e963aa44568e391ac3c19.dia -c /Users/jamesalford/Library/Developer/Xcode/DerivedData/NotedCore-ftviuoyqruynvwbzbngenbwxsygv/SourcePackages/checkouts/mlx-swift/Source/Cmlx/mlx-c/mlx/c/array.cpp -o /Users/jamesalford/Library/Developer/Xcode/DerivedData/NotedCore-ftviuoyqruynvwbzbngenbwxsygv/Build/Intermediates.noindex/mlx-swift.build/Debug-iphonesimulator/Cmlx.build/Objects-normal/arm64/array-28436edab76e963aa44568e391ac3c19.o -index-unit-output-path /mlx-swift.build/Debug-iphonesimulator/Cmlx.build/Objects-normal/arm64/array-28436edab76e963aa44568e391ac3c19.o

CompileC /Users/jamesalford/Library/Developer/Xcode/DerivedData/NotedCore-ftviuoyqruynvwbzbngenbwxsygv/Build/Intermediates.noindex/mlx-swift.build/Debug-iphonesimulator/Cmlx.build/Objects-normal/arm64/arg_reduce.o /Users/jamesalford/Library/Developer/Xcode/DerivedData/NotedCore-ftviuoyqruynvwbzbngenbwxsygv/SourcePackages/checkouts/mlx-swift/Source/Cmlx/mlx/mlx/backend/cpu/arg_reduce.cpp normal arm64 c++ com.apple.compilers.llvm.clang.1_0.compiler (in target 'Cmlx' from project 'mlx-swift')
    cd /Users/jamesalford/Documents/NotedCore/NotedCore.xcodeproj
    
    Using response file: /Users/jamesalford/Library/Developer/Xcode/DerivedData/NotedCore-ftviuoyqruynvwbzbngenbwxsygv/Build/Intermediates.noindex/mlx-swift.build/Debug-iphonesimulator/Cmlx.build/Objects-normal/arm64/82b82416624d2658e5098eb0a28c15c5-common-args.resp
    
    /Applications/Xcode.app/Contents/Developer/Toolchains/XcodeDefault.xctoolchain/usr/bin/clang -x c++ -ivfsstatcache /Users/jamesalford/Library/Developer/Xcode/DerivedData/SDKStatCaches.noindex/iphonesimulator26.0-23A339-3885c01c3e6b6a337905948deab2002e26257891a6c027eb51374368541b8346.sdkstatcache -fmessage-length\=0 -fdiagnostics-show-note-include-stack -fmacro-backtrace-limit\=0 -fno-color-diagnostics -fmodules-prune-interval\=86400 -fmodules-prune-after\=345600 -fbuild-session-file\=/Users/jamesalford/Library/Developer/Xcode/DerivedData/ModuleCache.noindex/Session.modulevalidation -fmodules-validate-once-per-build-session -Wnon-modular-include-in-framework-module -Werror\=non-modular-include-in-framework-module -Wno-trigraphs -Wno-missing-field-initializers -Wno-missing-prototypes -Wno-return-type -Wno-non-virtual-dtor -Wno-overloaded-virtual -Wno-exit-time-destructors -Wno-missing-braces -Wparentheses -Wswitch -Wno-unused-function -Wno-unused-label -Wno-unused-parameter -Wno-unused-variable -Wunused-value -Wno-empty-body -Wno-uninitialized -Wno-unknown-pragmas -w -Wno-shadow -Wno-four-char-constants -Wno-conversion -Wno-constant-conversion -Wno-int-conversion -Wno-bool-conversion -Wno-enum-conversion -Wno-float-conversion -Wno-non-literal-null-conversion -Wno-objc-literal-conversion -Wshorten-64-to-32 -Wno-newline-eof -Wno-c++11-extensions -Wno-implicit-fallthrough -fstrict-aliasing -Wdeprecated-declarations -Winvalid-offsetof -Wno-sign-conversion -Wno-infinite-recursion -Wno-move -Wno-comma -Wno-block-capture-autoreleasing -Wno-strict-prototypes -Wno-range-loop-analysis -Wno-semicolon-before-method-body -index-store-path /Users/jamesalford/Library/Developer/Xcode/DerivedData/NotedCore-ftviuoyqruynvwbzbngenbwxsygv/Index.noindex/DataStore @/Users/jamesalford/Library/Developer/Xcode/DerivedData/NotedCore-ftviuoyqruynvwbzbngenbwxsygv/Build/Intermediates.noindex/mlx-swift.build/Debug-iphonesimulator/Cmlx.build/Objects-normal/arm64/82b82416624d2658e5098eb0a28c15c5-common-args.resp -MMD -MT dependencies -MF /Users/jamesalford/Library/Developer/Xcode/DerivedData/NotedCore-ftviuoyqruynvwbzbngenbwxsygv/Build/Intermediates.noindex/mlx-swift.build/Debug-iphonesimulator/Cmlx.build/Objects-normal/arm64/arg_reduce.d --serialize-diagnostics /Users/jamesalford/Library/Developer/Xcode/DerivedData/NotedCore-ftviuoyqruynvwbzbngenbwxsygv/Build/Intermediates.noindex/mlx-swift.build/Debug-iphonesimulator/Cmlx.build/Objects-normal/arm64/arg_reduce.dia -c /Users/jamesalford/Library/Developer/Xcode/DerivedData/NotedCore-ftviuoyqruynvwbzbngenbwxsygv/SourcePackages/checkouts/mlx-swift/Source/Cmlx/mlx/mlx/backend/cpu/arg_reduce.cpp -o /Users/jamesalford/Library/Developer/Xcode/DerivedData/NotedCore-ftviuoyqruynvwbzbngenbwxsygv/Build/Intermediates.noindex/mlx-swift.build/Debug-iphonesimulator/Cmlx.build/Objects-normal/arm64/arg_reduce.o -index-unit-output-path /mlx-swift.build/Debug-iphonesimulator/Cmlx.build/Objects-normal/arm64/arg_reduce.o

CompileC /Users/jamesalford/Library/Developer/Xcode/DerivedData/NotedCore-ftviuoyqruynvwbzbngenbwxsygv/Build/Intermediates.noindex/mlx-swift.build/Debug-iphonesimulator/Cmlx.build/Objects-normal/arm64/arange.o /Users/jamesalford/Library/Developer/Xcode/DerivedData/NotedCore-ftviuoyqruynvwbzbngenbwxsygv/SourcePackages/checkouts/mlx-swift/Source/Cmlx/mlx-generated/arange.cpp normal arm64 c++ com.apple.compilers.llvm.clang.1_0.compiler (in target 'Cmlx' from project 'mlx-swift')
    cd /Users/jamesalford/Documents/NotedCore/NotedCore.xcodeproj
    
    Using response file: /Users/jamesalford/Library/Developer/Xcode/DerivedData/NotedCore-ftviuoyqruynvwbzbngenbwxsygv/Build/Intermediates.noindex/mlx-swift.build/Debug-iphonesimulator/Cmlx.build/Objects-normal/arm64/82b82416624d2658e5098eb0a28c15c5-common-args.resp
    
    /Applications/Xcode.app/Contents/Developer/Toolchains/XcodeDefault.xctoolchain/usr/bin/clang -x c++ -ivfsstatcache /Users/jamesalford/Library/Developer/Xcode/DerivedData/SDKStatCaches.noindex/iphonesimulator26.0-23A339-3885c01c3e6b6a337905948deab2002e26257891a6c027eb51374368541b8346.sdkstatcache -fmessage-length\=0 -fdiagnostics-show-note-include-stack -fmacro-backtrace-limit\=0 -fno-color-diagnostics -fmodules-prune-interval\=86400 -fmodules-prune-after\=345600 -fbuild-session-file\=/Users/jamesalford/Library/Developer/Xcode/DerivedData/ModuleCache.noindex/Session.modulevalidation -fmodules-validate-once-per-build-session -Wnon-modular-include-in-framework-module -Werror\=non-modular-include-in-framework-module -Wno-trigraphs -Wno-missing-field-initializers -Wno-missing-prototypes -Wno-return-type -Wno-non-virtual-dtor -Wno-overloaded-virtual -Wno-exit-time-destructors -Wno-missing-braces -Wparentheses -Wswitch -Wno-unused-function -Wno-unused-label -Wno-unused-parameter -Wno-unused-variable -Wunused-value -Wno-empty-body -Wno-uninitialized -Wno-unknown-pragmas -w -Wno-shadow -Wno-four-char-constants -Wno-conversion -Wno-constant-conversion -Wno-int-conversion -Wno-bool-conversion -Wno-enum-conversion -Wno-float-conversion -Wno-non-literal-null-conversion -Wno-objc-literal-conversion -Wshorten-64-to-32 -Wno-newline-eof -Wno-c++11-extensions -Wno-implicit-fallthrough -fstrict-aliasing -Wdeprecated-declarations -Winvalid-offsetof -Wno-sign-conversion -Wno-infinite-recursion -Wno-move -Wno-comma -Wno-block-capture-autoreleasing -Wno-strict-prototypes -Wno-range-loop-analysis -Wno-semicolon-before-method-body -index-store-path /Users/jamesalford/Library/Developer/Xcode/DerivedData/NotedCore-ftviuoyqruynvwbzbngenbwxsygv/Index.noindex/DataStore @/Users/jamesalford/Library/Developer/Xcode/DerivedData/NotedCore-ftviuoyqruynvwbzbngenbwxsygv/Build/Intermediates.noindex/mlx-swift.build/Debug-iphonesimulator/Cmlx.build/Objects-normal/arm64/82b82416624d2658e5098eb0a28c15c5-common-args.resp -MMD -MT dependencies -MF /Users/jamesalford/Library/Developer/Xcode/DerivedData/NotedCore-ftviuoyqruynvwbzbngenbwxsygv/Build/Intermediates.noindex/mlx-swift.build/Debug-iphonesimulator/Cmlx.build/Objects-normal/arm64/arange.d --serialize-diagnostics /Users/jamesalford/Library/Developer/Xcode/DerivedData/NotedCore-ftviuoyqruynvwbzbngenbwxsygv/Build/Intermediates.noindex/mlx-swift.build/Debug-iphonesimulator/Cmlx.build/Objects-normal/arm64/arange.dia -c /Users/jamesalford/Library/Developer/Xcode/DerivedData/NotedCore-ftviuoyqruynvwbzbngenbwxsygv/SourcePackages/checkouts/mlx-swift/Source/Cmlx/mlx-generated/arange.cpp -o /Users/jamesalford/Library/Developer/Xcode/DerivedData/NotedCore-ftviuoyqruynvwbzbngenbwxsygv/Build/Intermediates.noindex/mlx-swift.build/Debug-iphonesimulator/Cmlx.build/Objects-normal/arm64/arange.o -index-unit-output-path /mlx-swift.build/Debug-iphonesimulator/Cmlx.build/Objects-normal/arm64/arange.o

CompileC /Users/jamesalford/Library/Developer/Xcode/DerivedData/NotedCore-ftviuoyqruynvwbzbngenbwxsygv/Build/Intermediates.noindex/mlx-swift.build/Debug-iphonesimulator/Cmlx.build/Objects-normal/arm64/allocator-c290211233887259f5c60a6244a7692d.o /Users/jamesalford/Library/Developer/Xcode/DerivedData/NotedCore-ftviuoyqruynvwbzbngenbwxsygv/SourcePackages/checkouts/mlx-swift/Source/Cmlx/mlx/mlx/allocator.cpp normal arm64 c++ com.apple.compilers.llvm.clang.1_0.compiler (in target 'Cmlx' from project 'mlx-swift')
    cd /Users/jamesalford/Documents/NotedCore/NotedCore.xcodeproj
    
    Using response file: /Users/jamesalford/Library/Developer/Xcode/DerivedData/NotedCore-ftviuoyqruynvwbzbngenbwxsygv/Build/Intermediates.noindex/mlx-swift.build/Debug-iphonesimulator/Cmlx.build/Objects-normal/arm64/82b82416624d2658e5098eb0a28c15c5-common-args.resp
    
    /Applications/Xcode.app/Contents/Developer/Toolchains/XcodeDefault.xctoolchain/usr/bin/clang -x c++ -ivfsstatcache /Users/jamesalford/Library/Developer/Xcode/DerivedData/SDKStatCaches.noindex/iphonesimulator26.0-23A339-3885c01c3e6b6a337905948deab2002e26257891a6c027eb51374368541b8346.sdkstatcache -fmessage-length\=0 -fdiagnostics-show-note-include-stack -fmacro-backtrace-limit\=0 -fno-color-diagnostics -fmodules-prune-interval\=86400 -fmodules-prune-after\=345600 -fbuild-session-file\=/Users/jamesalford/Library/Developer/Xcode/DerivedData/ModuleCache.noindex/Session.modulevalidation -fmodules-validate-once-per-build-session -Wnon-modular-include-in-framework-module -Werror\=non-modular-include-in-framework-module -Wno-trigraphs -Wno-missing-field-initializers -Wno-missing-prototypes -Wno-return-type -Wno-non-virtual-dtor -Wno-overloaded-virtual -Wno-exit-time-destructors -Wno-missing-braces -Wparentheses -Wswitch -Wno-unused-function -Wno-unused-label -Wno-unused-parameter -Wno-unused-variable -Wunused-value -Wno-empty-body -Wno-uninitialized -Wno-unknown-pragmas -w -Wno-shadow -Wno-four-char-constants -Wno-conversion -Wno-constant-conversion -Wno-int-conversion -Wno-bool-conversion -Wno-enum-conversion -Wno-float-conversion -Wno-non-literal-null-conversion -Wno-objc-literal-conversion -Wshorten-64-to-32 -Wno-newline-eof -Wno-c++11-extensions -Wno-implicit-fallthrough -fstrict-aliasing -Wdeprecated-declarations -Winvalid-offsetof -Wno-sign-conversion -Wno-infinite-recursion -Wno-move -Wno-comma -Wno-block-capture-autoreleasing -Wno-strict-prototypes -Wno-range-loop-analysis -Wno-semicolon-before-method-body -index-store-path /Users/jamesalford/Library/Developer/Xcode/DerivedData/NotedCore-ftviuoyqruynvwbzbngenbwxsygv/Index.noindex/DataStore @/Users/jamesalford/Library/Developer/Xcode/DerivedData/NotedCore-ftviuoyqruynvwbzbngenbwxsygv/Build/Intermediates.noindex/mlx-swift.build/Debug-iphonesimulator/Cmlx.build/Objects-normal/arm64/82b82416624d2658e5098eb0a28c15c5-common-args.resp -MMD -MT dependencies -MF /Users/jamesalford/Library/Developer/Xcode/DerivedData/NotedCore-ftviuoyqruynvwbzbngenbwxsygv/Build/Intermediates.noindex/mlx-swift.build/Debug-iphonesimulator/Cmlx.build/Objects-normal/arm64/allocator-c290211233887259f5c60a6244a7692d.d --serialize-diagnostics /Users/jamesalford/Library/Developer/Xcode/DerivedData/NotedCore-ftviuoyqruynvwbzbngenbwxsygv/Build/Intermediates.noindex/mlx-swift.build/Debug-iphonesimulator/Cmlx.build/Objects-normal/arm64/allocator-c290211233887259f5c60a6244a7692d.dia -c /Users/jamesalford/Library/Developer/Xcode/DerivedData/NotedCore-ftviuoyqruynvwbzbngenbwxsygv/SourcePackages/checkouts/mlx-swift/Source/Cmlx/mlx/mlx/allocator.cpp -o /Users/jamesalford/Library/Developer/Xcode/DerivedData/NotedCore-ftviuoyqruynvwbzbngenbwxsygv/Build/Intermediates.noindex/mlx-swift.build/Debug-iphonesimulator/Cmlx.build/Objects-normal/arm64/allocator-c290211233887259f5c60a6244a7692d.o -index-unit-output-path /mlx-swift.build/Debug-iphonesimulator/Cmlx.build/Objects-normal/arm64/allocator-c290211233887259f5c60a6244a7692d.o

CompileC /Users/jamesalford/Library/Developer/Xcode/DerivedData/NotedCore-ftviuoyqruynvwbzbngenbwxsygv/Build/Intermediates.noindex/mlx-swift.build/Debug-iphonesimulator/Cmlx.build/Objects-normal/arm64/allocator-89d4f660b25d8d523dd2b7a4921e6f4b.o /Users/jamesalford/Library/Developer/Xcode/DerivedData/NotedCore-ftviuoyqruynvwbzbngenbwxsygv/SourcePackages/checkouts/mlx-swift/Source/Cmlx/mlx/mlx/backend/metal/allocator.cpp normal arm64 c++ com.apple.compilers.llvm.clang.1_0.compiler (in target 'Cmlx' from project 'mlx-swift')
    cd /Users/jamesalford/Documents/NotedCore/NotedCore.xcodeproj
    
    Using response file: /Users/jamesalford/Library/Developer/Xcode/DerivedData/NotedCore-ftviuoyqruynvwbzbngenbwxsygv/Build/Intermediates.noindex/mlx-swift.build/Debug-iphonesimulator/Cmlx.build/Objects-normal/arm64/82b82416624d2658e5098eb0a28c15c5-common-args.resp
    
    /Applications/Xcode.app/Contents/Developer/Toolchains/XcodeDefault.xctoolchain/usr/bin/clang -x c++ -ivfsstatcache /Users/jamesalford/Library/Developer/Xcode/DerivedData/SDKStatCaches.noindex/iphonesimulator26.0-23A339-3885c01c3e6b6a337905948deab2002e26257891a6c027eb51374368541b8346.sdkstatcache -fmessage-length\=0 -fdiagnostics-show-note-include-stack -fmacro-backtrace-limit\=0 -fno-color-diagnostics -fmodules-prune-interval\=86400 -fmodules-prune-after\=345600 -fbuild-session-file\=/Users/jamesalford/Library/Developer/Xcode/DerivedData/ModuleCache.noindex/Session.modulevalidation -fmodules-validate-once-per-build-session -Wnon-modular-include-in-framework-module -Werror\=non-modular-include-in-framework-module -Wno-trigraphs -Wno-missing-field-initializers -Wno-missing-prototypes -Wno-return-type -Wno-non-virtual-dtor -Wno-overloaded-virtual -Wno-exit-time-destructors -Wno-missing-braces -Wparentheses -Wswitch -Wno-unused-function -Wno-unused-label -Wno-unused-parameter -Wno-unused-variable -Wunused-value -Wno-empty-body -Wno-uninitialized -Wno-unknown-pragmas -w -Wno-shadow -Wno-four-char-constants -Wno-conversion -Wno-constant-conversion -Wno-int-conversion -Wno-bool-conversion -Wno-enum-conversion -Wno-float-conversion -Wno-non-literal-null-conversion -Wno-objc-literal-conversion -Wshorten-64-to-32 -Wno-newline-eof -Wno-c++11-extensions -Wno-implicit-fallthrough -fstrict-aliasing -Wdeprecated-declarations -Winvalid-offsetof -Wno-sign-conversion -Wno-infinite-recursion -Wno-move -Wno-comma -Wno-block-capture-autoreleasing -Wno-strict-prototypes -Wno-range-loop-analysis -Wno-semicolon-before-method-body -index-store-path /Users/jamesalford/Library/Developer/Xcode/DerivedData/NotedCore-ftviuoyqruynvwbzbngenbwxsygv/Index.noindex/DataStore @/Users/jamesalford/Library/Developer/Xcode/DerivedData/NotedCore-ftviuoyqruynvwbzbngenbwxsygv/Build/Intermediates.noindex/mlx-swift.build/Debug-iphonesimulator/Cmlx.build/Objects-normal/arm64/82b82416624d2658e5098eb0a28c15c5-common-args.resp -MMD -MT dependencies -MF /Users/jamesalford/Library/Developer/Xcode/DerivedData/NotedCore-ftviuoyqruynvwbzbngenbwxsygv/Build/Intermediates.noindex/mlx-swift.build/Debug-iphonesimulator/Cmlx.build/Objects-normal/arm64/allocator-89d4f660b25d8d523dd2b7a4921e6f4b.d --serialize-diagnostics /Users/jamesalford/Library/Developer/Xcode/DerivedData/NotedCore-ftviuoyqruynvwbzbngenbwxsygv/Build/Intermediates.noindex/mlx-swift.build/Debug-iphonesimulator/Cmlx.build/Objects-normal/arm64/allocator-89d4f660b25d8d523dd2b7a4921e6f4b.dia -c /Users/jamesalford/Library/Developer/Xcode/DerivedData/NotedCore-ftviuoyqruynvwbzbngenbwxsygv/SourcePackages/checkouts/mlx-swift/Source/Cmlx/mlx/mlx/backend/metal/allocator.cpp -o /Users/jamesalford/Library/Developer/Xcode/DerivedData/NotedCore-ftviuoyqruynvwbzbngenbwxsygv/Build/Intermediates.noindex/mlx-swift.build/Debug-iphonesimulator/Cmlx.build/Objects-normal/arm64/allocator-89d4f660b25d8d523dd2b7a4921e6f4b.o -index-unit-output-path /mlx-swift.build/Debug-iphonesimulator/Cmlx.build/Objects-normal/arm64/allocator-89d4f660b25d8d523dd2b7a4921e6f4b.o

MetalLink /Users/jamesalford/Library/Developer/Xcode/DerivedData/NotedCore-ftviuoyqruynvwbzbngenbwxsygv/Build/Products/Debug-iphonesimulator/mlx-swift_Cmlx.bundle/default.metallib (in target 'mlx-swift_Cmlx' from project 'mlx-swift')
    cd /Users/jamesalford/Library/Developer/Xcode/DerivedData/NotedCore-ftviuoyqruynvwbzbngenbwxsygv/SourcePackages/checkouts/mlx-swift
    /var/run/com.apple.security.cryptexd/mnt/com.apple.MobileAsset.MetalToolchain-v17.1.324.0.6zKCg8/Metal.xctoolchain/usr/bin/metal -target air64-apple-ios16.0-simulator -o /Users/jamesalford/Library/Developer/Xcode/DerivedData/NotedCore-ftviuoyqruynvwbzbngenbwxsygv/Build/Products/Debug-iphonesimulator/mlx-swift_Cmlx.bundle/default.metallib /Users/jamesalford/Library/Developer/Xcode/DerivedData/NotedCore-ftviuoyqruynvwbzbngenbwxsygv/Build/Intermediates.noindex/mlx-swift.build/Debug-iphonesimulator/mlx-swift_Cmlx.build/Metal/arg_reduce.air /Users/jamesalford/Library/Developer/Xcode/DerivedData/NotedCore-ftviuoyqruynvwbzbngenbwxsygv/Build/Intermediates.noindex/mlx-swift.build/Debug-iphonesimulator/mlx-swift_Cmlx.build/Metal/conv.air /Users/jamesalford/Library/Developer/Xcode/DerivedData/NotedCore-ftviuoyqruynvwbzbngenbwxsygv/Build/Intermediates.noindex/mlx-swift.build/Debug-iphonesimulator/mlx-swift_Cmlx.build/Metal/gemv.air /Users/jamesalford/Library/Developer/Xcode/DerivedData/NotedCore-ftviuoyqruynvwbzbngenbwxsygv/Build/Intermediates.noindex/mlx-swift.build/Debug-iphonesimulator/mlx-swift_Cmlx.build/Metal/layer_norm.air /Users/jamesalford/Library/Developer/Xcode/DerivedData/NotedCore-ftviuoyqruynvwbzbngenbwxsygv/Build/Intermediates.noindex/mlx-swift.build/Debug-iphonesimulator/mlx-swift_Cmlx.build/Metal/random.air /Users/jamesalford/Library/Developer/Xcode/DerivedData/NotedCore-ftviuoyqruynvwbzbngenbwxsygv/Build/Intermediates.noindex/mlx-swift.build/Debug-iphonesimulator/mlx-swift_Cmlx.build/Metal/rms_norm.air /Users/jamesalford/Library/Developer/Xcode/DerivedData/NotedCore-ftviuoyqruynvwbzbngenbwxsygv/Build/Intermediates.noindex/mlx-swift.build/Debug-iphonesimulator/mlx-swift_Cmlx.build/Metal/rope.air /Users/jamesalford/Library/Developer/Xcode/DerivedData/NotedCore-ftviuoyqruynvwbzbngenbwxsygv/Build/Intermediates.noindex/mlx-swift.build/Debug-iphonesimulator/mlx-swift_Cmlx.build/Metal/scaled_dot_product_attention.air /Users/jamesalford/Library/Developer/Xcode/DerivedData/NotedCore-ftviuoyqruynvwbzbngenbwxsygv/Build/Intermediates.noindex/mlx-swift.build/Debug-iphonesimulator/mlx-swift_Cmlx.build/Metal/steel_attention.air

ScanDependencies /Users/jamesalford/Library/Developer/Xcode/DerivedData/NotedCore-ftviuoyqruynvwbzbngenbwxsygv/Build/Intermediates.noindex/swift-numerics.build/Debug-iphonesimulator/_NumericsShims.build/Objects-normal/arm64/_NumericsShims.o /Users/jamesalford/Library/Developer/Xcode/DerivedData/NotedCore-ftviuoyqruynvwbzbngenbwxsygv/SourcePackages/checkouts/swift-numerics/Sources/_NumericsShims/_NumericsShims.c normal arm64 c com.apple.compilers.llvm.clang.1_0.compiler (in target '_NumericsShims' from project 'swift-numerics')
    cd /Users/jamesalford/Documents/NotedCore/NotedCore.xcodeproj
    
    Using response file: /Users/jamesalford/Library/Developer/Xcode/DerivedData/NotedCore-ftviuoyqruynvwbzbngenbwxsygv/Build/Intermediates.noindex/swift-numerics.build/Debug-iphonesimulator/_NumericsShims.build/Objects-normal/arm64/7187679823f38a2a940e0043cdf9d637-common-args.resp
    
    builtin-ScanDependencies -o /Users/jamesalford/Library/Developer/Xcode/DerivedData/NotedCore-ftviuoyqruynvwbzbngenbwxsygv/Build/Intermediates.noindex/swift-numerics.build/Debug-iphonesimulator/_NumericsShims.build/Objects-normal/arm64/_NumericsShims.o.scan -- /Applications/Xcode.app/Contents/Developer/Toolchains/XcodeDefault.xctoolchain/usr/bin/clang -x c -ivfsstatcache /Users/jamesalford/Library/Developer/Xcode/DerivedData/SDKStatCaches.noindex/iphonesimulator26.0-23A339-3885c01c3e6b6a337905948deab2002e26257891a6c027eb51374368541b8346.sdkstatcache -fmessage-length\=0 -fdiagnostics-show-note-include-stack -fmacro-backtrace-limit\=0 -fno-color-diagnostics -fmodules-prune-interval\=86400 -fmodules-prune-after\=345600 -fbuild-session-file\=/Users/jamesalford/Library/Developer/Xcode/DerivedData/ModuleCache.noindex/Session.modulevalidation -fmodules-validate-once-per-build-session -Wnon-modular-include-in-framework-module -Werror\=non-modular-include-in-framework-module -Wno-trigraphs -Wno-missing-field-initializers -Wno-missing-prototypes -Wno-return-type -Wno-missing-braces -Wparentheses -Wswitch -Wno-unused-function -Wno-unused-label -Wno-unused-parameter -Wno-unused-variable -Wunused-value -Wno-empty-body -Wno-uninitialized -Wno-unknown-pragmas -w -Wno-shadow -Wno-four-char-constants -Wno-conversion -Wno-constant-conversion -Wno-int-conversion -Wno-bool-conversion -Wno-enum-conversion -Wno-float-conversion -Wno-non-literal-null-conversion -Wno-objc-literal-conversion -Wshorten-64-to-32 -Wpointer-sign -Wno-newline-eof -Wno-implicit-fallthrough -fstrict-aliasing -Wdeprecated-declarations -Wno-sign-conversion -Wno-infinite-recursion -Wno-comma -Wno-block-capture-autoreleasing -Wno-strict-prototypes -Wno-semicolon-before-method-body -index-store-path /Users/jamesalford/Library/Developer/Xcode/DerivedData/NotedCore-ftviuoyqruynvwbzbngenbwxsygv/Index.noindex/DataStore @/Users/jamesalford/Library/Developer/Xcode/DerivedData/NotedCore-ftviuoyqruynvwbzbngenbwxsygv/Build/Intermediates.noindex/swift-numerics.build/Debug-iphonesimulator/_NumericsShims.build/Objects-normal/arm64/7187679823f38a2a940e0043cdf9d637-common-args.resp -MMD -MT dependencies -MF /Users/jamesalford/Library/Developer/Xcode/DerivedData/NotedCore-ftviuoyqruynvwbzbngenbwxsygv/Build/Intermediates.noindex/swift-numerics.build/Debug-iphonesimulator/_NumericsShims.build/Objects-normal/arm64/_NumericsShims.d --serialize-diagnostics /Users/jamesalford/Library/Developer/Xcode/DerivedData/NotedCore-ftviuoyqruynvwbzbngenbwxsygv/Build/Intermediates.noindex/swift-numerics.build/Debug-iphonesimulator/_NumericsShims.build/Objects-normal/arm64/_NumericsShims.dia -c /Users/jamesalford/Library/Developer/Xcode/DerivedData/NotedCore-ftviuoyqruynvwbzbngenbwxsygv/SourcePackages/checkouts/swift-numerics/Sources/_NumericsShims/_NumericsShims.c -o /Users/jamesalford/Library/Developer/Xcode/DerivedData/NotedCore-ftviuoyqruynvwbzbngenbwxsygv/Build/Intermediates.noindex/swift-numerics.build/Debug-iphonesimulator/_NumericsShims.build/Objects-normal/arm64/_NumericsShims.o -index-unit-output-path /swift-numerics.build/Debug-iphonesimulator/_NumericsShims.build/Objects-normal/arm64/_NumericsShims.o

SwiftCompile normal arm64 Compiling\ TopPLogitsWarper.swift /Users/jamesalford/Library/Developer/Xcode/DerivedData/NotedCore-ftviuoyqruynvwbzbngenbwxsygv/SourcePackages/checkouts/swift-transformers/Sources/TensorUtils/LogitsWarper/TopPLogitsWarper.swift (in target 'TensorUtils' from project 'swift-transformers')

SwiftCompile normal arm64 /Users/jamesalford/Library/Developer/Xcode/DerivedData/NotedCore-ftviuoyqruynvwbzbngenbwxsygv/SourcePackages/checkouts/swift-transformers/Sources/TensorUtils/LogitsWarper/TopPLogitsWarper.swift (in target 'TensorUtils' from project 'swift-transformers')
    cd /Users/jamesalford/Documents/NotedCore/NotedCore.xcodeproj
    

CompileC /Users/jamesalford/Library/Developer/Xcode/DerivedData/NotedCore-ftviuoyqruynvwbzbngenbwxsygv/Build/Intermediates.noindex/swift-numerics.build/Debug-iphonesimulator/_NumericsShims.build/Objects-normal/arm64/_NumericsShims.o /Users/jamesalford/Library/Developer/Xcode/DerivedData/NotedCore-ftviuoyqruynvwbzbngenbwxsygv/SourcePackages/checkouts/swift-numerics/Sources/_NumericsShims/_NumericsShims.c normal arm64 c com.apple.compilers.llvm.clang.1_0.compiler (in target '_NumericsShims' from project 'swift-numerics')
    cd /Users/jamesalford/Documents/NotedCore/NotedCore.xcodeproj
    
    Using response file: /Users/jamesalford/Library/Developer/Xcode/DerivedData/NotedCore-ftviuoyqruynvwbzbngenbwxsygv/Build/Intermediates.noindex/swift-numerics.build/Debug-iphonesimulator/_NumericsShims.build/Objects-normal/arm64/7187679823f38a2a940e0043cdf9d637-common-args.resp
    
    /Applications/Xcode.app/Contents/Developer/Toolchains/XcodeDefault.xctoolchain/usr/bin/clang -x c -ivfsstatcache /Users/jamesalford/Library/Developer/Xcode/DerivedData/SDKStatCaches.noindex/iphonesimulator26.0-23A339-3885c01c3e6b6a337905948deab2002e26257891a6c027eb51374368541b8346.sdkstatcache -fmessage-length\=0 -fdiagnostics-show-note-include-stack -fmacro-backtrace-limit\=0 -fno-color-diagnostics -fmodules-prune-interval\=86400 -fmodules-prune-after\=345600 -fbuild-session-file\=/Users/jamesalford/Library/Developer/Xcode/DerivedData/ModuleCache.noindex/Session.modulevalidation -fmodules-validate-once-per-build-session -Wnon-modular-include-in-framework-module -Werror\=non-modular-include-in-framework-module -Wno-trigraphs -Wno-missing-field-initializers -Wno-missing-prototypes -Wno-return-type -Wno-missing-braces -Wparentheses -Wswitch -Wno-unused-function -Wno-unused-label -Wno-unused-parameter -Wno-unused-variable -Wunused-value -Wno-empty-body -Wno-uninitialized -Wno-unknown-pragmas -w -Wno-shadow -Wno-four-char-constants -Wno-conversion -Wno-constant-conversion -Wno-int-conversion -Wno-bool-conversion -Wno-enum-conversion -Wno-float-conversion -Wno-non-literal-null-conversion -Wno-objc-literal-conversion -Wshorten-64-to-32 -Wpointer-sign -Wno-newline-eof -Wno-implicit-fallthrough -fstrict-aliasing -Wdeprecated-declarations -Wno-sign-conversion -Wno-infinite-recursion -Wno-comma -Wno-block-capture-autoreleasing -Wno-strict-prototypes -Wno-semicolon-before-method-body -index-store-path /Users/jamesalford/Library/Developer/Xcode/DerivedData/NotedCore-ftviuoyqruynvwbzbngenbwxsygv/Index.noindex/DataStore @/Users/jamesalford/Library/Developer/Xcode/DerivedData/NotedCore-ftviuoyqruynvwbzbngenbwxsygv/Build/Intermediates.noindex/swift-numerics.build/Debug-iphonesimulator/_NumericsShims.build/Objects-normal/arm64/7187679823f38a2a940e0043cdf9d637-common-args.resp -MMD -MT dependencies -MF /Users/jamesalford/Library/Developer/Xcode/DerivedData/NotedCore-ftviuoyqruynvwbzbngenbwxsygv/Build/Intermediates.noindex/swift-numerics.build/Debug-iphonesimulator/_NumericsShims.build/Objects-normal/arm64/_NumericsShims.d --serialize-diagnostics /Users/jamesalford/Library/Developer/Xcode/DerivedData/NotedCore-ftviuoyqruynvwbzbngenbwxsygv/Build/Intermediates.noindex/swift-numerics.build/Debug-iphonesimulator/_NumericsShims.build/Objects-normal/arm64/_NumericsShims.dia -c /Users/jamesalford/Library/Developer/Xcode/DerivedData/NotedCore-ftviuoyqruynvwbzbngenbwxsygv/SourcePackages/checkouts/swift-numerics/Sources/_NumericsShims/_NumericsShims.c -o /Users/jamesalford/Library/Developer/Xcode/DerivedData/NotedCore-ftviuoyqruynvwbzbngenbwxsygv/Build/Intermediates.noindex/swift-numerics.build/Debug-iphonesimulator/_NumericsShims.build/Objects-normal/arm64/_NumericsShims.o -index-unit-output-path /swift-numerics.build/Debug-iphonesimulator/_NumericsShims.build/Objects-normal/arm64/_NumericsShims.o

SwiftCompile normal arm64 Compiling\ Math.swift /Users/jamesalford/Library/Developer/Xcode/DerivedData/NotedCore-ftviuoyqruynvwbzbngenbwxsygv/SourcePackages/checkouts/swift-transformers/Sources/TensorUtils/Math.swift (in target 'TensorUtils' from project 'swift-transformers')

SwiftCompile normal arm64 /Users/jamesalford/Library/Developer/Xcode/DerivedData/NotedCore-ftviuoyqruynvwbzbngenbwxsygv/SourcePackages/checkouts/swift-transformers/Sources/TensorUtils/Math.swift (in target 'TensorUtils' from project 'swift-transformers')
    cd /Users/jamesalford/Documents/NotedCore/NotedCore.xcodeproj
    

Ld /Users/jamesalford/Library/Developer/Xcode/DerivedData/NotedCore-ftviuoyqruynvwbzbngenbwxsygv/Build/Products/Debug-iphonesimulator/_NumericsShims.o normal (in target '_NumericsShims' from project 'swift-numerics')
    cd /Users/jamesalford/Library/Developer/Xcode/DerivedData/NotedCore-ftviuoyqruynvwbzbngenbwxsygv/SourcePackages/checkouts/swift-numerics
    /Applications/Xcode.app/Contents/Developer/Toolchains/XcodeDefault.xctoolchain/usr/bin/clang -Xlinker -reproducible -target arm64-apple-ios12.0-simulator -r -isysroot /Applications/Xcode.app/Contents/Developer/Platforms/iPhoneSimulator.platform/Developer/SDKs/iPhoneSimulator26.0.sdk -O0 -w -L/Users/jamesalford/Library/Developer/Xcode/DerivedData/NotedCore-ftviuoyqruynvwbzbngenbwxsygv/Build/Intermediates.noindex/EagerLinkingTBDs/Debug-iphonesimulator -L/Users/jamesalford/Library/Developer/Xcode/DerivedData/NotedCore-ftviuoyqruynvwbzbngenbwxsygv/Build/Products/Debug-iphonesimulator -L/Applications/Xcode.app/Contents/Developer/Platforms/iPhoneSimulator.platform/Developer/usr/lib -F/Users/jamesalford/Library/Developer/Xcode/DerivedData/NotedCore-ftviuoyqruynvwbzbngenbwxsygv/Build/Intermediates.noindex/EagerLinkingTBDs/Debug-iphonesimulator -F/Users/jamesalford/Library/Developer/Xcode/DerivedData/NotedCore-ftviuoyqruynvwbzbngenbwxsygv/Build/Products/Debug-iphonesimulator -iframework /Applications/Xcode.app/Contents/Developer/Platforms/iPhoneSimulator.platform/Developer/Library/Frameworks -iframework /Applications/Xcode.app/Contents/Developer/Platforms/iPhoneSimulator.platform/Developer/SDKs/iPhoneSimulator26.0.sdk/Developer/Library/Frameworks -filelist /Users/jamesalford/Library/Developer/Xcode/DerivedData/NotedCore-ftviuoyqruynvwbzbngenbwxsygv/Build/Intermediates.noindex/swift-numerics.build/Debug-iphonesimulator/_NumericsShims.build/Objects-normal/arm64/_NumericsShims.LinkFileList -nostdlib -Xlinker -object_path_lto -Xlinker /Users/jamesalford/Library/Developer/Xcode/DerivedData/NotedCore-ftviuoyqruynvwbzbngenbwxsygv/Build/Intermediates.noindex/swift-numerics.build/Debug-iphonesimulator/_NumericsShims.build/Objects-normal/arm64/_NumericsShims_lto.o -rdynamic -Xlinker -no_deduplicate -Xlinker -objc_abi_version -Xlinker 2 -Xlinker -debug_variant -Xlinker -dependency_info -Xlinker /Users/jamesalford/Library/Developer/Xcode/DerivedData/NotedCore-ftviuoyqruynvwbzbngenbwxsygv/Build/Intermediates.noindex/swift-numerics.build/Debug-iphonesimulator/_NumericsShims.build/Objects-normal/arm64/_NumericsShims_dependency_info.dat -o /Users/jamesalford/Library/Developer/Xcode/DerivedData/NotedCore-ftviuoyqruynvwbzbngenbwxsygv/Build/Products/Debug-iphonesimulator/_NumericsShims.o

SwiftCompile normal arm64 Compiling\ Weights.swift /Users/jamesalford/Library/Developer/Xcode/DerivedData/NotedCore-ftviuoyqruynvwbzbngenbwxsygv/SourcePackages/checkouts/swift-transformers/Sources/TensorUtils/Weights.swift (in target 'TensorUtils' from project 'swift-transformers')

SwiftCompile normal arm64 /Users/jamesalford/Library/Developer/Xcode/DerivedData/NotedCore-ftviuoyqruynvwbzbngenbwxsygv/SourcePackages/checkouts/swift-transformers/Sources/TensorUtils/Weights.swift (in target 'TensorUtils' from project 'swift-transformers')
    cd /Users/jamesalford/Documents/NotedCore/NotedCore.xcodeproj
    

SwiftDriverJobDiscovery normal arm64 Compiling TopPLogitsWarper.swift (in target 'TensorUtils' from project 'swift-transformers')

SwiftCompile normal arm64 Compiling\ LogitsProcessor.swift /Users/jamesalford/Library/Developer/Xcode/DerivedData/NotedCore-ftviuoyqruynvwbzbngenbwxsygv/SourcePackages/checkouts/swift-transformers/Sources/TensorUtils/LogitsWarper/LogitsProcessor.swift (in target 'TensorUtils' from project 'swift-transformers')

SwiftCompile normal arm64 /Users/jamesalford/Library/Developer/Xcode/DerivedData/NotedCore-ftviuoyqruynvwbzbngenbwxsygv/SourcePackages/checkouts/swift-transformers/Sources/TensorUtils/LogitsWarper/LogitsProcessor.swift (in target 'TensorUtils' from project 'swift-transformers')
    cd /Users/jamesalford/Documents/NotedCore/NotedCore.xcodeproj
    

SwiftCompile normal arm64 Compiling\ TemperatureLogitsWarper.swift /Users/jamesalford/Library/Developer/Xcode/DerivedData/NotedCore-ftviuoyqruynvwbzbngenbwxsygv/SourcePackages/checkouts/swift-transformers/Sources/TensorUtils/LogitsWarper/TemperatureLogitsWarper.swift (in target 'TensorUtils' from project 'swift-transformers')

SwiftCompile normal arm64 /Users/jamesalford/Library/Developer/Xcode/DerivedData/NotedCore-ftviuoyqruynvwbzbngenbwxsygv/SourcePackages/checkouts/swift-transformers/Sources/TensorUtils/LogitsWarper/TemperatureLogitsWarper.swift (in target 'TensorUtils' from project 'swift-transformers')
    cd /Users/jamesalford/Documents/NotedCore/NotedCore.xcodeproj
    

SwiftDriverJobDiscovery normal arm64 Compiling LogitsProcessor.swift (in target 'TensorUtils' from project 'swift-transformers')

SwiftCompile normal arm64 Compiling\ MLShapedArray+Utils.swift /Users/jamesalford/Library/Developer/Xcode/DerivedData/NotedCore-ftviuoyqruynvwbzbngenbwxsygv/SourcePackages/checkouts/swift-transformers/Sources/TensorUtils/MLShapedArray+Utils.swift (in target 'TensorUtils' from project 'swift-transformers')

SwiftCompile normal arm64 /Users/jamesalford/Library/Developer/Xcode/DerivedData/NotedCore-ftviuoyqruynvwbzbngenbwxsygv/SourcePackages/checkouts/swift-transformers/Sources/TensorUtils/MLShapedArray+Utils.swift (in target 'TensorUtils' from project 'swift-transformers')
    cd /Users/jamesalford/Documents/NotedCore/NotedCore.xcodeproj
    

SwiftCompile normal arm64 Compiling\ RepetitionPenaltyWarper.swift /Users/jamesalford/Library/Developer/Xcode/DerivedData/NotedCore-ftviuoyqruynvwbzbngenbwxsygv/SourcePackages/checkouts/swift-transformers/Sources/TensorUtils/LogitsWarper/RepetitionPenaltyWarper.swift (in target 'TensorUtils' from project 'swift-transformers')

SwiftCompile normal arm64 /Users/jamesalford/Library/Developer/Xcode/DerivedData/NotedCore-ftviuoyqruynvwbzbngenbwxsygv/SourcePackages/checkouts/swift-transformers/Sources/TensorUtils/LogitsWarper/RepetitionPenaltyWarper.swift (in target 'TensorUtils' from project 'swift-transformers')
    cd /Users/jamesalford/Documents/NotedCore/NotedCore.xcodeproj
    

SwiftCompile normal arm64 Compiling\ MLMultiArray+Utils.swift /Users/jamesalford/Library/Developer/Xcode/DerivedData/NotedCore-ftviuoyqruynvwbzbngenbwxsygv/SourcePackages/checkouts/swift-transformers/Sources/TensorUtils/MLMultiArray+Utils.swift (in target 'TensorUtils' from project 'swift-transformers')

SwiftCompile normal arm64 /Users/jamesalford/Library/Developer/Xcode/DerivedData/NotedCore-ftviuoyqruynvwbzbngenbwxsygv/SourcePackages/checkouts/swift-transformers/Sources/TensorUtils/MLMultiArray+Utils.swift (in target 'TensorUtils' from project 'swift-transformers')
    cd /Users/jamesalford/Documents/NotedCore/NotedCore.xcodeproj
    

SwiftDriverJobDiscovery normal arm64 Compiling Math.swift (in target 'TensorUtils' from project 'swift-transformers')

SwiftCompile normal arm64 Compiling\ TopKLogitsWarper.swift /Users/jamesalford/Library/Developer/Xcode/DerivedData/NotedCore-ftviuoyqruynvwbzbngenbwxsygv/SourcePackages/checkouts/swift-transformers/Sources/TensorUtils/LogitsWarper/TopKLogitsWarper.swift (in target 'TensorUtils' from project 'swift-transformers')

SwiftCompile normal arm64 /Users/jamesalford/Library/Developer/Xcode/DerivedData/NotedCore-ftviuoyqruynvwbzbngenbwxsygv/SourcePackages/checkouts/swift-transformers/Sources/TensorUtils/LogitsWarper/TopKLogitsWarper.swift (in target 'TensorUtils' from project 'swift-transformers')
    cd /Users/jamesalford/Documents/NotedCore/NotedCore.xcodeproj
    

SwiftDriverJobDiscovery normal arm64 Compiling Weights.swift (in target 'TensorUtils' from project 'swift-transformers')

SwiftCompile normal arm64 Compiling\ LogitsWarper.swift /Users/jamesalford/Library/Developer/Xcode/DerivedData/NotedCore-ftviuoyqruynvwbzbngenbwxsygv/SourcePackages/checkouts/swift-transformers/Sources/TensorUtils/LogitsWarper/LogitsWarper.swift (in target 'TensorUtils' from project 'swift-transformers')

SwiftCompile normal arm64 /Users/jamesalford/Library/Developer/Xcode/DerivedData/NotedCore-ftviuoyqruynvwbzbngenbwxsygv/SourcePackages/checkouts/swift-transformers/Sources/TensorUtils/LogitsWarper/LogitsWarper.swift (in target 'TensorUtils' from project 'swift-transformers')
    cd /Users/jamesalford/Documents/NotedCore/NotedCore.xcodeproj
    

SwiftCompile normal arm64 Compiling\ Float+Real.swift /Users/jamesalford/Library/Developer/Xcode/DerivedData/NotedCore-ftviuoyqruynvwbzbngenbwxsygv/SourcePackages/checkouts/swift-numerics/Sources/RealModule/Float+Real.swift (in target 'RealModule' from project 'swift-numerics')

SwiftCompile normal arm64 /Users/jamesalford/Library/Developer/Xcode/DerivedData/NotedCore-ftviuoyqruynvwbzbngenbwxsygv/SourcePackages/checkouts/swift-numerics/Sources/RealModule/Float+Real.swift (in target 'RealModule' from project 'swift-numerics')
    cd /Users/jamesalford/Documents/NotedCore/NotedCore.xcodeproj
    

SwiftDriverJobDiscovery normal arm64 Compiling TemperatureLogitsWarper.swift (in target 'TensorUtils' from project 'swift-transformers')

SwiftCompile normal arm64 Compiling\ AugmentedArithmetic.swift /Users/jamesalford/Library/Developer/Xcode/DerivedData/NotedCore-ftviuoyqruynvwbzbngenbwxsygv/SourcePackages/checkouts/swift-numerics/Sources/RealModule/AugmentedArithmetic.swift (in target 'RealModule' from project 'swift-numerics')

SwiftCompile normal arm64 /Users/jamesalford/Library/Developer/Xcode/DerivedData/NotedCore-ftviuoyqruynvwbzbngenbwxsygv/SourcePackages/checkouts/swift-numerics/Sources/RealModule/AugmentedArithmetic.swift (in target 'RealModule' from project 'swift-numerics')
    cd /Users/jamesalford/Documents/NotedCore/NotedCore.xcodeproj
    

SwiftDriverJobDiscovery normal arm64 Compiling RepetitionPenaltyWarper.swift (in target 'TensorUtils' from project 'swift-transformers')

SwiftCompile normal arm64 Compiling\ Real.swift /Users/jamesalford/Library/Developer/Xcode/DerivedData/NotedCore-ftviuoyqruynvwbzbngenbwxsygv/SourcePackages/checkouts/swift-numerics/Sources/RealModule/Real.swift (in target 'RealModule' from project 'swift-numerics')

SwiftCompile normal arm64 /Users/jamesalford/Library/Developer/Xcode/DerivedData/NotedCore-ftviuoyqruynvwbzbngenbwxsygv/SourcePackages/checkouts/swift-numerics/Sources/RealModule/Real.swift (in target 'RealModule' from project 'swift-numerics')
    cd /Users/jamesalford/Documents/NotedCore/NotedCore.xcodeproj
    

SwiftDriverJobDiscovery normal arm64 Compiling MLShapedArray+Utils.swift (in target 'TensorUtils' from project 'swift-transformers')

SwiftCompile normal arm64 Compiling\ ElementaryFunctions.swift /Users/jamesalford/Library/Developer/Xcode/DerivedData/NotedCore-ftviuoyqruynvwbzbngenbwxsygv/SourcePackages/checkouts/swift-numerics/Sources/RealModule/ElementaryFunctions.swift (in target 'RealModule' from project 'swift-numerics')

SwiftCompile normal arm64 /Users/jamesalford/Library/Developer/Xcode/DerivedData/NotedCore-ftviuoyqruynvwbzbngenbwxsygv/SourcePackages/checkouts/swift-numerics/Sources/RealModule/ElementaryFunctions.swift (in target 'RealModule' from project 'swift-numerics')
    cd /Users/jamesalford/Documents/NotedCore/NotedCore.xcodeproj
    

SwiftDriverJobDiscovery normal arm64 Compiling LogitsWarper.swift (in target 'TensorUtils' from project 'swift-transformers')

SwiftCompile normal arm64 Compiling\ Float80+Real.swift /Users/jamesalford/Library/Developer/Xcode/DerivedData/NotedCore-ftviuoyqruynvwbzbngenbwxsygv/SourcePackages/checkouts/swift-numerics/Sources/RealModule/Float80+Real.swift (in target 'RealModule' from project 'swift-numerics')

SwiftCompile normal arm64 /Users/jamesalford/Library/Developer/Xcode/DerivedData/NotedCore-ftviuoyqruynvwbzbngenbwxsygv/SourcePackages/checkouts/swift-numerics/Sources/RealModule/Float80+Real.swift (in target 'RealModule' from project 'swift-numerics')
    cd /Users/jamesalford/Documents/NotedCore/NotedCore.xcodeproj
    

SwiftDriverJobDiscovery normal arm64 Compiling TopKLogitsWarper.swift (in target 'TensorUtils' from project 'swift-transformers')

SwiftCompile normal arm64 Compiling\ RelaxedArithmetic.swift /Users/jamesalford/Library/Developer/Xcode/DerivedData/NotedCore-ftviuoyqruynvwbzbngenbwxsygv/SourcePackages/checkouts/swift-numerics/Sources/RealModule/RelaxedArithmetic.swift (in target 'RealModule' from project 'swift-numerics')

SwiftCompile normal arm64 /Users/jamesalford/Library/Developer/Xcode/DerivedData/NotedCore-ftviuoyqruynvwbzbngenbwxsygv/SourcePackages/checkouts/swift-numerics/Sources/RealModule/RelaxedArithmetic.swift (in target 'RealModule' from project 'swift-numerics')
    cd /Users/jamesalford/Documents/NotedCore/NotedCore.xcodeproj
    

SwiftCompile normal arm64 Compiling\ AlgebraicField.swift /Users/jamesalford/Library/Developer/Xcode/DerivedData/NotedCore-ftviuoyqruynvwbzbngenbwxsygv/SourcePackages/checkouts/swift-numerics/Sources/RealModule/AlgebraicField.swift (in target 'RealModule' from project 'swift-numerics')

SwiftCompile normal arm64 /Users/jamesalford/Library/Developer/Xcode/DerivedData/NotedCore-ftviuoyqruynvwbzbngenbwxsygv/SourcePackages/checkouts/swift-numerics/Sources/RealModule/AlgebraicField.swift (in target 'RealModule' from project 'swift-numerics')
    cd /Users/jamesalford/Documents/NotedCore/NotedCore.xcodeproj
    

SwiftDriverJobDiscovery normal arm64 Compiling AugmentedArithmetic.swift (in target 'RealModule' from project 'swift-numerics')

SwiftCompile normal arm64 Compiling\ Float16+Real.swift /Users/jamesalford/Library/Developer/Xcode/DerivedData/NotedCore-ftviuoyqruynvwbzbngenbwxsygv/SourcePackages/checkouts/swift-numerics/Sources/RealModule/Float16+Real.swift (in target 'RealModule' from project 'swift-numerics')

SwiftCompile normal arm64 /Users/jamesalford/Library/Developer/Xcode/DerivedData/NotedCore-ftviuoyqruynvwbzbngenbwxsygv/SourcePackages/checkouts/swift-numerics/Sources/RealModule/Float16+Real.swift (in target 'RealModule' from project 'swift-numerics')
    cd /Users/jamesalford/Documents/NotedCore/NotedCore.xcodeproj
    

SwiftDriverJobDiscovery normal arm64 Compiling ElementaryFunctions.swift (in target 'RealModule' from project 'swift-numerics')

SwiftCompile normal arm64 Compiling\ RealFunctions.swift /Users/jamesalford/Library/Developer/Xcode/DerivedData/NotedCore-ftviuoyqruynvwbzbngenbwxsygv/SourcePackages/checkouts/swift-numerics/Sources/RealModule/RealFunctions.swift (in target 'RealModule' from project 'swift-numerics')

SwiftCompile normal arm64 /Users/jamesalford/Library/Developer/Xcode/DerivedData/NotedCore-ftviuoyqruynvwbzbngenbwxsygv/SourcePackages/checkouts/swift-numerics/Sources/RealModule/RealFunctions.swift (in target 'RealModule' from project 'swift-numerics')
    cd /Users/jamesalford/Documents/NotedCore/NotedCore.xcodeproj
    

SwiftDriverJobDiscovery normal arm64 Compiling Real.swift (in target 'RealModule' from project 'swift-numerics')

SwiftCompile normal arm64 Compiling\ Double+Real.swift /Users/jamesalford/Library/Developer/Xcode/DerivedData/NotedCore-ftviuoyqruynvwbzbngenbwxsygv/SourcePackages/checkouts/swift-numerics/Sources/RealModule/Double+Real.swift (in target 'RealModule' from project 'swift-numerics')

SwiftCompile normal arm64 /Users/jamesalford/Library/Developer/Xcode/DerivedData/NotedCore-ftviuoyqruynvwbzbngenbwxsygv/SourcePackages/checkouts/swift-numerics/Sources/RealModule/Double+Real.swift (in target 'RealModule' from project 'swift-numerics')
    cd /Users/jamesalford/Documents/NotedCore/NotedCore.xcodeproj
    

SwiftDriverJobDiscovery normal arm64 Compiling Float+Real.swift (in target 'RealModule' from project 'swift-numerics')

SwiftCompile normal arm64 Compiling\ ApproximateEquality.swift /Users/jamesalford/Library/Developer/Xcode/DerivedData/NotedCore-ftviuoyqruynvwbzbngenbwxsygv/SourcePackages/checkouts/swift-numerics/Sources/RealModule/ApproximateEquality.swift (in target 'RealModule' from project 'swift-numerics')

SwiftCompile normal arm64 /Users/jamesalford/Library/Developer/Xcode/DerivedData/NotedCore-ftviuoyqruynvwbzbngenbwxsygv/SourcePackages/checkouts/swift-numerics/Sources/RealModule/ApproximateEquality.swift (in target 'RealModule' from project 'swift-numerics')
    cd /Users/jamesalford/Documents/NotedCore/NotedCore.xcodeproj
    

SwiftDriverJobDiscovery normal arm64 Compiling Float80+Real.swift (in target 'RealModule' from project 'swift-numerics')

SwiftCompile normal arm64 Compiling\ GeneratedAssetSymbols.swift /Users/jamesalford/Library/Developer/Xcode/DerivedData/NotedCore-ftviuoyqruynvwbzbngenbwxsygv/Build/Intermediates.noindex/NotedCore.build/Debug-watchsimulator/NotedWatch\ Watch\ App.build/DerivedSources/GeneratedAssetSymbols.swift (in target 'NotedWatch Watch App' from project 'NotedCore')

SwiftCompile normal arm64 /Users/jamesalford/Library/Developer/Xcode/DerivedData/NotedCore-ftviuoyqruynvwbzbngenbwxsygv/Build/Intermediates.noindex/NotedCore.build/Debug-watchsimulator/NotedWatch\ Watch\ App.build/DerivedSources/GeneratedAssetSymbols.swift (in target 'NotedWatch Watch App' from project 'NotedCore')
    cd /Users/jamesalford/Documents/NotedCore
    

SwiftDriverJobDiscovery normal arm64 Compiling RelaxedArithmetic.swift (in target 'RealModule' from project 'swift-numerics')

SwiftCompile normal arm64 Compiling\ ContentView.swift /Users/jamesalford/Documents/NotedCore/NotedWatch\ Watch\ App/ContentView.swift (in target 'NotedWatch Watch App' from project 'NotedCore')

SwiftCompile normal arm64 /Users/jamesalford/Documents/NotedCore/NotedWatch\ Watch\ App/ContentView.swift (in target 'NotedWatch Watch App' from project 'NotedCore')
    cd /Users/jamesalford/Documents/NotedCore
    

SwiftDriverJobDiscovery normal arm64 Compiling RealFunctions.swift (in target 'RealModule' from project 'swift-numerics')

SwiftCompile normal x86_64 Compiling\ NotedWatchApp.swift /Users/jamesalford/Documents/NotedCore/NotedWatch\ Watch\ App/NotedWatchApp.swift (in target 'NotedWatch Watch App' from project 'NotedCore')

SwiftCompile normal x86_64 /Users/jamesalford/Documents/NotedCore/NotedWatch\ Watch\ App/NotedWatchApp.swift (in target 'NotedWatch Watch App' from project 'NotedCore')
    cd /Users/jamesalford/Documents/NotedCore
    

SwiftDriverJobDiscovery normal arm64 Compiling AlgebraicField.swift (in target 'RealModule' from project 'swift-numerics')

SwiftCompile normal x86_64 Compiling\ ContentView.swift /Users/jamesalford/Documents/NotedCore/NotedWatch\ Watch\ App/ContentView.swift (in target 'NotedWatch Watch App' from project 'NotedCore')

SwiftCompile normal x86_64 /Users/jamesalford/Documents/NotedCore/NotedWatch\ Watch\ App/ContentView.swift (in target 'NotedWatch Watch App' from project 'NotedCore')
    cd /Users/jamesalford/Documents/NotedCore
    

SwiftDriverJobDiscovery normal arm64 Compiling MLMultiArray+Utils.swift (in target 'TensorUtils' from project 'swift-transformers')

SwiftDriver\ Compilation TensorUtils normal arm64 com.apple.xcode.tools.swift.compiler (in target 'TensorUtils' from project 'swift-transformers')
    cd /Users/jamesalford/Documents/NotedCore/NotedCore.xcodeproj
    builtin-Swift-Compilation -- /Applications/Xcode.app/Contents/Developer/Toolchains/XcodeDefault.xctoolchain/usr/bin/swiftc -module-name TensorUtils -Onone -enforce-exclusivity\=checked @/Users/jamesalford/Library/Developer/Xcode/DerivedData/NotedCore-ftviuoyqruynvwbzbngenbwxsygv/Build/Intermediates.noindex/swift-transformers.build/Debug-iphonesimulator/TensorUtils.build/Objects-normal/arm64/TensorUtils.SwiftFileList -DSWIFT_PACKAGE -DDEBUG -DSWIFT_MODULE_RESOURCE_BUNDLE_UNAVAILABLE -DXcode -plugin-path /Applications/Xcode.app/Contents/Developer/Toolchains/XcodeDefault.xctoolchain/usr/lib/swift/host/plugins/testing -enable-experimental-feature DebugDescriptionMacro -sdk /Applications/Xcode.app/Contents/Developer/Platforms/iPhoneSimulator.platform/Developer/SDKs/iPhoneSimulator26.0.sdk -target arm64-apple-ios16.0-simulator -g -module-cache-path /Users/jamesalford/Library/Developer/Xcode/DerivedData/ModuleCache.noindex -Xfrontend -serialize-debugging-options -profile-coverage-mapping -profile-generate -enable-testing -suppress-warnings -index-store-path /Users/jamesalford/Library/Developer/Xcode/DerivedData/NotedCore-ftviuoyqruynvwbzbngenbwxsygv/Index.noindex/DataStore -Xcc -D_LIBCPP_HARDENING_MODE\=_LIBCPP_HARDENING_MODE_DEBUG -swift-version 5 -I /Users/jamesalford/Library/Developer/Xcode/DerivedData/NotedCore-ftviuoyqruynvwbzbngenbwxsygv/Build/Products/Debug-iphonesimulator -Isystem /Applications/Xcode.app/Contents/Developer/Platforms/iPhoneSimulator.platform/Developer/usr/lib -F /Users/jamesalford/Library/Developer/Xcode/DerivedData/NotedCore-ftviuoyqruynvwbzbngenbwxsygv/Build/Products/Debug-iphonesimulator -F /Applications/Xcode.app/Contents/Developer/Platforms/iPhoneSimulator.platform/Developer/Library/Frameworks -F /Applications/Xcode.app/Contents/Developer/Platforms/iPhoneSimulator.platform/Developer/SDKs/iPhoneSimulator26.0.sdk/Developer/Library/Frameworks -c -j14 -enable-batch-mode -incremental -Xcc -ivfsstatcache -Xcc /Users/jamesalford/Library/Developer/Xcode/DerivedData/SDKStatCaches.noindex/iphonesimulator26.0-23A339-3885c01c3e6b6a337905948deab2002e26257891a6c027eb51374368541b8346.sdkstatcache -output-file-map /Users/jamesalford/Library/Developer/Xcode/DerivedData/NotedCore-ftviuoyqruynvwbzbngenbwxsygv/Build/Intermediates.noindex/swift-transformers.build/Debug-iphonesimulator/TensorUtils.build/Objects-normal/arm64/TensorUtils-OutputFileMap.json -use-frontend-parseable-output -save-temps -no-color-diagnostics -explicit-module-build -module-cache-path /Users/jamesalford/Library/Developer/Xcode/DerivedData/NotedCore-ftviuoyqruynvwbzbngenbwxsygv/Build/Intermediates.noindex/SwiftExplicitPrecompiledModules -clang-scanner-module-cache-path /Users/jamesalford/Library/Developer/Xcode/DerivedData/ModuleCache.noindex -sdk-module-cache-path /Users/jamesalford/Library/Developer/Xcode/DerivedData/ModuleCache.noindex -serialize-diagnostics -emit-dependencies -emit-module -emit-module-path /Users/jamesalford/Library/Developer/Xcode/DerivedData/NotedCore-ftviuoyqruynvwbzbngenbwxsygv/Build/Intermediates.noindex/swift-transformers.build/Debug-iphonesimulator/TensorUtils.build/Objects-normal/arm64/TensorUtils.swiftmodule -validate-clang-modules-once -clang-build-session-file /Users/jamesalford/Library/Developer/Xcode/DerivedData/ModuleCache.noindex/Session.modulevalidation -Xcc -I/Users/jamesalford/Library/Developer/Xcode/DerivedData/NotedCore-ftviuoyqruynvwbzbngenbwxsygv/Build/Intermediates.noindex/swift-transformers.build/Debug-iphonesimulator/TensorUtils.build/swift-overrides.hmap -emit-const-values -Xfrontend -const-gather-protocols-file -Xfrontend /Users/jamesalford/Library/Developer/Xcode/DerivedData/NotedCore-ftviuoyqruynvwbzbngenbwxsygv/Build/Intermediates.noindex/swift-transformers.build/Debug-iphonesimulator/TensorUtils.build/Objects-normal/arm64/TensorUtils_const_extract_protocols.json -Xcc -I/Users/jamesalford/Library/Developer/Xcode/DerivedData/NotedCore-ftviuoyqruynvwbzbngenbwxsygv/Build/Products/Debug-iphonesimulator/include -Xcc -I/Users/jamesalford/Library/Developer/Xcode/DerivedData/NotedCore-ftviuoyqruynvwbzbngenbwxsygv/Build/Intermediates.noindex/swift-transformers.build/Debug-iphonesimulator/TensorUtils.build/DerivedSources-normal/arm64 -Xcc -I/Users/jamesalford/Library/Developer/Xcode/DerivedData/NotedCore-ftviuoyqruynvwbzbngenbwxsygv/Build/Intermediates.noindex/swift-transformers.build/Debug-iphonesimulator/TensorUtils.build/DerivedSources/arm64 -Xcc -I/Users/jamesalford/Library/Developer/Xcode/DerivedData/NotedCore-ftviuoyqruynvwbzbngenbwxsygv/Build/Intermediates.noindex/swift-transformers.build/Debug-iphonesimulator/TensorUtils.build/DerivedSources -Xcc -DSWIFT_PACKAGE -Xcc -DDEBUG\=1 -emit-objc-header -emit-objc-header-path /Users/jamesalford/Library/Developer/Xcode/DerivedData/NotedCore-ftviuoyqruynvwbzbngenbwxsygv/Build/Intermediates.noindex/swift-transformers.build/Debug-iphonesimulator/TensorUtils.build/Objects-normal/arm64/TensorUtils-Swift.h -working-directory /Users/jamesalford/Documents/NotedCore/NotedCore.xcodeproj -experimental-emit-module-separately -disable-cmo

SwiftDriverJobDiscovery normal arm64 Compiling Float16+Real.swift (in target 'RealModule' from project 'swift-numerics')

SwiftCompile normal arm64 Compiling\ NotedWatchApp.swift /Users/jamesalford/Documents/NotedCore/NotedWatch\ Watch\ App/NotedWatchApp.swift (in target 'NotedWatch Watch App' from project 'NotedCore')

SwiftCompile normal arm64 /Users/jamesalford/Documents/NotedCore/NotedWatch\ Watch\ App/NotedWatchApp.swift (in target 'NotedWatch Watch App' from project 'NotedCore')
    cd /Users/jamesalford/Documents/NotedCore
    

SwiftCompile normal x86_64 Compiling\ GeneratedAssetSymbols.swift /Users/jamesalford/Library/Developer/Xcode/DerivedData/NotedCore-ftviuoyqruynvwbzbngenbwxsygv/Build/Intermediates.noindex/NotedCore.build/Debug-watchsimulator/NotedWatch\ Watch\ App.build/DerivedSources/GeneratedAssetSymbols.swift (in target 'NotedWatch Watch App' from project 'NotedCore')

SwiftCompile normal x86_64 /Users/jamesalford/Library/Developer/Xcode/DerivedData/NotedCore-ftviuoyqruynvwbzbngenbwxsygv/Build/Intermediates.noindex/NotedCore.build/Debug-watchsimulator/NotedWatch\ Watch\ App.build/DerivedSources/GeneratedAssetSymbols.swift (in target 'NotedWatch Watch App' from project 'NotedCore')
    cd /Users/jamesalford/Documents/NotedCore
    

SwiftCompile normal arm64 Compiling\ UInt+reversed.swift /Users/jamesalford/Library/Developer/Xcode/DerivedData/NotedCore-ftviuoyqruynvwbzbngenbwxsygv/SourcePackages/checkouts/swift-collections/Sources/InternalCollectionsUtilities/IntegerTricks/autogenerated/UInt+reversed.swift (in target 'InternalCollectionsUtilities' from project 'swift-collections')

SwiftCompile normal arm64 /Users/jamesalford/Library/Developer/Xcode/DerivedData/NotedCore-ftviuoyqruynvwbzbngenbwxsygv/SourcePackages/checkouts/swift-collections/Sources/InternalCollectionsUtilities/IntegerTricks/autogenerated/UInt+reversed.swift (in target 'InternalCollectionsUtilities' from project 'swift-collections')
    cd /Users/jamesalford/Documents/NotedCore/NotedCore.xcodeproj
    

SwiftDriverJobDiscovery normal arm64 Compiling ApproximateEquality.swift (in target 'RealModule' from project 'swift-numerics')

SwiftCompile normal arm64 Compiling\ _UnsafeBitSet.swift /Users/jamesalford/Library/Developer/Xcode/DerivedData/NotedCore-ftviuoyqruynvwbzbngenbwxsygv/SourcePackages/checkouts/swift-collections/Sources/InternalCollectionsUtilities/UnsafeBitSet/autogenerated/_UnsafeBitSet.swift (in target 'InternalCollectionsUtilities' from project 'swift-collections')

SwiftCompile normal arm64 /Users/jamesalford/Library/Developer/Xcode/DerivedData/NotedCore-ftviuoyqruynvwbzbngenbwxsygv/SourcePackages/checkouts/swift-collections/Sources/InternalCollectionsUtilities/UnsafeBitSet/autogenerated/_UnsafeBitSet.swift (in target 'InternalCollectionsUtilities' from project 'swift-collections')
    cd /Users/jamesalford/Documents/NotedCore/NotedCore.xcodeproj
    

SwiftDriverJobDiscovery normal arm64 Compiling Double+Real.swift (in target 'RealModule' from project 'swift-numerics')

SwiftDriver\ Compilation RealModule normal arm64 com.apple.xcode.tools.swift.compiler (in target 'RealModule' from project 'swift-numerics')
    cd /Users/jamesalford/Documents/NotedCore/NotedCore.xcodeproj
    builtin-Swift-Compilation -- /Applications/Xcode.app/Contents/Developer/Toolchains/XcodeDefault.xctoolchain/usr/bin/swiftc -module-name RealModule -Onone -enforce-exclusivity\=checked @/Users/jamesalford/Library/Developer/Xcode/DerivedData/NotedCore-ftviuoyqruynvwbzbngenbwxsygv/Build/Intermediates.noindex/swift-numerics.build/Debug-iphonesimulator/RealModule.build/Objects-normal/arm64/RealModule.SwiftFileList -DSWIFT_PACKAGE -DDEBUG -DSWIFT_MODULE_RESOURCE_BUNDLE_UNAVAILABLE -DXcode -plugin-path /Applications/Xcode.app/Contents/Developer/Toolchains/XcodeDefault.xctoolchain/usr/lib/swift/host/plugins/testing -enable-experimental-feature DebugDescriptionMacro -sdk /Applications/Xcode.app/Contents/Developer/Platforms/iPhoneSimulator.platform/Developer/SDKs/iPhoneSimulator26.0.sdk -target arm64-apple-ios12.0-simulator -g -module-cache-path /Users/jamesalford/Library/Developer/Xcode/DerivedData/ModuleCache.noindex -Xfrontend -serialize-debugging-options -profile-coverage-mapping -profile-generate -enable-testing -suppress-warnings -index-store-path /Users/jamesalford/Library/Developer/Xcode/DerivedData/NotedCore-ftviuoyqruynvwbzbngenbwxsygv/Index.noindex/DataStore -Xcc -D_LIBCPP_HARDENING_MODE\=_LIBCPP_HARDENING_MODE_DEBUG -swift-version 5 -I /Users/jamesalford/Library/Developer/Xcode/DerivedData/NotedCore-ftviuoyqruynvwbzbngenbwxsygv/Build/Products/Debug-iphonesimulator -Isystem /Applications/Xcode.app/Contents/Developer/Platforms/iPhoneSimulator.platform/Developer/usr/lib -F /Users/jamesalford/Library/Developer/Xcode/DerivedData/NotedCore-ftviuoyqruynvwbzbngenbwxsygv/Build/Products/Debug-iphonesimulator/PackageFrameworks -F /Users/jamesalford/Library/Developer/Xcode/DerivedData/NotedCore-ftviuoyqruynvwbzbngenbwxsygv/Build/Products/Debug-iphonesimulator -F /Applications/Xcode.app/Contents/Developer/Platforms/iPhoneSimulator.platform/Developer/Library/Frameworks -F /Applications/Xcode.app/Contents/Developer/Platforms/iPhoneSimulator.platform/Developer/SDKs/iPhoneSimulator26.0.sdk/Developer/Library/Frameworks -c -j14 -enable-batch-mode -incremental -Xcc -ivfsstatcache -Xcc /Users/jamesalford/Library/Developer/Xcode/DerivedData/SDKStatCaches.noindex/iphonesimulator26.0-23A339-3885c01c3e6b6a337905948deab2002e26257891a6c027eb51374368541b8346.sdkstatcache -output-file-map /Users/jamesalford/Library/Developer/Xcode/DerivedData/NotedCore-ftviuoyqruynvwbzbngenbwxsygv/Build/Intermediates.noindex/swift-numerics.build/Debug-iphonesimulator/RealModule.build/Objects-normal/arm64/RealModule-OutputFileMap.json -use-frontend-parseable-output -save-temps -no-color-diagnostics -explicit-module-build -module-cache-path /Users/jamesalford/Library/Developer/Xcode/DerivedData/NotedCore-ftviuoyqruynvwbzbngenbwxsygv/Build/Intermediates.noindex/SwiftExplicitPrecompiledModules -clang-scanner-module-cache-path /Users/jamesalford/Library/Developer/Xcode/DerivedData/ModuleCache.noindex -sdk-module-cache-path /Users/jamesalford/Library/Developer/Xcode/DerivedData/ModuleCache.noindex -serialize-diagnostics -emit-dependencies -emit-module -emit-module-path /Users/jamesalford/Library/Developer/Xcode/DerivedData/NotedCore-ftviuoyqruynvwbzbngenbwxsygv/Build/Intermediates.noindex/swift-numerics.build/Debug-iphonesimulator/RealModule.build/Objects-normal/arm64/RealModule.swiftmodule -validate-clang-modules-once -clang-build-session-file /Users/jamesalford/Library/Developer/Xcode/DerivedData/ModuleCache.noindex/Session.modulevalidation -package-name swift_numerics -Xcc -I/Users/jamesalford/Library/Developer/Xcode/DerivedData/NotedCore-ftviuoyqruynvwbzbngenbwxsygv/Build/Intermediates.noindex/swift-numerics.build/Debug-iphonesimulator/RealModule.build/swift-overrides.hmap -emit-const-values -Xfrontend -const-gather-protocols-file -Xfrontend /Users/jamesalford/Library/Developer/Xcode/DerivedData/NotedCore-ftviuoyqruynvwbzbngenbwxsygv/Build/Intermediates.noindex/swift-numerics.build/Debug-iphonesimulator/RealModule.build/Objects-normal/arm64/RealModule_const_extract_protocols.json -Xcc -I/Users/jamesalford/Library/Developer/Xcode/DerivedData/NotedCore-ftviuoyqruynvwbzbngenbwxsygv/SourcePackages/checkouts/swift-numerics/Sources/_NumericsShims/include -Xcc -I/Users/jamesalford/Library/Developer/Xcode/DerivedData/NotedCore-ftviuoyqruynvwbzbngenbwxsygv/Build/Products/Debug-iphonesimulator/include -Xcc -I/Users/jamesalford/Library/Developer/Xcode/DerivedData/NotedCore-ftviuoyqruynvwbzbngenbwxsygv/Build/Intermediates.noindex/swift-numerics.build/Debug-iphonesimulator/RealModule.build/DerivedSources-normal/arm64 -Xcc -I/Users/jamesalford/Library/Developer/Xcode/DerivedData/NotedCore-ftviuoyqruynvwbzbngenbwxsygv/Build/Intermediates.noindex/swift-numerics.build/Debug-iphonesimulator/RealModule.build/DerivedSources/arm64 -Xcc -I/Users/jamesalford/Library/Developer/Xcode/DerivedData/NotedCore-ftviuoyqruynvwbzbngenbwxsygv/Build/Intermediates.noindex/swift-numerics.build/Debug-iphonesimulator/RealModule.build/DerivedSources -Xcc -DSWIFT_PACKAGE -Xcc -DDEBUG\=1 -emit-objc-header -emit-objc-header-path /Users/jamesalford/Library/Developer/Xcode/DerivedData/NotedCore-ftviuoyqruynvwbzbngenbwxsygv/Build/Intermediates.noindex/swift-numerics.build/Debug-iphonesimulator/RealModule.build/Objects-normal/arm64/RealModule-Swift.h -working-directory /Users/jamesalford/Documents/NotedCore/NotedCore.xcodeproj -experimental-emit-module-separately -disable-cmo

SwiftDriverJobDiscovery normal arm64 Compiling GeneratedAssetSymbols.swift (in target 'NotedWatch Watch App' from project 'NotedCore')

SwiftCompile normal arm64 Compiling\ RandomAccessCollection+Offsets.swift /Users/jamesalford/Library/Developer/Xcode/DerivedData/NotedCore-ftviuoyqruynvwbzbngenbwxsygv/SourcePackages/checkouts/swift-collections/Sources/InternalCollectionsUtilities/autogenerated/RandomAccessCollection+Offsets.swift (in target 'InternalCollectionsUtilities' from project 'swift-collections')

SwiftCompile normal arm64 /Users/jamesalford/Library/Developer/Xcode/DerivedData/NotedCore-ftviuoyqruynvwbzbngenbwxsygv/SourcePackages/checkouts/swift-collections/Sources/InternalCollectionsUtilities/autogenerated/RandomAccessCollection+Offsets.swift (in target 'InternalCollectionsUtilities' from project 'swift-collections')
    cd /Users/jamesalford/Documents/NotedCore/NotedCore.xcodeproj
    

SwiftCompile normal arm64 Compiling\ _UniqueCollection.swift /Users/jamesalford/Library/Developer/Xcode/DerivedData/NotedCore-ftviuoyqruynvwbzbngenbwxsygv/SourcePackages/checkouts/swift-collections/Sources/InternalCollectionsUtilities/_UniqueCollection.swift (in target 'InternalCollectionsUtilities' from project 'swift-collections')

SwiftCompile normal arm64 /Users/jamesalford/Library/Developer/Xcode/DerivedData/NotedCore-ftviuoyqruynvwbzbngenbwxsygv/SourcePackages/checkouts/swift-collections/Sources/InternalCollectionsUtilities/_UniqueCollection.swift (in target 'InternalCollectionsUtilities' from project 'swift-collections')
    cd /Users/jamesalford/Documents/NotedCore/NotedCore.xcodeproj
    

SwiftCompile normal arm64 Compiling\ _SortedCollection.swift /Users/jamesalford/Library/Developer/Xcode/DerivedData/NotedCore-ftviuoyqruynvwbzbngenbwxsygv/SourcePackages/checkouts/swift-collections/Sources/InternalCollectionsUtilities/_SortedCollection.swift (in target 'InternalCollectionsUtilities' from project 'swift-collections')

SwiftCompile normal arm64 /Users/jamesalford/Library/Developer/Xcode/DerivedData/NotedCore-ftviuoyqruynvwbzbngenbwxsygv/SourcePackages/checkouts/swift-collections/Sources/InternalCollectionsUtilities/_SortedCollection.swift (in target 'InternalCollectionsUtilities' from project 'swift-collections')
    cd /Users/jamesalford/Documents/NotedCore/NotedCore.xcodeproj
    

SwiftDriverJobDiscovery normal x86_64 Compiling NotedWatchApp.swift (in target 'NotedWatch Watch App' from project 'NotedCore')

SwiftCompile normal arm64 Compiling\ FixedWidthInteger+roundUpToPowerOfTwo.swift /Users/jamesalford/Library/Developer/Xcode/DerivedData/NotedCore-ftviuoyqruynvwbzbngenbwxsygv/SourcePackages/checkouts/swift-collections/Sources/InternalCollectionsUtilities/IntegerTricks/autogenerated/FixedWidthInteger+roundUpToPowerOfTwo.swift (in target 'InternalCollectionsUtilities' from project 'swift-collections')

SwiftCompile normal arm64 /Users/jamesalford/Library/Developer/Xcode/DerivedData/NotedCore-ftviuoyqruynvwbzbngenbwxsygv/SourcePackages/checkouts/swift-collections/Sources/InternalCollectionsUtilities/IntegerTricks/autogenerated/FixedWidthInteger+roundUpToPowerOfTwo.swift (in target 'InternalCollectionsUtilities' from project 'swift-collections')
    cd /Users/jamesalford/Documents/NotedCore/NotedCore.xcodeproj
    

SwiftDriverJobDiscovery normal arm64 Compiling NotedWatchApp.swift (in target 'NotedWatch Watch App' from project 'NotedCore')

SwiftCompile normal arm64 Compiling\ UInt+first\ and\ last\ set\ bit.swift /Users/jamesalford/Library/Developer/Xcode/DerivedData/NotedCore-ftviuoyqruynvwbzbngenbwxsygv/SourcePackages/checkouts/swift-collections/Sources/InternalCollectionsUtilities/IntegerTricks/autogenerated/UInt+first\ and\ last\ set\ bit.swift (in target 'InternalCollectionsUtilities' from project 'swift-collections')

SwiftCompile normal arm64 /Users/jamesalford/Library/Developer/Xcode/DerivedData/NotedCore-ftviuoyqruynvwbzbngenbwxsygv/SourcePackages/checkouts/swift-collections/Sources/InternalCollectionsUtilities/IntegerTricks/autogenerated/UInt+first\ and\ last\ set\ bit.swift (in target 'InternalCollectionsUtilities' from project 'swift-collections')
    cd /Users/jamesalford/Documents/NotedCore/NotedCore.xcodeproj
    

SwiftDriverJobDiscovery normal arm64 Compiling RandomAccessCollection+Offsets.swift (in target 'InternalCollectionsUtilities' from project 'swift-collections')

SwiftCompile normal arm64 Compiling\ UnsafeBufferPointer+Extras.swift /Users/jamesalford/Library/Developer/Xcode/DerivedData/NotedCore-ftviuoyqruynvwbzbngenbwxsygv/SourcePackages/checkouts/swift-collections/Sources/InternalCollectionsUtilities/autogenerated/UnsafeBufferPointer+Extras.swift (in target 'InternalCollectionsUtilities' from project 'swift-collections')

SwiftCompile normal arm64 /Users/jamesalford/Library/Developer/Xcode/DerivedData/NotedCore-ftviuoyqruynvwbzbngenbwxsygv/SourcePackages/checkouts/swift-collections/Sources/InternalCollectionsUtilities/autogenerated/UnsafeBufferPointer+Extras.swift (in target 'InternalCollectionsUtilities' from project 'swift-collections')
    cd /Users/jamesalford/Documents/NotedCore/NotedCore.xcodeproj
    

SwiftDriverJobDiscovery normal arm64 Compiling _UniqueCollection.swift (in target 'InternalCollectionsUtilities' from project 'swift-collections')

SwiftCompile normal arm64 Compiling\ Integer\ rank.swift /Users/jamesalford/Library/Developer/Xcode/DerivedData/NotedCore-ftviuoyqruynvwbzbngenbwxsygv/SourcePackages/checkouts/swift-collections/Sources/InternalCollectionsUtilities/IntegerTricks/autogenerated/Integer\ rank.swift (in target 'InternalCollectionsUtilities' from project 'swift-collections')

SwiftCompile normal arm64 /Users/jamesalford/Library/Developer/Xcode/DerivedData/NotedCore-ftviuoyqruynvwbzbngenbwxsygv/SourcePackages/checkouts/swift-collections/Sources/InternalCollectionsUtilities/IntegerTricks/autogenerated/Integer\ rank.swift (in target 'InternalCollectionsUtilities' from project 'swift-collections')
    cd /Users/jamesalford/Documents/NotedCore/NotedCore.xcodeproj
    

SwiftDriverJobDiscovery normal arm64 Compiling UInt+reversed.swift (in target 'InternalCollectionsUtilities' from project 'swift-collections')

SwiftDriverJobDiscovery normal arm64 Compiling _SortedCollection.swift (in target 'InternalCollectionsUtilities' from project 'swift-collections')

SwiftCompile normal arm64 Compiling\ Descriptions.swift /Users/jamesalford/Library/Developer/Xcode/DerivedData/NotedCore-ftviuoyqruynvwbzbngenbwxsygv/SourcePackages/checkouts/swift-collections/Sources/InternalCollectionsUtilities/autogenerated/Descriptions.swift (in target 'InternalCollectionsUtilities' from project 'swift-collections')

SwiftCompile normal arm64 /Users/jamesalford/Library/Developer/Xcode/DerivedData/NotedCore-ftviuoyqruynvwbzbngenbwxsygv/SourcePackages/checkouts/swift-collections/Sources/InternalCollectionsUtilities/autogenerated/Descriptions.swift (in target 'InternalCollectionsUtilities' from project 'swift-collections')
    cd /Users/jamesalford/Documents/NotedCore/NotedCore.xcodeproj
    

SwiftCompile normal arm64 Compiling\ UnsafeMutableBufferPointer+Extras.swift /Users/jamesalford/Library/Developer/Xcode/DerivedData/NotedCore-ftviuoyqruynvwbzbngenbwxsygv/SourcePackages/checkouts/swift-collections/Sources/InternalCollectionsUtilities/autogenerated/UnsafeMutableBufferPointer+Extras.swift (in target 'InternalCollectionsUtilities' from project 'swift-collections')

SwiftCompile normal arm64 /Users/jamesalford/Library/Developer/Xcode/DerivedData/NotedCore-ftviuoyqruynvwbzbngenbwxsygv/SourcePackages/checkouts/swift-collections/Sources/InternalCollectionsUtilities/autogenerated/UnsafeMutableBufferPointer+Extras.swift (in target 'InternalCollectionsUtilities' from project 'swift-collections')
    cd /Users/jamesalford/Documents/NotedCore/NotedCore.xcodeproj
    

SwiftDriverJobDiscovery normal x86_64 Compiling GeneratedAssetSymbols.swift (in target 'NotedWatch Watch App' from project 'NotedCore')

SwiftCompile normal arm64 Compiling\ _UnsafeBitSet+_Word.swift /Users/jamesalford/Library/Developer/Xcode/DerivedData/NotedCore-ftviuoyqruynvwbzbngenbwxsygv/SourcePackages/checkouts/swift-collections/Sources/InternalCollectionsUtilities/UnsafeBitSet/autogenerated/_UnsafeBitSet+_Word.swift (in target 'InternalCollectionsUtilities' from project 'swift-collections')

SwiftCompile normal arm64 /Users/jamesalford/Library/Developer/Xcode/DerivedData/NotedCore-ftviuoyqruynvwbzbngenbwxsygv/SourcePackages/checkouts/swift-collections/Sources/InternalCollectionsUtilities/UnsafeBitSet/autogenerated/_UnsafeBitSet+_Word.swift (in target 'InternalCollectionsUtilities' from project 'swift-collections')
    cd /Users/jamesalford/Documents/NotedCore/NotedCore.xcodeproj
    

SwiftDriverJobDiscovery normal arm64 Compiling UnsafeBufferPointer+Extras.swift (in target 'InternalCollectionsUtilities' from project 'swift-collections')

SwiftCompile normal arm64 Compiling\ _UnsafeBitSet+Index.swift /Users/jamesalford/Library/Developer/Xcode/DerivedData/NotedCore-ftviuoyqruynvwbzbngenbwxsygv/SourcePackages/checkouts/swift-collections/Sources/InternalCollectionsUtilities/UnsafeBitSet/autogenerated/_UnsafeBitSet+Index.swift (in target 'InternalCollectionsUtilities' from project 'swift-collections')

SwiftCompile normal arm64 /Users/jamesalford/Library/Developer/Xcode/DerivedData/NotedCore-ftviuoyqruynvwbzbngenbwxsygv/SourcePackages/checkouts/swift-collections/Sources/InternalCollectionsUtilities/UnsafeBitSet/autogenerated/_UnsafeBitSet+Index.swift (in target 'InternalCollectionsUtilities' from project 'swift-collections')
    cd /Users/jamesalford/Documents/NotedCore/NotedCore.xcodeproj
    

SwiftDriverJobDiscovery normal arm64 Compiling FixedWidthInteger+roundUpToPowerOfTwo.swift (in target 'InternalCollectionsUtilities' from project 'swift-collections')

SwiftCompile normal arm64 Compiling\ Debugging.swift /Users/jamesalford/Library/Developer/Xcode/DerivedData/NotedCore-ftviuoyqruynvwbzbngenbwxsygv/SourcePackages/checkouts/swift-collections/Sources/InternalCollectionsUtilities/autogenerated/Debugging.swift (in target 'InternalCollectionsUtilities' from project 'swift-collections')

SwiftCompile normal arm64 /Users/jamesalford/Library/Developer/Xcode/DerivedData/NotedCore-ftviuoyqruynvwbzbngenbwxsygv/SourcePackages/checkouts/swift-collections/Sources/InternalCollectionsUtilities/autogenerated/Debugging.swift (in target 'InternalCollectionsUtilities' from project 'swift-collections')
    cd /Users/jamesalford/Documents/NotedCore/NotedCore.xcodeproj
    

SwiftDriverJobDiscovery normal arm64 Compiling UInt+first and last set bit.swift (in target 'InternalCollectionsUtilities' from project 'swift-collections')

SwiftCompile normal arm64 Compiling\ resource_bundle_accessor.swift /Users/jamesalford/Library/Developer/Xcode/DerivedData/NotedCore-ftviuoyqruynvwbzbngenbwxsygv/Build/Intermediates.noindex/swift-transformers.build/Debug-iphonesimulator/Hub.build/DerivedSources/resource_bundle_accessor.swift (in target 'Hub' from project 'swift-transformers')

SwiftCompile normal arm64 /Users/jamesalford/Library/Developer/Xcode/DerivedData/NotedCore-ftviuoyqruynvwbzbngenbwxsygv/Build/Intermediates.noindex/swift-transformers.build/Debug-iphonesimulator/Hub.build/DerivedSources/resource_bundle_accessor.swift (in target 'Hub' from project 'swift-transformers')
    cd /Users/jamesalford/Documents/NotedCore/NotedCore.xcodeproj
    

SwiftDriverJobDiscovery normal arm64 Compiling Descriptions.swift (in target 'InternalCollectionsUtilities' from project 'swift-collections')

SwiftCompile normal arm64 Compiling\ Hub.swift /Users/jamesalford/Library/Developer/Xcode/DerivedData/NotedCore-ftviuoyqruynvwbzbngenbwxsygv/SourcePackages/checkouts/swift-transformers/Sources/Hub/Hub.swift (in target 'Hub' from project 'swift-transformers')

SwiftCompile normal arm64 /Users/jamesalford/Library/Developer/Xcode/DerivedData/NotedCore-ftviuoyqruynvwbzbngenbwxsygv/SourcePackages/checkouts/swift-transformers/Sources/Hub/Hub.swift (in target 'Hub' from project 'swift-transformers')
    cd /Users/jamesalford/Documents/NotedCore/NotedCore.xcodeproj
    

SwiftDriverJobDiscovery normal arm64 Compiling UnsafeMutableBufferPointer+Extras.swift (in target 'InternalCollectionsUtilities' from project 'swift-collections')

SwiftDriverJobDiscovery normal arm64 Compiling Debugging.swift (in target 'InternalCollectionsUtilities' from project 'swift-collections')

SwiftCompile normal arm64 Compiling\ Downloader.swift /Users/jamesalford/Library/Developer/Xcode/DerivedData/NotedCore-ftviuoyqruynvwbzbngenbwxsygv/SourcePackages/checkouts/swift-transformers/Sources/Hub/Downloader.swift (in target 'Hub' from project 'swift-transformers')

SwiftCompile normal arm64 /Users/jamesalford/Library/Developer/Xcode/DerivedData/NotedCore-ftviuoyqruynvwbzbngenbwxsygv/SourcePackages/checkouts/swift-transformers/Sources/Hub/Downloader.swift (in target 'Hub' from project 'swift-transformers')
    cd /Users/jamesalford/Documents/NotedCore/NotedCore.xcodeproj
    

SwiftCompile normal arm64 Compiling\ HubApi.swift /Users/jamesalford/Library/Developer/Xcode/DerivedData/NotedCore-ftviuoyqruynvwbzbngenbwxsygv/SourcePackages/checkouts/swift-transformers/Sources/Hub/HubApi.swift (in target 'Hub' from project 'swift-transformers')

SwiftCompile normal arm64 /Users/jamesalford/Library/Developer/Xcode/DerivedData/NotedCore-ftviuoyqruynvwbzbngenbwxsygv/SourcePackages/checkouts/swift-transformers/Sources/Hub/HubApi.swift (in target 'Hub' from project 'swift-transformers')
    cd /Users/jamesalford/Documents/NotedCore/NotedCore.xcodeproj
    

SwiftDriverJobDiscovery normal arm64 Compiling _UnsafeBitSet.swift (in target 'InternalCollectionsUtilities' from project 'swift-collections')

SwiftDriverJobDiscovery normal arm64 Compiling Integer rank.swift (in target 'InternalCollectionsUtilities' from project 'swift-collections')

ScanDependencies /Users/jamesalford/Library/Developer/Xcode/DerivedData/NotedCore-ftviuoyqruynvwbzbngenbwxsygv/Build/Intermediates.noindex/mlx-swift.build/Debug-iphonesimulator/Cmlx.build/Objects-normal/arm64/resource_bundle_accessor.o /Users/jamesalford/Library/Developer/Xcode/DerivedData/NotedCore-ftviuoyqruynvwbzbngenbwxsygv/Build/Intermediates.noindex/mlx-swift.build/Debug-iphonesimulator/Cmlx.build/DerivedSources/resource_bundle_accessor.m normal arm64 objective-c com.apple.compilers.llvm.clang.1_0.compiler (in target 'Cmlx' from project 'mlx-swift')
    cd /Users/jamesalford/Documents/NotedCore/NotedCore.xcodeproj
    
    Using response file: /Users/jamesalford/Library/Developer/Xcode/DerivedData/NotedCore-ftviuoyqruynvwbzbngenbwxsygv/Build/Intermediates.noindex/mlx-swift.build/Debug-iphonesimulator/Cmlx.build/Objects-normal/arm64/e6072d4f65d7061329687fe24e3d63a7-common-args.resp
    
    builtin-ScanDependencies -o /Users/jamesalford/Library/Developer/Xcode/DerivedData/NotedCore-ftviuoyqruynvwbzbngenbwxsygv/Build/Intermediates.noindex/mlx-swift.build/Debug-iphonesimulator/Cmlx.build/Objects-normal/arm64/resource_bundle_accessor.o.scan -- /Applications/Xcode.app/Contents/Developer/Toolchains/XcodeDefault.xctoolchain/usr/bin/clang -x objective-c -ivfsstatcache /Users/jamesalford/Library/Developer/Xcode/DerivedData/SDKStatCaches.noindex/iphonesimulator26.0-23A339-3885c01c3e6b6a337905948deab2002e26257891a6c027eb51374368541b8346.sdkstatcache -fmessage-length\=0 -fdiagnostics-show-note-include-stack -fmacro-backtrace-limit\=0 -fno-color-diagnostics -fmodules-prune-interval\=86400 -fmodules-prune-after\=345600 -fbuild-session-file\=/Users/jamesalford/Library/Developer/Xcode/DerivedData/ModuleCache.noindex/Session.modulevalidation -fmodules-validate-once-per-build-session -Wnon-modular-include-in-framework-module -Werror\=non-modular-include-in-framework-module -Wno-trigraphs -Wno-missing-field-initializers -Wno-missing-prototypes -Wno-return-type -Wno-implicit-atomic-properties -Wno-objc-interface-ivars -Wno-arc-repeated-use-of-weak -Wno-missing-braces -Wparentheses -Wswitch -Wno-unused-function -Wno-unused-label -Wno-unused-parameter -Wno-unused-variable -Wunused-value -Wno-empty-body -Wno-uninitialized -Wno-unknown-pragmas -w -Wno-shadow -Wno-four-char-constants -Wno-conversion -Wno-constant-conversion -Wno-int-conversion -Wno-bool-conversion -Wno-enum-conversion -Wno-float-conversion -Wno-non-literal-null-conversion -Wno-objc-literal-conversion -Wshorten-64-to-32 -Wpointer-sign -Wno-newline-eof -Wno-selector -Wno-strict-selector-match -Wno-undeclared-selector -Wno-deprecated-implementations -Wno-implicit-fallthrough -fstrict-aliasing -Wprotocol -Wdeprecated-declarations -Wno-sign-conversion -Wno-infinite-recursion -Wno-comma -Wno-block-capture-autoreleasing -Wno-strict-prototypes -Wno-semicolon-before-method-body -index-store-path /Users/jamesalford/Library/Developer/Xcode/DerivedData/NotedCore-ftviuoyqruynvwbzbngenbwxsygv/Index.noindex/DataStore @/Users/jamesalford/Library/Developer/Xcode/DerivedData/NotedCore-ftviuoyqruynvwbzbngenbwxsygv/Build/Intermediates.noindex/mlx-swift.build/Debug-iphonesimulator/Cmlx.build/Objects-normal/arm64/e6072d4f65d7061329687fe24e3d63a7-common-args.resp -include /Users/jamesalford/Library/Developer/Xcode/DerivedData/NotedCore-ftviuoyqruynvwbzbngenbwxsygv/Build/Intermediates.noindex/mlx-swift.build/Debug-iphonesimulator/Cmlx.build/DerivedSources/resource_bundle_accessor.h -MMD -MT dependencies -MF /Users/jamesalford/Library/Developer/Xcode/DerivedData/NotedCore-ftviuoyqruynvwbzbngenbwxsygv/Build/Intermediates.noindex/mlx-swift.build/Debug-iphonesimulator/Cmlx.build/Objects-normal/arm64/resource_bundle_accessor.d --serialize-diagnostics /Users/jamesalford/Library/Developer/Xcode/DerivedData/NotedCore-ftviuoyqruynvwbzbngenbwxsygv/Build/Intermediates.noindex/mlx-swift.build/Debug-iphonesimulator/Cmlx.build/Objects-normal/arm64/resource_bundle_accessor.dia -c /Users/jamesalford/Library/Developer/Xcode/DerivedData/NotedCore-ftviuoyqruynvwbzbngenbwxsygv/Build/Intermediates.noindex/mlx-swift.build/Debug-iphonesimulator/Cmlx.build/DerivedSources/resource_bundle_accessor.m -o /Users/jamesalford/Library/Developer/Xcode/DerivedData/NotedCore-ftviuoyqruynvwbzbngenbwxsygv/Build/Intermediates.noindex/mlx-swift.build/Debug-iphonesimulator/Cmlx.build/Objects-normal/arm64/resource_bundle_accessor.o -index-unit-output-path /mlx-swift.build/Debug-iphonesimulator/Cmlx.build/Objects-normal/arm64/resource_bundle_accessor.o

SwiftDriverJobDiscovery normal arm64 Compiling ContentView.swift (in target 'NotedWatch Watch App' from project 'NotedCore')

SwiftCompile normal arm64 Compiling\ ToolInfo.swift /Users/jamesalford/Library/Developer/Xcode/DerivedData/NotedCore-ftviuoyqruynvwbzbngenbwxsygv/SourcePackages/checkouts/swift-argument-parser/Sources/ArgumentParserToolInfo/ToolInfo.swift (in target 'ArgumentParserToolInfo' from project 'swift-argument-parser')

SwiftCompile normal arm64 /Users/jamesalford/Library/Developer/Xcode/DerivedData/NotedCore-ftviuoyqruynvwbzbngenbwxsygv/SourcePackages/checkouts/swift-argument-parser/Sources/ArgumentParserToolInfo/ToolInfo.swift (in target 'ArgumentParserToolInfo' from project 'swift-argument-parser')
    cd /Users/jamesalford/Documents/NotedCore/NotedCore.xcodeproj
    

SwiftDriver\ Compilation NotedWatch\ Watch\ App normal arm64 com.apple.xcode.tools.swift.compiler (in target 'NotedWatch Watch App' from project 'NotedCore')
    cd /Users/jamesalford/Documents/NotedCore
    builtin-Swift-Compilation -- /Applications/Xcode.app/Contents/Developer/Toolchains/XcodeDefault.xctoolchain/usr/bin/swiftc -module-name NotedWatch_Watch_App -Onone -enforce-exclusivity\=checked @/Users/jamesalford/Library/Developer/Xcode/DerivedData/NotedCore-ftviuoyqruynvwbzbngenbwxsygv/Build/Intermediates.noindex/NotedCore.build/Debug-watchsimulator/NotedWatch\ Watch\ App.build/Objects-normal/arm64/NotedWatch\ Watch\ App.SwiftFileList -DDEBUG -default-isolation\=MainActor -enable-bare-slash-regex -enable-upcoming-feature DisableOutwardActorInference -enable-upcoming-feature InferSendableFromCaptures -enable-upcoming-feature GlobalActorIsolatedTypesUsability -enable-upcoming-feature MemberImportVisibility -enable-upcoming-feature InferIsolatedConformances -enable-upcoming-feature NonisolatedNonsendingByDefault -enable-experimental-feature DebugDescriptionMacro -sdk /Applications/Xcode.app/Contents/Developer/Platforms/WatchSimulator.platform/Developer/SDKs/WatchSimulator26.0.sdk -target arm64-apple-watchos26.0-simulator -g -module-cache-path /Users/jamesalford/Library/Developer/Xcode/DerivedData/ModuleCache.noindex -Xfrontend -serialize-debugging-options -profile-coverage-mapping -profile-generate -enable-testing -index-store-path /Users/jamesalford/Library/Developer/Xcode/DerivedData/NotedCore-ftviuoyqruynvwbzbngenbwxsygv/Index.noindex/DataStore -Xcc -D_LIBCPP_HARDENING_MODE\=_LIBCPP_HARDENING_MODE_DEBUG -swift-version 5 -I /Users/jamesalford/Library/Developer/Xcode/DerivedData/NotedCore-ftviuoyqruynvwbzbngenbwxsygv/Build/Products/Debug-watchsimulator -F /Users/jamesalford/Library/Developer/Xcode/DerivedData/NotedCore-ftviuoyqruynvwbzbngenbwxsygv/Build/Products/Debug-watchsimulator -emit-localized-strings -emit-localized-strings-path /Users/jamesalford/Library/Developer/Xcode/DerivedData/NotedCore-ftviuoyqruynvwbzbngenbwxsygv/Build/Intermediates.noindex/NotedCore.build/Debug-watchsimulator/NotedWatch\ Watch\ App.build/Objects-normal/arm64 -c -j14 -enable-batch-mode -incremental -Xcc -ivfsstatcache -Xcc /Users/jamesalford/Library/Developer/Xcode/DerivedData/SDKStatCaches.noindex/watchsimulator26.0-23R351-3885c01c3e6b6a337905948deab2002ed6f9d956e8bb931a4d3c0d15364d9e81.sdkstatcache -output-file-map /Users/jamesalford/Library/Developer/Xcode/DerivedData/NotedCore-ftviuoyqruynvwbzbngenbwxsygv/Build/Intermediates.noindex/NotedCore.build/Debug-watchsimulator/NotedWatch\ Watch\ App.build/Objects-normal/arm64/NotedWatch\ Watch\ App-OutputFileMap.json -use-frontend-parseable-output -save-temps -no-color-diagnostics -explicit-module-build -module-cache-path /Users/jamesalford/Library/Developer/Xcode/DerivedData/NotedCore-ftviuoyqruynvwbzbngenbwxsygv/Build/Intermediates.noindex/SwiftExplicitPrecompiledModules -clang-scanner-module-cache-path /Users/jamesalford/Library/Developer/Xcode/DerivedData/ModuleCache.noindex -sdk-module-cache-path /Users/jamesalford/Library/Developer/Xcode/DerivedData/ModuleCache.noindex -serialize-diagnostics -emit-dependencies -emit-module -emit-module-path /Users/jamesalford/Library/Developer/Xcode/DerivedData/NotedCore-ftviuoyqruynvwbzbngenbwxsygv/Build/Intermediates.noindex/NotedCore.build/Debug-watchsimulator/NotedWatch\ Watch\ App.build/Objects-normal/arm64/NotedWatch_Watch_App.swiftmodule -validate-clang-modules-once -clang-build-session-file /Users/jamesalford/Library/Developer/Xcode/DerivedData/ModuleCache.noindex/Session.modulevalidation -Xcc -I/Users/jamesalford/Library/Developer/Xcode/DerivedData/NotedCore-ftviuoyqruynvwbzbngenbwxsygv/Build/Intermediates.noindex/NotedCore.build/Debug-watchsimulator/NotedWatch\ Watch\ App.build/swift-overrides.hmap -emit-const-values -Xfrontend -const-gather-protocols-file -Xfrontend /Users/jamesalford/Library/Developer/Xcode/DerivedData/NotedCore-ftviuoyqruynvwbzbngenbwxsygv/Build/Intermediates.noindex/NotedCore.build/Debug-watchsimulator/NotedWatch\ Watch\ App.build/Objects-normal/arm64/NotedWatch\ Watch\ App_const_extract_protocols.json -Xcc -iquote -Xcc /Users/jamesalford/Library/Developer/Xcode/DerivedData/NotedCore-ftviuoyqruynvwbzbngenbwxsygv/Build/Intermediates.noindex/NotedCore.build/Debug-watchsimulator/NotedWatch\ Watch\ App.build/NotedWatch\ Watch\ App-generated-files.hmap -Xcc -I/Users/jamesalford/Library/Developer/Xcode/DerivedData/NotedCore-ftviuoyqruynvwbzbngenbwxsygv/Build/Intermediates.noindex/NotedCore.build/Debug-watchsimulator/NotedWatch\ Watch\ App.build/NotedWatch\ Watch\ App-own-target-headers.hmap -Xcc -I/Users/jamesalford/Library/Developer/Xcode/DerivedData/NotedCore-ftviuoyqruynvwbzbngenbwxsygv/Build/Intermediates.noindex/NotedCore.build/Debug-watchsimulator/NotedWatch\ Watch\ App.build/NotedWatch\ Watch\ App-all-non-framework-target-headers.hmap -Xcc -ivfsoverlay -Xcc /Users/jamesalford/Library/Developer/Xcode/DerivedData/NotedCore-ftviuoyqruynvwbzbngenbwxsygv/Build/Intermediates.noindex/NotedCore.build/Debug-watchsimulator/NotedCore-21f3c7d3b6c2f5f802752ccf91e67fbc-VFS-watchsimulator/all-product-headers.yaml -Xcc -iquote -Xcc /Users/jamesalford/Library/Developer/Xcode/DerivedData/NotedCore-ftviuoyqruynvwbzbngenbwxsygv/Build/Intermediates.noindex/NotedCore.build/Debug-watchsimulator/NotedWatch\ Watch\ App.build/NotedWatch\ Watch\ App-project-headers.hmap -Xcc -I/Users/jamesalford/Library/Developer/Xcode/DerivedData/NotedCore-ftviuoyqruynvwbzbngenbwxsygv/Build/Products/Debug-watchsimulator/include -Xcc -I/Users/jamesalford/Library/Developer/Xcode/DerivedData/NotedCore-ftviuoyqruynvwbzbngenbwxsygv/Build/Intermediates.noindex/NotedCore.build/Debug-watchsimulator/NotedWatch\ Watch\ App.build/DerivedSources-normal/arm64 -Xcc -I/Users/jamesalford/Library/Developer/Xcode/DerivedData/NotedCore-ftviuoyqruynvwbzbngenbwxsygv/Build/Intermediates.noindex/NotedCore.build/Debug-watchsimulator/NotedWatch\ Watch\ App.build/DerivedSources/arm64 -Xcc -I/Users/jamesalford/Library/Developer/Xcode/DerivedData/NotedCore-ftviuoyqruynvwbzbngenbwxsygv/Build/Intermediates.noindex/NotedCore.build/Debug-watchsimulator/NotedWatch\ Watch\ App.build/DerivedSources -Xcc -DDEBUG\=1 -emit-objc-header -emit-objc-header-path /Users/jamesalford/Library/Developer/Xcode/DerivedData/NotedCore-ftviuoyqruynvwbzbngenbwxsygv/Build/Intermediates.noindex/NotedCore.build/Debug-watchsimulator/NotedWatch\ Watch\ App.build/Objects-normal/arm64/NotedWatch_Watch_App-Swift.h -working-directory /Users/jamesalford/Documents/NotedCore -experimental-emit-module-separately -disable-cmo

PrecompileModule /Users/jamesalford/Library/Developer/Xcode/DerivedData/NotedCore-ftviuoyqruynvwbzbngenbwxsygv/Build/Intermediates.noindex/ExplicitPrecompiledModules/_Builtin_stdarg-7M7ID760GZDLONDK5MZ84G12K.scan
    cd /
    builtin-precompileModule /Users/jamesalford/Library/Developer/Xcode/DerivedData/NotedCore-ftviuoyqruynvwbzbngenbwxsygv/Build/Intermediates.noindex/ExplicitPrecompiledModules/_Builtin_stdarg-7M7ID760GZDLONDK5MZ84G12K.scan

Ld /Users/jamesalford/Library/Developer/Xcode/DerivedData/NotedCore-ftviuoyqruynvwbzbngenbwxsygv/Build/Products/Debug-iphonesimulator/TensorUtils.o normal (in target 'TensorUtils' from project 'swift-transformers')
    cd /Users/jamesalford/Library/Developer/Xcode/DerivedData/NotedCore-ftviuoyqruynvwbzbngenbwxsygv/SourcePackages/checkouts/swift-transformers
    /Applications/Xcode.app/Contents/Developer/Toolchains/XcodeDefault.xctoolchain/usr/bin/clang -Xlinker -reproducible -target arm64-apple-ios16.0-simulator -r -isysroot /Applications/Xcode.app/Contents/Developer/Platforms/iPhoneSimulator.platform/Developer/SDKs/iPhoneSimulator26.0.sdk -O0 -w -L/Users/jamesalford/Library/Developer/Xcode/DerivedData/NotedCore-ftviuoyqruynvwbzbngenbwxsygv/Build/Intermediates.noindex/EagerLinkingTBDs/Debug-iphonesimulator -L/Users/jamesalford/Library/Developer/Xcode/DerivedData/NotedCore-ftviuoyqruynvwbzbngenbwxsygv/Build/Products/Debug-iphonesimulator -L/Applications/Xcode.app/Contents/Developer/Platforms/iPhoneSimulator.platform/Developer/usr/lib -F/Users/jamesalford/Library/Developer/Xcode/DerivedData/NotedCore-ftviuoyqruynvwbzbngenbwxsygv/Build/Intermediates.noindex/EagerLinkingTBDs/Debug-iphonesimulator -F/Users/jamesalford/Library/Developer/Xcode/DerivedData/NotedCore-ftviuoyqruynvwbzbngenbwxsygv/Build/Products/Debug-iphonesimulator -iframework /Applications/Xcode.app/Contents/Developer/Platforms/iPhoneSimulator.platform/Developer/Library/Frameworks -iframework /Applications/Xcode.app/Contents/Developer/Platforms/iPhoneSimulator.platform/Developer/SDKs/iPhoneSimulator26.0.sdk/Developer/Library/Frameworks -filelist /Users/jamesalford/Library/Developer/Xcode/DerivedData/NotedCore-ftviuoyqruynvwbzbngenbwxsygv/Build/Intermediates.noindex/swift-transformers.build/Debug-iphonesimulator/TensorUtils.build/Objects-normal/arm64/TensorUtils.LinkFileList -nostdlib -Xlinker -object_path_lto -Xlinker /Users/jamesalford/Library/Developer/Xcode/DerivedData/NotedCore-ftviuoyqruynvwbzbngenbwxsygv/Build/Intermediates.noindex/swift-transformers.build/Debug-iphonesimulator/TensorUtils.build/Objects-normal/arm64/TensorUtils_lto.o -rdynamic -Xlinker -no_deduplicate -Xlinker -objc_abi_version -Xlinker 2 -Xlinker -debug_variant -Xlinker -dependency_info -Xlinker /Users/jamesalford/Library/Developer/Xcode/DerivedData/NotedCore-ftviuoyqruynvwbzbngenbwxsygv/Build/Intermediates.noindex/swift-transformers.build/Debug-iphonesimulator/TensorUtils.build/Objects-normal/arm64/TensorUtils_dependency_info.dat -fobjc-link-runtime -L/Applications/Xcode.app/Contents/Developer/Toolchains/XcodeDefault.xctoolchain/usr/lib/swift/iphonesimulator -L/usr/lib/swift -Xlinker -add_ast_path -Xlinker /Users/jamesalford/Library/Developer/Xcode/DerivedData/NotedCore-ftviuoyqruynvwbzbngenbwxsygv/Build/Intermediates.noindex/swift-transformers.build/Debug-iphonesimulator/TensorUtils.build/Objects-normal/arm64/TensorUtils.swiftmodule @/Users/jamesalford/Library/Developer/Xcode/DerivedData/NotedCore-ftviuoyqruynvwbzbngenbwxsygv/Build/Intermediates.noindex/swift-transformers.build/Debug-iphonesimulator/TensorUtils.build/Objects-normal/arm64/TensorUtils-linker-args.resp -o /Users/jamesalford/Library/Developer/Xcode/DerivedData/NotedCore-ftviuoyqruynvwbzbngenbwxsygv/Build/Products/Debug-iphonesimulator/TensorUtils.o

SwiftDriverJobDiscovery normal x86_64 Compiling ContentView.swift (in target 'NotedWatch Watch App' from project 'NotedCore')

PrecompileModule /Users/jamesalford/Library/Developer/Xcode/DerivedData/NotedCore-ftviuoyqruynvwbzbngenbwxsygv/Build/Intermediates.noindex/ExplicitPrecompiledModules/_Builtin_stdbool-ACJ41840QBR2DJXZA32A0RTDT.scan
    cd /
    builtin-precompileModule /Users/jamesalford/Library/Developer/Xcode/DerivedData/NotedCore-ftviuoyqruynvwbzbngenbwxsygv/Build/Intermediates.noindex/ExplicitPrecompiledModules/_Builtin_stdbool-ACJ41840QBR2DJXZA32A0RTDT.scan

Ld /Users/jamesalford/Library/Developer/Xcode/DerivedData/NotedCore-ftviuoyqruynvwbzbngenbwxsygv/Build/Intermediates.noindex/NotedCore.build/Debug-watchsimulator/NotedWatch\ Watch\ App.build/Objects-normal/arm64/Binary/NotedWatch\ Watch\ App.debug.dylib normal arm64 (in target 'NotedWatch Watch App' from project 'NotedCore')
    cd /Users/jamesalford/Documents/NotedCore
    /Applications/Xcode.app/Contents/Developer/Toolchains/XcodeDefault.xctoolchain/usr/bin/clang -Xlinker -reproducible -target arm64-apple-watchos26.0-simulator -dynamiclib -isysroot /Applications/Xcode.app/Contents/Developer/Platforms/WatchSimulator.platform/Developer/SDKs/WatchSimulator26.0.sdk -O0 -L/Users/jamesalford/Library/Developer/Xcode/DerivedData/NotedCore-ftviuoyqruynvwbzbngenbwxsygv/Build/Intermediates.noindex/EagerLinkingTBDs/Debug-watchsimulator -L/Users/jamesalford/Library/Developer/Xcode/DerivedData/NotedCore-ftviuoyqruynvwbzbngenbwxsygv/Build/Products/Debug-watchsimulator -F/Users/jamesalford/Library/Developer/Xcode/DerivedData/NotedCore-ftviuoyqruynvwbzbngenbwxsygv/Build/Intermediates.noindex/EagerLinkingTBDs/Debug-watchsimulator -F/Users/jamesalford/Library/Developer/Xcode/DerivedData/NotedCore-ftviuoyqruynvwbzbngenbwxsygv/Build/Products/Debug-watchsimulator -filelist /Users/jamesalford/Library/Developer/Xcode/DerivedData/NotedCore-ftviuoyqruynvwbzbngenbwxsygv/Build/Intermediates.noindex/NotedCore.build/Debug-watchsimulator/NotedWatch\ Watch\ App.build/Objects-normal/arm64/NotedWatch\ Watch\ App.LinkFileList -install_name @rpath/NotedWatch\ Watch\ App.debug.dylib -Xlinker -rpath -Xlinker @executable_path/Frameworks -dead_strip -Xlinker -object_path_lto -Xlinker /Users/jamesalford/Library/Developer/Xcode/DerivedData/NotedCore-ftviuoyqruynvwbzbngenbwxsygv/Build/Intermediates.noindex/NotedCore.build/Debug-watchsimulator/NotedWatch\ Watch\ App.build/Objects-normal/arm64/NotedWatch\ Watch\ App_lto.o -rdynamic -Xlinker -no_deduplicate -Xlinker -objc_abi_version -Xlinker 2 -Xlinker -debug_variant -Xlinker -dependency_info -Xlinker /Users/jamesalford/Library/Developer/Xcode/DerivedData/NotedCore-ftviuoyqruynvwbzbngenbwxsygv/Build/Intermediates.noindex/NotedCore.build/Debug-watchsimulator/NotedWatch\ Watch\ App.build/Objects-normal/arm64/NotedWatch\ Watch\ App_dependency_info.dat -fobjc-link-runtime -fprofile-instr-generate -L/Applications/Xcode.app/Contents/Developer/Toolchains/XcodeDefault.xctoolchain/usr/lib/swift/watchsimulator -L/usr/lib/swift -Xlinker -add_ast_path -Xlinker /Users/jamesalford/Library/Developer/Xcode/DerivedData/NotedCore-ftviuoyqruynvwbzbngenbwxsygv/Build/Intermediates.noindex/NotedCore.build/Debug-watchsimulator/NotedWatch\ Watch\ App.build/Objects-normal/arm64/NotedWatch_Watch_App.swiftmodule @/Users/jamesalford/Library/Developer/Xcode/DerivedData/NotedCore-ftviuoyqruynvwbzbngenbwxsygv/Build/Intermediates.noindex/NotedCore.build/Debug-watchsimulator/NotedWatch\ Watch\ App.build/Objects-normal/arm64/NotedWatch_Watch_App-linker-args.resp -Xlinker -alias -Xlinker _main -Xlinker ___debug_main_executable_dylib_entry_point -Xlinker -no_adhoc_codesign -o /Users/jamesalford/Library/Developer/Xcode/DerivedData/NotedCore-ftviuoyqruynvwbzbngenbwxsygv/Build/Intermediates.noindex/NotedCore.build/Debug-watchsimulator/NotedWatch\ Watch\ App.build/Objects-normal/arm64/Binary/NotedWatch\ Watch\ App.debug.dylib

SwiftDriverJobDiscovery normal arm64 Compiling resource_bundle_accessor.swift (in target 'Hub' from project 'swift-transformers')

PrecompileModule /Users/jamesalford/Library/Developer/Xcode/DerivedData/NotedCore-ftviuoyqruynvwbzbngenbwxsygv/Build/Intermediates.noindex/ExplicitPrecompiledModules/_Builtin_stddef-90W4ZXOUC7KNAW8IGZPY33R0A.scan
    cd /
    builtin-precompileModule /Users/jamesalford/Library/Developer/Xcode/DerivedData/NotedCore-ftviuoyqruynvwbzbngenbwxsygv/Build/Intermediates.noindex/ExplicitPrecompiledModules/_Builtin_stddef-90W4ZXOUC7KNAW8IGZPY33R0A.scan

SwiftDriverJobDiscovery normal arm64 Compiling _UnsafeBitSet+Index.swift (in target 'InternalCollectionsUtilities' from project 'swift-collections')

PrecompileModule /Users/jamesalford/Library/Developer/Xcode/DerivedData/NotedCore-ftviuoyqruynvwbzbngenbwxsygv/Build/Intermediates.noindex/ExplicitPrecompiledModules/_AvailabilityInternal-3XBHEQPWD2YOKYOFXDQCZYY5U.scan
    cd /
    builtin-precompileModule /Users/jamesalford/Library/Developer/Xcode/DerivedData/NotedCore-ftviuoyqruynvwbzbngenbwxsygv/Build/Intermediates.noindex/ExplicitPrecompiledModules/_AvailabilityInternal-3XBHEQPWD2YOKYOFXDQCZYY5U.scan

PrecompileModule /Users/jamesalford/Library/Developer/Xcode/DerivedData/NotedCore-ftviuoyqruynvwbzbngenbwxsygv/Build/Intermediates.noindex/ExplicitPrecompiledModules/ptrcheck-6HE93GIR93560ZQJ2ZOREAHX4.scan
    cd /
    builtin-precompileModule /Users/jamesalford/Library/Developer/Xcode/DerivedData/NotedCore-ftviuoyqruynvwbzbngenbwxsygv/Build/Intermediates.noindex/ExplicitPrecompiledModules/ptrcheck-6HE93GIR93560ZQJ2ZOREAHX4.scan

PrecompileModule /Users/jamesalford/Library/Developer/Xcode/DerivedData/NotedCore-ftviuoyqruynvwbzbngenbwxsygv/Build/Intermediates.noindex/ExplicitPrecompiledModules/ptrauth-835S6D17X2WR0A1WJ3RWY64A6.scan
    cd /
    builtin-precompileModule /Users/jamesalford/Library/Developer/Xcode/DerivedData/NotedCore-ftviuoyqruynvwbzbngenbwxsygv/Build/Intermediates.noindex/ExplicitPrecompiledModules/ptrauth-835S6D17X2WR0A1WJ3RWY64A6.scan

PrecompileModule /Users/jamesalford/Library/Developer/Xcode/DerivedData/NotedCore-ftviuoyqruynvwbzbngenbwxsygv/Build/Intermediates.noindex/ExplicitPrecompiledModules/_Builtin_float-EFL7NUUOY4ADTPQ6J8X4JB8XX.scan
    cd /
    builtin-precompileModule /Users/jamesalford/Library/Developer/Xcode/DerivedData/NotedCore-ftviuoyqruynvwbzbngenbwxsygv/Build/Intermediates.noindex/ExplicitPrecompiledModules/_Builtin_float-EFL7NUUOY4ADTPQ6J8X4JB8XX.scan

SwiftDriver\ Compilation NotedWatch\ Watch\ App normal x86_64 com.apple.xcode.tools.swift.compiler (in target 'NotedWatch Watch App' from project 'NotedCore')
    cd /Users/jamesalford/Documents/NotedCore
    builtin-Swift-Compilation -- /Applications/Xcode.app/Contents/Developer/Toolchains/XcodeDefault.xctoolchain/usr/bin/swiftc -module-name NotedWatch_Watch_App -Onone -enforce-exclusivity\=checked @/Users/jamesalford/Library/Developer/Xcode/DerivedData/NotedCore-ftviuoyqruynvwbzbngenbwxsygv/Build/Intermediates.noindex/NotedCore.build/Debug-watchsimulator/NotedWatch\ Watch\ App.build/Objects-normal/x86_64/NotedWatch\ Watch\ App.SwiftFileList -DDEBUG -default-isolation\=MainActor -enable-bare-slash-regex -enable-upcoming-feature DisableOutwardActorInference -enable-upcoming-feature InferSendableFromCaptures -enable-upcoming-feature GlobalActorIsolatedTypesUsability -enable-upcoming-feature MemberImportVisibility -enable-upcoming-feature InferIsolatedConformances -enable-upcoming-feature NonisolatedNonsendingByDefault -enable-experimental-feature DebugDescriptionMacro -sdk /Applications/Xcode.app/Contents/Developer/Platforms/WatchSimulator.platform/Developer/SDKs/WatchSimulator26.0.sdk -target x86_64-apple-watchos26.0-simulator -g -module-cache-path /Users/jamesalford/Library/Developer/Xcode/DerivedData/ModuleCache.noindex -Xfrontend -serialize-debugging-options -profile-coverage-mapping -profile-generate -enable-testing -index-store-path /Users/jamesalford/Library/Developer/Xcode/DerivedData/NotedCore-ftviuoyqruynvwbzbngenbwxsygv/Index.noindex/DataStore -Xcc -D_LIBCPP_HARDENING_MODE\=_LIBCPP_HARDENING_MODE_DEBUG -swift-version 5 -I /Users/jamesalford/Library/Developer/Xcode/DerivedData/NotedCore-ftviuoyqruynvwbzbngenbwxsygv/Build/Products/Debug-watchsimulator -F /Users/jamesalford/Library/Developer/Xcode/DerivedData/NotedCore-ftviuoyqruynvwbzbngenbwxsygv/Build/Products/Debug-watchsimulator -emit-localized-strings -emit-localized-strings-path /Users/jamesalford/Library/Developer/Xcode/DerivedData/NotedCore-ftviuoyqruynvwbzbngenbwxsygv/Build/Intermediates.noindex/NotedCore.build/Debug-watchsimulator/NotedWatch\ Watch\ App.build/Objects-normal/x86_64 -c -j14 -enable-batch-mode -incremental -Xcc -ivfsstatcache -Xcc /Users/jamesalford/Library/Developer/Xcode/DerivedData/SDKStatCaches.noindex/watchsimulator26.0-23R351-3885c01c3e6b6a337905948deab2002ed6f9d956e8bb931a4d3c0d15364d9e81.sdkstatcache -output-file-map /Users/jamesalford/Library/Developer/Xcode/DerivedData/NotedCore-ftviuoyqruynvwbzbngenbwxsygv/Build/Intermediates.noindex/NotedCore.build/Debug-watchsimulator/NotedWatch\ Watch\ App.build/Objects-normal/x86_64/NotedWatch\ Watch\ App-OutputFileMap.json -use-frontend-parseable-output -save-temps -no-color-diagnostics -explicit-module-build -module-cache-path /Users/jamesalford/Library/Developer/Xcode/DerivedData/NotedCore-ftviuoyqruynvwbzbngenbwxsygv/Build/Intermediates.noindex/SwiftExplicitPrecompiledModules -clang-scanner-module-cache-path /Users/jamesalford/Library/Developer/Xcode/DerivedData/ModuleCache.noindex -sdk-module-cache-path /Users/jamesalford/Library/Developer/Xcode/DerivedData/ModuleCache.noindex -serialize-diagnostics -emit-dependencies -emit-module -emit-module-path /Users/jamesalford/Library/Developer/Xcode/DerivedData/NotedCore-ftviuoyqruynvwbzbngenbwxsygv/Build/Intermediates.noindex/NotedCore.build/Debug-watchsimulator/NotedWatch\ Watch\ App.build/Objects-normal/x86_64/NotedWatch_Watch_App.swiftmodule -validate-clang-modules-once -clang-build-session-file /Users/jamesalford/Library/Developer/Xcode/DerivedData/ModuleCache.noindex/Session.modulevalidation -Xcc -I/Users/jamesalford/Library/Developer/Xcode/DerivedData/NotedCore-ftviuoyqruynvwbzbngenbwxsygv/Build/Intermediates.noindex/NotedCore.build/Debug-watchsimulator/NotedWatch\ Watch\ App.build/swift-overrides.hmap -emit-const-values -Xfrontend -const-gather-protocols-file -Xfrontend /Users/jamesalford/Library/Developer/Xcode/DerivedData/NotedCore-ftviuoyqruynvwbzbngenbwxsygv/Build/Intermediates.noindex/NotedCore.build/Debug-watchsimulator/NotedWatch\ Watch\ App.build/Objects-normal/x86_64/NotedWatch\ Watch\ App_const_extract_protocols.json -Xcc -iquote -Xcc /Users/jamesalford/Library/Developer/Xcode/DerivedData/NotedCore-ftviuoyqruynvwbzbngenbwxsygv/Build/Intermediates.noindex/NotedCore.build/Debug-watchsimulator/NotedWatch\ Watch\ App.build/NotedWatch\ Watch\ App-generated-files.hmap -Xcc -I/Users/jamesalford/Library/Developer/Xcode/DerivedData/NotedCore-ftviuoyqruynvwbzbngenbwxsygv/Build/Intermediates.noindex/NotedCore.build/Debug-watchsimulator/NotedWatch\ Watch\ App.build/NotedWatch\ Watch\ App-own-target-headers.hmap -Xcc -I/Users/jamesalford/Library/Developer/Xcode/DerivedData/NotedCore-ftviuoyqruynvwbzbngenbwxsygv/Build/Intermediates.noindex/NotedCore.build/Debug-watchsimulator/NotedWatch\ Watch\ App.build/NotedWatch\ Watch\ App-all-non-framework-target-headers.hmap -Xcc -ivfsoverlay -Xcc /Users/jamesalford/Library/Developer/Xcode/DerivedData/NotedCore-ftviuoyqruynvwbzbngenbwxsygv/Build/Intermediates.noindex/NotedCore.build/Debug-watchsimulator/NotedCore-21f3c7d3b6c2f5f802752ccf91e67fbc-VFS-watchsimulator/all-product-headers.yaml -Xcc -iquote -Xcc /Users/jamesalford/Library/Developer/Xcode/DerivedData/NotedCore-ftviuoyqruynvwbzbngenbwxsygv/Build/Intermediates.noindex/NotedCore.build/Debug-watchsimulator/NotedWatch\ Watch\ App.build/NotedWatch\ Watch\ App-project-headers.hmap -Xcc -I/Users/jamesalford/Library/Developer/Xcode/DerivedData/NotedCore-ftviuoyqruynvwbzbngenbwxsygv/Build/Products/Debug-watchsimulator/include -Xcc -I/Users/jamesalford/Library/Developer/Xcode/DerivedData/NotedCore-ftviuoyqruynvwbzbngenbwxsygv/Build/Intermediates.noindex/NotedCore.build/Debug-watchsimulator/NotedWatch\ Watch\ App.build/DerivedSources-normal/x86_64 -Xcc -I/Users/jamesalford/Library/Developer/Xcode/DerivedData/NotedCore-ftviuoyqruynvwbzbngenbwxsygv/Build/Intermediates.noindex/NotedCore.build/Debug-watchsimulator/NotedWatch\ Watch\ App.build/DerivedSources/x86_64 -Xcc -I/Users/jamesalford/Library/Developer/Xcode/DerivedData/NotedCore-ftviuoyqruynvwbzbngenbwxsygv/Build/Intermediates.noindex/NotedCore.build/Debug-watchsimulator/NotedWatch\ Watch\ App.build/DerivedSources -Xcc -DDEBUG\=1 -emit-objc-header -emit-objc-header-path /Users/jamesalford/Library/Developer/Xcode/DerivedData/NotedCore-ftviuoyqruynvwbzbngenbwxsygv/Build/Intermediates.noindex/NotedCore.build/Debug-watchsimulator/NotedWatch\ Watch\ App.build/Objects-normal/x86_64/NotedWatch_Watch_App-Swift.h -working-directory /Users/jamesalford/Documents/NotedCore -experimental-emit-module-separately -disable-cmo

PrecompileModule /Users/jamesalford/Library/Developer/Xcode/DerivedData/NotedCore-ftviuoyqruynvwbzbngenbwxsygv/Build/Intermediates.noindex/ExplicitPrecompiledModules/_DarwinFoundation1-8QITXUZSJZD7ODHJO721MEKSY.scan
    cd /
    builtin-precompileModule /Users/jamesalford/Library/Developer/Xcode/DerivedData/NotedCore-ftviuoyqruynvwbzbngenbwxsygv/Build/Intermediates.noindex/ExplicitPrecompiledModules/_DarwinFoundation1-8QITXUZSJZD7ODHJO721MEKSY.scan

Ld /Users/jamesalford/Library/Developer/Xcode/DerivedData/NotedCore-ftviuoyqruynvwbzbngenbwxsygv/Build/Intermediates.noindex/NotedCore.build/Debug-watchsimulator/NotedWatch\ Watch\ App.build/Objects-normal/x86_64/Binary/NotedWatch\ Watch\ App.debug.dylib normal x86_64 (in target 'NotedWatch Watch App' from project 'NotedCore')
    cd /Users/jamesalford/Documents/NotedCore
    /Applications/Xcode.app/Contents/Developer/Toolchains/XcodeDefault.xctoolchain/usr/bin/clang -Xlinker -reproducible -target x86_64-apple-watchos26.0-simulator -dynamiclib -isysroot /Applications/Xcode.app/Contents/Developer/Platforms/WatchSimulator.platform/Developer/SDKs/WatchSimulator26.0.sdk -O0 -L/Users/jamesalford/Library/Developer/Xcode/DerivedData/NotedCore-ftviuoyqruynvwbzbngenbwxsygv/Build/Intermediates.noindex/EagerLinkingTBDs/Debug-watchsimulator -L/Users/jamesalford/Library/Developer/Xcode/DerivedData/NotedCore-ftviuoyqruynvwbzbngenbwxsygv/Build/Products/Debug-watchsimulator -F/Users/jamesalford/Library/Developer/Xcode/DerivedData/NotedCore-ftviuoyqruynvwbzbngenbwxsygv/Build/Intermediates.noindex/EagerLinkingTBDs/Debug-watchsimulator -F/Users/jamesalford/Library/Developer/Xcode/DerivedData/NotedCore-ftviuoyqruynvwbzbngenbwxsygv/Build/Products/Debug-watchsimulator -filelist /Users/jamesalford/Library/Developer/Xcode/DerivedData/NotedCore-ftviuoyqruynvwbzbngenbwxsygv/Build/Intermediates.noindex/NotedCore.build/Debug-watchsimulator/NotedWatch\ Watch\ App.build/Objects-normal/x86_64/NotedWatch\ Watch\ App.LinkFileList -install_name @rpath/NotedWatch\ Watch\ App.debug.dylib -Xlinker -rpath -Xlinker @executable_path/Frameworks -dead_strip -Xlinker -object_path_lto -Xlinker /Users/jamesalford/Library/Developer/Xcode/DerivedData/NotedCore-ftviuoyqruynvwbzbngenbwxsygv/Build/Intermediates.noindex/NotedCore.build/Debug-watchsimulator/NotedWatch\ Watch\ App.build/Objects-normal/x86_64/NotedWatch\ Watch\ App_lto.o -rdynamic -Xlinker -no_deduplicate -Xlinker -objc_abi_version -Xlinker 2 -Xlinker -debug_variant -Xlinker -dependency_info -Xlinker /Users/jamesalford/Library/Developer/Xcode/DerivedData/NotedCore-ftviuoyqruynvwbzbngenbwxsygv/Build/Intermediates.noindex/NotedCore.build/Debug-watchsimulator/NotedWatch\ Watch\ App.build/Objects-normal/x86_64/NotedWatch\ Watch\ App_dependency_info.dat -fobjc-link-runtime -fprofile-instr-generate -L/Applications/Xcode.app/Contents/Developer/Toolchains/XcodeDefault.xctoolchain/usr/lib/swift/watchsimulator -L/usr/lib/swift -Xlinker -add_ast_path -Xlinker /Users/jamesalford/Library/Developer/Xcode/DerivedData/NotedCore-ftviuoyqruynvwbzbngenbwxsygv/Build/Intermediates.noindex/NotedCore.build/Debug-watchsimulator/NotedWatch\ Watch\ App.build/Objects-normal/x86_64/NotedWatch_Watch_App.swiftmodule @/Users/jamesalford/Library/Developer/Xcode/DerivedData/NotedCore-ftviuoyqruynvwbzbngenbwxsygv/Build/Intermediates.noindex/NotedCore.build/Debug-watchsimulator/NotedWatch\ Watch\ App.build/Objects-normal/x86_64/NotedWatch_Watch_App-linker-args.resp -Xlinker -alias -Xlinker _main -Xlinker ___debug_main_executable_dylib_entry_point -Xlinker -no_adhoc_codesign -o /Users/jamesalford/Library/Developer/Xcode/DerivedData/NotedCore-ftviuoyqruynvwbzbngenbwxsygv/Build/Intermediates.noindex/NotedCore.build/Debug-watchsimulator/NotedWatch\ Watch\ App.build/Objects-normal/x86_64/Binary/NotedWatch\ Watch\ App.debug.dylib

ExtractAppIntentsMetadata (in target 'TensorUtils' from project 'swift-transformers')
    cd /Users/jamesalford/Library/Developer/Xcode/DerivedData/NotedCore-ftviuoyqruynvwbzbngenbwxsygv/SourcePackages/checkouts/swift-transformers
    /Applications/Xcode.app/Contents/Developer/Toolchains/XcodeDefault.xctoolchain/usr/bin/appintentsmetadataprocessor --toolchain-dir /var/run/com.apple.security.cryptexd/mnt/com.apple.MobileAsset.MetalToolchain-v17.1.324.0.6zKCg8/Metal.xctoolchain --module-name TensorUtils --sdk-root /Applications/Xcode.app/Contents/Developer/Platforms/iPhoneSimulator.platform/Developer/SDKs/iPhoneSimulator26.0.sdk --xcode-version 17A400 --platform-family iOS --deployment-target 16.0 --bundle-identifier swift-transformers.TensorUtils --output /Users/jamesalford/Library/Developer/Xcode/DerivedData/NotedCore-ftviuoyqruynvwbzbngenbwxsygv/Build/Products/Debug-iphonesimulator/TensorUtils.appintents --target-triple arm64-apple-ios16.0-simulator --binary-file /Users/jamesalford/Library/Developer/Xcode/DerivedData/NotedCore-ftviuoyqruynvwbzbngenbwxsygv/Build/Products/Debug-iphonesimulator/TensorUtils.o --dependency-file /Users/jamesalford/Library/Developer/Xcode/DerivedData/NotedCore-ftviuoyqruynvwbzbngenbwxsygv/Build/Intermediates.noindex/swift-transformers.build/Debug-iphonesimulator/TensorUtils.build/Objects-normal/arm64/TensorUtils_dependency_info.dat --stringsdata-file /Users/jamesalford/Library/Developer/Xcode/DerivedData/NotedCore-ftviuoyqruynvwbzbngenbwxsygv/Build/Intermediates.noindex/swift-transformers.build/Debug-iphonesimulator/TensorUtils.build/Objects-normal/arm64/ExtractedAppShortcutsMetadata.stringsdata --source-file-list /Users/jamesalford/Library/Developer/Xcode/DerivedData/NotedCore-ftviuoyqruynvwbzbngenbwxsygv/Build/Intermediates.noindex/swift-transformers.build/Debug-iphonesimulator/TensorUtils.build/Objects-normal/arm64/TensorUtils.SwiftFileList --metadata-file-list /Users/jamesalford/Library/Developer/Xcode/DerivedData/NotedCore-ftviuoyqruynvwbzbngenbwxsygv/Build/Intermediates.noindex/swift-transformers.build/Debug-iphonesimulator/TensorUtils.build/TensorUtils.DependencyMetadataFileList --static-metadata-file-list /Users/jamesalford/Library/Developer/Xcode/DerivedData/NotedCore-ftviuoyqruynvwbzbngenbwxsygv/Build/Intermediates.noindex/swift-transformers.build/Debug-iphonesimulator/TensorUtils.build/TensorUtils.DependencyStaticMetadataFileList --swift-const-vals-list /Users/jamesalford/Library/Developer/Xcode/DerivedData/NotedCore-ftviuoyqruynvwbzbngenbwxsygv/Build/Intermediates.noindex/swift-transformers.build/Debug-iphonesimulator/TensorUtils.build/Objects-normal/arm64/TensorUtils.SwiftConstValuesFileList --force --compile-time-extraction --deployment-aware-processing --validate-assistant-intents --no-app-shortcuts-localization
2025-09-28 17:43:08.236 appintentsmetadataprocessor[14877:1556795] Starting appintentsmetadataprocessor export
2025-09-28 17:43:08.377 appintentsmetadataprocessor[14877:1556795] Extracted no relevant App Intents symbols, skipping writing output

CodeSign /Users/jamesalford/Library/Developer/Xcode/DerivedData/NotedCore-ftviuoyqruynvwbzbngenbwxsygv/Build/Products/Debug-iphonesimulator/mlx-swift_Cmlx.bundle (in target 'mlx-swift_Cmlx' from project 'mlx-swift')
    cd /Users/jamesalford/Library/Developer/Xcode/DerivedData/NotedCore-ftviuoyqruynvwbzbngenbwxsygv/SourcePackages/checkouts/mlx-swift
    
    Signing Identity:     "Sign to Run Locally"
    
    /usr/bin/codesign --force --sign - --timestamp\=none --generate-entitlement-der /Users/jamesalford/Library/Developer/Xcode/DerivedData/NotedCore-ftviuoyqruynvwbzbngenbwxsygv/Build/Products/Debug-iphonesimulator/mlx-swift_Cmlx.bundle

RegisterExecutionPolicyException /Users/jamesalford/Library/Developer/Xcode/DerivedData/NotedCore-ftviuoyqruynvwbzbngenbwxsygv/Build/Products/Debug-iphonesimulator/_NumericsShims.o (in target '_NumericsShims' from project 'swift-numerics')
    cd /Users/jamesalford/Library/Developer/Xcode/DerivedData/NotedCore-ftviuoyqruynvwbzbngenbwxsygv/SourcePackages/checkouts/swift-numerics
    builtin-RegisterExecutionPolicyException /Users/jamesalford/Library/Developer/Xcode/DerivedData/NotedCore-ftviuoyqruynvwbzbngenbwxsygv/Build/Products/Debug-iphonesimulator/_NumericsShims.o

SwiftDriver OrderedCollections normal arm64 com.apple.xcode.tools.swift.compiler (in target 'OrderedCollections' from project 'swift-collections')
    cd /Users/jamesalford/Documents/NotedCore/NotedCore.xcodeproj
    builtin-SwiftDriver -- /Applications/Xcode.app/Contents/Developer/Toolchains/XcodeDefault.xctoolchain/usr/bin/swiftc -module-name OrderedCollections -Onone -enforce-exclusivity\=checked @/Users/jamesalford/Library/Developer/Xcode/DerivedData/NotedCore-ftviuoyqruynvwbzbngenbwxsygv/Build/Intermediates.noindex/swift-collections.build/Debug-iphonesimulator/OrderedCollections.build/Objects-normal/arm64/OrderedCollections.SwiftFileList -DSWIFT_PACKAGE -DDEBUG -DSWIFT_MODULE_RESOURCE_BUNDLE_UNAVAILABLE -DCOLLECTIONS_RANDOMIZED_TESTING -DXcode -plugin-path /Applications/Xcode.app/Contents/Developer/Toolchains/XcodeDefault.xctoolchain/usr/lib/swift/host/plugins/testing -enable-experimental-feature DebugDescriptionMacro -sdk /Applications/Xcode.app/Contents/Developer/Platforms/iPhoneSimulator.platform/Developer/SDKs/iPhoneSimulator26.0.sdk -target arm64-apple-ios12.0-simulator -g -module-cache-path /Users/jamesalford/Library/Developer/Xcode/DerivedData/ModuleCache.noindex -Xfrontend -serialize-debugging-options -profile-coverage-mapping -profile-generate -enable-testing -suppress-warnings -index-store-path /Users/jamesalford/Library/Developer/Xcode/DerivedData/NotedCore-ftviuoyqruynvwbzbngenbwxsygv/Index.noindex/DataStore -Xcc -D_LIBCPP_HARDENING_MODE\=_LIBCPP_HARDENING_MODE_DEBUG -swift-version 5 -I /Users/jamesalford/Library/Developer/Xcode/DerivedData/NotedCore-ftviuoyqruynvwbzbngenbwxsygv/Build/Products/Debug-iphonesimulator -Isystem /Applications/Xcode.app/Contents/Developer/Platforms/iPhoneSimulator.platform/Developer/usr/lib -F /Users/jamesalford/Library/Developer/Xcode/DerivedData/NotedCore-ftviuoyqruynvwbzbngenbwxsygv/Build/Products/Debug-iphonesimulator/PackageFrameworks -F /Users/jamesalford/Library/Developer/Xcode/DerivedData/NotedCore-ftviuoyqruynvwbzbngenbwxsygv/Build/Products/Debug-iphonesimulator -F /Applications/Xcode.app/Contents/Developer/Platforms/iPhoneSimulator.platform/Developer/Library/Frameworks -F /Applications/Xcode.app/Contents/Developer/Platforms/iPhoneSimulator.platform/Developer/SDKs/iPhoneSimulator26.0.sdk/Developer/Library/Frameworks -c -j14 -enable-batch-mode -incremental -Xcc -ivfsstatcache -Xcc /Users/jamesalford/Library/Developer/Xcode/DerivedData/SDKStatCaches.noindex/iphonesimulator26.0-23A339-3885c01c3e6b6a337905948deab2002e26257891a6c027eb51374368541b8346.sdkstatcache -output-file-map /Users/jamesalford/Library/Developer/Xcode/DerivedData/NotedCore-ftviuoyqruynvwbzbngenbwxsygv/Build/Intermediates.noindex/swift-collections.build/Debug-iphonesimulator/OrderedCollections.build/Objects-normal/arm64/OrderedCollections-OutputFileMap.json -use-frontend-parseable-output -save-temps -no-color-diagnostics -explicit-module-build -module-cache-path /Users/jamesalford/Library/Developer/Xcode/DerivedData/NotedCore-ftviuoyqruynvwbzbngenbwxsygv/Build/Intermediates.noindex/SwiftExplicitPrecompiledModules -clang-scanner-module-cache-path /Users/jamesalford/Library/Developer/Xcode/DerivedData/ModuleCache.noindex -sdk-module-cache-path /Users/jamesalford/Library/Developer/Xcode/DerivedData/ModuleCache.noindex -serialize-diagnostics -emit-dependencies -emit-module -emit-module-path /Users/jamesalford/Library/Developer/Xcode/DerivedData/NotedCore-ftviuoyqruynvwbzbngenbwxsygv/Build/Intermediates.noindex/swift-collections.build/Debug-iphonesimulator/OrderedCollections.build/Objects-normal/arm64/OrderedCollections.swiftmodule -validate-clang-modules-once -clang-build-session-file /Users/jamesalford/Library/Developer/Xcode/DerivedData/ModuleCache.noindex/Session.modulevalidation -package-name swift_collections -Xcc -I/Users/jamesalford/Library/Developer/Xcode/DerivedData/NotedCore-ftviuoyqruynvwbzbngenbwxsygv/Build/Intermediates.noindex/swift-collections.build/Debug-iphonesimulator/OrderedCollections.build/swift-overrides.hmap -emit-const-values -Xfrontend -const-gather-protocols-file -Xfrontend /Users/jamesalford/Library/Developer/Xcode/DerivedData/NotedCore-ftviuoyqruynvwbzbngenbwxsygv/Build/Intermediates.noindex/swift-collections.build/Debug-iphonesimulator/OrderedCollections.build/Objects-normal/arm64/OrderedCollections_const_extract_protocols.json -Xcc -I/Users/jamesalford/Library/Developer/Xcode/DerivedData/NotedCore-ftviuoyqruynvwbzbngenbwxsygv/Build/Products/Debug-iphonesimulator/include -Xcc -I/Users/jamesalford/Library/Developer/Xcode/DerivedData/NotedCore-ftviuoyqruynvwbzbngenbwxsygv/Build/Intermediates.noindex/swift-collections.build/Debug-iphonesimulator/OrderedCollections.build/DerivedSources-normal/arm64 -Xcc -I/Users/jamesalford/Library/Developer/Xcode/DerivedData/NotedCore-ftviuoyqruynvwbzbngenbwxsygv/Build/Intermediates.noindex/swift-collections.build/Debug-iphonesimulator/OrderedCollections.build/DerivedSources/arm64 -Xcc -I/Users/jamesalford/Library/Developer/Xcode/DerivedData/NotedCore-ftviuoyqruynvwbzbngenbwxsygv/Build/Intermediates.noindex/swift-collections.build/Debug-iphonesimulator/OrderedCollections.build/DerivedSources -Xcc -DSWIFT_PACKAGE -Xcc -DDEBUG\=1 -emit-objc-header -emit-objc-header-path /Users/jamesalford/Library/Developer/Xcode/DerivedData/NotedCore-ftviuoyqruynvwbzbngenbwxsygv/Build/Intermediates.noindex/swift-collections.build/Debug-iphonesimulator/OrderedCollections.build/Objects-normal/arm64/OrderedCollections-Swift.h -working-directory /Users/jamesalford/Documents/NotedCore/NotedCore.xcodeproj -experimental-emit-module-separately -disable-cmo

SwiftDriverJobDiscovery normal arm64 Compiling _UnsafeBitSet+_Word.swift (in target 'InternalCollectionsUtilities' from project 'swift-collections')

SwiftDriver\ Compilation InternalCollectionsUtilities normal arm64 com.apple.xcode.tools.swift.compiler (in target 'InternalCollectionsUtilities' from project 'swift-collections')
    cd /Users/jamesalford/Documents/NotedCore/NotedCore.xcodeproj
    builtin-Swift-Compilation -- /Applications/Xcode.app/Contents/Developer/Toolchains/XcodeDefault.xctoolchain/usr/bin/swiftc -module-name InternalCollectionsUtilities -Onone -enforce-exclusivity\=checked @/Users/jamesalford/Library/Developer/Xcode/DerivedData/NotedCore-ftviuoyqruynvwbzbngenbwxsygv/Build/Intermediates.noindex/swift-collections.build/Debug-iphonesimulator/InternalCollectionsUtilities.build/Objects-normal/arm64/InternalCollectionsUtilities.SwiftFileList -DSWIFT_PACKAGE -DDEBUG -DSWIFT_MODULE_RESOURCE_BUNDLE_UNAVAILABLE -DCOLLECTIONS_RANDOMIZED_TESTING -DXcode -plugin-path /Applications/Xcode.app/Contents/Developer/Toolchains/XcodeDefault.xctoolchain/usr/lib/swift/host/plugins/testing -enable-experimental-feature DebugDescriptionMacro -sdk /Applications/Xcode.app/Contents/Developer/Platforms/iPhoneSimulator.platform/Developer/SDKs/iPhoneSimulator26.0.sdk -target arm64-apple-ios12.0-simulator -g -module-cache-path /Users/jamesalford/Library/Developer/Xcode/DerivedData/ModuleCache.noindex -Xfrontend -serialize-debugging-options -profile-coverage-mapping -profile-generate -enable-testing -suppress-warnings -index-store-path /Users/jamesalford/Library/Developer/Xcode/DerivedData/NotedCore-ftviuoyqruynvwbzbngenbwxsygv/Index.noindex/DataStore -Xcc -D_LIBCPP_HARDENING_MODE\=_LIBCPP_HARDENING_MODE_DEBUG -swift-version 5 -I /Users/jamesalford/Library/Developer/Xcode/DerivedData/NotedCore-ftviuoyqruynvwbzbngenbwxsygv/Build/Products/Debug-iphonesimulator -Isystem /Applications/Xcode.app/Contents/Developer/Platforms/iPhoneSimulator.platform/Developer/usr/lib -F /Users/jamesalford/Library/Developer/Xcode/DerivedData/NotedCore-ftviuoyqruynvwbzbngenbwxsygv/Build/Products/Debug-iphonesimulator -F /Applications/Xcode.app/Contents/Developer/Platforms/iPhoneSimulator.platform/Developer/Library/Frameworks -F /Applications/Xcode.app/Contents/Developer/Platforms/iPhoneSimulator.platform/Developer/SDKs/iPhoneSimulator26.0.sdk/Developer/Library/Frameworks -c -j14 -enable-batch-mode -incremental -Xcc -ivfsstatcache -Xcc /Users/jamesalford/Library/Developer/Xcode/DerivedData/SDKStatCaches.noindex/iphonesimulator26.0-23A339-3885c01c3e6b6a337905948deab2002e26257891a6c027eb51374368541b8346.sdkstatcache -output-file-map /Users/jamesalford/Library/Developer/Xcode/DerivedData/NotedCore-ftviuoyqruynvwbzbngenbwxsygv/Build/Intermediates.noindex/swift-collections.build/Debug-iphonesimulator/InternalCollectionsUtilities.build/Objects-normal/arm64/InternalCollectionsUtilities-OutputFileMap.json -use-frontend-parseable-output -save-temps -no-color-diagnostics -explicit-module-build -module-cache-path /Users/jamesalford/Library/Developer/Xcode/DerivedData/NotedCore-ftviuoyqruynvwbzbngenbwxsygv/Build/Intermediates.noindex/SwiftExplicitPrecompiledModules -clang-scanner-module-cache-path /Users/jamesalford/Library/Developer/Xcode/DerivedData/ModuleCache.noindex -sdk-module-cache-path /Users/jamesalford/Library/Developer/Xcode/DerivedData/ModuleCache.noindex -serialize-diagnostics -emit-dependencies -emit-module -emit-module-path /Users/jamesalford/Library/Developer/Xcode/DerivedData/NotedCore-ftviuoyqruynvwbzbngenbwxsygv/Build/Intermediates.noindex/swift-collections.build/Debug-iphonesimulator/InternalCollectionsUtilities.build/Objects-normal/arm64/InternalCollectionsUtilities.swiftmodule -validate-clang-modules-once -clang-build-session-file /Users/jamesalford/Library/Developer/Xcode/DerivedData/ModuleCache.noindex/Session.modulevalidation -package-name swift_collections -Xcc -I/Users/jamesalford/Library/Developer/Xcode/DerivedData/NotedCore-ftviuoyqruynvwbzbngenbwxsygv/Build/Intermediates.noindex/swift-collections.build/Debug-iphonesimulator/InternalCollectionsUtilities.build/swift-overrides.hmap -emit-const-values -Xfrontend -const-gather-protocols-file -Xfrontend /Users/jamesalford/Library/Developer/Xcode/DerivedData/NotedCore-ftviuoyqruynvwbzbngenbwxsygv/Build/Intermediates.noindex/swift-collections.build/Debug-iphonesimulator/InternalCollectionsUtilities.build/Objects-normal/arm64/InternalCollectionsUtilities_const_extract_protocols.json -Xcc -I/Users/jamesalford/Library/Developer/Xcode/DerivedData/NotedCore-ftviuoyqruynvwbzbngenbwxsygv/Build/Products/Debug-iphonesimulator/include -Xcc -I/Users/jamesalford/Library/Developer/Xcode/DerivedData/NotedCore-ftviuoyqruynvwbzbngenbwxsygv/Build/Intermediates.noindex/swift-collections.build/Debug-iphonesimulator/InternalCollectionsUtilities.build/DerivedSources-normal/arm64 -Xcc -I/Users/jamesalford/Library/Developer/Xcode/DerivedData/NotedCore-ftviuoyqruynvwbzbngenbwxsygv/Build/Intermediates.noindex/swift-collections.build/Debug-iphonesimulator/InternalCollectionsUtilities.build/DerivedSources/arm64 -Xcc -I/Users/jamesalford/Library/Developer/Xcode/DerivedData/NotedCore-ftviuoyqruynvwbzbngenbwxsygv/Build/Intermediates.noindex/swift-collections.build/Debug-iphonesimulator/InternalCollectionsUtilities.build/DerivedSources -Xcc -DSWIFT_PACKAGE -Xcc -DDEBUG\=1 -emit-objc-header -emit-objc-header-path /Users/jamesalford/Library/Developer/Xcode/DerivedData/NotedCore-ftviuoyqruynvwbzbngenbwxsygv/Build/Intermediates.noindex/swift-collections.build/Debug-iphonesimulator/InternalCollectionsUtilities.build/Objects-normal/arm64/InternalCollectionsUtilities-Swift.h -working-directory /Users/jamesalford/Documents/NotedCore/NotedCore.xcodeproj -experimental-emit-module-separately -disable-cmo

SwiftDriver ComplexModule normal arm64 com.apple.xcode.tools.swift.compiler (in target 'ComplexModule' from project 'swift-numerics')
    cd /Users/jamesalford/Documents/NotedCore/NotedCore.xcodeproj
    builtin-SwiftDriver -- /Applications/Xcode.app/Contents/Developer/Toolchains/XcodeDefault.xctoolchain/usr/bin/swiftc -module-name ComplexModule -Onone -enforce-exclusivity\=checked @/Users/jamesalford/Library/Developer/Xcode/DerivedData/NotedCore-ftviuoyqruynvwbzbngenbwxsygv/Build/Intermediates.noindex/swift-numerics.build/Debug-iphonesimulator/ComplexModule.build/Objects-normal/arm64/ComplexModule.SwiftFileList -DSWIFT_PACKAGE -DDEBUG -DSWIFT_MODULE_RESOURCE_BUNDLE_UNAVAILABLE -DXcode -plugin-path /Applications/Xcode.app/Contents/Developer/Toolchains/XcodeDefault.xctoolchain/usr/lib/swift/host/plugins/testing -enable-experimental-feature DebugDescriptionMacro -sdk /Applications/Xcode.app/Contents/Developer/Platforms/iPhoneSimulator.platform/Developer/SDKs/iPhoneSimulator26.0.sdk -target arm64-apple-ios12.0-simulator -g -module-cache-path /Users/jamesalford/Library/Developer/Xcode/DerivedData/ModuleCache.noindex -Xfrontend -serialize-debugging-options -profile-coverage-mapping -profile-generate -enable-testing -suppress-warnings -index-store-path /Users/jamesalford/Library/Developer/Xcode/DerivedData/NotedCore-ftviuoyqruynvwbzbngenbwxsygv/Index.noindex/DataStore -Xcc -D_LIBCPP_HARDENING_MODE\=_LIBCPP_HARDENING_MODE_DEBUG -swift-version 5 -I /Users/jamesalford/Library/Developer/Xcode/DerivedData/NotedCore-ftviuoyqruynvwbzbngenbwxsygv/Build/Products/Debug-iphonesimulator -Isystem /Applications/Xcode.app/Contents/Developer/Platforms/iPhoneSimulator.platform/Developer/usr/lib -F /Users/jamesalford/Library/Developer/Xcode/DerivedData/NotedCore-ftviuoyqruynvwbzbngenbwxsygv/Build/Products/Debug-iphonesimulator/PackageFrameworks -F /Users/jamesalford/Library/Developer/Xcode/DerivedData/NotedCore-ftviuoyqruynvwbzbngenbwxsygv/Build/Products/Debug-iphonesimulator/PackageFrameworks -F /Users/jamesalford/Library/Developer/Xcode/DerivedData/NotedCore-ftviuoyqruynvwbzbngenbwxsygv/Build/Products/Debug-iphonesimulator -F /Applications/Xcode.app/Contents/Developer/Platforms/iPhoneSimulator.platform/Developer/Library/Frameworks -F /Applications/Xcode.app/Contents/Developer/Platforms/iPhoneSimulator.platform/Developer/SDKs/iPhoneSimulator26.0.sdk/Developer/Library/Frameworks -c -j14 -enable-batch-mode -incremental -Xcc -ivfsstatcache -Xcc /Users/jamesalford/Library/Developer/Xcode/DerivedData/SDKStatCaches.noindex/iphonesimulator26.0-23A339-3885c01c3e6b6a337905948deab2002e26257891a6c027eb51374368541b8346.sdkstatcache -output-file-map /Users/jamesalford/Library/Developer/Xcode/DerivedData/NotedCore-ftviuoyqruynvwbzbngenbwxsygv/Build/Intermediates.noindex/swift-numerics.build/Debug-iphonesimulator/ComplexModule.build/Objects-normal/arm64/ComplexModule-OutputFileMap.json -use-frontend-parseable-output -save-temps -no-color-diagnostics -explicit-module-build -module-cache-path /Users/jamesalford/Library/Developer/Xcode/DerivedData/NotedCore-ftviuoyqruynvwbzbngenbwxsygv/Build/Intermediates.noindex/SwiftExplicitPrecompiledModules -clang-scanner-module-cache-path /Users/jamesalford/Library/Developer/Xcode/DerivedData/ModuleCache.noindex -sdk-module-cache-path /Users/jamesalford/Library/Developer/Xcode/DerivedData/ModuleCache.noindex -serialize-diagnostics -emit-dependencies -emit-module -emit-module-path /Users/jamesalford/Library/Developer/Xcode/DerivedData/NotedCore-ftviuoyqruynvwbzbngenbwxsygv/Build/Intermediates.noindex/swift-numerics.build/Debug-iphonesimulator/ComplexModule.build/Objects-normal/arm64/ComplexModule.swiftmodule -validate-clang-modules-once -clang-build-session-file /Users/jamesalford/Library/Developer/Xcode/DerivedData/ModuleCache.noindex/Session.modulevalidation -package-name swift_numerics -Xcc -I/Users/jamesalford/Library/Developer/Xcode/DerivedData/NotedCore-ftviuoyqruynvwbzbngenbwxsygv/Build/Intermediates.noindex/swift-numerics.build/Debug-iphonesimulator/ComplexModule.build/swift-overrides.hmap -emit-const-values -Xfrontend -const-gather-protocols-file -Xfrontend /Users/jamesalford/Library/Developer/Xcode/DerivedData/NotedCore-ftviuoyqruynvwbzbngenbwxsygv/Build/Intermediates.noindex/swift-numerics.build/Debug-iphonesimulator/ComplexModule.build/Objects-normal/arm64/ComplexModule_const_extract_protocols.json -Xcc -I/Users/jamesalford/Library/Developer/Xcode/DerivedData/NotedCore-ftviuoyqruynvwbzbngenbwxsygv/SourcePackages/checkouts/swift-numerics/Sources/_NumericsShims/include -Xcc -I/Users/jamesalford/Library/Developer/Xcode/DerivedData/NotedCore-ftviuoyqruynvwbzbngenbwxsygv/Build/Products/Debug-iphonesimulator/include -Xcc -I/Users/jamesalford/Library/Developer/Xcode/DerivedData/NotedCore-ftviuoyqruynvwbzbngenbwxsygv/Build/Intermediates.noindex/swift-numerics.build/Debug-iphonesimulator/ComplexModule.build/DerivedSources-normal/arm64 -Xcc -I/Users/jamesalford/Library/Developer/Xcode/DerivedData/NotedCore-ftviuoyqruynvwbzbngenbwxsygv/Build/Intermediates.noindex/swift-numerics.build/Debug-iphonesimulator/ComplexModule.build/DerivedSources/arm64 -Xcc -I/Users/jamesalford/Library/Developer/Xcode/DerivedData/NotedCore-ftviuoyqruynvwbzbngenbwxsygv/Build/Intermediates.noindex/swift-numerics.build/Debug-iphonesimulator/ComplexModule.build/DerivedSources -Xcc -DSWIFT_PACKAGE -Xcc -DDEBUG\=1 -emit-objc-header -emit-objc-header-path /Users/jamesalford/Library/Developer/Xcode/DerivedData/NotedCore-ftviuoyqruynvwbzbngenbwxsygv/Build/Intermediates.noindex/swift-numerics.build/Debug-iphonesimulator/ComplexModule.build/Objects-normal/arm64/ComplexModule-Swift.h -working-directory /Users/jamesalford/Documents/NotedCore/NotedCore.xcodeproj -experimental-emit-module-separately -disable-cmo

PrecompileModule /Users/jamesalford/Library/Developer/Xcode/DerivedData/NotedCore-ftviuoyqruynvwbzbngenbwxsygv/Build/Intermediates.noindex/ExplicitPrecompiledModules/_DarwinFoundation2-6XZPTLFQLEVNT5N3Q7Y9I9TKL.scan
    cd /
    builtin-precompileModule /Users/jamesalford/Library/Developer/Xcode/DerivedData/NotedCore-ftviuoyqruynvwbzbngenbwxsygv/Build/Intermediates.noindex/ExplicitPrecompiledModules/_DarwinFoundation2-6XZPTLFQLEVNT5N3Q7Y9I9TKL.scan

Ld /Users/jamesalford/Library/Developer/Xcode/DerivedData/NotedCore-ftviuoyqruynvwbzbngenbwxsygv/Build/Products/Debug-iphonesimulator/InternalCollectionsUtilities.o normal (in target 'InternalCollectionsUtilities' from project 'swift-collections')
    cd /Users/jamesalford/Library/Developer/Xcode/DerivedData/NotedCore-ftviuoyqruynvwbzbngenbwxsygv/SourcePackages/checkouts/swift-collections
    /Applications/Xcode.app/Contents/Developer/Toolchains/XcodeDefault.xctoolchain/usr/bin/clang -Xlinker -reproducible -target arm64-apple-ios12.0-simulator -r -isysroot /Applications/Xcode.app/Contents/Developer/Platforms/iPhoneSimulator.platform/Developer/SDKs/iPhoneSimulator26.0.sdk -O0 -w -L/Users/jamesalford/Library/Developer/Xcode/DerivedData/NotedCore-ftviuoyqruynvwbzbngenbwxsygv/Build/Intermediates.noindex/EagerLinkingTBDs/Debug-iphonesimulator -L/Users/jamesalford/Library/Developer/Xcode/DerivedData/NotedCore-ftviuoyqruynvwbzbngenbwxsygv/Build/Products/Debug-iphonesimulator -L/Applications/Xcode.app/Contents/Developer/Platforms/iPhoneSimulator.platform/Developer/usr/lib -F/Users/jamesalford/Library/Developer/Xcode/DerivedData/NotedCore-ftviuoyqruynvwbzbngenbwxsygv/Build/Intermediates.noindex/EagerLinkingTBDs/Debug-iphonesimulator -F/Users/jamesalford/Library/Developer/Xcode/DerivedData/NotedCore-ftviuoyqruynvwbzbngenbwxsygv/Build/Products/Debug-iphonesimulator -iframework /Applications/Xcode.app/Contents/Developer/Platforms/iPhoneSimulator.platform/Developer/Library/Frameworks -iframework /Applications/Xcode.app/Contents/Developer/Platforms/iPhoneSimulator.platform/Developer/SDKs/iPhoneSimulator26.0.sdk/Developer/Library/Frameworks -filelist /Users/jamesalford/Library/Developer/Xcode/DerivedData/NotedCore-ftviuoyqruynvwbzbngenbwxsygv/Build/Intermediates.noindex/swift-collections.build/Debug-iphonesimulator/InternalCollectionsUtilities.build/Objects-normal/arm64/InternalCollectionsUtilities.LinkFileList -nostdlib -Xlinker -object_path_lto -Xlinker /Users/jamesalford/Library/Developer/Xcode/DerivedData/NotedCore-ftviuoyqruynvwbzbngenbwxsygv/Build/Intermediates.noindex/swift-collections.build/Debug-iphonesimulator/InternalCollectionsUtilities.build/Objects-normal/arm64/InternalCollectionsUtilities_lto.o -rdynamic -Xlinker -no_deduplicate -Xlinker -objc_abi_version -Xlinker 2 -Xlinker -debug_variant -Xlinker -dependency_info -Xlinker /Users/jamesalford/Library/Developer/Xcode/DerivedData/NotedCore-ftviuoyqruynvwbzbngenbwxsygv/Build/Intermediates.noindex/swift-collections.build/Debug-iphonesimulator/InternalCollectionsUtilities.build/Objects-normal/arm64/InternalCollectionsUtilities_dependency_info.dat -fobjc-link-runtime -L/Applications/Xcode.app/Contents/Developer/Toolchains/XcodeDefault.xctoolchain/usr/lib/swift/iphonesimulator -L/usr/lib/swift -Xlinker -add_ast_path -Xlinker /Users/jamesalford/Library/Developer/Xcode/DerivedData/NotedCore-ftviuoyqruynvwbzbngenbwxsygv/Build/Intermediates.noindex/swift-collections.build/Debug-iphonesimulator/InternalCollectionsUtilities.build/Objects-normal/arm64/InternalCollectionsUtilities.swiftmodule @/Users/jamesalford/Library/Developer/Xcode/DerivedData/NotedCore-ftviuoyqruynvwbzbngenbwxsygv/Build/Intermediates.noindex/swift-collections.build/Debug-iphonesimulator/InternalCollectionsUtilities.build/Objects-normal/arm64/InternalCollectionsUtilities-linker-args.resp -o /Users/jamesalford/Library/Developer/Xcode/DerivedData/NotedCore-ftviuoyqruynvwbzbngenbwxsygv/Build/Products/Debug-iphonesimulator/InternalCollectionsUtilities.o

PrecompileModule /Users/jamesalford/Library/Developer/Xcode/DerivedData/NotedCore-ftviuoyqruynvwbzbngenbwxsygv/Build/Intermediates.noindex/ExplicitPrecompiledModules/_Builtin_limits-K9IS1YRC040NPHEG99S7DY9U.scan
    cd /
    builtin-precompileModule /Users/jamesalford/Library/Developer/Xcode/DerivedData/NotedCore-ftviuoyqruynvwbzbngenbwxsygv/Build/Intermediates.noindex/ExplicitPrecompiledModules/_Builtin_limits-K9IS1YRC040NPHEG99S7DY9U.scan

SwiftDriverJobDiscovery normal arm64 Compiling Downloader.swift (in target 'Hub' from project 'swift-transformers')

RegisterExecutionPolicyException /Users/jamesalford/Library/Developer/Xcode/DerivedData/NotedCore-ftviuoyqruynvwbzbngenbwxsygv/Build/Products/Debug-iphonesimulator/mlx-swift_Cmlx.bundle (in target 'mlx-swift_Cmlx' from project 'mlx-swift')
    cd /Users/jamesalford/Library/Developer/Xcode/DerivedData/NotedCore-ftviuoyqruynvwbzbngenbwxsygv/SourcePackages/checkouts/mlx-swift
    builtin-RegisterExecutionPolicyException /Users/jamesalford/Library/Developer/Xcode/DerivedData/NotedCore-ftviuoyqruynvwbzbngenbwxsygv/Build/Products/Debug-iphonesimulator/mlx-swift_Cmlx.bundle

ExtractAppIntentsMetadata (in target 'InternalCollectionsUtilities' from project 'swift-collections')
    cd /Users/jamesalford/Library/Developer/Xcode/DerivedData/NotedCore-ftviuoyqruynvwbzbngenbwxsygv/SourcePackages/checkouts/swift-collections
    /Applications/Xcode.app/Contents/Developer/Toolchains/XcodeDefault.xctoolchain/usr/bin/appintentsmetadataprocessor --toolchain-dir /var/run/com.apple.security.cryptexd/mnt/com.apple.MobileAsset.MetalToolchain-v17.1.324.0.6zKCg8/Metal.xctoolchain --module-name InternalCollectionsUtilities --sdk-root /Applications/Xcode.app/Contents/Developer/Platforms/iPhoneSimulator.platform/Developer/SDKs/iPhoneSimulator26.0.sdk --xcode-version 17A400 --platform-family iOS --deployment-target 12.0 --bundle-identifier swift-collections.InternalCollectionsUtilities --output /Users/jamesalford/Library/Developer/Xcode/DerivedData/NotedCore-ftviuoyqruynvwbzbngenbwxsygv/Build/Products/Debug-iphonesimulator/InternalCollectionsUtilities.appintents --target-triple arm64-apple-ios12.0-simulator --binary-file /Users/jamesalford/Library/Developer/Xcode/DerivedData/NotedCore-ftviuoyqruynvwbzbngenbwxsygv/Build/Products/Debug-iphonesimulator/InternalCollectionsUtilities.o --dependency-file /Users/jamesalford/Library/Developer/Xcode/DerivedData/NotedCore-ftviuoyqruynvwbzbngenbwxsygv/Build/Intermediates.noindex/swift-collections.build/Debug-iphonesimulator/InternalCollectionsUtilities.build/Objects-normal/arm64/InternalCollectionsUtilities_dependency_info.dat --stringsdata-file /Users/jamesalford/Library/Developer/Xcode/DerivedData/NotedCore-ftviuoyqruynvwbzbngenbwxsygv/Build/Intermediates.noindex/swift-collections.build/Debug-iphonesimulator/InternalCollectionsUtilities.build/Objects-normal/arm64/ExtractedAppShortcutsMetadata.stringsdata --source-file-list /Users/jamesalford/Library/Developer/Xcode/DerivedData/NotedCore-ftviuoyqruynvwbzbngenbwxsygv/Build/Intermediates.noindex/swift-collections.build/Debug-iphonesimulator/InternalCollectionsUtilities.build/Objects-normal/arm64/InternalCollectionsUtilities.SwiftFileList --metadata-file-list /Users/jamesalford/Library/Developer/Xcode/DerivedData/NotedCore-ftviuoyqruynvwbzbngenbwxsygv/Build/Intermediates.noindex/swift-collections.build/Debug-iphonesimulator/InternalCollectionsUtilities.build/InternalCollectionsUtilities.DependencyMetadataFileList --static-metadata-file-list /Users/jamesalford/Library/Developer/Xcode/DerivedData/NotedCore-ftviuoyqruynvwbzbngenbwxsygv/Build/Intermediates.noindex/swift-collections.build/Debug-iphonesimulator/InternalCollectionsUtilities.build/InternalCollectionsUtilities.DependencyStaticMetadataFileList --swift-const-vals-list /Users/jamesalford/Library/Developer/Xcode/DerivedData/NotedCore-ftviuoyqruynvwbzbngenbwxsygv/Build/Intermediates.noindex/swift-collections.build/Debug-iphonesimulator/InternalCollectionsUtilities.build/Objects-normal/arm64/InternalCollectionsUtilities.SwiftConstValuesFileList --force --compile-time-extraction --deployment-aware-processing --validate-assistant-intents --no-app-shortcuts-localization
2025-09-28 17:43:08.326 appintentsmetadataprocessor[14884:1556858] Starting appintentsmetadataprocessor export
2025-09-28 17:43:08.461 appintentsmetadataprocessor[14884:1556858] Extracted no relevant App Intents symbols, skipping writing output

Ld /Users/jamesalford/Library/Developer/Xcode/DerivedData/NotedCore-ftviuoyqruynvwbzbngenbwxsygv/Build/Products/Debug-iphonesimulator/RealModule.o normal (in target 'RealModule' from project 'swift-numerics')
    cd /Users/jamesalford/Library/Developer/Xcode/DerivedData/NotedCore-ftviuoyqruynvwbzbngenbwxsygv/SourcePackages/checkouts/swift-numerics
    /Applications/Xcode.app/Contents/Developer/Toolchains/XcodeDefault.xctoolchain/usr/bin/clang -Xlinker -reproducible -target arm64-apple-ios12.0-simulator -r -isysroot /Applications/Xcode.app/Contents/Developer/Platforms/iPhoneSimulator.platform/Developer/SDKs/iPhoneSimulator26.0.sdk -O0 -w -L/Users/jamesalford/Library/Developer/Xcode/DerivedData/NotedCore-ftviuoyqruynvwbzbngenbwxsygv/Build/Intermediates.noindex/EagerLinkingTBDs/Debug-iphonesimulator -L/Users/jamesalford/Library/Developer/Xcode/DerivedData/NotedCore-ftviuoyqruynvwbzbngenbwxsygv/Build/Products/Debug-iphonesimulator -L/Applications/Xcode.app/Contents/Developer/Platforms/iPhoneSimulator.platform/Developer/usr/lib -F/Users/jamesalford/Library/Developer/Xcode/DerivedData/NotedCore-ftviuoyqruynvwbzbngenbwxsygv/Build/Intermediates.noindex/EagerLinkingTBDs/Debug-iphonesimulator -F/Users/jamesalford/Library/Developer/Xcode/DerivedData/NotedCore-ftviuoyqruynvwbzbngenbwxsygv/Build/Products/Debug-iphonesimulator/PackageFrameworks -F/Users/jamesalford/Library/Developer/Xcode/DerivedData/NotedCore-ftviuoyqruynvwbzbngenbwxsygv/Build/Products/Debug-iphonesimulator -iframework /Applications/Xcode.app/Contents/Developer/Platforms/iPhoneSimulator.platform/Developer/Library/Frameworks -iframework /Applications/Xcode.app/Contents/Developer/Platforms/iPhoneSimulator.platform/Developer/SDKs/iPhoneSimulator26.0.sdk/Developer/Library/Frameworks -filelist /Users/jamesalford/Library/Developer/Xcode/DerivedData/NotedCore-ftviuoyqruynvwbzbngenbwxsygv/Build/Intermediates.noindex/swift-numerics.build/Debug-iphonesimulator/RealModule.build/Objects-normal/arm64/RealModule.LinkFileList -nostdlib -Xlinker -object_path_lto -Xlinker /Users/jamesalford/Library/Developer/Xcode/DerivedData/NotedCore-ftviuoyqruynvwbzbngenbwxsygv/Build/Intermediates.noindex/swift-numerics.build/Debug-iphonesimulator/RealModule.build/Objects-normal/arm64/RealModule_lto.o -rdynamic -Xlinker -no_deduplicate -Xlinker -objc_abi_version -Xlinker 2 -Xlinker -debug_variant -Xlinker -dependency_info -Xlinker /Users/jamesalford/Library/Developer/Xcode/DerivedData/NotedCore-ftviuoyqruynvwbzbngenbwxsygv/Build/Intermediates.noindex/swift-numerics.build/Debug-iphonesimulator/RealModule.build/Objects-normal/arm64/RealModule_dependency_info.dat -fobjc-link-runtime -L/Applications/Xcode.app/Contents/Developer/Toolchains/XcodeDefault.xctoolchain/usr/lib/swift/iphonesimulator -L/usr/lib/swift -Xlinker -add_ast_path -Xlinker /Users/jamesalford/Library/Developer/Xcode/DerivedData/NotedCore-ftviuoyqruynvwbzbngenbwxsygv/Build/Intermediates.noindex/swift-numerics.build/Debug-iphonesimulator/RealModule.build/Objects-normal/arm64/RealModule.swiftmodule @/Users/jamesalford/Library/Developer/Xcode/DerivedData/NotedCore-ftviuoyqruynvwbzbngenbwxsygv/Build/Intermediates.noindex/swift-numerics.build/Debug-iphonesimulator/RealModule.build/Objects-normal/arm64/RealModule-linker-args.resp -o /Users/jamesalford/Library/Developer/Xcode/DerivedData/NotedCore-ftviuoyqruynvwbzbngenbwxsygv/Build/Products/Debug-iphonesimulator/RealModule.o

PrecompileModule /Users/jamesalford/Library/Developer/Xcode/DerivedData/NotedCore-ftviuoyqruynvwbzbngenbwxsygv/Build/Intermediates.noindex/ExplicitPrecompiledModules/_Builtin_stdint-7GXAMO5QBL22BB67RWJGV3PN0.scan
    cd /
    builtin-precompileModule /Users/jamesalford/Library/Developer/Xcode/DerivedData/NotedCore-ftviuoyqruynvwbzbngenbwxsygv/Build/Intermediates.noindex/ExplicitPrecompiledModules/_Builtin_stdint-7GXAMO5QBL22BB67RWJGV3PN0.scan

SwiftEmitModule normal arm64 Emitting\ module\ for\ ComplexModule (in target 'ComplexModule' from project 'swift-numerics')

EmitSwiftModule normal arm64 (in target 'ComplexModule' from project 'swift-numerics')
    cd /Users/jamesalford/Documents/NotedCore/NotedCore.xcodeproj
    

SwiftCompile normal arm64 Compiling\ Scale.swift /Users/jamesalford/Library/Developer/Xcode/DerivedData/NotedCore-ftviuoyqruynvwbzbngenbwxsygv/SourcePackages/checkouts/swift-numerics/Sources/ComplexModule/Scale.swift (in target 'ComplexModule' from project 'swift-numerics')

SwiftCompile normal arm64 /Users/jamesalford/Library/Developer/Xcode/DerivedData/NotedCore-ftviuoyqruynvwbzbngenbwxsygv/SourcePackages/checkouts/swift-numerics/Sources/ComplexModule/Scale.swift (in target 'ComplexModule' from project 'swift-numerics')
    cd /Users/jamesalford/Documents/NotedCore/NotedCore.xcodeproj
    

PrecompileModule /Users/jamesalford/Library/Developer/Xcode/DerivedData/NotedCore-ftviuoyqruynvwbzbngenbwxsygv/Build/Intermediates.noindex/ExplicitPrecompiledModules/_DarwinFoundation3-ANF1202ZS7YFMXIISZWC0M9IS.scan
    cd /
    builtin-precompileModule /Users/jamesalford/Library/Developer/Xcode/DerivedData/NotedCore-ftviuoyqruynvwbzbngenbwxsygv/Build/Intermediates.noindex/ExplicitPrecompiledModules/_DarwinFoundation3-ANF1202ZS7YFMXIISZWC0M9IS.scan

SwiftCompile normal arm64 Compiling\ Complex+AdditiveArithmetic.swift /Users/jamesalford/Library/Developer/Xcode/DerivedData/NotedCore-ftviuoyqruynvwbzbngenbwxsygv/SourcePackages/checkouts/swift-numerics/Sources/ComplexModule/Complex+AdditiveArithmetic.swift (in target 'ComplexModule' from project 'swift-numerics')

SwiftCompile normal arm64 /Users/jamesalford/Library/Developer/Xcode/DerivedData/NotedCore-ftviuoyqruynvwbzbngenbwxsygv/SourcePackages/checkouts/swift-numerics/Sources/ComplexModule/Complex+AdditiveArithmetic.swift (in target 'ComplexModule' from project 'swift-numerics')
    cd /Users/jamesalford/Documents/NotedCore/NotedCore.xcodeproj
    

SwiftDriverJobDiscovery normal arm64 Compiling Hub.swift (in target 'Hub' from project 'swift-transformers')

SwiftCompile normal arm64 Compiling\ Complex+StringConvertible.swift /Users/jamesalford/Library/Developer/Xcode/DerivedData/NotedCore-ftviuoyqruynvwbzbngenbwxsygv/SourcePackages/checkouts/swift-numerics/Sources/ComplexModule/Complex+StringConvertible.swift (in target 'ComplexModule' from project 'swift-numerics')

SwiftCompile normal arm64 /Users/jamesalford/Library/Developer/Xcode/DerivedData/NotedCore-ftviuoyqruynvwbzbngenbwxsygv/SourcePackages/checkouts/swift-numerics/Sources/ComplexModule/Complex+StringConvertible.swift (in target 'ComplexModule' from project 'swift-numerics')
    cd /Users/jamesalford/Documents/NotedCore/NotedCore.xcodeproj
    

SwiftEmitModule normal arm64 Emitting\ module\ for\ OrderedCollections (in target 'OrderedCollections' from project 'swift-collections')

EmitSwiftModule normal arm64 (in target 'OrderedCollections' from project 'swift-collections')
    cd /Users/jamesalford/Documents/NotedCore/NotedCore.xcodeproj
    

SwiftCompile normal arm64 Compiling\ OrderedDictionary+ExpressibleByDictionaryLiteral.swift,\ OrderedDictionary+Hashable.swift,\ OrderedDictionary+Initializers.swift,\ OrderedDictionary+Invariants.swift,\ OrderedDictionary+Partial\ MutableCollection.swift /Users/jamesalford/Library/Developer/Xcode/DerivedData/NotedCore-ftviuoyqruynvwbzbngenbwxsygv/SourcePackages/checkouts/swift-collections/Sources/OrderedCollections/OrderedDictionary/OrderedDictionary+ExpressibleByDictionaryLiteral.swift /Users/jamesalford/Library/Developer/Xcode/DerivedData/NotedCore-ftviuoyqruynvwbzbngenbwxsygv/SourcePackages/checkouts/swift-collections/Sources/OrderedCollections/OrderedDictionary/OrderedDictionary+Hashable.swift /Users/jamesalford/Library/Developer/Xcode/DerivedData/NotedCore-ftviuoyqruynvwbzbngenbwxsygv/SourcePackages/checkouts/swift-collections/Sources/OrderedCollections/OrderedDictionary/OrderedDictionary+Initializers.swift /Users/jamesalford/Library/Developer/Xcode/DerivedData/NotedCore-ftviuoyqruynvwbzbngenbwxsygv/SourcePackages/checkouts/swift-collections/Sources/OrderedCollections/OrderedDictionary/OrderedDictionary+Invariants.swift /Users/jamesalford/Library/Developer/Xcode/DerivedData/NotedCore-ftviuoyqruynvwbzbngenbwxsygv/SourcePackages/checkouts/swift-collections/Sources/OrderedCollections/OrderedDictionary/OrderedDictionary+Partial\ MutableCollection.swift (in target 'OrderedCollections' from project 'swift-collections')

SwiftCompile normal arm64 /Users/jamesalford/Library/Developer/Xcode/DerivedData/NotedCore-ftviuoyqruynvwbzbngenbwxsygv/SourcePackages/checkouts/swift-collections/Sources/OrderedCollections/OrderedDictionary/OrderedDictionary+ExpressibleByDictionaryLiteral.swift (in target 'OrderedCollections' from project 'swift-collections')
    cd /Users/jamesalford/Documents/NotedCore/NotedCore.xcodeproj
    

SwiftCompile normal arm64 /Users/jamesalford/Library/Developer/Xcode/DerivedData/NotedCore-ftviuoyqruynvwbzbngenbwxsygv/SourcePackages/checkouts/swift-collections/Sources/OrderedCollections/OrderedDictionary/OrderedDictionary+Hashable.swift (in target 'OrderedCollections' from project 'swift-collections')
    cd /Users/jamesalford/Documents/NotedCore/NotedCore.xcodeproj
    

SwiftCompile normal arm64 /Users/jamesalford/Library/Developer/Xcode/DerivedData/NotedCore-ftviuoyqruynvwbzbngenbwxsygv/SourcePackages/checkouts/swift-collections/Sources/OrderedCollections/OrderedDictionary/OrderedDictionary+Initializers.swift (in target 'OrderedCollections' from project 'swift-collections')
    cd /Users/jamesalford/Documents/NotedCore/NotedCore.xcodeproj
    

SwiftCompile normal arm64 /Users/jamesalford/Library/Developer/Xcode/DerivedData/NotedCore-ftviuoyqruynvwbzbngenbwxsygv/SourcePackages/checkouts/swift-collections/Sources/OrderedCollections/OrderedDictionary/OrderedDictionary+Invariants.swift (in target 'OrderedCollections' from project 'swift-collections')
    cd /Users/jamesalford/Documents/NotedCore/NotedCore.xcodeproj
    

SwiftCompile normal arm64 /Users/jamesalford/Library/Developer/Xcode/DerivedData/NotedCore-ftviuoyqruynvwbzbngenbwxsygv/SourcePackages/checkouts/swift-collections/Sources/OrderedCollections/OrderedDictionary/OrderedDictionary+Partial\ MutableCollection.swift (in target 'OrderedCollections' from project 'swift-collections')
    cd /Users/jamesalford/Documents/NotedCore/NotedCore.xcodeproj
    

PrecompileModule /Users/jamesalford/Library/Developer/Xcode/DerivedData/NotedCore-ftviuoyqruynvwbzbngenbwxsygv/Build/Intermediates.noindex/ExplicitPrecompiledModules/_Builtin_inttypes-6O1EORQQY4NQ850SN753ZAHV6.scan
    cd /
    builtin-precompileModule /Users/jamesalford/Library/Developer/Xcode/DerivedData/NotedCore-ftviuoyqruynvwbzbngenbwxsygv/Build/Intermediates.noindex/ExplicitPrecompiledModules/_Builtin_inttypes-6O1EORQQY4NQ850SN753ZAHV6.scan

SwiftDriverJobDiscovery normal arm64 Compiling Scale.swift (in target 'ComplexModule' from project 'swift-numerics')

SwiftCompile normal arm64 Compiling\ OrderedSet+Codable.swift,\ OrderedSet+CustomReflectable.swift,\ OrderedSet+Descriptions.swift,\ OrderedSet+Diffing.swift /Users/jamesalford/Library/Developer/Xcode/DerivedData/NotedCore-ftviuoyqruynvwbzbngenbwxsygv/SourcePackages/checkouts/swift-collections/Sources/OrderedCollections/OrderedSet/OrderedSet+Codable.swift /Users/jamesalford/Library/Developer/Xcode/DerivedData/NotedCore-ftviuoyqruynvwbzbngenbwxsygv/SourcePackages/checkouts/swift-collections/Sources/OrderedCollections/OrderedSet/OrderedSet+CustomReflectable.swift /Users/jamesalford/Library/Developer/Xcode/DerivedData/NotedCore-ftviuoyqruynvwbzbngenbwxsygv/SourcePackages/checkouts/swift-collections/Sources/OrderedCollections/OrderedSet/OrderedSet+Descriptions.swift /Users/jamesalford/Library/Developer/Xcode/DerivedData/NotedCore-ftviuoyqruynvwbzbngenbwxsygv/SourcePackages/checkouts/swift-collections/Sources/OrderedCollections/OrderedSet/OrderedSet+Diffing.swift (in target 'OrderedCollections' from project 'swift-collections')

SwiftCompile normal arm64 /Users/jamesalford/Library/Developer/Xcode/DerivedData/NotedCore-ftviuoyqruynvwbzbngenbwxsygv/SourcePackages/checkouts/swift-collections/Sources/OrderedCollections/OrderedSet/OrderedSet+Codable.swift (in target 'OrderedCollections' from project 'swift-collections')
    cd /Users/jamesalford/Documents/NotedCore/NotedCore.xcodeproj
    

SwiftCompile normal arm64 /Users/jamesalford/Library/Developer/Xcode/DerivedData/NotedCore-ftviuoyqruynvwbzbngenbwxsygv/SourcePackages/checkouts/swift-collections/Sources/OrderedCollections/OrderedSet/OrderedSet+CustomReflectable.swift (in target 'OrderedCollections' from project 'swift-collections')
    cd /Users/jamesalford/Documents/NotedCore/NotedCore.xcodeproj
    

SwiftCompile normal arm64 /Users/jamesalford/Library/Developer/Xcode/DerivedData/NotedCore-ftviuoyqruynvwbzbngenbwxsygv/SourcePackages/checkouts/swift-collections/Sources/OrderedCollections/OrderedSet/OrderedSet+Descriptions.swift (in target 'OrderedCollections' from project 'swift-collections')
    cd /Users/jamesalford/Documents/NotedCore/NotedCore.xcodeproj
    

SwiftCompile normal arm64 /Users/jamesalford/Library/Developer/Xcode/DerivedData/NotedCore-ftviuoyqruynvwbzbngenbwxsygv/SourcePackages/checkouts/swift-collections/Sources/OrderedCollections/OrderedSet/OrderedSet+Diffing.swift (in target 'OrderedCollections' from project 'swift-collections')
    cd /Users/jamesalford/Documents/NotedCore/NotedCore.xcodeproj
    

PrecompileModule /Users/jamesalford/Library/Developer/Xcode/DerivedData/NotedCore-ftviuoyqruynvwbzbngenbwxsygv/Build/Intermediates.noindex/ExplicitPrecompiledModules/Darwin-3M49JTV77B48WLVLN77GGURCF.scan
    cd /
    builtin-precompileModule /Users/jamesalford/Library/Developer/Xcode/DerivedData/NotedCore-ftviuoyqruynvwbzbngenbwxsygv/Build/Intermediates.noindex/ExplicitPrecompiledModules/Darwin-3M49JTV77B48WLVLN77GGURCF.scan

SwiftDriverJobDiscovery normal arm64 Compiling Complex+StringConvertible.swift (in target 'ComplexModule' from project 'swift-numerics')

SwiftCompile normal arm64 Compiling\ OrderedDictionary+Deprecations.swift,\ OrderedDictionary+Descriptions.swift,\ OrderedDictionary+Elements.SubSequence.swift,\ OrderedDictionary+Elements.swift,\ OrderedDictionary+Equatable.swift /Users/jamesalford/Library/Developer/Xcode/DerivedData/NotedCore-ftviuoyqruynvwbzbngenbwxsygv/SourcePackages/checkouts/swift-collections/Sources/OrderedCollections/OrderedDictionary/OrderedDictionary+Deprecations.swift /Users/jamesalford/Library/Developer/Xcode/DerivedData/NotedCore-ftviuoyqruynvwbzbngenbwxsygv/SourcePackages/checkouts/swift-collections/Sources/OrderedCollections/OrderedDictionary/OrderedDictionary+Descriptions.swift /Users/jamesalford/Library/Developer/Xcode/DerivedData/NotedCore-ftviuoyqruynvwbzbngenbwxsygv/SourcePackages/checkouts/swift-collections/Sources/OrderedCollections/OrderedDictionary/OrderedDictionary+Elements.SubSequence.swift /Users/jamesalford/Library/Developer/Xcode/DerivedData/NotedCore-ftviuoyqruynvwbzbngenbwxsygv/SourcePackages/checkouts/swift-collections/Sources/OrderedCollections/OrderedDictionary/OrderedDictionary+Elements.swift /Users/jamesalford/Library/Developer/Xcode/DerivedData/NotedCore-ftviuoyqruynvwbzbngenbwxsygv/SourcePackages/checkouts/swift-collections/Sources/OrderedCollections/OrderedDictionary/OrderedDictionary+Equatable.swift (in target 'OrderedCollections' from project 'swift-collections')

SwiftCompile normal arm64 /Users/jamesalford/Library/Developer/Xcode/DerivedData/NotedCore-ftviuoyqruynvwbzbngenbwxsygv/SourcePackages/checkouts/swift-collections/Sources/OrderedCollections/OrderedDictionary/OrderedDictionary+Deprecations.swift (in target 'OrderedCollections' from project 'swift-collections')
    cd /Users/jamesalford/Documents/NotedCore/NotedCore.xcodeproj
    

SwiftCompile normal arm64 /Users/jamesalford/Library/Developer/Xcode/DerivedData/NotedCore-ftviuoyqruynvwbzbngenbwxsygv/SourcePackages/checkouts/swift-collections/Sources/OrderedCollections/OrderedDictionary/OrderedDictionary+Descriptions.swift (in target 'OrderedCollections' from project 'swift-collections')
    cd /Users/jamesalford/Documents/NotedCore/NotedCore.xcodeproj
    

SwiftCompile normal arm64 /Users/jamesalford/Library/Developer/Xcode/DerivedData/NotedCore-ftviuoyqruynvwbzbngenbwxsygv/SourcePackages/checkouts/swift-collections/Sources/OrderedCollections/OrderedDictionary/OrderedDictionary+Elements.SubSequence.swift (in target 'OrderedCollections' from project 'swift-collections')
    cd /Users/jamesalford/Documents/NotedCore/NotedCore.xcodeproj
    

SwiftCompile normal arm64 /Users/jamesalford/Library/Developer/Xcode/DerivedData/NotedCore-ftviuoyqruynvwbzbngenbwxsygv/SourcePackages/checkouts/swift-collections/Sources/OrderedCollections/OrderedDictionary/OrderedDictionary+Elements.swift (in target 'OrderedCollections' from project 'swift-collections')
    cd /Users/jamesalford/Documents/NotedCore/NotedCore.xcodeproj
    

SwiftCompile normal arm64 /Users/jamesalford/Library/Developer/Xcode/DerivedData/NotedCore-ftviuoyqruynvwbzbngenbwxsygv/SourcePackages/checkouts/swift-collections/Sources/OrderedCollections/OrderedDictionary/OrderedDictionary+Equatable.swift (in target 'OrderedCollections' from project 'swift-collections')
    cd /Users/jamesalford/Documents/NotedCore/NotedCore.xcodeproj
    

ConstructStubExecutorLinkFileList /Users/jamesalford/Library/Developer/Xcode/DerivedData/NotedCore-ftviuoyqruynvwbzbngenbwxsygv/Build/Intermediates.noindex/NotedCore.build/Debug-watchsimulator/NotedWatch\ Watch\ App.build/NotedWatch\ Watch\ App-ExecutorLinkFileList-normal-arm64.txt (in target 'NotedWatch Watch App' from project 'NotedCore')
    cd /Users/jamesalford/Documents/NotedCore
    construct-stub-executor-link-file-list /Users/jamesalford/Library/Developer/Xcode/DerivedData/NotedCore-ftviuoyqruynvwbzbngenbwxsygv/Build/Intermediates.noindex/NotedCore.build/Debug-watchsimulator/NotedWatch\ Watch\ App.build/Objects-normal/arm64/Binary/NotedWatch\ Watch\ App.debug.dylib /Applications/Xcode.app/Contents/Developer/Platforms/WatchSimulator.platform/Developer/usr/lib/libPreviewsJITStubExecutor_no_swift_entry_point.a /Applications/Xcode.app/Contents/Developer/Platforms/WatchSimulator.platform/Developer/usr/lib/libPreviewsJITStubExecutor.a --output /Users/jamesalford/Library/Developer/Xcode/DerivedData/NotedCore-ftviuoyqruynvwbzbngenbwxsygv/Build/Intermediates.noindex/NotedCore.build/Debug-watchsimulator/NotedWatch\ Watch\ App.build/NotedWatch\ Watch\ App-ExecutorLinkFileList-normal-arm64.txt
note: Using stub executor library with Swift entry point. (in target 'NotedWatch Watch App' from project 'NotedCore')

SwiftDriverJobDiscovery normal arm64 Compiling Complex+AdditiveArithmetic.swift (in target 'ComplexModule' from project 'swift-numerics')

SwiftCompile normal arm64 Compiling\ OrderedSet+ReserveCapacity.swift,\ OrderedSet+Sendable.swift,\ OrderedSet+SubSequence.swift,\ OrderedSet+Testing.swift /Users/jamesalford/Library/Developer/Xcode/DerivedData/NotedCore-ftviuoyqruynvwbzbngenbwxsygv/SourcePackages/checkouts/swift-collections/Sources/OrderedCollections/OrderedSet/OrderedSet+ReserveCapacity.swift /Users/jamesalford/Library/Developer/Xcode/DerivedData/NotedCore-ftviuoyqruynvwbzbngenbwxsygv/SourcePackages/checkouts/swift-collections/Sources/OrderedCollections/OrderedSet/OrderedSet+Sendable.swift /Users/jamesalford/Library/Developer/Xcode/DerivedData/NotedCore-ftviuoyqruynvwbzbngenbwxsygv/SourcePackages/checkouts/swift-collections/Sources/OrderedCollections/OrderedSet/OrderedSet+SubSequence.swift /Users/jamesalford/Library/Developer/Xcode/DerivedData/NotedCore-ftviuoyqruynvwbzbngenbwxsygv/SourcePackages/checkouts/swift-collections/Sources/OrderedCollections/OrderedSet/OrderedSet+Testing.swift (in target 'OrderedCollections' from project 'swift-collections')

SwiftCompile normal arm64 /Users/jamesalford/Library/Developer/Xcode/DerivedData/NotedCore-ftviuoyqruynvwbzbngenbwxsygv/SourcePackages/checkouts/swift-collections/Sources/OrderedCollections/OrderedSet/OrderedSet+ReserveCapacity.swift (in target 'OrderedCollections' from project 'swift-collections')
    cd /Users/jamesalford/Documents/NotedCore/NotedCore.xcodeproj
    

SwiftCompile normal arm64 /Users/jamesalford/Library/Developer/Xcode/DerivedData/NotedCore-ftviuoyqruynvwbzbngenbwxsygv/SourcePackages/checkouts/swift-collections/Sources/OrderedCollections/OrderedSet/OrderedSet+Sendable.swift (in target 'OrderedCollections' from project 'swift-collections')
    cd /Users/jamesalford/Documents/NotedCore/NotedCore.xcodeproj
    

SwiftCompile normal arm64 /Users/jamesalford/Library/Developer/Xcode/DerivedData/NotedCore-ftviuoyqruynvwbzbngenbwxsygv/SourcePackages/checkouts/swift-collections/Sources/OrderedCollections/OrderedSet/OrderedSet+SubSequence.swift (in target 'OrderedCollections' from project 'swift-collections')
    cd /Users/jamesalford/Documents/NotedCore/NotedCore.xcodeproj
    

SwiftCompile normal arm64 /Users/jamesalford/Library/Developer/Xcode/DerivedData/NotedCore-ftviuoyqruynvwbzbngenbwxsygv/SourcePackages/checkouts/swift-collections/Sources/OrderedCollections/OrderedSet/OrderedSet+Testing.swift (in target 'OrderedCollections' from project 'swift-collections')
    cd /Users/jamesalford/Documents/NotedCore/NotedCore.xcodeproj
    

Ld /Users/jamesalford/Library/Developer/Xcode/DerivedData/NotedCore-ftviuoyqruynvwbzbngenbwxsygv/Build/Intermediates.noindex/NotedCore.build/Debug-watchsimulator/NotedWatch\ Watch\ App.build/Objects-normal/arm64/Binary/NotedWatch\ Watch\ App normal arm64 (in target 'NotedWatch Watch App' from project 'NotedCore')
    cd /Users/jamesalford/Documents/NotedCore
    /Applications/Xcode.app/Contents/Developer/Toolchains/XcodeDefault.xctoolchain/usr/bin/clang -Xlinker -reproducible -target arm64-apple-watchos26.0-simulator -isysroot /Applications/Xcode.app/Contents/Developer/Platforms/WatchSimulator.platform/Developer/SDKs/WatchSimulator26.0.sdk -O0 -L/Users/jamesalford/Library/Developer/Xcode/DerivedData/NotedCore-ftviuoyqruynvwbzbngenbwxsygv/Build/Products/Debug-watchsimulator -F/Users/jamesalford/Library/Developer/Xcode/DerivedData/NotedCore-ftviuoyqruynvwbzbngenbwxsygv/Build/Products/Debug-watchsimulator -Xlinker -rpath -Xlinker @executable_path -Xlinker -rpath -Xlinker @executable_path/Frameworks -rdynamic -Xlinker -no_deduplicate -Xlinker -objc_abi_version -Xlinker 2 -Xlinker -debug_variant -e ___debug_blank_executor_main -Xlinker -sectcreate -Xlinker __TEXT -Xlinker __debug_dylib -Xlinker /Users/jamesalford/Library/Developer/Xcode/DerivedData/NotedCore-ftviuoyqruynvwbzbngenbwxsygv/Build/Intermediates.noindex/NotedCore.build/Debug-watchsimulator/NotedWatch\ Watch\ App.build/NotedWatch\ Watch\ App-DebugDylibPath-normal-arm64.txt -Xlinker -sectcreate -Xlinker __TEXT -Xlinker __debug_instlnm -Xlinker /Users/jamesalford/Library/Developer/Xcode/DerivedData/NotedCore-ftviuoyqruynvwbzbngenbwxsygv/Build/Intermediates.noindex/NotedCore.build/Debug-watchsimulator/NotedWatch\ Watch\ App.build/NotedWatch\ Watch\ App-DebugDylibInstallName-normal-arm64.txt -Xlinker -filelist -Xlinker /Users/jamesalford/Library/Developer/Xcode/DerivedData/NotedCore-ftviuoyqruynvwbzbngenbwxsygv/Build/Intermediates.noindex/NotedCore.build/Debug-watchsimulator/NotedWatch\ Watch\ App.build/NotedWatch\ Watch\ App-ExecutorLinkFileList-normal-arm64.txt -Xlinker -sectcreate -Xlinker __TEXT -Xlinker __entitlements -Xlinker /Users/jamesalford/Library/Developer/Xcode/DerivedData/NotedCore-ftviuoyqruynvwbzbngenbwxsygv/Build/Intermediates.noindex/NotedCore.build/Debug-watchsimulator/NotedWatch\ Watch\ App.build/NotedWatch\ Watch\ App.app-Simulated.xcent -Xlinker -sectcreate -Xlinker __TEXT -Xlinker __ents_der -Xlinker /Users/jamesalford/Library/Developer/Xcode/DerivedData/NotedCore-ftviuoyqruynvwbzbngenbwxsygv/Build/Intermediates.noindex/NotedCore.build/Debug-watchsimulator/NotedWatch\ Watch\ App.build/NotedWatch\ Watch\ App.app-Simulated.xcent.der /Users/jamesalford/Library/Developer/Xcode/DerivedData/NotedCore-ftviuoyqruynvwbzbngenbwxsygv/Build/Intermediates.noindex/NotedCore.build/Debug-watchsimulator/NotedWatch\ Watch\ App.build/Objects-normal/arm64/Binary/NotedWatch\ Watch\ App.debug.dylib -Xlinker -no_adhoc_codesign -o /Users/jamesalford/Library/Developer/Xcode/DerivedData/NotedCore-ftviuoyqruynvwbzbngenbwxsygv/Build/Intermediates.noindex/NotedCore.build/Debug-watchsimulator/NotedWatch\ Watch\ App.build/Objects-normal/arm64/Binary/NotedWatch\ Watch\ App

SwiftCompile normal arm64 Compiling\ OrderedSet+Equatable.swift,\ OrderedSet+ExpressibleByArrayLiteral.swift,\ OrderedSet+Hashable.swift,\ OrderedSet+Initializers.swift /Users/jamesalford/Library/Developer/Xcode/DerivedData/NotedCore-ftviuoyqruynvwbzbngenbwxsygv/SourcePackages/checkouts/swift-collections/Sources/OrderedCollections/OrderedSet/OrderedSet+Equatable.swift /Users/jamesalford/Library/Developer/Xcode/DerivedData/NotedCore-ftviuoyqruynvwbzbngenbwxsygv/SourcePackages/checkouts/swift-collections/Sources/OrderedCollections/OrderedSet/OrderedSet+ExpressibleByArrayLiteral.swift /Users/jamesalford/Library/Developer/Xcode/DerivedData/NotedCore-ftviuoyqruynvwbzbngenbwxsygv/SourcePackages/checkouts/swift-collections/Sources/OrderedCollections/OrderedSet/OrderedSet+Hashable.swift /Users/jamesalford/Library/Developer/Xcode/DerivedData/NotedCore-ftviuoyqruynvwbzbngenbwxsygv/SourcePackages/checkouts/swift-collections/Sources/OrderedCollections/OrderedSet/OrderedSet+Initializers.swift (in target 'OrderedCollections' from project 'swift-collections')

SwiftCompile normal arm64 /Users/jamesalford/Library/Developer/Xcode/DerivedData/NotedCore-ftviuoyqruynvwbzbngenbwxsygv/SourcePackages/checkouts/swift-collections/Sources/OrderedCollections/OrderedSet/OrderedSet+Equatable.swift (in target 'OrderedCollections' from project 'swift-collections')
    cd /Users/jamesalford/Documents/NotedCore/NotedCore.xcodeproj
    

SwiftCompile normal arm64 /Users/jamesalford/Library/Developer/Xcode/DerivedData/NotedCore-ftviuoyqruynvwbzbngenbwxsygv/SourcePackages/checkouts/swift-collections/Sources/OrderedCollections/OrderedSet/OrderedSet+ExpressibleByArrayLiteral.swift (in target 'OrderedCollections' from project 'swift-collections')
    cd /Users/jamesalford/Documents/NotedCore/NotedCore.xcodeproj
    

SwiftCompile normal arm64 /Users/jamesalford/Library/Developer/Xcode/DerivedData/NotedCore-ftviuoyqruynvwbzbngenbwxsygv/SourcePackages/checkouts/swift-collections/Sources/OrderedCollections/OrderedSet/OrderedSet+Hashable.swift (in target 'OrderedCollections' from project 'swift-collections')
    cd /Users/jamesalford/Documents/NotedCore/NotedCore.xcodeproj
    

SwiftCompile normal arm64 /Users/jamesalford/Library/Developer/Xcode/DerivedData/NotedCore-ftviuoyqruynvwbzbngenbwxsygv/SourcePackages/checkouts/swift-collections/Sources/OrderedCollections/OrderedSet/OrderedSet+Initializers.swift (in target 'OrderedCollections' from project 'swift-collections')
    cd /Users/jamesalford/Documents/NotedCore/NotedCore.xcodeproj
    

SwiftCompile normal arm64 Compiling\ _HashTable+Bucket.swift,\ _HashTable+BucketIterator.swift,\ _HashTable+Constants.swift,\ _HashTable+CustomStringConvertible.swift,\ _HashTable+Testing.swift /Users/jamesalford/Library/Developer/Xcode/DerivedData/NotedCore-ftviuoyqruynvwbzbngenbwxsygv/SourcePackages/checkouts/swift-collections/Sources/OrderedCollections/HashTable/_HashTable+Bucket.swift /Users/jamesalford/Library/Developer/Xcode/DerivedData/NotedCore-ftviuoyqruynvwbzbngenbwxsygv/SourcePackages/checkouts/swift-collections/Sources/OrderedCollections/HashTable/_HashTable+BucketIterator.swift /Users/jamesalford/Library/Developer/Xcode/DerivedData/NotedCore-ftviuoyqruynvwbzbngenbwxsygv/SourcePackages/checkouts/swift-collections/Sources/OrderedCollections/HashTable/_HashTable+Constants.swift /Users/jamesalford/Library/Developer/Xcode/DerivedData/NotedCore-ftviuoyqruynvwbzbngenbwxsygv/SourcePackages/checkouts/swift-collections/Sources/OrderedCollections/HashTable/_HashTable+CustomStringConvertible.swift /Users/jamesalford/Library/Developer/Xcode/DerivedData/NotedCore-ftviuoyqruynvwbzbngenbwxsygv/SourcePackages/checkouts/swift-collections/Sources/OrderedCollections/HashTable/_HashTable+Testing.swift (in target 'OrderedCollections' from project 'swift-collections')

SwiftCompile normal arm64 /Users/jamesalford/Library/Developer/Xcode/DerivedData/NotedCore-ftviuoyqruynvwbzbngenbwxsygv/SourcePackages/checkouts/swift-collections/Sources/OrderedCollections/HashTable/_HashTable+Bucket.swift (in target 'OrderedCollections' from project 'swift-collections')
    cd /Users/jamesalford/Documents/NotedCore/NotedCore.xcodeproj
    

SwiftCompile normal arm64 /Users/jamesalford/Library/Developer/Xcode/DerivedData/NotedCore-ftviuoyqruynvwbzbngenbwxsygv/SourcePackages/checkouts/swift-collections/Sources/OrderedCollections/HashTable/_HashTable+BucketIterator.swift (in target 'OrderedCollections' from project 'swift-collections')
    cd /Users/jamesalford/Documents/NotedCore/NotedCore.xcodeproj
    

SwiftCompile normal arm64 /Users/jamesalford/Library/Developer/Xcode/DerivedData/NotedCore-ftviuoyqruynvwbzbngenbwxsygv/SourcePackages/checkouts/swift-collections/Sources/OrderedCollections/HashTable/_HashTable+Constants.swift (in target 'OrderedCollections' from project 'swift-collections')
    cd /Users/jamesalford/Documents/NotedCore/NotedCore.xcodeproj
    

SwiftCompile normal arm64 /Users/jamesalford/Library/Developer/Xcode/DerivedData/NotedCore-ftviuoyqruynvwbzbngenbwxsygv/SourcePackages/checkouts/swift-collections/Sources/OrderedCollections/HashTable/_HashTable+CustomStringConvertible.swift (in target 'OrderedCollections' from project 'swift-collections')
    cd /Users/jamesalford/Documents/NotedCore/NotedCore.xcodeproj
    

SwiftCompile normal arm64 /Users/jamesalford/Library/Developer/Xcode/DerivedData/NotedCore-ftviuoyqruynvwbzbngenbwxsygv/SourcePackages/checkouts/swift-collections/Sources/OrderedCollections/HashTable/_HashTable+Testing.swift (in target 'OrderedCollections' from project 'swift-collections')
    cd /Users/jamesalford/Documents/NotedCore/NotedCore.xcodeproj
    

CreateUniversalBinary /Users/jamesalford/Library/Developer/Xcode/DerivedData/NotedCore-ftviuoyqruynvwbzbngenbwxsygv/Build/Products/Debug-watchsimulator/NotedWatch\ Watch\ App.app/NotedWatch\ Watch\ App.debug.dylib normal arm64\ x86_64 (in target 'NotedWatch Watch App' from project 'NotedCore')
    cd /Users/jamesalford/Documents/NotedCore
    /Applications/Xcode.app/Contents/Developer/Toolchains/XcodeDefault.xctoolchain/usr/bin/lipo -create /Users/jamesalford/Library/Developer/Xcode/DerivedData/NotedCore-ftviuoyqruynvwbzbngenbwxsygv/Build/Intermediates.noindex/NotedCore.build/Debug-watchsimulator/NotedWatch\ Watch\ App.build/Objects-normal/arm64/Binary/NotedWatch\ Watch\ App.debug.dylib /Users/jamesalford/Library/Developer/Xcode/DerivedData/NotedCore-ftviuoyqruynvwbzbngenbwxsygv/Build/Intermediates.noindex/NotedCore.build/Debug-watchsimulator/NotedWatch\ Watch\ App.build/Objects-normal/x86_64/Binary/NotedWatch\ Watch\ App.debug.dylib -output /Users/jamesalford/Library/Developer/Xcode/DerivedData/NotedCore-ftviuoyqruynvwbzbngenbwxsygv/Build/Products/Debug-watchsimulator/NotedWatch\ Watch\ App.app/NotedWatch\ Watch\ App.debug.dylib

ConstructStubExecutorLinkFileList /Users/jamesalford/Library/Developer/Xcode/DerivedData/NotedCore-ftviuoyqruynvwbzbngenbwxsygv/Build/Intermediates.noindex/NotedCore.build/Debug-watchsimulator/NotedWatch\ Watch\ App.build/NotedWatch\ Watch\ App-ExecutorLinkFileList-normal-x86_64.txt (in target 'NotedWatch Watch App' from project 'NotedCore')
    cd /Users/jamesalford/Documents/NotedCore
    construct-stub-executor-link-file-list /Users/jamesalford/Library/Developer/Xcode/DerivedData/NotedCore-ftviuoyqruynvwbzbngenbwxsygv/Build/Intermediates.noindex/NotedCore.build/Debug-watchsimulator/NotedWatch\ Watch\ App.build/Objects-normal/x86_64/Binary/NotedWatch\ Watch\ App.debug.dylib /Applications/Xcode.app/Contents/Developer/Platforms/WatchSimulator.platform/Developer/usr/lib/libPreviewsJITStubExecutor_no_swift_entry_point.a /Applications/Xcode.app/Contents/Developer/Platforms/WatchSimulator.platform/Developer/usr/lib/libPreviewsJITStubExecutor.a --output /Users/jamesalford/Library/Developer/Xcode/DerivedData/NotedCore-ftviuoyqruynvwbzbngenbwxsygv/Build/Intermediates.noindex/NotedCore.build/Debug-watchsimulator/NotedWatch\ Watch\ App.build/NotedWatch\ Watch\ App-ExecutorLinkFileList-normal-x86_64.txt
note: Using stub executor library with Swift entry point. (in target 'NotedWatch Watch App' from project 'NotedCore')

SwiftCompile normal arm64 Compiling\ OrderedSet+UnorderedView.swift,\ OrderedSet+UnstableInternals.swift,\ OrderedSet.swift,\ _UnsafeBitset.swift /Users/jamesalford/Library/Developer/Xcode/DerivedData/NotedCore-ftviuoyqruynvwbzbngenbwxsygv/SourcePackages/checkouts/swift-collections/Sources/OrderedCollections/OrderedSet/OrderedSet+UnorderedView.swift /Users/jamesalford/Library/Developer/Xcode/DerivedData/NotedCore-ftviuoyqruynvwbzbngenbwxsygv/SourcePackages/checkouts/swift-collections/Sources/OrderedCollections/OrderedSet/OrderedSet+UnstableInternals.swift /Users/jamesalford/Library/Developer/Xcode/DerivedData/NotedCore-ftviuoyqruynvwbzbngenbwxsygv/SourcePackages/checkouts/swift-collections/Sources/OrderedCollections/OrderedSet/OrderedSet.swift /Users/jamesalford/Library/Developer/Xcode/DerivedData/NotedCore-ftviuoyqruynvwbzbngenbwxsygv/SourcePackages/checkouts/swift-collections/Sources/OrderedCollections/Utilities/_UnsafeBitset.swift (in target 'OrderedCollections' from project 'swift-collections')

SwiftCompile normal arm64 /Users/jamesalford/Library/Developer/Xcode/DerivedData/NotedCore-ftviuoyqruynvwbzbngenbwxsygv/SourcePackages/checkouts/swift-collections/Sources/OrderedCollections/OrderedSet/OrderedSet+UnorderedView.swift (in target 'OrderedCollections' from project 'swift-collections')
    cd /Users/jamesalford/Documents/NotedCore/NotedCore.xcodeproj
    

SwiftCompile normal arm64 /Users/jamesalford/Library/Developer/Xcode/DerivedData/NotedCore-ftviuoyqruynvwbzbngenbwxsygv/SourcePackages/checkouts/swift-collections/Sources/OrderedCollections/OrderedSet/OrderedSet+UnstableInternals.swift (in target 'OrderedCollections' from project 'swift-collections')
    cd /Users/jamesalford/Documents/NotedCore/NotedCore.xcodeproj
    

SwiftCompile normal arm64 /Users/jamesalford/Library/Developer/Xcode/DerivedData/NotedCore-ftviuoyqruynvwbzbngenbwxsygv/SourcePackages/checkouts/swift-collections/Sources/OrderedCollections/OrderedSet/OrderedSet.swift (in target 'OrderedCollections' from project 'swift-collections')
    cd /Users/jamesalford/Documents/NotedCore/NotedCore.xcodeproj
    

SwiftCompile normal arm64 /Users/jamesalford/Library/Developer/Xcode/DerivedData/NotedCore-ftviuoyqruynvwbzbngenbwxsygv/SourcePackages/checkouts/swift-collections/Sources/OrderedCollections/Utilities/_UnsafeBitset.swift (in target 'OrderedCollections' from project 'swift-collections')
    cd /Users/jamesalford/Documents/NotedCore/NotedCore.xcodeproj
    

SwiftDriverJobDiscovery normal arm64 Compiling OrderedSet+Codable.swift, OrderedSet+CustomReflectable.swift, OrderedSet+Descriptions.swift, OrderedSet+Diffing.swift (in target 'OrderedCollections' from project 'swift-collections')

SwiftCompile normal arm64 Compiling\ _HashTable+UnsafeHandle.swift,\ _HashTable.swift,\ _Hashtable+Header.swift,\ OrderedDictionary+Codable.swift,\ OrderedDictionary+CustomReflectable.swift /Users/jamesalford/Library/Developer/Xcode/DerivedData/NotedCore-ftviuoyqruynvwbzbngenbwxsygv/SourcePackages/checkouts/swift-collections/Sources/OrderedCollections/HashTable/_HashTable+UnsafeHandle.swift /Users/jamesalford/Library/Developer/Xcode/DerivedData/NotedCore-ftviuoyqruynvwbzbngenbwxsygv/SourcePackages/checkouts/swift-collections/Sources/OrderedCollections/HashTable/_HashTable.swift /Users/jamesalford/Library/Developer/Xcode/DerivedData/NotedCore-ftviuoyqruynvwbzbngenbwxsygv/SourcePackages/checkouts/swift-collections/Sources/OrderedCollections/HashTable/_Hashtable+Header.swift /Users/jamesalford/Library/Developer/Xcode/DerivedData/NotedCore-ftviuoyqruynvwbzbngenbwxsygv/SourcePackages/checkouts/swift-collections/Sources/OrderedCollections/OrderedDictionary/OrderedDictionary+Codable.swift /Users/jamesalford/Library/Developer/Xcode/DerivedData/NotedCore-ftviuoyqruynvwbzbngenbwxsygv/SourcePackages/checkouts/swift-collections/Sources/OrderedCollections/OrderedDictionary/OrderedDictionary+CustomReflectable.swift (in target 'OrderedCollections' from project 'swift-collections')

SwiftCompile normal arm64 /Users/jamesalford/Library/Developer/Xcode/DerivedData/NotedCore-ftviuoyqruynvwbzbngenbwxsygv/SourcePackages/checkouts/swift-collections/Sources/OrderedCollections/HashTable/_HashTable+UnsafeHandle.swift (in target 'OrderedCollections' from project 'swift-collections')
    cd /Users/jamesalford/Documents/NotedCore/NotedCore.xcodeproj
    

SwiftCompile normal arm64 /Users/jamesalford/Library/Developer/Xcode/DerivedData/NotedCore-ftviuoyqruynvwbzbngenbwxsygv/SourcePackages/checkouts/swift-collections/Sources/OrderedCollections/HashTable/_HashTable.swift (in target 'OrderedCollections' from project 'swift-collections')
    cd /Users/jamesalford/Documents/NotedCore/NotedCore.xcodeproj
    

SwiftCompile normal arm64 /Users/jamesalford/Library/Developer/Xcode/DerivedData/NotedCore-ftviuoyqruynvwbzbngenbwxsygv/SourcePackages/checkouts/swift-collections/Sources/OrderedCollections/HashTable/_Hashtable+Header.swift (in target 'OrderedCollections' from project 'swift-collections')
    cd /Users/jamesalford/Documents/NotedCore/NotedCore.xcodeproj
    

SwiftCompile normal arm64 /Users/jamesalford/Library/Developer/Xcode/DerivedData/NotedCore-ftviuoyqruynvwbzbngenbwxsygv/SourcePackages/checkouts/swift-collections/Sources/OrderedCollections/OrderedDictionary/OrderedDictionary+Codable.swift (in target 'OrderedCollections' from project 'swift-collections')
    cd /Users/jamesalford/Documents/NotedCore/NotedCore.xcodeproj
    

SwiftCompile normal arm64 /Users/jamesalford/Library/Developer/Xcode/DerivedData/NotedCore-ftviuoyqruynvwbzbngenbwxsygv/SourcePackages/checkouts/swift-collections/Sources/OrderedCollections/OrderedDictionary/OrderedDictionary+CustomReflectable.swift (in target 'OrderedCollections' from project 'swift-collections')
    cd /Users/jamesalford/Documents/NotedCore/NotedCore.xcodeproj
    

SwiftCompile normal arm64 Compiling\ OrderedSet+Partial\ SetAlgebra\ isSubset.swift,\ OrderedSet+Partial\ SetAlgebra\ isSuperset.swift,\ OrderedSet+Partial\ SetAlgebra\ subtract.swift,\ OrderedSet+Partial\ SetAlgebra\ subtracting.swift /Users/jamesalford/Library/Developer/Xcode/DerivedData/NotedCore-ftviuoyqruynvwbzbngenbwxsygv/SourcePackages/checkouts/swift-collections/Sources/OrderedCollections/OrderedSet/OrderedSet+Partial\ SetAlgebra\ isSubset.swift /Users/jamesalford/Library/Developer/Xcode/DerivedData/NotedCore-ftviuoyqruynvwbzbngenbwxsygv/SourcePackages/checkouts/swift-collections/Sources/OrderedCollections/OrderedSet/OrderedSet+Partial\ SetAlgebra\ isSuperset.swift /Users/jamesalford/Library/Developer/Xcode/DerivedData/NotedCore-ftviuoyqruynvwbzbngenbwxsygv/SourcePackages/checkouts/swift-collections/Sources/OrderedCollections/OrderedSet/OrderedSet+Partial\ SetAlgebra\ subtract.swift /Users/jamesalford/Library/Developer/Xcode/DerivedData/NotedCore-ftviuoyqruynvwbzbngenbwxsygv/SourcePackages/checkouts/swift-collections/Sources/OrderedCollections/OrderedSet/OrderedSet+Partial\ SetAlgebra\ subtracting.swift (in target 'OrderedCollections' from project 'swift-collections')

SwiftCompile normal arm64 /Users/jamesalford/Library/Developer/Xcode/DerivedData/NotedCore-ftviuoyqruynvwbzbngenbwxsygv/SourcePackages/checkouts/swift-collections/Sources/OrderedCollections/OrderedSet/OrderedSet+Partial\ SetAlgebra\ isSubset.swift (in target 'OrderedCollections' from project 'swift-collections')
    cd /Users/jamesalford/Documents/NotedCore/NotedCore.xcodeproj
    

SwiftCompile normal arm64 /Users/jamesalford/Library/Developer/Xcode/DerivedData/NotedCore-ftviuoyqruynvwbzbngenbwxsygv/SourcePackages/checkouts/swift-collections/Sources/OrderedCollections/OrderedSet/OrderedSet+Partial\ SetAlgebra\ isSuperset.swift (in target 'OrderedCollections' from project 'swift-collections')
    cd /Users/jamesalford/Documents/NotedCore/NotedCore.xcodeproj
    

SwiftCompile normal arm64 /Users/jamesalford/Library/Developer/Xcode/DerivedData/NotedCore-ftviuoyqruynvwbzbngenbwxsygv/SourcePackages/checkouts/swift-collections/Sources/OrderedCollections/OrderedSet/OrderedSet+Partial\ SetAlgebra\ subtract.swift (in target 'OrderedCollections' from project 'swift-collections')
    cd /Users/jamesalford/Documents/NotedCore/NotedCore.xcodeproj
    

SwiftCompile normal arm64 /Users/jamesalford/Library/Developer/Xcode/DerivedData/NotedCore-ftviuoyqruynvwbzbngenbwxsygv/SourcePackages/checkouts/swift-collections/Sources/OrderedCollections/OrderedSet/OrderedSet+Partial\ SetAlgebra\ subtracting.swift (in target 'OrderedCollections' from project 'swift-collections')
    cd /Users/jamesalford/Documents/NotedCore/NotedCore.xcodeproj
    

SwiftCompile normal arm64 Compiling\ OrderedSet+Partial\ SetAlgebra\ formIntersection.swift,\ OrderedSet+Partial\ SetAlgebra\ formSymmetricDifference.swift,\ OrderedSet+Partial\ SetAlgebra\ formUnion.swift,\ OrderedSet+Partial\ SetAlgebra\ intersection.swift /Users/jamesalford/Library/Developer/Xcode/DerivedData/NotedCore-ftviuoyqruynvwbzbngenbwxsygv/SourcePackages/checkouts/swift-collections/Sources/OrderedCollections/OrderedSet/OrderedSet+Partial\ SetAlgebra\ formIntersection.swift /Users/jamesalford/Library/Developer/Xcode/DerivedData/NotedCore-ftviuoyqruynvwbzbngenbwxsygv/SourcePackages/checkouts/swift-collections/Sources/OrderedCollections/OrderedSet/OrderedSet+Partial\ SetAlgebra\ formSymmetricDifference.swift /Users/jamesalford/Library/Developer/Xcode/DerivedData/NotedCore-ftviuoyqruynvwbzbngenbwxsygv/SourcePackages/checkouts/swift-collections/Sources/OrderedCollections/OrderedSet/OrderedSet+Partial\ SetAlgebra\ formUnion.swift /Users/jamesalford/Library/Developer/Xcode/DerivedData/NotedCore-ftviuoyqruynvwbzbngenbwxsygv/SourcePackages/checkouts/swift-collections/Sources/OrderedCollections/OrderedSet/OrderedSet+Partial\ SetAlgebra\ intersection.swift (in target 'OrderedCollections' from project 'swift-collections')

SwiftCompile normal arm64 /Users/jamesalford/Library/Developer/Xcode/DerivedData/NotedCore-ftviuoyqruynvwbzbngenbwxsygv/SourcePackages/checkouts/swift-collections/Sources/OrderedCollections/OrderedSet/OrderedSet+Partial\ SetAlgebra\ formIntersection.swift (in target 'OrderedCollections' from project 'swift-collections')
    cd /Users/jamesalford/Documents/NotedCore/NotedCore.xcodeproj
    

SwiftCompile normal arm64 /Users/jamesalford/Library/Developer/Xcode/DerivedData/NotedCore-ftviuoyqruynvwbzbngenbwxsygv/SourcePackages/checkouts/swift-collections/Sources/OrderedCollections/OrderedSet/OrderedSet+Partial\ SetAlgebra\ formSymmetricDifference.swift (in target 'OrderedCollections' from project 'swift-collections')
    cd /Users/jamesalford/Documents/NotedCore/NotedCore.xcodeproj
    

SwiftCompile normal arm64 /Users/jamesalford/Library/Developer/Xcode/DerivedData/NotedCore-ftviuoyqruynvwbzbngenbwxsygv/SourcePackages/checkouts/swift-collections/Sources/OrderedCollections/OrderedSet/OrderedSet+Partial\ SetAlgebra\ formUnion.swift (in target 'OrderedCollections' from project 'swift-collections')
    cd /Users/jamesalford/Documents/NotedCore/NotedCore.xcodeproj
    

SwiftCompile normal arm64 /Users/jamesalford/Library/Developer/Xcode/DerivedData/NotedCore-ftviuoyqruynvwbzbngenbwxsygv/SourcePackages/checkouts/swift-collections/Sources/OrderedCollections/OrderedSet/OrderedSet+Partial\ SetAlgebra\ intersection.swift (in target 'OrderedCollections' from project 'swift-collections')
    cd /Users/jamesalford/Documents/NotedCore/NotedCore.xcodeproj
    

SwiftDriverJobDiscovery normal arm64 Compiling HubApi.swift (in target 'Hub' from project 'swift-transformers')

Ld /Users/jamesalford/Library/Developer/Xcode/DerivedData/NotedCore-ftviuoyqruynvwbzbngenbwxsygv/Build/Intermediates.noindex/NotedCore.build/Debug-watchsimulator/NotedWatch\ Watch\ App.build/Objects-normal/x86_64/Binary/NotedWatch\ Watch\ App normal x86_64 (in target 'NotedWatch Watch App' from project 'NotedCore')
    cd /Users/jamesalford/Documents/NotedCore
    /Applications/Xcode.app/Contents/Developer/Toolchains/XcodeDefault.xctoolchain/usr/bin/clang -Xlinker -reproducible -target x86_64-apple-watchos26.0-simulator -isysroot /Applications/Xcode.app/Contents/Developer/Platforms/WatchSimulator.platform/Developer/SDKs/WatchSimulator26.0.sdk -O0 -L/Users/jamesalford/Library/Developer/Xcode/DerivedData/NotedCore-ftviuoyqruynvwbzbngenbwxsygv/Build/Products/Debug-watchsimulator -F/Users/jamesalford/Library/Developer/Xcode/DerivedData/NotedCore-ftviuoyqruynvwbzbngenbwxsygv/Build/Products/Debug-watchsimulator -Xlinker -rpath -Xlinker @executable_path -Xlinker -rpath -Xlinker @executable_path/Frameworks -rdynamic -Xlinker -no_deduplicate -Xlinker -objc_abi_version -Xlinker 2 -Xlinker -debug_variant -e ___debug_blank_executor_main -Xlinker -sectcreate -Xlinker __TEXT -Xlinker __debug_dylib -Xlinker /Users/jamesalford/Library/Developer/Xcode/DerivedData/NotedCore-ftviuoyqruynvwbzbngenbwxsygv/Build/Intermediates.noindex/NotedCore.build/Debug-watchsimulator/NotedWatch\ Watch\ App.build/NotedWatch\ Watch\ App-DebugDylibPath-normal-x86_64.txt -Xlinker -sectcreate -Xlinker __TEXT -Xlinker __debug_instlnm -Xlinker /Users/jamesalford/Library/Developer/Xcode/DerivedData/NotedCore-ftviuoyqruynvwbzbngenbwxsygv/Build/Intermediates.noindex/NotedCore.build/Debug-watchsimulator/NotedWatch\ Watch\ App.build/NotedWatch\ Watch\ App-DebugDylibInstallName-normal-x86_64.txt -Xlinker -filelist -Xlinker /Users/jamesalford/Library/Developer/Xcode/DerivedData/NotedCore-ftviuoyqruynvwbzbngenbwxsygv/Build/Intermediates.noindex/NotedCore.build/Debug-watchsimulator/NotedWatch\ Watch\ App.build/NotedWatch\ Watch\ App-ExecutorLinkFileList-normal-x86_64.txt -Xlinker -sectcreate -Xlinker __TEXT -Xlinker __entitlements -Xlinker /Users/jamesalford/Library/Developer/Xcode/DerivedData/NotedCore-ftviuoyqruynvwbzbngenbwxsygv/Build/Intermediates.noindex/NotedCore.build/Debug-watchsimulator/NotedWatch\ Watch\ App.build/NotedWatch\ Watch\ App.app-Simulated.xcent -Xlinker -sectcreate -Xlinker __TEXT -Xlinker __ents_der -Xlinker /Users/jamesalford/Library/Developer/Xcode/DerivedData/NotedCore-ftviuoyqruynvwbzbngenbwxsygv/Build/Intermediates.noindex/NotedCore.build/Debug-watchsimulator/NotedWatch\ Watch\ App.build/NotedWatch\ Watch\ App.app-Simulated.xcent.der /Users/jamesalford/Library/Developer/Xcode/DerivedData/NotedCore-ftviuoyqruynvwbzbngenbwxsygv/Build/Intermediates.noindex/NotedCore.build/Debug-watchsimulator/NotedWatch\ Watch\ App.build/Objects-normal/x86_64/Binary/NotedWatch\ Watch\ App.debug.dylib -Xlinker -no_adhoc_codesign -o /Users/jamesalford/Library/Developer/Xcode/DerivedData/NotedCore-ftviuoyqruynvwbzbngenbwxsygv/Build/Intermediates.noindex/NotedCore.build/Debug-watchsimulator/NotedWatch\ Watch\ App.build/Objects-normal/x86_64/Binary/NotedWatch\ Watch\ App

SwiftDriverJobDiscovery normal arm64 Emitting module for ComplexModule (in target 'ComplexModule' from project 'swift-numerics')

SwiftDriver\ Compilation\ Requirements ComplexModule normal arm64 com.apple.xcode.tools.swift.compiler (in target 'ComplexModule' from project 'swift-numerics')
    cd /Users/jamesalford/Documents/NotedCore/NotedCore.xcodeproj
    builtin-Swift-Compilation-Requirements -- /Applications/Xcode.app/Contents/Developer/Toolchains/XcodeDefault.xctoolchain/usr/bin/swiftc -module-name ComplexModule -Onone -enforce-exclusivity\=checked @/Users/jamesalford/Library/Developer/Xcode/DerivedData/NotedCore-ftviuoyqruynvwbzbngenbwxsygv/Build/Intermediates.noindex/swift-numerics.build/Debug-iphonesimulator/ComplexModule.build/Objects-normal/arm64/ComplexModule.SwiftFileList -DSWIFT_PACKAGE -DDEBUG -DSWIFT_MODULE_RESOURCE_BUNDLE_UNAVAILABLE -DXcode -plugin-path /Applications/Xcode.app/Contents/Developer/Toolchains/XcodeDefault.xctoolchain/usr/lib/swift/host/plugins/testing -enable-experimental-feature DebugDescriptionMacro -sdk /Applications/Xcode.app/Contents/Developer/Platforms/iPhoneSimulator.platform/Developer/SDKs/iPhoneSimulator26.0.sdk -target arm64-apple-ios12.0-simulator -g -module-cache-path /Users/jamesalford/Library/Developer/Xcode/DerivedData/ModuleCache.noindex -Xfrontend -serialize-debugging-options -profile-coverage-mapping -profile-generate -enable-testing -suppress-warnings -index-store-path /Users/jamesalford/Library/Developer/Xcode/DerivedData/NotedCore-ftviuoyqruynvwbzbngenbwxsygv/Index.noindex/DataStore -Xcc -D_LIBCPP_HARDENING_MODE\=_LIBCPP_HARDENING_MODE_DEBUG -swift-version 5 -I /Users/jamesalford/Library/Developer/Xcode/DerivedData/NotedCore-ftviuoyqruynvwbzbngenbwxsygv/Build/Products/Debug-iphonesimulator -Isystem /Applications/Xcode.app/Contents/Developer/Platforms/iPhoneSimulator.platform/Developer/usr/lib -F /Users/jamesalford/Library/Developer/Xcode/DerivedData/NotedCore-ftviuoyqruynvwbzbngenbwxsygv/Build/Products/Debug-iphonesimulator/PackageFrameworks -F /Users/jamesalford/Library/Developer/Xcode/DerivedData/NotedCore-ftviuoyqruynvwbzbngenbwxsygv/Build/Products/Debug-iphonesimulator/PackageFrameworks -F /Users/jamesalford/Library/Developer/Xcode/DerivedData/NotedCore-ftviuoyqruynvwbzbngenbwxsygv/Build/Products/Debug-iphonesimulator -F /Applications/Xcode.app/Contents/Developer/Platforms/iPhoneSimulator.platform/Developer/Library/Frameworks -F /Applications/Xcode.app/Contents/Developer/Platforms/iPhoneSimulator.platform/Developer/SDKs/iPhoneSimulator26.0.sdk/Developer/Library/Frameworks -c -j14 -enable-batch-mode -incremental -Xcc -ivfsstatcache -Xcc /Users/jamesalford/Library/Developer/Xcode/DerivedData/SDKStatCaches.noindex/iphonesimulator26.0-23A339-3885c01c3e6b6a337905948deab2002e26257891a6c027eb51374368541b8346.sdkstatcache -output-file-map /Users/jamesalford/Library/Developer/Xcode/DerivedData/NotedCore-ftviuoyqruynvwbzbngenbwxsygv/Build/Intermediates.noindex/swift-numerics.build/Debug-iphonesimulator/ComplexModule.build/Objects-normal/arm64/ComplexModule-OutputFileMap.json -use-frontend-parseable-output -save-temps -no-color-diagnostics -explicit-module-build -module-cache-path /Users/jamesalford/Library/Developer/Xcode/DerivedData/NotedCore-ftviuoyqruynvwbzbngenbwxsygv/Build/Intermediates.noindex/SwiftExplicitPrecompiledModules -clang-scanner-module-cache-path /Users/jamesalford/Library/Developer/Xcode/DerivedData/ModuleCache.noindex -sdk-module-cache-path /Users/jamesalford/Library/Developer/Xcode/DerivedData/ModuleCache.noindex -serialize-diagnostics -emit-dependencies -emit-module -emit-module-path /Users/jamesalford/Library/Developer/Xcode/DerivedData/NotedCore-ftviuoyqruynvwbzbngenbwxsygv/Build/Intermediates.noindex/swift-numerics.build/Debug-iphonesimulator/ComplexModule.build/Objects-normal/arm64/ComplexModule.swiftmodule -validate-clang-modules-once -clang-build-session-file /Users/jamesalford/Library/Developer/Xcode/DerivedData/ModuleCache.noindex/Session.modulevalidation -package-name swift_numerics -Xcc -I/Users/jamesalford/Library/Developer/Xcode/DerivedData/NotedCore-ftviuoyqruynvwbzbngenbwxsygv/Build/Intermediates.noindex/swift-numerics.build/Debug-iphonesimulator/ComplexModule.build/swift-overrides.hmap -emit-const-values -Xfrontend -const-gather-protocols-file -Xfrontend /Users/jamesalford/Library/Developer/Xcode/DerivedData/NotedCore-ftviuoyqruynvwbzbngenbwxsygv/Build/Intermediates.noindex/swift-numerics.build/Debug-iphonesimulator/ComplexModule.build/Objects-normal/arm64/ComplexModule_const_extract_protocols.json -Xcc -I/Users/jamesalford/Library/Developer/Xcode/DerivedData/NotedCore-ftviuoyqruynvwbzbngenbwxsygv/SourcePackages/checkouts/swift-numerics/Sources/_NumericsShims/include -Xcc -I/Users/jamesalford/Library/Developer/Xcode/DerivedData/NotedCore-ftviuoyqruynvwbzbngenbwxsygv/Build/Products/Debug-iphonesimulator/include -Xcc -I/Users/jamesalford/Library/Developer/Xcode/DerivedData/NotedCore-ftviuoyqruynvwbzbngenbwxsygv/Build/Intermediates.noindex/swift-numerics.build/Debug-iphonesimulator/ComplexModule.build/DerivedSources-normal/arm64 -Xcc -I/Users/jamesalford/Library/Developer/Xcode/DerivedData/NotedCore-ftviuoyqruynvwbzbngenbwxsygv/Build/Intermediates.noindex/swift-numerics.build/Debug-iphonesimulator/ComplexModule.build/DerivedSources/arm64 -Xcc -I/Users/jamesalford/Library/Developer/Xcode/DerivedData/NotedCore-ftviuoyqruynvwbzbngenbwxsygv/Build/Intermediates.noindex/swift-numerics.build/Debug-iphonesimulator/ComplexModule.build/DerivedSources -Xcc -DSWIFT_PACKAGE -Xcc -DDEBUG\=1 -emit-objc-header -emit-objc-header-path /Users/jamesalford/Library/Developer/Xcode/DerivedData/NotedCore-ftviuoyqruynvwbzbngenbwxsygv/Build/Intermediates.noindex/swift-numerics.build/Debug-iphonesimulator/ComplexModule.build/Objects-normal/arm64/ComplexModule-Swift.h -working-directory /Users/jamesalford/Documents/NotedCore/NotedCore.xcodeproj -experimental-emit-module-separately -disable-cmo

SwiftDriverJobDiscovery normal arm64 Compiling ToolInfo.swift (in target 'ArgumentParserToolInfo' from project 'swift-argument-parser')

PrecompileModule /Users/jamesalford/Library/Developer/Xcode/DerivedData/NotedCore-ftviuoyqruynvwbzbngenbwxsygv/Build/Intermediates.noindex/ExplicitPrecompiledModules/ObjectiveC-52DC6QOHZKDOGCHIP55SX6W3F.scan
    cd /
    builtin-precompileModule /Users/jamesalford/Library/Developer/Xcode/DerivedData/NotedCore-ftviuoyqruynvwbzbngenbwxsygv/Build/Intermediates.noindex/ExplicitPrecompiledModules/ObjectiveC-52DC6QOHZKDOGCHIP55SX6W3F.scan

SwiftMergeGeneratedHeaders /Users/jamesalford/Library/Developer/Xcode/DerivedData/NotedCore-ftviuoyqruynvwbzbngenbwxsygv/Build/Intermediates.noindex/GeneratedModuleMaps-iphonesimulator/ComplexModule-Swift.h /Users/jamesalford/Library/Developer/Xcode/DerivedData/NotedCore-ftviuoyqruynvwbzbngenbwxsygv/Build/Intermediates.noindex/swift-numerics.build/Debug-iphonesimulator/ComplexModule.build/Objects-normal/arm64/ComplexModule-Swift.h (in target 'ComplexModule' from project 'swift-numerics')
    cd /Users/jamesalford/Library/Developer/Xcode/DerivedData/NotedCore-ftviuoyqruynvwbzbngenbwxsygv/SourcePackages/checkouts/swift-numerics
    builtin-swiftHeaderTool -arch arm64 /Users/jamesalford/Library/Developer/Xcode/DerivedData/NotedCore-ftviuoyqruynvwbzbngenbwxsygv/Build/Intermediates.noindex/swift-numerics.build/Debug-iphonesimulator/ComplexModule.build/Objects-normal/arm64/ComplexModule-Swift.h -o /Users/jamesalford/Library/Developer/Xcode/DerivedData/NotedCore-ftviuoyqruynvwbzbngenbwxsygv/Build/Intermediates.noindex/GeneratedModuleMaps-iphonesimulator/ComplexModule-Swift.h

SwiftDriverJobDiscovery normal arm64 Compiling OrderedDictionary+ExpressibleByDictionaryLiteral.swift, OrderedDictionary+Hashable.swift, OrderedDictionary+Initializers.swift, OrderedDictionary+Invariants.swift, OrderedDictionary+Partial MutableCollection.swift (in target 'OrderedCollections' from project 'swift-collections')

Copy /Users/jamesalford/Library/Developer/Xcode/DerivedData/NotedCore-ftviuoyqruynvwbzbngenbwxsygv/Build/Products/Debug-iphonesimulator/ComplexModule.swiftmodule/arm64-apple-ios-simulator.swiftmodule /Users/jamesalford/Library/Developer/Xcode/DerivedData/NotedCore-ftviuoyqruynvwbzbngenbwxsygv/Build/Intermediates.noindex/swift-numerics.build/Debug-iphonesimulator/ComplexModule.build/Objects-normal/arm64/ComplexModule.swiftmodule (in target 'ComplexModule' from project 'swift-numerics')
    cd /Users/jamesalford/Library/Developer/Xcode/DerivedData/NotedCore-ftviuoyqruynvwbzbngenbwxsygv/SourcePackages/checkouts/swift-numerics
    builtin-copy -exclude .DS_Store -exclude CVS -exclude .svn -exclude .git -exclude .hg -resolve-src-symlinks -rename /Users/jamesalford/Library/Developer/Xcode/DerivedData/NotedCore-ftviuoyqruynvwbzbngenbwxsygv/Build/Intermediates.noindex/swift-numerics.build/Debug-iphonesimulator/ComplexModule.build/Objects-normal/arm64/ComplexModule.swiftmodule /Users/jamesalford/Library/Developer/Xcode/DerivedData/NotedCore-ftviuoyqruynvwbzbngenbwxsygv/Build/Products/Debug-iphonesimulator/ComplexModule.swiftmodule/arm64-apple-ios-simulator.swiftmodule

Copy /Users/jamesalford/Library/Developer/Xcode/DerivedData/NotedCore-ftviuoyqruynvwbzbngenbwxsygv/Build/Products/Debug-iphonesimulator/ComplexModule.swiftmodule/arm64-apple-ios-simulator.swiftdoc /Users/jamesalford/Library/Developer/Xcode/DerivedData/NotedCore-ftviuoyqruynvwbzbngenbwxsygv/Build/Intermediates.noindex/swift-numerics.build/Debug-iphonesimulator/ComplexModule.build/Objects-normal/arm64/ComplexModule.swiftdoc (in target 'ComplexModule' from project 'swift-numerics')
    cd /Users/jamesalford/Library/Developer/Xcode/DerivedData/NotedCore-ftviuoyqruynvwbzbngenbwxsygv/SourcePackages/checkouts/swift-numerics
    builtin-copy -exclude .DS_Store -exclude CVS -exclude .svn -exclude .git -exclude .hg -resolve-src-symlinks -rename /Users/jamesalford/Library/Developer/Xcode/DerivedData/NotedCore-ftviuoyqruynvwbzbngenbwxsygv/Build/Intermediates.noindex/swift-numerics.build/Debug-iphonesimulator/ComplexModule.build/Objects-normal/arm64/ComplexModule.swiftdoc /Users/jamesalford/Library/Developer/Xcode/DerivedData/NotedCore-ftviuoyqruynvwbzbngenbwxsygv/Build/Products/Debug-iphonesimulator/ComplexModule.swiftmodule/arm64-apple-ios-simulator.swiftdoc

Copy /Users/jamesalford/Library/Developer/Xcode/DerivedData/NotedCore-ftviuoyqruynvwbzbngenbwxsygv/Build/Products/Debug-iphonesimulator/ComplexModule.swiftmodule/arm64-apple-ios-simulator.abi.json /Users/jamesalford/Library/Developer/Xcode/DerivedData/NotedCore-ftviuoyqruynvwbzbngenbwxsygv/Build/Intermediates.noindex/swift-numerics.build/Debug-iphonesimulator/ComplexModule.build/Objects-normal/arm64/ComplexModule.abi.json (in target 'ComplexModule' from project 'swift-numerics')
    cd /Users/jamesalford/Library/Developer/Xcode/DerivedData/NotedCore-ftviuoyqruynvwbzbngenbwxsygv/SourcePackages/checkouts/swift-numerics
    builtin-copy -exclude .DS_Store -exclude CVS -exclude .svn -exclude .git -exclude .hg -resolve-src-symlinks -rename /Users/jamesalford/Library/Developer/Xcode/DerivedData/NotedCore-ftviuoyqruynvwbzbngenbwxsygv/Build/Intermediates.noindex/swift-numerics.build/Debug-iphonesimulator/ComplexModule.build/Objects-normal/arm64/ComplexModule.abi.json /Users/jamesalford/Library/Developer/Xcode/DerivedData/NotedCore-ftviuoyqruynvwbzbngenbwxsygv/Build/Products/Debug-iphonesimulator/ComplexModule.swiftmodule/arm64-apple-ios-simulator.abi.json

Copy /Users/jamesalford/Library/Developer/Xcode/DerivedData/NotedCore-ftviuoyqruynvwbzbngenbwxsygv/Build/Products/Debug-iphonesimulator/ComplexModule.swiftmodule/Project/arm64-apple-ios-simulator.swiftsourceinfo /Users/jamesalford/Library/Developer/Xcode/DerivedData/NotedCore-ftviuoyqruynvwbzbngenbwxsygv/Build/Intermediates.noindex/swift-numerics.build/Debug-iphonesimulator/ComplexModule.build/Objects-normal/arm64/ComplexModule.swiftsourceinfo (in target 'ComplexModule' from project 'swift-numerics')
    cd /Users/jamesalford/Library/Developer/Xcode/DerivedData/NotedCore-ftviuoyqruynvwbzbngenbwxsygv/SourcePackages/checkouts/swift-numerics
    builtin-copy -exclude .DS_Store -exclude CVS -exclude .svn -exclude .git -exclude .hg -resolve-src-symlinks -rename /Users/jamesalford/Library/Developer/Xcode/DerivedData/NotedCore-ftviuoyqruynvwbzbngenbwxsygv/Build/Intermediates.noindex/swift-numerics.build/Debug-iphonesimulator/ComplexModule.build/Objects-normal/arm64/ComplexModule.swiftsourceinfo /Users/jamesalford/Library/Developer/Xcode/DerivedData/NotedCore-ftviuoyqruynvwbzbngenbwxsygv/Build/Products/Debug-iphonesimulator/ComplexModule.swiftmodule/Project/arm64-apple-ios-simulator.swiftsourceinfo

SwiftCompile normal arm64 Compiling\ OrderedSet+Insertions.swift,\ OrderedSet+Invariants.swift,\ OrderedSet+Partial\ MutableCollection.swift,\ OrderedSet+Partial\ RangeReplaceableCollection.swift /Users/jamesalford/Library/Developer/Xcode/DerivedData/NotedCore-ftviuoyqruynvwbzbngenbwxsygv/SourcePackages/checkouts/swift-collections/Sources/OrderedCollections/OrderedSet/OrderedSet+Insertions.swift /Users/jamesalford/Library/Developer/Xcode/DerivedData/NotedCore-ftviuoyqruynvwbzbngenbwxsygv/SourcePackages/checkouts/swift-collections/Sources/OrderedCollections/OrderedSet/OrderedSet+Invariants.swift /Users/jamesalford/Library/Developer/Xcode/DerivedData/NotedCore-ftviuoyqruynvwbzbngenbwxsygv/SourcePackages/checkouts/swift-collections/Sources/OrderedCollections/OrderedSet/OrderedSet+Partial\ MutableCollection.swift /Users/jamesalford/Library/Developer/Xcode/DerivedData/NotedCore-ftviuoyqruynvwbzbngenbwxsygv/SourcePackages/checkouts/swift-collections/Sources/OrderedCollections/OrderedSet/OrderedSet+Partial\ RangeReplaceableCollection.swift (in target 'OrderedCollections' from project 'swift-collections')

SwiftCompile normal arm64 /Users/jamesalford/Library/Developer/Xcode/DerivedData/NotedCore-ftviuoyqruynvwbzbngenbwxsygv/SourcePackages/checkouts/swift-collections/Sources/OrderedCollections/OrderedSet/OrderedSet+Insertions.swift (in target 'OrderedCollections' from project 'swift-collections')
    cd /Users/jamesalford/Documents/NotedCore/NotedCore.xcodeproj
    

SwiftCompile normal arm64 /Users/jamesalford/Library/Developer/Xcode/DerivedData/NotedCore-ftviuoyqruynvwbzbngenbwxsygv/SourcePackages/checkouts/swift-collections/Sources/OrderedCollections/OrderedSet/OrderedSet+Invariants.swift (in target 'OrderedCollections' from project 'swift-collections')
    cd /Users/jamesalford/Documents/NotedCore/NotedCore.xcodeproj
    

SwiftCompile normal arm64 /Users/jamesalford/Library/Developer/Xcode/DerivedData/NotedCore-ftviuoyqruynvwbzbngenbwxsygv/SourcePackages/checkouts/swift-collections/Sources/OrderedCollections/OrderedSet/OrderedSet+Partial\ MutableCollection.swift (in target 'OrderedCollections' from project 'swift-collections')
    cd /Users/jamesalford/Documents/NotedCore/NotedCore.xcodeproj
    

SwiftCompile normal arm64 /Users/jamesalford/Library/Developer/Xcode/DerivedData/NotedCore-ftviuoyqruynvwbzbngenbwxsygv/SourcePackages/checkouts/swift-collections/Sources/OrderedCollections/OrderedSet/OrderedSet+Partial\ RangeReplaceableCollection.swift (in target 'OrderedCollections' from project 'swift-collections')
    cd /Users/jamesalford/Documents/NotedCore/NotedCore.xcodeproj
    

SwiftCompile normal arm64 Compiling\ OrderedSet+Partial\ SetAlgebra\ symmetricDifference.swift,\ OrderedSet+Partial\ SetAlgebra\ union.swift,\ OrderedSet+Partial\ SetAlgebra+Basics.swift,\ OrderedSet+RandomAccessCollection.swift /Users/jamesalford/Library/Developer/Xcode/DerivedData/NotedCore-ftviuoyqruynvwbzbngenbwxsygv/SourcePackages/checkouts/swift-collections/Sources/OrderedCollections/OrderedSet/OrderedSet+Partial\ SetAlgebra\ symmetricDifference.swift /Users/jamesalford/Library/Developer/Xcode/DerivedData/NotedCore-ftviuoyqruynvwbzbngenbwxsygv/SourcePackages/checkouts/swift-collections/Sources/OrderedCollections/OrderedSet/OrderedSet+Partial\ SetAlgebra\ union.swift /Users/jamesalford/Library/Developer/Xcode/DerivedData/NotedCore-ftviuoyqruynvwbzbngenbwxsygv/SourcePackages/checkouts/swift-collections/Sources/OrderedCollections/OrderedSet/OrderedSet+Partial\ SetAlgebra+Basics.swift /Users/jamesalford/Library/Developer/Xcode/DerivedData/NotedCore-ftviuoyqruynvwbzbngenbwxsygv/SourcePackages/checkouts/swift-collections/Sources/OrderedCollections/OrderedSet/OrderedSet+RandomAccessCollection.swift (in target 'OrderedCollections' from project 'swift-collections')

SwiftCompile normal arm64 /Users/jamesalford/Library/Developer/Xcode/DerivedData/NotedCore-ftviuoyqruynvwbzbngenbwxsygv/SourcePackages/checkouts/swift-collections/Sources/OrderedCollections/OrderedSet/OrderedSet+Partial\ SetAlgebra\ symmetricDifference.swift (in target 'OrderedCollections' from project 'swift-collections')
    cd /Users/jamesalford/Documents/NotedCore/NotedCore.xcodeproj
    

SwiftCompile normal arm64 /Users/jamesalford/Library/Developer/Xcode/DerivedData/NotedCore-ftviuoyqruynvwbzbngenbwxsygv/SourcePackages/checkouts/swift-collections/Sources/OrderedCollections/OrderedSet/OrderedSet+Partial\ SetAlgebra\ union.swift (in target 'OrderedCollections' from project 'swift-collections')
    cd /Users/jamesalford/Documents/NotedCore/NotedCore.xcodeproj
    

SwiftCompile normal arm64 /Users/jamesalford/Library/Developer/Xcode/DerivedData/NotedCore-ftviuoyqruynvwbzbngenbwxsygv/SourcePackages/checkouts/swift-collections/Sources/OrderedCollections/OrderedSet/OrderedSet+Partial\ SetAlgebra+Basics.swift (in target 'OrderedCollections' from project 'swift-collections')
    cd /Users/jamesalford/Documents/NotedCore/NotedCore.xcodeproj
    

SwiftCompile normal arm64 /Users/jamesalford/Library/Developer/Xcode/DerivedData/NotedCore-ftviuoyqruynvwbzbngenbwxsygv/SourcePackages/checkouts/swift-collections/Sources/OrderedCollections/OrderedSet/OrderedSet+RandomAccessCollection.swift (in target 'OrderedCollections' from project 'swift-collections')
    cd /Users/jamesalford/Documents/NotedCore/NotedCore.xcodeproj
    

SwiftDriverJobDiscovery normal arm64 Compiling OrderedSet+Equatable.swift, OrderedSet+ExpressibleByArrayLiteral.swift, OrderedSet+Hashable.swift, OrderedSet+Initializers.swift (in target 'OrderedCollections' from project 'swift-collections')

SwiftCompile normal arm64 Compiling\ OrderedDictionary+Partial\ RangeReplaceableCollection.swift,\ OrderedDictionary+Sendable.swift,\ OrderedDictionary+Sequence.swift,\ OrderedDictionary+Values.swift,\ OrderedDictionary.swift /Users/jamesalford/Library/Developer/Xcode/DerivedData/NotedCore-ftviuoyqruynvwbzbngenbwxsygv/SourcePackages/checkouts/swift-collections/Sources/OrderedCollections/OrderedDictionary/OrderedDictionary+Partial\ RangeReplaceableCollection.swift /Users/jamesalford/Library/Developer/Xcode/DerivedData/NotedCore-ftviuoyqruynvwbzbngenbwxsygv/SourcePackages/checkouts/swift-collections/Sources/OrderedCollections/OrderedDictionary/OrderedDictionary+Sendable.swift /Users/jamesalford/Library/Developer/Xcode/DerivedData/NotedCore-ftviuoyqruynvwbzbngenbwxsygv/SourcePackages/checkouts/swift-collections/Sources/OrderedCollections/OrderedDictionary/OrderedDictionary+Sequence.swift /Users/jamesalford/Library/Developer/Xcode/DerivedData/NotedCore-ftviuoyqruynvwbzbngenbwxsygv/SourcePackages/checkouts/swift-collections/Sources/OrderedCollections/OrderedDictionary/OrderedDictionary+Values.swift /Users/jamesalford/Library/Developer/Xcode/DerivedData/NotedCore-ftviuoyqruynvwbzbngenbwxsygv/SourcePackages/checkouts/swift-collections/Sources/OrderedCollections/OrderedDictionary/OrderedDictionary.swift (in target 'OrderedCollections' from project 'swift-collections')

SwiftCompile normal arm64 /Users/jamesalford/Library/Developer/Xcode/DerivedData/NotedCore-ftviuoyqruynvwbzbngenbwxsygv/SourcePackages/checkouts/swift-collections/Sources/OrderedCollections/OrderedDictionary/OrderedDictionary+Partial\ RangeReplaceableCollection.swift (in target 'OrderedCollections' from project 'swift-collections')
    cd /Users/jamesalford/Documents/NotedCore/NotedCore.xcodeproj
    

SwiftCompile normal arm64 /Users/jamesalford/Library/Developer/Xcode/DerivedData/NotedCore-ftviuoyqruynvwbzbngenbwxsygv/SourcePackages/checkouts/swift-collections/Sources/OrderedCollections/OrderedDictionary/OrderedDictionary+Sendable.swift (in target 'OrderedCollections' from project 'swift-collections')
    cd /Users/jamesalford/Documents/NotedCore/NotedCore.xcodeproj
    

SwiftCompile normal arm64 /Users/jamesalford/Library/Developer/Xcode/DerivedData/NotedCore-ftviuoyqruynvwbzbngenbwxsygv/SourcePackages/checkouts/swift-collections/Sources/OrderedCollections/OrderedDictionary/OrderedDictionary+Sequence.swift (in target 'OrderedCollections' from project 'swift-collections')
    cd /Users/jamesalford/Documents/NotedCore/NotedCore.xcodeproj
    

SwiftCompile normal arm64 /Users/jamesalford/Library/Developer/Xcode/DerivedData/NotedCore-ftviuoyqruynvwbzbngenbwxsygv/SourcePackages/checkouts/swift-collections/Sources/OrderedCollections/OrderedDictionary/OrderedDictionary+Values.swift (in target 'OrderedCollections' from project 'swift-collections')
    cd /Users/jamesalford/Documents/NotedCore/NotedCore.xcodeproj
    

SwiftCompile normal arm64 /Users/jamesalford/Library/Developer/Xcode/DerivedData/NotedCore-ftviuoyqruynvwbzbngenbwxsygv/SourcePackages/checkouts/swift-collections/Sources/OrderedCollections/OrderedDictionary/OrderedDictionary.swift (in target 'OrderedCollections' from project 'swift-collections')
    cd /Users/jamesalford/Documents/NotedCore/NotedCore.xcodeproj
    

CreateUniversalBinary /Users/jamesalford/Library/Developer/Xcode/DerivedData/NotedCore-ftviuoyqruynvwbzbngenbwxsygv/Build/Products/Debug-watchsimulator/NotedWatch\ Watch\ App.app/NotedWatch\ Watch\ App normal arm64\ x86_64 (in target 'NotedWatch Watch App' from project 'NotedCore')
    cd /Users/jamesalford/Documents/NotedCore
    /Applications/Xcode.app/Contents/Developer/Toolchains/XcodeDefault.xctoolchain/usr/bin/lipo -create /Users/jamesalford/Library/Developer/Xcode/DerivedData/NotedCore-ftviuoyqruynvwbzbngenbwxsygv/Build/Intermediates.noindex/NotedCore.build/Debug-watchsimulator/NotedWatch\ Watch\ App.build/Objects-normal/arm64/Binary/NotedWatch\ Watch\ App /Users/jamesalford/Library/Developer/Xcode/DerivedData/NotedCore-ftviuoyqruynvwbzbngenbwxsygv/Build/Intermediates.noindex/NotedCore.build/Debug-watchsimulator/NotedWatch\ Watch\ App.build/Objects-normal/x86_64/Binary/NotedWatch\ Watch\ App -output /Users/jamesalford/Library/Developer/Xcode/DerivedData/NotedCore-ftviuoyqruynvwbzbngenbwxsygv/Build/Products/Debug-watchsimulator/NotedWatch\ Watch\ App.app/NotedWatch\ Watch\ App

SwiftCompile normal arm64 Compiling\ OrderedSet+Partial\ SetAlgebra\ isDisjoint.swift,\ OrderedSet+Partial\ SetAlgebra\ isEqualSet.swift,\ OrderedSet+Partial\ SetAlgebra\ isStrictSubset.swift,\ OrderedSet+Partial\ SetAlgebra\ isStrictSuperset.swift /Users/jamesalford/Library/Developer/Xcode/DerivedData/NotedCore-ftviuoyqruynvwbzbngenbwxsygv/SourcePackages/checkouts/swift-collections/Sources/OrderedCollections/OrderedSet/OrderedSet+Partial\ SetAlgebra\ isDisjoint.swift /Users/jamesalford/Library/Developer/Xcode/DerivedData/NotedCore-ftviuoyqruynvwbzbngenbwxsygv/SourcePackages/checkouts/swift-collections/Sources/OrderedCollections/OrderedSet/OrderedSet+Partial\ SetAlgebra\ isEqualSet.swift /Users/jamesalford/Library/Developer/Xcode/DerivedData/NotedCore-ftviuoyqruynvwbzbngenbwxsygv/SourcePackages/checkouts/swift-collections/Sources/OrderedCollections/OrderedSet/OrderedSet+Partial\ SetAlgebra\ isStrictSubset.swift /Users/jamesalford/Library/Developer/Xcode/DerivedData/NotedCore-ftviuoyqruynvwbzbngenbwxsygv/SourcePackages/checkouts/swift-collections/Sources/OrderedCollections/OrderedSet/OrderedSet+Partial\ SetAlgebra\ isStrictSuperset.swift (in target 'OrderedCollections' from project 'swift-collections')

SwiftCompile normal arm64 /Users/jamesalford/Library/Developer/Xcode/DerivedData/NotedCore-ftviuoyqruynvwbzbngenbwxsygv/SourcePackages/checkouts/swift-collections/Sources/OrderedCollections/OrderedSet/OrderedSet+Partial\ SetAlgebra\ isDisjoint.swift (in target 'OrderedCollections' from project 'swift-collections')
    cd /Users/jamesalford/Documents/NotedCore/NotedCore.xcodeproj
    

SwiftCompile normal arm64 /Users/jamesalford/Library/Developer/Xcode/DerivedData/NotedCore-ftviuoyqruynvwbzbngenbwxsygv/SourcePackages/checkouts/swift-collections/Sources/OrderedCollections/OrderedSet/OrderedSet+Partial\ SetAlgebra\ isEqualSet.swift (in target 'OrderedCollections' from project 'swift-collections')
    cd /Users/jamesalford/Documents/NotedCore/NotedCore.xcodeproj
    

SwiftCompile normal arm64 /Users/jamesalford/Library/Developer/Xcode/DerivedData/NotedCore-ftviuoyqruynvwbzbngenbwxsygv/SourcePackages/checkouts/swift-collections/Sources/OrderedCollections/OrderedSet/OrderedSet+Partial\ SetAlgebra\ isStrictSubset.swift (in target 'OrderedCollections' from project 'swift-collections')
    cd /Users/jamesalford/Documents/NotedCore/NotedCore.xcodeproj
    

SwiftCompile normal arm64 /Users/jamesalford/Library/Developer/Xcode/DerivedData/NotedCore-ftviuoyqruynvwbzbngenbwxsygv/SourcePackages/checkouts/swift-collections/Sources/OrderedCollections/OrderedSet/OrderedSet+Partial\ SetAlgebra\ isStrictSuperset.swift (in target 'OrderedCollections' from project 'swift-collections')
    cd /Users/jamesalford/Documents/NotedCore/NotedCore.xcodeproj
    

PrecompileModule /Users/jamesalford/Library/Developer/Xcode/DerivedData/NotedCore-ftviuoyqruynvwbzbngenbwxsygv/Build/Intermediates.noindex/ExplicitPrecompiledModules/os_object-365X9YWS5NPESZ7D9LS55PCZ0.scan
    cd /
    builtin-precompileModule /Users/jamesalford/Library/Developer/Xcode/DerivedData/NotedCore-ftviuoyqruynvwbzbngenbwxsygv/Build/Intermediates.noindex/ExplicitPrecompiledModules/os_object-365X9YWS5NPESZ7D9LS55PCZ0.scan

PrecompileModule /Users/jamesalford/Library/Developer/Xcode/DerivedData/NotedCore-ftviuoyqruynvwbzbngenbwxsygv/Build/Intermediates.noindex/ExplicitPrecompiledModules/os_workgroup-4894CGMM5BRT0WHUU7XDFCF8H.scan
    cd /
    builtin-precompileModule /Users/jamesalford/Library/Developer/Xcode/DerivedData/NotedCore-ftviuoyqruynvwbzbngenbwxsygv/Build/Intermediates.noindex/ExplicitPrecompiledModules/os_workgroup-4894CGMM5BRT0WHUU7XDFCF8H.scan

SwiftDriver\ Compilation Hub normal arm64 com.apple.xcode.tools.swift.compiler (in target 'Hub' from project 'swift-transformers')
    cd /Users/jamesalford/Documents/NotedCore/NotedCore.xcodeproj
    builtin-Swift-Compilation -- /Applications/Xcode.app/Contents/Developer/Toolchains/XcodeDefault.xctoolchain/usr/bin/swiftc -module-name Hub -Onone -enforce-exclusivity\=checked @/Users/jamesalford/Library/Developer/Xcode/DerivedData/NotedCore-ftviuoyqruynvwbzbngenbwxsygv/Build/Intermediates.noindex/swift-transformers.build/Debug-iphonesimulator/Hub.build/Objects-normal/arm64/Hub.SwiftFileList -DSWIFT_PACKAGE -DDEBUG -DSWIFT_MODULE_RESOURCE_BUNDLE_AVAILABLE -DXcode -plugin-path /Applications/Xcode.app/Contents/Developer/Toolchains/XcodeDefault.xctoolchain/usr/lib/swift/host/plugins/testing -enable-experimental-feature DebugDescriptionMacro -sdk /Applications/Xcode.app/Contents/Developer/Platforms/iPhoneSimulator.platform/Developer/SDKs/iPhoneSimulator26.0.sdk -target arm64-apple-ios16.0-simulator -g -module-cache-path /Users/jamesalford/Library/Developer/Xcode/DerivedData/ModuleCache.noindex -Xfrontend -serialize-debugging-options -profile-coverage-mapping -profile-generate -enable-testing -suppress-warnings -index-store-path /Users/jamesalford/Library/Developer/Xcode/DerivedData/NotedCore-ftviuoyqruynvwbzbngenbwxsygv/Index.noindex/DataStore -Xcc -D_LIBCPP_HARDENING_MODE\=_LIBCPP_HARDENING_MODE_DEBUG -swift-version 5 -I /Users/jamesalford/Library/Developer/Xcode/DerivedData/NotedCore-ftviuoyqruynvwbzbngenbwxsygv/Build/Products/Debug-iphonesimulator -Isystem /Applications/Xcode.app/Contents/Developer/Platforms/iPhoneSimulator.platform/Developer/usr/lib -F /Users/jamesalford/Library/Developer/Xcode/DerivedData/NotedCore-ftviuoyqruynvwbzbngenbwxsygv/Build/Products/Debug-iphonesimulator -F /Applications/Xcode.app/Contents/Developer/Platforms/iPhoneSimulator.platform/Developer/Library/Frameworks -F /Applications/Xcode.app/Contents/Developer/Platforms/iPhoneSimulator.platform/Developer/SDKs/iPhoneSimulator26.0.sdk/Developer/Library/Frameworks -c -j14 -enable-batch-mode -incremental -Xcc -ivfsstatcache -Xcc /Users/jamesalford/Library/Developer/Xcode/DerivedData/SDKStatCaches.noindex/iphonesimulator26.0-23A339-3885c01c3e6b6a337905948deab2002e26257891a6c027eb51374368541b8346.sdkstatcache -output-file-map /Users/jamesalford/Library/Developer/Xcode/DerivedData/NotedCore-ftviuoyqruynvwbzbngenbwxsygv/Build/Intermediates.noindex/swift-transformers.build/Debug-iphonesimulator/Hub.build/Objects-normal/arm64/Hub-OutputFileMap.json -use-frontend-parseable-output -save-temps -no-color-diagnostics -explicit-module-build -module-cache-path /Users/jamesalford/Library/Developer/Xcode/DerivedData/NotedCore-ftviuoyqruynvwbzbngenbwxsygv/Build/Intermediates.noindex/SwiftExplicitPrecompiledModules -clang-scanner-module-cache-path /Users/jamesalford/Library/Developer/Xcode/DerivedData/ModuleCache.noindex -sdk-module-cache-path /Users/jamesalford/Library/Developer/Xcode/DerivedData/ModuleCache.noindex -serialize-diagnostics -emit-dependencies -emit-module -emit-module-path /Users/jamesalford/Library/Developer/Xcode/DerivedData/NotedCore-ftviuoyqruynvwbzbngenbwxsygv/Build/Intermediates.noindex/swift-transformers.build/Debug-iphonesimulator/Hub.build/Objects-normal/arm64/Hub.swiftmodule -validate-clang-modules-once -clang-build-session-file /Users/jamesalford/Library/Developer/Xcode/DerivedData/ModuleCache.noindex/Session.modulevalidation -Xcc -I/Users/jamesalford/Library/Developer/Xcode/DerivedData/NotedCore-ftviuoyqruynvwbzbngenbwxsygv/Build/Intermediates.noindex/swift-transformers.build/Debug-iphonesimulator/Hub.build/swift-overrides.hmap -emit-const-values -Xfrontend -const-gather-protocols-file -Xfrontend /Users/jamesalford/Library/Developer/Xcode/DerivedData/NotedCore-ftviuoyqruynvwbzbngenbwxsygv/Build/Intermediates.noindex/swift-transformers.build/Debug-iphonesimulator/Hub.build/Objects-normal/arm64/Hub_const_extract_protocols.json -Xcc -I/Users/jamesalford/Library/Developer/Xcode/DerivedData/NotedCore-ftviuoyqruynvwbzbngenbwxsygv/Build/Products/Debug-iphonesimulator/include -Xcc -I/Users/jamesalford/Library/Developer/Xcode/DerivedData/NotedCore-ftviuoyqruynvwbzbngenbwxsygv/Build/Intermediates.noindex/swift-transformers.build/Debug-iphonesimulator/Hub.build/DerivedSources-normal/arm64 -Xcc -I/Users/jamesalford/Library/Developer/Xcode/DerivedData/NotedCore-ftviuoyqruynvwbzbngenbwxsygv/Build/Intermediates.noindex/swift-transformers.build/Debug-iphonesimulator/Hub.build/DerivedSources/arm64 -Xcc -I/Users/jamesalford/Library/Developer/Xcode/DerivedData/NotedCore-ftviuoyqruynvwbzbngenbwxsygv/Build/Intermediates.noindex/swift-transformers.build/Debug-iphonesimulator/Hub.build/DerivedSources -Xcc -DSWIFT_PACKAGE -Xcc -DDEBUG\=1 -emit-objc-header -emit-objc-header-path /Users/jamesalford/Library/Developer/Xcode/DerivedData/NotedCore-ftviuoyqruynvwbzbngenbwxsygv/Build/Intermediates.noindex/swift-transformers.build/Debug-iphonesimulator/Hub.build/Objects-normal/arm64/Hub-Swift.h -working-directory /Users/jamesalford/Documents/NotedCore/NotedCore.xcodeproj -experimental-emit-module-separately -disable-cmo

SwiftDriverJobDiscovery normal arm64 Compiling OrderedSet+ReserveCapacity.swift, OrderedSet+Sendable.swift, OrderedSet+SubSequence.swift, OrderedSet+Testing.swift (in target 'OrderedCollections' from project 'swift-collections')

SwiftCompile normal arm64 Compiling\ Complex+Codable.swift /Users/jamesalford/Library/Developer/Xcode/DerivedData/NotedCore-ftviuoyqruynvwbzbngenbwxsygv/SourcePackages/checkouts/swift-numerics/Sources/ComplexModule/Complex+Codable.swift (in target 'ComplexModule' from project 'swift-numerics')

SwiftCompile normal arm64 /Users/jamesalford/Library/Developer/Xcode/DerivedData/NotedCore-ftviuoyqruynvwbzbngenbwxsygv/SourcePackages/checkouts/swift-numerics/Sources/ComplexModule/Complex+Codable.swift (in target 'ComplexModule' from project 'swift-numerics')
    cd /Users/jamesalford/Documents/NotedCore/NotedCore.xcodeproj
    

Ld /Users/jamesalford/Library/Developer/Xcode/DerivedData/NotedCore-ftviuoyqruynvwbzbngenbwxsygv/Build/Products/Debug-iphonesimulator/Hub.o normal (in target 'Hub' from project 'swift-transformers')
    cd /Users/jamesalford/Library/Developer/Xcode/DerivedData/NotedCore-ftviuoyqruynvwbzbngenbwxsygv/SourcePackages/checkouts/swift-transformers
    /Applications/Xcode.app/Contents/Developer/Toolchains/XcodeDefault.xctoolchain/usr/bin/clang -Xlinker -reproducible -target arm64-apple-ios16.0-simulator -r -isysroot /Applications/Xcode.app/Contents/Developer/Platforms/iPhoneSimulator.platform/Developer/SDKs/iPhoneSimulator26.0.sdk -O0 -w -L/Users/jamesalford/Library/Developer/Xcode/DerivedData/NotedCore-ftviuoyqruynvwbzbngenbwxsygv/Build/Intermediates.noindex/EagerLinkingTBDs/Debug-iphonesimulator -L/Users/jamesalford/Library/Developer/Xcode/DerivedData/NotedCore-ftviuoyqruynvwbzbngenbwxsygv/Build/Products/Debug-iphonesimulator -L/Applications/Xcode.app/Contents/Developer/Platforms/iPhoneSimulator.platform/Developer/usr/lib -F/Users/jamesalford/Library/Developer/Xcode/DerivedData/NotedCore-ftviuoyqruynvwbzbngenbwxsygv/Build/Intermediates.noindex/EagerLinkingTBDs/Debug-iphonesimulator -F/Users/jamesalford/Library/Developer/Xcode/DerivedData/NotedCore-ftviuoyqruynvwbzbngenbwxsygv/Build/Products/Debug-iphonesimulator -iframework /Applications/Xcode.app/Contents/Developer/Platforms/iPhoneSimulator.platform/Developer/Library/Frameworks -iframework /Applications/Xcode.app/Contents/Developer/Platforms/iPhoneSimulator.platform/Developer/SDKs/iPhoneSimulator26.0.sdk/Developer/Library/Frameworks -filelist /Users/jamesalford/Library/Developer/Xcode/DerivedData/NotedCore-ftviuoyqruynvwbzbngenbwxsygv/Build/Intermediates.noindex/swift-transformers.build/Debug-iphonesimulator/Hub.build/Objects-normal/arm64/Hub.LinkFileList -nostdlib -Xlinker -object_path_lto -Xlinker /Users/jamesalford/Library/Developer/Xcode/DerivedData/NotedCore-ftviuoyqruynvwbzbngenbwxsygv/Build/Intermediates.noindex/swift-transformers.build/Debug-iphonesimulator/Hub.build/Objects-normal/arm64/Hub_lto.o -rdynamic -Xlinker -no_deduplicate -Xlinker -objc_abi_version -Xlinker 2 -Xlinker -debug_variant -Xlinker -dependency_info -Xlinker /Users/jamesalford/Library/Developer/Xcode/DerivedData/NotedCore-ftviuoyqruynvwbzbngenbwxsygv/Build/Intermediates.noindex/swift-transformers.build/Debug-iphonesimulator/Hub.build/Objects-normal/arm64/Hub_dependency_info.dat -fobjc-link-runtime -L/Applications/Xcode.app/Contents/Developer/Toolchains/XcodeDefault.xctoolchain/usr/lib/swift/iphonesimulator -L/usr/lib/swift -Xlinker -add_ast_path -Xlinker /Users/jamesalford/Library/Developer/Xcode/DerivedData/NotedCore-ftviuoyqruynvwbzbngenbwxsygv/Build/Intermediates.noindex/swift-transformers.build/Debug-iphonesimulator/Hub.build/Objects-normal/arm64/Hub.swiftmodule @/Users/jamesalford/Library/Developer/Xcode/DerivedData/NotedCore-ftviuoyqruynvwbzbngenbwxsygv/Build/Intermediates.noindex/swift-transformers.build/Debug-iphonesimulator/Hub.build/Objects-normal/arm64/Hub-linker-args.resp -o /Users/jamesalford/Library/Developer/Xcode/DerivedData/NotedCore-ftviuoyqruynvwbzbngenbwxsygv/Build/Products/Debug-iphonesimulator/Hub.o

PrecompileModule /Users/jamesalford/Library/Developer/Xcode/DerivedData/NotedCore-ftviuoyqruynvwbzbngenbwxsygv/Build/Intermediates.noindex/ExplicitPrecompiledModules/Dispatch-BLBOC2JAWF6GK8IU47OCJCKDM.scan
    cd /
    builtin-precompileModule /Users/jamesalford/Library/Developer/Xcode/DerivedData/NotedCore-ftviuoyqruynvwbzbngenbwxsygv/Build/Intermediates.noindex/ExplicitPrecompiledModules/Dispatch-BLBOC2JAWF6GK8IU47OCJCKDM.scan

SwiftDriverJobDiscovery normal arm64 Compiling OrderedDictionary+Deprecations.swift, OrderedDictionary+Descriptions.swift, OrderedDictionary+Elements.SubSequence.swift, OrderedDictionary+Elements.swift, OrderedDictionary+Equatable.swift (in target 'OrderedCollections' from project 'swift-collections')

SwiftCompile normal arm64 Compiling\ Polar.swift /Users/jamesalford/Library/Developer/Xcode/DerivedData/NotedCore-ftviuoyqruynvwbzbngenbwxsygv/SourcePackages/checkouts/swift-numerics/Sources/ComplexModule/Polar.swift (in target 'ComplexModule' from project 'swift-numerics')

SwiftCompile normal arm64 /Users/jamesalford/Library/Developer/Xcode/DerivedData/NotedCore-ftviuoyqruynvwbzbngenbwxsygv/SourcePackages/checkouts/swift-numerics/Sources/ComplexModule/Polar.swift (in target 'ComplexModule' from project 'swift-numerics')
    cd /Users/jamesalford/Documents/NotedCore/NotedCore.xcodeproj
    

SwiftDriverJobDiscovery normal arm64 Compiling OrderedSet+Partial SetAlgebra formIntersection.swift, OrderedSet+Partial SetAlgebra formSymmetricDifference.swift, OrderedSet+Partial SetAlgebra formUnion.swift, OrderedSet+Partial SetAlgebra intersection.swift (in target 'OrderedCollections' from project 'swift-collections')

SwiftCompile normal arm64 Compiling\ Complex.swift /Users/jamesalford/Library/Developer/Xcode/DerivedData/NotedCore-ftviuoyqruynvwbzbngenbwxsygv/SourcePackages/checkouts/swift-numerics/Sources/ComplexModule/Complex.swift (in target 'ComplexModule' from project 'swift-numerics')

SwiftCompile normal arm64 /Users/jamesalford/Library/Developer/Xcode/DerivedData/NotedCore-ftviuoyqruynvwbzbngenbwxsygv/SourcePackages/checkouts/swift-numerics/Sources/ComplexModule/Complex.swift (in target 'ComplexModule' from project 'swift-numerics')
    cd /Users/jamesalford/Documents/NotedCore/NotedCore.xcodeproj
    

SwiftCompile normal arm64 Compiling\ Complex+Hashable.swift /Users/jamesalford/Library/Developer/Xcode/DerivedData/NotedCore-ftviuoyqruynvwbzbngenbwxsygv/SourcePackages/checkouts/swift-numerics/Sources/ComplexModule/Complex+Hashable.swift (in target 'ComplexModule' from project 'swift-numerics')

SwiftCompile normal arm64 /Users/jamesalford/Library/Developer/Xcode/DerivedData/NotedCore-ftviuoyqruynvwbzbngenbwxsygv/SourcePackages/checkouts/swift-numerics/Sources/ComplexModule/Complex+Hashable.swift (in target 'ComplexModule' from project 'swift-numerics')
    cd /Users/jamesalford/Documents/NotedCore/NotedCore.xcodeproj
    

PrecompileModule /Users/jamesalford/Library/Developer/Xcode/DerivedData/NotedCore-ftviuoyqruynvwbzbngenbwxsygv/Build/Intermediates.noindex/ExplicitPrecompiledModules/XPC-BH1GKBQ0HDP53BPFH3UHSWIF8.scan
    cd /
    builtin-precompileModule /Users/jamesalford/Library/Developer/Xcode/DerivedData/NotedCore-ftviuoyqruynvwbzbngenbwxsygv/Build/Intermediates.noindex/ExplicitPrecompiledModules/XPC-BH1GKBQ0HDP53BPFH3UHSWIF8.scan

SwiftDriverJobDiscovery normal arm64 Compiling OrderedSet+Partial SetAlgebra isSubset.swift, OrderedSet+Partial SetAlgebra isSuperset.swift, OrderedSet+Partial SetAlgebra subtract.swift, OrderedSet+Partial SetAlgebra subtracting.swift (in target 'OrderedCollections' from project 'swift-collections')

PrecompileModule /Users/jamesalford/Library/Developer/Xcode/DerivedData/NotedCore-ftviuoyqruynvwbzbngenbwxsygv/Build/Intermediates.noindex/ExplicitPrecompiledModules/CoreFoundation-EEWT8BCVPQLJDOBYKL8D3T5HF.scan
    cd /
    builtin-precompileModule /Users/jamesalford/Library/Developer/Xcode/DerivedData/NotedCore-ftviuoyqruynvwbzbngenbwxsygv/Build/Intermediates.noindex/ExplicitPrecompiledModules/CoreFoundation-EEWT8BCVPQLJDOBYKL8D3T5HF.scan

SwiftDriverJobDiscovery normal arm64 Compiling Complex+Codable.swift (in target 'ComplexModule' from project 'swift-numerics')

SwiftDriverJobDiscovery normal arm64 Compiling _HashTable+Bucket.swift, _HashTable+BucketIterator.swift, _HashTable+Constants.swift, _HashTable+CustomStringConvertible.swift, _HashTable+Testing.swift (in target 'OrderedCollections' from project 'swift-collections')

SwiftCompile normal arm64 Compiling\ Complex+IntegerLiteral.swift /Users/jamesalford/Library/Developer/Xcode/DerivedData/NotedCore-ftviuoyqruynvwbzbngenbwxsygv/SourcePackages/checkouts/swift-numerics/Sources/ComplexModule/Complex+IntegerLiteral.swift (in target 'ComplexModule' from project 'swift-numerics')

SwiftCompile normal arm64 /Users/jamesalford/Library/Developer/Xcode/DerivedData/NotedCore-ftviuoyqruynvwbzbngenbwxsygv/SourcePackages/checkouts/swift-numerics/Sources/ComplexModule/Complex+IntegerLiteral.swift (in target 'ComplexModule' from project 'swift-numerics')
    cd /Users/jamesalford/Documents/NotedCore/NotedCore.xcodeproj
    

SwiftCompile normal arm64 Compiling\ Complex+Numeric.swift /Users/jamesalford/Library/Developer/Xcode/DerivedData/NotedCore-ftviuoyqruynvwbzbngenbwxsygv/SourcePackages/checkouts/swift-numerics/Sources/ComplexModule/Complex+Numeric.swift (in target 'ComplexModule' from project 'swift-numerics')

SwiftCompile normal arm64 /Users/jamesalford/Library/Developer/Xcode/DerivedData/NotedCore-ftviuoyqruynvwbzbngenbwxsygv/SourcePackages/checkouts/swift-numerics/Sources/ComplexModule/Complex+Numeric.swift (in target 'ComplexModule' from project 'swift-numerics')
    cd /Users/jamesalford/Documents/NotedCore/NotedCore.xcodeproj
    

SwiftCompile normal arm64 Compiling\ Complex+ElementaryFunctions.swift /Users/jamesalford/Library/Developer/Xcode/DerivedData/NotedCore-ftviuoyqruynvwbzbngenbwxsygv/SourcePackages/checkouts/swift-numerics/Sources/ComplexModule/Complex+ElementaryFunctions.swift (in target 'ComplexModule' from project 'swift-numerics')

SwiftCompile normal arm64 /Users/jamesalford/Library/Developer/Xcode/DerivedData/NotedCore-ftviuoyqruynvwbzbngenbwxsygv/SourcePackages/checkouts/swift-numerics/Sources/ComplexModule/Complex+ElementaryFunctions.swift (in target 'ComplexModule' from project 'swift-numerics')
    cd /Users/jamesalford/Documents/NotedCore/NotedCore.xcodeproj
    

SwiftDriverJobDiscovery normal arm64 Compiling Complex+Hashable.swift (in target 'ComplexModule' from project 'swift-numerics')

SwiftCompile normal arm64 Compiling\ Complex+AlgebraicField.swift /Users/jamesalford/Library/Developer/Xcode/DerivedData/NotedCore-ftviuoyqruynvwbzbngenbwxsygv/SourcePackages/checkouts/swift-numerics/Sources/ComplexModule/Complex+AlgebraicField.swift (in target 'ComplexModule' from project 'swift-numerics')

SwiftCompile normal arm64 /Users/jamesalford/Library/Developer/Xcode/DerivedData/NotedCore-ftviuoyqruynvwbzbngenbwxsygv/SourcePackages/checkouts/swift-numerics/Sources/ComplexModule/Complex+AlgebraicField.swift (in target 'ComplexModule' from project 'swift-numerics')
    cd /Users/jamesalford/Documents/NotedCore/NotedCore.xcodeproj
    

SwiftDriverJobDiscovery normal arm64 Compiling Polar.swift (in target 'ComplexModule' from project 'swift-numerics')

SwiftDriver\ Compilation ArgumentParserToolInfo normal arm64 com.apple.xcode.tools.swift.compiler (in target 'ArgumentParserToolInfo' from project 'swift-argument-parser')
    cd /Users/jamesalford/Documents/NotedCore/NotedCore.xcodeproj
    builtin-Swift-Compilation -- /Applications/Xcode.app/Contents/Developer/Toolchains/XcodeDefault.xctoolchain/usr/bin/swiftc -module-name ArgumentParserToolInfo -Onone -enforce-exclusivity\=checked @/Users/jamesalford/Library/Developer/Xcode/DerivedData/NotedCore-ftviuoyqruynvwbzbngenbwxsygv/Build/Intermediates.noindex/swift-argument-parser.build/Debug-iphonesimulator/ArgumentParserToolInfo.build/Objects-normal/arm64/ArgumentParserToolInfo.SwiftFileList -DSWIFT_PACKAGE -DDEBUG -DSWIFT_MODULE_RESOURCE_BUNDLE_UNAVAILABLE -DXcode -plugin-path /Applications/Xcode.app/Contents/Developer/Toolchains/XcodeDefault.xctoolchain/usr/lib/swift/host/plugins/testing -enable-experimental-feature DebugDescriptionMacro -sdk /Applications/Xcode.app/Contents/Developer/Platforms/iPhoneSimulator.platform/Developer/SDKs/iPhoneSimulator26.0.sdk -target arm64-apple-ios12.0-simulator -g -module-cache-path /Users/jamesalford/Library/Developer/Xcode/DerivedData/ModuleCache.noindex -Xfrontend -serialize-debugging-options -profile-coverage-mapping -profile-generate -enable-testing -suppress-warnings -index-store-path /Users/jamesalford/Library/Developer/Xcode/DerivedData/NotedCore-ftviuoyqruynvwbzbngenbwxsygv/Index.noindex/DataStore -Xcc -D_LIBCPP_HARDENING_MODE\=_LIBCPP_HARDENING_MODE_DEBUG -swift-version 5 -I /Users/jamesalford/Library/Developer/Xcode/DerivedData/NotedCore-ftviuoyqruynvwbzbngenbwxsygv/Build/Products/Debug-iphonesimulator -Isystem /Applications/Xcode.app/Contents/Developer/Platforms/iPhoneSimulator.platform/Developer/usr/lib -F /Users/jamesalford/Library/Developer/Xcode/DerivedData/NotedCore-ftviuoyqruynvwbzbngenbwxsygv/Build/Products/Debug-iphonesimulator -F /Applications/Xcode.app/Contents/Developer/Platforms/iPhoneSimulator.platform/Developer/Library/Frameworks -F /Applications/Xcode.app/Contents/Developer/Platforms/iPhoneSimulator.platform/Developer/SDKs/iPhoneSimulator26.0.sdk/Developer/Library/Frameworks -parse-as-library -c -j14 -enable-batch-mode -incremental -Xcc -ivfsstatcache -Xcc /Users/jamesalford/Library/Developer/Xcode/DerivedData/SDKStatCaches.noindex/iphonesimulator26.0-23A339-3885c01c3e6b6a337905948deab2002e26257891a6c027eb51374368541b8346.sdkstatcache -output-file-map /Users/jamesalford/Library/Developer/Xcode/DerivedData/NotedCore-ftviuoyqruynvwbzbngenbwxsygv/Build/Intermediates.noindex/swift-argument-parser.build/Debug-iphonesimulator/ArgumentParserToolInfo.build/Objects-normal/arm64/ArgumentParserToolInfo-OutputFileMap.json -use-frontend-parseable-output -save-temps -no-color-diagnostics -explicit-module-build -module-cache-path /Users/jamesalford/Library/Developer/Xcode/DerivedData/NotedCore-ftviuoyqruynvwbzbngenbwxsygv/Build/Intermediates.noindex/SwiftExplicitPrecompiledModules -clang-scanner-module-cache-path /Users/jamesalford/Library/Developer/Xcode/DerivedData/ModuleCache.noindex -sdk-module-cache-path /Users/jamesalford/Library/Developer/Xcode/DerivedData/ModuleCache.noindex -serialize-diagnostics -emit-dependencies -emit-module -emit-module-path /Users/jamesalford/Library/Developer/Xcode/DerivedData/NotedCore-ftviuoyqruynvwbzbngenbwxsygv/Build/Intermediates.noindex/swift-argument-parser.build/Debug-iphonesimulator/ArgumentParserToolInfo.build/Objects-normal/arm64/ArgumentParserToolInfo.swiftmodule -validate-clang-modules-once -clang-build-session-file /Users/jamesalford/Library/Developer/Xcode/DerivedData/ModuleCache.noindex/Session.modulevalidation -Xcc -I/Users/jamesalford/Library/Developer/Xcode/DerivedData/NotedCore-ftviuoyqruynvwbzbngenbwxsygv/Build/Intermediates.noindex/swift-argument-parser.build/Debug-iphonesimulator/ArgumentParserToolInfo.build/swift-overrides.hmap -emit-const-values -Xfrontend -const-gather-protocols-file -Xfrontend /Users/jamesalford/Library/Developer/Xcode/DerivedData/NotedCore-ftviuoyqruynvwbzbngenbwxsygv/Build/Intermediates.noindex/swift-argument-parser.build/Debug-iphonesimulator/ArgumentParserToolInfo.build/Objects-normal/arm64/ArgumentParserToolInfo_const_extract_protocols.json -Xcc -I/Users/jamesalford/Library/Developer/Xcode/DerivedData/NotedCore-ftviuoyqruynvwbzbngenbwxsygv/Build/Products/Debug-iphonesimulator/include -Xcc -I/Users/jamesalford/Library/Developer/Xcode/DerivedData/NotedCore-ftviuoyqruynvwbzbngenbwxsygv/Build/Intermediates.noindex/swift-argument-parser.build/Debug-iphonesimulator/ArgumentParserToolInfo.build/DerivedSources-normal/arm64 -Xcc -I/Users/jamesalford/Library/Developer/Xcode/DerivedData/NotedCore-ftviuoyqruynvwbzbngenbwxsygv/Build/Intermediates.noindex/swift-argument-parser.build/Debug-iphonesimulator/ArgumentParserToolInfo.build/DerivedSources/arm64 -Xcc -I/Users/jamesalford/Library/Developer/Xcode/DerivedData/NotedCore-ftviuoyqruynvwbzbngenbwxsygv/Build/Intermediates.noindex/swift-argument-parser.build/Debug-iphonesimulator/ArgumentParserToolInfo.build/DerivedSources -Xcc -DSWIFT_PACKAGE -Xcc -DDEBUG\=1 -emit-objc-header -emit-objc-header-path /Users/jamesalford/Library/Developer/Xcode/DerivedData/NotedCore-ftviuoyqruynvwbzbngenbwxsygv/Build/Intermediates.noindex/swift-argument-parser.build/Debug-iphonesimulator/ArgumentParserToolInfo.build/Objects-normal/arm64/ArgumentParserToolInfo-Swift.h -working-directory /Users/jamesalford/Documents/NotedCore/NotedCore.xcodeproj -experimental-emit-module-separately -disable-cmo

PrecompileModule /Users/jamesalford/Library/Developer/Xcode/DerivedData/NotedCore-ftviuoyqruynvwbzbngenbwxsygv/Build/Intermediates.noindex/ExplicitPrecompiledModules/CFNetwork-2190H3Y0TWLONBCTALC9XN93E.scan
    cd /
    builtin-precompileModule /Users/jamesalford/Library/Developer/Xcode/DerivedData/NotedCore-ftviuoyqruynvwbzbngenbwxsygv/Build/Intermediates.noindex/ExplicitPrecompiledModules/CFNetwork-2190H3Y0TWLONBCTALC9XN93E.scan

Ld /Users/jamesalford/Library/Developer/Xcode/DerivedData/NotedCore-ftviuoyqruynvwbzbngenbwxsygv/Build/Products/Debug-iphonesimulator/ArgumentParserToolInfo.o normal (in target 'ArgumentParserToolInfo' from project 'swift-argument-parser')
    cd /Users/jamesalford/Library/Developer/Xcode/DerivedData/NotedCore-ftviuoyqruynvwbzbngenbwxsygv/SourcePackages/checkouts/swift-argument-parser
    /Applications/Xcode.app/Contents/Developer/Toolchains/XcodeDefault.xctoolchain/usr/bin/clang -Xlinker -reproducible -target arm64-apple-ios12.0-simulator -r -isysroot /Applications/Xcode.app/Contents/Developer/Platforms/iPhoneSimulator.platform/Developer/SDKs/iPhoneSimulator26.0.sdk -O0 -w -L/Users/jamesalford/Library/Developer/Xcode/DerivedData/NotedCore-ftviuoyqruynvwbzbngenbwxsygv/Build/Intermediates.noindex/EagerLinkingTBDs/Debug-iphonesimulator -L/Users/jamesalford/Library/Developer/Xcode/DerivedData/NotedCore-ftviuoyqruynvwbzbngenbwxsygv/Build/Products/Debug-iphonesimulator -L/Applications/Xcode.app/Contents/Developer/Platforms/iPhoneSimulator.platform/Developer/usr/lib -F/Users/jamesalford/Library/Developer/Xcode/DerivedData/NotedCore-ftviuoyqruynvwbzbngenbwxsygv/Build/Intermediates.noindex/EagerLinkingTBDs/Debug-iphonesimulator -F/Users/jamesalford/Library/Developer/Xcode/DerivedData/NotedCore-ftviuoyqruynvwbzbngenbwxsygv/Build/Products/Debug-iphonesimulator -iframework /Applications/Xcode.app/Contents/Developer/Platforms/iPhoneSimulator.platform/Developer/Library/Frameworks -iframework /Applications/Xcode.app/Contents/Developer/Platforms/iPhoneSimulator.platform/Developer/SDKs/iPhoneSimulator26.0.sdk/Developer/Library/Frameworks -filelist /Users/jamesalford/Library/Developer/Xcode/DerivedData/NotedCore-ftviuoyqruynvwbzbngenbwxsygv/Build/Intermediates.noindex/swift-argument-parser.build/Debug-iphonesimulator/ArgumentParserToolInfo.build/Objects-normal/arm64/ArgumentParserToolInfo.LinkFileList -nostdlib -Xlinker -object_path_lto -Xlinker /Users/jamesalford/Library/Developer/Xcode/DerivedData/NotedCore-ftviuoyqruynvwbzbngenbwxsygv/Build/Intermediates.noindex/swift-argument-parser.build/Debug-iphonesimulator/ArgumentParserToolInfo.build/Objects-normal/arm64/ArgumentParserToolInfo_lto.o -rdynamic -Xlinker -no_deduplicate -Xlinker -objc_abi_version -Xlinker 2 -Xlinker -debug_variant -Xlinker -dependency_info -Xlinker /Users/jamesalford/Library/Developer/Xcode/DerivedData/NotedCore-ftviuoyqruynvwbzbngenbwxsygv/Build/Intermediates.noindex/swift-argument-parser.build/Debug-iphonesimulator/ArgumentParserToolInfo.build/Objects-normal/arm64/ArgumentParserToolInfo_dependency_info.dat -fobjc-link-runtime -L/Applications/Xcode.app/Contents/Developer/Toolchains/XcodeDefault.xctoolchain/usr/lib/swift/iphonesimulator -L/usr/lib/swift -Xlinker -add_ast_path -Xlinker /Users/jamesalford/Library/Developer/Xcode/DerivedData/NotedCore-ftviuoyqruynvwbzbngenbwxsygv/Build/Intermediates.noindex/swift-argument-parser.build/Debug-iphonesimulator/ArgumentParserToolInfo.build/Objects-normal/arm64/ArgumentParserToolInfo.swiftmodule @/Users/jamesalford/Library/Developer/Xcode/DerivedData/NotedCore-ftviuoyqruynvwbzbngenbwxsygv/Build/Intermediates.noindex/swift-argument-parser.build/Debug-iphonesimulator/ArgumentParserToolInfo.build/Objects-normal/arm64/ArgumentParserToolInfo-linker-args.resp -o /Users/jamesalford/Library/Developer/Xcode/DerivedData/NotedCore-ftviuoyqruynvwbzbngenbwxsygv/Build/Products/Debug-iphonesimulator/ArgumentParserToolInfo.o

SwiftDriverJobDiscovery normal arm64 Compiling OrderedSet+Partial SetAlgebra symmetricDifference.swift, OrderedSet+Partial SetAlgebra union.swift, OrderedSet+Partial SetAlgebra+Basics.swift, OrderedSet+RandomAccessCollection.swift (in target 'OrderedCollections' from project 'swift-collections')

PrecompileModule /Users/jamesalford/Library/Developer/Xcode/DerivedData/NotedCore-ftviuoyqruynvwbzbngenbwxsygv/Build/Intermediates.noindex/ExplicitPrecompiledModules/Security-33VPJTT8C89IEODZJBK4Q32YZ.scan
    cd /
    builtin-precompileModule /Users/jamesalford/Library/Developer/Xcode/DerivedData/NotedCore-ftviuoyqruynvwbzbngenbwxsygv/Build/Intermediates.noindex/ExplicitPrecompiledModules/Security-33VPJTT8C89IEODZJBK4Q32YZ.scan

SwiftDriverJobDiscovery normal arm64 Compiling Complex.swift (in target 'ComplexModule' from project 'swift-numerics')

SwiftDriverJobDiscovery normal arm64 Compiling OrderedSet+Partial SetAlgebra isDisjoint.swift, OrderedSet+Partial SetAlgebra isEqualSet.swift, OrderedSet+Partial SetAlgebra isStrictSubset.swift, OrderedSet+Partial SetAlgebra isStrictSuperset.swift (in target 'OrderedCollections' from project 'swift-collections')

ExtractAppIntentsMetadata (in target 'RealModule' from project 'swift-numerics')
    cd /Users/jamesalford/Library/Developer/Xcode/DerivedData/NotedCore-ftviuoyqruynvwbzbngenbwxsygv/SourcePackages/checkouts/swift-numerics
    /Applications/Xcode.app/Contents/Developer/Toolchains/XcodeDefault.xctoolchain/usr/bin/appintentsmetadataprocessor --toolchain-dir /var/run/com.apple.security.cryptexd/mnt/com.apple.MobileAsset.MetalToolchain-v17.1.324.0.6zKCg8/Metal.xctoolchain --module-name RealModule --sdk-root /Applications/Xcode.app/Contents/Developer/Platforms/iPhoneSimulator.platform/Developer/SDKs/iPhoneSimulator26.0.sdk --xcode-version 17A400 --platform-family iOS --deployment-target 12.0 --bundle-identifier swift-numerics.RealModule --output /Users/jamesalford/Library/Developer/Xcode/DerivedData/NotedCore-ftviuoyqruynvwbzbngenbwxsygv/Build/Products/Debug-iphonesimulator/RealModule.appintents --target-triple arm64-apple-ios12.0-simulator --binary-file /Users/jamesalford/Library/Developer/Xcode/DerivedData/NotedCore-ftviuoyqruynvwbzbngenbwxsygv/Build/Products/Debug-iphonesimulator/RealModule.o --dependency-file /Users/jamesalford/Library/Developer/Xcode/DerivedData/NotedCore-ftviuoyqruynvwbzbngenbwxsygv/Build/Intermediates.noindex/swift-numerics.build/Debug-iphonesimulator/RealModule.build/Objects-normal/arm64/RealModule_dependency_info.dat --stringsdata-file /Users/jamesalford/Library/Developer/Xcode/DerivedData/NotedCore-ftviuoyqruynvwbzbngenbwxsygv/Build/Intermediates.noindex/swift-numerics.build/Debug-iphonesimulator/RealModule.build/Objects-normal/arm64/ExtractedAppShortcutsMetadata.stringsdata --source-file-list /Users/jamesalford/Library/Developer/Xcode/DerivedData/NotedCore-ftviuoyqruynvwbzbngenbwxsygv/Build/Intermediates.noindex/swift-numerics.build/Debug-iphonesimulator/RealModule.build/Objects-normal/arm64/RealModule.SwiftFileList --metadata-file-list /Users/jamesalford/Library/Developer/Xcode/DerivedData/NotedCore-ftviuoyqruynvwbzbngenbwxsygv/Build/Intermediates.noindex/swift-numerics.build/Debug-iphonesimulator/RealModule.build/RealModule.DependencyMetadataFileList --static-metadata-file-list /Users/jamesalford/Library/Developer/Xcode/DerivedData/NotedCore-ftviuoyqruynvwbzbngenbwxsygv/Build/Intermediates.noindex/swift-numerics.build/Debug-iphonesimulator/RealModule.build/RealModule.DependencyStaticMetadataFileList --swift-const-vals-list /Users/jamesalford/Library/Developer/Xcode/DerivedData/NotedCore-ftviuoyqruynvwbzbngenbwxsygv/Build/Intermediates.noindex/swift-numerics.build/Debug-iphonesimulator/RealModule.build/Objects-normal/arm64/RealModule.SwiftConstValuesFileList --force --compile-time-extraction --deployment-aware-processing --validate-assistant-intents --no-app-shortcuts-localization
2025-09-28 17:43:08.931 appintentsmetadataprocessor[14952:1557102] Starting appintentsmetadataprocessor export
2025-09-28 17:43:09.057 appintentsmetadataprocessor[14952:1557102] Extracted no relevant App Intents symbols, skipping writing output

SwiftDriverJobDiscovery normal arm64 Compiling Complex+IntegerLiteral.swift (in target 'ComplexModule' from project 'swift-numerics')

Touch /Users/jamesalford/Library/Developer/Xcode/DerivedData/NotedCore-ftviuoyqruynvwbzbngenbwxsygv/Build/Products/Debug-iphonesimulator/mlx-swift_Cmlx.bundle (in target 'mlx-swift_Cmlx' from project 'mlx-swift')
    cd /Users/jamesalford/Library/Developer/Xcode/DerivedData/NotedCore-ftviuoyqruynvwbzbngenbwxsygv/SourcePackages/checkouts/mlx-swift
    /usr/bin/touch -c /Users/jamesalford/Library/Developer/Xcode/DerivedData/NotedCore-ftviuoyqruynvwbzbngenbwxsygv/Build/Products/Debug-iphonesimulator/mlx-swift_Cmlx.bundle

SwiftDriverJobDiscovery normal arm64 Compiling OrderedSet+UnorderedView.swift, OrderedSet+UnstableInternals.swift, OrderedSet.swift, _UnsafeBitset.swift (in target 'OrderedCollections' from project 'swift-collections')

CopySwiftLibs /Users/jamesalford/Library/Developer/Xcode/DerivedData/NotedCore-ftviuoyqruynvwbzbngenbwxsygv/Build/Products/Debug-watchsimulator/NotedWatch\ Watch\ App.app (in target 'NotedWatch Watch App' from project 'NotedCore')
    cd /Users/jamesalford/Documents/NotedCore
    builtin-swiftStdLibTool --copy --verbose --sign - --scan-executable /Users/jamesalford/Library/Developer/Xcode/DerivedData/NotedCore-ftviuoyqruynvwbzbngenbwxsygv/Build/Products/Debug-watchsimulator/NotedWatch\ Watch\ App.app/NotedWatch\ Watch\ App.debug.dylib --scan-folder /Users/jamesalford/Library/Developer/Xcode/DerivedData/NotedCore-ftviuoyqruynvwbzbngenbwxsygv/Build/Products/Debug-watchsimulator/NotedWatch\ Watch\ App.app/Frameworks --scan-folder /Users/jamesalford/Library/Developer/Xcode/DerivedData/NotedCore-ftviuoyqruynvwbzbngenbwxsygv/Build/Products/Debug-watchsimulator/NotedWatch\ Watch\ App.app/PlugIns --scan-folder /Users/jamesalford/Library/Developer/Xcode/DerivedData/NotedCore-ftviuoyqruynvwbzbngenbwxsygv/Build/Products/Debug-watchsimulator/NotedWatch\ Watch\ App.app/SystemExtensions --scan-folder /Users/jamesalford/Library/Developer/Xcode/DerivedData/NotedCore-ftviuoyqruynvwbzbngenbwxsygv/Build/Products/Debug-watchsimulator/NotedWatch\ Watch\ App.app/Extensions --platform watchsimulator --toolchain /var/run/com.apple.security.cryptexd/mnt/com.apple.MobileAsset.MetalToolchain-v17.1.324.0.6zKCg8/Metal.xctoolchain --toolchain /Applications/Xcode.app/Contents/Developer/Toolchains/XcodeDefault.xctoolchain --destination /Users/jamesalford/Library/Developer/Xcode/DerivedData/NotedCore-ftviuoyqruynvwbzbngenbwxsygv/Build/Products/Debug-watchsimulator/NotedWatch\ Watch\ App.app/Frameworks --strip-bitcode --strip-bitcode-tool /Applications/Xcode.app/Contents/Developer/Toolchains/XcodeDefault.xctoolchain/usr/bin/bitcode_strip --emit-dependency-info /Users/jamesalford/Library/Developer/Xcode/DerivedData/NotedCore-ftviuoyqruynvwbzbngenbwxsygv/Build/Intermediates.noindex/NotedCore.build/Debug-watchsimulator/NotedWatch\ Watch\ App.build/SwiftStdLibToolInputDependencies.dep --filter-for-swift-os

ExtractAppIntentsMetadata (in target 'NotedWatch Watch App' from project 'NotedCore')
    cd /Users/jamesalford/Documents/NotedCore
    /Applications/Xcode.app/Contents/Developer/Toolchains/XcodeDefault.xctoolchain/usr/bin/appintentsmetadataprocessor --toolchain-dir /var/run/com.apple.security.cryptexd/mnt/com.apple.MobileAsset.MetalToolchain-v17.1.324.0.6zKCg8/Metal.xctoolchain --module-name NotedWatch_Watch_App --sdk-root /Applications/Xcode.app/Contents/Developer/Platforms/WatchSimulator.platform/Developer/SDKs/WatchSimulator26.0.sdk --xcode-version 17A400 --platform-family watchOS --deployment-target 26.0 --bundle-identifier com.jamesalford.NotedCore.watchkitapp --output /Users/jamesalford/Library/Developer/Xcode/DerivedData/NotedCore-ftviuoyqruynvwbzbngenbwxsygv/Build/Products/Debug-watchsimulator/NotedWatch\ Watch\ App.app --target-triple arm64-apple-watchos26.0-simulator --target-triple x86_64-apple-watchos26.0-simulator --binary-file /Users/jamesalford/Library/Developer/Xcode/DerivedData/NotedCore-ftviuoyqruynvwbzbngenbwxsygv/Build/Products/Debug-watchsimulator/NotedWatch\ Watch\ App.app/NotedWatch\ Watch\ App --dependency-file /Users/jamesalford/Library/Developer/Xcode/DerivedData/NotedCore-ftviuoyqruynvwbzbngenbwxsygv/Build/Intermediates.noindex/NotedCore.build/Debug-watchsimulator/NotedWatch\ Watch\ App.build/Objects-normal/arm64/NotedWatch\ Watch\ App_dependency_info.dat --dependency-file /Users/jamesalford/Library/Developer/Xcode/DerivedData/NotedCore-ftviuoyqruynvwbzbngenbwxsygv/Build/Intermediates.noindex/NotedCore.build/Debug-watchsimulator/NotedWatch\ Watch\ App.build/Objects-normal/x86_64/NotedWatch\ Watch\ App_dependency_info.dat --stringsdata-file /Users/jamesalford/Library/Developer/Xcode/DerivedData/NotedCore-ftviuoyqruynvwbzbngenbwxsygv/Build/Intermediates.noindex/NotedCore.build/Debug-watchsimulator/NotedWatch\ Watch\ App.build/Objects-normal/arm64/ExtractedAppShortcutsMetadata.stringsdata --stringsdata-file /Users/jamesalford/Library/Developer/Xcode/DerivedData/NotedCore-ftviuoyqruynvwbzbngenbwxsygv/Build/Intermediates.noindex/NotedCore.build/Debug-watchsimulator/NotedWatch\ Watch\ App.build/Objects-normal/x86_64/ExtractedAppShortcutsMetadata.stringsdata --source-file-list /Users/jamesalford/Library/Developer/Xcode/DerivedData/NotedCore-ftviuoyqruynvwbzbngenbwxsygv/Build/Intermediates.noindex/NotedCore.build/Debug-watchsimulator/NotedWatch\ Watch\ App.build/Objects-normal/arm64/NotedWatch\ Watch\ App.SwiftFileList --source-file-list /Users/jamesalford/Library/Developer/Xcode/DerivedData/NotedCore-ftviuoyqruynvwbzbngenbwxsygv/Build/Intermediates.noindex/NotedCore.build/Debug-watchsimulator/NotedWatch\ Watch\ App.build/Objects-normal/x86_64/NotedWatch\ Watch\ App.SwiftFileList --metadata-file-list /Users/jamesalford/Library/Developer/Xcode/DerivedData/NotedCore-ftviuoyqruynvwbzbngenbwxsygv/Build/Intermediates.noindex/NotedCore.build/Debug-watchsimulator/NotedWatch\ Watch\ App.build/NotedWatch\ Watch\ App.DependencyMetadataFileList --static-metadata-file-list /Users/jamesalford/Library/Developer/Xcode/DerivedData/NotedCore-ftviuoyqruynvwbzbngenbwxsygv/Build/Intermediates.noindex/NotedCore.build/Debug-watchsimulator/NotedWatch\ Watch\ App.build/NotedWatch\ Watch\ App.DependencyStaticMetadataFileList --swift-const-vals-list /Users/jamesalford/Library/Developer/Xcode/DerivedData/NotedCore-ftviuoyqruynvwbzbngenbwxsygv/Build/Intermediates.noindex/NotedCore.build/Debug-watchsimulator/NotedWatch\ Watch\ App.build/Objects-normal/arm64/NotedWatch\ Watch\ App.SwiftConstValuesFileList --swift-const-vals-list /Users/jamesalford/Library/Developer/Xcode/DerivedData/NotedCore-ftviuoyqruynvwbzbngenbwxsygv/Build/Intermediates.noindex/NotedCore.build/Debug-watchsimulator/NotedWatch\ Watch\ App.build/Objects-normal/x86_64/NotedWatch\ Watch\ App.SwiftConstValuesFileList --compile-time-extraction --deployment-aware-processing --validate-assistant-intents --no-app-shortcuts-localization
2025-09-28 17:43:08.948 appintentsmetadataprocessor[14954:1557105] Starting appintentsmetadataprocessor export
2025-09-28 17:43:08.956 appintentsmetadataprocessor[14954:1557105] warning: Metadata extraction skipped. No AppIntents.framework dependency found.

ExtractAppIntentsMetadata (in target 'Hub' from project 'swift-transformers')
    cd /Users/jamesalford/Library/Developer/Xcode/DerivedData/NotedCore-ftviuoyqruynvwbzbngenbwxsygv/SourcePackages/checkouts/swift-transformers
    /Applications/Xcode.app/Contents/Developer/Toolchains/XcodeDefault.xctoolchain/usr/bin/appintentsmetadataprocessor --toolchain-dir /var/run/com.apple.security.cryptexd/mnt/com.apple.MobileAsset.MetalToolchain-v17.1.324.0.6zKCg8/Metal.xctoolchain --module-name Hub --sdk-root /Applications/Xcode.app/Contents/Developer/Platforms/iPhoneSimulator.platform/Developer/SDKs/iPhoneSimulator26.0.sdk --xcode-version 17A400 --platform-family iOS --deployment-target 16.0 --bundle-identifier swift-transformers.Hub --output /Users/jamesalford/Library/Developer/Xcode/DerivedData/NotedCore-ftviuoyqruynvwbzbngenbwxsygv/Build/Products/Debug-iphonesimulator/Hub.appintents --target-triple arm64-apple-ios16.0-simulator --binary-file /Users/jamesalford/Library/Developer/Xcode/DerivedData/NotedCore-ftviuoyqruynvwbzbngenbwxsygv/Build/Products/Debug-iphonesimulator/Hub.o --dependency-file /Users/jamesalford/Library/Developer/Xcode/DerivedData/NotedCore-ftviuoyqruynvwbzbngenbwxsygv/Build/Intermediates.noindex/swift-transformers.build/Debug-iphonesimulator/Hub.build/Objects-normal/arm64/Hub_dependency_info.dat --stringsdata-file /Users/jamesalford/Library/Developer/Xcode/DerivedData/NotedCore-ftviuoyqruynvwbzbngenbwxsygv/Build/Intermediates.noindex/swift-transformers.build/Debug-iphonesimulator/Hub.build/Objects-normal/arm64/ExtractedAppShortcutsMetadata.stringsdata --source-file-list /Users/jamesalford/Library/Developer/Xcode/DerivedData/NotedCore-ftviuoyqruynvwbzbngenbwxsygv/Build/Intermediates.noindex/swift-transformers.build/Debug-iphonesimulator/Hub.build/Objects-normal/arm64/Hub.SwiftFileList --metadata-file-list /Users/jamesalford/Library/Developer/Xcode/DerivedData/NotedCore-ftviuoyqruynvwbzbngenbwxsygv/Build/Intermediates.noindex/swift-transformers.build/Debug-iphonesimulator/Hub.build/Hub.DependencyMetadataFileList --static-metadata-file-list /Users/jamesalford/Library/Developer/Xcode/DerivedData/NotedCore-ftviuoyqruynvwbzbngenbwxsygv/Build/Intermediates.noindex/swift-transformers.build/Debug-iphonesimulator/Hub.build/Hub.DependencyStaticMetadataFileList --swift-const-vals-list /Users/jamesalford/Library/Developer/Xcode/DerivedData/NotedCore-ftviuoyqruynvwbzbngenbwxsygv/Build/Intermediates.noindex/swift-transformers.build/Debug-iphonesimulator/Hub.build/Objects-normal/arm64/Hub.SwiftConstValuesFileList --force --compile-time-extraction --deployment-aware-processing --validate-assistant-intents --no-app-shortcuts-localization
2025-09-28 17:43:08.948 appintentsmetadataprocessor[14955:1557120] Starting appintentsmetadataprocessor export
2025-09-28 17:43:09.062 appintentsmetadataprocessor[14955:1557120] Extracted no relevant App Intents symbols, skipping writing output

RegisterExecutionPolicyException /Users/jamesalford/Library/Developer/Xcode/DerivedData/NotedCore-ftviuoyqruynvwbzbngenbwxsygv/Build/Products/Debug-iphonesimulator/TensorUtils.o (in target 'TensorUtils' from project 'swift-transformers')
    cd /Users/jamesalford/Library/Developer/Xcode/DerivedData/NotedCore-ftviuoyqruynvwbzbngenbwxsygv/SourcePackages/checkouts/swift-transformers
    builtin-RegisterExecutionPolicyException /Users/jamesalford/Library/Developer/Xcode/DerivedData/NotedCore-ftviuoyqruynvwbzbngenbwxsygv/Build/Products/Debug-iphonesimulator/TensorUtils.o

SwiftDriver Numerics normal arm64 com.apple.xcode.tools.swift.compiler (in target 'Numerics' from project 'swift-numerics')
    cd /Users/jamesalford/Documents/NotedCore/NotedCore.xcodeproj
    builtin-SwiftDriver -- /Applications/Xcode.app/Contents/Developer/Toolchains/XcodeDefault.xctoolchain/usr/bin/swiftc -module-name Numerics -Onone -enforce-exclusivity\=checked @/Users/jamesalford/Library/Developer/Xcode/DerivedData/NotedCore-ftviuoyqruynvwbzbngenbwxsygv/Build/Intermediates.noindex/swift-numerics.build/Debug-iphonesimulator/Numerics.build/Objects-normal/arm64/Numerics.SwiftFileList -DSWIFT_PACKAGE -DDEBUG -DSWIFT_MODULE_RESOURCE_BUNDLE_UNAVAILABLE -DXcode -plugin-path /Applications/Xcode.app/Contents/Developer/Toolchains/XcodeDefault.xctoolchain/usr/lib/swift/host/plugins/testing -enable-experimental-feature DebugDescriptionMacro -sdk /Applications/Xcode.app/Contents/Developer/Platforms/iPhoneSimulator.platform/Developer/SDKs/iPhoneSimulator26.0.sdk -target arm64-apple-ios12.0-simulator -g -module-cache-path /Users/jamesalford/Library/Developer/Xcode/DerivedData/ModuleCache.noindex -Xfrontend -serialize-debugging-options -profile-coverage-mapping -profile-generate -enable-testing -suppress-warnings -index-store-path /Users/jamesalford/Library/Developer/Xcode/DerivedData/NotedCore-ftviuoyqruynvwbzbngenbwxsygv/Index.noindex/DataStore -Xcc -D_LIBCPP_HARDENING_MODE\=_LIBCPP_HARDENING_MODE_DEBUG -swift-version 5 -I /Users/jamesalford/Library/Developer/Xcode/DerivedData/NotedCore-ftviuoyqruynvwbzbngenbwxsygv/Build/Products/Debug-iphonesimulator -Isystem /Applications/Xcode.app/Contents/Developer/Platforms/iPhoneSimulator.platform/Developer/usr/lib -F /Users/jamesalford/Library/Developer/Xcode/DerivedData/NotedCore-ftviuoyqruynvwbzbngenbwxsygv/Build/Products/Debug-iphonesimulator/PackageFrameworks -F /Users/jamesalford/Library/Developer/Xcode/DerivedData/NotedCore-ftviuoyqruynvwbzbngenbwxsygv/Build/Products/Debug-iphonesimulator/PackageFrameworks -F /Users/jamesalford/Library/Developer/Xcode/DerivedData/NotedCore-ftviuoyqruynvwbzbngenbwxsygv/Build/Products/Debug-iphonesimulator/PackageFrameworks -F /Users/jamesalford/Library/Developer/Xcode/DerivedData/NotedCore-ftviuoyqruynvwbzbngenbwxsygv/Build/Products/Debug-iphonesimulator -F /Applications/Xcode.app/Contents/Developer/Platforms/iPhoneSimulator.platform/Developer/Library/Frameworks -F /Applications/Xcode.app/Contents/Developer/Platforms/iPhoneSimulator.platform/Developer/SDKs/iPhoneSimulator26.0.sdk/Developer/Library/Frameworks -parse-as-library -c -j14 -enable-batch-mode -incremental -Xcc -ivfsstatcache -Xcc /Users/jamesalford/Library/Developer/Xcode/DerivedData/SDKStatCaches.noindex/iphonesimulator26.0-23A339-3885c01c3e6b6a337905948deab2002e26257891a6c027eb51374368541b8346.sdkstatcache -output-file-map /Users/jamesalford/Library/Developer/Xcode/DerivedData/NotedCore-ftviuoyqruynvwbzbngenbwxsygv/Build/Intermediates.noindex/swift-numerics.build/Debug-iphonesimulator/Numerics.build/Objects-normal/arm64/Numerics-OutputFileMap.json -use-frontend-parseable-output -save-temps -no-color-diagnostics -explicit-module-build -module-cache-path /Users/jamesalford/Library/Developer/Xcode/DerivedData/NotedCore-ftviuoyqruynvwbzbngenbwxsygv/Build/Intermediates.noindex/SwiftExplicitPrecompiledModules -clang-scanner-module-cache-path /Users/jamesalford/Library/Developer/Xcode/DerivedData/ModuleCache.noindex -sdk-module-cache-path /Users/jamesalford/Library/Developer/Xcode/DerivedData/ModuleCache.noindex -serialize-diagnostics -emit-dependencies -emit-module -emit-module-path /Users/jamesalford/Library/Developer/Xcode/DerivedData/NotedCore-ftviuoyqruynvwbzbngenbwxsygv/Build/Intermediates.noindex/swift-numerics.build/Debug-iphonesimulator/Numerics.build/Objects-normal/arm64/Numerics.swiftmodule -validate-clang-modules-once -clang-build-session-file /Users/jamesalford/Library/Developer/Xcode/DerivedData/ModuleCache.noindex/Session.modulevalidation -package-name swift_numerics -Xcc -I/Users/jamesalford/Library/Developer/Xcode/DerivedData/NotedCore-ftviuoyqruynvwbzbngenbwxsygv/Build/Intermediates.noindex/swift-numerics.build/Debug-iphonesimulator/Numerics.build/swift-overrides.hmap -emit-const-values -Xfrontend -const-gather-protocols-file -Xfrontend /Users/jamesalford/Library/Developer/Xcode/DerivedData/NotedCore-ftviuoyqruynvwbzbngenbwxsygv/Build/Intermediates.noindex/swift-numerics.build/Debug-iphonesimulator/Numerics.build/Objects-normal/arm64/Numerics_const_extract_protocols.json -Xcc -I/Users/jamesalford/Library/Developer/Xcode/DerivedData/NotedCore-ftviuoyqruynvwbzbngenbwxsygv/SourcePackages/checkouts/swift-numerics/Sources/_NumericsShims/include -Xcc -I/Users/jamesalford/Library/Developer/Xcode/DerivedData/NotedCore-ftviuoyqruynvwbzbngenbwxsygv/Build/Products/Debug-iphonesimulator/include -Xcc -I/Users/jamesalford/Library/Developer/Xcode/DerivedData/NotedCore-ftviuoyqruynvwbzbngenbwxsygv/Build/Intermediates.noindex/swift-numerics.build/Debug-iphonesimulator/Numerics.build/DerivedSources-normal/arm64 -Xcc -I/Users/jamesalford/Library/Developer/Xcode/DerivedData/NotedCore-ftviuoyqruynvwbzbngenbwxsygv/Build/Intermediates.noindex/swift-numerics.build/Debug-iphonesimulator/Numerics.build/DerivedSources/arm64 -Xcc -I/Users/jamesalford/Library/Developer/Xcode/DerivedData/NotedCore-ftviuoyqruynvwbzbngenbwxsygv/Build/Intermediates.noindex/swift-numerics.build/Debug-iphonesimulator/Numerics.build/DerivedSources -Xcc -DSWIFT_PACKAGE -Xcc -DDEBUG\=1 -emit-objc-header -emit-objc-header-path /Users/jamesalford/Library/Developer/Xcode/DerivedData/NotedCore-ftviuoyqruynvwbzbngenbwxsygv/Build/Intermediates.noindex/swift-numerics.build/Debug-iphonesimulator/Numerics.build/Objects-normal/arm64/Numerics-Swift.h -working-directory /Users/jamesalford/Documents/NotedCore/NotedCore.xcodeproj -experimental-emit-module-separately -disable-cmo

SwiftDriverJobDiscovery normal arm64 Compiling Complex+Numeric.swift (in target 'ComplexModule' from project 'swift-numerics')

SwiftDriver ArgumentParser normal arm64 com.apple.xcode.tools.swift.compiler (in target 'ArgumentParser' from project 'swift-argument-parser')
    cd /Users/jamesalford/Documents/NotedCore/NotedCore.xcodeproj
    builtin-SwiftDriver -- /Applications/Xcode.app/Contents/Developer/Toolchains/XcodeDefault.xctoolchain/usr/bin/swiftc -module-name ArgumentParser -Onone -enforce-exclusivity\=checked @/Users/jamesalford/Library/Developer/Xcode/DerivedData/NotedCore-ftviuoyqruynvwbzbngenbwxsygv/Build/Intermediates.noindex/swift-argument-parser.build/Debug-iphonesimulator/ArgumentParser.build/Objects-normal/arm64/ArgumentParser.SwiftFileList -DSWIFT_PACKAGE -DDEBUG -DSWIFT_MODULE_RESOURCE_BUNDLE_UNAVAILABLE -DXcode -enable-experimental-feature StrictConcurrency -plugin-path /Applications/Xcode.app/Contents/Developer/Toolchains/XcodeDefault.xctoolchain/usr/lib/swift/host/plugins/testing -enable-experimental-feature DebugDescriptionMacro -sdk /Applications/Xcode.app/Contents/Developer/Platforms/iPhoneSimulator.platform/Developer/SDKs/iPhoneSimulator26.0.sdk -target arm64-apple-ios12.0-simulator -g -module-cache-path /Users/jamesalford/Library/Developer/Xcode/DerivedData/ModuleCache.noindex -Xfrontend -serialize-debugging-options -profile-coverage-mapping -profile-generate -enable-testing -suppress-warnings -index-store-path /Users/jamesalford/Library/Developer/Xcode/DerivedData/NotedCore-ftviuoyqruynvwbzbngenbwxsygv/Index.noindex/DataStore -Xcc -D_LIBCPP_HARDENING_MODE\=_LIBCPP_HARDENING_MODE_DEBUG -swift-version 5 -I /Users/jamesalford/Library/Developer/Xcode/DerivedData/NotedCore-ftviuoyqruynvwbzbngenbwxsygv/Build/Products/Debug-iphonesimulator -Isystem /Applications/Xcode.app/Contents/Developer/Platforms/iPhoneSimulator.platform/Developer/usr/lib -F /Users/jamesalford/Library/Developer/Xcode/DerivedData/NotedCore-ftviuoyqruynvwbzbngenbwxsygv/Build/Products/Debug-iphonesimulator/PackageFrameworks -F /Users/jamesalford/Library/Developer/Xcode/DerivedData/NotedCore-ftviuoyqruynvwbzbngenbwxsygv/Build/Products/Debug-iphonesimulator -F /Applications/Xcode.app/Contents/Developer/Platforms/iPhoneSimulator.platform/Developer/Library/Frameworks -F /Applications/Xcode.app/Contents/Developer/Platforms/iPhoneSimulator.platform/Developer/SDKs/iPhoneSimulator26.0.sdk/Developer/Library/Frameworks -c -j14 -enable-batch-mode -incremental -Xcc -ivfsstatcache -Xcc /Users/jamesalford/Library/Developer/Xcode/DerivedData/SDKStatCaches.noindex/iphonesimulator26.0-23A339-3885c01c3e6b6a337905948deab2002e26257891a6c027eb51374368541b8346.sdkstatcache -output-file-map /Users/jamesalford/Library/Developer/Xcode/DerivedData/NotedCore-ftviuoyqruynvwbzbngenbwxsygv/Build/Intermediates.noindex/swift-argument-parser.build/Debug-iphonesimulator/ArgumentParser.build/Objects-normal/arm64/ArgumentParser-OutputFileMap.json -use-frontend-parseable-output -save-temps -no-color-diagnostics -explicit-module-build -module-cache-path /Users/jamesalford/Library/Developer/Xcode/DerivedData/NotedCore-ftviuoyqruynvwbzbngenbwxsygv/Build/Intermediates.noindex/SwiftExplicitPrecompiledModules -clang-scanner-module-cache-path /Users/jamesalford/Library/Developer/Xcode/DerivedData/ModuleCache.noindex -sdk-module-cache-path /Users/jamesalford/Library/Developer/Xcode/DerivedData/ModuleCache.noindex -serialize-diagnostics -emit-dependencies -emit-module -emit-module-path /Users/jamesalford/Library/Developer/Xcode/DerivedData/NotedCore-ftviuoyqruynvwbzbngenbwxsygv/Build/Intermediates.noindex/swift-argument-parser.build/Debug-iphonesimulator/ArgumentParser.build/Objects-normal/arm64/ArgumentParser.swiftmodule -validate-clang-modules-once -clang-build-session-file /Users/jamesalford/Library/Developer/Xcode/DerivedData/ModuleCache.noindex/Session.modulevalidation -Xcc -I/Users/jamesalford/Library/Developer/Xcode/DerivedData/NotedCore-ftviuoyqruynvwbzbngenbwxsygv/Build/Intermediates.noindex/swift-argument-parser.build/Debug-iphonesimulator/ArgumentParser.build/swift-overrides.hmap -emit-const-values -Xfrontend -const-gather-protocols-file -Xfrontend /Users/jamesalford/Library/Developer/Xcode/DerivedData/NotedCore-ftviuoyqruynvwbzbngenbwxsygv/Build/Intermediates.noindex/swift-argument-parser.build/Debug-iphonesimulator/ArgumentParser.build/Objects-normal/arm64/ArgumentParser_const_extract_protocols.json -Xcc -I/Users/jamesalford/Library/Developer/Xcode/DerivedData/NotedCore-ftviuoyqruynvwbzbngenbwxsygv/Build/Products/Debug-iphonesimulator/include -Xcc -I/Users/jamesalford/Library/Developer/Xcode/DerivedData/NotedCore-ftviuoyqruynvwbzbngenbwxsygv/Build/Intermediates.noindex/swift-argument-parser.build/Debug-iphonesimulator/ArgumentParser.build/DerivedSources-normal/arm64 -Xcc -I/Users/jamesalford/Library/Developer/Xcode/DerivedData/NotedCore-ftviuoyqruynvwbzbngenbwxsygv/Build/Intermediates.noindex/swift-argument-parser.build/Debug-iphonesimulator/ArgumentParser.build/DerivedSources/arm64 -Xcc -I/Users/jamesalford/Library/Developer/Xcode/DerivedData/NotedCore-ftviuoyqruynvwbzbngenbwxsygv/Build/Intermediates.noindex/swift-argument-parser.build/Debug-iphonesimulator/ArgumentParser.build/DerivedSources -Xcc -DSWIFT_PACKAGE -Xcc -DDEBUG\=1 -emit-objc-header -emit-objc-header-path /Users/jamesalford/Library/Developer/Xcode/DerivedData/NotedCore-ftviuoyqruynvwbzbngenbwxsygv/Build/Intermediates.noindex/swift-argument-parser.build/Debug-iphonesimulator/ArgumentParser.build/Objects-normal/arm64/ArgumentParser-Swift.h -working-directory /Users/jamesalford/Documents/NotedCore/NotedCore.xcodeproj -experimental-emit-module-separately -disable-cmo

ExtractAppIntentsMetadata (in target 'ArgumentParserToolInfo' from project 'swift-argument-parser')
    cd /Users/jamesalford/Library/Developer/Xcode/DerivedData/NotedCore-ftviuoyqruynvwbzbngenbwxsygv/SourcePackages/checkouts/swift-argument-parser
    /Applications/Xcode.app/Contents/Developer/Toolchains/XcodeDefault.xctoolchain/usr/bin/appintentsmetadataprocessor --toolchain-dir /var/run/com.apple.security.cryptexd/mnt/com.apple.MobileAsset.MetalToolchain-v17.1.324.0.6zKCg8/Metal.xctoolchain --module-name ArgumentParserToolInfo --sdk-root /Applications/Xcode.app/Contents/Developer/Platforms/iPhoneSimulator.platform/Developer/SDKs/iPhoneSimulator26.0.sdk --xcode-version 17A400 --platform-family iOS --deployment-target 12.0 --bundle-identifier swift-argument-parser.ArgumentParserToolInfo --output /Users/jamesalford/Library/Developer/Xcode/DerivedData/NotedCore-ftviuoyqruynvwbzbngenbwxsygv/Build/Products/Debug-iphonesimulator/ArgumentParserToolInfo.appintents --target-triple arm64-apple-ios12.0-simulator --binary-file /Users/jamesalford/Library/Developer/Xcode/DerivedData/NotedCore-ftviuoyqruynvwbzbngenbwxsygv/Build/Products/Debug-iphonesimulator/ArgumentParserToolInfo.o --dependency-file /Users/jamesalford/Library/Developer/Xcode/DerivedData/NotedCore-ftviuoyqruynvwbzbngenbwxsygv/Build/Intermediates.noindex/swift-argument-parser.build/Debug-iphonesimulator/ArgumentParserToolInfo.build/Objects-normal/arm64/ArgumentParserToolInfo_dependency_info.dat --stringsdata-file /Users/jamesalford/Library/Developer/Xcode/DerivedData/NotedCore-ftviuoyqruynvwbzbngenbwxsygv/Build/Intermediates.noindex/swift-argument-parser.build/Debug-iphonesimulator/ArgumentParserToolInfo.build/Objects-normal/arm64/ExtractedAppShortcutsMetadata.stringsdata --source-file-list /Users/jamesalford/Library/Developer/Xcode/DerivedData/NotedCore-ftviuoyqruynvwbzbngenbwxsygv/Build/Intermediates.noindex/swift-argument-parser.build/Debug-iphonesimulator/ArgumentParserToolInfo.build/Objects-normal/arm64/ArgumentParserToolInfo.SwiftFileList --metadata-file-list /Users/jamesalford/Library/Developer/Xcode/DerivedData/NotedCore-ftviuoyqruynvwbzbngenbwxsygv/Build/Intermediates.noindex/swift-argument-parser.build/Debug-iphonesimulator/ArgumentParserToolInfo.build/ArgumentParserToolInfo.DependencyMetadataFileList --static-metadata-file-list /Users/jamesalford/Library/Developer/Xcode/DerivedData/NotedCore-ftviuoyqruynvwbzbngenbwxsygv/Build/Intermediates.noindex/swift-argument-parser.build/Debug-iphonesimulator/ArgumentParserToolInfo.build/ArgumentParserToolInfo.DependencyStaticMetadataFileList --swift-const-vals-list /Users/jamesalford/Library/Developer/Xcode/DerivedData/NotedCore-ftviuoyqruynvwbzbngenbwxsygv/Build/Intermediates.noindex/swift-argument-parser.build/Debug-iphonesimulator/ArgumentParserToolInfo.build/Objects-normal/arm64/ArgumentParserToolInfo.SwiftConstValuesFileList --force --compile-time-extraction --deployment-aware-processing --validate-assistant-intents --no-app-shortcuts-localization
2025-09-28 17:43:08.967 appintentsmetadataprocessor[14956:1557125] Starting appintentsmetadataprocessor export
2025-09-28 17:43:09.080 appintentsmetadataprocessor[14956:1557125] Extracted no relevant App Intents symbols, skipping writing output

PrecompileModule /Users/jamesalford/Library/Developer/Xcode/DerivedData/NotedCore-ftviuoyqruynvwbzbngenbwxsygv/Build/Intermediates.noindex/ExplicitPrecompiledModules/Foundation-5L3DRMCL0VIWBFILIGJR8EO.scan
    cd /
    builtin-precompileModule /Users/jamesalford/Library/Developer/Xcode/DerivedData/NotedCore-ftviuoyqruynvwbzbngenbwxsygv/Build/Intermediates.noindex/ExplicitPrecompiledModules/Foundation-5L3DRMCL0VIWBFILIGJR8EO.scan

RegisterExecutionPolicyException /Users/jamesalford/Library/Developer/Xcode/DerivedData/NotedCore-ftviuoyqruynvwbzbngenbwxsygv/Build/Products/Debug-iphonesimulator/InternalCollectionsUtilities.o (in target 'InternalCollectionsUtilities' from project 'swift-collections')
    cd /Users/jamesalford/Library/Developer/Xcode/DerivedData/NotedCore-ftviuoyqruynvwbzbngenbwxsygv/SourcePackages/checkouts/swift-collections
    builtin-RegisterExecutionPolicyException /Users/jamesalford/Library/Developer/Xcode/DerivedData/NotedCore-ftviuoyqruynvwbzbngenbwxsygv/Build/Products/Debug-iphonesimulator/InternalCollectionsUtilities.o

CodeSign /Users/jamesalford/Library/Developer/Xcode/DerivedData/NotedCore-ftviuoyqruynvwbzbngenbwxsygv/Build/Products/Debug-watchsimulator/NotedWatch\ Watch\ App.app/NotedWatch\ Watch\ App.debug.dylib (in target 'NotedWatch Watch App' from project 'NotedCore')
    cd /Users/jamesalford/Documents/NotedCore
    
    Signing Identity:     "Sign to Run Locally"
    
    /usr/bin/codesign --force --sign - --timestamp\=none --generate-entitlement-der /Users/jamesalford/Library/Developer/Xcode/DerivedData/NotedCore-ftviuoyqruynvwbzbngenbwxsygv/Build/Products/Debug-watchsimulator/NotedWatch\ Watch\ App.app/NotedWatch\ Watch\ App.debug.dylib

SwiftEmitModule normal arm64 Emitting\ module\ for\ Numerics (in target 'Numerics' from project 'swift-numerics')

SwiftCompile normal arm64 /Users/jamesalford/Library/Developer/Xcode/DerivedData/NotedCore-ftviuoyqruynvwbzbngenbwxsygv/SourcePackages/checkouts/swift-numerics/Sources/Numerics/Numerics.swift (in target 'Numerics' from project 'swift-numerics')
    cd /Users/jamesalford/Documents/NotedCore/NotedCore.xcodeproj
    

SwiftDriverJobDiscovery normal arm64 Compiling OrderedDictionary+Partial RangeReplaceableCollection.swift, OrderedDictionary+Sendable.swift, OrderedDictionary+Sequence.swift, OrderedDictionary+Values.swift, OrderedDictionary.swift (in target 'OrderedCollections' from project 'swift-collections')

SwiftCompile normal arm64 Compiling\ Numerics.swift /Users/jamesalford/Library/Developer/Xcode/DerivedData/NotedCore-ftviuoyqruynvwbzbngenbwxsygv/SourcePackages/checkouts/swift-numerics/Sources/Numerics/Numerics.swift (in target 'Numerics' from project 'swift-numerics')

SwiftCompile normal arm64 /Users/jamesalford/Library/Developer/Xcode/DerivedData/NotedCore-ftviuoyqruynvwbzbngenbwxsygv/SourcePackages/checkouts/swift-numerics/Sources/Numerics/Numerics.swift (in target 'Numerics' from project 'swift-numerics')
    cd /Users/jamesalford/Documents/NotedCore/NotedCore.xcodeproj
    

CodeSign /Users/jamesalford/Library/Developer/Xcode/DerivedData/NotedCore-ftviuoyqruynvwbzbngenbwxsygv/Build/Products/Debug-watchsimulator/NotedWatch\ Watch\ App.app/__preview.dylib (in target 'NotedWatch Watch App' from project 'NotedCore')
    cd /Users/jamesalford/Documents/NotedCore
    
    Signing Identity:     "Sign to Run Locally"
    
    /usr/bin/codesign --force --sign - --timestamp\=none --generate-entitlement-der /Users/jamesalford/Library/Developer/Xcode/DerivedData/NotedCore-ftviuoyqruynvwbzbngenbwxsygv/Build/Products/Debug-watchsimulator/NotedWatch\ Watch\ App.app/__preview.dylib

SwiftDriverJobDiscovery normal arm64 Compiling OrderedSet+Insertions.swift, OrderedSet+Invariants.swift, OrderedSet+Partial MutableCollection.swift, OrderedSet+Partial RangeReplaceableCollection.swift (in target 'OrderedCollections' from project 'swift-collections')

SwiftDriverJobDiscovery normal arm64 Compiling Complex+AlgebraicField.swift (in target 'ComplexModule' from project 'swift-numerics')

SwiftDriverJobDiscovery normal arm64 Emitting module for Numerics (in target 'Numerics' from project 'swift-numerics')

SwiftDriver\ Compilation\ Requirements Numerics normal arm64 com.apple.xcode.tools.swift.compiler (in target 'Numerics' from project 'swift-numerics')
    cd /Users/jamesalford/Documents/NotedCore/NotedCore.xcodeproj
    builtin-Swift-Compilation-Requirements -- /Applications/Xcode.app/Contents/Developer/Toolchains/XcodeDefault.xctoolchain/usr/bin/swiftc -module-name Numerics -Onone -enforce-exclusivity\=checked @/Users/jamesalford/Library/Developer/Xcode/DerivedData/NotedCore-ftviuoyqruynvwbzbngenbwxsygv/Build/Intermediates.noindex/swift-numerics.build/Debug-iphonesimulator/Numerics.build/Objects-normal/arm64/Numerics.SwiftFileList -DSWIFT_PACKAGE -DDEBUG -DSWIFT_MODULE_RESOURCE_BUNDLE_UNAVAILABLE -DXcode -plugin-path /Applications/Xcode.app/Contents/Developer/Toolchains/XcodeDefault.xctoolchain/usr/lib/swift/host/plugins/testing -enable-experimental-feature DebugDescriptionMacro -sdk /Applications/Xcode.app/Contents/Developer/Platforms/iPhoneSimulator.platform/Developer/SDKs/iPhoneSimulator26.0.sdk -target arm64-apple-ios12.0-simulator -g -module-cache-path /Users/jamesalford/Library/Developer/Xcode/DerivedData/ModuleCache.noindex -Xfrontend -serialize-debugging-options -profile-coverage-mapping -profile-generate -enable-testing -suppress-warnings -index-store-path /Users/jamesalford/Library/Developer/Xcode/DerivedData/NotedCore-ftviuoyqruynvwbzbngenbwxsygv/Index.noindex/DataStore -Xcc -D_LIBCPP_HARDENING_MODE\=_LIBCPP_HARDENING_MODE_DEBUG -swift-version 5 -I /Users/jamesalford/Library/Developer/Xcode/DerivedData/NotedCore-ftviuoyqruynvwbzbngenbwxsygv/Build/Products/Debug-iphonesimulator -Isystem /Applications/Xcode.app/Contents/Developer/Platforms/iPhoneSimulator.platform/Developer/usr/lib -F /Users/jamesalford/Library/Developer/Xcode/DerivedData/NotedCore-ftviuoyqruynvwbzbngenbwxsygv/Build/Products/Debug-iphonesimulator/PackageFrameworks -F /Users/jamesalford/Library/Developer/Xcode/DerivedData/NotedCore-ftviuoyqruynvwbzbngenbwxsygv/Build/Products/Debug-iphonesimulator/PackageFrameworks -F /Users/jamesalford/Library/Developer/Xcode/DerivedData/NotedCore-ftviuoyqruynvwbzbngenbwxsygv/Build/Products/Debug-iphonesimulator/PackageFrameworks -F /Users/jamesalford/Library/Developer/Xcode/DerivedData/NotedCore-ftviuoyqruynvwbzbngenbwxsygv/Build/Products/Debug-iphonesimulator -F /Applications/Xcode.app/Contents/Developer/Platforms/iPhoneSimulator.platform/Developer/Library/Frameworks -F /Applications/Xcode.app/Contents/Developer/Platforms/iPhoneSimulator.platform/Developer/SDKs/iPhoneSimulator26.0.sdk/Developer/Library/Frameworks -parse-as-library -c -j14 -enable-batch-mode -incremental -Xcc -ivfsstatcache -Xcc /Users/jamesalford/Library/Developer/Xcode/DerivedData/SDKStatCaches.noindex/iphonesimulator26.0-23A339-3885c01c3e6b6a337905948deab2002e26257891a6c027eb51374368541b8346.sdkstatcache -output-file-map /Users/jamesalford/Library/Developer/Xcode/DerivedData/NotedCore-ftviuoyqruynvwbzbngenbwxsygv/Build/Intermediates.noindex/swift-numerics.build/Debug-iphonesimulator/Numerics.build/Objects-normal/arm64/Numerics-OutputFileMap.json -use-frontend-parseable-output -save-temps -no-color-diagnostics -explicit-module-build -module-cache-path /Users/jamesalford/Library/Developer/Xcode/DerivedData/NotedCore-ftviuoyqruynvwbzbngenbwxsygv/Build/Intermediates.noindex/SwiftExplicitPrecompiledModules -clang-scanner-module-cache-path /Users/jamesalford/Library/Developer/Xcode/DerivedData/ModuleCache.noindex -sdk-module-cache-path /Users/jamesalford/Library/Developer/Xcode/DerivedData/ModuleCache.noindex -serialize-diagnostics -emit-dependencies -emit-module -emit-module-path /Users/jamesalford/Library/Developer/Xcode/DerivedData/NotedCore-ftviuoyqruynvwbzbngenbwxsygv/Build/Intermediates.noindex/swift-numerics.build/Debug-iphonesimulator/Numerics.build/Objects-normal/arm64/Numerics.swiftmodule -validate-clang-modules-once -clang-build-session-file /Users/jamesalford/Library/Developer/Xcode/DerivedData/ModuleCache.noindex/Session.modulevalidation -package-name swift_numerics -Xcc -I/Users/jamesalford/Library/Developer/Xcode/DerivedData/NotedCore-ftviuoyqruynvwbzbngenbwxsygv/Build/Intermediates.noindex/swift-numerics.build/Debug-iphonesimulator/Numerics.build/swift-overrides.hmap -emit-const-values -Xfrontend -const-gather-protocols-file -Xfrontend /Users/jamesalford/Library/Developer/Xcode/DerivedData/NotedCore-ftviuoyqruynvwbzbngenbwxsygv/Build/Intermediates.noindex/swift-numerics.build/Debug-iphonesimulator/Numerics.build/Objects-normal/arm64/Numerics_const_extract_protocols.json -Xcc -I/Users/jamesalford/Library/Developer/Xcode/DerivedData/NotedCore-ftviuoyqruynvwbzbngenbwxsygv/SourcePackages/checkouts/swift-numerics/Sources/_NumericsShims/include -Xcc -I/Users/jamesalford/Library/Developer/Xcode/DerivedData/NotedCore-ftviuoyqruynvwbzbngenbwxsygv/Build/Products/Debug-iphonesimulator/include -Xcc -I/Users/jamesalford/Library/Developer/Xcode/DerivedData/NotedCore-ftviuoyqruynvwbzbngenbwxsygv/Build/Intermediates.noindex/swift-numerics.build/Debug-iphonesimulator/Numerics.build/DerivedSources-normal/arm64 -Xcc -I/Users/jamesalford/Library/Developer/Xcode/DerivedData/NotedCore-ftviuoyqruynvwbzbngenbwxsygv/Build/Intermediates.noindex/swift-numerics.build/Debug-iphonesimulator/Numerics.build/DerivedSources/arm64 -Xcc -I/Users/jamesalford/Library/Developer/Xcode/DerivedData/NotedCore-ftviuoyqruynvwbzbngenbwxsygv/Build/Intermediates.noindex/swift-numerics.build/Debug-iphonesimulator/Numerics.build/DerivedSources -Xcc -DSWIFT_PACKAGE -Xcc -DDEBUG\=1 -emit-objc-header -emit-objc-header-path /Users/jamesalford/Library/Developer/Xcode/DerivedData/NotedCore-ftviuoyqruynvwbzbngenbwxsygv/Build/Intermediates.noindex/swift-numerics.build/Debug-iphonesimulator/Numerics.build/Objects-normal/arm64/Numerics-Swift.h -working-directory /Users/jamesalford/Documents/NotedCore/NotedCore.xcodeproj -experimental-emit-module-separately -disable-cmo

SwiftMergeGeneratedHeaders /Users/jamesalford/Library/Developer/Xcode/DerivedData/NotedCore-ftviuoyqruynvwbzbngenbwxsygv/Build/Intermediates.noindex/GeneratedModuleMaps-iphonesimulator/Numerics-Swift.h /Users/jamesalford/Library/Developer/Xcode/DerivedData/NotedCore-ftviuoyqruynvwbzbngenbwxsygv/Build/Intermediates.noindex/swift-numerics.build/Debug-iphonesimulator/Numerics.build/Objects-normal/arm64/Numerics-Swift.h (in target 'Numerics' from project 'swift-numerics')
    cd /Users/jamesalford/Library/Developer/Xcode/DerivedData/NotedCore-ftviuoyqruynvwbzbngenbwxsygv/SourcePackages/checkouts/swift-numerics
    builtin-swiftHeaderTool -arch arm64 /Users/jamesalford/Library/Developer/Xcode/DerivedData/NotedCore-ftviuoyqruynvwbzbngenbwxsygv/Build/Intermediates.noindex/swift-numerics.build/Debug-iphonesimulator/Numerics.build/Objects-normal/arm64/Numerics-Swift.h -o /Users/jamesalford/Library/Developer/Xcode/DerivedData/NotedCore-ftviuoyqruynvwbzbngenbwxsygv/Build/Intermediates.noindex/GeneratedModuleMaps-iphonesimulator/Numerics-Swift.h

Copy /Users/jamesalford/Library/Developer/Xcode/DerivedData/NotedCore-ftviuoyqruynvwbzbngenbwxsygv/Build/Products/Debug-iphonesimulator/Numerics.swiftmodule/arm64-apple-ios-simulator.swiftmodule /Users/jamesalford/Library/Developer/Xcode/DerivedData/NotedCore-ftviuoyqruynvwbzbngenbwxsygv/Build/Intermediates.noindex/swift-numerics.build/Debug-iphonesimulator/Numerics.build/Objects-normal/arm64/Numerics.swiftmodule (in target 'Numerics' from project 'swift-numerics')
    cd /Users/jamesalford/Library/Developer/Xcode/DerivedData/NotedCore-ftviuoyqruynvwbzbngenbwxsygv/SourcePackages/checkouts/swift-numerics
    builtin-copy -exclude .DS_Store -exclude CVS -exclude .svn -exclude .git -exclude .hg -resolve-src-symlinks -rename /Users/jamesalford/Library/Developer/Xcode/DerivedData/NotedCore-ftviuoyqruynvwbzbngenbwxsygv/Build/Intermediates.noindex/swift-numerics.build/Debug-iphonesimulator/Numerics.build/Objects-normal/arm64/Numerics.swiftmodule /Users/jamesalford/Library/Developer/Xcode/DerivedData/NotedCore-ftviuoyqruynvwbzbngenbwxsygv/Build/Products/Debug-iphonesimulator/Numerics.swiftmodule/arm64-apple-ios-simulator.swiftmodule

Copy /Users/jamesalford/Library/Developer/Xcode/DerivedData/NotedCore-ftviuoyqruynvwbzbngenbwxsygv/Build/Products/Debug-iphonesimulator/Numerics.swiftmodule/arm64-apple-ios-simulator.swiftdoc /Users/jamesalford/Library/Developer/Xcode/DerivedData/NotedCore-ftviuoyqruynvwbzbngenbwxsygv/Build/Intermediates.noindex/swift-numerics.build/Debug-iphonesimulator/Numerics.build/Objects-normal/arm64/Numerics.swiftdoc (in target 'Numerics' from project 'swift-numerics')
    cd /Users/jamesalford/Library/Developer/Xcode/DerivedData/NotedCore-ftviuoyqruynvwbzbngenbwxsygv/SourcePackages/checkouts/swift-numerics
    builtin-copy -exclude .DS_Store -exclude CVS -exclude .svn -exclude .git -exclude .hg -resolve-src-symlinks -rename /Users/jamesalford/Library/Developer/Xcode/DerivedData/NotedCore-ftviuoyqruynvwbzbngenbwxsygv/Build/Intermediates.noindex/swift-numerics.build/Debug-iphonesimulator/Numerics.build/Objects-normal/arm64/Numerics.swiftdoc /Users/jamesalford/Library/Developer/Xcode/DerivedData/NotedCore-ftviuoyqruynvwbzbngenbwxsygv/Build/Products/Debug-iphonesimulator/Numerics.swiftmodule/arm64-apple-ios-simulator.swiftdoc

Copy /Users/jamesalford/Library/Developer/Xcode/DerivedData/NotedCore-ftviuoyqruynvwbzbngenbwxsygv/Build/Products/Debug-iphonesimulator/Numerics.swiftmodule/arm64-apple-ios-simulator.abi.json /Users/jamesalford/Library/Developer/Xcode/DerivedData/NotedCore-ftviuoyqruynvwbzbngenbwxsygv/Build/Intermediates.noindex/swift-numerics.build/Debug-iphonesimulator/Numerics.build/Objects-normal/arm64/Numerics.abi.json (in target 'Numerics' from project 'swift-numerics')
    cd /Users/jamesalford/Library/Developer/Xcode/DerivedData/NotedCore-ftviuoyqruynvwbzbngenbwxsygv/SourcePackages/checkouts/swift-numerics
    builtin-copy -exclude .DS_Store -exclude CVS -exclude .svn -exclude .git -exclude .hg -resolve-src-symlinks -rename /Users/jamesalford/Library/Developer/Xcode/DerivedData/NotedCore-ftviuoyqruynvwbzbngenbwxsygv/Build/Intermediates.noindex/swift-numerics.build/Debug-iphonesimulator/Numerics.build/Objects-normal/arm64/Numerics.abi.json /Users/jamesalford/Library/Developer/Xcode/DerivedData/NotedCore-ftviuoyqruynvwbzbngenbwxsygv/Build/Products/Debug-iphonesimulator/Numerics.swiftmodule/arm64-apple-ios-simulator.abi.json

Copy /Users/jamesalford/Library/Developer/Xcode/DerivedData/NotedCore-ftviuoyqruynvwbzbngenbwxsygv/Build/Products/Debug-iphonesimulator/Numerics.swiftmodule/Project/arm64-apple-ios-simulator.swiftsourceinfo /Users/jamesalford/Library/Developer/Xcode/DerivedData/NotedCore-ftviuoyqruynvwbzbngenbwxsygv/Build/Intermediates.noindex/swift-numerics.build/Debug-iphonesimulator/Numerics.build/Objects-normal/arm64/Numerics.swiftsourceinfo (in target 'Numerics' from project 'swift-numerics')
    cd /Users/jamesalford/Library/Developer/Xcode/DerivedData/NotedCore-ftviuoyqruynvwbzbngenbwxsygv/SourcePackages/checkouts/swift-numerics
    builtin-copy -exclude .DS_Store -exclude CVS -exclude .svn -exclude .git -exclude .hg -resolve-src-symlinks -rename /Users/jamesalford/Library/Developer/Xcode/DerivedData/NotedCore-ftviuoyqruynvwbzbngenbwxsygv/Build/Intermediates.noindex/swift-numerics.build/Debug-iphonesimulator/Numerics.build/Objects-normal/arm64/Numerics.swiftsourceinfo /Users/jamesalford/Library/Developer/Xcode/DerivedData/NotedCore-ftviuoyqruynvwbzbngenbwxsygv/Build/Products/Debug-iphonesimulator/Numerics.swiftmodule/Project/arm64-apple-ios-simulator.swiftsourceinfo

CodeSign /Users/jamesalford/Library/Developer/Xcode/DerivedData/NotedCore-ftviuoyqruynvwbzbngenbwxsygv/Build/Products/Debug-watchsimulator/NotedWatch\ Watch\ App.app (in target 'NotedWatch Watch App' from project 'NotedCore')
    cd /Users/jamesalford/Documents/NotedCore
    
    Signing Identity:     "Sign to Run Locally"
    
    /usr/bin/codesign --force --sign - --timestamp\=none --generate-entitlement-der /Users/jamesalford/Library/Developer/Xcode/DerivedData/NotedCore-ftviuoyqruynvwbzbngenbwxsygv/Build/Products/Debug-watchsimulator/NotedWatch\ Watch\ App.app

SwiftDriverJobDiscovery normal arm64 Compiling Numerics.swift (in target 'Numerics' from project 'swift-numerics')

SwiftDriver\ Compilation Numerics normal arm64 com.apple.xcode.tools.swift.compiler (in target 'Numerics' from project 'swift-numerics')
    cd /Users/jamesalford/Documents/NotedCore/NotedCore.xcodeproj
    builtin-Swift-Compilation -- /Applications/Xcode.app/Contents/Developer/Toolchains/XcodeDefault.xctoolchain/usr/bin/swiftc -module-name Numerics -Onone -enforce-exclusivity\=checked @/Users/jamesalford/Library/Developer/Xcode/DerivedData/NotedCore-ftviuoyqruynvwbzbngenbwxsygv/Build/Intermediates.noindex/swift-numerics.build/Debug-iphonesimulator/Numerics.build/Objects-normal/arm64/Numerics.SwiftFileList -DSWIFT_PACKAGE -DDEBUG -DSWIFT_MODULE_RESOURCE_BUNDLE_UNAVAILABLE -DXcode -plugin-path /Applications/Xcode.app/Contents/Developer/Toolchains/XcodeDefault.xctoolchain/usr/lib/swift/host/plugins/testing -enable-experimental-feature DebugDescriptionMacro -sdk /Applications/Xcode.app/Contents/Developer/Platforms/iPhoneSimulator.platform/Developer/SDKs/iPhoneSimulator26.0.sdk -target arm64-apple-ios12.0-simulator -g -module-cache-path /Users/jamesalford/Library/Developer/Xcode/DerivedData/ModuleCache.noindex -Xfrontend -serialize-debugging-options -profile-coverage-mapping -profile-generate -enable-testing -suppress-warnings -index-store-path /Users/jamesalford/Library/Developer/Xcode/DerivedData/NotedCore-ftviuoyqruynvwbzbngenbwxsygv/Index.noindex/DataStore -Xcc -D_LIBCPP_HARDENING_MODE\=_LIBCPP_HARDENING_MODE_DEBUG -swift-version 5 -I /Users/jamesalford/Library/Developer/Xcode/DerivedData/NotedCore-ftviuoyqruynvwbzbngenbwxsygv/Build/Products/Debug-iphonesimulator -Isystem /Applications/Xcode.app/Contents/Developer/Platforms/iPhoneSimulator.platform/Developer/usr/lib -F /Users/jamesalford/Library/Developer/Xcode/DerivedData/NotedCore-ftviuoyqruynvwbzbngenbwxsygv/Build/Products/Debug-iphonesimulator/PackageFrameworks -F /Users/jamesalford/Library/Developer/Xcode/DerivedData/NotedCore-ftviuoyqruynvwbzbngenbwxsygv/Build/Products/Debug-iphonesimulator/PackageFrameworks -F /Users/jamesalford/Library/Developer/Xcode/DerivedData/NotedCore-ftviuoyqruynvwbzbngenbwxsygv/Build/Products/Debug-iphonesimulator/PackageFrameworks -F /Users/jamesalford/Library/Developer/Xcode/DerivedData/NotedCore-ftviuoyqruynvwbzbngenbwxsygv/Build/Products/Debug-iphonesimulator -F /Applications/Xcode.app/Contents/Developer/Platforms/iPhoneSimulator.platform/Developer/Library/Frameworks -F /Applications/Xcode.app/Contents/Developer/Platforms/iPhoneSimulator.platform/Developer/SDKs/iPhoneSimulator26.0.sdk/Developer/Library/Frameworks -parse-as-library -c -j14 -enable-batch-mode -incremental -Xcc -ivfsstatcache -Xcc /Users/jamesalford/Library/Developer/Xcode/DerivedData/SDKStatCaches.noindex/iphonesimulator26.0-23A339-3885c01c3e6b6a337905948deab2002e26257891a6c027eb51374368541b8346.sdkstatcache -output-file-map /Users/jamesalford/Library/Developer/Xcode/DerivedData/NotedCore-ftviuoyqruynvwbzbngenbwxsygv/Build/Intermediates.noindex/swift-numerics.build/Debug-iphonesimulator/Numerics.build/Objects-normal/arm64/Numerics-OutputFileMap.json -use-frontend-parseable-output -save-temps -no-color-diagnostics -explicit-module-build -module-cache-path /Users/jamesalford/Library/Developer/Xcode/DerivedData/NotedCore-ftviuoyqruynvwbzbngenbwxsygv/Build/Intermediates.noindex/SwiftExplicitPrecompiledModules -clang-scanner-module-cache-path /Users/jamesalford/Library/Developer/Xcode/DerivedData/ModuleCache.noindex -sdk-module-cache-path /Users/jamesalford/Library/Developer/Xcode/DerivedData/ModuleCache.noindex -serialize-diagnostics -emit-dependencies -emit-module -emit-module-path /Users/jamesalford/Library/Developer/Xcode/DerivedData/NotedCore-ftviuoyqruynvwbzbngenbwxsygv/Build/Intermediates.noindex/swift-numerics.build/Debug-iphonesimulator/Numerics.build/Objects-normal/arm64/Numerics.swiftmodule -validate-clang-modules-once -clang-build-session-file /Users/jamesalford/Library/Developer/Xcode/DerivedData/ModuleCache.noindex/Session.modulevalidation -package-name swift_numerics -Xcc -I/Users/jamesalford/Library/Developer/Xcode/DerivedData/NotedCore-ftviuoyqruynvwbzbngenbwxsygv/Build/Intermediates.noindex/swift-numerics.build/Debug-iphonesimulator/Numerics.build/swift-overrides.hmap -emit-const-values -Xfrontend -const-gather-protocols-file -Xfrontend /Users/jamesalford/Library/Developer/Xcode/DerivedData/NotedCore-ftviuoyqruynvwbzbngenbwxsygv/Build/Intermediates.noindex/swift-numerics.build/Debug-iphonesimulator/Numerics.build/Objects-normal/arm64/Numerics_const_extract_protocols.json -Xcc -I/Users/jamesalford/Library/Developer/Xcode/DerivedData/NotedCore-ftviuoyqruynvwbzbngenbwxsygv/SourcePackages/checkouts/swift-numerics/Sources/_NumericsShims/include -Xcc -I/Users/jamesalford/Library/Developer/Xcode/DerivedData/NotedCore-ftviuoyqruynvwbzbngenbwxsygv/Build/Products/Debug-iphonesimulator/include -Xcc -I/Users/jamesalford/Library/Developer/Xcode/DerivedData/NotedCore-ftviuoyqruynvwbzbngenbwxsygv/Build/Intermediates.noindex/swift-numerics.build/Debug-iphonesimulator/Numerics.build/DerivedSources-normal/arm64 -Xcc -I/Users/jamesalford/Library/Developer/Xcode/DerivedData/NotedCore-ftviuoyqruynvwbzbngenbwxsygv/Build/Intermediates.noindex/swift-numerics.build/Debug-iphonesimulator/Numerics.build/DerivedSources/arm64 -Xcc -I/Users/jamesalford/Library/Developer/Xcode/DerivedData/NotedCore-ftviuoyqruynvwbzbngenbwxsygv/Build/Intermediates.noindex/swift-numerics.build/Debug-iphonesimulator/Numerics.build/DerivedSources -Xcc -DSWIFT_PACKAGE -Xcc -DDEBUG\=1 -emit-objc-header -emit-objc-header-path /Users/jamesalford/Library/Developer/Xcode/DerivedData/NotedCore-ftviuoyqruynvwbzbngenbwxsygv/Build/Intermediates.noindex/swift-numerics.build/Debug-iphonesimulator/Numerics.build/Objects-normal/arm64/Numerics-Swift.h -working-directory /Users/jamesalford/Documents/NotedCore/NotedCore.xcodeproj -experimental-emit-module-separately -disable-cmo

SwiftDriver MLX normal arm64 com.apple.xcode.tools.swift.compiler (in target 'MLX' from project 'mlx-swift')
    cd /Users/jamesalford/Documents/NotedCore/NotedCore.xcodeproj
    builtin-SwiftDriver -- /Applications/Xcode.app/Contents/Developer/Toolchains/XcodeDefault.xctoolchain/usr/bin/swiftc -module-name MLX -Onone -enforce-exclusivity\=checked @/Users/jamesalford/Library/Developer/Xcode/DerivedData/NotedCore-ftviuoyqruynvwbzbngenbwxsygv/Build/Intermediates.noindex/mlx-swift.build/Debug-iphonesimulator/MLX.build/Objects-normal/arm64/MLX.SwiftFileList -DSWIFT_PACKAGE -DDEBUG -DSWIFT_MODULE_RESOURCE_BUNDLE_UNAVAILABLE -DXcode -enable-experimental-feature StrictConcurrency -plugin-path /Applications/Xcode.app/Contents/Developer/Toolchains/XcodeDefault.xctoolchain/usr/lib/swift/host/plugins/testing -enable-experimental-feature DebugDescriptionMacro -sdk /Applications/Xcode.app/Contents/Developer/Platforms/iPhoneSimulator.platform/Developer/SDKs/iPhoneSimulator26.0.sdk -target arm64-apple-ios16.0-simulator -g -module-cache-path /Users/jamesalford/Library/Developer/Xcode/DerivedData/ModuleCache.noindex -Xfrontend -serialize-debugging-options -profile-coverage-mapping -profile-generate -enable-testing -suppress-warnings -index-store-path /Users/jamesalford/Library/Developer/Xcode/DerivedData/NotedCore-ftviuoyqruynvwbzbngenbwxsygv/Index.noindex/DataStore -Xcc -D_LIBCPP_HARDENING_MODE\=_LIBCPP_HARDENING_MODE_DEBUG -swift-version 5 -I /Users/jamesalford/Library/Developer/Xcode/DerivedData/NotedCore-ftviuoyqruynvwbzbngenbwxsygv/Build/Products/Debug-iphonesimulator -Isystem /Applications/Xcode.app/Contents/Developer/Platforms/iPhoneSimulator.platform/Developer/usr/lib -F /Users/jamesalford/Library/Developer/Xcode/DerivedData/NotedCore-ftviuoyqruynvwbzbngenbwxsygv/Build/Products/Debug-iphonesimulator/PackageFrameworks -F /Users/jamesalford/Library/Developer/Xcode/DerivedData/NotedCore-ftviuoyqruynvwbzbngenbwxsygv/Build/Products/Debug-iphonesimulator/PackageFrameworks -F /Users/jamesalford/Library/Developer/Xcode/DerivedData/NotedCore-ftviuoyqruynvwbzbngenbwxsygv/Build/Products/Debug-iphonesimulator/PackageFrameworks -F /Users/jamesalford/Library/Developer/Xcode/DerivedData/NotedCore-ftviuoyqruynvwbzbngenbwxsygv/Build/Products/Debug-iphonesimulator/PackageFrameworks -F /Users/jamesalford/Library/Developer/Xcode/DerivedData/NotedCore-ftviuoyqruynvwbzbngenbwxsygv/Build/Products/Debug-iphonesimulator/PackageFrameworks -F /Users/jamesalford/Library/Developer/Xcode/DerivedData/NotedCore-ftviuoyqruynvwbzbngenbwxsygv/Build/Products/Debug-iphonesimulator -F /Applications/Xcode.app/Contents/Developer/Platforms/iPhoneSimulator.platform/Developer/Library/Frameworks -F /Applications/Xcode.app/Contents/Developer/Platforms/iPhoneSimulator.platform/Developer/SDKs/iPhoneSimulator26.0.sdk/Developer/Library/Frameworks -c -j14 -enable-batch-mode -incremental -Xcc -ivfsstatcache -Xcc /Users/jamesalford/Library/Developer/Xcode/DerivedData/SDKStatCaches.noindex/iphonesimulator26.0-23A339-3885c01c3e6b6a337905948deab2002e26257891a6c027eb51374368541b8346.sdkstatcache -output-file-map /Users/jamesalford/Library/Developer/Xcode/DerivedData/NotedCore-ftviuoyqruynvwbzbngenbwxsygv/Build/Intermediates.noindex/mlx-swift.build/Debug-iphonesimulator/MLX.build/Objects-normal/arm64/MLX-OutputFileMap.json -use-frontend-parseable-output -save-temps -no-color-diagnostics -explicit-module-build -module-cache-path /Users/jamesalford/Library/Developer/Xcode/DerivedData/NotedCore-ftviuoyqruynvwbzbngenbwxsygv/Build/Intermediates.noindex/SwiftExplicitPrecompiledModules -clang-scanner-module-cache-path /Users/jamesalford/Library/Developer/Xcode/DerivedData/ModuleCache.noindex -sdk-module-cache-path /Users/jamesalford/Library/Developer/Xcode/DerivedData/ModuleCache.noindex -serialize-diagnostics -emit-dependencies -emit-module -emit-module-path /Users/jamesalford/Library/Developer/Xcode/DerivedData/NotedCore-ftviuoyqruynvwbzbngenbwxsygv/Build/Intermediates.noindex/mlx-swift.build/Debug-iphonesimulator/MLX.build/Objects-normal/arm64/MLX.swiftmodule -validate-clang-modules-once -clang-build-session-file /Users/jamesalford/Library/Developer/Xcode/DerivedData/ModuleCache.noindex/Session.modulevalidation -package-name mlx_swift -Xcc -I/Users/jamesalford/Library/Developer/Xcode/DerivedData/NotedCore-ftviuoyqruynvwbzbngenbwxsygv/Build/Intermediates.noindex/mlx-swift.build/Debug-iphonesimulator/MLX.build/swift-overrides.hmap -emit-const-values -Xfrontend -const-gather-protocols-file -Xfrontend /Users/jamesalford/Library/Developer/Xcode/DerivedData/NotedCore-ftviuoyqruynvwbzbngenbwxsygv/Build/Intermediates.noindex/mlx-swift.build/Debug-iphonesimulator/MLX.build/Objects-normal/arm64/MLX_const_extract_protocols.json -Xcc -I/Users/jamesalford/Library/Developer/Xcode/DerivedData/NotedCore-ftviuoyqruynvwbzbngenbwxsygv/SourcePackages/checkouts/swift-numerics/Sources/_NumericsShims/include -Xcc -I/Users/jamesalford/Library/Developer/Xcode/DerivedData/NotedCore-ftviuoyqruynvwbzbngenbwxsygv/SourcePackages/checkouts/mlx-swift/Source/Cmlx/include -Xcc -I/Users/jamesalford/Library/Developer/Xcode/DerivedData/NotedCore-ftviuoyqruynvwbzbngenbwxsygv/Build/Products/Debug-iphonesimulator/include -Xcc -I/Users/jamesalford/Library/Developer/Xcode/DerivedData/NotedCore-ftviuoyqruynvwbzbngenbwxsygv/Build/Intermediates.noindex/mlx-swift.build/Debug-iphonesimulator/MLX.build/DerivedSources-normal/arm64 -Xcc -I/Users/jamesalford/Library/Developer/Xcode/DerivedData/NotedCore-ftviuoyqruynvwbzbngenbwxsygv/Build/Intermediates.noindex/mlx-swift.build/Debug-iphonesimulator/MLX.build/DerivedSources/arm64 -Xcc -I/Users/jamesalford/Library/Developer/Xcode/DerivedData/NotedCore-ftviuoyqruynvwbzbngenbwxsygv/Build/Intermediates.noindex/mlx-swift.build/Debug-iphonesimulator/MLX.build/DerivedSources -Xcc -DSWIFT_PACKAGE -Xcc -DDEBUG\=1 -emit-objc-header -emit-objc-header-path /Users/jamesalford/Library/Developer/Xcode/DerivedData/NotedCore-ftviuoyqruynvwbzbngenbwxsygv/Build/Intermediates.noindex/mlx-swift.build/Debug-iphonesimulator/MLX.build/Objects-normal/arm64/MLX-Swift.h -working-directory /Users/jamesalford/Documents/NotedCore/NotedCore.xcodeproj -experimental-emit-module-separately -disable-cmo

RegisterExecutionPolicyException /Users/jamesalford/Library/Developer/Xcode/DerivedData/NotedCore-ftviuoyqruynvwbzbngenbwxsygv/Build/Products/Debug-watchsimulator/NotedWatch\ Watch\ App.app (in target 'NotedWatch Watch App' from project 'NotedCore')
    cd /Users/jamesalford/Documents/NotedCore
    builtin-RegisterExecutionPolicyException /Users/jamesalford/Library/Developer/Xcode/DerivedData/NotedCore-ftviuoyqruynvwbzbngenbwxsygv/Build/Products/Debug-watchsimulator/NotedWatch\ Watch\ App.app

RegisterExecutionPolicyException /Users/jamesalford/Library/Developer/Xcode/DerivedData/NotedCore-ftviuoyqruynvwbzbngenbwxsygv/Build/Products/Debug-iphonesimulator/RealModule.o (in target 'RealModule' from project 'swift-numerics')
    cd /Users/jamesalford/Library/Developer/Xcode/DerivedData/NotedCore-ftviuoyqruynvwbzbngenbwxsygv/SourcePackages/checkouts/swift-numerics
    builtin-RegisterExecutionPolicyException /Users/jamesalford/Library/Developer/Xcode/DerivedData/NotedCore-ftviuoyqruynvwbzbngenbwxsygv/Build/Products/Debug-iphonesimulator/RealModule.o

RegisterExecutionPolicyException /Users/jamesalford/Library/Developer/Xcode/DerivedData/NotedCore-ftviuoyqruynvwbzbngenbwxsygv/Build/Products/Debug-iphonesimulator/Hub.o (in target 'Hub' from project 'swift-transformers')
    cd /Users/jamesalford/Library/Developer/Xcode/DerivedData/NotedCore-ftviuoyqruynvwbzbngenbwxsygv/SourcePackages/checkouts/swift-transformers
    builtin-RegisterExecutionPolicyException /Users/jamesalford/Library/Developer/Xcode/DerivedData/NotedCore-ftviuoyqruynvwbzbngenbwxsygv/Build/Products/Debug-iphonesimulator/Hub.o

Validate /Users/jamesalford/Library/Developer/Xcode/DerivedData/NotedCore-ftviuoyqruynvwbzbngenbwxsygv/Build/Products/Debug-watchsimulator/NotedWatch\ Watch\ App.app (in target 'NotedWatch Watch App' from project 'NotedCore')
    cd /Users/jamesalford/Documents/NotedCore
    builtin-validationUtility /Users/jamesalford/Library/Developer/Xcode/DerivedData/NotedCore-ftviuoyqruynvwbzbngenbwxsygv/Build/Products/Debug-watchsimulator/NotedWatch\ Watch\ App.app -shallow-bundle -infoplist-subpath Info.plist

Touch /Users/jamesalford/Library/Developer/Xcode/DerivedData/NotedCore-ftviuoyqruynvwbzbngenbwxsygv/Build/Products/Debug-watchsimulator/NotedWatch\ Watch\ App.app (in target 'NotedWatch Watch App' from project 'NotedCore')
    cd /Users/jamesalford/Documents/NotedCore
    /usr/bin/touch -c /Users/jamesalford/Library/Developer/Xcode/DerivedData/NotedCore-ftviuoyqruynvwbzbngenbwxsygv/Build/Products/Debug-watchsimulator/NotedWatch\ Watch\ App.app

RegisterExecutionPolicyException /Users/jamesalford/Library/Developer/Xcode/DerivedData/NotedCore-ftviuoyqruynvwbzbngenbwxsygv/Build/Products/Debug-iphonesimulator/ArgumentParserToolInfo.o (in target 'ArgumentParserToolInfo' from project 'swift-argument-parser')
    cd /Users/jamesalford/Library/Developer/Xcode/DerivedData/NotedCore-ftviuoyqruynvwbzbngenbwxsygv/SourcePackages/checkouts/swift-argument-parser
    builtin-RegisterExecutionPolicyException /Users/jamesalford/Library/Developer/Xcode/DerivedData/NotedCore-ftviuoyqruynvwbzbngenbwxsygv/Build/Products/Debug-iphonesimulator/ArgumentParserToolInfo.o

SwiftDriverJobDiscovery normal arm64 Compiling _HashTable+UnsafeHandle.swift, _HashTable.swift, _Hashtable+Header.swift, OrderedDictionary+Codable.swift, OrderedDictionary+CustomReflectable.swift (in target 'OrderedCollections' from project 'swift-collections')

SwiftDriverJobDiscovery normal arm64 Emitting module for OrderedCollections (in target 'OrderedCollections' from project 'swift-collections')

SwiftDriver\ Compilation\ Requirements OrderedCollections normal arm64 com.apple.xcode.tools.swift.compiler (in target 'OrderedCollections' from project 'swift-collections')
    cd /Users/jamesalford/Documents/NotedCore/NotedCore.xcodeproj
    builtin-Swift-Compilation-Requirements -- /Applications/Xcode.app/Contents/Developer/Toolchains/XcodeDefault.xctoolchain/usr/bin/swiftc -module-name OrderedCollections -Onone -enforce-exclusivity\=checked @/Users/jamesalford/Library/Developer/Xcode/DerivedData/NotedCore-ftviuoyqruynvwbzbngenbwxsygv/Build/Intermediates.noindex/swift-collections.build/Debug-iphonesimulator/OrderedCollections.build/Objects-normal/arm64/OrderedCollections.SwiftFileList -DSWIFT_PACKAGE -DDEBUG -DSWIFT_MODULE_RESOURCE_BUNDLE_UNAVAILABLE -DCOLLECTIONS_RANDOMIZED_TESTING -DXcode -plugin-path /Applications/Xcode.app/Contents/Developer/Toolchains/XcodeDefault.xctoolchain/usr/lib/swift/host/plugins/testing -enable-experimental-feature DebugDescriptionMacro -sdk /Applications/Xcode.app/Contents/Developer/Platforms/iPhoneSimulator.platform/Developer/SDKs/iPhoneSimulator26.0.sdk -target arm64-apple-ios12.0-simulator -g -module-cache-path /Users/jamesalford/Library/Developer/Xcode/DerivedData/ModuleCache.noindex -Xfrontend -serialize-debugging-options -profile-coverage-mapping -profile-generate -enable-testing -suppress-warnings -index-store-path /Users/jamesalford/Library/Developer/Xcode/DerivedData/NotedCore-ftviuoyqruynvwbzbngenbwxsygv/Index.noindex/DataStore -Xcc -D_LIBCPP_HARDENING_MODE\=_LIBCPP_HARDENING_MODE_DEBUG -swift-version 5 -I /Users/jamesalford/Library/Developer/Xcode/DerivedData/NotedCore-ftviuoyqruynvwbzbngenbwxsygv/Build/Products/Debug-iphonesimulator -Isystem /Applications/Xcode.app/Contents/Developer/Platforms/iPhoneSimulator.platform/Developer/usr/lib -F /Users/jamesalford/Library/Developer/Xcode/DerivedData/NotedCore-ftviuoyqruynvwbzbngenbwxsygv/Build/Products/Debug-iphonesimulator/PackageFrameworks -F /Users/jamesalford/Library/Developer/Xcode/DerivedData/NotedCore-ftviuoyqruynvwbzbngenbwxsygv/Build/Products/Debug-iphonesimulator -F /Applications/Xcode.app/Contents/Developer/Platforms/iPhoneSimulator.platform/Developer/Library/Frameworks -F /Applications/Xcode.app/Contents/Developer/Platforms/iPhoneSimulator.platform/Developer/SDKs/iPhoneSimulator26.0.sdk/Developer/Library/Frameworks -c -j14 -enable-batch-mode -incremental -Xcc -ivfsstatcache -Xcc /Users/jamesalford/Library/Developer/Xcode/DerivedData/SDKStatCaches.noindex/iphonesimulator26.0-23A339-3885c01c3e6b6a337905948deab2002e26257891a6c027eb51374368541b8346.sdkstatcache -output-file-map /Users/jamesalford/Library/Developer/Xcode/DerivedData/NotedCore-ftviuoyqruynvwbzbngenbwxsygv/Build/Intermediates.noindex/swift-collections.build/Debug-iphonesimulator/OrderedCollections.build/Objects-normal/arm64/OrderedCollections-OutputFileMap.json -use-frontend-parseable-output -save-temps -no-color-diagnostics -explicit-module-build -module-cache-path /Users/jamesalford/Library/Developer/Xcode/DerivedData/NotedCore-ftviuoyqruynvwbzbngenbwxsygv/Build/Intermediates.noindex/SwiftExplicitPrecompiledModules -clang-scanner-module-cache-path /Users/jamesalford/Library/Developer/Xcode/DerivedData/ModuleCache.noindex -sdk-module-cache-path /Users/jamesalford/Library/Developer/Xcode/DerivedData/ModuleCache.noindex -serialize-diagnostics -emit-dependencies -emit-module -emit-module-path /Users/jamesalford/Library/Developer/Xcode/DerivedData/NotedCore-ftviuoyqruynvwbzbngenbwxsygv/Build/Intermediates.noindex/swift-collections.build/Debug-iphonesimulator/OrderedCollections.build/Objects-normal/arm64/OrderedCollections.swiftmodule -validate-clang-modules-once -clang-build-session-file /Users/jamesalford/Library/Developer/Xcode/DerivedData/ModuleCache.noindex/Session.modulevalidation -package-name swift_collections -Xcc -I/Users/jamesalford/Library/Developer/Xcode/DerivedData/NotedCore-ftviuoyqruynvwbzbngenbwxsygv/Build/Intermediates.noindex/swift-collections.build/Debug-iphonesimulator/OrderedCollections.build/swift-overrides.hmap -emit-const-values -Xfrontend -const-gather-protocols-file -Xfrontend /Users/jamesalford/Library/Developer/Xcode/DerivedData/NotedCore-ftviuoyqruynvwbzbngenbwxsygv/Build/Intermediates.noindex/swift-collections.build/Debug-iphonesimulator/OrderedCollections.build/Objects-normal/arm64/OrderedCollections_const_extract_protocols.json -Xcc -I/Users/jamesalford/Library/Developer/Xcode/DerivedData/NotedCore-ftviuoyqruynvwbzbngenbwxsygv/Build/Products/Debug-iphonesimulator/include -Xcc -I/Users/jamesalford/Library/Developer/Xcode/DerivedData/NotedCore-ftviuoyqruynvwbzbngenbwxsygv/Build/Intermediates.noindex/swift-collections.build/Debug-iphonesimulator/OrderedCollections.build/DerivedSources-normal/arm64 -Xcc -I/Users/jamesalford/Library/Developer/Xcode/DerivedData/NotedCore-ftviuoyqruynvwbzbngenbwxsygv/Build/Intermediates.noindex/swift-collections.build/Debug-iphonesimulator/OrderedCollections.build/DerivedSources/arm64 -Xcc -I/Users/jamesalford/Library/Developer/Xcode/DerivedData/NotedCore-ftviuoyqruynvwbzbngenbwxsygv/Build/Intermediates.noindex/swift-collections.build/Debug-iphonesimulator/OrderedCollections.build/DerivedSources -Xcc -DSWIFT_PACKAGE -Xcc -DDEBUG\=1 -emit-objc-header -emit-objc-header-path /Users/jamesalford/Library/Developer/Xcode/DerivedData/NotedCore-ftviuoyqruynvwbzbngenbwxsygv/Build/Intermediates.noindex/swift-collections.build/Debug-iphonesimulator/OrderedCollections.build/Objects-normal/arm64/OrderedCollections-Swift.h -working-directory /Users/jamesalford/Documents/NotedCore/NotedCore.xcodeproj -experimental-emit-module-separately -disable-cmo

SwiftEmitModule normal arm64 Emitting\ module\ for\ ArgumentParser (in target 'ArgumentParser' from project 'swift-argument-parser')

EmitSwiftModule normal arm64 (in target 'ArgumentParser' from project 'swift-argument-parser')
    cd /Users/jamesalford/Documents/NotedCore/NotedCore.xcodeproj
    

SwiftCompile normal arm64 Compiling\ Tree.swift,\ CodingKeyValidator.swift,\ NonsenseFlagsValidator.swift /Users/jamesalford/Library/Developer/Xcode/DerivedData/NotedCore-ftviuoyqruynvwbzbngenbwxsygv/SourcePackages/checkouts/swift-argument-parser/Sources/ArgumentParser/Utilities/Tree.swift /Users/jamesalford/Library/Developer/Xcode/DerivedData/NotedCore-ftviuoyqruynvwbzbngenbwxsygv/SourcePackages/checkouts/swift-argument-parser/Sources/ArgumentParser/Validators/CodingKeyValidator.swift /Users/jamesalford/Library/Developer/Xcode/DerivedData/NotedCore-ftviuoyqruynvwbzbngenbwxsygv/SourcePackages/checkouts/swift-argument-parser/Sources/ArgumentParser/Validators/NonsenseFlagsValidator.swift (in target 'ArgumentParser' from project 'swift-argument-parser')

SwiftCompile normal arm64 /Users/jamesalford/Library/Developer/Xcode/DerivedData/NotedCore-ftviuoyqruynvwbzbngenbwxsygv/SourcePackages/checkouts/swift-argument-parser/Sources/ArgumentParser/Utilities/Tree.swift (in target 'ArgumentParser' from project 'swift-argument-parser')
    cd /Users/jamesalford/Documents/NotedCore/NotedCore.xcodeproj
    

SwiftCompile normal arm64 /Users/jamesalford/Library/Developer/Xcode/DerivedData/NotedCore-ftviuoyqruynvwbzbngenbwxsygv/SourcePackages/checkouts/swift-argument-parser/Sources/ArgumentParser/Validators/CodingKeyValidator.swift (in target 'ArgumentParser' from project 'swift-argument-parser')
    cd /Users/jamesalford/Documents/NotedCore/NotedCore.xcodeproj
    

SwiftCompile normal arm64 /Users/jamesalford/Library/Developer/Xcode/DerivedData/NotedCore-ftviuoyqruynvwbzbngenbwxsygv/SourcePackages/checkouts/swift-argument-parser/Sources/ArgumentParser/Validators/NonsenseFlagsValidator.swift (in target 'ArgumentParser' from project 'swift-argument-parser')
    cd /Users/jamesalford/Documents/NotedCore/NotedCore.xcodeproj
    

SwiftCompile normal arm64 Compiling\ CommandParser.swift,\ InputKey.swift,\ InputOrigin.swift,\ Name.swift /Users/jamesalford/Library/Developer/Xcode/DerivedData/NotedCore-ftviuoyqruynvwbzbngenbwxsygv/SourcePackages/checkouts/swift-argument-parser/Sources/ArgumentParser/Parsing/CommandParser.swift /Users/jamesalford/Library/Developer/Xcode/DerivedData/NotedCore-ftviuoyqruynvwbzbngenbwxsygv/SourcePackages/checkouts/swift-argument-parser/Sources/ArgumentParser/Parsing/InputKey.swift /Users/jamesalford/Library/Developer/Xcode/DerivedData/NotedCore-ftviuoyqruynvwbzbngenbwxsygv/SourcePackages/checkouts/swift-argument-parser/Sources/ArgumentParser/Parsing/InputOrigin.swift /Users/jamesalford/Library/Developer/Xcode/DerivedData/NotedCore-ftviuoyqruynvwbzbngenbwxsygv/SourcePackages/checkouts/swift-argument-parser/Sources/ArgumentParser/Parsing/Name.swift (in target 'ArgumentParser' from project 'swift-argument-parser')

SwiftCompile normal arm64 /Users/jamesalford/Library/Developer/Xcode/DerivedData/NotedCore-ftviuoyqruynvwbzbngenbwxsygv/SourcePackages/checkouts/swift-argument-parser/Sources/ArgumentParser/Parsing/CommandParser.swift (in target 'ArgumentParser' from project 'swift-argument-parser')
    cd /Users/jamesalford/Documents/NotedCore/NotedCore.xcodeproj
    

SwiftCompile normal arm64 /Users/jamesalford/Library/Developer/Xcode/DerivedData/NotedCore-ftviuoyqruynvwbzbngenbwxsygv/SourcePackages/checkouts/swift-argument-parser/Sources/ArgumentParser/Parsing/InputKey.swift (in target 'ArgumentParser' from project 'swift-argument-parser')
    cd /Users/jamesalford/Documents/NotedCore/NotedCore.xcodeproj
    

SwiftCompile normal arm64 /Users/jamesalford/Library/Developer/Xcode/DerivedData/NotedCore-ftviuoyqruynvwbzbngenbwxsygv/SourcePackages/checkouts/swift-argument-parser/Sources/ArgumentParser/Parsing/InputOrigin.swift (in target 'ArgumentParser' from project 'swift-argument-parser')
    cd /Users/jamesalford/Documents/NotedCore/NotedCore.xcodeproj
    

SwiftCompile normal arm64 /Users/jamesalford/Library/Developer/Xcode/DerivedData/NotedCore-ftviuoyqruynvwbzbngenbwxsygv/SourcePackages/checkouts/swift-argument-parser/Sources/ArgumentParser/Parsing/Name.swift (in target 'ArgumentParser' from project 'swift-argument-parser')
    cd /Users/jamesalford/Documents/NotedCore/NotedCore.xcodeproj
    

SwiftCompile normal arm64 Compiling\ HelpGenerator.swift,\ MessageInfo.swift,\ UsageGenerator.swift /Users/jamesalford/Library/Developer/Xcode/DerivedData/NotedCore-ftviuoyqruynvwbzbngenbwxsygv/SourcePackages/checkouts/swift-argument-parser/Sources/ArgumentParser/Usage/HelpGenerator.swift /Users/jamesalford/Library/Developer/Xcode/DerivedData/NotedCore-ftviuoyqruynvwbzbngenbwxsygv/SourcePackages/checkouts/swift-argument-parser/Sources/ArgumentParser/Usage/MessageInfo.swift /Users/jamesalford/Library/Developer/Xcode/DerivedData/NotedCore-ftviuoyqruynvwbzbngenbwxsygv/SourcePackages/checkouts/swift-argument-parser/Sources/ArgumentParser/Usage/UsageGenerator.swift (in target 'ArgumentParser' from project 'swift-argument-parser')

SwiftCompile normal arm64 /Users/jamesalford/Library/Developer/Xcode/DerivedData/NotedCore-ftviuoyqruynvwbzbngenbwxsygv/SourcePackages/checkouts/swift-argument-parser/Sources/ArgumentParser/Usage/HelpGenerator.swift (in target 'ArgumentParser' from project 'swift-argument-parser')
    cd /Users/jamesalford/Documents/NotedCore/NotedCore.xcodeproj
    

SwiftCompile normal arm64 /Users/jamesalford/Library/Developer/Xcode/DerivedData/NotedCore-ftviuoyqruynvwbzbngenbwxsygv/SourcePackages/checkouts/swift-argument-parser/Sources/ArgumentParser/Usage/MessageInfo.swift (in target 'ArgumentParser' from project 'swift-argument-parser')
    cd /Users/jamesalford/Documents/NotedCore/NotedCore.xcodeproj
    

SwiftCompile normal arm64 /Users/jamesalford/Library/Developer/Xcode/DerivedData/NotedCore-ftviuoyqruynvwbzbngenbwxsygv/SourcePackages/checkouts/swift-argument-parser/Sources/ArgumentParser/Usage/UsageGenerator.swift (in target 'ArgumentParser' from project 'swift-argument-parser')
    cd /Users/jamesalford/Documents/NotedCore/NotedCore.xcodeproj
    

SwiftCompile normal arm64 Compiling\ CollectionExtensions.swift,\ Mutex.swift,\ Platform.swift /Users/jamesalford/Library/Developer/Xcode/DerivedData/NotedCore-ftviuoyqruynvwbzbngenbwxsygv/SourcePackages/checkouts/swift-argument-parser/Sources/ArgumentParser/Utilities/CollectionExtensions.swift /Users/jamesalford/Library/Developer/Xcode/DerivedData/NotedCore-ftviuoyqruynvwbzbngenbwxsygv/SourcePackages/checkouts/swift-argument-parser/Sources/ArgumentParser/Utilities/Mutex.swift /Users/jamesalford/Library/Developer/Xcode/DerivedData/NotedCore-ftviuoyqruynvwbzbngenbwxsygv/SourcePackages/checkouts/swift-argument-parser/Sources/ArgumentParser/Utilities/Platform.swift (in target 'ArgumentParser' from project 'swift-argument-parser')

SwiftCompile normal arm64 /Users/jamesalford/Library/Developer/Xcode/DerivedData/NotedCore-ftviuoyqruynvwbzbngenbwxsygv/SourcePackages/checkouts/swift-argument-parser/Sources/ArgumentParser/Utilities/CollectionExtensions.swift (in target 'ArgumentParser' from project 'swift-argument-parser')
    cd /Users/jamesalford/Documents/NotedCore/NotedCore.xcodeproj
    

SwiftCompile normal arm64 /Users/jamesalford/Library/Developer/Xcode/DerivedData/NotedCore-ftviuoyqruynvwbzbngenbwxsygv/SourcePackages/checkouts/swift-argument-parser/Sources/ArgumentParser/Utilities/Mutex.swift (in target 'ArgumentParser' from project 'swift-argument-parser')
    cd /Users/jamesalford/Documents/NotedCore/NotedCore.xcodeproj
    

SwiftCompile normal arm64 /Users/jamesalford/Library/Developer/Xcode/DerivedData/NotedCore-ftviuoyqruynvwbzbngenbwxsygv/SourcePackages/checkouts/swift-argument-parser/Sources/ArgumentParser/Utilities/Platform.swift (in target 'ArgumentParser' from project 'swift-argument-parser')
    cd /Users/jamesalford/Documents/NotedCore/NotedCore.xcodeproj
    

SwiftCompile normal arm64 Compiling\ Parsed.swift,\ ParsedValues.swift,\ ParserError.swift /Users/jamesalford/Library/Developer/Xcode/DerivedData/NotedCore-ftviuoyqruynvwbzbngenbwxsygv/SourcePackages/checkouts/swift-argument-parser/Sources/ArgumentParser/Parsing/Parsed.swift /Users/jamesalford/Library/Developer/Xcode/DerivedData/NotedCore-ftviuoyqruynvwbzbngenbwxsygv/SourcePackages/checkouts/swift-argument-parser/Sources/ArgumentParser/Parsing/ParsedValues.swift /Users/jamesalford/Library/Developer/Xcode/DerivedData/NotedCore-ftviuoyqruynvwbzbngenbwxsygv/SourcePackages/checkouts/swift-argument-parser/Sources/ArgumentParser/Parsing/ParserError.swift (in target 'ArgumentParser' from project 'swift-argument-parser')

SwiftCompile normal arm64 /Users/jamesalford/Library/Developer/Xcode/DerivedData/NotedCore-ftviuoyqruynvwbzbngenbwxsygv/SourcePackages/checkouts/swift-argument-parser/Sources/ArgumentParser/Parsing/Parsed.swift (in target 'ArgumentParser' from project 'swift-argument-parser')
    cd /Users/jamesalford/Documents/NotedCore/NotedCore.xcodeproj
    

SwiftCompile normal arm64 /Users/jamesalford/Library/Developer/Xcode/DerivedData/NotedCore-ftviuoyqruynvwbzbngenbwxsygv/SourcePackages/checkouts/swift-argument-parser/Sources/ArgumentParser/Parsing/ParsedValues.swift (in target 'ArgumentParser' from project 'swift-argument-parser')
    cd /Users/jamesalford/Documents/NotedCore/NotedCore.xcodeproj
    

SwiftCompile normal arm64 /Users/jamesalford/Library/Developer/Xcode/DerivedData/NotedCore-ftviuoyqruynvwbzbngenbwxsygv/SourcePackages/checkouts/swift-argument-parser/Sources/ArgumentParser/Parsing/ParserError.swift (in target 'ArgumentParser' from project 'swift-argument-parser')
    cd /Users/jamesalford/Documents/NotedCore/NotedCore.xcodeproj
    

SwiftDriver\ Compilation OrderedCollections normal arm64 com.apple.xcode.tools.swift.compiler (in target 'OrderedCollections' from project 'swift-collections')
    cd /Users/jamesalford/Documents/NotedCore/NotedCore.xcodeproj
    builtin-Swift-Compilation -- /Applications/Xcode.app/Contents/Developer/Toolchains/XcodeDefault.xctoolchain/usr/bin/swiftc -module-name OrderedCollections -Onone -enforce-exclusivity\=checked @/Users/jamesalford/Library/Developer/Xcode/DerivedData/NotedCore-ftviuoyqruynvwbzbngenbwxsygv/Build/Intermediates.noindex/swift-collections.build/Debug-iphonesimulator/OrderedCollections.build/Objects-normal/arm64/OrderedCollections.SwiftFileList -DSWIFT_PACKAGE -DDEBUG -DSWIFT_MODULE_RESOURCE_BUNDLE_UNAVAILABLE -DCOLLECTIONS_RANDOMIZED_TESTING -DXcode -plugin-path /Applications/Xcode.app/Contents/Developer/Toolchains/XcodeDefault.xctoolchain/usr/lib/swift/host/plugins/testing -enable-experimental-feature DebugDescriptionMacro -sdk /Applications/Xcode.app/Contents/Developer/Platforms/iPhoneSimulator.platform/Developer/SDKs/iPhoneSimulator26.0.sdk -target arm64-apple-ios12.0-simulator -g -module-cache-path /Users/jamesalford/Library/Developer/Xcode/DerivedData/ModuleCache.noindex -Xfrontend -serialize-debugging-options -profile-coverage-mapping -profile-generate -enable-testing -suppress-warnings -index-store-path /Users/jamesalford/Library/Developer/Xcode/DerivedData/NotedCore-ftviuoyqruynvwbzbngenbwxsygv/Index.noindex/DataStore -Xcc -D_LIBCPP_HARDENING_MODE\=_LIBCPP_HARDENING_MODE_DEBUG -swift-version 5 -I /Users/jamesalford/Library/Developer/Xcode/DerivedData/NotedCore-ftviuoyqruynvwbzbngenbwxsygv/Build/Products/Debug-iphonesimulator -Isystem /Applications/Xcode.app/Contents/Developer/Platforms/iPhoneSimulator.platform/Developer/usr/lib -F /Users/jamesalford/Library/Developer/Xcode/DerivedData/NotedCore-ftviuoyqruynvwbzbngenbwxsygv/Build/Products/Debug-iphonesimulator/PackageFrameworks -F /Users/jamesalford/Library/Developer/Xcode/DerivedData/NotedCore-ftviuoyqruynvwbzbngenbwxsygv/Build/Products/Debug-iphonesimulator -F /Applications/Xcode.app/Contents/Developer/Platforms/iPhoneSimulator.platform/Developer/Library/Frameworks -F /Applications/Xcode.app/Contents/Developer/Platforms/iPhoneSimulator.platform/Developer/SDKs/iPhoneSimulator26.0.sdk/Developer/Library/Frameworks -c -j14 -enable-batch-mode -incremental -Xcc -ivfsstatcache -Xcc /Users/jamesalford/Library/Developer/Xcode/DerivedData/SDKStatCaches.noindex/iphonesimulator26.0-23A339-3885c01c3e6b6a337905948deab2002e26257891a6c027eb51374368541b8346.sdkstatcache -output-file-map /Users/jamesalford/Library/Developer/Xcode/DerivedData/NotedCore-ftviuoyqruynvwbzbngenbwxsygv/Build/Intermediates.noindex/swift-collections.build/Debug-iphonesimulator/OrderedCollections.build/Objects-normal/arm64/OrderedCollections-OutputFileMap.json -use-frontend-parseable-output -save-temps -no-color-diagnostics -explicit-module-build -module-cache-path /Users/jamesalford/Library/Developer/Xcode/DerivedData/NotedCore-ftviuoyqruynvwbzbngenbwxsygv/Build/Intermediates.noindex/SwiftExplicitPrecompiledModules -clang-scanner-module-cache-path /Users/jamesalford/Library/Developer/Xcode/DerivedData/ModuleCache.noindex -sdk-module-cache-path /Users/jamesalford/Library/Developer/Xcode/DerivedData/ModuleCache.noindex -serialize-diagnostics -emit-dependencies -emit-module -emit-module-path /Users/jamesalford/Library/Developer/Xcode/DerivedData/NotedCore-ftviuoyqruynvwbzbngenbwxsygv/Build/Intermediates.noindex/swift-collections.build/Debug-iphonesimulator/OrderedCollections.build/Objects-normal/arm64/OrderedCollections.swiftmodule -validate-clang-modules-once -clang-build-session-file /Users/jamesalford/Library/Developer/Xcode/DerivedData/ModuleCache.noindex/Session.modulevalidation -package-name swift_collections -Xcc -I/Users/jamesalford/Library/Developer/Xcode/DerivedData/NotedCore-ftviuoyqruynvwbzbngenbwxsygv/Build/Intermediates.noindex/swift-collections.build/Debug-iphonesimulator/OrderedCollections.build/swift-overrides.hmap -emit-const-values -Xfrontend -const-gather-protocols-file -Xfrontend /Users/jamesalford/Library/Developer/Xcode/DerivedData/NotedCore-ftviuoyqruynvwbzbngenbwxsygv/Build/Intermediates.noindex/swift-collections.build/Debug-iphonesimulator/OrderedCollections.build/Objects-normal/arm64/OrderedCollections_const_extract_protocols.json -Xcc -I/Users/jamesalford/Library/Developer/Xcode/DerivedData/NotedCore-ftviuoyqruynvwbzbngenbwxsygv/Build/Products/Debug-iphonesimulator/include -Xcc -I/Users/jamesalford/Library/Developer/Xcode/DerivedData/NotedCore-ftviuoyqruynvwbzbngenbwxsygv/Build/Intermediates.noindex/swift-collections.build/Debug-iphonesimulator/OrderedCollections.build/DerivedSources-normal/arm64 -Xcc -I/Users/jamesalford/Library/Developer/Xcode/DerivedData/NotedCore-ftviuoyqruynvwbzbngenbwxsygv/Build/Intermediates.noindex/swift-collections.build/Debug-iphonesimulator/OrderedCollections.build/DerivedSources/arm64 -Xcc -I/Users/jamesalford/Library/Developer/Xcode/DerivedData/NotedCore-ftviuoyqruynvwbzbngenbwxsygv/Build/Intermediates.noindex/swift-collections.build/Debug-iphonesimulator/OrderedCollections.build/DerivedSources -Xcc -DSWIFT_PACKAGE -Xcc -DDEBUG\=1 -emit-objc-header -emit-objc-header-path /Users/jamesalford/Library/Developer/Xcode/DerivedData/NotedCore-ftviuoyqruynvwbzbngenbwxsygv/Build/Intermediates.noindex/swift-collections.build/Debug-iphonesimulator/OrderedCollections.build/Objects-normal/arm64/OrderedCollections-Swift.h -working-directory /Users/jamesalford/Documents/NotedCore/NotedCore.xcodeproj -experimental-emit-module-separately -disable-cmo

SwiftCompile normal arm64 Compiling\ ParsableArgumentsValidation.swift,\ PositionalArgumentsValidator.swift,\ UniqueNamesValidator.swift /Users/jamesalford/Library/Developer/Xcode/DerivedData/NotedCore-ftviuoyqruynvwbzbngenbwxsygv/SourcePackages/checkouts/swift-argument-parser/Sources/ArgumentParser/Validators/ParsableArgumentsValidation.swift /Users/jamesalford/Library/Developer/Xcode/DerivedData/NotedCore-ftviuoyqruynvwbzbngenbwxsygv/SourcePackages/checkouts/swift-argument-parser/Sources/ArgumentParser/Validators/PositionalArgumentsValidator.swift /Users/jamesalford/Library/Developer/Xcode/DerivedData/NotedCore-ftviuoyqruynvwbzbngenbwxsygv/SourcePackages/checkouts/swift-argument-parser/Sources/ArgumentParser/Validators/UniqueNamesValidator.swift (in target 'ArgumentParser' from project 'swift-argument-parser')

SwiftCompile normal arm64 /Users/jamesalford/Library/Developer/Xcode/DerivedData/NotedCore-ftviuoyqruynvwbzbngenbwxsygv/SourcePackages/checkouts/swift-argument-parser/Sources/ArgumentParser/Validators/ParsableArgumentsValidation.swift (in target 'ArgumentParser' from project 'swift-argument-parser')
    cd /Users/jamesalford/Documents/NotedCore/NotedCore.xcodeproj
    

SwiftCompile normal arm64 /Users/jamesalford/Library/Developer/Xcode/DerivedData/NotedCore-ftviuoyqruynvwbzbngenbwxsygv/SourcePackages/checkouts/swift-argument-parser/Sources/ArgumentParser/Validators/PositionalArgumentsValidator.swift (in target 'ArgumentParser' from project 'swift-argument-parser')
    cd /Users/jamesalford/Documents/NotedCore/NotedCore.xcodeproj
    

SwiftCompile normal arm64 /Users/jamesalford/Library/Developer/Xcode/DerivedData/NotedCore-ftviuoyqruynvwbzbngenbwxsygv/SourcePackages/checkouts/swift-argument-parser/Sources/ArgumentParser/Validators/UniqueNamesValidator.swift (in target 'ArgumentParser' from project 'swift-argument-parser')
    cd /Users/jamesalford/Documents/NotedCore/NotedCore.xcodeproj
    

SwiftCompile normal arm64 Compiling\ SplitArguments.swift,\ DumpHelpGenerator.swift,\ HelpCommand.swift /Users/jamesalford/Library/Developer/Xcode/DerivedData/NotedCore-ftviuoyqruynvwbzbngenbwxsygv/SourcePackages/checkouts/swift-argument-parser/Sources/ArgumentParser/Parsing/SplitArguments.swift /Users/jamesalford/Library/Developer/Xcode/DerivedData/NotedCore-ftviuoyqruynvwbzbngenbwxsygv/SourcePackages/checkouts/swift-argument-parser/Sources/ArgumentParser/Usage/DumpHelpGenerator.swift /Users/jamesalford/Library/Developer/Xcode/DerivedData/NotedCore-ftviuoyqruynvwbzbngenbwxsygv/SourcePackages/checkouts/swift-argument-parser/Sources/ArgumentParser/Usage/HelpCommand.swift (in target 'ArgumentParser' from project 'swift-argument-parser')

SwiftCompile normal arm64 /Users/jamesalford/Library/Developer/Xcode/DerivedData/NotedCore-ftviuoyqruynvwbzbngenbwxsygv/SourcePackages/checkouts/swift-argument-parser/Sources/ArgumentParser/Parsing/SplitArguments.swift (in target 'ArgumentParser' from project 'swift-argument-parser')
    cd /Users/jamesalford/Documents/NotedCore/NotedCore.xcodeproj
    

SwiftCompile normal arm64 /Users/jamesalford/Library/Developer/Xcode/DerivedData/NotedCore-ftviuoyqruynvwbzbngenbwxsygv/SourcePackages/checkouts/swift-argument-parser/Sources/ArgumentParser/Usage/DumpHelpGenerator.swift (in target 'ArgumentParser' from project 'swift-argument-parser')
    cd /Users/jamesalford/Documents/NotedCore/NotedCore.xcodeproj
    

SwiftCompile normal arm64 /Users/jamesalford/Library/Developer/Xcode/DerivedData/NotedCore-ftviuoyqruynvwbzbngenbwxsygv/SourcePackages/checkouts/swift-argument-parser/Sources/ArgumentParser/Usage/HelpCommand.swift (in target 'ArgumentParser' from project 'swift-argument-parser')
    cd /Users/jamesalford/Documents/NotedCore/NotedCore.xcodeproj
    

SwiftCompile normal arm64 Compiling\ Argument.swift,\ ArgumentDiscussion.swift,\ ArgumentHelp.swift,\ ArgumentVisibility.swift /Users/jamesalford/Library/Developer/Xcode/DerivedData/NotedCore-ftviuoyqruynvwbzbngenbwxsygv/SourcePackages/checkouts/swift-argument-parser/Sources/ArgumentParser/Parsable\ Properties/Argument.swift /Users/jamesalford/Library/Developer/Xcode/DerivedData/NotedCore-ftviuoyqruynvwbzbngenbwxsygv/SourcePackages/checkouts/swift-argument-parser/Sources/ArgumentParser/Parsable\ Properties/ArgumentDiscussion.swift /Users/jamesalford/Library/Developer/Xcode/DerivedData/NotedCore-ftviuoyqruynvwbzbngenbwxsygv/SourcePackages/checkouts/swift-argument-parser/Sources/ArgumentParser/Parsable\ Properties/ArgumentHelp.swift /Users/jamesalford/Library/Developer/Xcode/DerivedData/NotedCore-ftviuoyqruynvwbzbngenbwxsygv/SourcePackages/checkouts/swift-argument-parser/Sources/ArgumentParser/Parsable\ Properties/ArgumentVisibility.swift (in target 'ArgumentParser' from project 'swift-argument-parser')

SwiftCompile normal arm64 /Users/jamesalford/Library/Developer/Xcode/DerivedData/NotedCore-ftviuoyqruynvwbzbngenbwxsygv/SourcePackages/checkouts/swift-argument-parser/Sources/ArgumentParser/Parsable\ Properties/Argument.swift (in target 'ArgumentParser' from project 'swift-argument-parser')
    cd /Users/jamesalford/Documents/NotedCore/NotedCore.xcodeproj
    

SwiftCompile normal arm64 /Users/jamesalford/Library/Developer/Xcode/DerivedData/NotedCore-ftviuoyqruynvwbzbngenbwxsygv/SourcePackages/checkouts/swift-argument-parser/Sources/ArgumentParser/Parsable\ Properties/ArgumentDiscussion.swift (in target 'ArgumentParser' from project 'swift-argument-parser')
    cd /Users/jamesalford/Documents/NotedCore/NotedCore.xcodeproj
    

SwiftCompile normal arm64 /Users/jamesalford/Library/Developer/Xcode/DerivedData/NotedCore-ftviuoyqruynvwbzbngenbwxsygv/SourcePackages/checkouts/swift-argument-parser/Sources/ArgumentParser/Parsable\ Properties/ArgumentHelp.swift (in target 'ArgumentParser' from project 'swift-argument-parser')
    cd /Users/jamesalford/Documents/NotedCore/NotedCore.xcodeproj
    

SwiftCompile normal arm64 /Users/jamesalford/Library/Developer/Xcode/DerivedData/NotedCore-ftviuoyqruynvwbzbngenbwxsygv/SourcePackages/checkouts/swift-argument-parser/Sources/ArgumentParser/Parsable\ Properties/ArgumentVisibility.swift (in target 'ArgumentParser' from project 'swift-argument-parser')
    cd /Users/jamesalford/Documents/NotedCore/NotedCore.xcodeproj
    

SwiftMergeGeneratedHeaders /Users/jamesalford/Library/Developer/Xcode/DerivedData/NotedCore-ftviuoyqruynvwbzbngenbwxsygv/Build/Intermediates.noindex/GeneratedModuleMaps-iphonesimulator/OrderedCollections-Swift.h /Users/jamesalford/Library/Developer/Xcode/DerivedData/NotedCore-ftviuoyqruynvwbzbngenbwxsygv/Build/Intermediates.noindex/swift-collections.build/Debug-iphonesimulator/OrderedCollections.build/Objects-normal/arm64/OrderedCollections-Swift.h (in target 'OrderedCollections' from project 'swift-collections')
    cd /Users/jamesalford/Library/Developer/Xcode/DerivedData/NotedCore-ftviuoyqruynvwbzbngenbwxsygv/SourcePackages/checkouts/swift-collections
    builtin-swiftHeaderTool -arch arm64 /Users/jamesalford/Library/Developer/Xcode/DerivedData/NotedCore-ftviuoyqruynvwbzbngenbwxsygv/Build/Intermediates.noindex/swift-collections.build/Debug-iphonesimulator/OrderedCollections.build/Objects-normal/arm64/OrderedCollections-Swift.h -o /Users/jamesalford/Library/Developer/Xcode/DerivedData/NotedCore-ftviuoyqruynvwbzbngenbwxsygv/Build/Intermediates.noindex/GeneratedModuleMaps-iphonesimulator/OrderedCollections-Swift.h

Copy /Users/jamesalford/Library/Developer/Xcode/DerivedData/NotedCore-ftviuoyqruynvwbzbngenbwxsygv/Build/Products/Debug-iphonesimulator/OrderedCollections.swiftmodule/arm64-apple-ios-simulator.swiftmodule /Users/jamesalford/Library/Developer/Xcode/DerivedData/NotedCore-ftviuoyqruynvwbzbngenbwxsygv/Build/Intermediates.noindex/swift-collections.build/Debug-iphonesimulator/OrderedCollections.build/Objects-normal/arm64/OrderedCollections.swiftmodule (in target 'OrderedCollections' from project 'swift-collections')
    cd /Users/jamesalford/Library/Developer/Xcode/DerivedData/NotedCore-ftviuoyqruynvwbzbngenbwxsygv/SourcePackages/checkouts/swift-collections
    builtin-copy -exclude .DS_Store -exclude CVS -exclude .svn -exclude .git -exclude .hg -resolve-src-symlinks -rename /Users/jamesalford/Library/Developer/Xcode/DerivedData/NotedCore-ftviuoyqruynvwbzbngenbwxsygv/Build/Intermediates.noindex/swift-collections.build/Debug-iphonesimulator/OrderedCollections.build/Objects-normal/arm64/OrderedCollections.swiftmodule /Users/jamesalford/Library/Developer/Xcode/DerivedData/NotedCore-ftviuoyqruynvwbzbngenbwxsygv/Build/Products/Debug-iphonesimulator/OrderedCollections.swiftmodule/arm64-apple-ios-simulator.swiftmodule

Copy /Users/jamesalford/Library/Developer/Xcode/DerivedData/NotedCore-ftviuoyqruynvwbzbngenbwxsygv/Build/Products/Debug-iphonesimulator/OrderedCollections.swiftmodule/arm64-apple-ios-simulator.swiftdoc /Users/jamesalford/Library/Developer/Xcode/DerivedData/NotedCore-ftviuoyqruynvwbzbngenbwxsygv/Build/Intermediates.noindex/swift-collections.build/Debug-iphonesimulator/OrderedCollections.build/Objects-normal/arm64/OrderedCollections.swiftdoc (in target 'OrderedCollections' from project 'swift-collections')
    cd /Users/jamesalford/Library/Developer/Xcode/DerivedData/NotedCore-ftviuoyqruynvwbzbngenbwxsygv/SourcePackages/checkouts/swift-collections
    builtin-copy -exclude .DS_Store -exclude CVS -exclude .svn -exclude .git -exclude .hg -resolve-src-symlinks -rename /Users/jamesalford/Library/Developer/Xcode/DerivedData/NotedCore-ftviuoyqruynvwbzbngenbwxsygv/Build/Intermediates.noindex/swift-collections.build/Debug-iphonesimulator/OrderedCollections.build/Objects-normal/arm64/OrderedCollections.swiftdoc /Users/jamesalford/Library/Developer/Xcode/DerivedData/NotedCore-ftviuoyqruynvwbzbngenbwxsygv/Build/Products/Debug-iphonesimulator/OrderedCollections.swiftmodule/arm64-apple-ios-simulator.swiftdoc

Copy /Users/jamesalford/Library/Developer/Xcode/DerivedData/NotedCore-ftviuoyqruynvwbzbngenbwxsygv/Build/Products/Debug-iphonesimulator/OrderedCollections.swiftmodule/arm64-apple-ios-simulator.abi.json /Users/jamesalford/Library/Developer/Xcode/DerivedData/NotedCore-ftviuoyqruynvwbzbngenbwxsygv/Build/Intermediates.noindex/swift-collections.build/Debug-iphonesimulator/OrderedCollections.build/Objects-normal/arm64/OrderedCollections.abi.json (in target 'OrderedCollections' from project 'swift-collections')
    cd /Users/jamesalford/Library/Developer/Xcode/DerivedData/NotedCore-ftviuoyqruynvwbzbngenbwxsygv/SourcePackages/checkouts/swift-collections
    builtin-copy -exclude .DS_Store -exclude CVS -exclude .svn -exclude .git -exclude .hg -resolve-src-symlinks -rename /Users/jamesalford/Library/Developer/Xcode/DerivedData/NotedCore-ftviuoyqruynvwbzbngenbwxsygv/Build/Intermediates.noindex/swift-collections.build/Debug-iphonesimulator/OrderedCollections.build/Objects-normal/arm64/OrderedCollections.abi.json /Users/jamesalford/Library/Developer/Xcode/DerivedData/NotedCore-ftviuoyqruynvwbzbngenbwxsygv/Build/Products/Debug-iphonesimulator/OrderedCollections.swiftmodule/arm64-apple-ios-simulator.abi.json

Copy /Users/jamesalford/Library/Developer/Xcode/DerivedData/NotedCore-ftviuoyqruynvwbzbngenbwxsygv/Build/Products/Debug-iphonesimulator/OrderedCollections.swiftmodule/Project/arm64-apple-ios-simulator.swiftsourceinfo /Users/jamesalford/Library/Developer/Xcode/DerivedData/NotedCore-ftviuoyqruynvwbzbngenbwxsygv/Build/Intermediates.noindex/swift-collections.build/Debug-iphonesimulator/OrderedCollections.build/Objects-normal/arm64/OrderedCollections.swiftsourceinfo (in target 'OrderedCollections' from project 'swift-collections')
    cd /Users/jamesalford/Library/Developer/Xcode/DerivedData/NotedCore-ftviuoyqruynvwbzbngenbwxsygv/SourcePackages/checkouts/swift-collections
    builtin-copy -exclude .DS_Store -exclude CVS -exclude .svn -exclude .git -exclude .hg -resolve-src-symlinks -rename /Users/jamesalford/Library/Developer/Xcode/DerivedData/NotedCore-ftviuoyqruynvwbzbngenbwxsygv/Build/Intermediates.noindex/swift-collections.build/Debug-iphonesimulator/OrderedCollections.build/Objects-normal/arm64/OrderedCollections.swiftsourceinfo /Users/jamesalford/Library/Developer/Xcode/DerivedData/NotedCore-ftviuoyqruynvwbzbngenbwxsygv/Build/Products/Debug-iphonesimulator/OrderedCollections.swiftmodule/Project/arm64-apple-ios-simulator.swiftsourceinfo

SwiftCompile normal arm64 Compiling\ ParsableCommand.swift,\ ArgumentDecoder.swift,\ ArgumentDefinition.swift,\ ArgumentSet.swift /Users/jamesalford/Library/Developer/Xcode/DerivedData/NotedCore-ftviuoyqruynvwbzbngenbwxsygv/SourcePackages/checkouts/swift-argument-parser/Sources/ArgumentParser/Parsable\ Types/ParsableCommand.swift /Users/jamesalford/Library/Developer/Xcode/DerivedData/NotedCore-ftviuoyqruynvwbzbngenbwxsygv/SourcePackages/checkouts/swift-argument-parser/Sources/ArgumentParser/Parsing/ArgumentDecoder.swift /Users/jamesalford/Library/Developer/Xcode/DerivedData/NotedCore-ftviuoyqruynvwbzbngenbwxsygv/SourcePackages/checkouts/swift-argument-parser/Sources/ArgumentParser/Parsing/ArgumentDefinition.swift /Users/jamesalford/Library/Developer/Xcode/DerivedData/NotedCore-ftviuoyqruynvwbzbngenbwxsygv/SourcePackages/checkouts/swift-argument-parser/Sources/ArgumentParser/Parsing/ArgumentSet.swift (in target 'ArgumentParser' from project 'swift-argument-parser')

SwiftCompile normal arm64 /Users/jamesalford/Library/Developer/Xcode/DerivedData/NotedCore-ftviuoyqruynvwbzbngenbwxsygv/SourcePackages/checkouts/swift-argument-parser/Sources/ArgumentParser/Parsable\ Types/ParsableCommand.swift (in target 'ArgumentParser' from project 'swift-argument-parser')
    cd /Users/jamesalford/Documents/NotedCore/NotedCore.xcodeproj
    

SwiftCompile normal arm64 /Users/jamesalford/Library/Developer/Xcode/DerivedData/NotedCore-ftviuoyqruynvwbzbngenbwxsygv/SourcePackages/checkouts/swift-argument-parser/Sources/ArgumentParser/Parsing/ArgumentDecoder.swift (in target 'ArgumentParser' from project 'swift-argument-parser')
    cd /Users/jamesalford/Documents/NotedCore/NotedCore.xcodeproj
    

SwiftCompile normal arm64 /Users/jamesalford/Library/Developer/Xcode/DerivedData/NotedCore-ftviuoyqruynvwbzbngenbwxsygv/SourcePackages/checkouts/swift-argument-parser/Sources/ArgumentParser/Parsing/ArgumentDefinition.swift (in target 'ArgumentParser' from project 'swift-argument-parser')
    cd /Users/jamesalford/Documents/NotedCore/NotedCore.xcodeproj
    

SwiftCompile normal arm64 /Users/jamesalford/Library/Developer/Xcode/DerivedData/NotedCore-ftviuoyqruynvwbzbngenbwxsygv/SourcePackages/checkouts/swift-argument-parser/Sources/ArgumentParser/Parsing/ArgumentSet.swift (in target 'ArgumentParser' from project 'swift-argument-parser')
    cd /Users/jamesalford/Documents/NotedCore/NotedCore.xcodeproj
    

SwiftCompile normal arm64 Compiling\ Option.swift,\ OptionGroup.swift,\ AsyncParsableCommand.swift,\ CommandConfiguration.swift /Users/jamesalford/Library/Developer/Xcode/DerivedData/NotedCore-ftviuoyqruynvwbzbngenbwxsygv/SourcePackages/checkouts/swift-argument-parser/Sources/ArgumentParser/Parsable\ Properties/Option.swift /Users/jamesalford/Library/Developer/Xcode/DerivedData/NotedCore-ftviuoyqruynvwbzbngenbwxsygv/SourcePackages/checkouts/swift-argument-parser/Sources/ArgumentParser/Parsable\ Properties/OptionGroup.swift /Users/jamesalford/Library/Developer/Xcode/DerivedData/NotedCore-ftviuoyqruynvwbzbngenbwxsygv/SourcePackages/checkouts/swift-argument-parser/Sources/ArgumentParser/Parsable\ Types/AsyncParsableCommand.swift /Users/jamesalford/Library/Developer/Xcode/DerivedData/NotedCore-ftviuoyqruynvwbzbngenbwxsygv/SourcePackages/checkouts/swift-argument-parser/Sources/ArgumentParser/Parsable\ Types/CommandConfiguration.swift (in target 'ArgumentParser' from project 'swift-argument-parser')

SwiftCompile normal arm64 /Users/jamesalford/Library/Developer/Xcode/DerivedData/NotedCore-ftviuoyqruynvwbzbngenbwxsygv/SourcePackages/checkouts/swift-argument-parser/Sources/ArgumentParser/Parsable\ Properties/Option.swift (in target 'ArgumentParser' from project 'swift-argument-parser')
    cd /Users/jamesalford/Documents/NotedCore/NotedCore.xcodeproj
    

SwiftCompile normal arm64 /Users/jamesalford/Library/Developer/Xcode/DerivedData/NotedCore-ftviuoyqruynvwbzbngenbwxsygv/SourcePackages/checkouts/swift-argument-parser/Sources/ArgumentParser/Parsable\ Properties/OptionGroup.swift (in target 'ArgumentParser' from project 'swift-argument-parser')
    cd /Users/jamesalford/Documents/NotedCore/NotedCore.xcodeproj
    

SwiftCompile normal arm64 /Users/jamesalford/Library/Developer/Xcode/DerivedData/NotedCore-ftviuoyqruynvwbzbngenbwxsygv/SourcePackages/checkouts/swift-argument-parser/Sources/ArgumentParser/Parsable\ Types/AsyncParsableCommand.swift (in target 'ArgumentParser' from project 'swift-argument-parser')
    cd /Users/jamesalford/Documents/NotedCore/NotedCore.xcodeproj
    

SwiftCompile normal arm64 /Users/jamesalford/Library/Developer/Xcode/DerivedData/NotedCore-ftviuoyqruynvwbzbngenbwxsygv/SourcePackages/checkouts/swift-argument-parser/Sources/ArgumentParser/Parsable\ Types/CommandConfiguration.swift (in target 'ArgumentParser' from project 'swift-argument-parser')
    cd /Users/jamesalford/Documents/NotedCore/NotedCore.xcodeproj
    

SwiftDriverJobDiscovery normal arm64 Compiling Complex+ElementaryFunctions.swift (in target 'ComplexModule' from project 'swift-numerics')

SwiftDriver\ Compilation ComplexModule normal arm64 com.apple.xcode.tools.swift.compiler (in target 'ComplexModule' from project 'swift-numerics')
    cd /Users/jamesalford/Documents/NotedCore/NotedCore.xcodeproj
    builtin-Swift-Compilation -- /Applications/Xcode.app/Contents/Developer/Toolchains/XcodeDefault.xctoolchain/usr/bin/swiftc -module-name ComplexModule -Onone -enforce-exclusivity\=checked @/Users/jamesalford/Library/Developer/Xcode/DerivedData/NotedCore-ftviuoyqruynvwbzbngenbwxsygv/Build/Intermediates.noindex/swift-numerics.build/Debug-iphonesimulator/ComplexModule.build/Objects-normal/arm64/ComplexModule.SwiftFileList -DSWIFT_PACKAGE -DDEBUG -DSWIFT_MODULE_RESOURCE_BUNDLE_UNAVAILABLE -DXcode -plugin-path /Applications/Xcode.app/Contents/Developer/Toolchains/XcodeDefault.xctoolchain/usr/lib/swift/host/plugins/testing -enable-experimental-feature DebugDescriptionMacro -sdk /Applications/Xcode.app/Contents/Developer/Platforms/iPhoneSimulator.platform/Developer/SDKs/iPhoneSimulator26.0.sdk -target arm64-apple-ios12.0-simulator -g -module-cache-path /Users/jamesalford/Library/Developer/Xcode/DerivedData/ModuleCache.noindex -Xfrontend -serialize-debugging-options -profile-coverage-mapping -profile-generate -enable-testing -suppress-warnings -index-store-path /Users/jamesalford/Library/Developer/Xcode/DerivedData/NotedCore-ftviuoyqruynvwbzbngenbwxsygv/Index.noindex/DataStore -Xcc -D_LIBCPP_HARDENING_MODE\=_LIBCPP_HARDENING_MODE_DEBUG -swift-version 5 -I /Users/jamesalford/Library/Developer/Xcode/DerivedData/NotedCore-ftviuoyqruynvwbzbngenbwxsygv/Build/Products/Debug-iphonesimulator -Isystem /Applications/Xcode.app/Contents/Developer/Platforms/iPhoneSimulator.platform/Developer/usr/lib -F /Users/jamesalford/Library/Developer/Xcode/DerivedData/NotedCore-ftviuoyqruynvwbzbngenbwxsygv/Build/Products/Debug-iphonesimulator/PackageFrameworks -F /Users/jamesalford/Library/Developer/Xcode/DerivedData/NotedCore-ftviuoyqruynvwbzbngenbwxsygv/Build/Products/Debug-iphonesimulator/PackageFrameworks -F /Users/jamesalford/Library/Developer/Xcode/DerivedData/NotedCore-ftviuoyqruynvwbzbngenbwxsygv/Build/Products/Debug-iphonesimulator -F /Applications/Xcode.app/Contents/Developer/Platforms/iPhoneSimulator.platform/Developer/Library/Frameworks -F /Applications/Xcode.app/Contents/Developer/Platforms/iPhoneSimulator.platform/Developer/SDKs/iPhoneSimulator26.0.sdk/Developer/Library/Frameworks -c -j14 -enable-batch-mode -incremental -Xcc -ivfsstatcache -Xcc /Users/jamesalford/Library/Developer/Xcode/DerivedData/SDKStatCaches.noindex/iphonesimulator26.0-23A339-3885c01c3e6b6a337905948deab2002e26257891a6c027eb51374368541b8346.sdkstatcache -output-file-map /Users/jamesalford/Library/Developer/Xcode/DerivedData/NotedCore-ftviuoyqruynvwbzbngenbwxsygv/Build/Intermediates.noindex/swift-numerics.build/Debug-iphonesimulator/ComplexModule.build/Objects-normal/arm64/ComplexModule-OutputFileMap.json -use-frontend-parseable-output -save-temps -no-color-diagnostics -explicit-module-build -module-cache-path /Users/jamesalford/Library/Developer/Xcode/DerivedData/NotedCore-ftviuoyqruynvwbzbngenbwxsygv/Build/Intermediates.noindex/SwiftExplicitPrecompiledModules -clang-scanner-module-cache-path /Users/jamesalford/Library/Developer/Xcode/DerivedData/ModuleCache.noindex -sdk-module-cache-path /Users/jamesalford/Library/Developer/Xcode/DerivedData/ModuleCache.noindex -serialize-diagnostics -emit-dependencies -emit-module -emit-module-path /Users/jamesalford/Library/Developer/Xcode/DerivedData/NotedCore-ftviuoyqruynvwbzbngenbwxsygv/Build/Intermediates.noindex/swift-numerics.build/Debug-iphonesimulator/ComplexModule.build/Objects-normal/arm64/ComplexModule.swiftmodule -validate-clang-modules-once -clang-build-session-file /Users/jamesalford/Library/Developer/Xcode/DerivedData/ModuleCache.noindex/Session.modulevalidation -package-name swift_numerics -Xcc -I/Users/jamesalford/Library/Developer/Xcode/DerivedData/NotedCore-ftviuoyqruynvwbzbngenbwxsygv/Build/Intermediates.noindex/swift-numerics.build/Debug-iphonesimulator/ComplexModule.build/swift-overrides.hmap -emit-const-values -Xfrontend -const-gather-protocols-file -Xfrontend /Users/jamesalford/Library/Developer/Xcode/DerivedData/NotedCore-ftviuoyqruynvwbzbngenbwxsygv/Build/Intermediates.noindex/swift-numerics.build/Debug-iphonesimulator/ComplexModule.build/Objects-normal/arm64/ComplexModule_const_extract_protocols.json -Xcc -I/Users/jamesalford/Library/Developer/Xcode/DerivedData/NotedCore-ftviuoyqruynvwbzbngenbwxsygv/SourcePackages/checkouts/swift-numerics/Sources/_NumericsShims/include -Xcc -I/Users/jamesalford/Library/Developer/Xcode/DerivedData/NotedCore-ftviuoyqruynvwbzbngenbwxsygv/Build/Products/Debug-iphonesimulator/include -Xcc -I/Users/jamesalford/Library/Developer/Xcode/DerivedData/NotedCore-ftviuoyqruynvwbzbngenbwxsygv/Build/Intermediates.noindex/swift-numerics.build/Debug-iphonesimulator/ComplexModule.build/DerivedSources-normal/arm64 -Xcc -I/Users/jamesalford/Library/Developer/Xcode/DerivedData/NotedCore-ftviuoyqruynvwbzbngenbwxsygv/Build/Intermediates.noindex/swift-numerics.build/Debug-iphonesimulator/ComplexModule.build/DerivedSources/arm64 -Xcc -I/Users/jamesalford/Library/Developer/Xcode/DerivedData/NotedCore-ftviuoyqruynvwbzbngenbwxsygv/Build/Intermediates.noindex/swift-numerics.build/Debug-iphonesimulator/ComplexModule.build/DerivedSources -Xcc -DSWIFT_PACKAGE -Xcc -DDEBUG\=1 -emit-objc-header -emit-objc-header-path /Users/jamesalford/Library/Developer/Xcode/DerivedData/NotedCore-ftviuoyqruynvwbzbngenbwxsygv/Build/Intermediates.noindex/swift-numerics.build/Debug-iphonesimulator/ComplexModule.build/Objects-normal/arm64/ComplexModule-Swift.h -working-directory /Users/jamesalford/Documents/NotedCore/NotedCore.xcodeproj -experimental-emit-module-separately -disable-cmo

SwiftCompile normal arm64 Compiling\ CompletionKind.swift,\ Errors.swift,\ Flag.swift,\ NameSpecification.swift /Users/jamesalford/Library/Developer/Xcode/DerivedData/NotedCore-ftviuoyqruynvwbzbngenbwxsygv/SourcePackages/checkouts/swift-argument-parser/Sources/ArgumentParser/Parsable\ Properties/CompletionKind.swift /Users/jamesalford/Library/Developer/Xcode/DerivedData/NotedCore-ftviuoyqruynvwbzbngenbwxsygv/SourcePackages/checkouts/swift-argument-parser/Sources/ArgumentParser/Parsable\ Properties/Errors.swift /Users/jamesalford/Library/Developer/Xcode/DerivedData/NotedCore-ftviuoyqruynvwbzbngenbwxsygv/SourcePackages/checkouts/swift-argument-parser/Sources/ArgumentParser/Parsable\ Properties/Flag.swift /Users/jamesalford/Library/Developer/Xcode/DerivedData/NotedCore-ftviuoyqruynvwbzbngenbwxsygv/SourcePackages/checkouts/swift-argument-parser/Sources/ArgumentParser/Parsable\ Properties/NameSpecification.swift (in target 'ArgumentParser' from project 'swift-argument-parser')

SwiftCompile normal arm64 /Users/jamesalford/Library/Developer/Xcode/DerivedData/NotedCore-ftviuoyqruynvwbzbngenbwxsygv/SourcePackages/checkouts/swift-argument-parser/Sources/ArgumentParser/Parsable\ Properties/CompletionKind.swift (in target 'ArgumentParser' from project 'swift-argument-parser')
    cd /Users/jamesalford/Documents/NotedCore/NotedCore.xcodeproj
    

SwiftCompile normal arm64 /Users/jamesalford/Library/Developer/Xcode/DerivedData/NotedCore-ftviuoyqruynvwbzbngenbwxsygv/SourcePackages/checkouts/swift-argument-parser/Sources/ArgumentParser/Parsable\ Properties/Errors.swift (in target 'ArgumentParser' from project 'swift-argument-parser')
    cd /Users/jamesalford/Documents/NotedCore/NotedCore.xcodeproj
    

SwiftCompile normal arm64 /Users/jamesalford/Library/Developer/Xcode/DerivedData/NotedCore-ftviuoyqruynvwbzbngenbwxsygv/SourcePackages/checkouts/swift-argument-parser/Sources/ArgumentParser/Parsable\ Properties/Flag.swift (in target 'ArgumentParser' from project 'swift-argument-parser')
    cd /Users/jamesalford/Documents/NotedCore/NotedCore.xcodeproj
    

SwiftCompile normal arm64 /Users/jamesalford/Library/Developer/Xcode/DerivedData/NotedCore-ftviuoyqruynvwbzbngenbwxsygv/SourcePackages/checkouts/swift-argument-parser/Sources/ArgumentParser/Parsable\ Properties/NameSpecification.swift (in target 'ArgumentParser' from project 'swift-argument-parser')
    cd /Users/jamesalford/Documents/NotedCore/NotedCore.xcodeproj
    

Ld /Users/jamesalford/Library/Developer/Xcode/DerivedData/NotedCore-ftviuoyqruynvwbzbngenbwxsygv/Build/Products/Debug-iphonesimulator/ComplexModule.o normal (in target 'ComplexModule' from project 'swift-numerics')
    cd /Users/jamesalford/Library/Developer/Xcode/DerivedData/NotedCore-ftviuoyqruynvwbzbngenbwxsygv/SourcePackages/checkouts/swift-numerics
    /Applications/Xcode.app/Contents/Developer/Toolchains/XcodeDefault.xctoolchain/usr/bin/clang -Xlinker -reproducible -target arm64-apple-ios12.0-simulator -r -isysroot /Applications/Xcode.app/Contents/Developer/Platforms/iPhoneSimulator.platform/Developer/SDKs/iPhoneSimulator26.0.sdk -O0 -w -L/Users/jamesalford/Library/Developer/Xcode/DerivedData/NotedCore-ftviuoyqruynvwbzbngenbwxsygv/Build/Intermediates.noindex/EagerLinkingTBDs/Debug-iphonesimulator -L/Users/jamesalford/Library/Developer/Xcode/DerivedData/NotedCore-ftviuoyqruynvwbzbngenbwxsygv/Build/Products/Debug-iphonesimulator -L/Applications/Xcode.app/Contents/Developer/Platforms/iPhoneSimulator.platform/Developer/usr/lib -F/Users/jamesalford/Library/Developer/Xcode/DerivedData/NotedCore-ftviuoyqruynvwbzbngenbwxsygv/Build/Intermediates.noindex/EagerLinkingTBDs/Debug-iphonesimulator -F/Users/jamesalford/Library/Developer/Xcode/DerivedData/NotedCore-ftviuoyqruynvwbzbngenbwxsygv/Build/Products/Debug-iphonesimulator/PackageFrameworks -F/Users/jamesalford/Library/Developer/Xcode/DerivedData/NotedCore-ftviuoyqruynvwbzbngenbwxsygv/Build/Products/Debug-iphonesimulator/PackageFrameworks -F/Users/jamesalford/Library/Developer/Xcode/DerivedData/NotedCore-ftviuoyqruynvwbzbngenbwxsygv/Build/Products/Debug-iphonesimulator -iframework /Applications/Xcode.app/Contents/Developer/Platforms/iPhoneSimulator.platform/Developer/Library/Frameworks -iframework /Applications/Xcode.app/Contents/Developer/Platforms/iPhoneSimulator.platform/Developer/SDKs/iPhoneSimulator26.0.sdk/Developer/Library/Frameworks -filelist /Users/jamesalford/Library/Developer/Xcode/DerivedData/NotedCore-ftviuoyqruynvwbzbngenbwxsygv/Build/Intermediates.noindex/swift-numerics.build/Debug-iphonesimulator/ComplexModule.build/Objects-normal/arm64/ComplexModule.LinkFileList -nostdlib -Xlinker -object_path_lto -Xlinker /Users/jamesalford/Library/Developer/Xcode/DerivedData/NotedCore-ftviuoyqruynvwbzbngenbwxsygv/Build/Intermediates.noindex/swift-numerics.build/Debug-iphonesimulator/ComplexModule.build/Objects-normal/arm64/ComplexModule_lto.o -rdynamic -Xlinker -no_deduplicate -Xlinker -objc_abi_version -Xlinker 2 -Xlinker -debug_variant -Xlinker -dependency_info -Xlinker /Users/jamesalford/Library/Developer/Xcode/DerivedData/NotedCore-ftviuoyqruynvwbzbngenbwxsygv/Build/Intermediates.noindex/swift-numerics.build/Debug-iphonesimulator/ComplexModule.build/Objects-normal/arm64/ComplexModule_dependency_info.dat -fobjc-link-runtime -L/Applications/Xcode.app/Contents/Developer/Toolchains/XcodeDefault.xctoolchain/usr/lib/swift/iphonesimulator -L/usr/lib/swift -Xlinker -add_ast_path -Xlinker /Users/jamesalford/Library/Developer/Xcode/DerivedData/NotedCore-ftviuoyqruynvwbzbngenbwxsygv/Build/Intermediates.noindex/swift-numerics.build/Debug-iphonesimulator/ComplexModule.build/Objects-normal/arm64/ComplexModule.swiftmodule @/Users/jamesalford/Library/Developer/Xcode/DerivedData/NotedCore-ftviuoyqruynvwbzbngenbwxsygv/Build/Intermediates.noindex/swift-numerics.build/Debug-iphonesimulator/ComplexModule.build/Objects-normal/arm64/ComplexModule-linker-args.resp -o /Users/jamesalford/Library/Developer/Xcode/DerivedData/NotedCore-ftviuoyqruynvwbzbngenbwxsygv/Build/Products/Debug-iphonesimulator/ComplexModule.o

SwiftExplicitDependencyGeneratePcm arm64 /Users/jamesalford/Library/Developer/Xcode/DerivedData/NotedCore-ftviuoyqruynvwbzbngenbwxsygv/Build/Intermediates.noindex/SwiftExplicitPrecompiledModules/Cmlx-693CGEM3UWKKSIHNWTNHURF0D.pcm

CompileC /Users/jamesalford/Library/Developer/Xcode/DerivedData/NotedCore-ftviuoyqruynvwbzbngenbwxsygv/Build/Intermediates.noindex/mlx-swift.build/Debug-iphonesimulator/Cmlx.build/Objects-normal/arm64/resource_bundle_accessor.o /Users/jamesalford/Library/Developer/Xcode/DerivedData/NotedCore-ftviuoyqruynvwbzbngenbwxsygv/Build/Intermediates.noindex/mlx-swift.build/Debug-iphonesimulator/Cmlx.build/DerivedSources/resource_bundle_accessor.m normal arm64 objective-c com.apple.compilers.llvm.clang.1_0.compiler (in target 'Cmlx' from project 'mlx-swift')
    cd /Users/jamesalford/Documents/NotedCore/NotedCore.xcodeproj
    
    Using response file: /Users/jamesalford/Library/Developer/Xcode/DerivedData/NotedCore-ftviuoyqruynvwbzbngenbwxsygv/Build/Intermediates.noindex/mlx-swift.build/Debug-iphonesimulator/Cmlx.build/Objects-normal/arm64/e6072d4f65d7061329687fe24e3d63a7-common-args.resp
    
    /Applications/Xcode.app/Contents/Developer/Toolchains/XcodeDefault.xctoolchain/usr/bin/clang -x objective-c -ivfsstatcache /Users/jamesalford/Library/Developer/Xcode/DerivedData/SDKStatCaches.noindex/iphonesimulator26.0-23A339-3885c01c3e6b6a337905948deab2002e26257891a6c027eb51374368541b8346.sdkstatcache -fmessage-length\=0 -fdiagnostics-show-note-include-stack -fmacro-backtrace-limit\=0 -fno-color-diagnostics -fmodules-prune-interval\=86400 -fmodules-prune-after\=345600 -fbuild-session-file\=/Users/jamesalford/Library/Developer/Xcode/DerivedData/ModuleCache.noindex/Session.modulevalidation -fmodules-validate-once-per-build-session -Wnon-modular-include-in-framework-module -Werror\=non-modular-include-in-framework-module -Wno-trigraphs -Wno-missing-field-initializers -Wno-missing-prototypes -Wno-return-type -Wno-implicit-atomic-properties -Wno-objc-interface-ivars -Wno-arc-repeated-use-of-weak -Wno-missing-braces -Wparentheses -Wswitch -Wno-unused-function -Wno-unused-label -Wno-unused-parameter -Wno-unused-variable -Wunused-value -Wno-empty-body -Wno-uninitialized -Wno-unknown-pragmas -w -Wno-shadow -Wno-four-char-constants -Wno-conversion -Wno-constant-conversion -Wno-int-conversion -Wno-bool-conversion -Wno-enum-conversion -Wno-float-conversion -Wno-non-literal-null-conversion -Wno-objc-literal-conversion -Wshorten-64-to-32 -Wpointer-sign -Wno-newline-eof -Wno-selector -Wno-strict-selector-match -Wno-undeclared-selector -Wno-deprecated-implementations -Wno-implicit-fallthrough -fstrict-aliasing -Wprotocol -Wdeprecated-declarations -Wno-sign-conversion -Wno-infinite-recursion -Wno-comma -Wno-block-capture-autoreleasing -Wno-strict-prototypes -Wno-semicolon-before-method-body -index-store-path /Users/jamesalford/Library/Developer/Xcode/DerivedData/NotedCore-ftviuoyqruynvwbzbngenbwxsygv/Index.noindex/DataStore @/Users/jamesalford/Library/Developer/Xcode/DerivedData/NotedCore-ftviuoyqruynvwbzbngenbwxsygv/Build/Intermediates.noindex/mlx-swift.build/Debug-iphonesimulator/Cmlx.build/Objects-normal/arm64/e6072d4f65d7061329687fe24e3d63a7-common-args.resp -include /Users/jamesalford/Library/Developer/Xcode/DerivedData/NotedCore-ftviuoyqruynvwbzbngenbwxsygv/Build/Intermediates.noindex/mlx-swift.build/Debug-iphonesimulator/Cmlx.build/DerivedSources/resource_bundle_accessor.h -MMD -MT dependencies -MF /Users/jamesalford/Library/Developer/Xcode/DerivedData/NotedCore-ftviuoyqruynvwbzbngenbwxsygv/Build/Intermediates.noindex/mlx-swift.build/Debug-iphonesimulator/Cmlx.build/Objects-normal/arm64/resource_bundle_accessor.d --serialize-diagnostics /Users/jamesalford/Library/Developer/Xcode/DerivedData/NotedCore-ftviuoyqruynvwbzbngenbwxsygv/Build/Intermediates.noindex/mlx-swift.build/Debug-iphonesimulator/Cmlx.build/Objects-normal/arm64/resource_bundle_accessor.dia -c /Users/jamesalford/Library/Developer/Xcode/DerivedData/NotedCore-ftviuoyqruynvwbzbngenbwxsygv/Build/Intermediates.noindex/mlx-swift.build/Debug-iphonesimulator/Cmlx.build/DerivedSources/resource_bundle_accessor.m -o /Users/jamesalford/Library/Developer/Xcode/DerivedData/NotedCore-ftviuoyqruynvwbzbngenbwxsygv/Build/Intermediates.noindex/mlx-swift.build/Debug-iphonesimulator/Cmlx.build/Objects-normal/arm64/resource_bundle_accessor.o -index-unit-output-path /mlx-swift.build/Debug-iphonesimulator/Cmlx.build/Objects-normal/arm64/resource_bundle_accessor.o

SwiftEmitModule normal arm64 Emitting\ module\ for\ MLX (in target 'MLX' from project 'mlx-swift')

EmitSwiftModule normal arm64 (in target 'MLX' from project 'mlx-swift')
    cd /Users/jamesalford/Documents/NotedCore/NotedCore.xcodeproj
    

SwiftDriverJobDiscovery normal arm64 Compiling Parsed.swift, ParsedValues.swift, ParserError.swift (in target 'ArgumentParser' from project 'swift-argument-parser')

SwiftCompile normal arm64 Compiling\ Protocols.swift,\ Random.swift /Users/jamesalford/Library/Developer/Xcode/DerivedData/NotedCore-ftviuoyqruynvwbzbngenbwxsygv/SourcePackages/checkouts/mlx-swift/Source/MLX/Protocols.swift /Users/jamesalford/Library/Developer/Xcode/DerivedData/NotedCore-ftviuoyqruynvwbzbngenbwxsygv/SourcePackages/checkouts/mlx-swift/Source/MLX/Random.swift (in target 'MLX' from project 'mlx-swift')

SwiftCompile normal arm64 /Users/jamesalford/Library/Developer/Xcode/DerivedData/NotedCore-ftviuoyqruynvwbzbngenbwxsygv/SourcePackages/checkouts/mlx-swift/Source/MLX/Protocols.swift (in target 'MLX' from project 'mlx-swift')
    cd /Users/jamesalford/Documents/NotedCore/NotedCore.xcodeproj
    

SwiftCompile normal arm64 /Users/jamesalford/Library/Developer/Xcode/DerivedData/NotedCore-ftviuoyqruynvwbzbngenbwxsygv/SourcePackages/checkouts/mlx-swift/Source/MLX/Random.swift (in target 'MLX' from project 'mlx-swift')
    cd /Users/jamesalford/Documents/NotedCore/NotedCore.xcodeproj
    

SwiftCompile normal arm64 Compiling\ Transforms+Compile.swift,\ Transforms+Eval.swift /Users/jamesalford/Library/Developer/Xcode/DerivedData/NotedCore-ftviuoyqruynvwbzbngenbwxsygv/SourcePackages/checkouts/mlx-swift/Source/MLX/Transforms+Compile.swift /Users/jamesalford/Library/Developer/Xcode/DerivedData/NotedCore-ftviuoyqruynvwbzbngenbwxsygv/SourcePackages/checkouts/mlx-swift/Source/MLX/Transforms+Eval.swift (in target 'MLX' from project 'mlx-swift')

SwiftCompile normal arm64 /Users/jamesalford/Library/Developer/Xcode/DerivedData/NotedCore-ftviuoyqruynvwbzbngenbwxsygv/SourcePackages/checkouts/mlx-swift/Source/MLX/Transforms+Compile.swift (in target 'MLX' from project 'mlx-swift')
    cd /Users/jamesalford/Documents/NotedCore/NotedCore.xcodeproj
    

SwiftCompile normal arm64 /Users/jamesalford/Library/Developer/Xcode/DerivedData/NotedCore-ftviuoyqruynvwbzbngenbwxsygv/SourcePackages/checkouts/mlx-swift/Source/MLX/Transforms+Eval.swift (in target 'MLX' from project 'mlx-swift')
    cd /Users/jamesalford/Documents/NotedCore/NotedCore.xcodeproj
    

SwiftDriverJobDiscovery normal arm64 Compiling ParsableArgumentsValidation.swift, PositionalArgumentsValidator.swift, UniqueNamesValidator.swift (in target 'ArgumentParser' from project 'swift-argument-parser')

SwiftCompile normal arm64 Compiling\ MLXArray+Ops.swift,\ MLXArray.swift /Users/jamesalford/Library/Developer/Xcode/DerivedData/NotedCore-ftviuoyqruynvwbzbngenbwxsygv/SourcePackages/checkouts/mlx-swift/Source/MLX/MLXArray+Ops.swift /Users/jamesalford/Library/Developer/Xcode/DerivedData/NotedCore-ftviuoyqruynvwbzbngenbwxsygv/SourcePackages/checkouts/mlx-swift/Source/MLX/MLXArray.swift (in target 'MLX' from project 'mlx-swift')

SwiftCompile normal arm64 /Users/jamesalford/Library/Developer/Xcode/DerivedData/NotedCore-ftviuoyqruynvwbzbngenbwxsygv/SourcePackages/checkouts/mlx-swift/Source/MLX/MLXArray+Ops.swift (in target 'MLX' from project 'mlx-swift')
    cd /Users/jamesalford/Documents/NotedCore/NotedCore.xcodeproj
    
/Users/jamesalford/Library/Developer/Xcode/DerivedData/NotedCore-ftviuoyqruynvwbzbngenbwxsygv/SourcePackages/checkouts/mlx-swift/Source/Cmlx/include/mlx/c/array.h:325:1: note: built-in type 'Complex' not supported
const float _Complex* mlx_array_data_complex64(const mlx_array arr);
^

SwiftCompile normal arm64 /Users/jamesalford/Library/Developer/Xcode/DerivedData/NotedCore-ftviuoyqruynvwbzbngenbwxsygv/SourcePackages/checkouts/mlx-swift/Source/MLX/MLXArray.swift (in target 'MLX' from project 'mlx-swift')
    cd /Users/jamesalford/Documents/NotedCore/NotedCore.xcodeproj
    
/Users/jamesalford/Library/Developer/Xcode/DerivedData/NotedCore-ftviuoyqruynvwbzbngenbwxsygv/SourcePackages/checkouts/mlx-swift/Source/Cmlx/include/mlx/c/array.h:325:1: note: built-in type 'Complex' not supported
const float _Complex* mlx_array_data_complex64(const mlx_array arr);
^

SwiftDriverJobDiscovery normal arm64 Compiling CollectionExtensions.swift, Mutex.swift, Platform.swift (in target 'ArgumentParser' from project 'swift-argument-parser')

SwiftCompile normal arm64 Compiling\ Transforms+Vmap.swift,\ Transforms.swift /Users/jamesalford/Library/Developer/Xcode/DerivedData/NotedCore-ftviuoyqruynvwbzbngenbwxsygv/SourcePackages/checkouts/mlx-swift/Source/MLX/Transforms+Vmap.swift /Users/jamesalford/Library/Developer/Xcode/DerivedData/NotedCore-ftviuoyqruynvwbzbngenbwxsygv/SourcePackages/checkouts/mlx-swift/Source/MLX/Transforms.swift (in target 'MLX' from project 'mlx-swift')

SwiftCompile normal arm64 /Users/jamesalford/Library/Developer/Xcode/DerivedData/NotedCore-ftviuoyqruynvwbzbngenbwxsygv/SourcePackages/checkouts/mlx-swift/Source/MLX/Transforms+Vmap.swift (in target 'MLX' from project 'mlx-swift')
    cd /Users/jamesalford/Documents/NotedCore/NotedCore.xcodeproj
    

SwiftCompile normal arm64 /Users/jamesalford/Library/Developer/Xcode/DerivedData/NotedCore-ftviuoyqruynvwbzbngenbwxsygv/SourcePackages/checkouts/mlx-swift/Source/MLX/Transforms.swift (in target 'MLX' from project 'mlx-swift')
    cd /Users/jamesalford/Documents/NotedCore/NotedCore.xcodeproj
    

SwiftDriverJobDiscovery normal arm64 Compiling Tree.swift, CodingKeyValidator.swift, NonsenseFlagsValidator.swift (in target 'ArgumentParser' from project 'swift-argument-parser')

SwiftCompile normal arm64 Compiling\ MLXArray+Bytes.swift,\ MLXArray+Indexing.swift,\ MLXArray+Init.swift /Users/jamesalford/Library/Developer/Xcode/DerivedData/NotedCore-ftviuoyqruynvwbzbngenbwxsygv/SourcePackages/checkouts/mlx-swift/Source/MLX/MLXArray+Bytes.swift /Users/jamesalford/Library/Developer/Xcode/DerivedData/NotedCore-ftviuoyqruynvwbzbngenbwxsygv/SourcePackages/checkouts/mlx-swift/Source/MLX/MLXArray+Indexing.swift /Users/jamesalford/Library/Developer/Xcode/DerivedData/NotedCore-ftviuoyqruynvwbzbngenbwxsygv/SourcePackages/checkouts/mlx-swift/Source/MLX/MLXArray+Init.swift (in target 'MLX' from project 'mlx-swift')

SwiftCompile normal arm64 /Users/jamesalford/Library/Developer/Xcode/DerivedData/NotedCore-ftviuoyqruynvwbzbngenbwxsygv/SourcePackages/checkouts/mlx-swift/Source/MLX/MLXArray+Bytes.swift (in target 'MLX' from project 'mlx-swift')
    cd /Users/jamesalford/Documents/NotedCore/NotedCore.xcodeproj
    

SwiftCompile normal arm64 /Users/jamesalford/Library/Developer/Xcode/DerivedData/NotedCore-ftviuoyqruynvwbzbngenbwxsygv/SourcePackages/checkouts/mlx-swift/Source/MLX/MLXArray+Indexing.swift (in target 'MLX' from project 'mlx-swift')
    cd /Users/jamesalford/Documents/NotedCore/NotedCore.xcodeproj
    

SwiftCompile normal arm64 /Users/jamesalford/Library/Developer/Xcode/DerivedData/NotedCore-ftviuoyqruynvwbzbngenbwxsygv/SourcePackages/checkouts/mlx-swift/Source/MLX/MLXArray+Init.swift (in target 'MLX' from project 'mlx-swift')
    cd /Users/jamesalford/Documents/NotedCore/NotedCore.xcodeproj
    

SwiftDriverJobDiscovery normal arm64 Compiling Argument.swift, ArgumentDiscussion.swift, ArgumentHelp.swift, ArgumentVisibility.swift (in target 'ArgumentParser' from project 'swift-argument-parser')

SwiftCompile normal arm64 Compiling\ Nested.swift,\ Ops+Array.swift /Users/jamesalford/Library/Developer/Xcode/DerivedData/NotedCore-ftviuoyqruynvwbzbngenbwxsygv/SourcePackages/checkouts/mlx-swift/Source/MLX/Nested.swift /Users/jamesalford/Library/Developer/Xcode/DerivedData/NotedCore-ftviuoyqruynvwbzbngenbwxsygv/SourcePackages/checkouts/mlx-swift/Source/MLX/Ops+Array.swift (in target 'MLX' from project 'mlx-swift')

SwiftCompile normal arm64 /Users/jamesalford/Library/Developer/Xcode/DerivedData/NotedCore-ftviuoyqruynvwbzbngenbwxsygv/SourcePackages/checkouts/mlx-swift/Source/MLX/Nested.swift (in target 'MLX' from project 'mlx-swift')
    cd /Users/jamesalford/Documents/NotedCore/NotedCore.xcodeproj
    

SwiftCompile normal arm64 /Users/jamesalford/Library/Developer/Xcode/DerivedData/NotedCore-ftviuoyqruynvwbzbngenbwxsygv/SourcePackages/checkouts/mlx-swift/Source/MLX/Ops+Array.swift (in target 'MLX' from project 'mlx-swift')
    cd /Users/jamesalford/Documents/NotedCore/NotedCore.xcodeproj
    

SwiftDriverJobDiscovery normal arm64 Emitting module for ArgumentParser (in target 'ArgumentParser' from project 'swift-argument-parser')

SwiftDriver\ Compilation\ Requirements ArgumentParser normal arm64 com.apple.xcode.tools.swift.compiler (in target 'ArgumentParser' from project 'swift-argument-parser')
    cd /Users/jamesalford/Documents/NotedCore/NotedCore.xcodeproj
    builtin-Swift-Compilation-Requirements -- /Applications/Xcode.app/Contents/Developer/Toolchains/XcodeDefault.xctoolchain/usr/bin/swiftc -module-name ArgumentParser -Onone -enforce-exclusivity\=checked @/Users/jamesalford/Library/Developer/Xcode/DerivedData/NotedCore-ftviuoyqruynvwbzbngenbwxsygv/Build/Intermediates.noindex/swift-argument-parser.build/Debug-iphonesimulator/ArgumentParser.build/Objects-normal/arm64/ArgumentParser.SwiftFileList -DSWIFT_PACKAGE -DDEBUG -DSWIFT_MODULE_RESOURCE_BUNDLE_UNAVAILABLE -DXcode -enable-experimental-feature StrictConcurrency -plugin-path /Applications/Xcode.app/Contents/Developer/Toolchains/XcodeDefault.xctoolchain/usr/lib/swift/host/plugins/testing -enable-experimental-feature DebugDescriptionMacro -sdk /Applications/Xcode.app/Contents/Developer/Platforms/iPhoneSimulator.platform/Developer/SDKs/iPhoneSimulator26.0.sdk -target arm64-apple-ios12.0-simulator -g -module-cache-path /Users/jamesalford/Library/Developer/Xcode/DerivedData/ModuleCache.noindex -Xfrontend -serialize-debugging-options -profile-coverage-mapping -profile-generate -enable-testing -suppress-warnings -index-store-path /Users/jamesalford/Library/Developer/Xcode/DerivedData/NotedCore-ftviuoyqruynvwbzbngenbwxsygv/Index.noindex/DataStore -Xcc -D_LIBCPP_HARDENING_MODE\=_LIBCPP_HARDENING_MODE_DEBUG -swift-version 5 -I /Users/jamesalford/Library/Developer/Xcode/DerivedData/NotedCore-ftviuoyqruynvwbzbngenbwxsygv/Build/Products/Debug-iphonesimulator -Isystem /Applications/Xcode.app/Contents/Developer/Platforms/iPhoneSimulator.platform/Developer/usr/lib -F /Users/jamesalford/Library/Developer/Xcode/DerivedData/NotedCore-ftviuoyqruynvwbzbngenbwxsygv/Build/Products/Debug-iphonesimulator/PackageFrameworks -F /Users/jamesalford/Library/Developer/Xcode/DerivedData/NotedCore-ftviuoyqruynvwbzbngenbwxsygv/Build/Products/Debug-iphonesimulator -F /Applications/Xcode.app/Contents/Developer/Platforms/iPhoneSimulator.platform/Developer/Library/Frameworks -F /Applications/Xcode.app/Contents/Developer/Platforms/iPhoneSimulator.platform/Developer/SDKs/iPhoneSimulator26.0.sdk/Developer/Library/Frameworks -c -j14 -enable-batch-mode -incremental -Xcc -ivfsstatcache -Xcc /Users/jamesalford/Library/Developer/Xcode/DerivedData/SDKStatCaches.noindex/iphonesimulator26.0-23A339-3885c01c3e6b6a337905948deab2002e26257891a6c027eb51374368541b8346.sdkstatcache -output-file-map /Users/jamesalford/Library/Developer/Xcode/DerivedData/NotedCore-ftviuoyqruynvwbzbngenbwxsygv/Build/Intermediates.noindex/swift-argument-parser.build/Debug-iphonesimulator/ArgumentParser.build/Objects-normal/arm64/ArgumentParser-OutputFileMap.json -use-frontend-parseable-output -save-temps -no-color-diagnostics -explicit-module-build -module-cache-path /Users/jamesalford/Library/Developer/Xcode/DerivedData/NotedCore-ftviuoyqruynvwbzbngenbwxsygv/Build/Intermediates.noindex/SwiftExplicitPrecompiledModules -clang-scanner-module-cache-path /Users/jamesalford/Library/Developer/Xcode/DerivedData/ModuleCache.noindex -sdk-module-cache-path /Users/jamesalford/Library/Developer/Xcode/DerivedData/ModuleCache.noindex -serialize-diagnostics -emit-dependencies -emit-module -emit-module-path /Users/jamesalford/Library/Developer/Xcode/DerivedData/NotedCore-ftviuoyqruynvwbzbngenbwxsygv/Build/Intermediates.noindex/swift-argument-parser.build/Debug-iphonesimulator/ArgumentParser.build/Objects-normal/arm64/ArgumentParser.swiftmodule -validate-clang-modules-once -clang-build-session-file /Users/jamesalford/Library/Developer/Xcode/DerivedData/ModuleCache.noindex/Session.modulevalidation -Xcc -I/Users/jamesalford/Library/Developer/Xcode/DerivedData/NotedCore-ftviuoyqruynvwbzbngenbwxsygv/Build/Intermediates.noindex/swift-argument-parser.build/Debug-iphonesimulator/ArgumentParser.build/swift-overrides.hmap -emit-const-values -Xfrontend -const-gather-protocols-file -Xfrontend /Users/jamesalford/Library/Developer/Xcode/DerivedData/NotedCore-ftviuoyqruynvwbzbngenbwxsygv/Build/Intermediates.noindex/swift-argument-parser.build/Debug-iphonesimulator/ArgumentParser.build/Objects-normal/arm64/ArgumentParser_const_extract_protocols.json -Xcc -I/Users/jamesalford/Library/Developer/Xcode/DerivedData/NotedCore-ftviuoyqruynvwbzbngenbwxsygv/Build/Products/Debug-iphonesimulator/include -Xcc -I/Users/jamesalford/Library/Developer/Xcode/DerivedData/NotedCore-ftviuoyqruynvwbzbngenbwxsygv/Build/Intermediates.noindex/swift-argument-parser.build/Debug-iphonesimulator/ArgumentParser.build/DerivedSources-normal/arm64 -Xcc -I/Users/jamesalford/Library/Developer/Xcode/DerivedData/NotedCore-ftviuoyqruynvwbzbngenbwxsygv/Build/Intermediates.noindex/swift-argument-parser.build/Debug-iphonesimulator/ArgumentParser.build/DerivedSources/arm64 -Xcc -I/Users/jamesalford/Library/Developer/Xcode/DerivedData/NotedCore-ftviuoyqruynvwbzbngenbwxsygv/Build/Intermediates.noindex/swift-argument-parser.build/Debug-iphonesimulator/ArgumentParser.build/DerivedSources -Xcc -DSWIFT_PACKAGE -Xcc -DDEBUG\=1 -emit-objc-header -emit-objc-header-path /Users/jamesalford/Library/Developer/Xcode/DerivedData/NotedCore-ftviuoyqruynvwbzbngenbwxsygv/Build/Intermediates.noindex/swift-argument-parser.build/Debug-iphonesimulator/ArgumentParser.build/Objects-normal/arm64/ArgumentParser-Swift.h -working-directory /Users/jamesalford/Documents/NotedCore/NotedCore.xcodeproj -experimental-emit-module-separately -disable-cmo

SwiftDriverJobDiscovery normal arm64 Compiling CompletionKind.swift, Errors.swift, Flag.swift, NameSpecification.swift (in target 'ArgumentParser' from project 'swift-argument-parser')

SwiftCompile normal arm64 Compiling\ Ops.swift,\ ParameterTypes.swift /Users/jamesalford/Library/Developer/Xcode/DerivedData/NotedCore-ftviuoyqruynvwbzbngenbwxsygv/SourcePackages/checkouts/mlx-swift/Source/MLX/Ops.swift /Users/jamesalford/Library/Developer/Xcode/DerivedData/NotedCore-ftviuoyqruynvwbzbngenbwxsygv/SourcePackages/checkouts/mlx-swift/Source/MLX/ParameterTypes.swift (in target 'MLX' from project 'mlx-swift')

SwiftCompile normal arm64 /Users/jamesalford/Library/Developer/Xcode/DerivedData/NotedCore-ftviuoyqruynvwbzbngenbwxsygv/SourcePackages/checkouts/mlx-swift/Source/MLX/Ops.swift (in target 'MLX' from project 'mlx-swift')
    cd /Users/jamesalford/Documents/NotedCore/NotedCore.xcodeproj
    

SwiftCompile normal arm64 /Users/jamesalford/Library/Developer/Xcode/DerivedData/NotedCore-ftviuoyqruynvwbzbngenbwxsygv/SourcePackages/checkouts/mlx-swift/Source/MLX/ParameterTypes.swift (in target 'MLX' from project 'mlx-swift')
    cd /Users/jamesalford/Documents/NotedCore/NotedCore.xcodeproj
    

SwiftMergeGeneratedHeaders /Users/jamesalford/Library/Developer/Xcode/DerivedData/NotedCore-ftviuoyqruynvwbzbngenbwxsygv/Build/Intermediates.noindex/GeneratedModuleMaps-iphonesimulator/ArgumentParser-Swift.h /Users/jamesalford/Library/Developer/Xcode/DerivedData/NotedCore-ftviuoyqruynvwbzbngenbwxsygv/Build/Intermediates.noindex/swift-argument-parser.build/Debug-iphonesimulator/ArgumentParser.build/Objects-normal/arm64/ArgumentParser-Swift.h (in target 'ArgumentParser' from project 'swift-argument-parser')
    cd /Users/jamesalford/Library/Developer/Xcode/DerivedData/NotedCore-ftviuoyqruynvwbzbngenbwxsygv/SourcePackages/checkouts/swift-argument-parser
    builtin-swiftHeaderTool -arch arm64 /Users/jamesalford/Library/Developer/Xcode/DerivedData/NotedCore-ftviuoyqruynvwbzbngenbwxsygv/Build/Intermediates.noindex/swift-argument-parser.build/Debug-iphonesimulator/ArgumentParser.build/Objects-normal/arm64/ArgumentParser-Swift.h -o /Users/jamesalford/Library/Developer/Xcode/DerivedData/NotedCore-ftviuoyqruynvwbzbngenbwxsygv/Build/Intermediates.noindex/GeneratedModuleMaps-iphonesimulator/ArgumentParser-Swift.h

SwiftDriverJobDiscovery normal arm64 Compiling Transforms+Compile.swift, Transforms+Eval.swift (in target 'MLX' from project 'mlx-swift')

Copy /Users/jamesalford/Library/Developer/Xcode/DerivedData/NotedCore-ftviuoyqruynvwbzbngenbwxsygv/Build/Products/Debug-iphonesimulator/ArgumentParser.swiftmodule/arm64-apple-ios-simulator.swiftmodule /Users/jamesalford/Library/Developer/Xcode/DerivedData/NotedCore-ftviuoyqruynvwbzbngenbwxsygv/Build/Intermediates.noindex/swift-argument-parser.build/Debug-iphonesimulator/ArgumentParser.build/Objects-normal/arm64/ArgumentParser.swiftmodule (in target 'ArgumentParser' from project 'swift-argument-parser')
    cd /Users/jamesalford/Library/Developer/Xcode/DerivedData/NotedCore-ftviuoyqruynvwbzbngenbwxsygv/SourcePackages/checkouts/swift-argument-parser
    builtin-copy -exclude .DS_Store -exclude CVS -exclude .svn -exclude .git -exclude .hg -resolve-src-symlinks -rename /Users/jamesalford/Library/Developer/Xcode/DerivedData/NotedCore-ftviuoyqruynvwbzbngenbwxsygv/Build/Intermediates.noindex/swift-argument-parser.build/Debug-iphonesimulator/ArgumentParser.build/Objects-normal/arm64/ArgumentParser.swiftmodule /Users/jamesalford/Library/Developer/Xcode/DerivedData/NotedCore-ftviuoyqruynvwbzbngenbwxsygv/Build/Products/Debug-iphonesimulator/ArgumentParser.swiftmodule/arm64-apple-ios-simulator.swiftmodule

Copy /Users/jamesalford/Library/Developer/Xcode/DerivedData/NotedCore-ftviuoyqruynvwbzbngenbwxsygv/Build/Products/Debug-iphonesimulator/ArgumentParser.swiftmodule/arm64-apple-ios-simulator.swiftdoc /Users/jamesalford/Library/Developer/Xcode/DerivedData/NotedCore-ftviuoyqruynvwbzbngenbwxsygv/Build/Intermediates.noindex/swift-argument-parser.build/Debug-iphonesimulator/ArgumentParser.build/Objects-normal/arm64/ArgumentParser.swiftdoc (in target 'ArgumentParser' from project 'swift-argument-parser')
    cd /Users/jamesalford/Library/Developer/Xcode/DerivedData/NotedCore-ftviuoyqruynvwbzbngenbwxsygv/SourcePackages/checkouts/swift-argument-parser
    builtin-copy -exclude .DS_Store -exclude CVS -exclude .svn -exclude .git -exclude .hg -resolve-src-symlinks -rename /Users/jamesalford/Library/Developer/Xcode/DerivedData/NotedCore-ftviuoyqruynvwbzbngenbwxsygv/Build/Intermediates.noindex/swift-argument-parser.build/Debug-iphonesimulator/ArgumentParser.build/Objects-normal/arm64/ArgumentParser.swiftdoc /Users/jamesalford/Library/Developer/Xcode/DerivedData/NotedCore-ftviuoyqruynvwbzbngenbwxsygv/Build/Products/Debug-iphonesimulator/ArgumentParser.swiftmodule/arm64-apple-ios-simulator.swiftdoc

SwiftDriverJobDiscovery normal arm64 Compiling Protocols.swift, Random.swift (in target 'MLX' from project 'mlx-swift')

Copy /Users/jamesalford/Library/Developer/Xcode/DerivedData/NotedCore-ftviuoyqruynvwbzbngenbwxsygv/Build/Products/Debug-iphonesimulator/ArgumentParser.swiftmodule/arm64-apple-ios-simulator.abi.json /Users/jamesalford/Library/Developer/Xcode/DerivedData/NotedCore-ftviuoyqruynvwbzbngenbwxsygv/Build/Intermediates.noindex/swift-argument-parser.build/Debug-iphonesimulator/ArgumentParser.build/Objects-normal/arm64/ArgumentParser.abi.json (in target 'ArgumentParser' from project 'swift-argument-parser')
    cd /Users/jamesalford/Library/Developer/Xcode/DerivedData/NotedCore-ftviuoyqruynvwbzbngenbwxsygv/SourcePackages/checkouts/swift-argument-parser
    builtin-copy -exclude .DS_Store -exclude CVS -exclude .svn -exclude .git -exclude .hg -resolve-src-symlinks -rename /Users/jamesalford/Library/Developer/Xcode/DerivedData/NotedCore-ftviuoyqruynvwbzbngenbwxsygv/Build/Intermediates.noindex/swift-argument-parser.build/Debug-iphonesimulator/ArgumentParser.build/Objects-normal/arm64/ArgumentParser.abi.json /Users/jamesalford/Library/Developer/Xcode/DerivedData/NotedCore-ftviuoyqruynvwbzbngenbwxsygv/Build/Products/Debug-iphonesimulator/ArgumentParser.swiftmodule/arm64-apple-ios-simulator.abi.json

Copy /Users/jamesalford/Library/Developer/Xcode/DerivedData/NotedCore-ftviuoyqruynvwbzbngenbwxsygv/Build/Products/Debug-iphonesimulator/ArgumentParser.swiftmodule/Project/arm64-apple-ios-simulator.swiftsourceinfo /Users/jamesalford/Library/Developer/Xcode/DerivedData/NotedCore-ftviuoyqruynvwbzbngenbwxsygv/Build/Intermediates.noindex/swift-argument-parser.build/Debug-iphonesimulator/ArgumentParser.build/Objects-normal/arm64/ArgumentParser.swiftsourceinfo (in target 'ArgumentParser' from project 'swift-argument-parser')
    cd /Users/jamesalford/Library/Developer/Xcode/DerivedData/NotedCore-ftviuoyqruynvwbzbngenbwxsygv/SourcePackages/checkouts/swift-argument-parser
    builtin-copy -exclude .DS_Store -exclude CVS -exclude .svn -exclude .git -exclude .hg -resolve-src-symlinks -rename /Users/jamesalford/Library/Developer/Xcode/DerivedData/NotedCore-ftviuoyqruynvwbzbngenbwxsygv/Build/Intermediates.noindex/swift-argument-parser.build/Debug-iphonesimulator/ArgumentParser.build/Objects-normal/arm64/ArgumentParser.swiftsourceinfo /Users/jamesalford/Library/Developer/Xcode/DerivedData/NotedCore-ftviuoyqruynvwbzbngenbwxsygv/Build/Products/Debug-iphonesimulator/ArgumentParser.swiftmodule/Project/arm64-apple-ios-simulator.swiftsourceinfo

SwiftCompile normal arm64 Compiling\ MLXFast.swift,\ MLXFastKernel.swift /Users/jamesalford/Library/Developer/Xcode/DerivedData/NotedCore-ftviuoyqruynvwbzbngenbwxsygv/SourcePackages/checkouts/mlx-swift/Source/MLX/MLXFast.swift /Users/jamesalford/Library/Developer/Xcode/DerivedData/NotedCore-ftviuoyqruynvwbzbngenbwxsygv/SourcePackages/checkouts/mlx-swift/Source/MLX/MLXFastKernel.swift (in target 'MLX' from project 'mlx-swift')

SwiftCompile normal arm64 /Users/jamesalford/Library/Developer/Xcode/DerivedData/NotedCore-ftviuoyqruynvwbzbngenbwxsygv/SourcePackages/checkouts/mlx-swift/Source/MLX/MLXFast.swift (in target 'MLX' from project 'mlx-swift')
    cd /Users/jamesalford/Documents/NotedCore/NotedCore.xcodeproj
    

SwiftCompile normal arm64 /Users/jamesalford/Library/Developer/Xcode/DerivedData/NotedCore-ftviuoyqruynvwbzbngenbwxsygv/SourcePackages/checkouts/mlx-swift/Source/MLX/MLXFastKernel.swift (in target 'MLX' from project 'mlx-swift')
    cd /Users/jamesalford/Documents/NotedCore/NotedCore.xcodeproj
    

SwiftCompile normal arm64 Compiling\ GPU.swift,\ IO.swift,\ Linalg.swift /Users/jamesalford/Library/Developer/Xcode/DerivedData/NotedCore-ftviuoyqruynvwbzbngenbwxsygv/SourcePackages/checkouts/mlx-swift/Source/MLX/GPU.swift /Users/jamesalford/Library/Developer/Xcode/DerivedData/NotedCore-ftviuoyqruynvwbzbngenbwxsygv/SourcePackages/checkouts/mlx-swift/Source/MLX/IO.swift /Users/jamesalford/Library/Developer/Xcode/DerivedData/NotedCore-ftviuoyqruynvwbzbngenbwxsygv/SourcePackages/checkouts/mlx-swift/Source/MLX/Linalg.swift (in target 'MLX' from project 'mlx-swift')

SwiftCompile normal arm64 /Users/jamesalford/Library/Developer/Xcode/DerivedData/NotedCore-ftviuoyqruynvwbzbngenbwxsygv/SourcePackages/checkouts/mlx-swift/Source/MLX/GPU.swift (in target 'MLX' from project 'mlx-swift')
    cd /Users/jamesalford/Documents/NotedCore/NotedCore.xcodeproj
    

SwiftCompile normal arm64 /Users/jamesalford/Library/Developer/Xcode/DerivedData/NotedCore-ftviuoyqruynvwbzbngenbwxsygv/SourcePackages/checkouts/mlx-swift/Source/MLX/IO.swift (in target 'MLX' from project 'mlx-swift')
    cd /Users/jamesalford/Documents/NotedCore/NotedCore.xcodeproj
    

SwiftCompile normal arm64 /Users/jamesalford/Library/Developer/Xcode/DerivedData/NotedCore-ftviuoyqruynvwbzbngenbwxsygv/SourcePackages/checkouts/mlx-swift/Source/MLX/Linalg.swift (in target 'MLX' from project 'mlx-swift')
    cd /Users/jamesalford/Documents/NotedCore/NotedCore.xcodeproj
    

SwiftCompile normal arm64 Compiling\ Device.swift,\ ErrorHandler.swift,\ Export.swift /Users/jamesalford/Library/Developer/Xcode/DerivedData/NotedCore-ftviuoyqruynvwbzbngenbwxsygv/SourcePackages/checkouts/mlx-swift/Source/MLX/Device.swift /Users/jamesalford/Library/Developer/Xcode/DerivedData/NotedCore-ftviuoyqruynvwbzbngenbwxsygv/SourcePackages/checkouts/mlx-swift/Source/MLX/ErrorHandler.swift /Users/jamesalford/Library/Developer/Xcode/DerivedData/NotedCore-ftviuoyqruynvwbzbngenbwxsygv/SourcePackages/checkouts/mlx-swift/Source/MLX/Export.swift (in target 'MLX' from project 'mlx-swift')

SwiftCompile normal arm64 /Users/jamesalford/Library/Developer/Xcode/DerivedData/NotedCore-ftviuoyqruynvwbzbngenbwxsygv/SourcePackages/checkouts/mlx-swift/Source/MLX/Device.swift (in target 'MLX' from project 'mlx-swift')
    cd /Users/jamesalford/Documents/NotedCore/NotedCore.xcodeproj
    

SwiftCompile normal arm64 /Users/jamesalford/Library/Developer/Xcode/DerivedData/NotedCore-ftviuoyqruynvwbzbngenbwxsygv/SourcePackages/checkouts/mlx-swift/Source/MLX/ErrorHandler.swift (in target 'MLX' from project 'mlx-swift')
    cd /Users/jamesalford/Documents/NotedCore/NotedCore.xcodeproj
    

SwiftCompile normal arm64 /Users/jamesalford/Library/Developer/Xcode/DerivedData/NotedCore-ftviuoyqruynvwbzbngenbwxsygv/SourcePackages/checkouts/mlx-swift/Source/MLX/Export.swift (in target 'MLX' from project 'mlx-swift')
    cd /Users/jamesalford/Documents/NotedCore/NotedCore.xcodeproj
    

SwiftDriverJobDiscovery normal arm64 Compiling Transforms+Vmap.swift, Transforms.swift (in target 'MLX' from project 'mlx-swift')

SwiftCompile normal arm64 Compiling\ State.swift,\ Stream.swift /Users/jamesalford/Library/Developer/Xcode/DerivedData/NotedCore-ftviuoyqruynvwbzbngenbwxsygv/SourcePackages/checkouts/mlx-swift/Source/MLX/State.swift /Users/jamesalford/Library/Developer/Xcode/DerivedData/NotedCore-ftviuoyqruynvwbzbngenbwxsygv/SourcePackages/checkouts/mlx-swift/Source/MLX/Stream.swift (in target 'MLX' from project 'mlx-swift')

SwiftCompile normal arm64 /Users/jamesalford/Library/Developer/Xcode/DerivedData/NotedCore-ftviuoyqruynvwbzbngenbwxsygv/SourcePackages/checkouts/mlx-swift/Source/MLX/State.swift (in target 'MLX' from project 'mlx-swift')
    cd /Users/jamesalford/Documents/NotedCore/NotedCore.xcodeproj
    

SwiftCompile normal arm64 /Users/jamesalford/Library/Developer/Xcode/DerivedData/NotedCore-ftviuoyqruynvwbzbngenbwxsygv/SourcePackages/checkouts/mlx-swift/Source/MLX/Stream.swift (in target 'MLX' from project 'mlx-swift')
    cd /Users/jamesalford/Documents/NotedCore/NotedCore.xcodeproj
    

SwiftDriverJobDiscovery normal arm64 Compiling Option.swift, OptionGroup.swift, AsyncParsableCommand.swift, CommandConfiguration.swift (in target 'ArgumentParser' from project 'swift-argument-parser')

SwiftCompile normal arm64 Compiling\ ArrayAt.swift,\ Cmlx+Util.swift,\ DType.swift /Users/jamesalford/Library/Developer/Xcode/DerivedData/NotedCore-ftviuoyqruynvwbzbngenbwxsygv/SourcePackages/checkouts/mlx-swift/Source/MLX/ArrayAt.swift /Users/jamesalford/Library/Developer/Xcode/DerivedData/NotedCore-ftviuoyqruynvwbzbngenbwxsygv/SourcePackages/checkouts/mlx-swift/Source/MLX/Cmlx+Util.swift /Users/jamesalford/Library/Developer/Xcode/DerivedData/NotedCore-ftviuoyqruynvwbzbngenbwxsygv/SourcePackages/checkouts/mlx-swift/Source/MLX/DType.swift (in target 'MLX' from project 'mlx-swift')

SwiftCompile normal arm64 /Users/jamesalford/Library/Developer/Xcode/DerivedData/NotedCore-ftviuoyqruynvwbzbngenbwxsygv/SourcePackages/checkouts/mlx-swift/Source/MLX/ArrayAt.swift (in target 'MLX' from project 'mlx-swift')
    cd /Users/jamesalford/Documents/NotedCore/NotedCore.xcodeproj
    

SwiftCompile normal arm64 /Users/jamesalford/Library/Developer/Xcode/DerivedData/NotedCore-ftviuoyqruynvwbzbngenbwxsygv/SourcePackages/checkouts/mlx-swift/Source/MLX/Cmlx+Util.swift (in target 'MLX' from project 'mlx-swift')
    cd /Users/jamesalford/Documents/NotedCore/NotedCore.xcodeproj
    

SwiftCompile normal arm64 /Users/jamesalford/Library/Developer/Xcode/DerivedData/NotedCore-ftviuoyqruynvwbzbngenbwxsygv/SourcePackages/checkouts/mlx-swift/Source/MLX/DType.swift (in target 'MLX' from project 'mlx-swift')
    cd /Users/jamesalford/Documents/NotedCore/NotedCore.xcodeproj
    

SwiftDriverJobDiscovery normal arm64 Compiling CommandParser.swift, InputKey.swift, InputOrigin.swift, Name.swift (in target 'ArgumentParser' from project 'swift-argument-parser')

SwiftCompile normal arm64 Compiling\ FFT.swift,\ Factory.swift,\ Foundation+Util.swift /Users/jamesalford/Library/Developer/Xcode/DerivedData/NotedCore-ftviuoyqruynvwbzbngenbwxsygv/SourcePackages/checkouts/mlx-swift/Source/MLX/FFT.swift /Users/jamesalford/Library/Developer/Xcode/DerivedData/NotedCore-ftviuoyqruynvwbzbngenbwxsygv/SourcePackages/checkouts/mlx-swift/Source/MLX/Factory.swift /Users/jamesalford/Library/Developer/Xcode/DerivedData/NotedCore-ftviuoyqruynvwbzbngenbwxsygv/SourcePackages/checkouts/mlx-swift/Source/MLX/Foundation+Util.swift (in target 'MLX' from project 'mlx-swift')

SwiftCompile normal arm64 /Users/jamesalford/Library/Developer/Xcode/DerivedData/NotedCore-ftviuoyqruynvwbzbngenbwxsygv/SourcePackages/checkouts/mlx-swift/Source/MLX/FFT.swift (in target 'MLX' from project 'mlx-swift')
    cd /Users/jamesalford/Documents/NotedCore/NotedCore.xcodeproj
    

SwiftCompile normal arm64 /Users/jamesalford/Library/Developer/Xcode/DerivedData/NotedCore-ftviuoyqruynvwbzbngenbwxsygv/SourcePackages/checkouts/mlx-swift/Source/MLX/Factory.swift (in target 'MLX' from project 'mlx-swift')
    cd /Users/jamesalford/Documents/NotedCore/NotedCore.xcodeproj
    

SwiftCompile normal arm64 /Users/jamesalford/Library/Developer/Xcode/DerivedData/NotedCore-ftviuoyqruynvwbzbngenbwxsygv/SourcePackages/checkouts/mlx-swift/Source/MLX/Foundation+Util.swift (in target 'MLX' from project 'mlx-swift')
    cd /Users/jamesalford/Documents/NotedCore/NotedCore.xcodeproj
    

SwiftDriverJobDiscovery normal arm64 Compiling SplitArguments.swift, DumpHelpGenerator.swift, HelpCommand.swift (in target 'ArgumentParser' from project 'swift-argument-parser')

SwiftCompile normal arm64 Compiling\ Transforms+Grad.swift,\ Transforms+Internal.swift /Users/jamesalford/Library/Developer/Xcode/DerivedData/NotedCore-ftviuoyqruynvwbzbngenbwxsygv/SourcePackages/checkouts/mlx-swift/Source/MLX/Transforms+Grad.swift /Users/jamesalford/Library/Developer/Xcode/DerivedData/NotedCore-ftviuoyqruynvwbzbngenbwxsygv/SourcePackages/checkouts/mlx-swift/Source/MLX/Transforms+Internal.swift (in target 'MLX' from project 'mlx-swift')

SwiftCompile normal arm64 /Users/jamesalford/Library/Developer/Xcode/DerivedData/NotedCore-ftviuoyqruynvwbzbngenbwxsygv/SourcePackages/checkouts/mlx-swift/Source/MLX/Transforms+Grad.swift (in target 'MLX' from project 'mlx-swift')
    cd /Users/jamesalford/Documents/NotedCore/NotedCore.xcodeproj
    

SwiftCompile normal arm64 /Users/jamesalford/Library/Developer/Xcode/DerivedData/NotedCore-ftviuoyqruynvwbzbngenbwxsygv/SourcePackages/checkouts/mlx-swift/Source/MLX/Transforms+Internal.swift (in target 'MLX' from project 'mlx-swift')
    cd /Users/jamesalford/Documents/NotedCore/NotedCore.xcodeproj
    

SwiftDriverJobDiscovery normal arm64 Compiling MLXFast.swift, MLXFastKernel.swift (in target 'MLX' from project 'mlx-swift')

SwiftDriverJobDiscovery normal arm64 Compiling HelpGenerator.swift, MessageInfo.swift, UsageGenerator.swift (in target 'ArgumentParser' from project 'swift-argument-parser')

SwiftCompile normal arm64 Compiling\ BashCompletionsGenerator.swift,\ CompletionsGenerator.swift,\ FishCompletionsGenerator.swift,\ ZshCompletionsGenerator.swift /Users/jamesalford/Library/Developer/Xcode/DerivedData/NotedCore-ftviuoyqruynvwbzbngenbwxsygv/SourcePackages/checkouts/swift-argument-parser/Sources/ArgumentParser/Completions/BashCompletionsGenerator.swift /Users/jamesalford/Library/Developer/Xcode/DerivedData/NotedCore-ftviuoyqruynvwbzbngenbwxsygv/SourcePackages/checkouts/swift-argument-parser/Sources/ArgumentParser/Completions/CompletionsGenerator.swift /Users/jamesalford/Library/Developer/Xcode/DerivedData/NotedCore-ftviuoyqruynvwbzbngenbwxsygv/SourcePackages/checkouts/swift-argument-parser/Sources/ArgumentParser/Completions/FishCompletionsGenerator.swift /Users/jamesalford/Library/Developer/Xcode/DerivedData/NotedCore-ftviuoyqruynvwbzbngenbwxsygv/SourcePackages/checkouts/swift-argument-parser/Sources/ArgumentParser/Completions/ZshCompletionsGenerator.swift (in target 'ArgumentParser' from project 'swift-argument-parser')

SwiftCompile normal arm64 /Users/jamesalford/Library/Developer/Xcode/DerivedData/NotedCore-ftviuoyqruynvwbzbngenbwxsygv/SourcePackages/checkouts/swift-argument-parser/Sources/ArgumentParser/Completions/BashCompletionsGenerator.swift (in target 'ArgumentParser' from project 'swift-argument-parser')
    cd /Users/jamesalford/Documents/NotedCore/NotedCore.xcodeproj
    

SwiftCompile normal arm64 /Users/jamesalford/Library/Developer/Xcode/DerivedData/NotedCore-ftviuoyqruynvwbzbngenbwxsygv/SourcePackages/checkouts/swift-argument-parser/Sources/ArgumentParser/Completions/CompletionsGenerator.swift (in target 'ArgumentParser' from project 'swift-argument-parser')
    cd /Users/jamesalford/Documents/NotedCore/NotedCore.xcodeproj
    

SwiftCompile normal arm64 /Users/jamesalford/Library/Developer/Xcode/DerivedData/NotedCore-ftviuoyqruynvwbzbngenbwxsygv/SourcePackages/checkouts/swift-argument-parser/Sources/ArgumentParser/Completions/FishCompletionsGenerator.swift (in target 'ArgumentParser' from project 'swift-argument-parser')
    cd /Users/jamesalford/Documents/NotedCore/NotedCore.xcodeproj
    

SwiftCompile normal arm64 /Users/jamesalford/Library/Developer/Xcode/DerivedData/NotedCore-ftviuoyqruynvwbzbngenbwxsygv/SourcePackages/checkouts/swift-argument-parser/Sources/ArgumentParser/Completions/ZshCompletionsGenerator.swift (in target 'ArgumentParser' from project 'swift-argument-parser')
    cd /Users/jamesalford/Documents/NotedCore/NotedCore.xcodeproj
    

SwiftCompile normal arm64 Compiling\ SequenceExtensions.swift,\ StringExtensions.swift,\ SwiftExtensions.swift /Users/jamesalford/Library/Developer/Xcode/DerivedData/NotedCore-ftviuoyqruynvwbzbngenbwxsygv/SourcePackages/checkouts/swift-argument-parser/Sources/ArgumentParser/Utilities/SequenceExtensions.swift /Users/jamesalford/Library/Developer/Xcode/DerivedData/NotedCore-ftviuoyqruynvwbzbngenbwxsygv/SourcePackages/checkouts/swift-argument-parser/Sources/ArgumentParser/Utilities/StringExtensions.swift /Users/jamesalford/Library/Developer/Xcode/DerivedData/NotedCore-ftviuoyqruynvwbzbngenbwxsygv/SourcePackages/checkouts/swift-argument-parser/Sources/ArgumentParser/Utilities/SwiftExtensions.swift (in target 'ArgumentParser' from project 'swift-argument-parser')

SwiftCompile normal arm64 /Users/jamesalford/Library/Developer/Xcode/DerivedData/NotedCore-ftviuoyqruynvwbzbngenbwxsygv/SourcePackages/checkouts/swift-argument-parser/Sources/ArgumentParser/Utilities/SequenceExtensions.swift (in target 'ArgumentParser' from project 'swift-argument-parser')
    cd /Users/jamesalford/Documents/NotedCore/NotedCore.xcodeproj
    

SwiftCompile normal arm64 /Users/jamesalford/Library/Developer/Xcode/DerivedData/NotedCore-ftviuoyqruynvwbzbngenbwxsygv/SourcePackages/checkouts/swift-argument-parser/Sources/ArgumentParser/Utilities/StringExtensions.swift (in target 'ArgumentParser' from project 'swift-argument-parser')
    cd /Users/jamesalford/Documents/NotedCore/NotedCore.xcodeproj
    

SwiftCompile normal arm64 /Users/jamesalford/Library/Developer/Xcode/DerivedData/NotedCore-ftviuoyqruynvwbzbngenbwxsygv/SourcePackages/checkouts/swift-argument-parser/Sources/ArgumentParser/Utilities/SwiftExtensions.swift (in target 'ArgumentParser' from project 'swift-argument-parser')
    cd /Users/jamesalford/Documents/NotedCore/NotedCore.xcodeproj
    

SwiftDriverJobDiscovery normal arm64 Compiling State.swift, Stream.swift (in target 'MLX' from project 'mlx-swift')

SwiftCompile normal arm64 Compiling\ CommandGroup.swift,\ EnumerableFlag.swift,\ ExpressibleByArgument.swift,\ ParsableArguments.swift /Users/jamesalford/Library/Developer/Xcode/DerivedData/NotedCore-ftviuoyqruynvwbzbngenbwxsygv/SourcePackages/checkouts/swift-argument-parser/Sources/ArgumentParser/Parsable\ Types/CommandGroup.swift /Users/jamesalford/Library/Developer/Xcode/DerivedData/NotedCore-ftviuoyqruynvwbzbngenbwxsygv/SourcePackages/checkouts/swift-argument-parser/Sources/ArgumentParser/Parsable\ Types/EnumerableFlag.swift /Users/jamesalford/Library/Developer/Xcode/DerivedData/NotedCore-ftviuoyqruynvwbzbngenbwxsygv/SourcePackages/checkouts/swift-argument-parser/Sources/ArgumentParser/Parsable\ Types/ExpressibleByArgument.swift /Users/jamesalford/Library/Developer/Xcode/DerivedData/NotedCore-ftviuoyqruynvwbzbngenbwxsygv/SourcePackages/checkouts/swift-argument-parser/Sources/ArgumentParser/Parsable\ Types/ParsableArguments.swift (in target 'ArgumentParser' from project 'swift-argument-parser')

SwiftCompile normal arm64 /Users/jamesalford/Library/Developer/Xcode/DerivedData/NotedCore-ftviuoyqruynvwbzbngenbwxsygv/SourcePackages/checkouts/swift-argument-parser/Sources/ArgumentParser/Parsable\ Types/CommandGroup.swift (in target 'ArgumentParser' from project 'swift-argument-parser')
    cd /Users/jamesalford/Documents/NotedCore/NotedCore.xcodeproj
    

SwiftCompile normal arm64 /Users/jamesalford/Library/Developer/Xcode/DerivedData/NotedCore-ftviuoyqruynvwbzbngenbwxsygv/SourcePackages/checkouts/swift-argument-parser/Sources/ArgumentParser/Parsable\ Types/EnumerableFlag.swift (in target 'ArgumentParser' from project 'swift-argument-parser')
    cd /Users/jamesalford/Documents/NotedCore/NotedCore.xcodeproj
    

SwiftCompile normal arm64 /Users/jamesalford/Library/Developer/Xcode/DerivedData/NotedCore-ftviuoyqruynvwbzbngenbwxsygv/SourcePackages/checkouts/swift-argument-parser/Sources/ArgumentParser/Parsable\ Types/ExpressibleByArgument.swift (in target 'ArgumentParser' from project 'swift-argument-parser')
    cd /Users/jamesalford/Documents/NotedCore/NotedCore.xcodeproj
    

SwiftCompile normal arm64 /Users/jamesalford/Library/Developer/Xcode/DerivedData/NotedCore-ftviuoyqruynvwbzbngenbwxsygv/SourcePackages/checkouts/swift-argument-parser/Sources/ArgumentParser/Parsable\ Types/ParsableArguments.swift (in target 'ArgumentParser' from project 'swift-argument-parser')
    cd /Users/jamesalford/Documents/NotedCore/NotedCore.xcodeproj
    

SwiftDriverJobDiscovery normal arm64 Compiling Device.swift, ErrorHandler.swift, Export.swift (in target 'MLX' from project 'mlx-swift')

SwiftDriverJobDiscovery normal arm64 Emitting module for MLX (in target 'MLX' from project 'mlx-swift')

SwiftDriver\ Compilation\ Requirements MLX normal arm64 com.apple.xcode.tools.swift.compiler (in target 'MLX' from project 'mlx-swift')
    cd /Users/jamesalford/Documents/NotedCore/NotedCore.xcodeproj
    builtin-Swift-Compilation-Requirements -- /Applications/Xcode.app/Contents/Developer/Toolchains/XcodeDefault.xctoolchain/usr/bin/swiftc -module-name MLX -Onone -enforce-exclusivity\=checked @/Users/jamesalford/Library/Developer/Xcode/DerivedData/NotedCore-ftviuoyqruynvwbzbngenbwxsygv/Build/Intermediates.noindex/mlx-swift.build/Debug-iphonesimulator/MLX.build/Objects-normal/arm64/MLX.SwiftFileList -DSWIFT_PACKAGE -DDEBUG -DSWIFT_MODULE_RESOURCE_BUNDLE_UNAVAILABLE -DXcode -enable-experimental-feature StrictConcurrency -plugin-path /Applications/Xcode.app/Contents/Developer/Toolchains/XcodeDefault.xctoolchain/usr/lib/swift/host/plugins/testing -enable-experimental-feature DebugDescriptionMacro -sdk /Applications/Xcode.app/Contents/Developer/Platforms/iPhoneSimulator.platform/Developer/SDKs/iPhoneSimulator26.0.sdk -target arm64-apple-ios16.0-simulator -g -module-cache-path /Users/jamesalford/Library/Developer/Xcode/DerivedData/ModuleCache.noindex -Xfrontend -serialize-debugging-options -profile-coverage-mapping -profile-generate -enable-testing -suppress-warnings -index-store-path /Users/jamesalford/Library/Developer/Xcode/DerivedData/NotedCore-ftviuoyqruynvwbzbngenbwxsygv/Index.noindex/DataStore -Xcc -D_LIBCPP_HARDENING_MODE\=_LIBCPP_HARDENING_MODE_DEBUG -swift-version 5 -I /Users/jamesalford/Library/Developer/Xcode/DerivedData/NotedCore-ftviuoyqruynvwbzbngenbwxsygv/Build/Products/Debug-iphonesimulator -Isystem /Applications/Xcode.app/Contents/Developer/Platforms/iPhoneSimulator.platform/Developer/usr/lib -F /Users/jamesalford/Library/Developer/Xcode/DerivedData/NotedCore-ftviuoyqruynvwbzbngenbwxsygv/Build/Products/Debug-iphonesimulator/PackageFrameworks -F /Users/jamesalford/Library/Developer/Xcode/DerivedData/NotedCore-ftviuoyqruynvwbzbngenbwxsygv/Build/Products/Debug-iphonesimulator/PackageFrameworks -F /Users/jamesalford/Library/Developer/Xcode/DerivedData/NotedCore-ftviuoyqruynvwbzbngenbwxsygv/Build/Products/Debug-iphonesimulator/PackageFrameworks -F /Users/jamesalford/Library/Developer/Xcode/DerivedData/NotedCore-ftviuoyqruynvwbzbngenbwxsygv/Build/Products/Debug-iphonesimulator/PackageFrameworks -F /Users/jamesalford/Library/Developer/Xcode/DerivedData/NotedCore-ftviuoyqruynvwbzbngenbwxsygv/Build/Products/Debug-iphonesimulator/PackageFrameworks -F /Users/jamesalford/Library/Developer/Xcode/DerivedData/NotedCore-ftviuoyqruynvwbzbngenbwxsygv/Build/Products/Debug-iphonesimulator -F /Applications/Xcode.app/Contents/Developer/Platforms/iPhoneSimulator.platform/Developer/Library/Frameworks -F /Applications/Xcode.app/Contents/Developer/Platforms/iPhoneSimulator.platform/Developer/SDKs/iPhoneSimulator26.0.sdk/Developer/Library/Frameworks -c -j14 -enable-batch-mode -incremental -Xcc -ivfsstatcache -Xcc /Users/jamesalford/Library/Developer/Xcode/DerivedData/SDKStatCaches.noindex/iphonesimulator26.0-23A339-3885c01c3e6b6a337905948deab2002e26257891a6c027eb51374368541b8346.sdkstatcache -output-file-map /Users/jamesalford/Library/Developer/Xcode/DerivedData/NotedCore-ftviuoyqruynvwbzbngenbwxsygv/Build/Intermediates.noindex/mlx-swift.build/Debug-iphonesimulator/MLX.build/Objects-normal/arm64/MLX-OutputFileMap.json -use-frontend-parseable-output -save-temps -no-color-diagnostics -explicit-module-build -module-cache-path /Users/jamesalford/Library/Developer/Xcode/DerivedData/NotedCore-ftviuoyqruynvwbzbngenbwxsygv/Build/Intermediates.noindex/SwiftExplicitPrecompiledModules -clang-scanner-module-cache-path /Users/jamesalford/Library/Developer/Xcode/DerivedData/ModuleCache.noindex -sdk-module-cache-path /Users/jamesalford/Library/Developer/Xcode/DerivedData/ModuleCache.noindex -serialize-diagnostics -emit-dependencies -emit-module -emit-module-path /Users/jamesalford/Library/Developer/Xcode/DerivedData/NotedCore-ftviuoyqruynvwbzbngenbwxsygv/Build/Intermediates.noindex/mlx-swift.build/Debug-iphonesimulator/MLX.build/Objects-normal/arm64/MLX.swiftmodule -validate-clang-modules-once -clang-build-session-file /Users/jamesalford/Library/Developer/Xcode/DerivedData/ModuleCache.noindex/Session.modulevalidation -package-name mlx_swift -Xcc -I/Users/jamesalford/Library/Developer/Xcode/DerivedData/NotedCore-ftviuoyqruynvwbzbngenbwxsygv/Build/Intermediates.noindex/mlx-swift.build/Debug-iphonesimulator/MLX.build/swift-overrides.hmap -emit-const-values -Xfrontend -const-gather-protocols-file -Xfrontend /Users/jamesalford/Library/Developer/Xcode/DerivedData/NotedCore-ftviuoyqruynvwbzbngenbwxsygv/Build/Intermediates.noindex/mlx-swift.build/Debug-iphonesimulator/MLX.build/Objects-normal/arm64/MLX_const_extract_protocols.json -Xcc -I/Users/jamesalford/Library/Developer/Xcode/DerivedData/NotedCore-ftviuoyqruynvwbzbngenbwxsygv/SourcePackages/checkouts/swift-numerics/Sources/_NumericsShims/include -Xcc -I/Users/jamesalford/Library/Developer/Xcode/DerivedData/NotedCore-ftviuoyqruynvwbzbngenbwxsygv/SourcePackages/checkouts/mlx-swift/Source/Cmlx/include -Xcc -I/Users/jamesalford/Library/Developer/Xcode/DerivedData/NotedCore-ftviuoyqruynvwbzbngenbwxsygv/Build/Products/Debug-iphonesimulator/include -Xcc -I/Users/jamesalford/Library/Developer/Xcode/DerivedData/NotedCore-ftviuoyqruynvwbzbngenbwxsygv/Build/Intermediates.noindex/mlx-swift.build/Debug-iphonesimulator/MLX.build/DerivedSources-normal/arm64 -Xcc -I/Users/jamesalford/Library/Developer/Xcode/DerivedData/NotedCore-ftviuoyqruynvwbzbngenbwxsygv/Build/Intermediates.noindex/mlx-swift.build/Debug-iphonesimulator/MLX.build/DerivedSources/arm64 -Xcc -I/Users/jamesalford/Library/Developer/Xcode/DerivedData/NotedCore-ftviuoyqruynvwbzbngenbwxsygv/Build/Intermediates.noindex/mlx-swift.build/Debug-iphonesimulator/MLX.build/DerivedSources -Xcc -DSWIFT_PACKAGE -Xcc -DDEBUG\=1 -emit-objc-header -emit-objc-header-path /Users/jamesalford/Library/Developer/Xcode/DerivedData/NotedCore-ftviuoyqruynvwbzbngenbwxsygv/Build/Intermediates.noindex/mlx-swift.build/Debug-iphonesimulator/MLX.build/Objects-normal/arm64/MLX-Swift.h -working-directory /Users/jamesalford/Documents/NotedCore/NotedCore.xcodeproj -experimental-emit-module-separately -disable-cmo

Ld /Users/jamesalford/Library/Developer/Xcode/DerivedData/NotedCore-ftviuoyqruynvwbzbngenbwxsygv/Build/Products/Debug-iphonesimulator/OrderedCollections.o normal (in target 'OrderedCollections' from project 'swift-collections')
    cd /Users/jamesalford/Library/Developer/Xcode/DerivedData/NotedCore-ftviuoyqruynvwbzbngenbwxsygv/SourcePackages/checkouts/swift-collections
    /Applications/Xcode.app/Contents/Developer/Toolchains/XcodeDefault.xctoolchain/usr/bin/clang -Xlinker -reproducible -target arm64-apple-ios12.0-simulator -r -isysroot /Applications/Xcode.app/Contents/Developer/Platforms/iPhoneSimulator.platform/Developer/SDKs/iPhoneSimulator26.0.sdk -O0 -w -L/Users/jamesalford/Library/Developer/Xcode/DerivedData/NotedCore-ftviuoyqruynvwbzbngenbwxsygv/Build/Intermediates.noindex/EagerLinkingTBDs/Debug-iphonesimulator -L/Users/jamesalford/Library/Developer/Xcode/DerivedData/NotedCore-ftviuoyqruynvwbzbngenbwxsygv/Build/Products/Debug-iphonesimulator -L/Applications/Xcode.app/Contents/Developer/Platforms/iPhoneSimulator.platform/Developer/usr/lib -F/Users/jamesalford/Library/Developer/Xcode/DerivedData/NotedCore-ftviuoyqruynvwbzbngenbwxsygv/Build/Intermediates.noindex/EagerLinkingTBDs/Debug-iphonesimulator -F/Users/jamesalford/Library/Developer/Xcode/DerivedData/NotedCore-ftviuoyqruynvwbzbngenbwxsygv/Build/Products/Debug-iphonesimulator/PackageFrameworks -F/Users/jamesalford/Library/Developer/Xcode/DerivedData/NotedCore-ftviuoyqruynvwbzbngenbwxsygv/Build/Products/Debug-iphonesimulator -iframework /Applications/Xcode.app/Contents/Developer/Platforms/iPhoneSimulator.platform/Developer/Library/Frameworks -iframework /Applications/Xcode.app/Contents/Developer/Platforms/iPhoneSimulator.platform/Developer/SDKs/iPhoneSimulator26.0.sdk/Developer/Library/Frameworks -filelist /Users/jamesalford/Library/Developer/Xcode/DerivedData/NotedCore-ftviuoyqruynvwbzbngenbwxsygv/Build/Intermediates.noindex/swift-collections.build/Debug-iphonesimulator/OrderedCollections.build/Objects-normal/arm64/OrderedCollections.LinkFileList -nostdlib -Xlinker -object_path_lto -Xlinker /Users/jamesalford/Library/Developer/Xcode/DerivedData/NotedCore-ftviuoyqruynvwbzbngenbwxsygv/Build/Intermediates.noindex/swift-collections.build/Debug-iphonesimulator/OrderedCollections.build/Objects-normal/arm64/OrderedCollections_lto.o -rdynamic -Xlinker -no_deduplicate -Xlinker -objc_abi_version -Xlinker 2 -Xlinker -debug_variant -Xlinker -dependency_info -Xlinker /Users/jamesalford/Library/Developer/Xcode/DerivedData/NotedCore-ftviuoyqruynvwbzbngenbwxsygv/Build/Intermediates.noindex/swift-collections.build/Debug-iphonesimulator/OrderedCollections.build/Objects-normal/arm64/OrderedCollections_dependency_info.dat -fobjc-link-runtime -L/Applications/Xcode.app/Contents/Developer/Toolchains/XcodeDefault.xctoolchain/usr/lib/swift/iphonesimulator -L/usr/lib/swift -Xlinker -add_ast_path -Xlinker /Users/jamesalford/Library/Developer/Xcode/DerivedData/NotedCore-ftviuoyqruynvwbzbngenbwxsygv/Build/Intermediates.noindex/swift-collections.build/Debug-iphonesimulator/OrderedCollections.build/Objects-normal/arm64/OrderedCollections.swiftmodule @/Users/jamesalford/Library/Developer/Xcode/DerivedData/NotedCore-ftviuoyqruynvwbzbngenbwxsygv/Build/Intermediates.noindex/swift-collections.build/Debug-iphonesimulator/OrderedCollections.build/Objects-normal/arm64/OrderedCollections-linker-args.resp -o /Users/jamesalford/Library/Developer/Xcode/DerivedData/NotedCore-ftviuoyqruynvwbzbngenbwxsygv/Build/Products/Debug-iphonesimulator/OrderedCollections.o

SwiftMergeGeneratedHeaders /Users/jamesalford/Library/Developer/Xcode/DerivedData/NotedCore-ftviuoyqruynvwbzbngenbwxsygv/Build/Intermediates.noindex/GeneratedModuleMaps-iphonesimulator/MLX-Swift.h /Users/jamesalford/Library/Developer/Xcode/DerivedData/NotedCore-ftviuoyqruynvwbzbngenbwxsygv/Build/Intermediates.noindex/mlx-swift.build/Debug-iphonesimulator/MLX.build/Objects-normal/arm64/MLX-Swift.h (in target 'MLX' from project 'mlx-swift')
    cd /Users/jamesalford/Library/Developer/Xcode/DerivedData/NotedCore-ftviuoyqruynvwbzbngenbwxsygv/SourcePackages/checkouts/mlx-swift
    builtin-swiftHeaderTool -arch arm64 /Users/jamesalford/Library/Developer/Xcode/DerivedData/NotedCore-ftviuoyqruynvwbzbngenbwxsygv/Build/Intermediates.noindex/mlx-swift.build/Debug-iphonesimulator/MLX.build/Objects-normal/arm64/MLX-Swift.h -o /Users/jamesalford/Library/Developer/Xcode/DerivedData/NotedCore-ftviuoyqruynvwbzbngenbwxsygv/Build/Intermediates.noindex/GeneratedModuleMaps-iphonesimulator/MLX-Swift.h

SwiftDriverJobDiscovery normal arm64 Compiling ParsableCommand.swift, ArgumentDecoder.swift, ArgumentDefinition.swift, ArgumentSet.swift (in target 'ArgumentParser' from project 'swift-argument-parser')

Copy /Users/jamesalford/Library/Developer/Xcode/DerivedData/NotedCore-ftviuoyqruynvwbzbngenbwxsygv/Build/Products/Debug-iphonesimulator/MLX.swiftmodule/arm64-apple-ios-simulator.swiftmodule /Users/jamesalford/Library/Developer/Xcode/DerivedData/NotedCore-ftviuoyqruynvwbzbngenbwxsygv/Build/Intermediates.noindex/mlx-swift.build/Debug-iphonesimulator/MLX.build/Objects-normal/arm64/MLX.swiftmodule (in target 'MLX' from project 'mlx-swift')
    cd /Users/jamesalford/Library/Developer/Xcode/DerivedData/NotedCore-ftviuoyqruynvwbzbngenbwxsygv/SourcePackages/checkouts/mlx-swift
    builtin-copy -exclude .DS_Store -exclude CVS -exclude .svn -exclude .git -exclude .hg -resolve-src-symlinks -rename /Users/jamesalford/Library/Developer/Xcode/DerivedData/NotedCore-ftviuoyqruynvwbzbngenbwxsygv/Build/Intermediates.noindex/mlx-swift.build/Debug-iphonesimulator/MLX.build/Objects-normal/arm64/MLX.swiftmodule /Users/jamesalford/Library/Developer/Xcode/DerivedData/NotedCore-ftviuoyqruynvwbzbngenbwxsygv/Build/Products/Debug-iphonesimulator/MLX.swiftmodule/arm64-apple-ios-simulator.swiftmodule

Copy /Users/jamesalford/Library/Developer/Xcode/DerivedData/NotedCore-ftviuoyqruynvwbzbngenbwxsygv/Build/Products/Debug-iphonesimulator/MLX.swiftmodule/arm64-apple-ios-simulator.swiftdoc /Users/jamesalford/Library/Developer/Xcode/DerivedData/NotedCore-ftviuoyqruynvwbzbngenbwxsygv/Build/Intermediates.noindex/mlx-swift.build/Debug-iphonesimulator/MLX.build/Objects-normal/arm64/MLX.swiftdoc (in target 'MLX' from project 'mlx-swift')
    cd /Users/jamesalford/Library/Developer/Xcode/DerivedData/NotedCore-ftviuoyqruynvwbzbngenbwxsygv/SourcePackages/checkouts/mlx-swift
    builtin-copy -exclude .DS_Store -exclude CVS -exclude .svn -exclude .git -exclude .hg -resolve-src-symlinks -rename /Users/jamesalford/Library/Developer/Xcode/DerivedData/NotedCore-ftviuoyqruynvwbzbngenbwxsygv/Build/Intermediates.noindex/mlx-swift.build/Debug-iphonesimulator/MLX.build/Objects-normal/arm64/MLX.swiftdoc /Users/jamesalford/Library/Developer/Xcode/DerivedData/NotedCore-ftviuoyqruynvwbzbngenbwxsygv/Build/Products/Debug-iphonesimulator/MLX.swiftmodule/arm64-apple-ios-simulator.swiftdoc

Copy /Users/jamesalford/Library/Developer/Xcode/DerivedData/NotedCore-ftviuoyqruynvwbzbngenbwxsygv/Build/Products/Debug-iphonesimulator/MLX.swiftmodule/arm64-apple-ios-simulator.abi.json /Users/jamesalford/Library/Developer/Xcode/DerivedData/NotedCore-ftviuoyqruynvwbzbngenbwxsygv/Build/Intermediates.noindex/mlx-swift.build/Debug-iphonesimulator/MLX.build/Objects-normal/arm64/MLX.abi.json (in target 'MLX' from project 'mlx-swift')
    cd /Users/jamesalford/Library/Developer/Xcode/DerivedData/NotedCore-ftviuoyqruynvwbzbngenbwxsygv/SourcePackages/checkouts/mlx-swift
    builtin-copy -exclude .DS_Store -exclude CVS -exclude .svn -exclude .git -exclude .hg -resolve-src-symlinks -rename /Users/jamesalford/Library/Developer/Xcode/DerivedData/NotedCore-ftviuoyqruynvwbzbngenbwxsygv/Build/Intermediates.noindex/mlx-swift.build/Debug-iphonesimulator/MLX.build/Objects-normal/arm64/MLX.abi.json /Users/jamesalford/Library/Developer/Xcode/DerivedData/NotedCore-ftviuoyqruynvwbzbngenbwxsygv/Build/Products/Debug-iphonesimulator/MLX.swiftmodule/arm64-apple-ios-simulator.abi.json

Copy /Users/jamesalford/Library/Developer/Xcode/DerivedData/NotedCore-ftviuoyqruynvwbzbngenbwxsygv/Build/Products/Debug-iphonesimulator/MLX.swiftmodule/Project/arm64-apple-ios-simulator.swiftsourceinfo /Users/jamesalford/Library/Developer/Xcode/DerivedData/NotedCore-ftviuoyqruynvwbzbngenbwxsygv/Build/Intermediates.noindex/mlx-swift.build/Debug-iphonesimulator/MLX.build/Objects-normal/arm64/MLX.swiftsourceinfo (in target 'MLX' from project 'mlx-swift')
    cd /Users/jamesalford/Library/Developer/Xcode/DerivedData/NotedCore-ftviuoyqruynvwbzbngenbwxsygv/SourcePackages/checkouts/mlx-swift
    builtin-copy -exclude .DS_Store -exclude CVS -exclude .svn -exclude .git -exclude .hg -resolve-src-symlinks -rename /Users/jamesalford/Library/Developer/Xcode/DerivedData/NotedCore-ftviuoyqruynvwbzbngenbwxsygv/Build/Intermediates.noindex/mlx-swift.build/Debug-iphonesimulator/MLX.build/Objects-normal/arm64/MLX.swiftsourceinfo /Users/jamesalford/Library/Developer/Xcode/DerivedData/NotedCore-ftviuoyqruynvwbzbngenbwxsygv/Build/Products/Debug-iphonesimulator/MLX.swiftmodule/Project/arm64-apple-ios-simulator.swiftsourceinfo

ExtractAppIntentsMetadata (in target 'ComplexModule' from project 'swift-numerics')
    cd /Users/jamesalford/Library/Developer/Xcode/DerivedData/NotedCore-ftviuoyqruynvwbzbngenbwxsygv/SourcePackages/checkouts/swift-numerics
    /Applications/Xcode.app/Contents/Developer/Toolchains/XcodeDefault.xctoolchain/usr/bin/appintentsmetadataprocessor --toolchain-dir /var/run/com.apple.security.cryptexd/mnt/com.apple.MobileAsset.MetalToolchain-v17.1.324.0.6zKCg8/Metal.xctoolchain --module-name ComplexModule --sdk-root /Applications/Xcode.app/Contents/Developer/Platforms/iPhoneSimulator.platform/Developer/SDKs/iPhoneSimulator26.0.sdk --xcode-version 17A400 --platform-family iOS --deployment-target 12.0 --bundle-identifier swift-numerics.ComplexModule --output /Users/jamesalford/Library/Developer/Xcode/DerivedData/NotedCore-ftviuoyqruynvwbzbngenbwxsygv/Build/Products/Debug-iphonesimulator/ComplexModule.appintents --target-triple arm64-apple-ios12.0-simulator --binary-file /Users/jamesalford/Library/Developer/Xcode/DerivedData/NotedCore-ftviuoyqruynvwbzbngenbwxsygv/Build/Products/Debug-iphonesimulator/ComplexModule.o --dependency-file /Users/jamesalford/Library/Developer/Xcode/DerivedData/NotedCore-ftviuoyqruynvwbzbngenbwxsygv/Build/Intermediates.noindex/swift-numerics.build/Debug-iphonesimulator/ComplexModule.build/Objects-normal/arm64/ComplexModule_dependency_info.dat --stringsdata-file /Users/jamesalford/Library/Developer/Xcode/DerivedData/NotedCore-ftviuoyqruynvwbzbngenbwxsygv/Build/Intermediates.noindex/swift-numerics.build/Debug-iphonesimulator/ComplexModule.build/Objects-normal/arm64/ExtractedAppShortcutsMetadata.stringsdata --source-file-list /Users/jamesalford/Library/Developer/Xcode/DerivedData/NotedCore-ftviuoyqruynvwbzbngenbwxsygv/Build/Intermediates.noindex/swift-numerics.build/Debug-iphonesimulator/ComplexModule.build/Objects-normal/arm64/ComplexModule.SwiftFileList --metadata-file-list /Users/jamesalford/Library/Developer/Xcode/DerivedData/NotedCore-ftviuoyqruynvwbzbngenbwxsygv/Build/Intermediates.noindex/swift-numerics.build/Debug-iphonesimulator/ComplexModule.build/ComplexModule.DependencyMetadataFileList --static-metadata-file-list /Users/jamesalford/Library/Developer/Xcode/DerivedData/NotedCore-ftviuoyqruynvwbzbngenbwxsygv/Build/Intermediates.noindex/swift-numerics.build/Debug-iphonesimulator/ComplexModule.build/ComplexModule.DependencyStaticMetadataFileList --swift-const-vals-list /Users/jamesalford/Library/Developer/Xcode/DerivedData/NotedCore-ftviuoyqruynvwbzbngenbwxsygv/Build/Intermediates.noindex/swift-numerics.build/Debug-iphonesimulator/ComplexModule.build/Objects-normal/arm64/ComplexModule.SwiftConstValuesFileList --force --compile-time-extraction --deployment-aware-processing --validate-assistant-intents --no-app-shortcuts-localization
2025-09-28 17:43:10.031 appintentsmetadataprocessor[15028:1557407] Starting appintentsmetadataprocessor export
2025-09-28 17:43:10.146 appintentsmetadataprocessor[15028:1557407] Extracted no relevant App Intents symbols, skipping writing output

SwiftDriverJobDiscovery normal arm64 Compiling Nested.swift, Ops+Array.swift (in target 'MLX' from project 'mlx-swift')

SwiftDriverJobDiscovery normal arm64 Compiling ArrayAt.swift, Cmlx+Util.swift, DType.swift (in target 'MLX' from project 'mlx-swift')

ExtractAppIntentsMetadata (in target 'OrderedCollections' from project 'swift-collections')
    cd /Users/jamesalford/Library/Developer/Xcode/DerivedData/NotedCore-ftviuoyqruynvwbzbngenbwxsygv/SourcePackages/checkouts/swift-collections
    /Applications/Xcode.app/Contents/Developer/Toolchains/XcodeDefault.xctoolchain/usr/bin/appintentsmetadataprocessor --toolchain-dir /var/run/com.apple.security.cryptexd/mnt/com.apple.MobileAsset.MetalToolchain-v17.1.324.0.6zKCg8/Metal.xctoolchain --module-name OrderedCollections --sdk-root /Applications/Xcode.app/Contents/Developer/Platforms/iPhoneSimulator.platform/Developer/SDKs/iPhoneSimulator26.0.sdk --xcode-version 17A400 --platform-family iOS --deployment-target 12.0 --bundle-identifier swift-collections.OrderedCollections --output /Users/jamesalford/Library/Developer/Xcode/DerivedData/NotedCore-ftviuoyqruynvwbzbngenbwxsygv/Build/Products/Debug-iphonesimulator/OrderedCollections.appintents --target-triple arm64-apple-ios12.0-simulator --binary-file /Users/jamesalford/Library/Developer/Xcode/DerivedData/NotedCore-ftviuoyqruynvwbzbngenbwxsygv/Build/Products/Debug-iphonesimulator/OrderedCollections.o --dependency-file /Users/jamesalford/Library/Developer/Xcode/DerivedData/NotedCore-ftviuoyqruynvwbzbngenbwxsygv/Build/Intermediates.noindex/swift-collections.build/Debug-iphonesimulator/OrderedCollections.build/Objects-normal/arm64/OrderedCollections_dependency_info.dat --stringsdata-file /Users/jamesalford/Library/Developer/Xcode/DerivedData/NotedCore-ftviuoyqruynvwbzbngenbwxsygv/Build/Intermediates.noindex/swift-collections.build/Debug-iphonesimulator/OrderedCollections.build/Objects-normal/arm64/ExtractedAppShortcutsMetadata.stringsdata --source-file-list /Users/jamesalford/Library/Developer/Xcode/DerivedData/NotedCore-ftviuoyqruynvwbzbngenbwxsygv/Build/Intermediates.noindex/swift-collections.build/Debug-iphonesimulator/OrderedCollections.build/Objects-normal/arm64/OrderedCollections.SwiftFileList --metadata-file-list /Users/jamesalford/Library/Developer/Xcode/DerivedData/NotedCore-ftviuoyqruynvwbzbngenbwxsygv/Build/Intermediates.noindex/swift-collections.build/Debug-iphonesimulator/OrderedCollections.build/OrderedCollections.DependencyMetadataFileList --static-metadata-file-list /Users/jamesalford/Library/Developer/Xcode/DerivedData/NotedCore-ftviuoyqruynvwbzbngenbwxsygv/Build/Intermediates.noindex/swift-collections.build/Debug-iphonesimulator/OrderedCollections.build/OrderedCollections.DependencyStaticMetadataFileList --swift-const-vals-list /Users/jamesalford/Library/Developer/Xcode/DerivedData/NotedCore-ftviuoyqruynvwbzbngenbwxsygv/Build/Intermediates.noindex/swift-collections.build/Debug-iphonesimulator/OrderedCollections.build/Objects-normal/arm64/OrderedCollections.SwiftConstValuesFileList --force --compile-time-extraction --deployment-aware-processing --validate-assistant-intents --no-app-shortcuts-localization
2025-09-28 17:43:10.052 appintentsmetadataprocessor[15029:1557422] Starting appintentsmetadataprocessor export
2025-09-28 17:43:10.214 appintentsmetadataprocessor[15029:1557422] Extracted no relevant App Intents symbols, skipping writing output

SwiftDriverJobDiscovery normal arm64 Compiling GPU.swift, IO.swift, Linalg.swift (in target 'MLX' from project 'mlx-swift')

SwiftDriver Jinja normal arm64 com.apple.xcode.tools.swift.compiler (in target 'Jinja' from project 'Jinja')
    cd /Users/jamesalford/Documents/NotedCore/NotedCore.xcodeproj
    builtin-SwiftDriver -- /Applications/Xcode.app/Contents/Developer/Toolchains/XcodeDefault.xctoolchain/usr/bin/swiftc -module-name Jinja -Onone -enforce-exclusivity\=checked @/Users/jamesalford/Library/Developer/Xcode/DerivedData/NotedCore-ftviuoyqruynvwbzbngenbwxsygv/Build/Intermediates.noindex/Jinja.build/Debug-iphonesimulator/Jinja.build/Objects-normal/arm64/Jinja.SwiftFileList -DSWIFT_PACKAGE -DDEBUG -DSWIFT_MODULE_RESOURCE_BUNDLE_UNAVAILABLE -DXcode -enable-upcoming-feature BareSlashRegexLiterals -enable-experimental-feature StrictConcurrency -plugin-path /Applications/Xcode.app/Contents/Developer/Toolchains/XcodeDefault.xctoolchain/usr/lib/swift/host/plugins/testing -enable-experimental-feature DebugDescriptionMacro -sdk /Applications/Xcode.app/Contents/Developer/Platforms/iPhoneSimulator.platform/Developer/SDKs/iPhoneSimulator26.0.sdk -target arm64-apple-ios16.0-simulator -g -module-cache-path /Users/jamesalford/Library/Developer/Xcode/DerivedData/ModuleCache.noindex -Xfrontend -serialize-debugging-options -profile-coverage-mapping -profile-generate -enable-testing -suppress-warnings -index-store-path /Users/jamesalford/Library/Developer/Xcode/DerivedData/NotedCore-ftviuoyqruynvwbzbngenbwxsygv/Index.noindex/DataStore -Xcc -D_LIBCPP_HARDENING_MODE\=_LIBCPP_HARDENING_MODE_DEBUG -swift-version 5 -I /Users/jamesalford/Library/Developer/Xcode/DerivedData/NotedCore-ftviuoyqruynvwbzbngenbwxsygv/Build/Products/Debug-iphonesimulator -Isystem /Applications/Xcode.app/Contents/Developer/Platforms/iPhoneSimulator.platform/Developer/usr/lib -F /Users/jamesalford/Library/Developer/Xcode/DerivedData/NotedCore-ftviuoyqruynvwbzbngenbwxsygv/Build/Products/Debug-iphonesimulator/PackageFrameworks -F /Users/jamesalford/Library/Developer/Xcode/DerivedData/NotedCore-ftviuoyqruynvwbzbngenbwxsygv/Build/Products/Debug-iphonesimulator/PackageFrameworks -F /Users/jamesalford/Library/Developer/Xcode/DerivedData/NotedCore-ftviuoyqruynvwbzbngenbwxsygv/Build/Products/Debug-iphonesimulator -F /Applications/Xcode.app/Contents/Developer/Platforms/iPhoneSimulator.platform/Developer/Library/Frameworks -F /Applications/Xcode.app/Contents/Developer/Platforms/iPhoneSimulator.platform/Developer/SDKs/iPhoneSimulator26.0.sdk/Developer/Library/Frameworks -c -j14 -enable-batch-mode -incremental -Xcc -ivfsstatcache -Xcc /Users/jamesalford/Library/Developer/Xcode/DerivedData/SDKStatCaches.noindex/iphonesimulator26.0-23A339-3885c01c3e6b6a337905948deab2002e26257891a6c027eb51374368541b8346.sdkstatcache -output-file-map /Users/jamesalford/Library/Developer/Xcode/DerivedData/NotedCore-ftviuoyqruynvwbzbngenbwxsygv/Build/Intermediates.noindex/Jinja.build/Debug-iphonesimulator/Jinja.build/Objects-normal/arm64/Jinja-OutputFileMap.json -use-frontend-parseable-output -save-temps -no-color-diagnostics -explicit-module-build -module-cache-path /Users/jamesalford/Library/Developer/Xcode/DerivedData/NotedCore-ftviuoyqruynvwbzbngenbwxsygv/Build/Intermediates.noindex/SwiftExplicitPrecompiledModules -clang-scanner-module-cache-path /Users/jamesalford/Library/Developer/Xcode/DerivedData/ModuleCache.noindex -sdk-module-cache-path /Users/jamesalford/Library/Developer/Xcode/DerivedData/ModuleCache.noindex -serialize-diagnostics -emit-dependencies -emit-module -emit-module-path /Users/jamesalford/Library/Developer/Xcode/DerivedData/NotedCore-ftviuoyqruynvwbzbngenbwxsygv/Build/Intermediates.noindex/Jinja.build/Debug-iphonesimulator/Jinja.build/Objects-normal/arm64/Jinja.swiftmodule -validate-clang-modules-once -clang-build-session-file /Users/jamesalford/Library/Developer/Xcode/DerivedData/ModuleCache.noindex/Session.modulevalidation -package-name jinja -Xcc -I/Users/jamesalford/Library/Developer/Xcode/DerivedData/NotedCore-ftviuoyqruynvwbzbngenbwxsygv/Build/Intermediates.noindex/Jinja.build/Debug-iphonesimulator/Jinja.build/swift-overrides.hmap -emit-const-values -Xfrontend -const-gather-protocols-file -Xfrontend /Users/jamesalford/Library/Developer/Xcode/DerivedData/NotedCore-ftviuoyqruynvwbzbngenbwxsygv/Build/Intermediates.noindex/Jinja.build/Debug-iphonesimulator/Jinja.build/Objects-normal/arm64/Jinja_const_extract_protocols.json -Xcc -I/Users/jamesalford/Library/Developer/Xcode/DerivedData/NotedCore-ftviuoyqruynvwbzbngenbwxsygv/Build/Products/Debug-iphonesimulator/include -Xcc -I/Users/jamesalford/Library/Developer/Xcode/DerivedData/NotedCore-ftviuoyqruynvwbzbngenbwxsygv/Build/Intermediates.noindex/Jinja.build/Debug-iphonesimulator/Jinja.build/DerivedSources-normal/arm64 -Xcc -I/Users/jamesalford/Library/Developer/Xcode/DerivedData/NotedCore-ftviuoyqruynvwbzbngenbwxsygv/Build/Intermediates.noindex/Jinja.build/Debug-iphonesimulator/Jinja.build/DerivedSources/arm64 -Xcc -I/Users/jamesalford/Library/Developer/Xcode/DerivedData/NotedCore-ftviuoyqruynvwbzbngenbwxsygv/Build/Intermediates.noindex/Jinja.build/Debug-iphonesimulator/Jinja.build/DerivedSources -Xcc -DSWIFT_PACKAGE -Xcc -DDEBUG\=1 -emit-objc-header -emit-objc-header-path /Users/jamesalford/Library/Developer/Xcode/DerivedData/NotedCore-ftviuoyqruynvwbzbngenbwxsygv/Build/Intermediates.noindex/Jinja.build/Debug-iphonesimulator/Jinja.build/Objects-normal/arm64/Jinja-Swift.h -working-directory /Users/jamesalford/Documents/NotedCore/NotedCore.xcodeproj -experimental-emit-module-separately -disable-cmo

SwiftDriverJobDiscovery normal arm64 Compiling Transforms+Grad.swift, Transforms+Internal.swift (in target 'MLX' from project 'mlx-swift')

SwiftDriver MLXLinalg normal arm64 com.apple.xcode.tools.swift.compiler (in target 'MLXLinalg' from project 'mlx-swift')
    cd /Users/jamesalford/Documents/NotedCore/NotedCore.xcodeproj
    builtin-SwiftDriver -- /Applications/Xcode.app/Contents/Developer/Toolchains/XcodeDefault.xctoolchain/usr/bin/swiftc -module-name MLXLinalg -Onone -enforce-exclusivity\=checked @/Users/jamesalford/Library/Developer/Xcode/DerivedData/NotedCore-ftviuoyqruynvwbzbngenbwxsygv/Build/Intermediates.noindex/mlx-swift.build/Debug-iphonesimulator/MLXLinalg.build/Objects-normal/arm64/MLXLinalg.SwiftFileList -DSWIFT_PACKAGE -DDEBUG -DSWIFT_MODULE_RESOURCE_BUNDLE_UNAVAILABLE -DXcode -enable-experimental-feature StrictConcurrency -plugin-path /Applications/Xcode.app/Contents/Developer/Toolchains/XcodeDefault.xctoolchain/usr/lib/swift/host/plugins/testing -enable-experimental-feature DebugDescriptionMacro -sdk /Applications/Xcode.app/Contents/Developer/Platforms/iPhoneSimulator.platform/Developer/SDKs/iPhoneSimulator26.0.sdk -target arm64-apple-ios16.0-simulator -g -module-cache-path /Users/jamesalford/Library/Developer/Xcode/DerivedData/ModuleCache.noindex -Xfrontend -serialize-debugging-options -profile-coverage-mapping -profile-generate -enable-testing -suppress-warnings -index-store-path /Users/jamesalford/Library/Developer/Xcode/DerivedData/NotedCore-ftviuoyqruynvwbzbngenbwxsygv/Index.noindex/DataStore -Xcc -D_LIBCPP_HARDENING_MODE\=_LIBCPP_HARDENING_MODE_DEBUG -swift-version 5 -I /Users/jamesalford/Library/Developer/Xcode/DerivedData/NotedCore-ftviuoyqruynvwbzbngenbwxsygv/Build/Products/Debug-iphonesimulator -Isystem /Applications/Xcode.app/Contents/Developer/Platforms/iPhoneSimulator.platform/Developer/usr/lib -F /Users/jamesalford/Library/Developer/Xcode/DerivedData/NotedCore-ftviuoyqruynvwbzbngenbwxsygv/Build/Products/Debug-iphonesimulator/PackageFrameworks -F /Users/jamesalford/Library/Developer/Xcode/DerivedData/NotedCore-ftviuoyqruynvwbzbngenbwxsygv/Build/Products/Debug-iphonesimulator/PackageFrameworks -F /Users/jamesalford/Library/Developer/Xcode/DerivedData/NotedCore-ftviuoyqruynvwbzbngenbwxsygv/Build/Products/Debug-iphonesimulator/PackageFrameworks -F /Users/jamesalford/Library/Developer/Xcode/DerivedData/NotedCore-ftviuoyqruynvwbzbngenbwxsygv/Build/Products/Debug-iphonesimulator/PackageFrameworks -F /Users/jamesalford/Library/Developer/Xcode/DerivedData/NotedCore-ftviuoyqruynvwbzbngenbwxsygv/Build/Products/Debug-iphonesimulator/PackageFrameworks -F /Users/jamesalford/Library/Developer/Xcode/DerivedData/NotedCore-ftviuoyqruynvwbzbngenbwxsygv/Build/Products/Debug-iphonesimulator/PackageFrameworks -F /Users/jamesalford/Library/Developer/Xcode/DerivedData/NotedCore-ftviuoyqruynvwbzbngenbwxsygv/Build/Products/Debug-iphonesimulator -F /Applications/Xcode.app/Contents/Developer/Platforms/iPhoneSimulator.platform/Developer/Library/Frameworks -F /Applications/Xcode.app/Contents/Developer/Platforms/iPhoneSimulator.platform/Developer/SDKs/iPhoneSimulator26.0.sdk/Developer/Library/Frameworks -parse-as-library -c -j14 -enable-batch-mode -incremental -Xcc -ivfsstatcache -Xcc /Users/jamesalford/Library/Developer/Xcode/DerivedData/SDKStatCaches.noindex/iphonesimulator26.0-23A339-3885c01c3e6b6a337905948deab2002e26257891a6c027eb51374368541b8346.sdkstatcache -output-file-map /Users/jamesalford/Library/Developer/Xcode/DerivedData/NotedCore-ftviuoyqruynvwbzbngenbwxsygv/Build/Intermediates.noindex/mlx-swift.build/Debug-iphonesimulator/MLXLinalg.build/Objects-normal/arm64/MLXLinalg-OutputFileMap.json -use-frontend-parseable-output -save-temps -no-color-diagnostics -explicit-module-build -module-cache-path /Users/jamesalford/Library/Developer/Xcode/DerivedData/NotedCore-ftviuoyqruynvwbzbngenbwxsygv/Build/Intermediates.noindex/SwiftExplicitPrecompiledModules -clang-scanner-module-cache-path /Users/jamesalford/Library/Developer/Xcode/DerivedData/ModuleCache.noindex -sdk-module-cache-path /Users/jamesalford/Library/Developer/Xcode/DerivedData/ModuleCache.noindex -serialize-diagnostics -emit-dependencies -emit-module -emit-module-path /Users/jamesalford/Library/Developer/Xcode/DerivedData/NotedCore-ftviuoyqruynvwbzbngenbwxsygv/Build/Intermediates.noindex/mlx-swift.build/Debug-iphonesimulator/MLXLinalg.build/Objects-normal/arm64/MLXLinalg.swiftmodule -validate-clang-modules-once -clang-build-session-file /Users/jamesalford/Library/Developer/Xcode/DerivedData/ModuleCache.noindex/Session.modulevalidation -package-name mlx_swift -Xcc -I/Users/jamesalford/Library/Developer/Xcode/DerivedData/NotedCore-ftviuoyqruynvwbzbngenbwxsygv/Build/Intermediates.noindex/mlx-swift.build/Debug-iphonesimulator/MLXLinalg.build/swift-overrides.hmap -emit-const-values -Xfrontend -const-gather-protocols-file -Xfrontend /Users/jamesalford/Library/Developer/Xcode/DerivedData/NotedCore-ftviuoyqruynvwbzbngenbwxsygv/Build/Intermediates.noindex/mlx-swift.build/Debug-iphonesimulator/MLXLinalg.build/Objects-normal/arm64/MLXLinalg_const_extract_protocols.json -Xcc -I/Users/jamesalford/Library/Developer/Xcode/DerivedData/NotedCore-ftviuoyqruynvwbzbngenbwxsygv/SourcePackages/checkouts/swift-numerics/Sources/_NumericsShims/include -Xcc -I/Users/jamesalford/Library/Developer/Xcode/DerivedData/NotedCore-ftviuoyqruynvwbzbngenbwxsygv/SourcePackages/checkouts/mlx-swift/Source/Cmlx/include -Xcc -I/Users/jamesalford/Library/Developer/Xcode/DerivedData/NotedCore-ftviuoyqruynvwbzbngenbwxsygv/Build/Products/Debug-iphonesimulator/include -Xcc -I/Users/jamesalford/Library/Developer/Xcode/DerivedData/NotedCore-ftviuoyqruynvwbzbngenbwxsygv/Build/Intermediates.noindex/mlx-swift.build/Debug-iphonesimulator/MLXLinalg.build/DerivedSources-normal/arm64 -Xcc -I/Users/jamesalford/Library/Developer/Xcode/DerivedData/NotedCore-ftviuoyqruynvwbzbngenbwxsygv/Build/Intermediates.noindex/mlx-swift.build/Debug-iphonesimulator/MLXLinalg.build/DerivedSources/arm64 -Xcc -I/Users/jamesalford/Library/Developer/Xcode/DerivedData/NotedCore-ftviuoyqruynvwbzbngenbwxsygv/Build/Intermediates.noindex/mlx-swift.build/Debug-iphonesimulator/MLXLinalg.build/DerivedSources -Xcc -DSWIFT_PACKAGE -Xcc -DDEBUG\=1 -emit-objc-header -emit-objc-header-path /Users/jamesalford/Library/Developer/Xcode/DerivedData/NotedCore-ftviuoyqruynvwbzbngenbwxsygv/Build/Intermediates.noindex/mlx-swift.build/Debug-iphonesimulator/MLXLinalg.build/Objects-normal/arm64/MLXLinalg-Swift.h -working-directory /Users/jamesalford/Documents/NotedCore/NotedCore.xcodeproj -experimental-emit-module-separately -disable-cmo

SwiftDriver MLXRandom normal arm64 com.apple.xcode.tools.swift.compiler (in target 'MLXRandom' from project 'mlx-swift')
    cd /Users/jamesalford/Documents/NotedCore/NotedCore.xcodeproj
    builtin-SwiftDriver -- /Applications/Xcode.app/Contents/Developer/Toolchains/XcodeDefault.xctoolchain/usr/bin/swiftc -module-name MLXRandom -Onone -enforce-exclusivity\=checked @/Users/jamesalford/Library/Developer/Xcode/DerivedData/NotedCore-ftviuoyqruynvwbzbngenbwxsygv/Build/Intermediates.noindex/mlx-swift.build/Debug-iphonesimulator/MLXRandom.build/Objects-normal/arm64/MLXRandom.SwiftFileList -DSWIFT_PACKAGE -DDEBUG -DSWIFT_MODULE_RESOURCE_BUNDLE_UNAVAILABLE -DXcode -enable-experimental-feature StrictConcurrency -plugin-path /Applications/Xcode.app/Contents/Developer/Toolchains/XcodeDefault.xctoolchain/usr/lib/swift/host/plugins/testing -enable-experimental-feature DebugDescriptionMacro -sdk /Applications/Xcode.app/Contents/Developer/Platforms/iPhoneSimulator.platform/Developer/SDKs/iPhoneSimulator26.0.sdk -target arm64-apple-ios16.0-simulator -g -module-cache-path /Users/jamesalford/Library/Developer/Xcode/DerivedData/ModuleCache.noindex -Xfrontend -serialize-debugging-options -profile-coverage-mapping -profile-generate -enable-testing -suppress-warnings -index-store-path /Users/jamesalford/Library/Developer/Xcode/DerivedData/NotedCore-ftviuoyqruynvwbzbngenbwxsygv/Index.noindex/DataStore -Xcc -D_LIBCPP_HARDENING_MODE\=_LIBCPP_HARDENING_MODE_DEBUG -swift-version 5 -I /Users/jamesalford/Library/Developer/Xcode/DerivedData/NotedCore-ftviuoyqruynvwbzbngenbwxsygv/Build/Products/Debug-iphonesimulator -Isystem /Applications/Xcode.app/Contents/Developer/Platforms/iPhoneSimulator.platform/Developer/usr/lib -F /Users/jamesalford/Library/Developer/Xcode/DerivedData/NotedCore-ftviuoyqruynvwbzbngenbwxsygv/Build/Products/Debug-iphonesimulator/PackageFrameworks -F /Users/jamesalford/Library/Developer/Xcode/DerivedData/NotedCore-ftviuoyqruynvwbzbngenbwxsygv/Build/Products/Debug-iphonesimulator/PackageFrameworks -F /Users/jamesalford/Library/Developer/Xcode/DerivedData/NotedCore-ftviuoyqruynvwbzbngenbwxsygv/Build/Products/Debug-iphonesimulator/PackageFrameworks -F /Users/jamesalford/Library/Developer/Xcode/DerivedData/NotedCore-ftviuoyqruynvwbzbngenbwxsygv/Build/Products/Debug-iphonesimulator/PackageFrameworks -F /Users/jamesalford/Library/Developer/Xcode/DerivedData/NotedCore-ftviuoyqruynvwbzbngenbwxsygv/Build/Products/Debug-iphonesimulator/PackageFrameworks -F /Users/jamesalford/Library/Developer/Xcode/DerivedData/NotedCore-ftviuoyqruynvwbzbngenbwxsygv/Build/Products/Debug-iphonesimulator/PackageFrameworks -F /Users/jamesalford/Library/Developer/Xcode/DerivedData/NotedCore-ftviuoyqruynvwbzbngenbwxsygv/Build/Products/Debug-iphonesimulator -F /Applications/Xcode.app/Contents/Developer/Platforms/iPhoneSimulator.platform/Developer/Library/Frameworks -F /Applications/Xcode.app/Contents/Developer/Platforms/iPhoneSimulator.platform/Developer/SDKs/iPhoneSimulator26.0.sdk/Developer/Library/Frameworks -parse-as-library -c -j14 -enable-batch-mode -incremental -Xcc -ivfsstatcache -Xcc /Users/jamesalford/Library/Developer/Xcode/DerivedData/SDKStatCaches.noindex/iphonesimulator26.0-23A339-3885c01c3e6b6a337905948deab2002e26257891a6c027eb51374368541b8346.sdkstatcache -output-file-map /Users/jamesalford/Library/Developer/Xcode/DerivedData/NotedCore-ftviuoyqruynvwbzbngenbwxsygv/Build/Intermediates.noindex/mlx-swift.build/Debug-iphonesimulator/MLXRandom.build/Objects-normal/arm64/MLXRandom-OutputFileMap.json -use-frontend-parseable-output -save-temps -no-color-diagnostics -explicit-module-build -module-cache-path /Users/jamesalford/Library/Developer/Xcode/DerivedData/NotedCore-ftviuoyqruynvwbzbngenbwxsygv/Build/Intermediates.noindex/SwiftExplicitPrecompiledModules -clang-scanner-module-cache-path /Users/jamesalford/Library/Developer/Xcode/DerivedData/ModuleCache.noindex -sdk-module-cache-path /Users/jamesalford/Library/Developer/Xcode/DerivedData/ModuleCache.noindex -serialize-diagnostics -emit-dependencies -emit-module -emit-module-path /Users/jamesalford/Library/Developer/Xcode/DerivedData/NotedCore-ftviuoyqruynvwbzbngenbwxsygv/Build/Intermediates.noindex/mlx-swift.build/Debug-iphonesimulator/MLXRandom.build/Objects-normal/arm64/MLXRandom.swiftmodule -validate-clang-modules-once -clang-build-session-file /Users/jamesalford/Library/Developer/Xcode/DerivedData/ModuleCache.noindex/Session.modulevalidation -package-name mlx_swift -Xcc -I/Users/jamesalford/Library/Developer/Xcode/DerivedData/NotedCore-ftviuoyqruynvwbzbngenbwxsygv/Build/Intermediates.noindex/mlx-swift.build/Debug-iphonesimulator/MLXRandom.build/swift-overrides.hmap -emit-const-values -Xfrontend -const-gather-protocols-file -Xfrontend /Users/jamesalford/Library/Developer/Xcode/DerivedData/NotedCore-ftviuoyqruynvwbzbngenbwxsygv/Build/Intermediates.noindex/mlx-swift.build/Debug-iphonesimulator/MLXRandom.build/Objects-normal/arm64/MLXRandom_const_extract_protocols.json -Xcc -I/Users/jamesalford/Library/Developer/Xcode/DerivedData/NotedCore-ftviuoyqruynvwbzbngenbwxsygv/SourcePackages/checkouts/swift-numerics/Sources/_NumericsShims/include -Xcc -I/Users/jamesalford/Library/Developer/Xcode/DerivedData/NotedCore-ftviuoyqruynvwbzbngenbwxsygv/SourcePackages/checkouts/mlx-swift/Source/Cmlx/include -Xcc -I/Users/jamesalford/Library/Developer/Xcode/DerivedData/NotedCore-ftviuoyqruynvwbzbngenbwxsygv/Build/Products/Debug-iphonesimulator/include -Xcc -I/Users/jamesalford/Library/Developer/Xcode/DerivedData/NotedCore-ftviuoyqruynvwbzbngenbwxsygv/Build/Intermediates.noindex/mlx-swift.build/Debug-iphonesimulator/MLXRandom.build/DerivedSources-normal/arm64 -Xcc -I/Users/jamesalford/Library/Developer/Xcode/DerivedData/NotedCore-ftviuoyqruynvwbzbngenbwxsygv/Build/Intermediates.noindex/mlx-swift.build/Debug-iphonesimulator/MLXRandom.build/DerivedSources/arm64 -Xcc -I/Users/jamesalford/Library/Developer/Xcode/DerivedData/NotedCore-ftviuoyqruynvwbzbngenbwxsygv/Build/Intermediates.noindex/mlx-swift.build/Debug-iphonesimulator/MLXRandom.build/DerivedSources -Xcc -DSWIFT_PACKAGE -Xcc -DDEBUG\=1 -emit-objc-header -emit-objc-header-path /Users/jamesalford/Library/Developer/Xcode/DerivedData/NotedCore-ftviuoyqruynvwbzbngenbwxsygv/Build/Intermediates.noindex/mlx-swift.build/Debug-iphonesimulator/MLXRandom.build/Objects-normal/arm64/MLXRandom-Swift.h -working-directory /Users/jamesalford/Documents/NotedCore/NotedCore.xcodeproj -experimental-emit-module-separately -disable-cmo

SwiftDriver MLXFast normal arm64 com.apple.xcode.tools.swift.compiler (in target 'MLXFast' from project 'mlx-swift')
    cd /Users/jamesalford/Documents/NotedCore/NotedCore.xcodeproj
    builtin-SwiftDriver -- /Applications/Xcode.app/Contents/Developer/Toolchains/XcodeDefault.xctoolchain/usr/bin/swiftc -module-name MLXFast -Onone -enforce-exclusivity\=checked @/Users/jamesalford/Library/Developer/Xcode/DerivedData/NotedCore-ftviuoyqruynvwbzbngenbwxsygv/Build/Intermediates.noindex/mlx-swift.build/Debug-iphonesimulator/MLXFast.build/Objects-normal/arm64/MLXFast.SwiftFileList -DSWIFT_PACKAGE -DDEBUG -DSWIFT_MODULE_RESOURCE_BUNDLE_UNAVAILABLE -DXcode -enable-experimental-feature StrictConcurrency -plugin-path /Applications/Xcode.app/Contents/Developer/Toolchains/XcodeDefault.xctoolchain/usr/lib/swift/host/plugins/testing -enable-experimental-feature DebugDescriptionMacro -sdk /Applications/Xcode.app/Contents/Developer/Platforms/iPhoneSimulator.platform/Developer/SDKs/iPhoneSimulator26.0.sdk -target arm64-apple-ios16.0-simulator -g -module-cache-path /Users/jamesalford/Library/Developer/Xcode/DerivedData/ModuleCache.noindex -Xfrontend -serialize-debugging-options -profile-coverage-mapping -profile-generate -enable-testing -suppress-warnings -index-store-path /Users/jamesalford/Library/Developer/Xcode/DerivedData/NotedCore-ftviuoyqruynvwbzbngenbwxsygv/Index.noindex/DataStore -Xcc -D_LIBCPP_HARDENING_MODE\=_LIBCPP_HARDENING_MODE_DEBUG -swift-version 5 -I /Users/jamesalford/Library/Developer/Xcode/DerivedData/NotedCore-ftviuoyqruynvwbzbngenbwxsygv/Build/Products/Debug-iphonesimulator -Isystem /Applications/Xcode.app/Contents/Developer/Platforms/iPhoneSimulator.platform/Developer/usr/lib -F /Users/jamesalford/Library/Developer/Xcode/DerivedData/NotedCore-ftviuoyqruynvwbzbngenbwxsygv/Build/Products/Debug-iphonesimulator/PackageFrameworks -F /Users/jamesalford/Library/Developer/Xcode/DerivedData/NotedCore-ftviuoyqruynvwbzbngenbwxsygv/Build/Products/Debug-iphonesimulator/PackageFrameworks -F /Users/jamesalford/Library/Developer/Xcode/DerivedData/NotedCore-ftviuoyqruynvwbzbngenbwxsygv/Build/Products/Debug-iphonesimulator/PackageFrameworks -F /Users/jamesalford/Library/Developer/Xcode/DerivedData/NotedCore-ftviuoyqruynvwbzbngenbwxsygv/Build/Products/Debug-iphonesimulator/PackageFrameworks -F /Users/jamesalford/Library/Developer/Xcode/DerivedData/NotedCore-ftviuoyqruynvwbzbngenbwxsygv/Build/Products/Debug-iphonesimulator/PackageFrameworks -F /Users/jamesalford/Library/Developer/Xcode/DerivedData/NotedCore-ftviuoyqruynvwbzbngenbwxsygv/Build/Products/Debug-iphonesimulator/PackageFrameworks -F /Users/jamesalford/Library/Developer/Xcode/DerivedData/NotedCore-ftviuoyqruynvwbzbngenbwxsygv/Build/Products/Debug-iphonesimulator -F /Applications/Xcode.app/Contents/Developer/Platforms/iPhoneSimulator.platform/Developer/Library/Frameworks -F /Applications/Xcode.app/Contents/Developer/Platforms/iPhoneSimulator.platform/Developer/SDKs/iPhoneSimulator26.0.sdk/Developer/Library/Frameworks -c -j14 -enable-batch-mode -incremental -Xcc -ivfsstatcache -Xcc /Users/jamesalford/Library/Developer/Xcode/DerivedData/SDKStatCaches.noindex/iphonesimulator26.0-23A339-3885c01c3e6b6a337905948deab2002e26257891a6c027eb51374368541b8346.sdkstatcache -output-file-map /Users/jamesalford/Library/Developer/Xcode/DerivedData/NotedCore-ftviuoyqruynvwbzbngenbwxsygv/Build/Intermediates.noindex/mlx-swift.build/Debug-iphonesimulator/MLXFast.build/Objects-normal/arm64/MLXFast-OutputFileMap.json -use-frontend-parseable-output -save-temps -no-color-diagnostics -explicit-module-build -module-cache-path /Users/jamesalford/Library/Developer/Xcode/DerivedData/NotedCore-ftviuoyqruynvwbzbngenbwxsygv/Build/Intermediates.noindex/SwiftExplicitPrecompiledModules -clang-scanner-module-cache-path /Users/jamesalford/Library/Developer/Xcode/DerivedData/ModuleCache.noindex -sdk-module-cache-path /Users/jamesalford/Library/Developer/Xcode/DerivedData/ModuleCache.noindex -serialize-diagnostics -emit-dependencies -emit-module -emit-module-path /Users/jamesalford/Library/Developer/Xcode/DerivedData/NotedCore-ftviuoyqruynvwbzbngenbwxsygv/Build/Intermediates.noindex/mlx-swift.build/Debug-iphonesimulator/MLXFast.build/Objects-normal/arm64/MLXFast.swiftmodule -validate-clang-modules-once -clang-build-session-file /Users/jamesalford/Library/Developer/Xcode/DerivedData/ModuleCache.noindex/Session.modulevalidation -package-name mlx_swift -Xcc -I/Users/jamesalford/Library/Developer/Xcode/DerivedData/NotedCore-ftviuoyqruynvwbzbngenbwxsygv/Build/Intermediates.noindex/mlx-swift.build/Debug-iphonesimulator/MLXFast.build/swift-overrides.hmap -emit-const-values -Xfrontend -const-gather-protocols-file -Xfrontend /Users/jamesalford/Library/Developer/Xcode/DerivedData/NotedCore-ftviuoyqruynvwbzbngenbwxsygv/Build/Intermediates.noindex/mlx-swift.build/Debug-iphonesimulator/MLXFast.build/Objects-normal/arm64/MLXFast_const_extract_protocols.json -Xcc -I/Users/jamesalford/Library/Developer/Xcode/DerivedData/NotedCore-ftviuoyqruynvwbzbngenbwxsygv/SourcePackages/checkouts/swift-numerics/Sources/_NumericsShims/include -Xcc -I/Users/jamesalford/Library/Developer/Xcode/DerivedData/NotedCore-ftviuoyqruynvwbzbngenbwxsygv/SourcePackages/checkouts/mlx-swift/Source/Cmlx/include -Xcc -I/Users/jamesalford/Library/Developer/Xcode/DerivedData/NotedCore-ftviuoyqruynvwbzbngenbwxsygv/Build/Products/Debug-iphonesimulator/include -Xcc -I/Users/jamesalford/Library/Developer/Xcode/DerivedData/NotedCore-ftviuoyqruynvwbzbngenbwxsygv/Build/Intermediates.noindex/mlx-swift.build/Debug-iphonesimulator/MLXFast.build/DerivedSources-normal/arm64 -Xcc -I/Users/jamesalford/Library/Developer/Xcode/DerivedData/NotedCore-ftviuoyqruynvwbzbngenbwxsygv/Build/Intermediates.noindex/mlx-swift.build/Debug-iphonesimulator/MLXFast.build/DerivedSources/arm64 -Xcc -I/Users/jamesalford/Library/Developer/Xcode/DerivedData/NotedCore-ftviuoyqruynvwbzbngenbwxsygv/Build/Intermediates.noindex/mlx-swift.build/Debug-iphonesimulator/MLXFast.build/DerivedSources -Xcc -DSWIFT_PACKAGE -Xcc -DDEBUG\=1 -emit-objc-header -emit-objc-header-path /Users/jamesalford/Library/Developer/Xcode/DerivedData/NotedCore-ftviuoyqruynvwbzbngenbwxsygv/Build/Intermediates.noindex/mlx-swift.build/Debug-iphonesimulator/MLXFast.build/Objects-normal/arm64/MLXFast-Swift.h -working-directory /Users/jamesalford/Documents/NotedCore/NotedCore.xcodeproj -experimental-emit-module-separately -disable-cmo

SwiftDriver MLXFFT normal arm64 com.apple.xcode.tools.swift.compiler (in target 'MLXFFT' from project 'mlx-swift')
    cd /Users/jamesalford/Documents/NotedCore/NotedCore.xcodeproj
    builtin-SwiftDriver -- /Applications/Xcode.app/Contents/Developer/Toolchains/XcodeDefault.xctoolchain/usr/bin/swiftc -module-name MLXFFT -Onone -enforce-exclusivity\=checked @/Users/jamesalford/Library/Developer/Xcode/DerivedData/NotedCore-ftviuoyqruynvwbzbngenbwxsygv/Build/Intermediates.noindex/mlx-swift.build/Debug-iphonesimulator/MLXFFT.build/Objects-normal/arm64/MLXFFT.SwiftFileList -DSWIFT_PACKAGE -DDEBUG -DSWIFT_MODULE_RESOURCE_BUNDLE_UNAVAILABLE -DXcode -enable-experimental-feature StrictConcurrency -plugin-path /Applications/Xcode.app/Contents/Developer/Toolchains/XcodeDefault.xctoolchain/usr/lib/swift/host/plugins/testing -enable-experimental-feature DebugDescriptionMacro -sdk /Applications/Xcode.app/Contents/Developer/Platforms/iPhoneSimulator.platform/Developer/SDKs/iPhoneSimulator26.0.sdk -target arm64-apple-ios16.0-simulator -g -module-cache-path /Users/jamesalford/Library/Developer/Xcode/DerivedData/ModuleCache.noindex -Xfrontend -serialize-debugging-options -profile-coverage-mapping -profile-generate -enable-testing -suppress-warnings -index-store-path /Users/jamesalford/Library/Developer/Xcode/DerivedData/NotedCore-ftviuoyqruynvwbzbngenbwxsygv/Index.noindex/DataStore -Xcc -D_LIBCPP_HARDENING_MODE\=_LIBCPP_HARDENING_MODE_DEBUG -swift-version 5 -I /Users/jamesalford/Library/Developer/Xcode/DerivedData/NotedCore-ftviuoyqruynvwbzbngenbwxsygv/Build/Products/Debug-iphonesimulator -Isystem /Applications/Xcode.app/Contents/Developer/Platforms/iPhoneSimulator.platform/Developer/usr/lib -F /Users/jamesalford/Library/Developer/Xcode/DerivedData/NotedCore-ftviuoyqruynvwbzbngenbwxsygv/Build/Products/Debug-iphonesimulator/PackageFrameworks -F /Users/jamesalford/Library/Developer/Xcode/DerivedData/NotedCore-ftviuoyqruynvwbzbngenbwxsygv/Build/Products/Debug-iphonesimulator/PackageFrameworks -F /Users/jamesalford/Library/Developer/Xcode/DerivedData/NotedCore-ftviuoyqruynvwbzbngenbwxsygv/Build/Products/Debug-iphonesimulator/PackageFrameworks -F /Users/jamesalford/Library/Developer/Xcode/DerivedData/NotedCore-ftviuoyqruynvwbzbngenbwxsygv/Build/Products/Debug-iphonesimulator/PackageFrameworks -F /Users/jamesalford/Library/Developer/Xcode/DerivedData/NotedCore-ftviuoyqruynvwbzbngenbwxsygv/Build/Products/Debug-iphonesimulator/PackageFrameworks -F /Users/jamesalford/Library/Developer/Xcode/DerivedData/NotedCore-ftviuoyqruynvwbzbngenbwxsygv/Build/Products/Debug-iphonesimulator/PackageFrameworks -F /Users/jamesalford/Library/Developer/Xcode/DerivedData/NotedCore-ftviuoyqruynvwbzbngenbwxsygv/Build/Products/Debug-iphonesimulator -F /Applications/Xcode.app/Contents/Developer/Platforms/iPhoneSimulator.platform/Developer/Library/Frameworks -F /Applications/Xcode.app/Contents/Developer/Platforms/iPhoneSimulator.platform/Developer/SDKs/iPhoneSimulator26.0.sdk/Developer/Library/Frameworks -parse-as-library -c -j14 -enable-batch-mode -incremental -Xcc -ivfsstatcache -Xcc /Users/jamesalford/Library/Developer/Xcode/DerivedData/SDKStatCaches.noindex/iphonesimulator26.0-23A339-3885c01c3e6b6a337905948deab2002e26257891a6c027eb51374368541b8346.sdkstatcache -output-file-map /Users/jamesalford/Library/Developer/Xcode/DerivedData/NotedCore-ftviuoyqruynvwbzbngenbwxsygv/Build/Intermediates.noindex/mlx-swift.build/Debug-iphonesimulator/MLXFFT.build/Objects-normal/arm64/MLXFFT-OutputFileMap.json -use-frontend-parseable-output -save-temps -no-color-diagnostics -explicit-module-build -module-cache-path /Users/jamesalford/Library/Developer/Xcode/DerivedData/NotedCore-ftviuoyqruynvwbzbngenbwxsygv/Build/Intermediates.noindex/SwiftExplicitPrecompiledModules -clang-scanner-module-cache-path /Users/jamesalford/Library/Developer/Xcode/DerivedData/ModuleCache.noindex -sdk-module-cache-path /Users/jamesalford/Library/Developer/Xcode/DerivedData/ModuleCache.noindex -serialize-diagnostics -emit-dependencies -emit-module -emit-module-path /Users/jamesalford/Library/Developer/Xcode/DerivedData/NotedCore-ftviuoyqruynvwbzbngenbwxsygv/Build/Intermediates.noindex/mlx-swift.build/Debug-iphonesimulator/MLXFFT.build/Objects-normal/arm64/MLXFFT.swiftmodule -validate-clang-modules-once -clang-build-session-file /Users/jamesalford/Library/Developer/Xcode/DerivedData/ModuleCache.noindex/Session.modulevalidation -package-name mlx_swift -Xcc -I/Users/jamesalford/Library/Developer/Xcode/DerivedData/NotedCore-ftviuoyqruynvwbzbngenbwxsygv/Build/Intermediates.noindex/mlx-swift.build/Debug-iphonesimulator/MLXFFT.build/swift-overrides.hmap -emit-const-values -Xfrontend -const-gather-protocols-file -Xfrontend /Users/jamesalford/Library/Developer/Xcode/DerivedData/NotedCore-ftviuoyqruynvwbzbngenbwxsygv/Build/Intermediates.noindex/mlx-swift.build/Debug-iphonesimulator/MLXFFT.build/Objects-normal/arm64/MLXFFT_const_extract_protocols.json -Xcc -I/Users/jamesalford/Library/Developer/Xcode/DerivedData/NotedCore-ftviuoyqruynvwbzbngenbwxsygv/SourcePackages/checkouts/swift-numerics/Sources/_NumericsShims/include -Xcc -I/Users/jamesalford/Library/Developer/Xcode/DerivedData/NotedCore-ftviuoyqruynvwbzbngenbwxsygv/SourcePackages/checkouts/mlx-swift/Source/Cmlx/include -Xcc -I/Users/jamesalford/Library/Developer/Xcode/DerivedData/NotedCore-ftviuoyqruynvwbzbngenbwxsygv/Build/Products/Debug-iphonesimulator/include -Xcc -I/Users/jamesalford/Library/Developer/Xcode/DerivedData/NotedCore-ftviuoyqruynvwbzbngenbwxsygv/Build/Intermediates.noindex/mlx-swift.build/Debug-iphonesimulator/MLXFFT.build/DerivedSources-normal/arm64 -Xcc -I/Users/jamesalford/Library/Developer/Xcode/DerivedData/NotedCore-ftviuoyqruynvwbzbngenbwxsygv/Build/Intermediates.noindex/mlx-swift.build/Debug-iphonesimulator/MLXFFT.build/DerivedSources/arm64 -Xcc -I/Users/jamesalford/Library/Developer/Xcode/DerivedData/NotedCore-ftviuoyqruynvwbzbngenbwxsygv/Build/Intermediates.noindex/mlx-swift.build/Debug-iphonesimulator/MLXFFT.build/DerivedSources -Xcc -DSWIFT_PACKAGE -Xcc -DDEBUG\=1 -emit-objc-header -emit-objc-header-path /Users/jamesalford/Library/Developer/Xcode/DerivedData/NotedCore-ftviuoyqruynvwbzbngenbwxsygv/Build/Intermediates.noindex/mlx-swift.build/Debug-iphonesimulator/MLXFFT.build/Objects-normal/arm64/MLXFFT-Swift.h -working-directory /Users/jamesalford/Documents/NotedCore/NotedCore.xcodeproj -experimental-emit-module-separately -disable-cmo

SwiftDriverJobDiscovery normal arm64 Compiling Ops.swift, ParameterTypes.swift (in target 'MLX' from project 'mlx-swift')

SwiftDriverJobDiscovery normal arm64 Compiling FFT.swift, Factory.swift, Foundation+Util.swift (in target 'MLX' from project 'mlx-swift')

SwiftDriverJobDiscovery normal arm64 Compiling SequenceExtensions.swift, StringExtensions.swift, SwiftExtensions.swift (in target 'ArgumentParser' from project 'swift-argument-parser')

SwiftDriverJobDiscovery normal arm64 Compiling MLXArray+Ops.swift, MLXArray.swift (in target 'MLX' from project 'mlx-swift')

RegisterExecutionPolicyException /Users/jamesalford/Library/Developer/Xcode/DerivedData/NotedCore-ftviuoyqruynvwbzbngenbwxsygv/Build/Products/Debug-iphonesimulator/OrderedCollections.o (in target 'OrderedCollections' from project 'swift-collections')
    cd /Users/jamesalford/Library/Developer/Xcode/DerivedData/NotedCore-ftviuoyqruynvwbzbngenbwxsygv/SourcePackages/checkouts/swift-collections
    builtin-RegisterExecutionPolicyException /Users/jamesalford/Library/Developer/Xcode/DerivedData/NotedCore-ftviuoyqruynvwbzbngenbwxsygv/Build/Products/Debug-iphonesimulator/OrderedCollections.o

RegisterExecutionPolicyException /Users/jamesalford/Library/Developer/Xcode/DerivedData/NotedCore-ftviuoyqruynvwbzbngenbwxsygv/Build/Products/Debug-iphonesimulator/ComplexModule.o (in target 'ComplexModule' from project 'swift-numerics')
    cd /Users/jamesalford/Library/Developer/Xcode/DerivedData/NotedCore-ftviuoyqruynvwbzbngenbwxsygv/SourcePackages/checkouts/swift-numerics
    builtin-RegisterExecutionPolicyException /Users/jamesalford/Library/Developer/Xcode/DerivedData/NotedCore-ftviuoyqruynvwbzbngenbwxsygv/Build/Products/Debug-iphonesimulator/ComplexModule.o

ProcessInfoPlistFile /Users/jamesalford/Library/Developer/Xcode/DerivedData/NotedCore-ftviuoyqruynvwbzbngenbwxsygv/Build/Products/Debug-iphonesimulator/PackageFrameworks/OrderedCollections_1222128174265B56_PackageProduct.framework/Info.plist /Users/jamesalford/Library/Developer/Xcode/DerivedData/NotedCore-ftviuoyqruynvwbzbngenbwxsygv/Build/Intermediates.noindex/swift-collections.build/Debug-iphonesimulator/OrderedCollections\ product.build/empty-OrderedCollections_1222128174265B56_PackageProduct.plist (in target 'OrderedCollections' from project 'swift-collections')
    cd /Users/jamesalford/Library/Developer/Xcode/DerivedData/NotedCore-ftviuoyqruynvwbzbngenbwxsygv/SourcePackages/checkouts/swift-collections
    builtin-infoPlistUtility /Users/jamesalford/Library/Developer/Xcode/DerivedData/NotedCore-ftviuoyqruynvwbzbngenbwxsygv/Build/Intermediates.noindex/swift-collections.build/Debug-iphonesimulator/OrderedCollections\ product.build/empty-OrderedCollections_1222128174265B56_PackageProduct.plist -producttype com.apple.product-type.framework -expandbuildsettings -format binary -platform iphonesimulator -o /Users/jamesalford/Library/Developer/Xcode/DerivedData/NotedCore-ftviuoyqruynvwbzbngenbwxsygv/Build/Products/Debug-iphonesimulator/PackageFrameworks/OrderedCollections_1222128174265B56_PackageProduct.framework/Info.plist

Ld /Users/jamesalford/Library/Developer/Xcode/DerivedData/NotedCore-ftviuoyqruynvwbzbngenbwxsygv/Build/Products/Debug-iphonesimulator/PackageFrameworks/OrderedCollections_1222128174265B56_PackageProduct.framework/OrderedCollections_1222128174265B56_PackageProduct normal (in target 'OrderedCollections' from project 'swift-collections')
    cd /Users/jamesalford/Library/Developer/Xcode/DerivedData/NotedCore-ftviuoyqruynvwbzbngenbwxsygv/SourcePackages/checkouts/swift-collections
    /Applications/Xcode.app/Contents/Developer/Toolchains/XcodeDefault.xctoolchain/usr/bin/clang -Xlinker -reproducible -target arm64-apple-ios12.0-simulator -dynamiclib -isysroot /Applications/Xcode.app/Contents/Developer/Platforms/iPhoneSimulator.platform/Developer/SDKs/iPhoneSimulator26.0.sdk -O0 -w -L/Users/jamesalford/Library/Developer/Xcode/DerivedData/NotedCore-ftviuoyqruynvwbzbngenbwxsygv/Build/Intermediates.noindex/EagerLinkingTBDs/Debug-iphonesimulator -L/Users/jamesalford/Library/Developer/Xcode/DerivedData/NotedCore-ftviuoyqruynvwbzbngenbwxsygv/Build/Products/Debug-iphonesimulator -L/Applications/Xcode.app/Contents/Developer/Platforms/iPhoneSimulator.platform/Developer/usr/lib -F/Users/jamesalford/Library/Developer/Xcode/DerivedData/NotedCore-ftviuoyqruynvwbzbngenbwxsygv/Build/Intermediates.noindex/EagerLinkingTBDs/Debug-iphonesimulator -F/Users/jamesalford/Library/Developer/Xcode/DerivedData/NotedCore-ftviuoyqruynvwbzbngenbwxsygv/Build/Products/Debug-iphonesimulator/PackageFrameworks -F/Users/jamesalford/Library/Developer/Xcode/DerivedData/NotedCore-ftviuoyqruynvwbzbngenbwxsygv/Build/Products/Debug-iphonesimulator/PackageFrameworks -F/Users/jamesalford/Library/Developer/Xcode/DerivedData/NotedCore-ftviuoyqruynvwbzbngenbwxsygv/Build/Products/Debug-iphonesimulator -iframework /Applications/Xcode.app/Contents/Developer/Platforms/iPhoneSimulator.platform/Developer/Library/Frameworks -iframework /Applications/Xcode.app/Contents/Developer/Platforms/iPhoneSimulator.platform/Developer/SDKs/iPhoneSimulator26.0.sdk/Developer/Library/Frameworks -filelist /Users/jamesalford/Library/Developer/Xcode/DerivedData/NotedCore-ftviuoyqruynvwbzbngenbwxsygv/Build/Intermediates.noindex/swift-collections.build/Debug-iphonesimulator/OrderedCollections\ product.build/Objects-normal/arm64/OrderedCollections_1222128174265B56_PackageProduct.LinkFileList -install_name @rpath/OrderedCollections_1222128174265B56_PackageProduct.framework/OrderedCollections_1222128174265B56_PackageProduct -Xlinker -rpath -Xlinker /usr/lib/swift -Xlinker -rpath -Xlinker /Users/jamesalford/Library/Developer/Xcode/DerivedData/NotedCore-ftviuoyqruynvwbzbngenbwxsygv/Build/Products/Debug-iphonesimulator/PackageFrameworks -dead_strip -Xlinker -object_path_lto -Xlinker /Users/jamesalford/Library/Developer/Xcode/DerivedData/NotedCore-ftviuoyqruynvwbzbngenbwxsygv/Build/Intermediates.noindex/swift-collections.build/Debug-iphonesimulator/OrderedCollections\ product.build/Objects-normal/arm64/OrderedCollections_1222128174265B56_PackageProduct_lto.o -rdynamic -Xlinker -no_deduplicate -Xlinker -objc_abi_version -Xlinker 2 -Xlinker -debug_variant -Xlinker -dependency_info -Xlinker /Users/jamesalford/Library/Developer/Xcode/DerivedData/NotedCore-ftviuoyqruynvwbzbngenbwxsygv/Build/Intermediates.noindex/swift-collections.build/Debug-iphonesimulator/OrderedCollections\ product.build/Objects-normal/arm64/OrderedCollections_1222128174265B56_PackageProduct_dependency_info.dat -fobjc-link-runtime -fprofile-instr-generate -L/Applications/Xcode.app/Contents/Developer/Toolchains/XcodeDefault.xctoolchain/usr/lib/swift/iphonesimulator -L/usr/lib/swift -Wl,-no_warn_duplicate_libraries -Wl,-no_warn_duplicate_libraries -o /Users/jamesalford/Library/Developer/Xcode/DerivedData/NotedCore-ftviuoyqruynvwbzbngenbwxsygv/Build/Products/Debug-iphonesimulator/PackageFrameworks/OrderedCollections_1222128174265B56_PackageProduct.framework/OrderedCollections_1222128174265B56_PackageProduct -Xlinker -add_ast_path -Xlinker /Users/jamesalford/Library/Developer/Xcode/DerivedData/NotedCore-ftviuoyqruynvwbzbngenbwxsygv/Build/Intermediates.noindex/swift-collections.build/Debug-iphonesimulator/OrderedCollections.build/Objects-normal/arm64/OrderedCollections.swiftmodule @/Users/jamesalford/Library/Developer/Xcode/DerivedData/NotedCore-ftviuoyqruynvwbzbngenbwxsygv/Build/Intermediates.noindex/swift-collections.build/Debug-iphonesimulator/OrderedCollections.build/Objects-normal/arm64/OrderedCollections-linker-args.resp -Xlinker -add_ast_path -Xlinker /Users/jamesalford/Library/Developer/Xcode/DerivedData/NotedCore-ftviuoyqruynvwbzbngenbwxsygv/Build/Intermediates.noindex/swift-collections.build/Debug-iphonesimulator/InternalCollectionsUtilities.build/Objects-normal/arm64/InternalCollectionsUtilities.swiftmodule @/Users/jamesalford/Library/Developer/Xcode/DerivedData/NotedCore-ftviuoyqruynvwbzbngenbwxsygv/Build/Intermediates.noindex/swift-collections.build/Debug-iphonesimulator/InternalCollectionsUtilities.build/Objects-normal/arm64/InternalCollectionsUtilities-linker-args.resp

Ld /Users/jamesalford/Library/Developer/Xcode/DerivedData/NotedCore-ftviuoyqruynvwbzbngenbwxsygv/Build/Products/Debug-iphonesimulator/Numerics.o normal (in target 'Numerics' from project 'swift-numerics')
    cd /Users/jamesalford/Library/Developer/Xcode/DerivedData/NotedCore-ftviuoyqruynvwbzbngenbwxsygv/SourcePackages/checkouts/swift-numerics
    /Applications/Xcode.app/Contents/Developer/Toolchains/XcodeDefault.xctoolchain/usr/bin/clang -Xlinker -reproducible -target arm64-apple-ios12.0-simulator -r -isysroot /Applications/Xcode.app/Contents/Developer/Platforms/iPhoneSimulator.platform/Developer/SDKs/iPhoneSimulator26.0.sdk -O0 -w -L/Users/jamesalford/Library/Developer/Xcode/DerivedData/NotedCore-ftviuoyqruynvwbzbngenbwxsygv/Build/Intermediates.noindex/EagerLinkingTBDs/Debug-iphonesimulator -L/Users/jamesalford/Library/Developer/Xcode/DerivedData/NotedCore-ftviuoyqruynvwbzbngenbwxsygv/Build/Products/Debug-iphonesimulator -L/Applications/Xcode.app/Contents/Developer/Platforms/iPhoneSimulator.platform/Developer/usr/lib -F/Users/jamesalford/Library/Developer/Xcode/DerivedData/NotedCore-ftviuoyqruynvwbzbngenbwxsygv/Build/Intermediates.noindex/EagerLinkingTBDs/Debug-iphonesimulator -F/Users/jamesalford/Library/Developer/Xcode/DerivedData/NotedCore-ftviuoyqruynvwbzbngenbwxsygv/Build/Products/Debug-iphonesimulator/PackageFrameworks -F/Users/jamesalford/Library/Developer/Xcode/DerivedData/NotedCore-ftviuoyqruynvwbzbngenbwxsygv/Build/Products/Debug-iphonesimulator/PackageFrameworks -F/Users/jamesalford/Library/Developer/Xcode/DerivedData/NotedCore-ftviuoyqruynvwbzbngenbwxsygv/Build/Products/Debug-iphonesimulator/PackageFrameworks -F/Users/jamesalford/Library/Developer/Xcode/DerivedData/NotedCore-ftviuoyqruynvwbzbngenbwxsygv/Build/Products/Debug-iphonesimulator -iframework /Applications/Xcode.app/Contents/Developer/Platforms/iPhoneSimulator.platform/Developer/Library/Frameworks -iframework /Applications/Xcode.app/Contents/Developer/Platforms/iPhoneSimulator.platform/Developer/SDKs/iPhoneSimulator26.0.sdk/Developer/Library/Frameworks -filelist /Users/jamesalford/Library/Developer/Xcode/DerivedData/NotedCore-ftviuoyqruynvwbzbngenbwxsygv/Build/Intermediates.noindex/swift-numerics.build/Debug-iphonesimulator/Numerics.build/Objects-normal/arm64/Numerics.LinkFileList -nostdlib -Xlinker -object_path_lto -Xlinker /Users/jamesalford/Library/Developer/Xcode/DerivedData/NotedCore-ftviuoyqruynvwbzbngenbwxsygv/Build/Intermediates.noindex/swift-numerics.build/Debug-iphonesimulator/Numerics.build/Objects-normal/arm64/Numerics_lto.o -rdynamic -Xlinker -no_deduplicate -Xlinker -objc_abi_version -Xlinker 2 -Xlinker -debug_variant -Xlinker -dependency_info -Xlinker /Users/jamesalford/Library/Developer/Xcode/DerivedData/NotedCore-ftviuoyqruynvwbzbngenbwxsygv/Build/Intermediates.noindex/swift-numerics.build/Debug-iphonesimulator/Numerics.build/Objects-normal/arm64/Numerics_dependency_info.dat -fobjc-link-runtime -L/Applications/Xcode.app/Contents/Developer/Toolchains/XcodeDefault.xctoolchain/usr/lib/swift/iphonesimulator -L/usr/lib/swift -Xlinker -add_ast_path -Xlinker /Users/jamesalford/Library/Developer/Xcode/DerivedData/NotedCore-ftviuoyqruynvwbzbngenbwxsygv/Build/Intermediates.noindex/swift-numerics.build/Debug-iphonesimulator/Numerics.build/Objects-normal/arm64/Numerics.swiftmodule @/Users/jamesalford/Library/Developer/Xcode/DerivedData/NotedCore-ftviuoyqruynvwbzbngenbwxsygv/Build/Intermediates.noindex/swift-numerics.build/Debug-iphonesimulator/Numerics.build/Objects-normal/arm64/Numerics-linker-args.resp -o /Users/jamesalford/Library/Developer/Xcode/DerivedData/NotedCore-ftviuoyqruynvwbzbngenbwxsygv/Build/Products/Debug-iphonesimulator/Numerics.o

SwiftEmitModule normal arm64 Emitting\ module\ for\ MLXRandom (in target 'MLXRandom' from project 'mlx-swift')

SwiftCompile normal arm64 /Users/jamesalford/Library/Developer/Xcode/DerivedData/NotedCore-ftviuoyqruynvwbzbngenbwxsygv/SourcePackages/checkouts/mlx-swift/Source/MLXRandom/Random.swift (in target 'MLXRandom' from project 'mlx-swift')
    cd /Users/jamesalford/Documents/NotedCore/NotedCore.xcodeproj
    

SwiftCompile normal arm64 Compiling\ Random.swift /Users/jamesalford/Library/Developer/Xcode/DerivedData/NotedCore-ftviuoyqruynvwbzbngenbwxsygv/SourcePackages/checkouts/mlx-swift/Source/MLXRandom/Random.swift (in target 'MLXRandom' from project 'mlx-swift')

SwiftCompile normal arm64 /Users/jamesalford/Library/Developer/Xcode/DerivedData/NotedCore-ftviuoyqruynvwbzbngenbwxsygv/SourcePackages/checkouts/mlx-swift/Source/MLXRandom/Random.swift (in target 'MLXRandom' from project 'mlx-swift')
    cd /Users/jamesalford/Documents/NotedCore/NotedCore.xcodeproj
    

SwiftEmitModule normal arm64 Emitting\ module\ for\ Jinja (in target 'Jinja' from project 'Jinja')

EmitSwiftModule normal arm64 (in target 'Jinja' from project 'Jinja')
    cd /Users/jamesalford/Documents/NotedCore/NotedCore.xcodeproj
    

SwiftCompile normal arm64 Compiling\ Error.swift /Users/jamesalford/Library/Developer/Xcode/DerivedData/NotedCore-ftviuoyqruynvwbzbngenbwxsygv/SourcePackages/checkouts/Jinja/Sources/Error.swift (in target 'Jinja' from project 'Jinja')

SwiftCompile normal arm64 /Users/jamesalford/Library/Developer/Xcode/DerivedData/NotedCore-ftviuoyqruynvwbzbngenbwxsygv/SourcePackages/checkouts/Jinja/Sources/Error.swift (in target 'Jinja' from project 'Jinja')
    cd /Users/jamesalford/Documents/NotedCore/NotedCore.xcodeproj
    

SwiftCompile normal arm64 Compiling\ Utilities.swift /Users/jamesalford/Library/Developer/Xcode/DerivedData/NotedCore-ftviuoyqruynvwbzbngenbwxsygv/SourcePackages/checkouts/Jinja/Sources/Utilities.swift (in target 'Jinja' from project 'Jinja')

SwiftCompile normal arm64 /Users/jamesalford/Library/Developer/Xcode/DerivedData/NotedCore-ftviuoyqruynvwbzbngenbwxsygv/SourcePackages/checkouts/Jinja/Sources/Utilities.swift (in target 'Jinja' from project 'Jinja')
    cd /Users/jamesalford/Documents/NotedCore/NotedCore.xcodeproj
    

SwiftCompile normal arm64 Compiling\ Environment.swift /Users/jamesalford/Library/Developer/Xcode/DerivedData/NotedCore-ftviuoyqruynvwbzbngenbwxsygv/SourcePackages/checkouts/Jinja/Sources/Environment.swift (in target 'Jinja' from project 'Jinja')

SwiftCompile normal arm64 /Users/jamesalford/Library/Developer/Xcode/DerivedData/NotedCore-ftviuoyqruynvwbzbngenbwxsygv/SourcePackages/checkouts/Jinja/Sources/Environment.swift (in target 'Jinja' from project 'Jinja')
    cd /Users/jamesalford/Documents/NotedCore/NotedCore.xcodeproj
    

SwiftDriverJobDiscovery normal arm64 Compiling CommandGroup.swift, EnumerableFlag.swift, ExpressibleByArgument.swift, ParsableArguments.swift (in target 'ArgumentParser' from project 'swift-argument-parser')

SwiftCompile normal arm64 Compiling\ Runtime.swift /Users/jamesalford/Library/Developer/Xcode/DerivedData/NotedCore-ftviuoyqruynvwbzbngenbwxsygv/SourcePackages/checkouts/Jinja/Sources/Runtime.swift (in target 'Jinja' from project 'Jinja')

SwiftCompile normal arm64 /Users/jamesalford/Library/Developer/Xcode/DerivedData/NotedCore-ftviuoyqruynvwbzbngenbwxsygv/SourcePackages/checkouts/Jinja/Sources/Runtime.swift (in target 'Jinja' from project 'Jinja')
    cd /Users/jamesalford/Documents/NotedCore/NotedCore.xcodeproj
    

SwiftCompile normal arm64 Compiling\ Parser.swift /Users/jamesalford/Library/Developer/Xcode/DerivedData/NotedCore-ftviuoyqruynvwbzbngenbwxsygv/SourcePackages/checkouts/Jinja/Sources/Parser.swift (in target 'Jinja' from project 'Jinja')

SwiftCompile normal arm64 /Users/jamesalford/Library/Developer/Xcode/DerivedData/NotedCore-ftviuoyqruynvwbzbngenbwxsygv/SourcePackages/checkouts/Jinja/Sources/Parser.swift (in target 'Jinja' from project 'Jinja')
    cd /Users/jamesalford/Documents/NotedCore/NotedCore.xcodeproj
    

SwiftEmitModule normal arm64 Emitting\ module\ for\ MLXFast (in target 'MLXFast' from project 'mlx-swift')

EmitSwiftModule normal arm64 (in target 'MLXFast' from project 'mlx-swift')
    cd /Users/jamesalford/Documents/NotedCore/NotedCore.xcodeproj
    

SwiftCompile normal arm64 Compiling\ MLXFastKernel.swift /Users/jamesalford/Library/Developer/Xcode/DerivedData/NotedCore-ftviuoyqruynvwbzbngenbwxsygv/SourcePackages/checkouts/mlx-swift/Source/MLXFast/MLXFastKernel.swift (in target 'MLXFast' from project 'mlx-swift')

SwiftCompile normal arm64 /Users/jamesalford/Library/Developer/Xcode/DerivedData/NotedCore-ftviuoyqruynvwbzbngenbwxsygv/SourcePackages/checkouts/mlx-swift/Source/MLXFast/MLXFastKernel.swift (in target 'MLXFast' from project 'mlx-swift')
    cd /Users/jamesalford/Documents/NotedCore/NotedCore.xcodeproj
    

SwiftEmitModule normal arm64 Emitting\ module\ for\ MLXLinalg (in target 'MLXLinalg' from project 'mlx-swift')

SwiftCompile normal arm64 /Users/jamesalford/Library/Developer/Xcode/DerivedData/NotedCore-ftviuoyqruynvwbzbngenbwxsygv/SourcePackages/checkouts/mlx-swift/Source/MLXLinalg/Linalg.swift (in target 'MLXLinalg' from project 'mlx-swift')
    cd /Users/jamesalford/Documents/NotedCore/NotedCore.xcodeproj
    

SwiftDriverJobDiscovery normal arm64 Emitting module for MLXRandom (in target 'MLXRandom' from project 'mlx-swift')

SwiftDriver\ Compilation\ Requirements MLXRandom normal arm64 com.apple.xcode.tools.swift.compiler (in target 'MLXRandom' from project 'mlx-swift')
    cd /Users/jamesalford/Documents/NotedCore/NotedCore.xcodeproj
    builtin-Swift-Compilation-Requirements -- /Applications/Xcode.app/Contents/Developer/Toolchains/XcodeDefault.xctoolchain/usr/bin/swiftc -module-name MLXRandom -Onone -enforce-exclusivity\=checked @/Users/jamesalford/Library/Developer/Xcode/DerivedData/NotedCore-ftviuoyqruynvwbzbngenbwxsygv/Build/Intermediates.noindex/mlx-swift.build/Debug-iphonesimulator/MLXRandom.build/Objects-normal/arm64/MLXRandom.SwiftFileList -DSWIFT_PACKAGE -DDEBUG -DSWIFT_MODULE_RESOURCE_BUNDLE_UNAVAILABLE -DXcode -enable-experimental-feature StrictConcurrency -plugin-path /Applications/Xcode.app/Contents/Developer/Toolchains/XcodeDefault.xctoolchain/usr/lib/swift/host/plugins/testing -enable-experimental-feature DebugDescriptionMacro -sdk /Applications/Xcode.app/Contents/Developer/Platforms/iPhoneSimulator.platform/Developer/SDKs/iPhoneSimulator26.0.sdk -target arm64-apple-ios16.0-simulator -g -module-cache-path /Users/jamesalford/Library/Developer/Xcode/DerivedData/ModuleCache.noindex -Xfrontend -serialize-debugging-options -profile-coverage-mapping -profile-generate -enable-testing -suppress-warnings -index-store-path /Users/jamesalford/Library/Developer/Xcode/DerivedData/NotedCore-ftviuoyqruynvwbzbngenbwxsygv/Index.noindex/DataStore -Xcc -D_LIBCPP_HARDENING_MODE\=_LIBCPP_HARDENING_MODE_DEBUG -swift-version 5 -I /Users/jamesalford/Library/Developer/Xcode/DerivedData/NotedCore-ftviuoyqruynvwbzbngenbwxsygv/Build/Products/Debug-iphonesimulator -Isystem /Applications/Xcode.app/Contents/Developer/Platforms/iPhoneSimulator.platform/Developer/usr/lib -F /Users/jamesalford/Library/Developer/Xcode/DerivedData/NotedCore-ftviuoyqruynvwbzbngenbwxsygv/Build/Products/Debug-iphonesimulator/PackageFrameworks -F /Users/jamesalford/Library/Developer/Xcode/DerivedData/NotedCore-ftviuoyqruynvwbzbngenbwxsygv/Build/Products/Debug-iphonesimulator/PackageFrameworks -F /Users/jamesalford/Library/Developer/Xcode/DerivedData/NotedCore-ftviuoyqruynvwbzbngenbwxsygv/Build/Products/Debug-iphonesimulator/PackageFrameworks -F /Users/jamesalford/Library/Developer/Xcode/DerivedData/NotedCore-ftviuoyqruynvwbzbngenbwxsygv/Build/Products/Debug-iphonesimulator/PackageFrameworks -F /Users/jamesalford/Library/Developer/Xcode/DerivedData/NotedCore-ftviuoyqruynvwbzbngenbwxsygv/Build/Products/Debug-iphonesimulator/PackageFrameworks -F /Users/jamesalford/Library/Developer/Xcode/DerivedData/NotedCore-ftviuoyqruynvwbzbngenbwxsygv/Build/Products/Debug-iphonesimulator/PackageFrameworks -F /Users/jamesalford/Library/Developer/Xcode/DerivedData/NotedCore-ftviuoyqruynvwbzbngenbwxsygv/Build/Products/Debug-iphonesimulator -F /Applications/Xcode.app/Contents/Developer/Platforms/iPhoneSimulator.platform/Developer/Library/Frameworks -F /Applications/Xcode.app/Contents/Developer/Platforms/iPhoneSimulator.platform/Developer/SDKs/iPhoneSimulator26.0.sdk/Developer/Library/Frameworks -parse-as-library -c -j14 -enable-batch-mode -incremental -Xcc -ivfsstatcache -Xcc /Users/jamesalford/Library/Developer/Xcode/DerivedData/SDKStatCaches.noindex/iphonesimulator26.0-23A339-3885c01c3e6b6a337905948deab2002e26257891a6c027eb51374368541b8346.sdkstatcache -output-file-map /Users/jamesalford/Library/Developer/Xcode/DerivedData/NotedCore-ftviuoyqruynvwbzbngenbwxsygv/Build/Intermediates.noindex/mlx-swift.build/Debug-iphonesimulator/MLXRandom.build/Objects-normal/arm64/MLXRandom-OutputFileMap.json -use-frontend-parseable-output -save-temps -no-color-diagnostics -explicit-module-build -module-cache-path /Users/jamesalford/Library/Developer/Xcode/DerivedData/NotedCore-ftviuoyqruynvwbzbngenbwxsygv/Build/Intermediates.noindex/SwiftExplicitPrecompiledModules -clang-scanner-module-cache-path /Users/jamesalford/Library/Developer/Xcode/DerivedData/ModuleCache.noindex -sdk-module-cache-path /Users/jamesalford/Library/Developer/Xcode/DerivedData/ModuleCache.noindex -serialize-diagnostics -emit-dependencies -emit-module -emit-module-path /Users/jamesalford/Library/Developer/Xcode/DerivedData/NotedCore-ftviuoyqruynvwbzbngenbwxsygv/Build/Intermediates.noindex/mlx-swift.build/Debug-iphonesimulator/MLXRandom.build/Objects-normal/arm64/MLXRandom.swiftmodule -validate-clang-modules-once -clang-build-session-file /Users/jamesalford/Library/Developer/Xcode/DerivedData/ModuleCache.noindex/Session.modulevalidation -package-name mlx_swift -Xcc -I/Users/jamesalford/Library/Developer/Xcode/DerivedData/NotedCore-ftviuoyqruynvwbzbngenbwxsygv/Build/Intermediates.noindex/mlx-swift.build/Debug-iphonesimulator/MLXRandom.build/swift-overrides.hmap -emit-const-values -Xfrontend -const-gather-protocols-file -Xfrontend /Users/jamesalford/Library/Developer/Xcode/DerivedData/NotedCore-ftviuoyqruynvwbzbngenbwxsygv/Build/Intermediates.noindex/mlx-swift.build/Debug-iphonesimulator/MLXRandom.build/Objects-normal/arm64/MLXRandom_const_extract_protocols.json -Xcc -I/Users/jamesalford/Library/Developer/Xcode/DerivedData/NotedCore-ftviuoyqruynvwbzbngenbwxsygv/SourcePackages/checkouts/swift-numerics/Sources/_NumericsShims/include -Xcc -I/Users/jamesalford/Library/Developer/Xcode/DerivedData/NotedCore-ftviuoyqruynvwbzbngenbwxsygv/SourcePackages/checkouts/mlx-swift/Source/Cmlx/include -Xcc -I/Users/jamesalford/Library/Developer/Xcode/DerivedData/NotedCore-ftviuoyqruynvwbzbngenbwxsygv/Build/Products/Debug-iphonesimulator/include -Xcc -I/Users/jamesalford/Library/Developer/Xcode/DerivedData/NotedCore-ftviuoyqruynvwbzbngenbwxsygv/Build/Intermediates.noindex/mlx-swift.build/Debug-iphonesimulator/MLXRandom.build/DerivedSources-normal/arm64 -Xcc -I/Users/jamesalford/Library/Developer/Xcode/DerivedData/NotedCore-ftviuoyqruynvwbzbngenbwxsygv/Build/Intermediates.noindex/mlx-swift.build/Debug-iphonesimulator/MLXRandom.build/DerivedSources/arm64 -Xcc -I/Users/jamesalford/Library/Developer/Xcode/DerivedData/NotedCore-ftviuoyqruynvwbzbngenbwxsygv/Build/Intermediates.noindex/mlx-swift.build/Debug-iphonesimulator/MLXRandom.build/DerivedSources -Xcc -DSWIFT_PACKAGE -Xcc -DDEBUG\=1 -emit-objc-header -emit-objc-header-path /Users/jamesalford/Library/Developer/Xcode/DerivedData/NotedCore-ftviuoyqruynvwbzbngenbwxsygv/Build/Intermediates.noindex/mlx-swift.build/Debug-iphonesimulator/MLXRandom.build/Objects-normal/arm64/MLXRandom-Swift.h -working-directory /Users/jamesalford/Documents/NotedCore/NotedCore.xcodeproj -experimental-emit-module-separately -disable-cmo

SwiftDriverJobDiscovery normal arm64 Compiling Error.swift (in target 'Jinja' from project 'Jinja')

SwiftEmitModule normal arm64 Emitting\ module\ for\ MLXFFT (in target 'MLXFFT' from project 'mlx-swift')

SwiftCompile normal arm64 /Users/jamesalford/Library/Developer/Xcode/DerivedData/NotedCore-ftviuoyqruynvwbzbngenbwxsygv/SourcePackages/checkouts/mlx-swift/Source/MLXFFT/FFT.swift (in target 'MLXFFT' from project 'mlx-swift')
    cd /Users/jamesalford/Documents/NotedCore/NotedCore.xcodeproj
    

SwiftCompile normal arm64 Compiling\ Linalg.swift /Users/jamesalford/Library/Developer/Xcode/DerivedData/NotedCore-ftviuoyqruynvwbzbngenbwxsygv/SourcePackages/checkouts/mlx-swift/Source/MLXLinalg/Linalg.swift (in target 'MLXLinalg' from project 'mlx-swift')

SwiftCompile normal arm64 /Users/jamesalford/Library/Developer/Xcode/DerivedData/NotedCore-ftviuoyqruynvwbzbngenbwxsygv/SourcePackages/checkouts/mlx-swift/Source/MLXLinalg/Linalg.swift (in target 'MLXLinalg' from project 'mlx-swift')
    cd /Users/jamesalford/Documents/NotedCore/NotedCore.xcodeproj
    

SwiftCompile normal arm64 Compiling\ MLXFast.swift /Users/jamesalford/Library/Developer/Xcode/DerivedData/NotedCore-ftviuoyqruynvwbzbngenbwxsygv/SourcePackages/checkouts/mlx-swift/Source/MLXFast/MLXFast.swift (in target 'MLXFast' from project 'mlx-swift')

SwiftCompile normal arm64 /Users/jamesalford/Library/Developer/Xcode/DerivedData/NotedCore-ftviuoyqruynvwbzbngenbwxsygv/SourcePackages/checkouts/mlx-swift/Source/MLXFast/MLXFast.swift (in target 'MLXFast' from project 'mlx-swift')
    cd /Users/jamesalford/Documents/NotedCore/NotedCore.xcodeproj
    

SwiftCompile normal arm64 Compiling\ FFT.swift /Users/jamesalford/Library/Developer/Xcode/DerivedData/NotedCore-ftviuoyqruynvwbzbngenbwxsygv/SourcePackages/checkouts/mlx-swift/Source/MLXFFT/FFT.swift (in target 'MLXFFT' from project 'mlx-swift')

SwiftCompile normal arm64 /Users/jamesalford/Library/Developer/Xcode/DerivedData/NotedCore-ftviuoyqruynvwbzbngenbwxsygv/SourcePackages/checkouts/mlx-swift/Source/MLXFFT/FFT.swift (in target 'MLXFFT' from project 'mlx-swift')
    cd /Users/jamesalford/Documents/NotedCore/NotedCore.xcodeproj
    

SwiftDriverJobDiscovery normal arm64 Emitting module for MLXFast (in target 'MLXFast' from project 'mlx-swift')

SwiftCompile normal arm64 Compiling\ Lexer.swift /Users/jamesalford/Library/Developer/Xcode/DerivedData/NotedCore-ftviuoyqruynvwbzbngenbwxsygv/SourcePackages/checkouts/Jinja/Sources/Lexer.swift (in target 'Jinja' from project 'Jinja')

SwiftCompile normal arm64 /Users/jamesalford/Library/Developer/Xcode/DerivedData/NotedCore-ftviuoyqruynvwbzbngenbwxsygv/SourcePackages/checkouts/Jinja/Sources/Lexer.swift (in target 'Jinja' from project 'Jinja')
    cd /Users/jamesalford/Documents/NotedCore/NotedCore.xcodeproj
    

SwiftDriverJobDiscovery normal arm64 Compiling Random.swift (in target 'MLXRandom' from project 'mlx-swift')

SwiftCompile normal arm64 Compiling\ Ast.swift /Users/jamesalford/Library/Developer/Xcode/DerivedData/NotedCore-ftviuoyqruynvwbzbngenbwxsygv/SourcePackages/checkouts/Jinja/Sources/Ast.swift (in target 'Jinja' from project 'Jinja')

SwiftCompile normal arm64 /Users/jamesalford/Library/Developer/Xcode/DerivedData/NotedCore-ftviuoyqruynvwbzbngenbwxsygv/SourcePackages/checkouts/Jinja/Sources/Ast.swift (in target 'Jinja' from project 'Jinja')
    cd /Users/jamesalford/Documents/NotedCore/NotedCore.xcodeproj
    

SwiftDriverJobDiscovery normal arm64 Compiling BashCompletionsGenerator.swift, CompletionsGenerator.swift, FishCompletionsGenerator.swift, ZshCompletionsGenerator.swift (in target 'ArgumentParser' from project 'swift-argument-parser')

SwiftDriverJobDiscovery normal arm64 Compiling MLXFastKernel.swift (in target 'MLXFast' from project 'mlx-swift')

SwiftMergeGeneratedHeaders /Users/jamesalford/Library/Developer/Xcode/DerivedData/NotedCore-ftviuoyqruynvwbzbngenbwxsygv/Build/Intermediates.noindex/GeneratedModuleMaps-iphonesimulator/MLXRandom-Swift.h /Users/jamesalford/Library/Developer/Xcode/DerivedData/NotedCore-ftviuoyqruynvwbzbngenbwxsygv/Build/Intermediates.noindex/mlx-swift.build/Debug-iphonesimulator/MLXRandom.build/Objects-normal/arm64/MLXRandom-Swift.h (in target 'MLXRandom' from project 'mlx-swift')
    cd /Users/jamesalford/Library/Developer/Xcode/DerivedData/NotedCore-ftviuoyqruynvwbzbngenbwxsygv/SourcePackages/checkouts/mlx-swift
    builtin-swiftHeaderTool -arch arm64 /Users/jamesalford/Library/Developer/Xcode/DerivedData/NotedCore-ftviuoyqruynvwbzbngenbwxsygv/Build/Intermediates.noindex/mlx-swift.build/Debug-iphonesimulator/MLXRandom.build/Objects-normal/arm64/MLXRandom-Swift.h -o /Users/jamesalford/Library/Developer/Xcode/DerivedData/NotedCore-ftviuoyqruynvwbzbngenbwxsygv/Build/Intermediates.noindex/GeneratedModuleMaps-iphonesimulator/MLXRandom-Swift.h

SwiftDriverJobDiscovery normal arm64 Emitting module for MLXLinalg (in target 'MLXLinalg' from project 'mlx-swift')

Copy /Users/jamesalford/Library/Developer/Xcode/DerivedData/NotedCore-ftviuoyqruynvwbzbngenbwxsygv/Build/Products/Debug-iphonesimulator/MLXRandom.swiftmodule/arm64-apple-ios-simulator.swiftmodule /Users/jamesalford/Library/Developer/Xcode/DerivedData/NotedCore-ftviuoyqruynvwbzbngenbwxsygv/Build/Intermediates.noindex/mlx-swift.build/Debug-iphonesimulator/MLXRandom.build/Objects-normal/arm64/MLXRandom.swiftmodule (in target 'MLXRandom' from project 'mlx-swift')
    cd /Users/jamesalford/Library/Developer/Xcode/DerivedData/NotedCore-ftviuoyqruynvwbzbngenbwxsygv/SourcePackages/checkouts/mlx-swift
    builtin-copy -exclude .DS_Store -exclude CVS -exclude .svn -exclude .git -exclude .hg -resolve-src-symlinks -rename /Users/jamesalford/Library/Developer/Xcode/DerivedData/NotedCore-ftviuoyqruynvwbzbngenbwxsygv/Build/Intermediates.noindex/mlx-swift.build/Debug-iphonesimulator/MLXRandom.build/Objects-normal/arm64/MLXRandom.swiftmodule /Users/jamesalford/Library/Developer/Xcode/DerivedData/NotedCore-ftviuoyqruynvwbzbngenbwxsygv/Build/Products/Debug-iphonesimulator/MLXRandom.swiftmodule/arm64-apple-ios-simulator.swiftmodule

Copy /Users/jamesalford/Library/Developer/Xcode/DerivedData/NotedCore-ftviuoyqruynvwbzbngenbwxsygv/Build/Products/Debug-iphonesimulator/MLXRandom.swiftmodule/arm64-apple-ios-simulator.swiftdoc /Users/jamesalford/Library/Developer/Xcode/DerivedData/NotedCore-ftviuoyqruynvwbzbngenbwxsygv/Build/Intermediates.noindex/mlx-swift.build/Debug-iphonesimulator/MLXRandom.build/Objects-normal/arm64/MLXRandom.swiftdoc (in target 'MLXRandom' from project 'mlx-swift')
    cd /Users/jamesalford/Library/Developer/Xcode/DerivedData/NotedCore-ftviuoyqruynvwbzbngenbwxsygv/SourcePackages/checkouts/mlx-swift
    builtin-copy -exclude .DS_Store -exclude CVS -exclude .svn -exclude .git -exclude .hg -resolve-src-symlinks -rename /Users/jamesalford/Library/Developer/Xcode/DerivedData/NotedCore-ftviuoyqruynvwbzbngenbwxsygv/Build/Intermediates.noindex/mlx-swift.build/Debug-iphonesimulator/MLXRandom.build/Objects-normal/arm64/MLXRandom.swiftdoc /Users/jamesalford/Library/Developer/Xcode/DerivedData/NotedCore-ftviuoyqruynvwbzbngenbwxsygv/Build/Products/Debug-iphonesimulator/MLXRandom.swiftmodule/arm64-apple-ios-simulator.swiftdoc

Copy /Users/jamesalford/Library/Developer/Xcode/DerivedData/NotedCore-ftviuoyqruynvwbzbngenbwxsygv/Build/Products/Debug-iphonesimulator/MLXRandom.swiftmodule/arm64-apple-ios-simulator.abi.json /Users/jamesalford/Library/Developer/Xcode/DerivedData/NotedCore-ftviuoyqruynvwbzbngenbwxsygv/Build/Intermediates.noindex/mlx-swift.build/Debug-iphonesimulator/MLXRandom.build/Objects-normal/arm64/MLXRandom.abi.json (in target 'MLXRandom' from project 'mlx-swift')
    cd /Users/jamesalford/Library/Developer/Xcode/DerivedData/NotedCore-ftviuoyqruynvwbzbngenbwxsygv/SourcePackages/checkouts/mlx-swift
    builtin-copy -exclude .DS_Store -exclude CVS -exclude .svn -exclude .git -exclude .hg -resolve-src-symlinks -rename /Users/jamesalford/Library/Developer/Xcode/DerivedData/NotedCore-ftviuoyqruynvwbzbngenbwxsygv/Build/Intermediates.noindex/mlx-swift.build/Debug-iphonesimulator/MLXRandom.build/Objects-normal/arm64/MLXRandom.abi.json /Users/jamesalford/Library/Developer/Xcode/DerivedData/NotedCore-ftviuoyqruynvwbzbngenbwxsygv/Build/Products/Debug-iphonesimulator/MLXRandom.swiftmodule/arm64-apple-ios-simulator.abi.json

Copy /Users/jamesalford/Library/Developer/Xcode/DerivedData/NotedCore-ftviuoyqruynvwbzbngenbwxsygv/Build/Products/Debug-iphonesimulator/MLXRandom.swiftmodule/Project/arm64-apple-ios-simulator.swiftsourceinfo /Users/jamesalford/Library/Developer/Xcode/DerivedData/NotedCore-ftviuoyqruynvwbzbngenbwxsygv/Build/Intermediates.noindex/mlx-swift.build/Debug-iphonesimulator/MLXRandom.build/Objects-normal/arm64/MLXRandom.swiftsourceinfo (in target 'MLXRandom' from project 'mlx-swift')
    cd /Users/jamesalford/Library/Developer/Xcode/DerivedData/NotedCore-ftviuoyqruynvwbzbngenbwxsygv/SourcePackages/checkouts/mlx-swift
    builtin-copy -exclude .DS_Store -exclude CVS -exclude .svn -exclude .git -exclude .hg -resolve-src-symlinks -rename /Users/jamesalford/Library/Developer/Xcode/DerivedData/NotedCore-ftviuoyqruynvwbzbngenbwxsygv/Build/Intermediates.noindex/mlx-swift.build/Debug-iphonesimulator/MLXRandom.build/Objects-normal/arm64/MLXRandom.swiftsourceinfo /Users/jamesalford/Library/Developer/Xcode/DerivedData/NotedCore-ftviuoyqruynvwbzbngenbwxsygv/Build/Products/Debug-iphonesimulator/MLXRandom.swiftmodule/Project/arm64-apple-ios-simulator.swiftsourceinfo

SwiftDriver\ Compilation\ Requirements MLXLinalg normal arm64 com.apple.xcode.tools.swift.compiler (in target 'MLXLinalg' from project 'mlx-swift')
    cd /Users/jamesalford/Documents/NotedCore/NotedCore.xcodeproj
    builtin-Swift-Compilation-Requirements -- /Applications/Xcode.app/Contents/Developer/Toolchains/XcodeDefault.xctoolchain/usr/bin/swiftc -module-name MLXLinalg -Onone -enforce-exclusivity\=checked @/Users/jamesalford/Library/Developer/Xcode/DerivedData/NotedCore-ftviuoyqruynvwbzbngenbwxsygv/Build/Intermediates.noindex/mlx-swift.build/Debug-iphonesimulator/MLXLinalg.build/Objects-normal/arm64/MLXLinalg.SwiftFileList -DSWIFT_PACKAGE -DDEBUG -DSWIFT_MODULE_RESOURCE_BUNDLE_UNAVAILABLE -DXcode -enable-experimental-feature StrictConcurrency -plugin-path /Applications/Xcode.app/Contents/Developer/Toolchains/XcodeDefault.xctoolchain/usr/lib/swift/host/plugins/testing -enable-experimental-feature DebugDescriptionMacro -sdk /Applications/Xcode.app/Contents/Developer/Platforms/iPhoneSimulator.platform/Developer/SDKs/iPhoneSimulator26.0.sdk -target arm64-apple-ios16.0-simulator -g -module-cache-path /Users/jamesalford/Library/Developer/Xcode/DerivedData/ModuleCache.noindex -Xfrontend -serialize-debugging-options -profile-coverage-mapping -profile-generate -enable-testing -suppress-warnings -index-store-path /Users/jamesalford/Library/Developer/Xcode/DerivedData/NotedCore-ftviuoyqruynvwbzbngenbwxsygv/Index.noindex/DataStore -Xcc -D_LIBCPP_HARDENING_MODE\=_LIBCPP_HARDENING_MODE_DEBUG -swift-version 5 -I /Users/jamesalford/Library/Developer/Xcode/DerivedData/NotedCore-ftviuoyqruynvwbzbngenbwxsygv/Build/Products/Debug-iphonesimulator -Isystem /Applications/Xcode.app/Contents/Developer/Platforms/iPhoneSimulator.platform/Developer/usr/lib -F /Users/jamesalford/Library/Developer/Xcode/DerivedData/NotedCore-ftviuoyqruynvwbzbngenbwxsygv/Build/Products/Debug-iphonesimulator/PackageFrameworks -F /Users/jamesalford/Library/Developer/Xcode/DerivedData/NotedCore-ftviuoyqruynvwbzbngenbwxsygv/Build/Products/Debug-iphonesimulator/PackageFrameworks -F /Users/jamesalford/Library/Developer/Xcode/DerivedData/NotedCore-ftviuoyqruynvwbzbngenbwxsygv/Build/Products/Debug-iphonesimulator/PackageFrameworks -F /Users/jamesalford/Library/Developer/Xcode/DerivedData/NotedCore-ftviuoyqruynvwbzbngenbwxsygv/Build/Products/Debug-iphonesimulator/PackageFrameworks -F /Users/jamesalford/Library/Developer/Xcode/DerivedData/NotedCore-ftviuoyqruynvwbzbngenbwxsygv/Build/Products/Debug-iphonesimulator/PackageFrameworks -F /Users/jamesalford/Library/Developer/Xcode/DerivedData/NotedCore-ftviuoyqruynvwbzbngenbwxsygv/Build/Products/Debug-iphonesimulator/PackageFrameworks -F /Users/jamesalford/Library/Developer/Xcode/DerivedData/NotedCore-ftviuoyqruynvwbzbngenbwxsygv/Build/Products/Debug-iphonesimulator -F /Applications/Xcode.app/Contents/Developer/Platforms/iPhoneSimulator.platform/Developer/Library/Frameworks -F /Applications/Xcode.app/Contents/Developer/Platforms/iPhoneSimulator.platform/Developer/SDKs/iPhoneSimulator26.0.sdk/Developer/Library/Frameworks -parse-as-library -c -j14 -enable-batch-mode -incremental -Xcc -ivfsstatcache -Xcc /Users/jamesalford/Library/Developer/Xcode/DerivedData/SDKStatCaches.noindex/iphonesimulator26.0-23A339-3885c01c3e6b6a337905948deab2002e26257891a6c027eb51374368541b8346.sdkstatcache -output-file-map /Users/jamesalford/Library/Developer/Xcode/DerivedData/NotedCore-ftviuoyqruynvwbzbngenbwxsygv/Build/Intermediates.noindex/mlx-swift.build/Debug-iphonesimulator/MLXLinalg.build/Objects-normal/arm64/MLXLinalg-OutputFileMap.json -use-frontend-parseable-output -save-temps -no-color-diagnostics -explicit-module-build -module-cache-path /Users/jamesalford/Library/Developer/Xcode/DerivedData/NotedCore-ftviuoyqruynvwbzbngenbwxsygv/Build/Intermediates.noindex/SwiftExplicitPrecompiledModules -clang-scanner-module-cache-path /Users/jamesalford/Library/Developer/Xcode/DerivedData/ModuleCache.noindex -sdk-module-cache-path /Users/jamesalford/Library/Developer/Xcode/DerivedData/ModuleCache.noindex -serialize-diagnostics -emit-dependencies -emit-module -emit-module-path /Users/jamesalford/Library/Developer/Xcode/DerivedData/NotedCore-ftviuoyqruynvwbzbngenbwxsygv/Build/Intermediates.noindex/mlx-swift.build/Debug-iphonesimulator/MLXLinalg.build/Objects-normal/arm64/MLXLinalg.swiftmodule -validate-clang-modules-once -clang-build-session-file /Users/jamesalford/Library/Developer/Xcode/DerivedData/ModuleCache.noindex/Session.modulevalidation -package-name mlx_swift -Xcc -I/Users/jamesalford/Library/Developer/Xcode/DerivedData/NotedCore-ftviuoyqruynvwbzbngenbwxsygv/Build/Intermediates.noindex/mlx-swift.build/Debug-iphonesimulator/MLXLinalg.build/swift-overrides.hmap -emit-const-values -Xfrontend -const-gather-protocols-file -Xfrontend /Users/jamesalford/Library/Developer/Xcode/DerivedData/NotedCore-ftviuoyqruynvwbzbngenbwxsygv/Build/Intermediates.noindex/mlx-swift.build/Debug-iphonesimulator/MLXLinalg.build/Objects-normal/arm64/MLXLinalg_const_extract_protocols.json -Xcc -I/Users/jamesalford/Library/Developer/Xcode/DerivedData/NotedCore-ftviuoyqruynvwbzbngenbwxsygv/SourcePackages/checkouts/swift-numerics/Sources/_NumericsShims/include -Xcc -I/Users/jamesalford/Library/Developer/Xcode/DerivedData/NotedCore-ftviuoyqruynvwbzbngenbwxsygv/SourcePackages/checkouts/mlx-swift/Source/Cmlx/include -Xcc -I/Users/jamesalford/Library/Developer/Xcode/DerivedData/NotedCore-ftviuoyqruynvwbzbngenbwxsygv/Build/Products/Debug-iphonesimulator/include -Xcc -I/Users/jamesalford/Library/Developer/Xcode/DerivedData/NotedCore-ftviuoyqruynvwbzbngenbwxsygv/Build/Intermediates.noindex/mlx-swift.build/Debug-iphonesimulator/MLXLinalg.build/DerivedSources-normal/arm64 -Xcc -I/Users/jamesalford/Library/Developer/Xcode/DerivedData/NotedCore-ftviuoyqruynvwbzbngenbwxsygv/Build/Intermediates.noindex/mlx-swift.build/Debug-iphonesimulator/MLXLinalg.build/DerivedSources/arm64 -Xcc -I/Users/jamesalford/Library/Developer/Xcode/DerivedData/NotedCore-ftviuoyqruynvwbzbngenbwxsygv/Build/Intermediates.noindex/mlx-swift.build/Debug-iphonesimulator/MLXLinalg.build/DerivedSources -Xcc -DSWIFT_PACKAGE -Xcc -DDEBUG\=1 -emit-objc-header -emit-objc-header-path /Users/jamesalford/Library/Developer/Xcode/DerivedData/NotedCore-ftviuoyqruynvwbzbngenbwxsygv/Build/Intermediates.noindex/mlx-swift.build/Debug-iphonesimulator/MLXLinalg.build/Objects-normal/arm64/MLXLinalg-Swift.h -working-directory /Users/jamesalford/Documents/NotedCore/NotedCore.xcodeproj -experimental-emit-module-separately -disable-cmo

SwiftDriver\ Compilation\ Requirements MLXFast normal arm64 com.apple.xcode.tools.swift.compiler (in target 'MLXFast' from project 'mlx-swift')
    cd /Users/jamesalford/Documents/NotedCore/NotedCore.xcodeproj
    builtin-Swift-Compilation-Requirements -- /Applications/Xcode.app/Contents/Developer/Toolchains/XcodeDefault.xctoolchain/usr/bin/swiftc -module-name MLXFast -Onone -enforce-exclusivity\=checked @/Users/jamesalford/Library/Developer/Xcode/DerivedData/NotedCore-ftviuoyqruynvwbzbngenbwxsygv/Build/Intermediates.noindex/mlx-swift.build/Debug-iphonesimulator/MLXFast.build/Objects-normal/arm64/MLXFast.SwiftFileList -DSWIFT_PACKAGE -DDEBUG -DSWIFT_MODULE_RESOURCE_BUNDLE_UNAVAILABLE -DXcode -enable-experimental-feature StrictConcurrency -plugin-path /Applications/Xcode.app/Contents/Developer/Toolchains/XcodeDefault.xctoolchain/usr/lib/swift/host/plugins/testing -enable-experimental-feature DebugDescriptionMacro -sdk /Applications/Xcode.app/Contents/Developer/Platforms/iPhoneSimulator.platform/Developer/SDKs/iPhoneSimulator26.0.sdk -target arm64-apple-ios16.0-simulator -g -module-cache-path /Users/jamesalford/Library/Developer/Xcode/DerivedData/ModuleCache.noindex -Xfrontend -serialize-debugging-options -profile-coverage-mapping -profile-generate -enable-testing -suppress-warnings -index-store-path /Users/jamesalford/Library/Developer/Xcode/DerivedData/NotedCore-ftviuoyqruynvwbzbngenbwxsygv/Index.noindex/DataStore -Xcc -D_LIBCPP_HARDENING_MODE\=_LIBCPP_HARDENING_MODE_DEBUG -swift-version 5 -I /Users/jamesalford/Library/Developer/Xcode/DerivedData/NotedCore-ftviuoyqruynvwbzbngenbwxsygv/Build/Products/Debug-iphonesimulator -Isystem /Applications/Xcode.app/Contents/Developer/Platforms/iPhoneSimulator.platform/Developer/usr/lib -F /Users/jamesalford/Library/Developer/Xcode/DerivedData/NotedCore-ftviuoyqruynvwbzbngenbwxsygv/Build/Products/Debug-iphonesimulator/PackageFrameworks -F /Users/jamesalford/Library/Developer/Xcode/DerivedData/NotedCore-ftviuoyqruynvwbzbngenbwxsygv/Build/Products/Debug-iphonesimulator/PackageFrameworks -F /Users/jamesalford/Library/Developer/Xcode/DerivedData/NotedCore-ftviuoyqruynvwbzbngenbwxsygv/Build/Products/Debug-iphonesimulator/PackageFrameworks -F /Users/jamesalford/Library/Developer/Xcode/DerivedData/NotedCore-ftviuoyqruynvwbzbngenbwxsygv/Build/Products/Debug-iphonesimulator/PackageFrameworks -F /Users/jamesalford/Library/Developer/Xcode/DerivedData/NotedCore-ftviuoyqruynvwbzbngenbwxsygv/Build/Products/Debug-iphonesimulator/PackageFrameworks -F /Users/jamesalford/Library/Developer/Xcode/DerivedData/NotedCore-ftviuoyqruynvwbzbngenbwxsygv/Build/Products/Debug-iphonesimulator/PackageFrameworks -F /Users/jamesalford/Library/Developer/Xcode/DerivedData/NotedCore-ftviuoyqruynvwbzbngenbwxsygv/Build/Products/Debug-iphonesimulator -F /Applications/Xcode.app/Contents/Developer/Platforms/iPhoneSimulator.platform/Developer/Library/Frameworks -F /Applications/Xcode.app/Contents/Developer/Platforms/iPhoneSimulator.platform/Developer/SDKs/iPhoneSimulator26.0.sdk/Developer/Library/Frameworks -c -j14 -enable-batch-mode -incremental -Xcc -ivfsstatcache -Xcc /Users/jamesalford/Library/Developer/Xcode/DerivedData/SDKStatCaches.noindex/iphonesimulator26.0-23A339-3885c01c3e6b6a337905948deab2002e26257891a6c027eb51374368541b8346.sdkstatcache -output-file-map /Users/jamesalford/Library/Developer/Xcode/DerivedData/NotedCore-ftviuoyqruynvwbzbngenbwxsygv/Build/Intermediates.noindex/mlx-swift.build/Debug-iphonesimulator/MLXFast.build/Objects-normal/arm64/MLXFast-OutputFileMap.json -use-frontend-parseable-output -save-temps -no-color-diagnostics -explicit-module-build -module-cache-path /Users/jamesalford/Library/Developer/Xcode/DerivedData/NotedCore-ftviuoyqruynvwbzbngenbwxsygv/Build/Intermediates.noindex/SwiftExplicitPrecompiledModules -clang-scanner-module-cache-path /Users/jamesalford/Library/Developer/Xcode/DerivedData/ModuleCache.noindex -sdk-module-cache-path /Users/jamesalford/Library/Developer/Xcode/DerivedData/ModuleCache.noindex -serialize-diagnostics -emit-dependencies -emit-module -emit-module-path /Users/jamesalford/Library/Developer/Xcode/DerivedData/NotedCore-ftviuoyqruynvwbzbngenbwxsygv/Build/Intermediates.noindex/mlx-swift.build/Debug-iphonesimulator/MLXFast.build/Objects-normal/arm64/MLXFast.swiftmodule -validate-clang-modules-once -clang-build-session-file /Users/jamesalford/Library/Developer/Xcode/DerivedData/ModuleCache.noindex/Session.modulevalidation -package-name mlx_swift -Xcc -I/Users/jamesalford/Library/Developer/Xcode/DerivedData/NotedCore-ftviuoyqruynvwbzbngenbwxsygv/Build/Intermediates.noindex/mlx-swift.build/Debug-iphonesimulator/MLXFast.build/swift-overrides.hmap -emit-const-values -Xfrontend -const-gather-protocols-file -Xfrontend /Users/jamesalford/Library/Developer/Xcode/DerivedData/NotedCore-ftviuoyqruynvwbzbngenbwxsygv/Build/Intermediates.noindex/mlx-swift.build/Debug-iphonesimulator/MLXFast.build/Objects-normal/arm64/MLXFast_const_extract_protocols.json -Xcc -I/Users/jamesalford/Library/Developer/Xcode/DerivedData/NotedCore-ftviuoyqruynvwbzbngenbwxsygv/SourcePackages/checkouts/swift-numerics/Sources/_NumericsShims/include -Xcc -I/Users/jamesalford/Library/Developer/Xcode/DerivedData/NotedCore-ftviuoyqruynvwbzbngenbwxsygv/SourcePackages/checkouts/mlx-swift/Source/Cmlx/include -Xcc -I/Users/jamesalford/Library/Developer/Xcode/DerivedData/NotedCore-ftviuoyqruynvwbzbngenbwxsygv/Build/Products/Debug-iphonesimulator/include -Xcc -I/Users/jamesalford/Library/Developer/Xcode/DerivedData/NotedCore-ftviuoyqruynvwbzbngenbwxsygv/Build/Intermediates.noindex/mlx-swift.build/Debug-iphonesimulator/MLXFast.build/DerivedSources-normal/arm64 -Xcc -I/Users/jamesalford/Library/Developer/Xcode/DerivedData/NotedCore-ftviuoyqruynvwbzbngenbwxsygv/Build/Intermediates.noindex/mlx-swift.build/Debug-iphonesimulator/MLXFast.build/DerivedSources/arm64 -Xcc -I/Users/jamesalford/Library/Developer/Xcode/DerivedData/NotedCore-ftviuoyqruynvwbzbngenbwxsygv/Build/Intermediates.noindex/mlx-swift.build/Debug-iphonesimulator/MLXFast.build/DerivedSources -Xcc -DSWIFT_PACKAGE -Xcc -DDEBUG\=1 -emit-objc-header -emit-objc-header-path /Users/jamesalford/Library/Developer/Xcode/DerivedData/NotedCore-ftviuoyqruynvwbzbngenbwxsygv/Build/Intermediates.noindex/mlx-swift.build/Debug-iphonesimulator/MLXFast.build/Objects-normal/arm64/MLXFast-Swift.h -working-directory /Users/jamesalford/Documents/NotedCore/NotedCore.xcodeproj -experimental-emit-module-separately -disable-cmo

SwiftMergeGeneratedHeaders /Users/jamesalford/Library/Developer/Xcode/DerivedData/NotedCore-ftviuoyqruynvwbzbngenbwxsygv/Build/Intermediates.noindex/GeneratedModuleMaps-iphonesimulator/MLXLinalg-Swift.h /Users/jamesalford/Library/Developer/Xcode/DerivedData/NotedCore-ftviuoyqruynvwbzbngenbwxsygv/Build/Intermediates.noindex/mlx-swift.build/Debug-iphonesimulator/MLXLinalg.build/Objects-normal/arm64/MLXLinalg-Swift.h (in target 'MLXLinalg' from project 'mlx-swift')
    cd /Users/jamesalford/Library/Developer/Xcode/DerivedData/NotedCore-ftviuoyqruynvwbzbngenbwxsygv/SourcePackages/checkouts/mlx-swift
    builtin-swiftHeaderTool -arch arm64 /Users/jamesalford/Library/Developer/Xcode/DerivedData/NotedCore-ftviuoyqruynvwbzbngenbwxsygv/Build/Intermediates.noindex/mlx-swift.build/Debug-iphonesimulator/MLXLinalg.build/Objects-normal/arm64/MLXLinalg-Swift.h -o /Users/jamesalford/Library/Developer/Xcode/DerivedData/NotedCore-ftviuoyqruynvwbzbngenbwxsygv/Build/Intermediates.noindex/GeneratedModuleMaps-iphonesimulator/MLXLinalg-Swift.h

Copy /Users/jamesalford/Library/Developer/Xcode/DerivedData/NotedCore-ftviuoyqruynvwbzbngenbwxsygv/Build/Products/Debug-iphonesimulator/MLXLinalg.swiftmodule/arm64-apple-ios-simulator.swiftmodule /Users/jamesalford/Library/Developer/Xcode/DerivedData/NotedCore-ftviuoyqruynvwbzbngenbwxsygv/Build/Intermediates.noindex/mlx-swift.build/Debug-iphonesimulator/MLXLinalg.build/Objects-normal/arm64/MLXLinalg.swiftmodule (in target 'MLXLinalg' from project 'mlx-swift')
    cd /Users/jamesalford/Library/Developer/Xcode/DerivedData/NotedCore-ftviuoyqruynvwbzbngenbwxsygv/SourcePackages/checkouts/mlx-swift
    builtin-copy -exclude .DS_Store -exclude CVS -exclude .svn -exclude .git -exclude .hg -resolve-src-symlinks -rename /Users/jamesalford/Library/Developer/Xcode/DerivedData/NotedCore-ftviuoyqruynvwbzbngenbwxsygv/Build/Intermediates.noindex/mlx-swift.build/Debug-iphonesimulator/MLXLinalg.build/Objects-normal/arm64/MLXLinalg.swiftmodule /Users/jamesalford/Library/Developer/Xcode/DerivedData/NotedCore-ftviuoyqruynvwbzbngenbwxsygv/Build/Products/Debug-iphonesimulator/MLXLinalg.swiftmodule/arm64-apple-ios-simulator.swiftmodule

Copy /Users/jamesalford/Library/Developer/Xcode/DerivedData/NotedCore-ftviuoyqruynvwbzbngenbwxsygv/Build/Products/Debug-iphonesimulator/MLXLinalg.swiftmodule/arm64-apple-ios-simulator.swiftdoc /Users/jamesalford/Library/Developer/Xcode/DerivedData/NotedCore-ftviuoyqruynvwbzbngenbwxsygv/Build/Intermediates.noindex/mlx-swift.build/Debug-iphonesimulator/MLXLinalg.build/Objects-normal/arm64/MLXLinalg.swiftdoc (in target 'MLXLinalg' from project 'mlx-swift')
    cd /Users/jamesalford/Library/Developer/Xcode/DerivedData/NotedCore-ftviuoyqruynvwbzbngenbwxsygv/SourcePackages/checkouts/mlx-swift
    builtin-copy -exclude .DS_Store -exclude CVS -exclude .svn -exclude .git -exclude .hg -resolve-src-symlinks -rename /Users/jamesalford/Library/Developer/Xcode/DerivedData/NotedCore-ftviuoyqruynvwbzbngenbwxsygv/Build/Intermediates.noindex/mlx-swift.build/Debug-iphonesimulator/MLXLinalg.build/Objects-normal/arm64/MLXLinalg.swiftdoc /Users/jamesalford/Library/Developer/Xcode/DerivedData/NotedCore-ftviuoyqruynvwbzbngenbwxsygv/Build/Products/Debug-iphonesimulator/MLXLinalg.swiftmodule/arm64-apple-ios-simulator.swiftdoc

Copy /Users/jamesalford/Library/Developer/Xcode/DerivedData/NotedCore-ftviuoyqruynvwbzbngenbwxsygv/Build/Products/Debug-iphonesimulator/MLXLinalg.swiftmodule/arm64-apple-ios-simulator.abi.json /Users/jamesalford/Library/Developer/Xcode/DerivedData/NotedCore-ftviuoyqruynvwbzbngenbwxsygv/Build/Intermediates.noindex/mlx-swift.build/Debug-iphonesimulator/MLXLinalg.build/Objects-normal/arm64/MLXLinalg.abi.json (in target 'MLXLinalg' from project 'mlx-swift')
    cd /Users/jamesalford/Library/Developer/Xcode/DerivedData/NotedCore-ftviuoyqruynvwbzbngenbwxsygv/SourcePackages/checkouts/mlx-swift
    builtin-copy -exclude .DS_Store -exclude CVS -exclude .svn -exclude .git -exclude .hg -resolve-src-symlinks -rename /Users/jamesalford/Library/Developer/Xcode/DerivedData/NotedCore-ftviuoyqruynvwbzbngenbwxsygv/Build/Intermediates.noindex/mlx-swift.build/Debug-iphonesimulator/MLXLinalg.build/Objects-normal/arm64/MLXLinalg.abi.json /Users/jamesalford/Library/Developer/Xcode/DerivedData/NotedCore-ftviuoyqruynvwbzbngenbwxsygv/Build/Products/Debug-iphonesimulator/MLXLinalg.swiftmodule/arm64-apple-ios-simulator.abi.json

Copy /Users/jamesalford/Library/Developer/Xcode/DerivedData/NotedCore-ftviuoyqruynvwbzbngenbwxsygv/Build/Products/Debug-iphonesimulator/MLXLinalg.swiftmodule/Project/arm64-apple-ios-simulator.swiftsourceinfo /Users/jamesalford/Library/Developer/Xcode/DerivedData/NotedCore-ftviuoyqruynvwbzbngenbwxsygv/Build/Intermediates.noindex/mlx-swift.build/Debug-iphonesimulator/MLXLinalg.build/Objects-normal/arm64/MLXLinalg.swiftsourceinfo (in target 'MLXLinalg' from project 'mlx-swift')
    cd /Users/jamesalford/Library/Developer/Xcode/DerivedData/NotedCore-ftviuoyqruynvwbzbngenbwxsygv/SourcePackages/checkouts/mlx-swift
    builtin-copy -exclude .DS_Store -exclude CVS -exclude .svn -exclude .git -exclude .hg -resolve-src-symlinks -rename /Users/jamesalford/Library/Developer/Xcode/DerivedData/NotedCore-ftviuoyqruynvwbzbngenbwxsygv/Build/Intermediates.noindex/mlx-swift.build/Debug-iphonesimulator/MLXLinalg.build/Objects-normal/arm64/MLXLinalg.swiftsourceinfo /Users/jamesalford/Library/Developer/Xcode/DerivedData/NotedCore-ftviuoyqruynvwbzbngenbwxsygv/Build/Products/Debug-iphonesimulator/MLXLinalg.swiftmodule/Project/arm64-apple-ios-simulator.swiftsourceinfo

SwiftMergeGeneratedHeaders /Users/jamesalford/Library/Developer/Xcode/DerivedData/NotedCore-ftviuoyqruynvwbzbngenbwxsygv/Build/Intermediates.noindex/GeneratedModuleMaps-iphonesimulator/MLXFast-Swift.h /Users/jamesalford/Library/Developer/Xcode/DerivedData/NotedCore-ftviuoyqruynvwbzbngenbwxsygv/Build/Intermediates.noindex/mlx-swift.build/Debug-iphonesimulator/MLXFast.build/Objects-normal/arm64/MLXFast-Swift.h (in target 'MLXFast' from project 'mlx-swift')
    cd /Users/jamesalford/Library/Developer/Xcode/DerivedData/NotedCore-ftviuoyqruynvwbzbngenbwxsygv/SourcePackages/checkouts/mlx-swift
    builtin-swiftHeaderTool -arch arm64 /Users/jamesalford/Library/Developer/Xcode/DerivedData/NotedCore-ftviuoyqruynvwbzbngenbwxsygv/Build/Intermediates.noindex/mlx-swift.build/Debug-iphonesimulator/MLXFast.build/Objects-normal/arm64/MLXFast-Swift.h -o /Users/jamesalford/Library/Developer/Xcode/DerivedData/NotedCore-ftviuoyqruynvwbzbngenbwxsygv/Build/Intermediates.noindex/GeneratedModuleMaps-iphonesimulator/MLXFast-Swift.h

SwiftDriverJobDiscovery normal arm64 Emitting module for MLXFFT (in target 'MLXFFT' from project 'mlx-swift')

Copy /Users/jamesalford/Library/Developer/Xcode/DerivedData/NotedCore-ftviuoyqruynvwbzbngenbwxsygv/Build/Products/Debug-iphonesimulator/MLXFast.swiftmodule/arm64-apple-ios-simulator.swiftmodule /Users/jamesalford/Library/Developer/Xcode/DerivedData/NotedCore-ftviuoyqruynvwbzbngenbwxsygv/Build/Intermediates.noindex/mlx-swift.build/Debug-iphonesimulator/MLXFast.build/Objects-normal/arm64/MLXFast.swiftmodule (in target 'MLXFast' from project 'mlx-swift')
    cd /Users/jamesalford/Library/Developer/Xcode/DerivedData/NotedCore-ftviuoyqruynvwbzbngenbwxsygv/SourcePackages/checkouts/mlx-swift
    builtin-copy -exclude .DS_Store -exclude CVS -exclude .svn -exclude .git -exclude .hg -resolve-src-symlinks -rename /Users/jamesalford/Library/Developer/Xcode/DerivedData/NotedCore-ftviuoyqruynvwbzbngenbwxsygv/Build/Intermediates.noindex/mlx-swift.build/Debug-iphonesimulator/MLXFast.build/Objects-normal/arm64/MLXFast.swiftmodule /Users/jamesalford/Library/Developer/Xcode/DerivedData/NotedCore-ftviuoyqruynvwbzbngenbwxsygv/Build/Products/Debug-iphonesimulator/MLXFast.swiftmodule/arm64-apple-ios-simulator.swiftmodule

Copy /Users/jamesalford/Library/Developer/Xcode/DerivedData/NotedCore-ftviuoyqruynvwbzbngenbwxsygv/Build/Products/Debug-iphonesimulator/MLXFast.swiftmodule/arm64-apple-ios-simulator.swiftdoc /Users/jamesalford/Library/Developer/Xcode/DerivedData/NotedCore-ftviuoyqruynvwbzbngenbwxsygv/Build/Intermediates.noindex/mlx-swift.build/Debug-iphonesimulator/MLXFast.build/Objects-normal/arm64/MLXFast.swiftdoc (in target 'MLXFast' from project 'mlx-swift')
    cd /Users/jamesalford/Library/Developer/Xcode/DerivedData/NotedCore-ftviuoyqruynvwbzbngenbwxsygv/SourcePackages/checkouts/mlx-swift
    builtin-copy -exclude .DS_Store -exclude CVS -exclude .svn -exclude .git -exclude .hg -resolve-src-symlinks -rename /Users/jamesalford/Library/Developer/Xcode/DerivedData/NotedCore-ftviuoyqruynvwbzbngenbwxsygv/Build/Intermediates.noindex/mlx-swift.build/Debug-iphonesimulator/MLXFast.build/Objects-normal/arm64/MLXFast.swiftdoc /Users/jamesalford/Library/Developer/Xcode/DerivedData/NotedCore-ftviuoyqruynvwbzbngenbwxsygv/Build/Products/Debug-iphonesimulator/MLXFast.swiftmodule/arm64-apple-ios-simulator.swiftdoc

Copy /Users/jamesalford/Library/Developer/Xcode/DerivedData/NotedCore-ftviuoyqruynvwbzbngenbwxsygv/Build/Products/Debug-iphonesimulator/MLXFast.swiftmodule/arm64-apple-ios-simulator.abi.json /Users/jamesalford/Library/Developer/Xcode/DerivedData/NotedCore-ftviuoyqruynvwbzbngenbwxsygv/Build/Intermediates.noindex/mlx-swift.build/Debug-iphonesimulator/MLXFast.build/Objects-normal/arm64/MLXFast.abi.json (in target 'MLXFast' from project 'mlx-swift')
    cd /Users/jamesalford/Library/Developer/Xcode/DerivedData/NotedCore-ftviuoyqruynvwbzbngenbwxsygv/SourcePackages/checkouts/mlx-swift
    builtin-copy -exclude .DS_Store -exclude CVS -exclude .svn -exclude .git -exclude .hg -resolve-src-symlinks -rename /Users/jamesalford/Library/Developer/Xcode/DerivedData/NotedCore-ftviuoyqruynvwbzbngenbwxsygv/Build/Intermediates.noindex/mlx-swift.build/Debug-iphonesimulator/MLXFast.build/Objects-normal/arm64/MLXFast.abi.json /Users/jamesalford/Library/Developer/Xcode/DerivedData/NotedCore-ftviuoyqruynvwbzbngenbwxsygv/Build/Products/Debug-iphonesimulator/MLXFast.swiftmodule/arm64-apple-ios-simulator.abi.json

Copy /Users/jamesalford/Library/Developer/Xcode/DerivedData/NotedCore-ftviuoyqruynvwbzbngenbwxsygv/Build/Products/Debug-iphonesimulator/MLXFast.swiftmodule/Project/arm64-apple-ios-simulator.swiftsourceinfo /Users/jamesalford/Library/Developer/Xcode/DerivedData/NotedCore-ftviuoyqruynvwbzbngenbwxsygv/Build/Intermediates.noindex/mlx-swift.build/Debug-iphonesimulator/MLXFast.build/Objects-normal/arm64/MLXFast.swiftsourceinfo (in target 'MLXFast' from project 'mlx-swift')
    cd /Users/jamesalford/Library/Developer/Xcode/DerivedData/NotedCore-ftviuoyqruynvwbzbngenbwxsygv/SourcePackages/checkouts/mlx-swift
    builtin-copy -exclude .DS_Store -exclude CVS -exclude .svn -exclude .git -exclude .hg -resolve-src-symlinks -rename /Users/jamesalford/Library/Developer/Xcode/DerivedData/NotedCore-ftviuoyqruynvwbzbngenbwxsygv/Build/Intermediates.noindex/mlx-swift.build/Debug-iphonesimulator/MLXFast.build/Objects-normal/arm64/MLXFast.swiftsourceinfo /Users/jamesalford/Library/Developer/Xcode/DerivedData/NotedCore-ftviuoyqruynvwbzbngenbwxsygv/Build/Products/Debug-iphonesimulator/MLXFast.swiftmodule/Project/arm64-apple-ios-simulator.swiftsourceinfo

SwiftDriver\ Compilation\ Requirements MLXFFT normal arm64 com.apple.xcode.tools.swift.compiler (in target 'MLXFFT' from project 'mlx-swift')
    cd /Users/jamesalford/Documents/NotedCore/NotedCore.xcodeproj
    builtin-Swift-Compilation-Requirements -- /Applications/Xcode.app/Contents/Developer/Toolchains/XcodeDefault.xctoolchain/usr/bin/swiftc -module-name MLXFFT -Onone -enforce-exclusivity\=checked @/Users/jamesalford/Library/Developer/Xcode/DerivedData/NotedCore-ftviuoyqruynvwbzbngenbwxsygv/Build/Intermediates.noindex/mlx-swift.build/Debug-iphonesimulator/MLXFFT.build/Objects-normal/arm64/MLXFFT.SwiftFileList -DSWIFT_PACKAGE -DDEBUG -DSWIFT_MODULE_RESOURCE_BUNDLE_UNAVAILABLE -DXcode -enable-experimental-feature StrictConcurrency -plugin-path /Applications/Xcode.app/Contents/Developer/Toolchains/XcodeDefault.xctoolchain/usr/lib/swift/host/plugins/testing -enable-experimental-feature DebugDescriptionMacro -sdk /Applications/Xcode.app/Contents/Developer/Platforms/iPhoneSimulator.platform/Developer/SDKs/iPhoneSimulator26.0.sdk -target arm64-apple-ios16.0-simulator -g -module-cache-path /Users/jamesalford/Library/Developer/Xcode/DerivedData/ModuleCache.noindex -Xfrontend -serialize-debugging-options -profile-coverage-mapping -profile-generate -enable-testing -suppress-warnings -index-store-path /Users/jamesalford/Library/Developer/Xcode/DerivedData/NotedCore-ftviuoyqruynvwbzbngenbwxsygv/Index.noindex/DataStore -Xcc -D_LIBCPP_HARDENING_MODE\=_LIBCPP_HARDENING_MODE_DEBUG -swift-version 5 -I /Users/jamesalford/Library/Developer/Xcode/DerivedData/NotedCore-ftviuoyqruynvwbzbngenbwxsygv/Build/Products/Debug-iphonesimulator -Isystem /Applications/Xcode.app/Contents/Developer/Platforms/iPhoneSimulator.platform/Developer/usr/lib -F /Users/jamesalford/Library/Developer/Xcode/DerivedData/NotedCore-ftviuoyqruynvwbzbngenbwxsygv/Build/Products/Debug-iphonesimulator/PackageFrameworks -F /Users/jamesalford/Library/Developer/Xcode/DerivedData/NotedCore-ftviuoyqruynvwbzbngenbwxsygv/Build/Products/Debug-iphonesimulator/PackageFrameworks -F /Users/jamesalford/Library/Developer/Xcode/DerivedData/NotedCore-ftviuoyqruynvwbzbngenbwxsygv/Build/Products/Debug-iphonesimulator/PackageFrameworks -F /Users/jamesalford/Library/Developer/Xcode/DerivedData/NotedCore-ftviuoyqruynvwbzbngenbwxsygv/Build/Products/Debug-iphonesimulator/PackageFrameworks -F /Users/jamesalford/Library/Developer/Xcode/DerivedData/NotedCore-ftviuoyqruynvwbzbngenbwxsygv/Build/Products/Debug-iphonesimulator/PackageFrameworks -F /Users/jamesalford/Library/Developer/Xcode/DerivedData/NotedCore-ftviuoyqruynvwbzbngenbwxsygv/Build/Products/Debug-iphonesimulator/PackageFrameworks -F /Users/jamesalford/Library/Developer/Xcode/DerivedData/NotedCore-ftviuoyqruynvwbzbngenbwxsygv/Build/Products/Debug-iphonesimulator -F /Applications/Xcode.app/Contents/Developer/Platforms/iPhoneSimulator.platform/Developer/Library/Frameworks -F /Applications/Xcode.app/Contents/Developer/Platforms/iPhoneSimulator.platform/Developer/SDKs/iPhoneSimulator26.0.sdk/Developer/Library/Frameworks -parse-as-library -c -j14 -enable-batch-mode -incremental -Xcc -ivfsstatcache -Xcc /Users/jamesalford/Library/Developer/Xcode/DerivedData/SDKStatCaches.noindex/iphonesimulator26.0-23A339-3885c01c3e6b6a337905948deab2002e26257891a6c027eb51374368541b8346.sdkstatcache -output-file-map /Users/jamesalford/Library/Developer/Xcode/DerivedData/NotedCore-ftviuoyqruynvwbzbngenbwxsygv/Build/Intermediates.noindex/mlx-swift.build/Debug-iphonesimulator/MLXFFT.build/Objects-normal/arm64/MLXFFT-OutputFileMap.json -use-frontend-parseable-output -save-temps -no-color-diagnostics -explicit-module-build -module-cache-path /Users/jamesalford/Library/Developer/Xcode/DerivedData/NotedCore-ftviuoyqruynvwbzbngenbwxsygv/Build/Intermediates.noindex/SwiftExplicitPrecompiledModules -clang-scanner-module-cache-path /Users/jamesalford/Library/Developer/Xcode/DerivedData/ModuleCache.noindex -sdk-module-cache-path /Users/jamesalford/Library/Developer/Xcode/DerivedData/ModuleCache.noindex -serialize-diagnostics -emit-dependencies -emit-module -emit-module-path /Users/jamesalford/Library/Developer/Xcode/DerivedData/NotedCore-ftviuoyqruynvwbzbngenbwxsygv/Build/Intermediates.noindex/mlx-swift.build/Debug-iphonesimulator/MLXFFT.build/Objects-normal/arm64/MLXFFT.swiftmodule -validate-clang-modules-once -clang-build-session-file /Users/jamesalford/Library/Developer/Xcode/DerivedData/ModuleCache.noindex/Session.modulevalidation -package-name mlx_swift -Xcc -I/Users/jamesalford/Library/Developer/Xcode/DerivedData/NotedCore-ftviuoyqruynvwbzbngenbwxsygv/Build/Intermediates.noindex/mlx-swift.build/Debug-iphonesimulator/MLXFFT.build/swift-overrides.hmap -emit-const-values -Xfrontend -const-gather-protocols-file -Xfrontend /Users/jamesalford/Library/Developer/Xcode/DerivedData/NotedCore-ftviuoyqruynvwbzbngenbwxsygv/Build/Intermediates.noindex/mlx-swift.build/Debug-iphonesimulator/MLXFFT.build/Objects-normal/arm64/MLXFFT_const_extract_protocols.json -Xcc -I/Users/jamesalford/Library/Developer/Xcode/DerivedData/NotedCore-ftviuoyqruynvwbzbngenbwxsygv/SourcePackages/checkouts/swift-numerics/Sources/_NumericsShims/include -Xcc -I/Users/jamesalford/Library/Developer/Xcode/DerivedData/NotedCore-ftviuoyqruynvwbzbngenbwxsygv/SourcePackages/checkouts/mlx-swift/Source/Cmlx/include -Xcc -I/Users/jamesalford/Library/Developer/Xcode/DerivedData/NotedCore-ftviuoyqruynvwbzbngenbwxsygv/Build/Products/Debug-iphonesimulator/include -Xcc -I/Users/jamesalford/Library/Developer/Xcode/DerivedData/NotedCore-ftviuoyqruynvwbzbngenbwxsygv/Build/Intermediates.noindex/mlx-swift.build/Debug-iphonesimulator/MLXFFT.build/DerivedSources-normal/arm64 -Xcc -I/Users/jamesalford/Library/Developer/Xcode/DerivedData/NotedCore-ftviuoyqruynvwbzbngenbwxsygv/Build/Intermediates.noindex/mlx-swift.build/Debug-iphonesimulator/MLXFFT.build/DerivedSources/arm64 -Xcc -I/Users/jamesalford/Library/Developer/Xcode/DerivedData/NotedCore-ftviuoyqruynvwbzbngenbwxsygv/Build/Intermediates.noindex/mlx-swift.build/Debug-iphonesimulator/MLXFFT.build/DerivedSources -Xcc -DSWIFT_PACKAGE -Xcc -DDEBUG\=1 -emit-objc-header -emit-objc-header-path /Users/jamesalford/Library/Developer/Xcode/DerivedData/NotedCore-ftviuoyqruynvwbzbngenbwxsygv/Build/Intermediates.noindex/mlx-swift.build/Debug-iphonesimulator/MLXFFT.build/Objects-normal/arm64/MLXFFT-Swift.h -working-directory /Users/jamesalford/Documents/NotedCore/NotedCore.xcodeproj -experimental-emit-module-separately -disable-cmo

SwiftDriver\ Compilation MLXRandom normal arm64 com.apple.xcode.tools.swift.compiler (in target 'MLXRandom' from project 'mlx-swift')
    cd /Users/jamesalford/Documents/NotedCore/NotedCore.xcodeproj
    builtin-Swift-Compilation -- /Applications/Xcode.app/Contents/Developer/Toolchains/XcodeDefault.xctoolchain/usr/bin/swiftc -module-name MLXRandom -Onone -enforce-exclusivity\=checked @/Users/jamesalford/Library/Developer/Xcode/DerivedData/NotedCore-ftviuoyqruynvwbzbngenbwxsygv/Build/Intermediates.noindex/mlx-swift.build/Debug-iphonesimulator/MLXRandom.build/Objects-normal/arm64/MLXRandom.SwiftFileList -DSWIFT_PACKAGE -DDEBUG -DSWIFT_MODULE_RESOURCE_BUNDLE_UNAVAILABLE -DXcode -enable-experimental-feature StrictConcurrency -plugin-path /Applications/Xcode.app/Contents/Developer/Toolchains/XcodeDefault.xctoolchain/usr/lib/swift/host/plugins/testing -enable-experimental-feature DebugDescriptionMacro -sdk /Applications/Xcode.app/Contents/Developer/Platforms/iPhoneSimulator.platform/Developer/SDKs/iPhoneSimulator26.0.sdk -target arm64-apple-ios16.0-simulator -g -module-cache-path /Users/jamesalford/Library/Developer/Xcode/DerivedData/ModuleCache.noindex -Xfrontend -serialize-debugging-options -profile-coverage-mapping -profile-generate -enable-testing -suppress-warnings -index-store-path /Users/jamesalford/Library/Developer/Xcode/DerivedData/NotedCore-ftviuoyqruynvwbzbngenbwxsygv/Index.noindex/DataStore -Xcc -D_LIBCPP_HARDENING_MODE\=_LIBCPP_HARDENING_MODE_DEBUG -swift-version 5 -I /Users/jamesalford/Library/Developer/Xcode/DerivedData/NotedCore-ftviuoyqruynvwbzbngenbwxsygv/Build/Products/Debug-iphonesimulator -Isystem /Applications/Xcode.app/Contents/Developer/Platforms/iPhoneSimulator.platform/Developer/usr/lib -F /Users/jamesalford/Library/Developer/Xcode/DerivedData/NotedCore-ftviuoyqruynvwbzbngenbwxsygv/Build/Products/Debug-iphonesimulator/PackageFrameworks -F /Users/jamesalford/Library/Developer/Xcode/DerivedData/NotedCore-ftviuoyqruynvwbzbngenbwxsygv/Build/Products/Debug-iphonesimulator/PackageFrameworks -F /Users/jamesalford/Library/Developer/Xcode/DerivedData/NotedCore-ftviuoyqruynvwbzbngenbwxsygv/Build/Products/Debug-iphonesimulator/PackageFrameworks -F /Users/jamesalford/Library/Developer/Xcode/DerivedData/NotedCore-ftviuoyqruynvwbzbngenbwxsygv/Build/Products/Debug-iphonesimulator/PackageFrameworks -F /Users/jamesalford/Library/Developer/Xcode/DerivedData/NotedCore-ftviuoyqruynvwbzbngenbwxsygv/Build/Products/Debug-iphonesimulator/PackageFrameworks -F /Users/jamesalford/Library/Developer/Xcode/DerivedData/NotedCore-ftviuoyqruynvwbzbngenbwxsygv/Build/Products/Debug-iphonesimulator/PackageFrameworks -F /Users/jamesalford/Library/Developer/Xcode/DerivedData/NotedCore-ftviuoyqruynvwbzbngenbwxsygv/Build/Products/Debug-iphonesimulator -F /Applications/Xcode.app/Contents/Developer/Platforms/iPhoneSimulator.platform/Developer/Library/Frameworks -F /Applications/Xcode.app/Contents/Developer/Platforms/iPhoneSimulator.platform/Developer/SDKs/iPhoneSimulator26.0.sdk/Developer/Library/Frameworks -parse-as-library -c -j14 -enable-batch-mode -incremental -Xcc -ivfsstatcache -Xcc /Users/jamesalford/Library/Developer/Xcode/DerivedData/SDKStatCaches.noindex/iphonesimulator26.0-23A339-3885c01c3e6b6a337905948deab2002e26257891a6c027eb51374368541b8346.sdkstatcache -output-file-map /Users/jamesalford/Library/Developer/Xcode/DerivedData/NotedCore-ftviuoyqruynvwbzbngenbwxsygv/Build/Intermediates.noindex/mlx-swift.build/Debug-iphonesimulator/MLXRandom.build/Objects-normal/arm64/MLXRandom-OutputFileMap.json -use-frontend-parseable-output -save-temps -no-color-diagnostics -explicit-module-build -module-cache-path /Users/jamesalford/Library/Developer/Xcode/DerivedData/NotedCore-ftviuoyqruynvwbzbngenbwxsygv/Build/Intermediates.noindex/SwiftExplicitPrecompiledModules -clang-scanner-module-cache-path /Users/jamesalford/Library/Developer/Xcode/DerivedData/ModuleCache.noindex -sdk-module-cache-path /Users/jamesalford/Library/Developer/Xcode/DerivedData/ModuleCache.noindex -serialize-diagnostics -emit-dependencies -emit-module -emit-module-path /Users/jamesalford/Library/Developer/Xcode/DerivedData/NotedCore-ftviuoyqruynvwbzbngenbwxsygv/Build/Intermediates.noindex/mlx-swift.build/Debug-iphonesimulator/MLXRandom.build/Objects-normal/arm64/MLXRandom.swiftmodule -validate-clang-modules-once -clang-build-session-file /Users/jamesalford/Library/Developer/Xcode/DerivedData/ModuleCache.noindex/Session.modulevalidation -package-name mlx_swift -Xcc -I/Users/jamesalford/Library/Developer/Xcode/DerivedData/NotedCore-ftviuoyqruynvwbzbngenbwxsygv/Build/Intermediates.noindex/mlx-swift.build/Debug-iphonesimulator/MLXRandom.build/swift-overrides.hmap -emit-const-values -Xfrontend -const-gather-protocols-file -Xfrontend /Users/jamesalford/Library/Developer/Xcode/DerivedData/NotedCore-ftviuoyqruynvwbzbngenbwxsygv/Build/Intermediates.noindex/mlx-swift.build/Debug-iphonesimulator/MLXRandom.build/Objects-normal/arm64/MLXRandom_const_extract_protocols.json -Xcc -I/Users/jamesalford/Library/Developer/Xcode/DerivedData/NotedCore-ftviuoyqruynvwbzbngenbwxsygv/SourcePackages/checkouts/swift-numerics/Sources/_NumericsShims/include -Xcc -I/Users/jamesalford/Library/Developer/Xcode/DerivedData/NotedCore-ftviuoyqruynvwbzbngenbwxsygv/SourcePackages/checkouts/mlx-swift/Source/Cmlx/include -Xcc -I/Users/jamesalford/Library/Developer/Xcode/DerivedData/NotedCore-ftviuoyqruynvwbzbngenbwxsygv/Build/Products/Debug-iphonesimulator/include -Xcc -I/Users/jamesalford/Library/Developer/Xcode/DerivedData/NotedCore-ftviuoyqruynvwbzbngenbwxsygv/Build/Intermediates.noindex/mlx-swift.build/Debug-iphonesimulator/MLXRandom.build/DerivedSources-normal/arm64 -Xcc -I/Users/jamesalford/Library/Developer/Xcode/DerivedData/NotedCore-ftviuoyqruynvwbzbngenbwxsygv/Build/Intermediates.noindex/mlx-swift.build/Debug-iphonesimulator/MLXRandom.build/DerivedSources/arm64 -Xcc -I/Users/jamesalford/Library/Developer/Xcode/DerivedData/NotedCore-ftviuoyqruynvwbzbngenbwxsygv/Build/Intermediates.noindex/mlx-swift.build/Debug-iphonesimulator/MLXRandom.build/DerivedSources -Xcc -DSWIFT_PACKAGE -Xcc -DDEBUG\=1 -emit-objc-header -emit-objc-header-path /Users/jamesalford/Library/Developer/Xcode/DerivedData/NotedCore-ftviuoyqruynvwbzbngenbwxsygv/Build/Intermediates.noindex/mlx-swift.build/Debug-iphonesimulator/MLXRandom.build/Objects-normal/arm64/MLXRandom-Swift.h -working-directory /Users/jamesalford/Documents/NotedCore/NotedCore.xcodeproj -experimental-emit-module-separately -disable-cmo

SwiftCompile normal arm64 Compiling\ StringExtension.swift /Users/jamesalford/Library/Developer/Xcode/DerivedData/NotedCore-ftviuoyqruynvwbzbngenbwxsygv/SourcePackages/checkouts/Jinja/Sources/Extensions/StringExtension.swift (in target 'Jinja' from project 'Jinja')

SwiftCompile normal arm64 /Users/jamesalford/Library/Developer/Xcode/DerivedData/NotedCore-ftviuoyqruynvwbzbngenbwxsygv/SourcePackages/checkouts/Jinja/Sources/Extensions/StringExtension.swift (in target 'Jinja' from project 'Jinja')
    cd /Users/jamesalford/Documents/NotedCore/NotedCore.xcodeproj
    

SwiftCompile normal arm64 Compiling\ Template.swift /Users/jamesalford/Library/Developer/Xcode/DerivedData/NotedCore-ftviuoyqruynvwbzbngenbwxsygv/SourcePackages/checkouts/Jinja/Sources/Template.swift (in target 'Jinja' from project 'Jinja')

SwiftCompile normal arm64 /Users/jamesalford/Library/Developer/Xcode/DerivedData/NotedCore-ftviuoyqruynvwbzbngenbwxsygv/SourcePackages/checkouts/Jinja/Sources/Template.swift (in target 'Jinja' from project 'Jinja')
    cd /Users/jamesalford/Documents/NotedCore/NotedCore.xcodeproj
    

SwiftMergeGeneratedHeaders /Users/jamesalford/Library/Developer/Xcode/DerivedData/NotedCore-ftviuoyqruynvwbzbngenbwxsygv/Build/Intermediates.noindex/GeneratedModuleMaps-iphonesimulator/MLXFFT-Swift.h /Users/jamesalford/Library/Developer/Xcode/DerivedData/NotedCore-ftviuoyqruynvwbzbngenbwxsygv/Build/Intermediates.noindex/mlx-swift.build/Debug-iphonesimulator/MLXFFT.build/Objects-normal/arm64/MLXFFT-Swift.h (in target 'MLXFFT' from project 'mlx-swift')
    cd /Users/jamesalford/Library/Developer/Xcode/DerivedData/NotedCore-ftviuoyqruynvwbzbngenbwxsygv/SourcePackages/checkouts/mlx-swift
    builtin-swiftHeaderTool -arch arm64 /Users/jamesalford/Library/Developer/Xcode/DerivedData/NotedCore-ftviuoyqruynvwbzbngenbwxsygv/Build/Intermediates.noindex/mlx-swift.build/Debug-iphonesimulator/MLXFFT.build/Objects-normal/arm64/MLXFFT-Swift.h -o /Users/jamesalford/Library/Developer/Xcode/DerivedData/NotedCore-ftviuoyqruynvwbzbngenbwxsygv/Build/Intermediates.noindex/GeneratedModuleMaps-iphonesimulator/MLXFFT-Swift.h

Copy /Users/jamesalford/Library/Developer/Xcode/DerivedData/NotedCore-ftviuoyqruynvwbzbngenbwxsygv/Build/Products/Debug-iphonesimulator/MLXFFT.swiftmodule/arm64-apple-ios-simulator.swiftmodule /Users/jamesalford/Library/Developer/Xcode/DerivedData/NotedCore-ftviuoyqruynvwbzbngenbwxsygv/Build/Intermediates.noindex/mlx-swift.build/Debug-iphonesimulator/MLXFFT.build/Objects-normal/arm64/MLXFFT.swiftmodule (in target 'MLXFFT' from project 'mlx-swift')
    cd /Users/jamesalford/Library/Developer/Xcode/DerivedData/NotedCore-ftviuoyqruynvwbzbngenbwxsygv/SourcePackages/checkouts/mlx-swift
    builtin-copy -exclude .DS_Store -exclude CVS -exclude .svn -exclude .git -exclude .hg -resolve-src-symlinks -rename /Users/jamesalford/Library/Developer/Xcode/DerivedData/NotedCore-ftviuoyqruynvwbzbngenbwxsygv/Build/Intermediates.noindex/mlx-swift.build/Debug-iphonesimulator/MLXFFT.build/Objects-normal/arm64/MLXFFT.swiftmodule /Users/jamesalford/Library/Developer/Xcode/DerivedData/NotedCore-ftviuoyqruynvwbzbngenbwxsygv/Build/Products/Debug-iphonesimulator/MLXFFT.swiftmodule/arm64-apple-ios-simulator.swiftmodule

Copy /Users/jamesalford/Library/Developer/Xcode/DerivedData/NotedCore-ftviuoyqruynvwbzbngenbwxsygv/Build/Products/Debug-iphonesimulator/MLXFFT.swiftmodule/arm64-apple-ios-simulator.swiftdoc /Users/jamesalford/Library/Developer/Xcode/DerivedData/NotedCore-ftviuoyqruynvwbzbngenbwxsygv/Build/Intermediates.noindex/mlx-swift.build/Debug-iphonesimulator/MLXFFT.build/Objects-normal/arm64/MLXFFT.swiftdoc (in target 'MLXFFT' from project 'mlx-swift')
    cd /Users/jamesalford/Library/Developer/Xcode/DerivedData/NotedCore-ftviuoyqruynvwbzbngenbwxsygv/SourcePackages/checkouts/mlx-swift
    builtin-copy -exclude .DS_Store -exclude CVS -exclude .svn -exclude .git -exclude .hg -resolve-src-symlinks -rename /Users/jamesalford/Library/Developer/Xcode/DerivedData/NotedCore-ftviuoyqruynvwbzbngenbwxsygv/Build/Intermediates.noindex/mlx-swift.build/Debug-iphonesimulator/MLXFFT.build/Objects-normal/arm64/MLXFFT.swiftdoc /Users/jamesalford/Library/Developer/Xcode/DerivedData/NotedCore-ftviuoyqruynvwbzbngenbwxsygv/Build/Products/Debug-iphonesimulator/MLXFFT.swiftmodule/arm64-apple-ios-simulator.swiftdoc

Copy /Users/jamesalford/Library/Developer/Xcode/DerivedData/NotedCore-ftviuoyqruynvwbzbngenbwxsygv/Build/Products/Debug-iphonesimulator/MLXFFT.swiftmodule/arm64-apple-ios-simulator.abi.json /Users/jamesalford/Library/Developer/Xcode/DerivedData/NotedCore-ftviuoyqruynvwbzbngenbwxsygv/Build/Intermediates.noindex/mlx-swift.build/Debug-iphonesimulator/MLXFFT.build/Objects-normal/arm64/MLXFFT.abi.json (in target 'MLXFFT' from project 'mlx-swift')
    cd /Users/jamesalford/Library/Developer/Xcode/DerivedData/NotedCore-ftviuoyqruynvwbzbngenbwxsygv/SourcePackages/checkouts/mlx-swift
    builtin-copy -exclude .DS_Store -exclude CVS -exclude .svn -exclude .git -exclude .hg -resolve-src-symlinks -rename /Users/jamesalford/Library/Developer/Xcode/DerivedData/NotedCore-ftviuoyqruynvwbzbngenbwxsygv/Build/Intermediates.noindex/mlx-swift.build/Debug-iphonesimulator/MLXFFT.build/Objects-normal/arm64/MLXFFT.abi.json /Users/jamesalford/Library/Developer/Xcode/DerivedData/NotedCore-ftviuoyqruynvwbzbngenbwxsygv/Build/Products/Debug-iphonesimulator/MLXFFT.swiftmodule/arm64-apple-ios-simulator.abi.json

Copy /Users/jamesalford/Library/Developer/Xcode/DerivedData/NotedCore-ftviuoyqruynvwbzbngenbwxsygv/Build/Products/Debug-iphonesimulator/MLXFFT.swiftmodule/Project/arm64-apple-ios-simulator.swiftsourceinfo /Users/jamesalford/Library/Developer/Xcode/DerivedData/NotedCore-ftviuoyqruynvwbzbngenbwxsygv/Build/Intermediates.noindex/mlx-swift.build/Debug-iphonesimulator/MLXFFT.build/Objects-normal/arm64/MLXFFT.swiftsourceinfo (in target 'MLXFFT' from project 'mlx-swift')
    cd /Users/jamesalford/Library/Developer/Xcode/DerivedData/NotedCore-ftviuoyqruynvwbzbngenbwxsygv/SourcePackages/checkouts/mlx-swift
    builtin-copy -exclude .DS_Store -exclude CVS -exclude .svn -exclude .git -exclude .hg -resolve-src-symlinks -rename /Users/jamesalford/Library/Developer/Xcode/DerivedData/NotedCore-ftviuoyqruynvwbzbngenbwxsygv/Build/Intermediates.noindex/mlx-swift.build/Debug-iphonesimulator/MLXFFT.build/Objects-normal/arm64/MLXFFT.swiftsourceinfo /Users/jamesalford/Library/Developer/Xcode/DerivedData/NotedCore-ftviuoyqruynvwbzbngenbwxsygv/Build/Products/Debug-iphonesimulator/MLXFFT.swiftmodule/Project/arm64-apple-ios-simulator.swiftsourceinfo

SwiftDriverJobDiscovery normal arm64 Compiling Linalg.swift (in target 'MLXLinalg' from project 'mlx-swift')

SwiftDriver\ Compilation ArgumentParser normal arm64 com.apple.xcode.tools.swift.compiler (in target 'ArgumentParser' from project 'swift-argument-parser')
    cd /Users/jamesalford/Documents/NotedCore/NotedCore.xcodeproj
    builtin-Swift-Compilation -- /Applications/Xcode.app/Contents/Developer/Toolchains/XcodeDefault.xctoolchain/usr/bin/swiftc -module-name ArgumentParser -Onone -enforce-exclusivity\=checked @/Users/jamesalford/Library/Developer/Xcode/DerivedData/NotedCore-ftviuoyqruynvwbzbngenbwxsygv/Build/Intermediates.noindex/swift-argument-parser.build/Debug-iphonesimulator/ArgumentParser.build/Objects-normal/arm64/ArgumentParser.SwiftFileList -DSWIFT_PACKAGE -DDEBUG -DSWIFT_MODULE_RESOURCE_BUNDLE_UNAVAILABLE -DXcode -enable-experimental-feature StrictConcurrency -plugin-path /Applications/Xcode.app/Contents/Developer/Toolchains/XcodeDefault.xctoolchain/usr/lib/swift/host/plugins/testing -enable-experimental-feature DebugDescriptionMacro -sdk /Applications/Xcode.app/Contents/Developer/Platforms/iPhoneSimulator.platform/Developer/SDKs/iPhoneSimulator26.0.sdk -target arm64-apple-ios12.0-simulator -g -module-cache-path /Users/jamesalford/Library/Developer/Xcode/DerivedData/ModuleCache.noindex -Xfrontend -serialize-debugging-options -profile-coverage-mapping -profile-generate -enable-testing -suppress-warnings -index-store-path /Users/jamesalford/Library/Developer/Xcode/DerivedData/NotedCore-ftviuoyqruynvwbzbngenbwxsygv/Index.noindex/DataStore -Xcc -D_LIBCPP_HARDENING_MODE\=_LIBCPP_HARDENING_MODE_DEBUG -swift-version 5 -I /Users/jamesalford/Library/Developer/Xcode/DerivedData/NotedCore-ftviuoyqruynvwbzbngenbwxsygv/Build/Products/Debug-iphonesimulator -Isystem /Applications/Xcode.app/Contents/Developer/Platforms/iPhoneSimulator.platform/Developer/usr/lib -F /Users/jamesalford/Library/Developer/Xcode/DerivedData/NotedCore-ftviuoyqruynvwbzbngenbwxsygv/Build/Products/Debug-iphonesimulator/PackageFrameworks -F /Users/jamesalford/Library/Developer/Xcode/DerivedData/NotedCore-ftviuoyqruynvwbzbngenbwxsygv/Build/Products/Debug-iphonesimulator -F /Applications/Xcode.app/Contents/Developer/Platforms/iPhoneSimulator.platform/Developer/Library/Frameworks -F /Applications/Xcode.app/Contents/Developer/Platforms/iPhoneSimulator.platform/Developer/SDKs/iPhoneSimulator26.0.sdk/Developer/Library/Frameworks -c -j14 -enable-batch-mode -incremental -Xcc -ivfsstatcache -Xcc /Users/jamesalford/Library/Developer/Xcode/DerivedData/SDKStatCaches.noindex/iphonesimulator26.0-23A339-3885c01c3e6b6a337905948deab2002e26257891a6c027eb51374368541b8346.sdkstatcache -output-file-map /Users/jamesalford/Library/Developer/Xcode/DerivedData/NotedCore-ftviuoyqruynvwbzbngenbwxsygv/Build/Intermediates.noindex/swift-argument-parser.build/Debug-iphonesimulator/ArgumentParser.build/Objects-normal/arm64/ArgumentParser-OutputFileMap.json -use-frontend-parseable-output -save-temps -no-color-diagnostics -explicit-module-build -module-cache-path /Users/jamesalford/Library/Developer/Xcode/DerivedData/NotedCore-ftviuoyqruynvwbzbngenbwxsygv/Build/Intermediates.noindex/SwiftExplicitPrecompiledModules -clang-scanner-module-cache-path /Users/jamesalford/Library/Developer/Xcode/DerivedData/ModuleCache.noindex -sdk-module-cache-path /Users/jamesalford/Library/Developer/Xcode/DerivedData/ModuleCache.noindex -serialize-diagnostics -emit-dependencies -emit-module -emit-module-path /Users/jamesalford/Library/Developer/Xcode/DerivedData/NotedCore-ftviuoyqruynvwbzbngenbwxsygv/Build/Intermediates.noindex/swift-argument-parser.build/Debug-iphonesimulator/ArgumentParser.build/Objects-normal/arm64/ArgumentParser.swiftmodule -validate-clang-modules-once -clang-build-session-file /Users/jamesalford/Library/Developer/Xcode/DerivedData/ModuleCache.noindex/Session.modulevalidation -Xcc -I/Users/jamesalford/Library/Developer/Xcode/DerivedData/NotedCore-ftviuoyqruynvwbzbngenbwxsygv/Build/Intermediates.noindex/swift-argument-parser.build/Debug-iphonesimulator/ArgumentParser.build/swift-overrides.hmap -emit-const-values -Xfrontend -const-gather-protocols-file -Xfrontend /Users/jamesalford/Library/Developer/Xcode/DerivedData/NotedCore-ftviuoyqruynvwbzbngenbwxsygv/Build/Intermediates.noindex/swift-argument-parser.build/Debug-iphonesimulator/ArgumentParser.build/Objects-normal/arm64/ArgumentParser_const_extract_protocols.json -Xcc -I/Users/jamesalford/Library/Developer/Xcode/DerivedData/NotedCore-ftviuoyqruynvwbzbngenbwxsygv/Build/Products/Debug-iphonesimulator/include -Xcc -I/Users/jamesalford/Library/Developer/Xcode/DerivedData/NotedCore-ftviuoyqruynvwbzbngenbwxsygv/Build/Intermediates.noindex/swift-argument-parser.build/Debug-iphonesimulator/ArgumentParser.build/DerivedSources-normal/arm64 -Xcc -I/Users/jamesalford/Library/Developer/Xcode/DerivedData/NotedCore-ftviuoyqruynvwbzbngenbwxsygv/Build/Intermediates.noindex/swift-argument-parser.build/Debug-iphonesimulator/ArgumentParser.build/DerivedSources/arm64 -Xcc -I/Users/jamesalford/Library/Developer/Xcode/DerivedData/NotedCore-ftviuoyqruynvwbzbngenbwxsygv/Build/Intermediates.noindex/swift-argument-parser.build/Debug-iphonesimulator/ArgumentParser.build/DerivedSources -Xcc -DSWIFT_PACKAGE -Xcc -DDEBUG\=1 -emit-objc-header -emit-objc-header-path /Users/jamesalford/Library/Developer/Xcode/DerivedData/NotedCore-ftviuoyqruynvwbzbngenbwxsygv/Build/Intermediates.noindex/swift-argument-parser.build/Debug-iphonesimulator/ArgumentParser.build/Objects-normal/arm64/ArgumentParser-Swift.h -working-directory /Users/jamesalford/Documents/NotedCore/NotedCore.xcodeproj -experimental-emit-module-separately -disable-cmo

SwiftDriverJobDiscovery normal arm64 Compiling MLXFast.swift (in target 'MLXFast' from project 'mlx-swift')

SwiftDriver\ Compilation MLXLinalg normal arm64 com.apple.xcode.tools.swift.compiler (in target 'MLXLinalg' from project 'mlx-swift')
    cd /Users/jamesalford/Documents/NotedCore/NotedCore.xcodeproj
    builtin-Swift-Compilation -- /Applications/Xcode.app/Contents/Developer/Toolchains/XcodeDefault.xctoolchain/usr/bin/swiftc -module-name MLXLinalg -Onone -enforce-exclusivity\=checked @/Users/jamesalford/Library/Developer/Xcode/DerivedData/NotedCore-ftviuoyqruynvwbzbngenbwxsygv/Build/Intermediates.noindex/mlx-swift.build/Debug-iphonesimulator/MLXLinalg.build/Objects-normal/arm64/MLXLinalg.SwiftFileList -DSWIFT_PACKAGE -DDEBUG -DSWIFT_MODULE_RESOURCE_BUNDLE_UNAVAILABLE -DXcode -enable-experimental-feature StrictConcurrency -plugin-path /Applications/Xcode.app/Contents/Developer/Toolchains/XcodeDefault.xctoolchain/usr/lib/swift/host/plugins/testing -enable-experimental-feature DebugDescriptionMacro -sdk /Applications/Xcode.app/Contents/Developer/Platforms/iPhoneSimulator.platform/Developer/SDKs/iPhoneSimulator26.0.sdk -target arm64-apple-ios16.0-simulator -g -module-cache-path /Users/jamesalford/Library/Developer/Xcode/DerivedData/ModuleCache.noindex -Xfrontend -serialize-debugging-options -profile-coverage-mapping -profile-generate -enable-testing -suppress-warnings -index-store-path /Users/jamesalford/Library/Developer/Xcode/DerivedData/NotedCore-ftviuoyqruynvwbzbngenbwxsygv/Index.noindex/DataStore -Xcc -D_LIBCPP_HARDENING_MODE\=_LIBCPP_HARDENING_MODE_DEBUG -swift-version 5 -I /Users/jamesalford/Library/Developer/Xcode/DerivedData/NotedCore-ftviuoyqruynvwbzbngenbwxsygv/Build/Products/Debug-iphonesimulator -Isystem /Applications/Xcode.app/Contents/Developer/Platforms/iPhoneSimulator.platform/Developer/usr/lib -F /Users/jamesalford/Library/Developer/Xcode/DerivedData/NotedCore-ftviuoyqruynvwbzbngenbwxsygv/Build/Products/Debug-iphonesimulator/PackageFrameworks -F /Users/jamesalford/Library/Developer/Xcode/DerivedData/NotedCore-ftviuoyqruynvwbzbngenbwxsygv/Build/Products/Debug-iphonesimulator/PackageFrameworks -F /Users/jamesalford/Library/Developer/Xcode/DerivedData/NotedCore-ftviuoyqruynvwbzbngenbwxsygv/Build/Products/Debug-iphonesimulator/PackageFrameworks -F /Users/jamesalford/Library/Developer/Xcode/DerivedData/NotedCore-ftviuoyqruynvwbzbngenbwxsygv/Build/Products/Debug-iphonesimulator/PackageFrameworks -F /Users/jamesalford/Library/Developer/Xcode/DerivedData/NotedCore-ftviuoyqruynvwbzbngenbwxsygv/Build/Products/Debug-iphonesimulator/PackageFrameworks -F /Users/jamesalford/Library/Developer/Xcode/DerivedData/NotedCore-ftviuoyqruynvwbzbngenbwxsygv/Build/Products/Debug-iphonesimulator/PackageFrameworks -F /Users/jamesalford/Library/Developer/Xcode/DerivedData/NotedCore-ftviuoyqruynvwbzbngenbwxsygv/Build/Products/Debug-iphonesimulator -F /Applications/Xcode.app/Contents/Developer/Platforms/iPhoneSimulator.platform/Developer/Library/Frameworks -F /Applications/Xcode.app/Contents/Developer/Platforms/iPhoneSimulator.platform/Developer/SDKs/iPhoneSimulator26.0.sdk/Developer/Library/Frameworks -parse-as-library -c -j14 -enable-batch-mode -incremental -Xcc -ivfsstatcache -Xcc /Users/jamesalford/Library/Developer/Xcode/DerivedData/SDKStatCaches.noindex/iphonesimulator26.0-23A339-3885c01c3e6b6a337905948deab2002e26257891a6c027eb51374368541b8346.sdkstatcache -output-file-map /Users/jamesalford/Library/Developer/Xcode/DerivedData/NotedCore-ftviuoyqruynvwbzbngenbwxsygv/Build/Intermediates.noindex/mlx-swift.build/Debug-iphonesimulator/MLXLinalg.build/Objects-normal/arm64/MLXLinalg-OutputFileMap.json -use-frontend-parseable-output -save-temps -no-color-diagnostics -explicit-module-build -module-cache-path /Users/jamesalford/Library/Developer/Xcode/DerivedData/NotedCore-ftviuoyqruynvwbzbngenbwxsygv/Build/Intermediates.noindex/SwiftExplicitPrecompiledModules -clang-scanner-module-cache-path /Users/jamesalford/Library/Developer/Xcode/DerivedData/ModuleCache.noindex -sdk-module-cache-path /Users/jamesalford/Library/Developer/Xcode/DerivedData/ModuleCache.noindex -serialize-diagnostics -emit-dependencies -emit-module -emit-module-path /Users/jamesalford/Library/Developer/Xcode/DerivedData/NotedCore-ftviuoyqruynvwbzbngenbwxsygv/Build/Intermediates.noindex/mlx-swift.build/Debug-iphonesimulator/MLXLinalg.build/Objects-normal/arm64/MLXLinalg.swiftmodule -validate-clang-modules-once -clang-build-session-file /Users/jamesalford/Library/Developer/Xcode/DerivedData/ModuleCache.noindex/Session.modulevalidation -package-name mlx_swift -Xcc -I/Users/jamesalford/Library/Developer/Xcode/DerivedData/NotedCore-ftviuoyqruynvwbzbngenbwxsygv/Build/Intermediates.noindex/mlx-swift.build/Debug-iphonesimulator/MLXLinalg.build/swift-overrides.hmap -emit-const-values -Xfrontend -const-gather-protocols-file -Xfrontend /Users/jamesalford/Library/Developer/Xcode/DerivedData/NotedCore-ftviuoyqruynvwbzbngenbwxsygv/Build/Intermediates.noindex/mlx-swift.build/Debug-iphonesimulator/MLXLinalg.build/Objects-normal/arm64/MLXLinalg_const_extract_protocols.json -Xcc -I/Users/jamesalford/Library/Developer/Xcode/DerivedData/NotedCore-ftviuoyqruynvwbzbngenbwxsygv/SourcePackages/checkouts/swift-numerics/Sources/_NumericsShims/include -Xcc -I/Users/jamesalford/Library/Developer/Xcode/DerivedData/NotedCore-ftviuoyqruynvwbzbngenbwxsygv/SourcePackages/checkouts/mlx-swift/Source/Cmlx/include -Xcc -I/Users/jamesalford/Library/Developer/Xcode/DerivedData/NotedCore-ftviuoyqruynvwbzbngenbwxsygv/Build/Products/Debug-iphonesimulator/include -Xcc -I/Users/jamesalford/Library/Developer/Xcode/DerivedData/NotedCore-ftviuoyqruynvwbzbngenbwxsygv/Build/Intermediates.noindex/mlx-swift.build/Debug-iphonesimulator/MLXLinalg.build/DerivedSources-normal/arm64 -Xcc -I/Users/jamesalford/Library/Developer/Xcode/DerivedData/NotedCore-ftviuoyqruynvwbzbngenbwxsygv/Build/Intermediates.noindex/mlx-swift.build/Debug-iphonesimulator/MLXLinalg.build/DerivedSources/arm64 -Xcc -I/Users/jamesalford/Library/Developer/Xcode/DerivedData/NotedCore-ftviuoyqruynvwbzbngenbwxsygv/Build/Intermediates.noindex/mlx-swift.build/Debug-iphonesimulator/MLXLinalg.build/DerivedSources -Xcc -DSWIFT_PACKAGE -Xcc -DDEBUG\=1 -emit-objc-header -emit-objc-header-path /Users/jamesalford/Library/Developer/Xcode/DerivedData/NotedCore-ftviuoyqruynvwbzbngenbwxsygv/Build/Intermediates.noindex/mlx-swift.build/Debug-iphonesimulator/MLXLinalg.build/Objects-normal/arm64/MLXLinalg-Swift.h -working-directory /Users/jamesalford/Documents/NotedCore/NotedCore.xcodeproj -experimental-emit-module-separately -disable-cmo

SwiftDriverJobDiscovery normal arm64 Compiling FFT.swift (in target 'MLXFFT' from project 'mlx-swift')

SwiftDriver\ Compilation MLXFast normal arm64 com.apple.xcode.tools.swift.compiler (in target 'MLXFast' from project 'mlx-swift')
    cd /Users/jamesalford/Documents/NotedCore/NotedCore.xcodeproj
    builtin-Swift-Compilation -- /Applications/Xcode.app/Contents/Developer/Toolchains/XcodeDefault.xctoolchain/usr/bin/swiftc -module-name MLXFast -Onone -enforce-exclusivity\=checked @/Users/jamesalford/Library/Developer/Xcode/DerivedData/NotedCore-ftviuoyqruynvwbzbngenbwxsygv/Build/Intermediates.noindex/mlx-swift.build/Debug-iphonesimulator/MLXFast.build/Objects-normal/arm64/MLXFast.SwiftFileList -DSWIFT_PACKAGE -DDEBUG -DSWIFT_MODULE_RESOURCE_BUNDLE_UNAVAILABLE -DXcode -enable-experimental-feature StrictConcurrency -plugin-path /Applications/Xcode.app/Contents/Developer/Toolchains/XcodeDefault.xctoolchain/usr/lib/swift/host/plugins/testing -enable-experimental-feature DebugDescriptionMacro -sdk /Applications/Xcode.app/Contents/Developer/Platforms/iPhoneSimulator.platform/Developer/SDKs/iPhoneSimulator26.0.sdk -target arm64-apple-ios16.0-simulator -g -module-cache-path /Users/jamesalford/Library/Developer/Xcode/DerivedData/ModuleCache.noindex -Xfrontend -serialize-debugging-options -profile-coverage-mapping -profile-generate -enable-testing -suppress-warnings -index-store-path /Users/jamesalford/Library/Developer/Xcode/DerivedData/NotedCore-ftviuoyqruynvwbzbngenbwxsygv/Index.noindex/DataStore -Xcc -D_LIBCPP_HARDENING_MODE\=_LIBCPP_HARDENING_MODE_DEBUG -swift-version 5 -I /Users/jamesalford/Library/Developer/Xcode/DerivedData/NotedCore-ftviuoyqruynvwbzbngenbwxsygv/Build/Products/Debug-iphonesimulator -Isystem /Applications/Xcode.app/Contents/Developer/Platforms/iPhoneSimulator.platform/Developer/usr/lib -F /Users/jamesalford/Library/Developer/Xcode/DerivedData/NotedCore-ftviuoyqruynvwbzbngenbwxsygv/Build/Products/Debug-iphonesimulator/PackageFrameworks -F /Users/jamesalford/Library/Developer/Xcode/DerivedData/NotedCore-ftviuoyqruynvwbzbngenbwxsygv/Build/Products/Debug-iphonesimulator/PackageFrameworks -F /Users/jamesalford/Library/Developer/Xcode/DerivedData/NotedCore-ftviuoyqruynvwbzbngenbwxsygv/Build/Products/Debug-iphonesimulator/PackageFrameworks -F /Users/jamesalford/Library/Developer/Xcode/DerivedData/NotedCore-ftviuoyqruynvwbzbngenbwxsygv/Build/Products/Debug-iphonesimulator/PackageFrameworks -F /Users/jamesalford/Library/Developer/Xcode/DerivedData/NotedCore-ftviuoyqruynvwbzbngenbwxsygv/Build/Products/Debug-iphonesimulator/PackageFrameworks -F /Users/jamesalford/Library/Developer/Xcode/DerivedData/NotedCore-ftviuoyqruynvwbzbngenbwxsygv/Build/Products/Debug-iphonesimulator/PackageFrameworks -F /Users/jamesalford/Library/Developer/Xcode/DerivedData/NotedCore-ftviuoyqruynvwbzbngenbwxsygv/Build/Products/Debug-iphonesimulator -F /Applications/Xcode.app/Contents/Developer/Platforms/iPhoneSimulator.platform/Developer/Library/Frameworks -F /Applications/Xcode.app/Contents/Developer/Platforms/iPhoneSimulator.platform/Developer/SDKs/iPhoneSimulator26.0.sdk/Developer/Library/Frameworks -c -j14 -enable-batch-mode -incremental -Xcc -ivfsstatcache -Xcc /Users/jamesalford/Library/Developer/Xcode/DerivedData/SDKStatCaches.noindex/iphonesimulator26.0-23A339-3885c01c3e6b6a337905948deab2002e26257891a6c027eb51374368541b8346.sdkstatcache -output-file-map /Users/jamesalford/Library/Developer/Xcode/DerivedData/NotedCore-ftviuoyqruynvwbzbngenbwxsygv/Build/Intermediates.noindex/mlx-swift.build/Debug-iphonesimulator/MLXFast.build/Objects-normal/arm64/MLXFast-OutputFileMap.json -use-frontend-parseable-output -save-temps -no-color-diagnostics -explicit-module-build -module-cache-path /Users/jamesalford/Library/Developer/Xcode/DerivedData/NotedCore-ftviuoyqruynvwbzbngenbwxsygv/Build/Intermediates.noindex/SwiftExplicitPrecompiledModules -clang-scanner-module-cache-path /Users/jamesalford/Library/Developer/Xcode/DerivedData/ModuleCache.noindex -sdk-module-cache-path /Users/jamesalford/Library/Developer/Xcode/DerivedData/ModuleCache.noindex -serialize-diagnostics -emit-dependencies -emit-module -emit-module-path /Users/jamesalford/Library/Developer/Xcode/DerivedData/NotedCore-ftviuoyqruynvwbzbngenbwxsygv/Build/Intermediates.noindex/mlx-swift.build/Debug-iphonesimulator/MLXFast.build/Objects-normal/arm64/MLXFast.swiftmodule -validate-clang-modules-once -clang-build-session-file /Users/jamesalford/Library/Developer/Xcode/DerivedData/ModuleCache.noindex/Session.modulevalidation -package-name mlx_swift -Xcc -I/Users/jamesalford/Library/Developer/Xcode/DerivedData/NotedCore-ftviuoyqruynvwbzbngenbwxsygv/Build/Intermediates.noindex/mlx-swift.build/Debug-iphonesimulator/MLXFast.build/swift-overrides.hmap -emit-const-values -Xfrontend -const-gather-protocols-file -Xfrontend /Users/jamesalford/Library/Developer/Xcode/DerivedData/NotedCore-ftviuoyqruynvwbzbngenbwxsygv/Build/Intermediates.noindex/mlx-swift.build/Debug-iphonesimulator/MLXFast.build/Objects-normal/arm64/MLXFast_const_extract_protocols.json -Xcc -I/Users/jamesalford/Library/Developer/Xcode/DerivedData/NotedCore-ftviuoyqruynvwbzbngenbwxsygv/SourcePackages/checkouts/swift-numerics/Sources/_NumericsShims/include -Xcc -I/Users/jamesalford/Library/Developer/Xcode/DerivedData/NotedCore-ftviuoyqruynvwbzbngenbwxsygv/SourcePackages/checkouts/mlx-swift/Source/Cmlx/include -Xcc -I/Users/jamesalford/Library/Developer/Xcode/DerivedData/NotedCore-ftviuoyqruynvwbzbngenbwxsygv/Build/Products/Debug-iphonesimulator/include -Xcc -I/Users/jamesalford/Library/Developer/Xcode/DerivedData/NotedCore-ftviuoyqruynvwbzbngenbwxsygv/Build/Intermediates.noindex/mlx-swift.build/Debug-iphonesimulator/MLXFast.build/DerivedSources-normal/arm64 -Xcc -I/Users/jamesalford/Library/Developer/Xcode/DerivedData/NotedCore-ftviuoyqruynvwbzbngenbwxsygv/Build/Intermediates.noindex/mlx-swift.build/Debug-iphonesimulator/MLXFast.build/DerivedSources/arm64 -Xcc -I/Users/jamesalford/Library/Developer/Xcode/DerivedData/NotedCore-ftviuoyqruynvwbzbngenbwxsygv/Build/Intermediates.noindex/mlx-swift.build/Debug-iphonesimulator/MLXFast.build/DerivedSources -Xcc -DSWIFT_PACKAGE -Xcc -DDEBUG\=1 -emit-objc-header -emit-objc-header-path /Users/jamesalford/Library/Developer/Xcode/DerivedData/NotedCore-ftviuoyqruynvwbzbngenbwxsygv/Build/Intermediates.noindex/mlx-swift.build/Debug-iphonesimulator/MLXFast.build/Objects-normal/arm64/MLXFast-Swift.h -working-directory /Users/jamesalford/Documents/NotedCore/NotedCore.xcodeproj -experimental-emit-module-separately -disable-cmo

SwiftDriver\ Compilation MLXFFT normal arm64 com.apple.xcode.tools.swift.compiler (in target 'MLXFFT' from project 'mlx-swift')
    cd /Users/jamesalford/Documents/NotedCore/NotedCore.xcodeproj
    builtin-Swift-Compilation -- /Applications/Xcode.app/Contents/Developer/Toolchains/XcodeDefault.xctoolchain/usr/bin/swiftc -module-name MLXFFT -Onone -enforce-exclusivity\=checked @/Users/jamesalford/Library/Developer/Xcode/DerivedData/NotedCore-ftviuoyqruynvwbzbngenbwxsygv/Build/Intermediates.noindex/mlx-swift.build/Debug-iphonesimulator/MLXFFT.build/Objects-normal/arm64/MLXFFT.SwiftFileList -DSWIFT_PACKAGE -DDEBUG -DSWIFT_MODULE_RESOURCE_BUNDLE_UNAVAILABLE -DXcode -enable-experimental-feature StrictConcurrency -plugin-path /Applications/Xcode.app/Contents/Developer/Toolchains/XcodeDefault.xctoolchain/usr/lib/swift/host/plugins/testing -enable-experimental-feature DebugDescriptionMacro -sdk /Applications/Xcode.app/Contents/Developer/Platforms/iPhoneSimulator.platform/Developer/SDKs/iPhoneSimulator26.0.sdk -target arm64-apple-ios16.0-simulator -g -module-cache-path /Users/jamesalford/Library/Developer/Xcode/DerivedData/ModuleCache.noindex -Xfrontend -serialize-debugging-options -profile-coverage-mapping -profile-generate -enable-testing -suppress-warnings -index-store-path /Users/jamesalford/Library/Developer/Xcode/DerivedData/NotedCore-ftviuoyqruynvwbzbngenbwxsygv/Index.noindex/DataStore -Xcc -D_LIBCPP_HARDENING_MODE\=_LIBCPP_HARDENING_MODE_DEBUG -swift-version 5 -I /Users/jamesalford/Library/Developer/Xcode/DerivedData/NotedCore-ftviuoyqruynvwbzbngenbwxsygv/Build/Products/Debug-iphonesimulator -Isystem /Applications/Xcode.app/Contents/Developer/Platforms/iPhoneSimulator.platform/Developer/usr/lib -F /Users/jamesalford/Library/Developer/Xcode/DerivedData/NotedCore-ftviuoyqruynvwbzbngenbwxsygv/Build/Products/Debug-iphonesimulator/PackageFrameworks -F /Users/jamesalford/Library/Developer/Xcode/DerivedData/NotedCore-ftviuoyqruynvwbzbngenbwxsygv/Build/Products/Debug-iphonesimulator/PackageFrameworks -F /Users/jamesalford/Library/Developer/Xcode/DerivedData/NotedCore-ftviuoyqruynvwbzbngenbwxsygv/Build/Products/Debug-iphonesimulator/PackageFrameworks -F /Users/jamesalford/Library/Developer/Xcode/DerivedData/NotedCore-ftviuoyqruynvwbzbngenbwxsygv/Build/Products/Debug-iphonesimulator/PackageFrameworks -F /Users/jamesalford/Library/Developer/Xcode/DerivedData/NotedCore-ftviuoyqruynvwbzbngenbwxsygv/Build/Products/Debug-iphonesimulator/PackageFrameworks -F /Users/jamesalford/Library/Developer/Xcode/DerivedData/NotedCore-ftviuoyqruynvwbzbngenbwxsygv/Build/Products/Debug-iphonesimulator/PackageFrameworks -F /Users/jamesalford/Library/Developer/Xcode/DerivedData/NotedCore-ftviuoyqruynvwbzbngenbwxsygv/Build/Products/Debug-iphonesimulator -F /Applications/Xcode.app/Contents/Developer/Platforms/iPhoneSimulator.platform/Developer/Library/Frameworks -F /Applications/Xcode.app/Contents/Developer/Platforms/iPhoneSimulator.platform/Developer/SDKs/iPhoneSimulator26.0.sdk/Developer/Library/Frameworks -parse-as-library -c -j14 -enable-batch-mode -incremental -Xcc -ivfsstatcache -Xcc /Users/jamesalford/Library/Developer/Xcode/DerivedData/SDKStatCaches.noindex/iphonesimulator26.0-23A339-3885c01c3e6b6a337905948deab2002e26257891a6c027eb51374368541b8346.sdkstatcache -output-file-map /Users/jamesalford/Library/Developer/Xcode/DerivedData/NotedCore-ftviuoyqruynvwbzbngenbwxsygv/Build/Intermediates.noindex/mlx-swift.build/Debug-iphonesimulator/MLXFFT.build/Objects-normal/arm64/MLXFFT-OutputFileMap.json -use-frontend-parseable-output -save-temps -no-color-diagnostics -explicit-module-build -module-cache-path /Users/jamesalford/Library/Developer/Xcode/DerivedData/NotedCore-ftviuoyqruynvwbzbngenbwxsygv/Build/Intermediates.noindex/SwiftExplicitPrecompiledModules -clang-scanner-module-cache-path /Users/jamesalford/Library/Developer/Xcode/DerivedData/ModuleCache.noindex -sdk-module-cache-path /Users/jamesalford/Library/Developer/Xcode/DerivedData/ModuleCache.noindex -serialize-diagnostics -emit-dependencies -emit-module -emit-module-path /Users/jamesalford/Library/Developer/Xcode/DerivedData/NotedCore-ftviuoyqruynvwbzbngenbwxsygv/Build/Intermediates.noindex/mlx-swift.build/Debug-iphonesimulator/MLXFFT.build/Objects-normal/arm64/MLXFFT.swiftmodule -validate-clang-modules-once -clang-build-session-file /Users/jamesalford/Library/Developer/Xcode/DerivedData/ModuleCache.noindex/Session.modulevalidation -package-name mlx_swift -Xcc -I/Users/jamesalford/Library/Developer/Xcode/DerivedData/NotedCore-ftviuoyqruynvwbzbngenbwxsygv/Build/Intermediates.noindex/mlx-swift.build/Debug-iphonesimulator/MLXFFT.build/swift-overrides.hmap -emit-const-values -Xfrontend -const-gather-protocols-file -Xfrontend /Users/jamesalford/Library/Developer/Xcode/DerivedData/NotedCore-ftviuoyqruynvwbzbngenbwxsygv/Build/Intermediates.noindex/mlx-swift.build/Debug-iphonesimulator/MLXFFT.build/Objects-normal/arm64/MLXFFT_const_extract_protocols.json -Xcc -I/Users/jamesalford/Library/Developer/Xcode/DerivedData/NotedCore-ftviuoyqruynvwbzbngenbwxsygv/SourcePackages/checkouts/swift-numerics/Sources/_NumericsShims/include -Xcc -I/Users/jamesalford/Library/Developer/Xcode/DerivedData/NotedCore-ftviuoyqruynvwbzbngenbwxsygv/SourcePackages/checkouts/mlx-swift/Source/Cmlx/include -Xcc -I/Users/jamesalford/Library/Developer/Xcode/DerivedData/NotedCore-ftviuoyqruynvwbzbngenbwxsygv/Build/Products/Debug-iphonesimulator/include -Xcc -I/Users/jamesalford/Library/Developer/Xcode/DerivedData/NotedCore-ftviuoyqruynvwbzbngenbwxsygv/Build/Intermediates.noindex/mlx-swift.build/Debug-iphonesimulator/MLXFFT.build/DerivedSources-normal/arm64 -Xcc -I/Users/jamesalford/Library/Developer/Xcode/DerivedData/NotedCore-ftviuoyqruynvwbzbngenbwxsygv/Build/Intermediates.noindex/mlx-swift.build/Debug-iphonesimulator/MLXFFT.build/DerivedSources/arm64 -Xcc -I/Users/jamesalford/Library/Developer/Xcode/DerivedData/NotedCore-ftviuoyqruynvwbzbngenbwxsygv/Build/Intermediates.noindex/mlx-swift.build/Debug-iphonesimulator/MLXFFT.build/DerivedSources -Xcc -DSWIFT_PACKAGE -Xcc -DDEBUG\=1 -emit-objc-header -emit-objc-header-path /Users/jamesalford/Library/Developer/Xcode/DerivedData/NotedCore-ftviuoyqruynvwbzbngenbwxsygv/Build/Intermediates.noindex/mlx-swift.build/Debug-iphonesimulator/MLXFFT.build/Objects-normal/arm64/MLXFFT-Swift.h -working-directory /Users/jamesalford/Documents/NotedCore/NotedCore.xcodeproj -experimental-emit-module-separately -disable-cmo

Ld /Users/jamesalford/Library/Developer/Xcode/DerivedData/NotedCore-ftviuoyqruynvwbzbngenbwxsygv/Build/Products/Debug-iphonesimulator/ArgumentParser.o normal (in target 'ArgumentParser' from project 'swift-argument-parser')
    cd /Users/jamesalford/Library/Developer/Xcode/DerivedData/NotedCore-ftviuoyqruynvwbzbngenbwxsygv/SourcePackages/checkouts/swift-argument-parser
    /Applications/Xcode.app/Contents/Developer/Toolchains/XcodeDefault.xctoolchain/usr/bin/clang -Xlinker -reproducible -target arm64-apple-ios12.0-simulator -r -isysroot /Applications/Xcode.app/Contents/Developer/Platforms/iPhoneSimulator.platform/Developer/SDKs/iPhoneSimulator26.0.sdk -O0 -w -L/Users/jamesalford/Library/Developer/Xcode/DerivedData/NotedCore-ftviuoyqruynvwbzbngenbwxsygv/Build/Intermediates.noindex/EagerLinkingTBDs/Debug-iphonesimulator -L/Users/jamesalford/Library/Developer/Xcode/DerivedData/NotedCore-ftviuoyqruynvwbzbngenbwxsygv/Build/Products/Debug-iphonesimulator -L/Applications/Xcode.app/Contents/Developer/Platforms/iPhoneSimulator.platform/Developer/usr/lib -F/Users/jamesalford/Library/Developer/Xcode/DerivedData/NotedCore-ftviuoyqruynvwbzbngenbwxsygv/Build/Intermediates.noindex/EagerLinkingTBDs/Debug-iphonesimulator -F/Users/jamesalford/Library/Developer/Xcode/DerivedData/NotedCore-ftviuoyqruynvwbzbngenbwxsygv/Build/Products/Debug-iphonesimulator/PackageFrameworks -F/Users/jamesalford/Library/Developer/Xcode/DerivedData/NotedCore-ftviuoyqruynvwbzbngenbwxsygv/Build/Products/Debug-iphonesimulator -iframework /Applications/Xcode.app/Contents/Developer/Platforms/iPhoneSimulator.platform/Developer/Library/Frameworks -iframework /Applications/Xcode.app/Contents/Developer/Platforms/iPhoneSimulator.platform/Developer/SDKs/iPhoneSimulator26.0.sdk/Developer/Library/Frameworks -filelist /Users/jamesalford/Library/Developer/Xcode/DerivedData/NotedCore-ftviuoyqruynvwbzbngenbwxsygv/Build/Intermediates.noindex/swift-argument-parser.build/Debug-iphonesimulator/ArgumentParser.build/Objects-normal/arm64/ArgumentParser.LinkFileList -nostdlib -Xlinker -object_path_lto -Xlinker /Users/jamesalford/Library/Developer/Xcode/DerivedData/NotedCore-ftviuoyqruynvwbzbngenbwxsygv/Build/Intermediates.noindex/swift-argument-parser.build/Debug-iphonesimulator/ArgumentParser.build/Objects-normal/arm64/ArgumentParser_lto.o -rdynamic -Xlinker -no_deduplicate -Xlinker -objc_abi_version -Xlinker 2 -Xlinker -debug_variant -Xlinker -dependency_info -Xlinker /Users/jamesalford/Library/Developer/Xcode/DerivedData/NotedCore-ftviuoyqruynvwbzbngenbwxsygv/Build/Intermediates.noindex/swift-argument-parser.build/Debug-iphonesimulator/ArgumentParser.build/Objects-normal/arm64/ArgumentParser_dependency_info.dat -fobjc-link-runtime -L/Applications/Xcode.app/Contents/Developer/Toolchains/XcodeDefault.xctoolchain/usr/lib/swift/iphonesimulator -L/usr/lib/swift -Xlinker -add_ast_path -Xlinker /Users/jamesalford/Library/Developer/Xcode/DerivedData/NotedCore-ftviuoyqruynvwbzbngenbwxsygv/Build/Intermediates.noindex/swift-argument-parser.build/Debug-iphonesimulator/ArgumentParser.build/Objects-normal/arm64/ArgumentParser.swiftmodule @/Users/jamesalford/Library/Developer/Xcode/DerivedData/NotedCore-ftviuoyqruynvwbzbngenbwxsygv/Build/Intermediates.noindex/swift-argument-parser.build/Debug-iphonesimulator/ArgumentParser.build/Objects-normal/arm64/ArgumentParser-linker-args.resp -o /Users/jamesalford/Library/Developer/Xcode/DerivedData/NotedCore-ftviuoyqruynvwbzbngenbwxsygv/Build/Products/Debug-iphonesimulator/ArgumentParser.o

ExtractAppIntentsMetadata (in target 'Numerics' from project 'swift-numerics')
    cd /Users/jamesalford/Library/Developer/Xcode/DerivedData/NotedCore-ftviuoyqruynvwbzbngenbwxsygv/SourcePackages/checkouts/swift-numerics
    /Applications/Xcode.app/Contents/Developer/Toolchains/XcodeDefault.xctoolchain/usr/bin/appintentsmetadataprocessor --toolchain-dir /var/run/com.apple.security.cryptexd/mnt/com.apple.MobileAsset.MetalToolchain-v17.1.324.0.6zKCg8/Metal.xctoolchain --module-name Numerics --sdk-root /Applications/Xcode.app/Contents/Developer/Platforms/iPhoneSimulator.platform/Developer/SDKs/iPhoneSimulator26.0.sdk --xcode-version 17A400 --platform-family iOS --deployment-target 12.0 --bundle-identifier swift-numerics.Numerics --output /Users/jamesalford/Library/Developer/Xcode/DerivedData/NotedCore-ftviuoyqruynvwbzbngenbwxsygv/Build/Products/Debug-iphonesimulator/Numerics.appintents --target-triple arm64-apple-ios12.0-simulator --binary-file /Users/jamesalford/Library/Developer/Xcode/DerivedData/NotedCore-ftviuoyqruynvwbzbngenbwxsygv/Build/Products/Debug-iphonesimulator/Numerics.o --dependency-file /Users/jamesalford/Library/Developer/Xcode/DerivedData/NotedCore-ftviuoyqruynvwbzbngenbwxsygv/Build/Intermediates.noindex/swift-numerics.build/Debug-iphonesimulator/Numerics.build/Objects-normal/arm64/Numerics_dependency_info.dat --stringsdata-file /Users/jamesalford/Library/Developer/Xcode/DerivedData/NotedCore-ftviuoyqruynvwbzbngenbwxsygv/Build/Intermediates.noindex/swift-numerics.build/Debug-iphonesimulator/Numerics.build/Objects-normal/arm64/ExtractedAppShortcutsMetadata.stringsdata --source-file-list /Users/jamesalford/Library/Developer/Xcode/DerivedData/NotedCore-ftviuoyqruynvwbzbngenbwxsygv/Build/Intermediates.noindex/swift-numerics.build/Debug-iphonesimulator/Numerics.build/Objects-normal/arm64/Numerics.SwiftFileList --metadata-file-list /Users/jamesalford/Library/Developer/Xcode/DerivedData/NotedCore-ftviuoyqruynvwbzbngenbwxsygv/Build/Intermediates.noindex/swift-numerics.build/Debug-iphonesimulator/Numerics.build/Numerics.DependencyMetadataFileList --static-metadata-file-list /Users/jamesalford/Library/Developer/Xcode/DerivedData/NotedCore-ftviuoyqruynvwbzbngenbwxsygv/Build/Intermediates.noindex/swift-numerics.build/Debug-iphonesimulator/Numerics.build/Numerics.DependencyStaticMetadataFileList --swift-const-vals-list /Users/jamesalford/Library/Developer/Xcode/DerivedData/NotedCore-ftviuoyqruynvwbzbngenbwxsygv/Build/Intermediates.noindex/swift-numerics.build/Debug-iphonesimulator/Numerics.build/Objects-normal/arm64/Numerics.SwiftConstValuesFileList --force --compile-time-extraction --deployment-aware-processing --validate-assistant-intents --no-app-shortcuts-localization
2025-09-28 17:43:10.567 appintentsmetadataprocessor[15061:1557617] Starting appintentsmetadataprocessor export
2025-09-28 17:43:10.684 appintentsmetadataprocessor[15061:1557617] Extracted no relevant App Intents symbols, skipping writing output

GenerateTAPI /Users/jamesalford/Library/Developer/Xcode/DerivedData/NotedCore-ftviuoyqruynvwbzbngenbwxsygv/Build/Intermediates.noindex/EagerLinkingTBDs/Debug-iphonesimulator/OrderedCollections_1222128174265B56_PackageProduct.framework/OrderedCollections_1222128174265B56_PackageProduct.tbd (in target 'OrderedCollections' from project 'swift-collections')
    cd /Users/jamesalford/Library/Developer/Xcode/DerivedData/NotedCore-ftviuoyqruynvwbzbngenbwxsygv/SourcePackages/checkouts/swift-collections
    /Applications/Xcode.app/Contents/Developer/Toolchains/XcodeDefault.xctoolchain/usr/bin/tapi stubify -isysroot /Applications/Xcode.app/Contents/Developer/Platforms/iPhoneSimulator.platform/Developer/SDKs/iPhoneSimulator26.0.sdk -F/Users/jamesalford/Library/Developer/Xcode/DerivedData/NotedCore-ftviuoyqruynvwbzbngenbwxsygv/Build/Products/Debug-iphonesimulator/PackageFrameworks -F/Users/jamesalford/Library/Developer/Xcode/DerivedData/NotedCore-ftviuoyqruynvwbzbngenbwxsygv/Build/Products/Debug-iphonesimulator/PackageFrameworks -F/Users/jamesalford/Library/Developer/Xcode/DerivedData/NotedCore-ftviuoyqruynvwbzbngenbwxsygv/Build/Products/Debug-iphonesimulator -iframework /Applications/Xcode.app/Contents/Developer/Platforms/iPhoneSimulator.platform/Developer/Library/Frameworks -iframework /Applications/Xcode.app/Contents/Developer/Platforms/iPhoneSimulator.platform/Developer/SDKs/iPhoneSimulator26.0.sdk/Developer/Library/Frameworks -L/Users/jamesalford/Library/Developer/Xcode/DerivedData/NotedCore-ftviuoyqruynvwbzbngenbwxsygv/Build/Products/Debug-iphonesimulator -L/Applications/Xcode.app/Contents/Developer/Platforms/iPhoneSimulator.platform/Developer/usr/lib /Users/jamesalford/Library/Developer/Xcode/DerivedData/NotedCore-ftviuoyqruynvwbzbngenbwxsygv/Build/Products/Debug-iphonesimulator/PackageFrameworks/OrderedCollections_1222128174265B56_PackageProduct.framework/OrderedCollections_1222128174265B56_PackageProduct -o /Users/jamesalford/Library/Developer/Xcode/DerivedData/NotedCore-ftviuoyqruynvwbzbngenbwxsygv/Build/Intermediates.noindex/EagerLinkingTBDs/Debug-iphonesimulator/OrderedCollections_1222128174265B56_PackageProduct.framework/OrderedCollections_1222128174265B56_PackageProduct.tbd

SwiftDriverJobDiscovery normal arm64 Compiling Utilities.swift (in target 'Jinja' from project 'Jinja')

SwiftDriver MLXNN normal arm64 com.apple.xcode.tools.swift.compiler (in target 'MLXNN' from project 'mlx-swift')
    cd /Users/jamesalford/Documents/NotedCore/NotedCore.xcodeproj
    builtin-SwiftDriver -- /Applications/Xcode.app/Contents/Developer/Toolchains/XcodeDefault.xctoolchain/usr/bin/swiftc -module-name MLXNN -Onone -enforce-exclusivity\=checked @/Users/jamesalford/Library/Developer/Xcode/DerivedData/NotedCore-ftviuoyqruynvwbzbngenbwxsygv/Build/Intermediates.noindex/mlx-swift.build/Debug-iphonesimulator/MLXNN.build/Objects-normal/arm64/MLXNN.SwiftFileList -DSWIFT_PACKAGE -DDEBUG -DSWIFT_MODULE_RESOURCE_BUNDLE_UNAVAILABLE -DXcode -enable-experimental-feature StrictConcurrency -plugin-path /Applications/Xcode.app/Contents/Developer/Toolchains/XcodeDefault.xctoolchain/usr/lib/swift/host/plugins/testing -enable-experimental-feature DebugDescriptionMacro -sdk /Applications/Xcode.app/Contents/Developer/Platforms/iPhoneSimulator.platform/Developer/SDKs/iPhoneSimulator26.0.sdk -target arm64-apple-ios16.0-simulator -g -module-cache-path /Users/jamesalford/Library/Developer/Xcode/DerivedData/ModuleCache.noindex -Xfrontend -serialize-debugging-options -profile-coverage-mapping -profile-generate -enable-testing -suppress-warnings -index-store-path /Users/jamesalford/Library/Developer/Xcode/DerivedData/NotedCore-ftviuoyqruynvwbzbngenbwxsygv/Index.noindex/DataStore -Xcc -D_LIBCPP_HARDENING_MODE\=_LIBCPP_HARDENING_MODE_DEBUG -swift-version 5 -I /Users/jamesalford/Library/Developer/Xcode/DerivedData/NotedCore-ftviuoyqruynvwbzbngenbwxsygv/Build/Products/Debug-iphonesimulator -Isystem /Applications/Xcode.app/Contents/Developer/Platforms/iPhoneSimulator.platform/Developer/usr/lib -F /Users/jamesalford/Library/Developer/Xcode/DerivedData/NotedCore-ftviuoyqruynvwbzbngenbwxsygv/Build/Products/Debug-iphonesimulator/PackageFrameworks -F /Users/jamesalford/Library/Developer/Xcode/DerivedData/NotedCore-ftviuoyqruynvwbzbngenbwxsygv/Build/Products/Debug-iphonesimulator/PackageFrameworks -F /Users/jamesalford/Library/Developer/Xcode/DerivedData/NotedCore-ftviuoyqruynvwbzbngenbwxsygv/Build/Products/Debug-iphonesimulator/PackageFrameworks -F /Users/jamesalford/Library/Developer/Xcode/DerivedData/NotedCore-ftviuoyqruynvwbzbngenbwxsygv/Build/Products/Debug-iphonesimulator/PackageFrameworks -F /Users/jamesalford/Library/Developer/Xcode/DerivedData/NotedCore-ftviuoyqruynvwbzbngenbwxsygv/Build/Products/Debug-iphonesimulator/PackageFrameworks -F /Users/jamesalford/Library/Developer/Xcode/DerivedData/NotedCore-ftviuoyqruynvwbzbngenbwxsygv/Build/Products/Debug-iphonesimulator/PackageFrameworks -F /Users/jamesalford/Library/Developer/Xcode/DerivedData/NotedCore-ftviuoyqruynvwbzbngenbwxsygv/Build/Products/Debug-iphonesimulator/PackageFrameworks -F /Users/jamesalford/Library/Developer/Xcode/DerivedData/NotedCore-ftviuoyqruynvwbzbngenbwxsygv/Build/Products/Debug-iphonesimulator/PackageFrameworks -F /Users/jamesalford/Library/Developer/Xcode/DerivedData/NotedCore-ftviuoyqruynvwbzbngenbwxsygv/Build/Products/Debug-iphonesimulator -F /Applications/Xcode.app/Contents/Developer/Platforms/iPhoneSimulator.platform/Developer/Library/Frameworks -F /Applications/Xcode.app/Contents/Developer/Platforms/iPhoneSimulator.platform/Developer/SDKs/iPhoneSimulator26.0.sdk/Developer/Library/Frameworks -c -j14 -enable-batch-mode -incremental -Xcc -ivfsstatcache -Xcc /Users/jamesalford/Library/Developer/Xcode/DerivedData/SDKStatCaches.noindex/iphonesimulator26.0-23A339-3885c01c3e6b6a337905948deab2002e26257891a6c027eb51374368541b8346.sdkstatcache -output-file-map /Users/jamesalford/Library/Developer/Xcode/DerivedData/NotedCore-ftviuoyqruynvwbzbngenbwxsygv/Build/Intermediates.noindex/mlx-swift.build/Debug-iphonesimulator/MLXNN.build/Objects-normal/arm64/MLXNN-OutputFileMap.json -use-frontend-parseable-output -save-temps -no-color-diagnostics -explicit-module-build -module-cache-path /Users/jamesalford/Library/Developer/Xcode/DerivedData/NotedCore-ftviuoyqruynvwbzbngenbwxsygv/Build/Intermediates.noindex/SwiftExplicitPrecompiledModules -clang-scanner-module-cache-path /Users/jamesalford/Library/Developer/Xcode/DerivedData/ModuleCache.noindex -sdk-module-cache-path /Users/jamesalford/Library/Developer/Xcode/DerivedData/ModuleCache.noindex -serialize-diagnostics -emit-dependencies -emit-module -emit-module-path /Users/jamesalford/Library/Developer/Xcode/DerivedData/NotedCore-ftviuoyqruynvwbzbngenbwxsygv/Build/Intermediates.noindex/mlx-swift.build/Debug-iphonesimulator/MLXNN.build/Objects-normal/arm64/MLXNN.swiftmodule -validate-clang-modules-once -clang-build-session-file /Users/jamesalford/Library/Developer/Xcode/DerivedData/ModuleCache.noindex/Session.modulevalidation -package-name mlx_swift -Xcc -I/Users/jamesalford/Library/Developer/Xcode/DerivedData/NotedCore-ftviuoyqruynvwbzbngenbwxsygv/Build/Intermediates.noindex/mlx-swift.build/Debug-iphonesimulator/MLXNN.build/swift-overrides.hmap -emit-const-values -Xfrontend -const-gather-protocols-file -Xfrontend /Users/jamesalford/Library/Developer/Xcode/DerivedData/NotedCore-ftviuoyqruynvwbzbngenbwxsygv/Build/Intermediates.noindex/mlx-swift.build/Debug-iphonesimulator/MLXNN.build/Objects-normal/arm64/MLXNN_const_extract_protocols.json -Xcc -I/Users/jamesalford/Library/Developer/Xcode/DerivedData/NotedCore-ftviuoyqruynvwbzbngenbwxsygv/SourcePackages/checkouts/swift-numerics/Sources/_NumericsShims/include -Xcc -I/Users/jamesalford/Library/Developer/Xcode/DerivedData/NotedCore-ftviuoyqruynvwbzbngenbwxsygv/SourcePackages/checkouts/mlx-swift/Source/Cmlx/include -Xcc -I/Users/jamesalford/Library/Developer/Xcode/DerivedData/NotedCore-ftviuoyqruynvwbzbngenbwxsygv/Build/Products/Debug-iphonesimulator/include -Xcc -I/Users/jamesalford/Library/Developer/Xcode/DerivedData/NotedCore-ftviuoyqruynvwbzbngenbwxsygv/Build/Intermediates.noindex/mlx-swift.build/Debug-iphonesimulator/MLXNN.build/DerivedSources-normal/arm64 -Xcc -I/Users/jamesalford/Library/Developer/Xcode/DerivedData/NotedCore-ftviuoyqruynvwbzbngenbwxsygv/Build/Intermediates.noindex/mlx-swift.build/Debug-iphonesimulator/MLXNN.build/DerivedSources/arm64 -Xcc -I/Users/jamesalford/Library/Developer/Xcode/DerivedData/NotedCore-ftviuoyqruynvwbzbngenbwxsygv/Build/Intermediates.noindex/mlx-swift.build/Debug-iphonesimulator/MLXNN.build/DerivedSources -Xcc -DSWIFT_PACKAGE -Xcc -DDEBUG\=1 -emit-objc-header -emit-objc-header-path /Users/jamesalford/Library/Developer/Xcode/DerivedData/NotedCore-ftviuoyqruynvwbzbngenbwxsygv/Build/Intermediates.noindex/mlx-swift.build/Debug-iphonesimulator/MLXNN.build/Objects-normal/arm64/MLXNN-Swift.h -working-directory /Users/jamesalford/Documents/NotedCore/NotedCore.xcodeproj -experimental-emit-module-separately -disable-cmo

RegisterExecutionPolicyException /Users/jamesalford/Library/Developer/Xcode/DerivedData/NotedCore-ftviuoyqruynvwbzbngenbwxsygv/Build/Products/Debug-iphonesimulator/PackageFrameworks/OrderedCollections_1222128174265B56_PackageProduct.framework (in target 'OrderedCollections' from project 'swift-collections')
    cd /Users/jamesalford/Library/Developer/Xcode/DerivedData/NotedCore-ftviuoyqruynvwbzbngenbwxsygv/SourcePackages/checkouts/swift-collections
    builtin-RegisterExecutionPolicyException /Users/jamesalford/Library/Developer/Xcode/DerivedData/NotedCore-ftviuoyqruynvwbzbngenbwxsygv/Build/Products/Debug-iphonesimulator/PackageFrameworks/OrderedCollections_1222128174265B56_PackageProduct.framework

SwiftDriverJobDiscovery normal arm64 Compiling Template.swift (in target 'Jinja' from project 'Jinja')

ExtractAppIntentsMetadata (in target 'ArgumentParser' from project 'swift-argument-parser')
    cd /Users/jamesalford/Library/Developer/Xcode/DerivedData/NotedCore-ftviuoyqruynvwbzbngenbwxsygv/SourcePackages/checkouts/swift-argument-parser
    /Applications/Xcode.app/Contents/Developer/Toolchains/XcodeDefault.xctoolchain/usr/bin/appintentsmetadataprocessor --toolchain-dir /var/run/com.apple.security.cryptexd/mnt/com.apple.MobileAsset.MetalToolchain-v17.1.324.0.6zKCg8/Metal.xctoolchain --module-name ArgumentParser --sdk-root /Applications/Xcode.app/Contents/Developer/Platforms/iPhoneSimulator.platform/Developer/SDKs/iPhoneSimulator26.0.sdk --xcode-version 17A400 --platform-family iOS --deployment-target 12.0 --bundle-identifier swift-argument-parser.ArgumentParser --output /Users/jamesalford/Library/Developer/Xcode/DerivedData/NotedCore-ftviuoyqruynvwbzbngenbwxsygv/Build/Products/Debug-iphonesimulator/ArgumentParser.appintents --target-triple arm64-apple-ios12.0-simulator --binary-file /Users/jamesalford/Library/Developer/Xcode/DerivedData/NotedCore-ftviuoyqruynvwbzbngenbwxsygv/Build/Products/Debug-iphonesimulator/ArgumentParser.o --dependency-file /Users/jamesalford/Library/Developer/Xcode/DerivedData/NotedCore-ftviuoyqruynvwbzbngenbwxsygv/Build/Intermediates.noindex/swift-argument-parser.build/Debug-iphonesimulator/ArgumentParser.build/Objects-normal/arm64/ArgumentParser_dependency_info.dat --stringsdata-file /Users/jamesalford/Library/Developer/Xcode/DerivedData/NotedCore-ftviuoyqruynvwbzbngenbwxsygv/Build/Intermediates.noindex/swift-argument-parser.build/Debug-iphonesimulator/ArgumentParser.build/Objects-normal/arm64/ExtractedAppShortcutsMetadata.stringsdata --source-file-list /Users/jamesalford/Library/Developer/Xcode/DerivedData/NotedCore-ftviuoyqruynvwbzbngenbwxsygv/Build/Intermediates.noindex/swift-argument-parser.build/Debug-iphonesimulator/ArgumentParser.build/Objects-normal/arm64/ArgumentParser.SwiftFileList --metadata-file-list /Users/jamesalford/Library/Developer/Xcode/DerivedData/NotedCore-ftviuoyqruynvwbzbngenbwxsygv/Build/Intermediates.noindex/swift-argument-parser.build/Debug-iphonesimulator/ArgumentParser.build/ArgumentParser.DependencyMetadataFileList --static-metadata-file-list /Users/jamesalford/Library/Developer/Xcode/DerivedData/NotedCore-ftviuoyqruynvwbzbngenbwxsygv/Build/Intermediates.noindex/swift-argument-parser.build/Debug-iphonesimulator/ArgumentParser.build/ArgumentParser.DependencyStaticMetadataFileList --swift-const-vals-list /Users/jamesalford/Library/Developer/Xcode/DerivedData/NotedCore-ftviuoyqruynvwbzbngenbwxsygv/Build/Intermediates.noindex/swift-argument-parser.build/Debug-iphonesimulator/ArgumentParser.build/Objects-normal/arm64/ArgumentParser.SwiftConstValuesFileList --force --compile-time-extraction --deployment-aware-processing --validate-assistant-intents --no-app-shortcuts-localization
2025-09-28 17:43:10.627 appintentsmetadataprocessor[15073:1557648] Starting appintentsmetadataprocessor export
2025-09-28 17:43:10.744 appintentsmetadataprocessor[15073:1557648] Extracted no relevant App Intents symbols, skipping writing output

SwiftDriverJobDiscovery normal arm64 Compiling StringExtension.swift (in target 'Jinja' from project 'Jinja')

Touch /Users/jamesalford/Library/Developer/Xcode/DerivedData/NotedCore-ftviuoyqruynvwbzbngenbwxsygv/Build/Products/Debug-iphonesimulator/PackageFrameworks/OrderedCollections_1222128174265B56_PackageProduct.framework (in target 'OrderedCollections' from project 'swift-collections')
    cd /Users/jamesalford/Library/Developer/Xcode/DerivedData/NotedCore-ftviuoyqruynvwbzbngenbwxsygv/SourcePackages/checkouts/swift-collections
    /usr/bin/touch -c /Users/jamesalford/Library/Developer/Xcode/DerivedData/NotedCore-ftviuoyqruynvwbzbngenbwxsygv/Build/Products/Debug-iphonesimulator/PackageFrameworks/OrderedCollections_1222128174265B56_PackageProduct.framework

SwiftDriverJobDiscovery normal arm64 Compiling Ast.swift (in target 'Jinja' from project 'Jinja')

RegisterExecutionPolicyException /Users/jamesalford/Library/Developer/Xcode/DerivedData/NotedCore-ftviuoyqruynvwbzbngenbwxsygv/Build/Products/Debug-iphonesimulator/Numerics.o (in target 'Numerics' from project 'swift-numerics')
    cd /Users/jamesalford/Library/Developer/Xcode/DerivedData/NotedCore-ftviuoyqruynvwbzbngenbwxsygv/SourcePackages/checkouts/swift-numerics
    builtin-RegisterExecutionPolicyException /Users/jamesalford/Library/Developer/Xcode/DerivedData/NotedCore-ftviuoyqruynvwbzbngenbwxsygv/Build/Products/Debug-iphonesimulator/Numerics.o

SwiftCompile normal arm64 Compiling\ Containers.swift,\ Convolution.swift /Users/jamesalford/Library/Developer/Xcode/DerivedData/NotedCore-ftviuoyqruynvwbzbngenbwxsygv/SourcePackages/checkouts/mlx-swift/Source/MLXNN/Containers.swift /Users/jamesalford/Library/Developer/Xcode/DerivedData/NotedCore-ftviuoyqruynvwbzbngenbwxsygv/SourcePackages/checkouts/mlx-swift/Source/MLXNN/Convolution.swift (in target 'MLXNN' from project 'mlx-swift')

SwiftCompile normal arm64 /Users/jamesalford/Library/Developer/Xcode/DerivedData/NotedCore-ftviuoyqruynvwbzbngenbwxsygv/SourcePackages/checkouts/mlx-swift/Source/MLXNN/Containers.swift (in target 'MLXNN' from project 'mlx-swift')
    cd /Users/jamesalford/Documents/NotedCore/NotedCore.xcodeproj
    

SwiftCompile normal arm64 /Users/jamesalford/Library/Developer/Xcode/DerivedData/NotedCore-ftviuoyqruynvwbzbngenbwxsygv/SourcePackages/checkouts/mlx-swift/Source/MLXNN/Convolution.swift (in target 'MLXNN' from project 'mlx-swift')
    cd /Users/jamesalford/Documents/NotedCore/NotedCore.xcodeproj
    

SwiftEmitModule normal arm64 Emitting\ module\ for\ MLXNN (in target 'MLXNN' from project 'mlx-swift')

EmitSwiftModule normal arm64 (in target 'MLXNN' from project 'mlx-swift')
    cd /Users/jamesalford/Documents/NotedCore/NotedCore.xcodeproj
    

SwiftCompile normal arm64 Compiling\ Embedding.swift,\ Linear.swift /Users/jamesalford/Library/Developer/Xcode/DerivedData/NotedCore-ftviuoyqruynvwbzbngenbwxsygv/SourcePackages/checkouts/mlx-swift/Source/MLXNN/Embedding.swift /Users/jamesalford/Library/Developer/Xcode/DerivedData/NotedCore-ftviuoyqruynvwbzbngenbwxsygv/SourcePackages/checkouts/mlx-swift/Source/MLXNN/Linear.swift (in target 'MLXNN' from project 'mlx-swift')

SwiftCompile normal arm64 /Users/jamesalford/Library/Developer/Xcode/DerivedData/NotedCore-ftviuoyqruynvwbzbngenbwxsygv/SourcePackages/checkouts/mlx-swift/Source/MLXNN/Embedding.swift (in target 'MLXNN' from project 'mlx-swift')
    cd /Users/jamesalford/Documents/NotedCore/NotedCore.xcodeproj
    

SwiftCompile normal arm64 /Users/jamesalford/Library/Developer/Xcode/DerivedData/NotedCore-ftviuoyqruynvwbzbngenbwxsygv/SourcePackages/checkouts/mlx-swift/Source/MLXNN/Linear.swift (in target 'MLXNN' from project 'mlx-swift')
    cd /Users/jamesalford/Documents/NotedCore/NotedCore.xcodeproj
    

SwiftCompile normal arm64 Compiling\ Module.swift /Users/jamesalford/Library/Developer/Xcode/DerivedData/NotedCore-ftviuoyqruynvwbzbngenbwxsygv/SourcePackages/checkouts/mlx-swift/Source/MLXNN/Module.swift (in target 'MLXNN' from project 'mlx-swift')

SwiftCompile normal arm64 /Users/jamesalford/Library/Developer/Xcode/DerivedData/NotedCore-ftviuoyqruynvwbzbngenbwxsygv/SourcePackages/checkouts/mlx-swift/Source/MLXNN/Module.swift (in target 'MLXNN' from project 'mlx-swift')
    cd /Users/jamesalford/Documents/NotedCore/NotedCore.xcodeproj
    

SwiftCompile normal arm64 Compiling\ PositionalEncoding.swift /Users/jamesalford/Library/Developer/Xcode/DerivedData/NotedCore-ftviuoyqruynvwbzbngenbwxsygv/SourcePackages/checkouts/mlx-swift/Source/MLXNN/PositionalEncoding.swift (in target 'MLXNN' from project 'mlx-swift')

SwiftCompile normal arm64 /Users/jamesalford/Library/Developer/Xcode/DerivedData/NotedCore-ftviuoyqruynvwbzbngenbwxsygv/SourcePackages/checkouts/mlx-swift/Source/MLXNN/PositionalEncoding.swift (in target 'MLXNN' from project 'mlx-swift')
    cd /Users/jamesalford/Documents/NotedCore/NotedCore.xcodeproj
    

SwiftCompile normal arm64 Compiling\ Quantized.swift /Users/jamesalford/Library/Developer/Xcode/DerivedData/NotedCore-ftviuoyqruynvwbzbngenbwxsygv/SourcePackages/checkouts/mlx-swift/Source/MLXNN/Quantized.swift (in target 'MLXNN' from project 'mlx-swift')

SwiftCompile normal arm64 /Users/jamesalford/Library/Developer/Xcode/DerivedData/NotedCore-ftviuoyqruynvwbzbngenbwxsygv/SourcePackages/checkouts/mlx-swift/Source/MLXNN/Quantized.swift (in target 'MLXNN' from project 'mlx-swift')
    cd /Users/jamesalford/Documents/NotedCore/NotedCore.xcodeproj
    

SwiftCompile normal arm64 Compiling\ Normalization.swift /Users/jamesalford/Library/Developer/Xcode/DerivedData/NotedCore-ftviuoyqruynvwbzbngenbwxsygv/SourcePackages/checkouts/mlx-swift/Source/MLXNN/Normalization.swift (in target 'MLXNN' from project 'mlx-swift')

SwiftCompile normal arm64 /Users/jamesalford/Library/Developer/Xcode/DerivedData/NotedCore-ftviuoyqruynvwbzbngenbwxsygv/SourcePackages/checkouts/mlx-swift/Source/MLXNN/Normalization.swift (in target 'MLXNN' from project 'mlx-swift')
    cd /Users/jamesalford/Documents/NotedCore/NotedCore.xcodeproj
    

SwiftDriverJobDiscovery normal arm64 Compiling Lexer.swift (in target 'Jinja' from project 'Jinja')

SwiftCompile normal arm64 Compiling\ Losses.swift /Users/jamesalford/Library/Developer/Xcode/DerivedData/NotedCore-ftviuoyqruynvwbzbngenbwxsygv/SourcePackages/checkouts/mlx-swift/Source/MLXNN/Losses.swift (in target 'MLXNN' from project 'mlx-swift')

SwiftCompile normal arm64 /Users/jamesalford/Library/Developer/Xcode/DerivedData/NotedCore-ftviuoyqruynvwbzbngenbwxsygv/SourcePackages/checkouts/mlx-swift/Source/MLXNN/Losses.swift (in target 'MLXNN' from project 'mlx-swift')
    cd /Users/jamesalford/Documents/NotedCore/NotedCore.xcodeproj
    

SwiftCompile normal arm64 Compiling\ Transformer.swift /Users/jamesalford/Library/Developer/Xcode/DerivedData/NotedCore-ftviuoyqruynvwbzbngenbwxsygv/SourcePackages/checkouts/mlx-swift/Source/MLXNN/Transformer.swift (in target 'MLXNN' from project 'mlx-swift')

SwiftCompile normal arm64 /Users/jamesalford/Library/Developer/Xcode/DerivedData/NotedCore-ftviuoyqruynvwbzbngenbwxsygv/SourcePackages/checkouts/mlx-swift/Source/MLXNN/Transformer.swift (in target 'MLXNN' from project 'mlx-swift')
    cd /Users/jamesalford/Documents/NotedCore/NotedCore.xcodeproj
    

SwiftDriverJobDiscovery normal arm64 Compiling Parser.swift (in target 'Jinja' from project 'Jinja')

SwiftCompile normal arm64 Compiling\ ValueAndGrad.swift /Users/jamesalford/Library/Developer/Xcode/DerivedData/NotedCore-ftviuoyqruynvwbzbngenbwxsygv/SourcePackages/checkouts/mlx-swift/Source/MLXNN/ValueAndGrad.swift (in target 'MLXNN' from project 'mlx-swift')

SwiftCompile normal arm64 /Users/jamesalford/Library/Developer/Xcode/DerivedData/NotedCore-ftviuoyqruynvwbzbngenbwxsygv/SourcePackages/checkouts/mlx-swift/Source/MLXNN/ValueAndGrad.swift (in target 'MLXNN' from project 'mlx-swift')
    cd /Users/jamesalford/Documents/NotedCore/NotedCore.xcodeproj
    

SwiftDriverJobDiscovery normal arm64 Compiling MLXArray+Bytes.swift, MLXArray+Indexing.swift, MLXArray+Init.swift (in target 'MLX' from project 'mlx-swift')

SwiftCompile normal arm64 Compiling\ Upsample.swift /Users/jamesalford/Library/Developer/Xcode/DerivedData/NotedCore-ftviuoyqruynvwbzbngenbwxsygv/SourcePackages/checkouts/mlx-swift/Source/MLXNN/Upsample.swift (in target 'MLXNN' from project 'mlx-swift')

SwiftCompile normal arm64 /Users/jamesalford/Library/Developer/Xcode/DerivedData/NotedCore-ftviuoyqruynvwbzbngenbwxsygv/SourcePackages/checkouts/mlx-swift/Source/MLXNN/Upsample.swift (in target 'MLXNN' from project 'mlx-swift')
    cd /Users/jamesalford/Documents/NotedCore/NotedCore.xcodeproj
    

SwiftDriverJobDiscovery normal arm64 Emitting module for Jinja (in target 'Jinja' from project 'Jinja')

SwiftDriver\ Compilation\ Requirements Jinja normal arm64 com.apple.xcode.tools.swift.compiler (in target 'Jinja' from project 'Jinja')
    cd /Users/jamesalford/Documents/NotedCore/NotedCore.xcodeproj
    builtin-Swift-Compilation-Requirements -- /Applications/Xcode.app/Contents/Developer/Toolchains/XcodeDefault.xctoolchain/usr/bin/swiftc -module-name Jinja -Onone -enforce-exclusivity\=checked @/Users/jamesalford/Library/Developer/Xcode/DerivedData/NotedCore-ftviuoyqruynvwbzbngenbwxsygv/Build/Intermediates.noindex/Jinja.build/Debug-iphonesimulator/Jinja.build/Objects-normal/arm64/Jinja.SwiftFileList -DSWIFT_PACKAGE -DDEBUG -DSWIFT_MODULE_RESOURCE_BUNDLE_UNAVAILABLE -DXcode -enable-upcoming-feature BareSlashRegexLiterals -enable-experimental-feature StrictConcurrency -plugin-path /Applications/Xcode.app/Contents/Developer/Toolchains/XcodeDefault.xctoolchain/usr/lib/swift/host/plugins/testing -enable-experimental-feature DebugDescriptionMacro -sdk /Applications/Xcode.app/Contents/Developer/Platforms/iPhoneSimulator.platform/Developer/SDKs/iPhoneSimulator26.0.sdk -target arm64-apple-ios16.0-simulator -g -module-cache-path /Users/jamesalford/Library/Developer/Xcode/DerivedData/ModuleCache.noindex -Xfrontend -serialize-debugging-options -profile-coverage-mapping -profile-generate -enable-testing -suppress-warnings -index-store-path /Users/jamesalford/Library/Developer/Xcode/DerivedData/NotedCore-ftviuoyqruynvwbzbngenbwxsygv/Index.noindex/DataStore -Xcc -D_LIBCPP_HARDENING_MODE\=_LIBCPP_HARDENING_MODE_DEBUG -swift-version 5 -I /Users/jamesalford/Library/Developer/Xcode/DerivedData/NotedCore-ftviuoyqruynvwbzbngenbwxsygv/Build/Products/Debug-iphonesimulator -Isystem /Applications/Xcode.app/Contents/Developer/Platforms/iPhoneSimulator.platform/Developer/usr/lib -F /Users/jamesalford/Library/Developer/Xcode/DerivedData/NotedCore-ftviuoyqruynvwbzbngenbwxsygv/Build/Products/Debug-iphonesimulator/PackageFrameworks -F /Users/jamesalford/Library/Developer/Xcode/DerivedData/NotedCore-ftviuoyqruynvwbzbngenbwxsygv/Build/Products/Debug-iphonesimulator/PackageFrameworks -F /Users/jamesalford/Library/Developer/Xcode/DerivedData/NotedCore-ftviuoyqruynvwbzbngenbwxsygv/Build/Products/Debug-iphonesimulator -F /Applications/Xcode.app/Contents/Developer/Platforms/iPhoneSimulator.platform/Developer/Library/Frameworks -F /Applications/Xcode.app/Contents/Developer/Platforms/iPhoneSimulator.platform/Developer/SDKs/iPhoneSimulator26.0.sdk/Developer/Library/Frameworks -c -j14 -enable-batch-mode -incremental -Xcc -ivfsstatcache -Xcc /Users/jamesalford/Library/Developer/Xcode/DerivedData/SDKStatCaches.noindex/iphonesimulator26.0-23A339-3885c01c3e6b6a337905948deab2002e26257891a6c027eb51374368541b8346.sdkstatcache -output-file-map /Users/jamesalford/Library/Developer/Xcode/DerivedData/NotedCore-ftviuoyqruynvwbzbngenbwxsygv/Build/Intermediates.noindex/Jinja.build/Debug-iphonesimulator/Jinja.build/Objects-normal/arm64/Jinja-OutputFileMap.json -use-frontend-parseable-output -save-temps -no-color-diagnostics -explicit-module-build -module-cache-path /Users/jamesalford/Library/Developer/Xcode/DerivedData/NotedCore-ftviuoyqruynvwbzbngenbwxsygv/Build/Intermediates.noindex/SwiftExplicitPrecompiledModules -clang-scanner-module-cache-path /Users/jamesalford/Library/Developer/Xcode/DerivedData/ModuleCache.noindex -sdk-module-cache-path /Users/jamesalford/Library/Developer/Xcode/DerivedData/ModuleCache.noindex -serialize-diagnostics -emit-dependencies -emit-module -emit-module-path /Users/jamesalford/Library/Developer/Xcode/DerivedData/NotedCore-ftviuoyqruynvwbzbngenbwxsygv/Build/Intermediates.noindex/Jinja.build/Debug-iphonesimulator/Jinja.build/Objects-normal/arm64/Jinja.swiftmodule -validate-clang-modules-once -clang-build-session-file /Users/jamesalford/Library/Developer/Xcode/DerivedData/ModuleCache.noindex/Session.modulevalidation -package-name jinja -Xcc -I/Users/jamesalford/Library/Developer/Xcode/DerivedData/NotedCore-ftviuoyqruynvwbzbngenbwxsygv/Build/Intermediates.noindex/Jinja.build/Debug-iphonesimulator/Jinja.build/swift-overrides.hmap -emit-const-values -Xfrontend -const-gather-protocols-file -Xfrontend /Users/jamesalford/Library/Developer/Xcode/DerivedData/NotedCore-ftviuoyqruynvwbzbngenbwxsygv/Build/Intermediates.noindex/Jinja.build/Debug-iphonesimulator/Jinja.build/Objects-normal/arm64/Jinja_const_extract_protocols.json -Xcc -I/Users/jamesalford/Library/Developer/Xcode/DerivedData/NotedCore-ftviuoyqruynvwbzbngenbwxsygv/Build/Products/Debug-iphonesimulator/include -Xcc -I/Users/jamesalford/Library/Developer/Xcode/DerivedData/NotedCore-ftviuoyqruynvwbzbngenbwxsygv/Build/Intermediates.noindex/Jinja.build/Debug-iphonesimulator/Jinja.build/DerivedSources-normal/arm64 -Xcc -I/Users/jamesalford/Library/Developer/Xcode/DerivedData/NotedCore-ftviuoyqruynvwbzbngenbwxsygv/Build/Intermediates.noindex/Jinja.build/Debug-iphonesimulator/Jinja.build/DerivedSources/arm64 -Xcc -I/Users/jamesalford/Library/Developer/Xcode/DerivedData/NotedCore-ftviuoyqruynvwbzbngenbwxsygv/Build/Intermediates.noindex/Jinja.build/Debug-iphonesimulator/Jinja.build/DerivedSources -Xcc -DSWIFT_PACKAGE -Xcc -DDEBUG\=1 -emit-objc-header -emit-objc-header-path /Users/jamesalford/Library/Developer/Xcode/DerivedData/NotedCore-ftviuoyqruynvwbzbngenbwxsygv/Build/Intermediates.noindex/Jinja.build/Debug-iphonesimulator/Jinja.build/Objects-normal/arm64/Jinja-Swift.h -working-directory /Users/jamesalford/Documents/NotedCore/NotedCore.xcodeproj -experimental-emit-module-separately -disable-cmo

SwiftDriverJobDiscovery normal arm64 Compiling Quantized.swift (in target 'MLXNN' from project 'mlx-swift')

SwiftCompile normal arm64 Compiling\ Recurrent.swift /Users/jamesalford/Library/Developer/Xcode/DerivedData/NotedCore-ftviuoyqruynvwbzbngenbwxsygv/SourcePackages/checkouts/mlx-swift/Source/MLXNN/Recurrent.swift (in target 'MLXNN' from project 'mlx-swift')

SwiftCompile normal arm64 /Users/jamesalford/Library/Developer/Xcode/DerivedData/NotedCore-ftviuoyqruynvwbzbngenbwxsygv/SourcePackages/checkouts/mlx-swift/Source/MLXNN/Recurrent.swift (in target 'MLXNN' from project 'mlx-swift')
    cd /Users/jamesalford/Documents/NotedCore/NotedCore.xcodeproj
    

SwiftMergeGeneratedHeaders /Users/jamesalford/Library/Developer/Xcode/DerivedData/NotedCore-ftviuoyqruynvwbzbngenbwxsygv/Build/Intermediates.noindex/GeneratedModuleMaps-iphonesimulator/Jinja-Swift.h /Users/jamesalford/Library/Developer/Xcode/DerivedData/NotedCore-ftviuoyqruynvwbzbngenbwxsygv/Build/Intermediates.noindex/Jinja.build/Debug-iphonesimulator/Jinja.build/Objects-normal/arm64/Jinja-Swift.h (in target 'Jinja' from project 'Jinja')
    cd /Users/jamesalford/Library/Developer/Xcode/DerivedData/NotedCore-ftviuoyqruynvwbzbngenbwxsygv/SourcePackages/checkouts/Jinja
    builtin-swiftHeaderTool -arch arm64 /Users/jamesalford/Library/Developer/Xcode/DerivedData/NotedCore-ftviuoyqruynvwbzbngenbwxsygv/Build/Intermediates.noindex/Jinja.build/Debug-iphonesimulator/Jinja.build/Objects-normal/arm64/Jinja-Swift.h -o /Users/jamesalford/Library/Developer/Xcode/DerivedData/NotedCore-ftviuoyqruynvwbzbngenbwxsygv/Build/Intermediates.noindex/GeneratedModuleMaps-iphonesimulator/Jinja-Swift.h

SwiftDriverJobDiscovery normal arm64 Compiling ValueAndGrad.swift (in target 'MLXNN' from project 'mlx-swift')

Copy /Users/jamesalford/Library/Developer/Xcode/DerivedData/NotedCore-ftviuoyqruynvwbzbngenbwxsygv/Build/Products/Debug-iphonesimulator/Jinja.swiftmodule/arm64-apple-ios-simulator.swiftmodule /Users/jamesalford/Library/Developer/Xcode/DerivedData/NotedCore-ftviuoyqruynvwbzbngenbwxsygv/Build/Intermediates.noindex/Jinja.build/Debug-iphonesimulator/Jinja.build/Objects-normal/arm64/Jinja.swiftmodule (in target 'Jinja' from project 'Jinja')
    cd /Users/jamesalford/Library/Developer/Xcode/DerivedData/NotedCore-ftviuoyqruynvwbzbngenbwxsygv/SourcePackages/checkouts/Jinja
    builtin-copy -exclude .DS_Store -exclude CVS -exclude .svn -exclude .git -exclude .hg -resolve-src-symlinks -rename /Users/jamesalford/Library/Developer/Xcode/DerivedData/NotedCore-ftviuoyqruynvwbzbngenbwxsygv/Build/Intermediates.noindex/Jinja.build/Debug-iphonesimulator/Jinja.build/Objects-normal/arm64/Jinja.swiftmodule /Users/jamesalford/Library/Developer/Xcode/DerivedData/NotedCore-ftviuoyqruynvwbzbngenbwxsygv/Build/Products/Debug-iphonesimulator/Jinja.swiftmodule/arm64-apple-ios-simulator.swiftmodule

Copy /Users/jamesalford/Library/Developer/Xcode/DerivedData/NotedCore-ftviuoyqruynvwbzbngenbwxsygv/Build/Products/Debug-iphonesimulator/Jinja.swiftmodule/arm64-apple-ios-simulator.swiftdoc /Users/jamesalford/Library/Developer/Xcode/DerivedData/NotedCore-ftviuoyqruynvwbzbngenbwxsygv/Build/Intermediates.noindex/Jinja.build/Debug-iphonesimulator/Jinja.build/Objects-normal/arm64/Jinja.swiftdoc (in target 'Jinja' from project 'Jinja')
    cd /Users/jamesalford/Library/Developer/Xcode/DerivedData/NotedCore-ftviuoyqruynvwbzbngenbwxsygv/SourcePackages/checkouts/Jinja
    builtin-copy -exclude .DS_Store -exclude CVS -exclude .svn -exclude .git -exclude .hg -resolve-src-symlinks -rename /Users/jamesalford/Library/Developer/Xcode/DerivedData/NotedCore-ftviuoyqruynvwbzbngenbwxsygv/Build/Intermediates.noindex/Jinja.build/Debug-iphonesimulator/Jinja.build/Objects-normal/arm64/Jinja.swiftdoc /Users/jamesalford/Library/Developer/Xcode/DerivedData/NotedCore-ftviuoyqruynvwbzbngenbwxsygv/Build/Products/Debug-iphonesimulator/Jinja.swiftmodule/arm64-apple-ios-simulator.swiftdoc

Copy /Users/jamesalford/Library/Developer/Xcode/DerivedData/NotedCore-ftviuoyqruynvwbzbngenbwxsygv/Build/Products/Debug-iphonesimulator/Jinja.swiftmodule/arm64-apple-ios-simulator.abi.json /Users/jamesalford/Library/Developer/Xcode/DerivedData/NotedCore-ftviuoyqruynvwbzbngenbwxsygv/Build/Intermediates.noindex/Jinja.build/Debug-iphonesimulator/Jinja.build/Objects-normal/arm64/Jinja.abi.json (in target 'Jinja' from project 'Jinja')
    cd /Users/jamesalford/Library/Developer/Xcode/DerivedData/NotedCore-ftviuoyqruynvwbzbngenbwxsygv/SourcePackages/checkouts/Jinja
    builtin-copy -exclude .DS_Store -exclude CVS -exclude .svn -exclude .git -exclude .hg -resolve-src-symlinks -rename /Users/jamesalford/Library/Developer/Xcode/DerivedData/NotedCore-ftviuoyqruynvwbzbngenbwxsygv/Build/Intermediates.noindex/Jinja.build/Debug-iphonesimulator/Jinja.build/Objects-normal/arm64/Jinja.abi.json /Users/jamesalford/Library/Developer/Xcode/DerivedData/NotedCore-ftviuoyqruynvwbzbngenbwxsygv/Build/Products/Debug-iphonesimulator/Jinja.swiftmodule/arm64-apple-ios-simulator.abi.json

Copy /Users/jamesalford/Library/Developer/Xcode/DerivedData/NotedCore-ftviuoyqruynvwbzbngenbwxsygv/Build/Products/Debug-iphonesimulator/Jinja.swiftmodule/Project/arm64-apple-ios-simulator.swiftsourceinfo /Users/jamesalford/Library/Developer/Xcode/DerivedData/NotedCore-ftviuoyqruynvwbzbngenbwxsygv/Build/Intermediates.noindex/Jinja.build/Debug-iphonesimulator/Jinja.build/Objects-normal/arm64/Jinja.swiftsourceinfo (in target 'Jinja' from project 'Jinja')
    cd /Users/jamesalford/Library/Developer/Xcode/DerivedData/NotedCore-ftviuoyqruynvwbzbngenbwxsygv/SourcePackages/checkouts/Jinja
    builtin-copy -exclude .DS_Store -exclude CVS -exclude .svn -exclude .git -exclude .hg -resolve-src-symlinks -rename /Users/jamesalford/Library/Developer/Xcode/DerivedData/NotedCore-ftviuoyqruynvwbzbngenbwxsygv/Build/Intermediates.noindex/Jinja.build/Debug-iphonesimulator/Jinja.build/Objects-normal/arm64/Jinja.swiftsourceinfo /Users/jamesalford/Library/Developer/Xcode/DerivedData/NotedCore-ftviuoyqruynvwbzbngenbwxsygv/Build/Products/Debug-iphonesimulator/Jinja.swiftmodule/Project/arm64-apple-ios-simulator.swiftsourceinfo

SwiftCompile normal arm64 Compiling\ ConvolutionTransposed.swift,\ Dropout.swift /Users/jamesalford/Library/Developer/Xcode/DerivedData/NotedCore-ftviuoyqruynvwbzbngenbwxsygv/SourcePackages/checkouts/mlx-swift/Source/MLXNN/ConvolutionTransposed.swift /Users/jamesalford/Library/Developer/Xcode/DerivedData/NotedCore-ftviuoyqruynvwbzbngenbwxsygv/SourcePackages/checkouts/mlx-swift/Source/MLXNN/Dropout.swift (in target 'MLXNN' from project 'mlx-swift')

SwiftCompile normal arm64 /Users/jamesalford/Library/Developer/Xcode/DerivedData/NotedCore-ftviuoyqruynvwbzbngenbwxsygv/SourcePackages/checkouts/mlx-swift/Source/MLXNN/ConvolutionTransposed.swift (in target 'MLXNN' from project 'mlx-swift')
    cd /Users/jamesalford/Documents/NotedCore/NotedCore.xcodeproj
    

SwiftCompile normal arm64 /Users/jamesalford/Library/Developer/Xcode/DerivedData/NotedCore-ftviuoyqruynvwbzbngenbwxsygv/SourcePackages/checkouts/mlx-swift/Source/MLXNN/Dropout.swift (in target 'MLXNN' from project 'mlx-swift')
    cd /Users/jamesalford/Documents/NotedCore/NotedCore.xcodeproj
    

SwiftDriverJobDiscovery normal arm64 Compiling Containers.swift, Convolution.swift (in target 'MLXNN' from project 'mlx-swift')

SwiftCompile normal arm64 Compiling\ Activations.swift,\ Cache.swift /Users/jamesalford/Library/Developer/Xcode/DerivedData/NotedCore-ftviuoyqruynvwbzbngenbwxsygv/SourcePackages/checkouts/mlx-swift/Source/MLXNN/Activations.swift /Users/jamesalford/Library/Developer/Xcode/DerivedData/NotedCore-ftviuoyqruynvwbzbngenbwxsygv/SourcePackages/checkouts/mlx-swift/Source/MLXNN/Cache.swift (in target 'MLXNN' from project 'mlx-swift')

SwiftCompile normal arm64 /Users/jamesalford/Library/Developer/Xcode/DerivedData/NotedCore-ftviuoyqruynvwbzbngenbwxsygv/SourcePackages/checkouts/mlx-swift/Source/MLXNN/Activations.swift (in target 'MLXNN' from project 'mlx-swift')
    cd /Users/jamesalford/Documents/NotedCore/NotedCore.xcodeproj
    

SwiftCompile normal arm64 /Users/jamesalford/Library/Developer/Xcode/DerivedData/NotedCore-ftviuoyqruynvwbzbngenbwxsygv/SourcePackages/checkouts/mlx-swift/Source/MLXNN/Cache.swift (in target 'MLXNN' from project 'mlx-swift')
    cd /Users/jamesalford/Documents/NotedCore/NotedCore.xcodeproj
    

SwiftCompile normal arm64 Compiling\ Pooling.swift /Users/jamesalford/Library/Developer/Xcode/DerivedData/NotedCore-ftviuoyqruynvwbzbngenbwxsygv/SourcePackages/checkouts/mlx-swift/Source/MLXNN/Pooling.swift (in target 'MLXNN' from project 'mlx-swift')

SwiftCompile normal arm64 /Users/jamesalford/Library/Developer/Xcode/DerivedData/NotedCore-ftviuoyqruynvwbzbngenbwxsygv/SourcePackages/checkouts/mlx-swift/Source/MLXNN/Pooling.swift (in target 'MLXNN' from project 'mlx-swift')
    cd /Users/jamesalford/Documents/NotedCore/NotedCore.xcodeproj
    

SwiftDriverJobDiscovery normal arm64 Compiling Normalization.swift (in target 'MLXNN' from project 'mlx-swift')

SwiftDriver\ Compilation MLX normal arm64 com.apple.xcode.tools.swift.compiler (in target 'MLX' from project 'mlx-swift')
    cd /Users/jamesalford/Documents/NotedCore/NotedCore.xcodeproj
    builtin-Swift-Compilation -- /Applications/Xcode.app/Contents/Developer/Toolchains/XcodeDefault.xctoolchain/usr/bin/swiftc -module-name MLX -Onone -enforce-exclusivity\=checked @/Users/jamesalford/Library/Developer/Xcode/DerivedData/NotedCore-ftviuoyqruynvwbzbngenbwxsygv/Build/Intermediates.noindex/mlx-swift.build/Debug-iphonesimulator/MLX.build/Objects-normal/arm64/MLX.SwiftFileList -DSWIFT_PACKAGE -DDEBUG -DSWIFT_MODULE_RESOURCE_BUNDLE_UNAVAILABLE -DXcode -enable-experimental-feature StrictConcurrency -plugin-path /Applications/Xcode.app/Contents/Developer/Toolchains/XcodeDefault.xctoolchain/usr/lib/swift/host/plugins/testing -enable-experimental-feature DebugDescriptionMacro -sdk /Applications/Xcode.app/Contents/Developer/Platforms/iPhoneSimulator.platform/Developer/SDKs/iPhoneSimulator26.0.sdk -target arm64-apple-ios16.0-simulator -g -module-cache-path /Users/jamesalford/Library/Developer/Xcode/DerivedData/ModuleCache.noindex -Xfrontend -serialize-debugging-options -profile-coverage-mapping -profile-generate -enable-testing -suppress-warnings -index-store-path /Users/jamesalford/Library/Developer/Xcode/DerivedData/NotedCore-ftviuoyqruynvwbzbngenbwxsygv/Index.noindex/DataStore -Xcc -D_LIBCPP_HARDENING_MODE\=_LIBCPP_HARDENING_MODE_DEBUG -swift-version 5 -I /Users/jamesalford/Library/Developer/Xcode/DerivedData/NotedCore-ftviuoyqruynvwbzbngenbwxsygv/Build/Products/Debug-iphonesimulator -Isystem /Applications/Xcode.app/Contents/Developer/Platforms/iPhoneSimulator.platform/Developer/usr/lib -F /Users/jamesalford/Library/Developer/Xcode/DerivedData/NotedCore-ftviuoyqruynvwbzbngenbwxsygv/Build/Products/Debug-iphonesimulator/PackageFrameworks -F /Users/jamesalford/Library/Developer/Xcode/DerivedData/NotedCore-ftviuoyqruynvwbzbngenbwxsygv/Build/Products/Debug-iphonesimulator/PackageFrameworks -F /Users/jamesalford/Library/Developer/Xcode/DerivedData/NotedCore-ftviuoyqruynvwbzbngenbwxsygv/Build/Products/Debug-iphonesimulator/PackageFrameworks -F /Users/jamesalford/Library/Developer/Xcode/DerivedData/NotedCore-ftviuoyqruynvwbzbngenbwxsygv/Build/Products/Debug-iphonesimulator/PackageFrameworks -F /Users/jamesalford/Library/Developer/Xcode/DerivedData/NotedCore-ftviuoyqruynvwbzbngenbwxsygv/Build/Products/Debug-iphonesimulator/PackageFrameworks -F /Users/jamesalford/Library/Developer/Xcode/DerivedData/NotedCore-ftviuoyqruynvwbzbngenbwxsygv/Build/Products/Debug-iphonesimulator -F /Applications/Xcode.app/Contents/Developer/Platforms/iPhoneSimulator.platform/Developer/Library/Frameworks -F /Applications/Xcode.app/Contents/Developer/Platforms/iPhoneSimulator.platform/Developer/SDKs/iPhoneSimulator26.0.sdk/Developer/Library/Frameworks -c -j14 -enable-batch-mode -incremental -Xcc -ivfsstatcache -Xcc /Users/jamesalford/Library/Developer/Xcode/DerivedData/SDKStatCaches.noindex/iphonesimulator26.0-23A339-3885c01c3e6b6a337905948deab2002e26257891a6c027eb51374368541b8346.sdkstatcache -output-file-map /Users/jamesalford/Library/Developer/Xcode/DerivedData/NotedCore-ftviuoyqruynvwbzbngenbwxsygv/Build/Intermediates.noindex/mlx-swift.build/Debug-iphonesimulator/MLX.build/Objects-normal/arm64/MLX-OutputFileMap.json -use-frontend-parseable-output -save-temps -no-color-diagnostics -explicit-module-build -module-cache-path /Users/jamesalford/Library/Developer/Xcode/DerivedData/NotedCore-ftviuoyqruynvwbzbngenbwxsygv/Build/Intermediates.noindex/SwiftExplicitPrecompiledModules -clang-scanner-module-cache-path /Users/jamesalford/Library/Developer/Xcode/DerivedData/ModuleCache.noindex -sdk-module-cache-path /Users/jamesalford/Library/Developer/Xcode/DerivedData/ModuleCache.noindex -serialize-diagnostics -emit-dependencies -emit-module -emit-module-path /Users/jamesalford/Library/Developer/Xcode/DerivedData/NotedCore-ftviuoyqruynvwbzbngenbwxsygv/Build/Intermediates.noindex/mlx-swift.build/Debug-iphonesimulator/MLX.build/Objects-normal/arm64/MLX.swiftmodule -validate-clang-modules-once -clang-build-session-file /Users/jamesalford/Library/Developer/Xcode/DerivedData/ModuleCache.noindex/Session.modulevalidation -package-name mlx_swift -Xcc -I/Users/jamesalford/Library/Developer/Xcode/DerivedData/NotedCore-ftviuoyqruynvwbzbngenbwxsygv/Build/Intermediates.noindex/mlx-swift.build/Debug-iphonesimulator/MLX.build/swift-overrides.hmap -emit-const-values -Xfrontend -const-gather-protocols-file -Xfrontend /Users/jamesalford/Library/Developer/Xcode/DerivedData/NotedCore-ftviuoyqruynvwbzbngenbwxsygv/Build/Intermediates.noindex/mlx-swift.build/Debug-iphonesimulator/MLX.build/Objects-normal/arm64/MLX_const_extract_protocols.json -Xcc -I/Users/jamesalford/Library/Developer/Xcode/DerivedData/NotedCore-ftviuoyqruynvwbzbngenbwxsygv/SourcePackages/checkouts/swift-numerics/Sources/_NumericsShims/include -Xcc -I/Users/jamesalford/Library/Developer/Xcode/DerivedData/NotedCore-ftviuoyqruynvwbzbngenbwxsygv/SourcePackages/checkouts/mlx-swift/Source/Cmlx/include -Xcc -I/Users/jamesalford/Library/Developer/Xcode/DerivedData/NotedCore-ftviuoyqruynvwbzbngenbwxsygv/Build/Products/Debug-iphonesimulator/include -Xcc -I/Users/jamesalford/Library/Developer/Xcode/DerivedData/NotedCore-ftviuoyqruynvwbzbngenbwxsygv/Build/Intermediates.noindex/mlx-swift.build/Debug-iphonesimulator/MLX.build/DerivedSources-normal/arm64 -Xcc -I/Users/jamesalford/Library/Developer/Xcode/DerivedData/NotedCore-ftviuoyqruynvwbzbngenbwxsygv/Build/Intermediates.noindex/mlx-swift.build/Debug-iphonesimulator/MLX.build/DerivedSources/arm64 -Xcc -I/Users/jamesalford/Library/Developer/Xcode/DerivedData/NotedCore-ftviuoyqruynvwbzbngenbwxsygv/Build/Intermediates.noindex/mlx-swift.build/Debug-iphonesimulator/MLX.build/DerivedSources -Xcc -DSWIFT_PACKAGE -Xcc -DDEBUG\=1 -emit-objc-header -emit-objc-header-path /Users/jamesalford/Library/Developer/Xcode/DerivedData/NotedCore-ftviuoyqruynvwbzbngenbwxsygv/Build/Intermediates.noindex/mlx-swift.build/Debug-iphonesimulator/MLX.build/Objects-normal/arm64/MLX-Swift.h -working-directory /Users/jamesalford/Documents/NotedCore/NotedCore.xcodeproj -experimental-emit-module-separately -disable-cmo

SwiftDriverJobDiscovery normal arm64 Compiling PositionalEncoding.swift (in target 'MLXNN' from project 'mlx-swift')

SwiftDriverJobDiscovery normal arm64 Compiling Losses.swift (in target 'MLXNN' from project 'mlx-swift')

SwiftDriverJobDiscovery normal arm64 Compiling Embedding.swift, Linear.swift (in target 'MLXNN' from project 'mlx-swift')

SwiftDriver Tokenizers normal arm64 com.apple.xcode.tools.swift.compiler (in target 'Tokenizers' from project 'swift-transformers')
    cd /Users/jamesalford/Documents/NotedCore/NotedCore.xcodeproj
    builtin-SwiftDriver -- /Applications/Xcode.app/Contents/Developer/Toolchains/XcodeDefault.xctoolchain/usr/bin/swiftc -module-name Tokenizers -Onone -enforce-exclusivity\=checked @/Users/jamesalford/Library/Developer/Xcode/DerivedData/NotedCore-ftviuoyqruynvwbzbngenbwxsygv/Build/Intermediates.noindex/swift-transformers.build/Debug-iphonesimulator/Tokenizers.build/Objects-normal/arm64/Tokenizers.SwiftFileList -DSWIFT_PACKAGE -DDEBUG -DSWIFT_MODULE_RESOURCE_BUNDLE_UNAVAILABLE -DXcode -plugin-path /Applications/Xcode.app/Contents/Developer/Toolchains/XcodeDefault.xctoolchain/usr/lib/swift/host/plugins/testing -enable-experimental-feature DebugDescriptionMacro -sdk /Applications/Xcode.app/Contents/Developer/Platforms/iPhoneSimulator.platform/Developer/SDKs/iPhoneSimulator26.0.sdk -target arm64-apple-ios16.0-simulator -g -module-cache-path /Users/jamesalford/Library/Developer/Xcode/DerivedData/ModuleCache.noindex -Xfrontend -serialize-debugging-options -profile-coverage-mapping -profile-generate -enable-testing -suppress-warnings -index-store-path /Users/jamesalford/Library/Developer/Xcode/DerivedData/NotedCore-ftviuoyqruynvwbzbngenbwxsygv/Index.noindex/DataStore -Xcc -D_LIBCPP_HARDENING_MODE\=_LIBCPP_HARDENING_MODE_DEBUG -swift-version 5 -I /Users/jamesalford/Library/Developer/Xcode/DerivedData/NotedCore-ftviuoyqruynvwbzbngenbwxsygv/Build/Products/Debug-iphonesimulator -Isystem /Applications/Xcode.app/Contents/Developer/Platforms/iPhoneSimulator.platform/Developer/usr/lib -F /Users/jamesalford/Library/Developer/Xcode/DerivedData/NotedCore-ftviuoyqruynvwbzbngenbwxsygv/Build/Products/Debug-iphonesimulator/PackageFrameworks -F /Users/jamesalford/Library/Developer/Xcode/DerivedData/NotedCore-ftviuoyqruynvwbzbngenbwxsygv/Build/Products/Debug-iphonesimulator/PackageFrameworks -F /Users/jamesalford/Library/Developer/Xcode/DerivedData/NotedCore-ftviuoyqruynvwbzbngenbwxsygv/Build/Products/Debug-iphonesimulator/PackageFrameworks -F /Users/jamesalford/Library/Developer/Xcode/DerivedData/NotedCore-ftviuoyqruynvwbzbngenbwxsygv/Build/Products/Debug-iphonesimulator/PackageFrameworks -F /Users/jamesalford/Library/Developer/Xcode/DerivedData/NotedCore-ftviuoyqruynvwbzbngenbwxsygv/Build/Products/Debug-iphonesimulator -F /Applications/Xcode.app/Contents/Developer/Platforms/iPhoneSimulator.platform/Developer/Library/Frameworks -F /Applications/Xcode.app/Contents/Developer/Platforms/iPhoneSimulator.platform/Developer/SDKs/iPhoneSimulator26.0.sdk/Developer/Library/Frameworks -c -j14 -enable-batch-mode -incremental -Xcc -ivfsstatcache -Xcc /Users/jamesalford/Library/Developer/Xcode/DerivedData/SDKStatCaches.noindex/iphonesimulator26.0-23A339-3885c01c3e6b6a337905948deab2002e26257891a6c027eb51374368541b8346.sdkstatcache -output-file-map /Users/jamesalford/Library/Developer/Xcode/DerivedData/NotedCore-ftviuoyqruynvwbzbngenbwxsygv/Build/Intermediates.noindex/swift-transformers.build/Debug-iphonesimulator/Tokenizers.build/Objects-normal/arm64/Tokenizers-OutputFileMap.json -use-frontend-parseable-output -save-temps -no-color-diagnostics -explicit-module-build -module-cache-path /Users/jamesalford/Library/Developer/Xcode/DerivedData/NotedCore-ftviuoyqruynvwbzbngenbwxsygv/Build/Intermediates.noindex/SwiftExplicitPrecompiledModules -clang-scanner-module-cache-path /Users/jamesalford/Library/Developer/Xcode/DerivedData/ModuleCache.noindex -sdk-module-cache-path /Users/jamesalford/Library/Developer/Xcode/DerivedData/ModuleCache.noindex -serialize-diagnostics -emit-dependencies -emit-module -emit-module-path /Users/jamesalford/Library/Developer/Xcode/DerivedData/NotedCore-ftviuoyqruynvwbzbngenbwxsygv/Build/Intermediates.noindex/swift-transformers.build/Debug-iphonesimulator/Tokenizers.build/Objects-normal/arm64/Tokenizers.swiftmodule -validate-clang-modules-once -clang-build-session-file /Users/jamesalford/Library/Developer/Xcode/DerivedData/ModuleCache.noindex/Session.modulevalidation -Xcc -I/Users/jamesalford/Library/Developer/Xcode/DerivedData/NotedCore-ftviuoyqruynvwbzbngenbwxsygv/Build/Intermediates.noindex/swift-transformers.build/Debug-iphonesimulator/Tokenizers.build/swift-overrides.hmap -emit-const-values -Xfrontend -const-gather-protocols-file -Xfrontend /Users/jamesalford/Library/Developer/Xcode/DerivedData/NotedCore-ftviuoyqruynvwbzbngenbwxsygv/Build/Intermediates.noindex/swift-transformers.build/Debug-iphonesimulator/Tokenizers.build/Objects-normal/arm64/Tokenizers_const_extract_protocols.json -Xcc -I/Users/jamesalford/Library/Developer/Xcode/DerivedData/NotedCore-ftviuoyqruynvwbzbngenbwxsygv/Build/Products/Debug-iphonesimulator/include -Xcc -I/Users/jamesalford/Library/Developer/Xcode/DerivedData/NotedCore-ftviuoyqruynvwbzbngenbwxsygv/Build/Intermediates.noindex/swift-transformers.build/Debug-iphonesimulator/Tokenizers.build/DerivedSources-normal/arm64 -Xcc -I/Users/jamesalford/Library/Developer/Xcode/DerivedData/NotedCore-ftviuoyqruynvwbzbngenbwxsygv/Build/Intermediates.noindex/swift-transformers.build/Debug-iphonesimulator/Tokenizers.build/DerivedSources/arm64 -Xcc -I/Users/jamesalford/Library/Developer/Xcode/DerivedData/NotedCore-ftviuoyqruynvwbzbngenbwxsygv/Build/Intermediates.noindex/swift-transformers.build/Debug-iphonesimulator/Tokenizers.build/DerivedSources -Xcc -DSWIFT_PACKAGE -Xcc -DDEBUG\=1 -emit-objc-header -emit-objc-header-path /Users/jamesalford/Library/Developer/Xcode/DerivedData/NotedCore-ftviuoyqruynvwbzbngenbwxsygv/Build/Intermediates.noindex/swift-transformers.build/Debug-iphonesimulator/Tokenizers.build/Objects-normal/arm64/Tokenizers-Swift.h -working-directory /Users/jamesalford/Documents/NotedCore/NotedCore.xcodeproj -experimental-emit-module-separately -disable-cmo

RegisterExecutionPolicyException /Users/jamesalford/Library/Developer/Xcode/DerivedData/NotedCore-ftviuoyqruynvwbzbngenbwxsygv/Build/Products/Debug-iphonesimulator/ArgumentParser.o (in target 'ArgumentParser' from project 'swift-argument-parser')
    cd /Users/jamesalford/Library/Developer/Xcode/DerivedData/NotedCore-ftviuoyqruynvwbzbngenbwxsygv/SourcePackages/checkouts/swift-argument-parser
    builtin-RegisterExecutionPolicyException /Users/jamesalford/Library/Developer/Xcode/DerivedData/NotedCore-ftviuoyqruynvwbzbngenbwxsygv/Build/Products/Debug-iphonesimulator/ArgumentParser.o

SwiftDriverJobDiscovery normal arm64 Compiling Transformer.swift (in target 'MLXNN' from project 'mlx-swift')

SwiftDriverJobDiscovery normal arm64 Compiling Upsample.swift (in target 'MLXNN' from project 'mlx-swift')

SwiftDriverJobDiscovery normal arm64 Emitting module for MLXNN (in target 'MLXNN' from project 'mlx-swift')

SwiftDriver\ Compilation\ Requirements MLXNN normal arm64 com.apple.xcode.tools.swift.compiler (in target 'MLXNN' from project 'mlx-swift')
    cd /Users/jamesalford/Documents/NotedCore/NotedCore.xcodeproj
    builtin-Swift-Compilation-Requirements -- /Applications/Xcode.app/Contents/Developer/Toolchains/XcodeDefault.xctoolchain/usr/bin/swiftc -module-name MLXNN -Onone -enforce-exclusivity\=checked @/Users/jamesalford/Library/Developer/Xcode/DerivedData/NotedCore-ftviuoyqruynvwbzbngenbwxsygv/Build/Intermediates.noindex/mlx-swift.build/Debug-iphonesimulator/MLXNN.build/Objects-normal/arm64/MLXNN.SwiftFileList -DSWIFT_PACKAGE -DDEBUG -DSWIFT_MODULE_RESOURCE_BUNDLE_UNAVAILABLE -DXcode -enable-experimental-feature StrictConcurrency -plugin-path /Applications/Xcode.app/Contents/Developer/Toolchains/XcodeDefault.xctoolchain/usr/lib/swift/host/plugins/testing -enable-experimental-feature DebugDescriptionMacro -sdk /Applications/Xcode.app/Contents/Developer/Platforms/iPhoneSimulator.platform/Developer/SDKs/iPhoneSimulator26.0.sdk -target arm64-apple-ios16.0-simulator -g -module-cache-path /Users/jamesalford/Library/Developer/Xcode/DerivedData/ModuleCache.noindex -Xfrontend -serialize-debugging-options -profile-coverage-mapping -profile-generate -enable-testing -suppress-warnings -index-store-path /Users/jamesalford/Library/Developer/Xcode/DerivedData/NotedCore-ftviuoyqruynvwbzbngenbwxsygv/Index.noindex/DataStore -Xcc -D_LIBCPP_HARDENING_MODE\=_LIBCPP_HARDENING_MODE_DEBUG -swift-version 5 -I /Users/jamesalford/Library/Developer/Xcode/DerivedData/NotedCore-ftviuoyqruynvwbzbngenbwxsygv/Build/Products/Debug-iphonesimulator -Isystem /Applications/Xcode.app/Contents/Developer/Platforms/iPhoneSimulator.platform/Developer/usr/lib -F /Users/jamesalford/Library/Developer/Xcode/DerivedData/NotedCore-ftviuoyqruynvwbzbngenbwxsygv/Build/Products/Debug-iphonesimulator/PackageFrameworks -F /Users/jamesalford/Library/Developer/Xcode/DerivedData/NotedCore-ftviuoyqruynvwbzbngenbwxsygv/Build/Products/Debug-iphonesimulator/PackageFrameworks -F /Users/jamesalford/Library/Developer/Xcode/DerivedData/NotedCore-ftviuoyqruynvwbzbngenbwxsygv/Build/Products/Debug-iphonesimulator/PackageFrameworks -F /Users/jamesalford/Library/Developer/Xcode/DerivedData/NotedCore-ftviuoyqruynvwbzbngenbwxsygv/Build/Products/Debug-iphonesimulator/PackageFrameworks -F /Users/jamesalford/Library/Developer/Xcode/DerivedData/NotedCore-ftviuoyqruynvwbzbngenbwxsygv/Build/Products/Debug-iphonesimulator/PackageFrameworks -F /Users/jamesalford/Library/Developer/Xcode/DerivedData/NotedCore-ftviuoyqruynvwbzbngenbwxsygv/Build/Products/Debug-iphonesimulator/PackageFrameworks -F /Users/jamesalford/Library/Developer/Xcode/DerivedData/NotedCore-ftviuoyqruynvwbzbngenbwxsygv/Build/Products/Debug-iphonesimulator/PackageFrameworks -F /Users/jamesalford/Library/Developer/Xcode/DerivedData/NotedCore-ftviuoyqruynvwbzbngenbwxsygv/Build/Products/Debug-iphonesimulator/PackageFrameworks -F /Users/jamesalford/Library/Developer/Xcode/DerivedData/NotedCore-ftviuoyqruynvwbzbngenbwxsygv/Build/Products/Debug-iphonesimulator -F /Applications/Xcode.app/Contents/Developer/Platforms/iPhoneSimulator.platform/Developer/Library/Frameworks -F /Applications/Xcode.app/Contents/Developer/Platforms/iPhoneSimulator.platform/Developer/SDKs/iPhoneSimulator26.0.sdk/Developer/Library/Frameworks -c -j14 -enable-batch-mode -incremental -Xcc -ivfsstatcache -Xcc /Users/jamesalford/Library/Developer/Xcode/DerivedData/SDKStatCaches.noindex/iphonesimulator26.0-23A339-3885c01c3e6b6a337905948deab2002e26257891a6c027eb51374368541b8346.sdkstatcache -output-file-map /Users/jamesalford/Library/Developer/Xcode/DerivedData/NotedCore-ftviuoyqruynvwbzbngenbwxsygv/Build/Intermediates.noindex/mlx-swift.build/Debug-iphonesimulator/MLXNN.build/Objects-normal/arm64/MLXNN-OutputFileMap.json -use-frontend-parseable-output -save-temps -no-color-diagnostics -explicit-module-build -module-cache-path /Users/jamesalford/Library/Developer/Xcode/DerivedData/NotedCore-ftviuoyqruynvwbzbngenbwxsygv/Build/Intermediates.noindex/SwiftExplicitPrecompiledModules -clang-scanner-module-cache-path /Users/jamesalford/Library/Developer/Xcode/DerivedData/ModuleCache.noindex -sdk-module-cache-path /Users/jamesalford/Library/Developer/Xcode/DerivedData/ModuleCache.noindex -serialize-diagnostics -emit-dependencies -emit-module -emit-module-path /Users/jamesalford/Library/Developer/Xcode/DerivedData/NotedCore-ftviuoyqruynvwbzbngenbwxsygv/Build/Intermediates.noindex/mlx-swift.build/Debug-iphonesimulator/MLXNN.build/Objects-normal/arm64/MLXNN.swiftmodule -validate-clang-modules-once -clang-build-session-file /Users/jamesalford/Library/Developer/Xcode/DerivedData/ModuleCache.noindex/Session.modulevalidation -package-name mlx_swift -Xcc -I/Users/jamesalford/Library/Developer/Xcode/DerivedData/NotedCore-ftviuoyqruynvwbzbngenbwxsygv/Build/Intermediates.noindex/mlx-swift.build/Debug-iphonesimulator/MLXNN.build/swift-overrides.hmap -emit-const-values -Xfrontend -const-gather-protocols-file -Xfrontend /Users/jamesalford/Library/Developer/Xcode/DerivedData/NotedCore-ftviuoyqruynvwbzbngenbwxsygv/Build/Intermediates.noindex/mlx-swift.build/Debug-iphonesimulator/MLXNN.build/Objects-normal/arm64/MLXNN_const_extract_protocols.json -Xcc -I/Users/jamesalford/Library/Developer/Xcode/DerivedData/NotedCore-ftviuoyqruynvwbzbngenbwxsygv/SourcePackages/checkouts/swift-numerics/Sources/_NumericsShims/include -Xcc -I/Users/jamesalford/Library/Developer/Xcode/DerivedData/NotedCore-ftviuoyqruynvwbzbngenbwxsygv/SourcePackages/checkouts/mlx-swift/Source/Cmlx/include -Xcc -I/Users/jamesalford/Library/Developer/Xcode/DerivedData/NotedCore-ftviuoyqruynvwbzbngenbwxsygv/Build/Products/Debug-iphonesimulator/include -Xcc -I/Users/jamesalford/Library/Developer/Xcode/DerivedData/NotedCore-ftviuoyqruynvwbzbngenbwxsygv/Build/Intermediates.noindex/mlx-swift.build/Debug-iphonesimulator/MLXNN.build/DerivedSources-normal/arm64 -Xcc -I/Users/jamesalford/Library/Developer/Xcode/DerivedData/NotedCore-ftviuoyqruynvwbzbngenbwxsygv/Build/Intermediates.noindex/mlx-swift.build/Debug-iphonesimulator/MLXNN.build/DerivedSources/arm64 -Xcc -I/Users/jamesalford/Library/Developer/Xcode/DerivedData/NotedCore-ftviuoyqruynvwbzbngenbwxsygv/Build/Intermediates.noindex/mlx-swift.build/Debug-iphonesimulator/MLXNN.build/DerivedSources -Xcc -DSWIFT_PACKAGE -Xcc -DDEBUG\=1 -emit-objc-header -emit-objc-header-path /Users/jamesalford/Library/Developer/Xcode/DerivedData/NotedCore-ftviuoyqruynvwbzbngenbwxsygv/Build/Intermediates.noindex/mlx-swift.build/Debug-iphonesimulator/MLXNN.build/Objects-normal/arm64/MLXNN-Swift.h -working-directory /Users/jamesalford/Documents/NotedCore/NotedCore.xcodeproj -experimental-emit-module-separately -disable-cmo

SwiftMergeGeneratedHeaders /Users/jamesalford/Library/Developer/Xcode/DerivedData/NotedCore-ftviuoyqruynvwbzbngenbwxsygv/Build/Intermediates.noindex/GeneratedModuleMaps-iphonesimulator/MLXNN-Swift.h /Users/jamesalford/Library/Developer/Xcode/DerivedData/NotedCore-ftviuoyqruynvwbzbngenbwxsygv/Build/Intermediates.noindex/mlx-swift.build/Debug-iphonesimulator/MLXNN.build/Objects-normal/arm64/MLXNN-Swift.h (in target 'MLXNN' from project 'mlx-swift')
    cd /Users/jamesalford/Library/Developer/Xcode/DerivedData/NotedCore-ftviuoyqruynvwbzbngenbwxsygv/SourcePackages/checkouts/mlx-swift
    builtin-swiftHeaderTool -arch arm64 /Users/jamesalford/Library/Developer/Xcode/DerivedData/NotedCore-ftviuoyqruynvwbzbngenbwxsygv/Build/Intermediates.noindex/mlx-swift.build/Debug-iphonesimulator/MLXNN.build/Objects-normal/arm64/MLXNN-Swift.h -o /Users/jamesalford/Library/Developer/Xcode/DerivedData/NotedCore-ftviuoyqruynvwbzbngenbwxsygv/Build/Intermediates.noindex/GeneratedModuleMaps-iphonesimulator/MLXNN-Swift.h

Copy /Users/jamesalford/Library/Developer/Xcode/DerivedData/NotedCore-ftviuoyqruynvwbzbngenbwxsygv/Build/Products/Debug-iphonesimulator/MLXNN.swiftmodule/arm64-apple-ios-simulator.abi.json /Users/jamesalford/Library/Developer/Xcode/DerivedData/NotedCore-ftviuoyqruynvwbzbngenbwxsygv/Build/Intermediates.noindex/mlx-swift.build/Debug-iphonesimulator/MLXNN.build/Objects-normal/arm64/MLXNN.abi.json (in target 'MLXNN' from project 'mlx-swift')
    cd /Users/jamesalford/Library/Developer/Xcode/DerivedData/NotedCore-ftviuoyqruynvwbzbngenbwxsygv/SourcePackages/checkouts/mlx-swift
    builtin-copy -exclude .DS_Store -exclude CVS -exclude .svn -exclude .git -exclude .hg -resolve-src-symlinks -rename /Users/jamesalford/Library/Developer/Xcode/DerivedData/NotedCore-ftviuoyqruynvwbzbngenbwxsygv/Build/Intermediates.noindex/mlx-swift.build/Debug-iphonesimulator/MLXNN.build/Objects-normal/arm64/MLXNN.abi.json /Users/jamesalford/Library/Developer/Xcode/DerivedData/NotedCore-ftviuoyqruynvwbzbngenbwxsygv/Build/Products/Debug-iphonesimulator/MLXNN.swiftmodule/arm64-apple-ios-simulator.abi.json

Copy /Users/jamesalford/Library/Developer/Xcode/DerivedData/NotedCore-ftviuoyqruynvwbzbngenbwxsygv/Build/Products/Debug-iphonesimulator/MLXNN.swiftmodule/arm64-apple-ios-simulator.swiftdoc /Users/jamesalford/Library/Developer/Xcode/DerivedData/NotedCore-ftviuoyqruynvwbzbngenbwxsygv/Build/Intermediates.noindex/mlx-swift.build/Debug-iphonesimulator/MLXNN.build/Objects-normal/arm64/MLXNN.swiftdoc (in target 'MLXNN' from project 'mlx-swift')
    cd /Users/jamesalford/Library/Developer/Xcode/DerivedData/NotedCore-ftviuoyqruynvwbzbngenbwxsygv/SourcePackages/checkouts/mlx-swift
    builtin-copy -exclude .DS_Store -exclude CVS -exclude .svn -exclude .git -exclude .hg -resolve-src-symlinks -rename /Users/jamesalford/Library/Developer/Xcode/DerivedData/NotedCore-ftviuoyqruynvwbzbngenbwxsygv/Build/Intermediates.noindex/mlx-swift.build/Debug-iphonesimulator/MLXNN.build/Objects-normal/arm64/MLXNN.swiftdoc /Users/jamesalford/Library/Developer/Xcode/DerivedData/NotedCore-ftviuoyqruynvwbzbngenbwxsygv/Build/Products/Debug-iphonesimulator/MLXNN.swiftmodule/arm64-apple-ios-simulator.swiftdoc

Copy /Users/jamesalford/Library/Developer/Xcode/DerivedData/NotedCore-ftviuoyqruynvwbzbngenbwxsygv/Build/Products/Debug-iphonesimulator/MLXNN.swiftmodule/arm64-apple-ios-simulator.swiftmodule /Users/jamesalford/Library/Developer/Xcode/DerivedData/NotedCore-ftviuoyqruynvwbzbngenbwxsygv/Build/Intermediates.noindex/mlx-swift.build/Debug-iphonesimulator/MLXNN.build/Objects-normal/arm64/MLXNN.swiftmodule (in target 'MLXNN' from project 'mlx-swift')
    cd /Users/jamesalford/Library/Developer/Xcode/DerivedData/NotedCore-ftviuoyqruynvwbzbngenbwxsygv/SourcePackages/checkouts/mlx-swift
    builtin-copy -exclude .DS_Store -exclude CVS -exclude .svn -exclude .git -exclude .hg -resolve-src-symlinks -rename /Users/jamesalford/Library/Developer/Xcode/DerivedData/NotedCore-ftviuoyqruynvwbzbngenbwxsygv/Build/Intermediates.noindex/mlx-swift.build/Debug-iphonesimulator/MLXNN.build/Objects-normal/arm64/MLXNN.swiftmodule /Users/jamesalford/Library/Developer/Xcode/DerivedData/NotedCore-ftviuoyqruynvwbzbngenbwxsygv/Build/Products/Debug-iphonesimulator/MLXNN.swiftmodule/arm64-apple-ios-simulator.swiftmodule

Copy /Users/jamesalford/Library/Developer/Xcode/DerivedData/NotedCore-ftviuoyqruynvwbzbngenbwxsygv/Build/Products/Debug-iphonesimulator/MLXNN.swiftmodule/Project/arm64-apple-ios-simulator.swiftsourceinfo /Users/jamesalford/Library/Developer/Xcode/DerivedData/NotedCore-ftviuoyqruynvwbzbngenbwxsygv/Build/Intermediates.noindex/mlx-swift.build/Debug-iphonesimulator/MLXNN.build/Objects-normal/arm64/MLXNN.swiftsourceinfo (in target 'MLXNN' from project 'mlx-swift')
    cd /Users/jamesalford/Library/Developer/Xcode/DerivedData/NotedCore-ftviuoyqruynvwbzbngenbwxsygv/SourcePackages/checkouts/mlx-swift
    builtin-copy -exclude .DS_Store -exclude CVS -exclude .svn -exclude .git -exclude .hg -resolve-src-symlinks -rename /Users/jamesalford/Library/Developer/Xcode/DerivedData/NotedCore-ftviuoyqruynvwbzbngenbwxsygv/Build/Intermediates.noindex/mlx-swift.build/Debug-iphonesimulator/MLXNN.build/Objects-normal/arm64/MLXNN.swiftsourceinfo /Users/jamesalford/Library/Developer/Xcode/DerivedData/NotedCore-ftviuoyqruynvwbzbngenbwxsygv/Build/Products/Debug-iphonesimulator/MLXNN.swiftmodule/Project/arm64-apple-ios-simulator.swiftsourceinfo

SwiftCompile normal arm64 Compiling\ BPETokenizer.swift /Users/jamesalford/Library/Developer/Xcode/DerivedData/NotedCore-ftviuoyqruynvwbzbngenbwxsygv/SourcePackages/checkouts/swift-transformers/Sources/Tokenizers/BPETokenizer.swift (in target 'Tokenizers' from project 'swift-transformers')

SwiftCompile normal arm64 /Users/jamesalford/Library/Developer/Xcode/DerivedData/NotedCore-ftviuoyqruynvwbzbngenbwxsygv/SourcePackages/checkouts/swift-transformers/Sources/Tokenizers/BPETokenizer.swift (in target 'Tokenizers' from project 'swift-transformers')
    cd /Users/jamesalford/Documents/NotedCore/NotedCore.xcodeproj
    

SwiftCompile normal arm64 Compiling\ Tokenizer.swift /Users/jamesalford/Library/Developer/Xcode/DerivedData/NotedCore-ftviuoyqruynvwbzbngenbwxsygv/SourcePackages/checkouts/swift-transformers/Sources/Tokenizers/Tokenizer.swift (in target 'Tokenizers' from project 'swift-transformers')

SwiftCompile normal arm64 /Users/jamesalford/Library/Developer/Xcode/DerivedData/NotedCore-ftviuoyqruynvwbzbngenbwxsygv/SourcePackages/checkouts/swift-transformers/Sources/Tokenizers/Tokenizer.swift (in target 'Tokenizers' from project 'swift-transformers')
    cd /Users/jamesalford/Documents/NotedCore/NotedCore.xcodeproj
    

SwiftCompile normal arm64 Compiling\ PreTokenizer.swift /Users/jamesalford/Library/Developer/Xcode/DerivedData/NotedCore-ftviuoyqruynvwbzbngenbwxsygv/SourcePackages/checkouts/swift-transformers/Sources/Tokenizers/PreTokenizer.swift (in target 'Tokenizers' from project 'swift-transformers')

SwiftCompile normal arm64 /Users/jamesalford/Library/Developer/Xcode/DerivedData/NotedCore-ftviuoyqruynvwbzbngenbwxsygv/SourcePackages/checkouts/swift-transformers/Sources/Tokenizers/PreTokenizer.swift (in target 'Tokenizers' from project 'swift-transformers')
    cd /Users/jamesalford/Documents/NotedCore/NotedCore.xcodeproj
    

SwiftCompile normal arm64 Compiling\ ByteEncoder.swift /Users/jamesalford/Library/Developer/Xcode/DerivedData/NotedCore-ftviuoyqruynvwbzbngenbwxsygv/SourcePackages/checkouts/swift-transformers/Sources/Tokenizers/ByteEncoder.swift (in target 'Tokenizers' from project 'swift-transformers')

SwiftCompile normal arm64 /Users/jamesalford/Library/Developer/Xcode/DerivedData/NotedCore-ftviuoyqruynvwbzbngenbwxsygv/SourcePackages/checkouts/swift-transformers/Sources/Tokenizers/ByteEncoder.swift (in target 'Tokenizers' from project 'swift-transformers')
    cd /Users/jamesalford/Documents/NotedCore/NotedCore.xcodeproj
    

SwiftCompile normal arm64 Compiling\ Decoder.swift /Users/jamesalford/Library/Developer/Xcode/DerivedData/NotedCore-ftviuoyqruynvwbzbngenbwxsygv/SourcePackages/checkouts/swift-transformers/Sources/Tokenizers/Decoder.swift (in target 'Tokenizers' from project 'swift-transformers')

SwiftCompile normal arm64 /Users/jamesalford/Library/Developer/Xcode/DerivedData/NotedCore-ftviuoyqruynvwbzbngenbwxsygv/SourcePackages/checkouts/swift-transformers/Sources/Tokenizers/Decoder.swift (in target 'Tokenizers' from project 'swift-transformers')
    cd /Users/jamesalford/Documents/NotedCore/NotedCore.xcodeproj
    

SwiftCompile normal arm64 Compiling\ TokenLattice.swift /Users/jamesalford/Library/Developer/Xcode/DerivedData/NotedCore-ftviuoyqruynvwbzbngenbwxsygv/SourcePackages/checkouts/swift-transformers/Sources/Tokenizers/TokenLattice.swift (in target 'Tokenizers' from project 'swift-transformers')

SwiftCompile normal arm64 /Users/jamesalford/Library/Developer/Xcode/DerivedData/NotedCore-ftviuoyqruynvwbzbngenbwxsygv/SourcePackages/checkouts/swift-transformers/Sources/Tokenizers/TokenLattice.swift (in target 'Tokenizers' from project 'swift-transformers')
    cd /Users/jamesalford/Documents/NotedCore/NotedCore.xcodeproj
    

SwiftEmitModule normal arm64 Emitting\ module\ for\ Tokenizers (in target 'Tokenizers' from project 'swift-transformers')

EmitSwiftModule normal arm64 (in target 'Tokenizers' from project 'swift-transformers')
    cd /Users/jamesalford/Documents/NotedCore/NotedCore.xcodeproj
    

SwiftDriverJobDiscovery normal arm64 Compiling Runtime.swift (in target 'Jinja' from project 'Jinja')

SwiftCompile normal arm64 Compiling\ BertTokenizer.swift /Users/jamesalford/Library/Developer/Xcode/DerivedData/NotedCore-ftviuoyqruynvwbzbngenbwxsygv/SourcePackages/checkouts/swift-transformers/Sources/Tokenizers/BertTokenizer.swift (in target 'Tokenizers' from project 'swift-transformers')

SwiftCompile normal arm64 /Users/jamesalford/Library/Developer/Xcode/DerivedData/NotedCore-ftviuoyqruynvwbzbngenbwxsygv/SourcePackages/checkouts/swift-transformers/Sources/Tokenizers/BertTokenizer.swift (in target 'Tokenizers' from project 'swift-transformers')
    cd /Users/jamesalford/Documents/NotedCore/NotedCore.xcodeproj
    

SwiftDriverJobDiscovery normal arm64 Compiling Recurrent.swift (in target 'MLXNN' from project 'mlx-swift')

SwiftCompile normal arm64 Compiling\ UnigramTokenizer.swift /Users/jamesalford/Library/Developer/Xcode/DerivedData/NotedCore-ftviuoyqruynvwbzbngenbwxsygv/SourcePackages/checkouts/swift-transformers/Sources/Tokenizers/UnigramTokenizer.swift (in target 'Tokenizers' from project 'swift-transformers')

SwiftCompile normal arm64 /Users/jamesalford/Library/Developer/Xcode/DerivedData/NotedCore-ftviuoyqruynvwbzbngenbwxsygv/SourcePackages/checkouts/swift-transformers/Sources/Tokenizers/UnigramTokenizer.swift (in target 'Tokenizers' from project 'swift-transformers')
    cd /Users/jamesalford/Documents/NotedCore/NotedCore.xcodeproj
    

SwiftDriverJobDiscovery normal arm64 Compiling Pooling.swift (in target 'MLXNN' from project 'mlx-swift')

SwiftCompile normal arm64 Compiling\ Utils.swift /Users/jamesalford/Library/Developer/Xcode/DerivedData/NotedCore-ftviuoyqruynvwbzbngenbwxsygv/SourcePackages/checkouts/swift-transformers/Sources/Tokenizers/Utils.swift (in target 'Tokenizers' from project 'swift-transformers')

SwiftCompile normal arm64 /Users/jamesalford/Library/Developer/Xcode/DerivedData/NotedCore-ftviuoyqruynvwbzbngenbwxsygv/SourcePackages/checkouts/swift-transformers/Sources/Tokenizers/Utils.swift (in target 'Tokenizers' from project 'swift-transformers')
    cd /Users/jamesalford/Documents/NotedCore/NotedCore.xcodeproj
    

SwiftDriverJobDiscovery normal arm64 Compiling ConvolutionTransposed.swift, Dropout.swift (in target 'MLXNN' from project 'mlx-swift')

SwiftCompile normal arm64 Compiling\ Normalizer.swift /Users/jamesalford/Library/Developer/Xcode/DerivedData/NotedCore-ftviuoyqruynvwbzbngenbwxsygv/SourcePackages/checkouts/swift-transformers/Sources/Tokenizers/Normalizer.swift (in target 'Tokenizers' from project 'swift-transformers')

SwiftCompile normal arm64 /Users/jamesalford/Library/Developer/Xcode/DerivedData/NotedCore-ftviuoyqruynvwbzbngenbwxsygv/SourcePackages/checkouts/swift-transformers/Sources/Tokenizers/Normalizer.swift (in target 'Tokenizers' from project 'swift-transformers')
    cd /Users/jamesalford/Documents/NotedCore/NotedCore.xcodeproj
    

SwiftDriverJobDiscovery normal arm64 Compiling ByteEncoder.swift (in target 'Tokenizers' from project 'swift-transformers')

SwiftCompile normal arm64 Compiling\ Trie.swift /Users/jamesalford/Library/Developer/Xcode/DerivedData/NotedCore-ftviuoyqruynvwbzbngenbwxsygv/SourcePackages/checkouts/swift-transformers/Sources/Tokenizers/Trie.swift (in target 'Tokenizers' from project 'swift-transformers')

SwiftCompile normal arm64 /Users/jamesalford/Library/Developer/Xcode/DerivedData/NotedCore-ftviuoyqruynvwbzbngenbwxsygv/SourcePackages/checkouts/swift-transformers/Sources/Tokenizers/Trie.swift (in target 'Tokenizers' from project 'swift-transformers')
    cd /Users/jamesalford/Documents/NotedCore/NotedCore.xcodeproj
    

SwiftDriverJobDiscovery normal arm64 Compiling TokenLattice.swift (in target 'Tokenizers' from project 'swift-transformers')

SwiftCompile normal arm64 Compiling\ PostProcessor.swift /Users/jamesalford/Library/Developer/Xcode/DerivedData/NotedCore-ftviuoyqruynvwbzbngenbwxsygv/SourcePackages/checkouts/swift-transformers/Sources/Tokenizers/PostProcessor.swift (in target 'Tokenizers' from project 'swift-transformers')

SwiftCompile normal arm64 /Users/jamesalford/Library/Developer/Xcode/DerivedData/NotedCore-ftviuoyqruynvwbzbngenbwxsygv/SourcePackages/checkouts/swift-transformers/Sources/Tokenizers/PostProcessor.swift (in target 'Tokenizers' from project 'swift-transformers')
    cd /Users/jamesalford/Documents/NotedCore/NotedCore.xcodeproj
    

SwiftDriverJobDiscovery normal arm64 Compiling BPETokenizer.swift (in target 'Tokenizers' from project 'swift-transformers')

SwiftDriverJobDiscovery normal arm64 Compiling Activations.swift, Cache.swift (in target 'MLXNN' from project 'mlx-swift')

SwiftDriverJobDiscovery normal arm64 Emitting module for Tokenizers (in target 'Tokenizers' from project 'swift-transformers')

SwiftDriver\ Compilation\ Requirements Tokenizers normal arm64 com.apple.xcode.tools.swift.compiler (in target 'Tokenizers' from project 'swift-transformers')
    cd /Users/jamesalford/Documents/NotedCore/NotedCore.xcodeproj
    builtin-Swift-Compilation-Requirements -- /Applications/Xcode.app/Contents/Developer/Toolchains/XcodeDefault.xctoolchain/usr/bin/swiftc -module-name Tokenizers -Onone -enforce-exclusivity\=checked @/Users/jamesalford/Library/Developer/Xcode/DerivedData/NotedCore-ftviuoyqruynvwbzbngenbwxsygv/Build/Intermediates.noindex/swift-transformers.build/Debug-iphonesimulator/Tokenizers.build/Objects-normal/arm64/Tokenizers.SwiftFileList -DSWIFT_PACKAGE -DDEBUG -DSWIFT_MODULE_RESOURCE_BUNDLE_UNAVAILABLE -DXcode -plugin-path /Applications/Xcode.app/Contents/Developer/Toolchains/XcodeDefault.xctoolchain/usr/lib/swift/host/plugins/testing -enable-experimental-feature DebugDescriptionMacro -sdk /Applications/Xcode.app/Contents/Developer/Platforms/iPhoneSimulator.platform/Developer/SDKs/iPhoneSimulator26.0.sdk -target arm64-apple-ios16.0-simulator -g -module-cache-path /Users/jamesalford/Library/Developer/Xcode/DerivedData/ModuleCache.noindex -Xfrontend -serialize-debugging-options -profile-coverage-mapping -profile-generate -enable-testing -suppress-warnings -index-store-path /Users/jamesalford/Library/Developer/Xcode/DerivedData/NotedCore-ftviuoyqruynvwbzbngenbwxsygv/Index.noindex/DataStore -Xcc -D_LIBCPP_HARDENING_MODE\=_LIBCPP_HARDENING_MODE_DEBUG -swift-version 5 -I /Users/jamesalford/Library/Developer/Xcode/DerivedData/NotedCore-ftviuoyqruynvwbzbngenbwxsygv/Build/Products/Debug-iphonesimulator -Isystem /Applications/Xcode.app/Contents/Developer/Platforms/iPhoneSimulator.platform/Developer/usr/lib -F /Users/jamesalford/Library/Developer/Xcode/DerivedData/NotedCore-ftviuoyqruynvwbzbngenbwxsygv/Build/Products/Debug-iphonesimulator/PackageFrameworks -F /Users/jamesalford/Library/Developer/Xcode/DerivedData/NotedCore-ftviuoyqruynvwbzbngenbwxsygv/Build/Products/Debug-iphonesimulator/PackageFrameworks -F /Users/jamesalford/Library/Developer/Xcode/DerivedData/NotedCore-ftviuoyqruynvwbzbngenbwxsygv/Build/Products/Debug-iphonesimulator/PackageFrameworks -F /Users/jamesalford/Library/Developer/Xcode/DerivedData/NotedCore-ftviuoyqruynvwbzbngenbwxsygv/Build/Products/Debug-iphonesimulator/PackageFrameworks -F /Users/jamesalford/Library/Developer/Xcode/DerivedData/NotedCore-ftviuoyqruynvwbzbngenbwxsygv/Build/Products/Debug-iphonesimulator -F /Applications/Xcode.app/Contents/Developer/Platforms/iPhoneSimulator.platform/Developer/Library/Frameworks -F /Applications/Xcode.app/Contents/Developer/Platforms/iPhoneSimulator.platform/Developer/SDKs/iPhoneSimulator26.0.sdk/Developer/Library/Frameworks -c -j14 -enable-batch-mode -incremental -Xcc -ivfsstatcache -Xcc /Users/jamesalford/Library/Developer/Xcode/DerivedData/SDKStatCaches.noindex/iphonesimulator26.0-23A339-3885c01c3e6b6a337905948deab2002e26257891a6c027eb51374368541b8346.sdkstatcache -output-file-map /Users/jamesalford/Library/Developer/Xcode/DerivedData/NotedCore-ftviuoyqruynvwbzbngenbwxsygv/Build/Intermediates.noindex/swift-transformers.build/Debug-iphonesimulator/Tokenizers.build/Objects-normal/arm64/Tokenizers-OutputFileMap.json -use-frontend-parseable-output -save-temps -no-color-diagnostics -explicit-module-build -module-cache-path /Users/jamesalford/Library/Developer/Xcode/DerivedData/NotedCore-ftviuoyqruynvwbzbngenbwxsygv/Build/Intermediates.noindex/SwiftExplicitPrecompiledModules -clang-scanner-module-cache-path /Users/jamesalford/Library/Developer/Xcode/DerivedData/ModuleCache.noindex -sdk-module-cache-path /Users/jamesalford/Library/Developer/Xcode/DerivedData/ModuleCache.noindex -serialize-diagnostics -emit-dependencies -emit-module -emit-module-path /Users/jamesalford/Library/Developer/Xcode/DerivedData/NotedCore-ftviuoyqruynvwbzbngenbwxsygv/Build/Intermediates.noindex/swift-transformers.build/Debug-iphonesimulator/Tokenizers.build/Objects-normal/arm64/Tokenizers.swiftmodule -validate-clang-modules-once -clang-build-session-file /Users/jamesalford/Library/Developer/Xcode/DerivedData/ModuleCache.noindex/Session.modulevalidation -Xcc -I/Users/jamesalford/Library/Developer/Xcode/DerivedData/NotedCore-ftviuoyqruynvwbzbngenbwxsygv/Build/Intermediates.noindex/swift-transformers.build/Debug-iphonesimulator/Tokenizers.build/swift-overrides.hmap -emit-const-values -Xfrontend -const-gather-protocols-file -Xfrontend /Users/jamesalford/Library/Developer/Xcode/DerivedData/NotedCore-ftviuoyqruynvwbzbngenbwxsygv/Build/Intermediates.noindex/swift-transformers.build/Debug-iphonesimulator/Tokenizers.build/Objects-normal/arm64/Tokenizers_const_extract_protocols.json -Xcc -I/Users/jamesalford/Library/Developer/Xcode/DerivedData/NotedCore-ftviuoyqruynvwbzbngenbwxsygv/Build/Products/Debug-iphonesimulator/include -Xcc -I/Users/jamesalford/Library/Developer/Xcode/DerivedData/NotedCore-ftviuoyqruynvwbzbngenbwxsygv/Build/Intermediates.noindex/swift-transformers.build/Debug-iphonesimulator/Tokenizers.build/DerivedSources-normal/arm64 -Xcc -I/Users/jamesalford/Library/Developer/Xcode/DerivedData/NotedCore-ftviuoyqruynvwbzbngenbwxsygv/Build/Intermediates.noindex/swift-transformers.build/Debug-iphonesimulator/Tokenizers.build/DerivedSources/arm64 -Xcc -I/Users/jamesalford/Library/Developer/Xcode/DerivedData/NotedCore-ftviuoyqruynvwbzbngenbwxsygv/Build/Intermediates.noindex/swift-transformers.build/Debug-iphonesimulator/Tokenizers.build/DerivedSources -Xcc -DSWIFT_PACKAGE -Xcc -DDEBUG\=1 -emit-objc-header -emit-objc-header-path /Users/jamesalford/Library/Developer/Xcode/DerivedData/NotedCore-ftviuoyqruynvwbzbngenbwxsygv/Build/Intermediates.noindex/swift-transformers.build/Debug-iphonesimulator/Tokenizers.build/Objects-normal/arm64/Tokenizers-Swift.h -working-directory /Users/jamesalford/Documents/NotedCore/NotedCore.xcodeproj -experimental-emit-module-separately -disable-cmo

SwiftMergeGeneratedHeaders /Users/jamesalford/Library/Developer/Xcode/DerivedData/NotedCore-ftviuoyqruynvwbzbngenbwxsygv/Build/Intermediates.noindex/GeneratedModuleMaps-iphonesimulator/Tokenizers-Swift.h /Users/jamesalford/Library/Developer/Xcode/DerivedData/NotedCore-ftviuoyqruynvwbzbngenbwxsygv/Build/Intermediates.noindex/swift-transformers.build/Debug-iphonesimulator/Tokenizers.build/Objects-normal/arm64/Tokenizers-Swift.h (in target 'Tokenizers' from project 'swift-transformers')
    cd /Users/jamesalford/Library/Developer/Xcode/DerivedData/NotedCore-ftviuoyqruynvwbzbngenbwxsygv/SourcePackages/checkouts/swift-transformers
    builtin-swiftHeaderTool -arch arm64 /Users/jamesalford/Library/Developer/Xcode/DerivedData/NotedCore-ftviuoyqruynvwbzbngenbwxsygv/Build/Intermediates.noindex/swift-transformers.build/Debug-iphonesimulator/Tokenizers.build/Objects-normal/arm64/Tokenizers-Swift.h -o /Users/jamesalford/Library/Developer/Xcode/DerivedData/NotedCore-ftviuoyqruynvwbzbngenbwxsygv/Build/Intermediates.noindex/GeneratedModuleMaps-iphonesimulator/Tokenizers-Swift.h

Copy /Users/jamesalford/Library/Developer/Xcode/DerivedData/NotedCore-ftviuoyqruynvwbzbngenbwxsygv/Build/Products/Debug-iphonesimulator/Tokenizers.swiftmodule/arm64-apple-ios-simulator.swiftmodule /Users/jamesalford/Library/Developer/Xcode/DerivedData/NotedCore-ftviuoyqruynvwbzbngenbwxsygv/Build/Intermediates.noindex/swift-transformers.build/Debug-iphonesimulator/Tokenizers.build/Objects-normal/arm64/Tokenizers.swiftmodule (in target 'Tokenizers' from project 'swift-transformers')
    cd /Users/jamesalford/Library/Developer/Xcode/DerivedData/NotedCore-ftviuoyqruynvwbzbngenbwxsygv/SourcePackages/checkouts/swift-transformers
    builtin-copy -exclude .DS_Store -exclude CVS -exclude .svn -exclude .git -exclude .hg -resolve-src-symlinks -rename /Users/jamesalford/Library/Developer/Xcode/DerivedData/NotedCore-ftviuoyqruynvwbzbngenbwxsygv/Build/Intermediates.noindex/swift-transformers.build/Debug-iphonesimulator/Tokenizers.build/Objects-normal/arm64/Tokenizers.swiftmodule /Users/jamesalford/Library/Developer/Xcode/DerivedData/NotedCore-ftviuoyqruynvwbzbngenbwxsygv/Build/Products/Debug-iphonesimulator/Tokenizers.swiftmodule/arm64-apple-ios-simulator.swiftmodule

Copy /Users/jamesalford/Library/Developer/Xcode/DerivedData/NotedCore-ftviuoyqruynvwbzbngenbwxsygv/Build/Products/Debug-iphonesimulator/Tokenizers.swiftmodule/arm64-apple-ios-simulator.swiftdoc /Users/jamesalford/Library/Developer/Xcode/DerivedData/NotedCore-ftviuoyqruynvwbzbngenbwxsygv/Build/Intermediates.noindex/swift-transformers.build/Debug-iphonesimulator/Tokenizers.build/Objects-normal/arm64/Tokenizers.swiftdoc (in target 'Tokenizers' from project 'swift-transformers')
    cd /Users/jamesalford/Library/Developer/Xcode/DerivedData/NotedCore-ftviuoyqruynvwbzbngenbwxsygv/SourcePackages/checkouts/swift-transformers
    builtin-copy -exclude .DS_Store -exclude CVS -exclude .svn -exclude .git -exclude .hg -resolve-src-symlinks -rename /Users/jamesalford/Library/Developer/Xcode/DerivedData/NotedCore-ftviuoyqruynvwbzbngenbwxsygv/Build/Intermediates.noindex/swift-transformers.build/Debug-iphonesimulator/Tokenizers.build/Objects-normal/arm64/Tokenizers.swiftdoc /Users/jamesalford/Library/Developer/Xcode/DerivedData/NotedCore-ftviuoyqruynvwbzbngenbwxsygv/Build/Products/Debug-iphonesimulator/Tokenizers.swiftmodule/arm64-apple-ios-simulator.swiftdoc

Copy /Users/jamesalford/Library/Developer/Xcode/DerivedData/NotedCore-ftviuoyqruynvwbzbngenbwxsygv/Build/Products/Debug-iphonesimulator/Tokenizers.swiftmodule/arm64-apple-ios-simulator.abi.json /Users/jamesalford/Library/Developer/Xcode/DerivedData/NotedCore-ftviuoyqruynvwbzbngenbwxsygv/Build/Intermediates.noindex/swift-transformers.build/Debug-iphonesimulator/Tokenizers.build/Objects-normal/arm64/Tokenizers.abi.json (in target 'Tokenizers' from project 'swift-transformers')
    cd /Users/jamesalford/Library/Developer/Xcode/DerivedData/NotedCore-ftviuoyqruynvwbzbngenbwxsygv/SourcePackages/checkouts/swift-transformers
    builtin-copy -exclude .DS_Store -exclude CVS -exclude .svn -exclude .git -exclude .hg -resolve-src-symlinks -rename /Users/jamesalford/Library/Developer/Xcode/DerivedData/NotedCore-ftviuoyqruynvwbzbngenbwxsygv/Build/Intermediates.noindex/swift-transformers.build/Debug-iphonesimulator/Tokenizers.build/Objects-normal/arm64/Tokenizers.abi.json /Users/jamesalford/Library/Developer/Xcode/DerivedData/NotedCore-ftviuoyqruynvwbzbngenbwxsygv/Build/Products/Debug-iphonesimulator/Tokenizers.swiftmodule/arm64-apple-ios-simulator.abi.json

Copy /Users/jamesalford/Library/Developer/Xcode/DerivedData/NotedCore-ftviuoyqruynvwbzbngenbwxsygv/Build/Products/Debug-iphonesimulator/Tokenizers.swiftmodule/Project/arm64-apple-ios-simulator.swiftsourceinfo /Users/jamesalford/Library/Developer/Xcode/DerivedData/NotedCore-ftviuoyqruynvwbzbngenbwxsygv/Build/Intermediates.noindex/swift-transformers.build/Debug-iphonesimulator/Tokenizers.build/Objects-normal/arm64/Tokenizers.swiftsourceinfo (in target 'Tokenizers' from project 'swift-transformers')
    cd /Users/jamesalford/Library/Developer/Xcode/DerivedData/NotedCore-ftviuoyqruynvwbzbngenbwxsygv/SourcePackages/checkouts/swift-transformers
    builtin-copy -exclude .DS_Store -exclude CVS -exclude .svn -exclude .git -exclude .hg -resolve-src-symlinks -rename /Users/jamesalford/Library/Developer/Xcode/DerivedData/NotedCore-ftviuoyqruynvwbzbngenbwxsygv/Build/Intermediates.noindex/swift-transformers.build/Debug-iphonesimulator/Tokenizers.build/Objects-normal/arm64/Tokenizers.swiftsourceinfo /Users/jamesalford/Library/Developer/Xcode/DerivedData/NotedCore-ftviuoyqruynvwbzbngenbwxsygv/Build/Products/Debug-iphonesimulator/Tokenizers.swiftmodule/Project/arm64-apple-ios-simulator.swiftsourceinfo

SwiftDriverJobDiscovery normal arm64 Compiling Module.swift (in target 'MLXNN' from project 'mlx-swift')

SwiftDriver\ Compilation MLXNN normal arm64 com.apple.xcode.tools.swift.compiler (in target 'MLXNN' from project 'mlx-swift')
    cd /Users/jamesalford/Documents/NotedCore/NotedCore.xcodeproj
    builtin-Swift-Compilation -- /Applications/Xcode.app/Contents/Developer/Toolchains/XcodeDefault.xctoolchain/usr/bin/swiftc -module-name MLXNN -Onone -enforce-exclusivity\=checked @/Users/jamesalford/Library/Developer/Xcode/DerivedData/NotedCore-ftviuoyqruynvwbzbngenbwxsygv/Build/Intermediates.noindex/mlx-swift.build/Debug-iphonesimulator/MLXNN.build/Objects-normal/arm64/MLXNN.SwiftFileList -DSWIFT_PACKAGE -DDEBUG -DSWIFT_MODULE_RESOURCE_BUNDLE_UNAVAILABLE -DXcode -enable-experimental-feature StrictConcurrency -plugin-path /Applications/Xcode.app/Contents/Developer/Toolchains/XcodeDefault.xctoolchain/usr/lib/swift/host/plugins/testing -enable-experimental-feature DebugDescriptionMacro -sdk /Applications/Xcode.app/Contents/Developer/Platforms/iPhoneSimulator.platform/Developer/SDKs/iPhoneSimulator26.0.sdk -target arm64-apple-ios16.0-simulator -g -module-cache-path /Users/jamesalford/Library/Developer/Xcode/DerivedData/ModuleCache.noindex -Xfrontend -serialize-debugging-options -profile-coverage-mapping -profile-generate -enable-testing -suppress-warnings -index-store-path /Users/jamesalford/Library/Developer/Xcode/DerivedData/NotedCore-ftviuoyqruynvwbzbngenbwxsygv/Index.noindex/DataStore -Xcc -D_LIBCPP_HARDENING_MODE\=_LIBCPP_HARDENING_MODE_DEBUG -swift-version 5 -I /Users/jamesalford/Library/Developer/Xcode/DerivedData/NotedCore-ftviuoyqruynvwbzbngenbwxsygv/Build/Products/Debug-iphonesimulator -Isystem /Applications/Xcode.app/Contents/Developer/Platforms/iPhoneSimulator.platform/Developer/usr/lib -F /Users/jamesalford/Library/Developer/Xcode/DerivedData/NotedCore-ftviuoyqruynvwbzbngenbwxsygv/Build/Products/Debug-iphonesimulator/PackageFrameworks -F /Users/jamesalford/Library/Developer/Xcode/DerivedData/NotedCore-ftviuoyqruynvwbzbngenbwxsygv/Build/Products/Debug-iphonesimulator/PackageFrameworks -F /Users/jamesalford/Library/Developer/Xcode/DerivedData/NotedCore-ftviuoyqruynvwbzbngenbwxsygv/Build/Products/Debug-iphonesimulator/PackageFrameworks -F /Users/jamesalford/Library/Developer/Xcode/DerivedData/NotedCore-ftviuoyqruynvwbzbngenbwxsygv/Build/Products/Debug-iphonesimulator/PackageFrameworks -F /Users/jamesalford/Library/Developer/Xcode/DerivedData/NotedCore-ftviuoyqruynvwbzbngenbwxsygv/Build/Products/Debug-iphonesimulator/PackageFrameworks -F /Users/jamesalford/Library/Developer/Xcode/DerivedData/NotedCore-ftviuoyqruynvwbzbngenbwxsygv/Build/Products/Debug-iphonesimulator/PackageFrameworks -F /Users/jamesalford/Library/Developer/Xcode/DerivedData/NotedCore-ftviuoyqruynvwbzbngenbwxsygv/Build/Products/Debug-iphonesimulator/PackageFrameworks -F /Users/jamesalford/Library/Developer/Xcode/DerivedData/NotedCore-ftviuoyqruynvwbzbngenbwxsygv/Build/Products/Debug-iphonesimulator/PackageFrameworks -F /Users/jamesalford/Library/Developer/Xcode/DerivedData/NotedCore-ftviuoyqruynvwbzbngenbwxsygv/Build/Products/Debug-iphonesimulator -F /Applications/Xcode.app/Contents/Developer/Platforms/iPhoneSimulator.platform/Developer/Library/Frameworks -F /Applications/Xcode.app/Contents/Developer/Platforms/iPhoneSimulator.platform/Developer/SDKs/iPhoneSimulator26.0.sdk/Developer/Library/Frameworks -c -j14 -enable-batch-mode -incremental -Xcc -ivfsstatcache -Xcc /Users/jamesalford/Library/Developer/Xcode/DerivedData/SDKStatCaches.noindex/iphonesimulator26.0-23A339-3885c01c3e6b6a337905948deab2002e26257891a6c027eb51374368541b8346.sdkstatcache -output-file-map /Users/jamesalford/Library/Developer/Xcode/DerivedData/NotedCore-ftviuoyqruynvwbzbngenbwxsygv/Build/Intermediates.noindex/mlx-swift.build/Debug-iphonesimulator/MLXNN.build/Objects-normal/arm64/MLXNN-OutputFileMap.json -use-frontend-parseable-output -save-temps -no-color-diagnostics -explicit-module-build -module-cache-path /Users/jamesalford/Library/Developer/Xcode/DerivedData/NotedCore-ftviuoyqruynvwbzbngenbwxsygv/Build/Intermediates.noindex/SwiftExplicitPrecompiledModules -clang-scanner-module-cache-path /Users/jamesalford/Library/Developer/Xcode/DerivedData/ModuleCache.noindex -sdk-module-cache-path /Users/jamesalford/Library/Developer/Xcode/DerivedData/ModuleCache.noindex -serialize-diagnostics -emit-dependencies -emit-module -emit-module-path /Users/jamesalford/Library/Developer/Xcode/DerivedData/NotedCore-ftviuoyqruynvwbzbngenbwxsygv/Build/Intermediates.noindex/mlx-swift.build/Debug-iphonesimulator/MLXNN.build/Objects-normal/arm64/MLXNN.swiftmodule -validate-clang-modules-once -clang-build-session-file /Users/jamesalford/Library/Developer/Xcode/DerivedData/ModuleCache.noindex/Session.modulevalidation -package-name mlx_swift -Xcc -I/Users/jamesalford/Library/Developer/Xcode/DerivedData/NotedCore-ftviuoyqruynvwbzbngenbwxsygv/Build/Intermediates.noindex/mlx-swift.build/Debug-iphonesimulator/MLXNN.build/swift-overrides.hmap -emit-const-values -Xfrontend -const-gather-protocols-file -Xfrontend /Users/jamesalford/Library/Developer/Xcode/DerivedData/NotedCore-ftviuoyqruynvwbzbngenbwxsygv/Build/Intermediates.noindex/mlx-swift.build/Debug-iphonesimulator/MLXNN.build/Objects-normal/arm64/MLXNN_const_extract_protocols.json -Xcc -I/Users/jamesalford/Library/Developer/Xcode/DerivedData/NotedCore-ftviuoyqruynvwbzbngenbwxsygv/SourcePackages/checkouts/swift-numerics/Sources/_NumericsShims/include -Xcc -I/Users/jamesalford/Library/Developer/Xcode/DerivedData/NotedCore-ftviuoyqruynvwbzbngenbwxsygv/SourcePackages/checkouts/mlx-swift/Source/Cmlx/include -Xcc -I/Users/jamesalford/Library/Developer/Xcode/DerivedData/NotedCore-ftviuoyqruynvwbzbngenbwxsygv/Build/Products/Debug-iphonesimulator/include -Xcc -I/Users/jamesalford/Library/Developer/Xcode/DerivedData/NotedCore-ftviuoyqruynvwbzbngenbwxsygv/Build/Intermediates.noindex/mlx-swift.build/Debug-iphonesimulator/MLXNN.build/DerivedSources-normal/arm64 -Xcc -I/Users/jamesalford/Library/Developer/Xcode/DerivedData/NotedCore-ftviuoyqruynvwbzbngenbwxsygv/Build/Intermediates.noindex/mlx-swift.build/Debug-iphonesimulator/MLXNN.build/DerivedSources/arm64 -Xcc -I/Users/jamesalford/Library/Developer/Xcode/DerivedData/NotedCore-ftviuoyqruynvwbzbngenbwxsygv/Build/Intermediates.noindex/mlx-swift.build/Debug-iphonesimulator/MLXNN.build/DerivedSources -Xcc -DSWIFT_PACKAGE -Xcc -DDEBUG\=1 -emit-objc-header -emit-objc-header-path /Users/jamesalford/Library/Developer/Xcode/DerivedData/NotedCore-ftviuoyqruynvwbzbngenbwxsygv/Build/Intermediates.noindex/mlx-swift.build/Debug-iphonesimulator/MLXNN.build/Objects-normal/arm64/MLXNN-Swift.h -working-directory /Users/jamesalford/Documents/NotedCore/NotedCore.xcodeproj -experimental-emit-module-separately -disable-cmo

SwiftDriver Generation normal arm64 com.apple.xcode.tools.swift.compiler (in target 'Generation' from project 'swift-transformers')
    cd /Users/jamesalford/Documents/NotedCore/NotedCore.xcodeproj
    builtin-SwiftDriver -- /Applications/Xcode.app/Contents/Developer/Toolchains/XcodeDefault.xctoolchain/usr/bin/swiftc -module-name Generation -Onone -enforce-exclusivity\=checked @/Users/jamesalford/Library/Developer/Xcode/DerivedData/NotedCore-ftviuoyqruynvwbzbngenbwxsygv/Build/Intermediates.noindex/swift-transformers.build/Debug-iphonesimulator/Generation.build/Objects-normal/arm64/Generation.SwiftFileList -DSWIFT_PACKAGE -DDEBUG -DSWIFT_MODULE_RESOURCE_BUNDLE_UNAVAILABLE -DXcode -plugin-path /Applications/Xcode.app/Contents/Developer/Toolchains/XcodeDefault.xctoolchain/usr/lib/swift/host/plugins/testing -enable-experimental-feature DebugDescriptionMacro -sdk /Applications/Xcode.app/Contents/Developer/Platforms/iPhoneSimulator.platform/Developer/SDKs/iPhoneSimulator26.0.sdk -target arm64-apple-ios16.0-simulator -g -module-cache-path /Users/jamesalford/Library/Developer/Xcode/DerivedData/ModuleCache.noindex -Xfrontend -serialize-debugging-options -profile-coverage-mapping -profile-generate -enable-testing -suppress-warnings -index-store-path /Users/jamesalford/Library/Developer/Xcode/DerivedData/NotedCore-ftviuoyqruynvwbzbngenbwxsygv/Index.noindex/DataStore -Xcc -D_LIBCPP_HARDENING_MODE\=_LIBCPP_HARDENING_MODE_DEBUG -swift-version 5 -I /Users/jamesalford/Library/Developer/Xcode/DerivedData/NotedCore-ftviuoyqruynvwbzbngenbwxsygv/Build/Products/Debug-iphonesimulator -Isystem /Applications/Xcode.app/Contents/Developer/Platforms/iPhoneSimulator.platform/Developer/usr/lib -F /Users/jamesalford/Library/Developer/Xcode/DerivedData/NotedCore-ftviuoyqruynvwbzbngenbwxsygv/Build/Products/Debug-iphonesimulator/PackageFrameworks -F /Users/jamesalford/Library/Developer/Xcode/DerivedData/NotedCore-ftviuoyqruynvwbzbngenbwxsygv/Build/Products/Debug-iphonesimulator/PackageFrameworks -F /Users/jamesalford/Library/Developer/Xcode/DerivedData/NotedCore-ftviuoyqruynvwbzbngenbwxsygv/Build/Products/Debug-iphonesimulator/PackageFrameworks -F /Users/jamesalford/Library/Developer/Xcode/DerivedData/NotedCore-ftviuoyqruynvwbzbngenbwxsygv/Build/Products/Debug-iphonesimulator/PackageFrameworks -F /Users/jamesalford/Library/Developer/Xcode/DerivedData/NotedCore-ftviuoyqruynvwbzbngenbwxsygv/Build/Products/Debug-iphonesimulator/PackageFrameworks -F /Users/jamesalford/Library/Developer/Xcode/DerivedData/NotedCore-ftviuoyqruynvwbzbngenbwxsygv/Build/Products/Debug-iphonesimulator/PackageFrameworks -F /Users/jamesalford/Library/Developer/Xcode/DerivedData/NotedCore-ftviuoyqruynvwbzbngenbwxsygv/Build/Products/Debug-iphonesimulator -F /Applications/Xcode.app/Contents/Developer/Platforms/iPhoneSimulator.platform/Developer/Library/Frameworks -F /Applications/Xcode.app/Contents/Developer/Platforms/iPhoneSimulator.platform/Developer/SDKs/iPhoneSimulator26.0.sdk/Developer/Library/Frameworks -c -j14 -enable-batch-mode -incremental -Xcc -ivfsstatcache -Xcc /Users/jamesalford/Library/Developer/Xcode/DerivedData/SDKStatCaches.noindex/iphonesimulator26.0-23A339-3885c01c3e6b6a337905948deab2002e26257891a6c027eb51374368541b8346.sdkstatcache -output-file-map /Users/jamesalford/Library/Developer/Xcode/DerivedData/NotedCore-ftviuoyqruynvwbzbngenbwxsygv/Build/Intermediates.noindex/swift-transformers.build/Debug-iphonesimulator/Generation.build/Objects-normal/arm64/Generation-OutputFileMap.json -use-frontend-parseable-output -save-temps -no-color-diagnostics -explicit-module-build -module-cache-path /Users/jamesalford/Library/Developer/Xcode/DerivedData/NotedCore-ftviuoyqruynvwbzbngenbwxsygv/Build/Intermediates.noindex/SwiftExplicitPrecompiledModules -clang-scanner-module-cache-path /Users/jamesalford/Library/Developer/Xcode/DerivedData/ModuleCache.noindex -sdk-module-cache-path /Users/jamesalford/Library/Developer/Xcode/DerivedData/ModuleCache.noindex -serialize-diagnostics -emit-dependencies -emit-module -emit-module-path /Users/jamesalford/Library/Developer/Xcode/DerivedData/NotedCore-ftviuoyqruynvwbzbngenbwxsygv/Build/Intermediates.noindex/swift-transformers.build/Debug-iphonesimulator/Generation.build/Objects-normal/arm64/Generation.swiftmodule -validate-clang-modules-once -clang-build-session-file /Users/jamesalford/Library/Developer/Xcode/DerivedData/ModuleCache.noindex/Session.modulevalidation -Xcc -I/Users/jamesalford/Library/Developer/Xcode/DerivedData/NotedCore-ftviuoyqruynvwbzbngenbwxsygv/Build/Intermediates.noindex/swift-transformers.build/Debug-iphonesimulator/Generation.build/swift-overrides.hmap -emit-const-values -Xfrontend -const-gather-protocols-file -Xfrontend /Users/jamesalford/Library/Developer/Xcode/DerivedData/NotedCore-ftviuoyqruynvwbzbngenbwxsygv/Build/Intermediates.noindex/swift-transformers.build/Debug-iphonesimulator/Generation.build/Objects-normal/arm64/Generation_const_extract_protocols.json -Xcc -I/Users/jamesalford/Library/Developer/Xcode/DerivedData/NotedCore-ftviuoyqruynvwbzbngenbwxsygv/Build/Products/Debug-iphonesimulator/include -Xcc -I/Users/jamesalford/Library/Developer/Xcode/DerivedData/NotedCore-ftviuoyqruynvwbzbngenbwxsygv/Build/Intermediates.noindex/swift-transformers.build/Debug-iphonesimulator/Generation.build/DerivedSources-normal/arm64 -Xcc -I/Users/jamesalford/Library/Developer/Xcode/DerivedData/NotedCore-ftviuoyqruynvwbzbngenbwxsygv/Build/Intermediates.noindex/swift-transformers.build/Debug-iphonesimulator/Generation.build/DerivedSources/arm64 -Xcc -I/Users/jamesalford/Library/Developer/Xcode/DerivedData/NotedCore-ftviuoyqruynvwbzbngenbwxsygv/Build/Intermediates.noindex/swift-transformers.build/Debug-iphonesimulator/Generation.build/DerivedSources -Xcc -DSWIFT_PACKAGE -Xcc -DDEBUG\=1 -emit-objc-header -emit-objc-header-path /Users/jamesalford/Library/Developer/Xcode/DerivedData/NotedCore-ftviuoyqruynvwbzbngenbwxsygv/Build/Intermediates.noindex/swift-transformers.build/Debug-iphonesimulator/Generation.build/Objects-normal/arm64/Generation-Swift.h -working-directory /Users/jamesalford/Documents/NotedCore/NotedCore.xcodeproj -experimental-emit-module-separately -disable-cmo

SwiftDriverJobDiscovery normal arm64 Compiling UnigramTokenizer.swift (in target 'Tokenizers' from project 'swift-transformers')

SwiftDriverJobDiscovery normal arm64 Compiling BertTokenizer.swift (in target 'Tokenizers' from project 'swift-transformers')

SwiftDriverJobDiscovery normal arm64 Compiling Decoder.swift (in target 'Tokenizers' from project 'swift-transformers')

SwiftDriverJobDiscovery normal arm64 Compiling Utils.swift (in target 'Tokenizers' from project 'swift-transformers')

SwiftDriverJobDiscovery normal arm64 Compiling Trie.swift (in target 'Tokenizers' from project 'swift-transformers')

SwiftDriverJobDiscovery normal arm64 Compiling Tokenizer.swift (in target 'Tokenizers' from project 'swift-transformers')

SwiftDriverJobDiscovery normal arm64 Compiling Environment.swift (in target 'Jinja' from project 'Jinja')

SwiftDriver\ Compilation Jinja normal arm64 com.apple.xcode.tools.swift.compiler (in target 'Jinja' from project 'Jinja')
    cd /Users/jamesalford/Documents/NotedCore/NotedCore.xcodeproj
    builtin-Swift-Compilation -- /Applications/Xcode.app/Contents/Developer/Toolchains/XcodeDefault.xctoolchain/usr/bin/swiftc -module-name Jinja -Onone -enforce-exclusivity\=checked @/Users/jamesalford/Library/Developer/Xcode/DerivedData/NotedCore-ftviuoyqruynvwbzbngenbwxsygv/Build/Intermediates.noindex/Jinja.build/Debug-iphonesimulator/Jinja.build/Objects-normal/arm64/Jinja.SwiftFileList -DSWIFT_PACKAGE -DDEBUG -DSWIFT_MODULE_RESOURCE_BUNDLE_UNAVAILABLE -DXcode -enable-upcoming-feature BareSlashRegexLiterals -enable-experimental-feature StrictConcurrency -plugin-path /Applications/Xcode.app/Contents/Developer/Toolchains/XcodeDefault.xctoolchain/usr/lib/swift/host/plugins/testing -enable-experimental-feature DebugDescriptionMacro -sdk /Applications/Xcode.app/Contents/Developer/Platforms/iPhoneSimulator.platform/Developer/SDKs/iPhoneSimulator26.0.sdk -target arm64-apple-ios16.0-simulator -g -module-cache-path /Users/jamesalford/Library/Developer/Xcode/DerivedData/ModuleCache.noindex -Xfrontend -serialize-debugging-options -profile-coverage-mapping -profile-generate -enable-testing -suppress-warnings -index-store-path /Users/jamesalford/Library/Developer/Xcode/DerivedData/NotedCore-ftviuoyqruynvwbzbngenbwxsygv/Index.noindex/DataStore -Xcc -D_LIBCPP_HARDENING_MODE\=_LIBCPP_HARDENING_MODE_DEBUG -swift-version 5 -I /Users/jamesalford/Library/Developer/Xcode/DerivedData/NotedCore-ftviuoyqruynvwbzbngenbwxsygv/Build/Products/Debug-iphonesimulator -Isystem /Applications/Xcode.app/Contents/Developer/Platforms/iPhoneSimulator.platform/Developer/usr/lib -F /Users/jamesalford/Library/Developer/Xcode/DerivedData/NotedCore-ftviuoyqruynvwbzbngenbwxsygv/Build/Products/Debug-iphonesimulator/PackageFrameworks -F /Users/jamesalford/Library/Developer/Xcode/DerivedData/NotedCore-ftviuoyqruynvwbzbngenbwxsygv/Build/Products/Debug-iphonesimulator/PackageFrameworks -F /Users/jamesalford/Library/Developer/Xcode/DerivedData/NotedCore-ftviuoyqruynvwbzbngenbwxsygv/Build/Products/Debug-iphonesimulator -F /Applications/Xcode.app/Contents/Developer/Platforms/iPhoneSimulator.platform/Developer/Library/Frameworks -F /Applications/Xcode.app/Contents/Developer/Platforms/iPhoneSimulator.platform/Developer/SDKs/iPhoneSimulator26.0.sdk/Developer/Library/Frameworks -c -j14 -enable-batch-mode -incremental -Xcc -ivfsstatcache -Xcc /Users/jamesalford/Library/Developer/Xcode/DerivedData/SDKStatCaches.noindex/iphonesimulator26.0-23A339-3885c01c3e6b6a337905948deab2002e26257891a6c027eb51374368541b8346.sdkstatcache -output-file-map /Users/jamesalford/Library/Developer/Xcode/DerivedData/NotedCore-ftviuoyqruynvwbzbngenbwxsygv/Build/Intermediates.noindex/Jinja.build/Debug-iphonesimulator/Jinja.build/Objects-normal/arm64/Jinja-OutputFileMap.json -use-frontend-parseable-output -save-temps -no-color-diagnostics -explicit-module-build -module-cache-path /Users/jamesalford/Library/Developer/Xcode/DerivedData/NotedCore-ftviuoyqruynvwbzbngenbwxsygv/Build/Intermediates.noindex/SwiftExplicitPrecompiledModules -clang-scanner-module-cache-path /Users/jamesalford/Library/Developer/Xcode/DerivedData/ModuleCache.noindex -sdk-module-cache-path /Users/jamesalford/Library/Developer/Xcode/DerivedData/ModuleCache.noindex -serialize-diagnostics -emit-dependencies -emit-module -emit-module-path /Users/jamesalford/Library/Developer/Xcode/DerivedData/NotedCore-ftviuoyqruynvwbzbngenbwxsygv/Build/Intermediates.noindex/Jinja.build/Debug-iphonesimulator/Jinja.build/Objects-normal/arm64/Jinja.swiftmodule -validate-clang-modules-once -clang-build-session-file /Users/jamesalford/Library/Developer/Xcode/DerivedData/ModuleCache.noindex/Session.modulevalidation -package-name jinja -Xcc -I/Users/jamesalford/Library/Developer/Xcode/DerivedData/NotedCore-ftviuoyqruynvwbzbngenbwxsygv/Build/Intermediates.noindex/Jinja.build/Debug-iphonesimulator/Jinja.build/swift-overrides.hmap -emit-const-values -Xfrontend -const-gather-protocols-file -Xfrontend /Users/jamesalford/Library/Developer/Xcode/DerivedData/NotedCore-ftviuoyqruynvwbzbngenbwxsygv/Build/Intermediates.noindex/Jinja.build/Debug-iphonesimulator/Jinja.build/Objects-normal/arm64/Jinja_const_extract_protocols.json -Xcc -I/Users/jamesalford/Library/Developer/Xcode/DerivedData/NotedCore-ftviuoyqruynvwbzbngenbwxsygv/Build/Products/Debug-iphonesimulator/include -Xcc -I/Users/jamesalford/Library/Developer/Xcode/DerivedData/NotedCore-ftviuoyqruynvwbzbngenbwxsygv/Build/Intermediates.noindex/Jinja.build/Debug-iphonesimulator/Jinja.build/DerivedSources-normal/arm64 -Xcc -I/Users/jamesalford/Library/Developer/Xcode/DerivedData/NotedCore-ftviuoyqruynvwbzbngenbwxsygv/Build/Intermediates.noindex/Jinja.build/Debug-iphonesimulator/Jinja.build/DerivedSources/arm64 -Xcc -I/Users/jamesalford/Library/Developer/Xcode/DerivedData/NotedCore-ftviuoyqruynvwbzbngenbwxsygv/Build/Intermediates.noindex/Jinja.build/Debug-iphonesimulator/Jinja.build/DerivedSources -Xcc -DSWIFT_PACKAGE -Xcc -DDEBUG\=1 -emit-objc-header -emit-objc-header-path /Users/jamesalford/Library/Developer/Xcode/DerivedData/NotedCore-ftviuoyqruynvwbzbngenbwxsygv/Build/Intermediates.noindex/Jinja.build/Debug-iphonesimulator/Jinja.build/Objects-normal/arm64/Jinja-Swift.h -working-directory /Users/jamesalford/Documents/NotedCore/NotedCore.xcodeproj -experimental-emit-module-separately -disable-cmo

Ld /Users/jamesalford/Library/Developer/Xcode/DerivedData/NotedCore-ftviuoyqruynvwbzbngenbwxsygv/Build/Products/Debug-iphonesimulator/Jinja.o normal (in target 'Jinja' from project 'Jinja')
    cd /Users/jamesalford/Library/Developer/Xcode/DerivedData/NotedCore-ftviuoyqruynvwbzbngenbwxsygv/SourcePackages/checkouts/Jinja
    /Applications/Xcode.app/Contents/Developer/Toolchains/XcodeDefault.xctoolchain/usr/bin/clang -Xlinker -reproducible -target arm64-apple-ios16.0-simulator -r -isysroot /Applications/Xcode.app/Contents/Developer/Platforms/iPhoneSimulator.platform/Developer/SDKs/iPhoneSimulator26.0.sdk -O0 -w -L/Users/jamesalford/Library/Developer/Xcode/DerivedData/NotedCore-ftviuoyqruynvwbzbngenbwxsygv/Build/Intermediates.noindex/EagerLinkingTBDs/Debug-iphonesimulator -L/Users/jamesalford/Library/Developer/Xcode/DerivedData/NotedCore-ftviuoyqruynvwbzbngenbwxsygv/Build/Products/Debug-iphonesimulator -L/Applications/Xcode.app/Contents/Developer/Platforms/iPhoneSimulator.platform/Developer/usr/lib -F/Users/jamesalford/Library/Developer/Xcode/DerivedData/NotedCore-ftviuoyqruynvwbzbngenbwxsygv/Build/Intermediates.noindex/EagerLinkingTBDs/Debug-iphonesimulator -F/Users/jamesalford/Library/Developer/Xcode/DerivedData/NotedCore-ftviuoyqruynvwbzbngenbwxsygv/Build/Products/Debug-iphonesimulator/PackageFrameworks -F/Users/jamesalford/Library/Developer/Xcode/DerivedData/NotedCore-ftviuoyqruynvwbzbngenbwxsygv/Build/Products/Debug-iphonesimulator/PackageFrameworks -F/Users/jamesalford/Library/Developer/Xcode/DerivedData/NotedCore-ftviuoyqruynvwbzbngenbwxsygv/Build/Products/Debug-iphonesimulator -iframework /Applications/Xcode.app/Contents/Developer/Platforms/iPhoneSimulator.platform/Developer/Library/Frameworks -iframework /Applications/Xcode.app/Contents/Developer/Platforms/iPhoneSimulator.platform/Developer/SDKs/iPhoneSimulator26.0.sdk/Developer/Library/Frameworks -filelist /Users/jamesalford/Library/Developer/Xcode/DerivedData/NotedCore-ftviuoyqruynvwbzbngenbwxsygv/Build/Intermediates.noindex/Jinja.build/Debug-iphonesimulator/Jinja.build/Objects-normal/arm64/Jinja.LinkFileList -nostdlib -Xlinker -object_path_lto -Xlinker /Users/jamesalford/Library/Developer/Xcode/DerivedData/NotedCore-ftviuoyqruynvwbzbngenbwxsygv/Build/Intermediates.noindex/Jinja.build/Debug-iphonesimulator/Jinja.build/Objects-normal/arm64/Jinja_lto.o -rdynamic -Xlinker -no_deduplicate -Xlinker -objc_abi_version -Xlinker 2 -Xlinker -debug_variant -Xlinker -dependency_info -Xlinker /Users/jamesalford/Library/Developer/Xcode/DerivedData/NotedCore-ftviuoyqruynvwbzbngenbwxsygv/Build/Intermediates.noindex/Jinja.build/Debug-iphonesimulator/Jinja.build/Objects-normal/arm64/Jinja_dependency_info.dat -fobjc-link-runtime -L/Applications/Xcode.app/Contents/Developer/Toolchains/XcodeDefault.xctoolchain/usr/lib/swift/iphonesimulator -L/usr/lib/swift -Xlinker -add_ast_path -Xlinker /Users/jamesalford/Library/Developer/Xcode/DerivedData/NotedCore-ftviuoyqruynvwbzbngenbwxsygv/Build/Intermediates.noindex/Jinja.build/Debug-iphonesimulator/Jinja.build/Objects-normal/arm64/Jinja.swiftmodule @/Users/jamesalford/Library/Developer/Xcode/DerivedData/NotedCore-ftviuoyqruynvwbzbngenbwxsygv/Build/Intermediates.noindex/Jinja.build/Debug-iphonesimulator/Jinja.build/Objects-normal/arm64/Jinja-linker-args.resp -o /Users/jamesalford/Library/Developer/Xcode/DerivedData/NotedCore-ftviuoyqruynvwbzbngenbwxsygv/Build/Products/Debug-iphonesimulator/Jinja.o

SwiftDriverJobDiscovery normal arm64 Compiling PreTokenizer.swift (in target 'Tokenizers' from project 'swift-transformers')

SwiftCompile normal arm64 Compiling\ GenerationConfig.swift /Users/jamesalford/Library/Developer/Xcode/DerivedData/NotedCore-ftviuoyqruynvwbzbngenbwxsygv/SourcePackages/checkouts/swift-transformers/Sources/Generation/GenerationConfig.swift (in target 'Generation' from project 'swift-transformers')

SwiftCompile normal arm64 /Users/jamesalford/Library/Developer/Xcode/DerivedData/NotedCore-ftviuoyqruynvwbzbngenbwxsygv/SourcePackages/checkouts/swift-transformers/Sources/Generation/GenerationConfig.swift (in target 'Generation' from project 'swift-transformers')
    cd /Users/jamesalford/Documents/NotedCore/NotedCore.xcodeproj
    

SwiftCompile normal arm64 Compiling\ Generation.swift /Users/jamesalford/Library/Developer/Xcode/DerivedData/NotedCore-ftviuoyqruynvwbzbngenbwxsygv/SourcePackages/checkouts/swift-transformers/Sources/Generation/Generation.swift (in target 'Generation' from project 'swift-transformers')

SwiftCompile normal arm64 /Users/jamesalford/Library/Developer/Xcode/DerivedData/NotedCore-ftviuoyqruynvwbzbngenbwxsygv/SourcePackages/checkouts/swift-transformers/Sources/Generation/Generation.swift (in target 'Generation' from project 'swift-transformers')
    cd /Users/jamesalford/Documents/NotedCore/NotedCore.xcodeproj
    

SwiftEmitModule normal arm64 Emitting\ module\ for\ Generation (in target 'Generation' from project 'swift-transformers')

EmitSwiftModule normal arm64 (in target 'Generation' from project 'swift-transformers')
    cd /Users/jamesalford/Documents/NotedCore/NotedCore.xcodeproj
    

ExtractAppIntentsMetadata (in target 'Jinja' from project 'Jinja')
    cd /Users/jamesalford/Library/Developer/Xcode/DerivedData/NotedCore-ftviuoyqruynvwbzbngenbwxsygv/SourcePackages/checkouts/Jinja
    /Applications/Xcode.app/Contents/Developer/Toolchains/XcodeDefault.xctoolchain/usr/bin/appintentsmetadataprocessor --toolchain-dir /var/run/com.apple.security.cryptexd/mnt/com.apple.MobileAsset.MetalToolchain-v17.1.324.0.6zKCg8/Metal.xctoolchain --module-name Jinja --sdk-root /Applications/Xcode.app/Contents/Developer/Platforms/iPhoneSimulator.platform/Developer/SDKs/iPhoneSimulator26.0.sdk --xcode-version 17A400 --platform-family iOS --deployment-target 16.0 --bundle-identifier jinja.Jinja --output /Users/jamesalford/Library/Developer/Xcode/DerivedData/NotedCore-ftviuoyqruynvwbzbngenbwxsygv/Build/Products/Debug-iphonesimulator/Jinja.appintents --target-triple arm64-apple-ios16.0-simulator --binary-file /Users/jamesalford/Library/Developer/Xcode/DerivedData/NotedCore-ftviuoyqruynvwbzbngenbwxsygv/Build/Products/Debug-iphonesimulator/Jinja.o --dependency-file /Users/jamesalford/Library/Developer/Xcode/DerivedData/NotedCore-ftviuoyqruynvwbzbngenbwxsygv/Build/Intermediates.noindex/Jinja.build/Debug-iphonesimulator/Jinja.build/Objects-normal/arm64/Jinja_dependency_info.dat --stringsdata-file /Users/jamesalford/Library/Developer/Xcode/DerivedData/NotedCore-ftviuoyqruynvwbzbngenbwxsygv/Build/Intermediates.noindex/Jinja.build/Debug-iphonesimulator/Jinja.build/Objects-normal/arm64/ExtractedAppShortcutsMetadata.stringsdata --source-file-list /Users/jamesalford/Library/Developer/Xcode/DerivedData/NotedCore-ftviuoyqruynvwbzbngenbwxsygv/Build/Intermediates.noindex/Jinja.build/Debug-iphonesimulator/Jinja.build/Objects-normal/arm64/Jinja.SwiftFileList --metadata-file-list /Users/jamesalford/Library/Developer/Xcode/DerivedData/NotedCore-ftviuoyqruynvwbzbngenbwxsygv/Build/Intermediates.noindex/Jinja.build/Debug-iphonesimulator/Jinja.build/Jinja.DependencyMetadataFileList --static-metadata-file-list /Users/jamesalford/Library/Developer/Xcode/DerivedData/NotedCore-ftviuoyqruynvwbzbngenbwxsygv/Build/Intermediates.noindex/Jinja.build/Debug-iphonesimulator/Jinja.build/Jinja.DependencyStaticMetadataFileList --swift-const-vals-list /Users/jamesalford/Library/Developer/Xcode/DerivedData/NotedCore-ftviuoyqruynvwbzbngenbwxsygv/Build/Intermediates.noindex/Jinja.build/Debug-iphonesimulator/Jinja.build/Objects-normal/arm64/Jinja.SwiftConstValuesFileList --force --compile-time-extraction --deployment-aware-processing --validate-assistant-intents --no-app-shortcuts-localization
2025-09-28 17:43:11.483 appintentsmetadataprocessor[15123:1557912] Starting appintentsmetadataprocessor export
2025-09-28 17:43:11.570 appintentsmetadataprocessor[15123:1557912] Extracted no relevant App Intents symbols, skipping writing output

SwiftDriverJobDiscovery normal arm64 Compiling PostProcessor.swift (in target 'Tokenizers' from project 'swift-transformers')

SwiftDriverJobDiscovery normal arm64 Compiling Normalizer.swift (in target 'Tokenizers' from project 'swift-transformers')

SwiftDriver\ Compilation Tokenizers normal arm64 com.apple.xcode.tools.swift.compiler (in target 'Tokenizers' from project 'swift-transformers')
    cd /Users/jamesalford/Documents/NotedCore/NotedCore.xcodeproj
    builtin-Swift-Compilation -- /Applications/Xcode.app/Contents/Developer/Toolchains/XcodeDefault.xctoolchain/usr/bin/swiftc -module-name Tokenizers -Onone -enforce-exclusivity\=checked @/Users/jamesalford/Library/Developer/Xcode/DerivedData/NotedCore-ftviuoyqruynvwbzbngenbwxsygv/Build/Intermediates.noindex/swift-transformers.build/Debug-iphonesimulator/Tokenizers.build/Objects-normal/arm64/Tokenizers.SwiftFileList -DSWIFT_PACKAGE -DDEBUG -DSWIFT_MODULE_RESOURCE_BUNDLE_UNAVAILABLE -DXcode -plugin-path /Applications/Xcode.app/Contents/Developer/Toolchains/XcodeDefault.xctoolchain/usr/lib/swift/host/plugins/testing -enable-experimental-feature DebugDescriptionMacro -sdk /Applications/Xcode.app/Contents/Developer/Platforms/iPhoneSimulator.platform/Developer/SDKs/iPhoneSimulator26.0.sdk -target arm64-apple-ios16.0-simulator -g -module-cache-path /Users/jamesalford/Library/Developer/Xcode/DerivedData/ModuleCache.noindex -Xfrontend -serialize-debugging-options -profile-coverage-mapping -profile-generate -enable-testing -suppress-warnings -index-store-path /Users/jamesalford/Library/Developer/Xcode/DerivedData/NotedCore-ftviuoyqruynvwbzbngenbwxsygv/Index.noindex/DataStore -Xcc -D_LIBCPP_HARDENING_MODE\=_LIBCPP_HARDENING_MODE_DEBUG -swift-version 5 -I /Users/jamesalford/Library/Developer/Xcode/DerivedData/NotedCore-ftviuoyqruynvwbzbngenbwxsygv/Build/Products/Debug-iphonesimulator -Isystem /Applications/Xcode.app/Contents/Developer/Platforms/iPhoneSimulator.platform/Developer/usr/lib -F /Users/jamesalford/Library/Developer/Xcode/DerivedData/NotedCore-ftviuoyqruynvwbzbngenbwxsygv/Build/Products/Debug-iphonesimulator/PackageFrameworks -F /Users/jamesalford/Library/Developer/Xcode/DerivedData/NotedCore-ftviuoyqruynvwbzbngenbwxsygv/Build/Products/Debug-iphonesimulator/PackageFrameworks -F /Users/jamesalford/Library/Developer/Xcode/DerivedData/NotedCore-ftviuoyqruynvwbzbngenbwxsygv/Build/Products/Debug-iphonesimulator/PackageFrameworks -F /Users/jamesalford/Library/Developer/Xcode/DerivedData/NotedCore-ftviuoyqruynvwbzbngenbwxsygv/Build/Products/Debug-iphonesimulator/PackageFrameworks -F /Users/jamesalford/Library/Developer/Xcode/DerivedData/NotedCore-ftviuoyqruynvwbzbngenbwxsygv/Build/Products/Debug-iphonesimulator -F /Applications/Xcode.app/Contents/Developer/Platforms/iPhoneSimulator.platform/Developer/Library/Frameworks -F /Applications/Xcode.app/Contents/Developer/Platforms/iPhoneSimulator.platform/Developer/SDKs/iPhoneSimulator26.0.sdk/Developer/Library/Frameworks -c -j14 -enable-batch-mode -incremental -Xcc -ivfsstatcache -Xcc /Users/jamesalford/Library/Developer/Xcode/DerivedData/SDKStatCaches.noindex/iphonesimulator26.0-23A339-3885c01c3e6b6a337905948deab2002e26257891a6c027eb51374368541b8346.sdkstatcache -output-file-map /Users/jamesalford/Library/Developer/Xcode/DerivedData/NotedCore-ftviuoyqruynvwbzbngenbwxsygv/Build/Intermediates.noindex/swift-transformers.build/Debug-iphonesimulator/Tokenizers.build/Objects-normal/arm64/Tokenizers-OutputFileMap.json -use-frontend-parseable-output -save-temps -no-color-diagnostics -explicit-module-build -module-cache-path /Users/jamesalford/Library/Developer/Xcode/DerivedData/NotedCore-ftviuoyqruynvwbzbngenbwxsygv/Build/Intermediates.noindex/SwiftExplicitPrecompiledModules -clang-scanner-module-cache-path /Users/jamesalford/Library/Developer/Xcode/DerivedData/ModuleCache.noindex -sdk-module-cache-path /Users/jamesalford/Library/Developer/Xcode/DerivedData/ModuleCache.noindex -serialize-diagnostics -emit-dependencies -emit-module -emit-module-path /Users/jamesalford/Library/Developer/Xcode/DerivedData/NotedCore-ftviuoyqruynvwbzbngenbwxsygv/Build/Intermediates.noindex/swift-transformers.build/Debug-iphonesimulator/Tokenizers.build/Objects-normal/arm64/Tokenizers.swiftmodule -validate-clang-modules-once -clang-build-session-file /Users/jamesalford/Library/Developer/Xcode/DerivedData/ModuleCache.noindex/Session.modulevalidation -Xcc -I/Users/jamesalford/Library/Developer/Xcode/DerivedData/NotedCore-ftviuoyqruynvwbzbngenbwxsygv/Build/Intermediates.noindex/swift-transformers.build/Debug-iphonesimulator/Tokenizers.build/swift-overrides.hmap -emit-const-values -Xfrontend -const-gather-protocols-file -Xfrontend /Users/jamesalford/Library/Developer/Xcode/DerivedData/NotedCore-ftviuoyqruynvwbzbngenbwxsygv/Build/Intermediates.noindex/swift-transformers.build/Debug-iphonesimulator/Tokenizers.build/Objects-normal/arm64/Tokenizers_const_extract_protocols.json -Xcc -I/Users/jamesalford/Library/Developer/Xcode/DerivedData/NotedCore-ftviuoyqruynvwbzbngenbwxsygv/Build/Products/Debug-iphonesimulator/include -Xcc -I/Users/jamesalford/Library/Developer/Xcode/DerivedData/NotedCore-ftviuoyqruynvwbzbngenbwxsygv/Build/Intermediates.noindex/swift-transformers.build/Debug-iphonesimulator/Tokenizers.build/DerivedSources-normal/arm64 -Xcc -I/Users/jamesalford/Library/Developer/Xcode/DerivedData/NotedCore-ftviuoyqruynvwbzbngenbwxsygv/Build/Intermediates.noindex/swift-transformers.build/Debug-iphonesimulator/Tokenizers.build/DerivedSources/arm64 -Xcc -I/Users/jamesalford/Library/Developer/Xcode/DerivedData/NotedCore-ftviuoyqruynvwbzbngenbwxsygv/Build/Intermediates.noindex/swift-transformers.build/Debug-iphonesimulator/Tokenizers.build/DerivedSources -Xcc -DSWIFT_PACKAGE -Xcc -DDEBUG\=1 -emit-objc-header -emit-objc-header-path /Users/jamesalford/Library/Developer/Xcode/DerivedData/NotedCore-ftviuoyqruynvwbzbngenbwxsygv/Build/Intermediates.noindex/swift-transformers.build/Debug-iphonesimulator/Tokenizers.build/Objects-normal/arm64/Tokenizers-Swift.h -working-directory /Users/jamesalford/Documents/NotedCore/NotedCore.xcodeproj -experimental-emit-module-separately -disable-cmo

SwiftDriverJobDiscovery normal arm64 Emitting module for Generation (in target 'Generation' from project 'swift-transformers')

SwiftDriver\ Compilation\ Requirements Generation normal arm64 com.apple.xcode.tools.swift.compiler (in target 'Generation' from project 'swift-transformers')
    cd /Users/jamesalford/Documents/NotedCore/NotedCore.xcodeproj
    builtin-Swift-Compilation-Requirements -- /Applications/Xcode.app/Contents/Developer/Toolchains/XcodeDefault.xctoolchain/usr/bin/swiftc -module-name Generation -Onone -enforce-exclusivity\=checked @/Users/jamesalford/Library/Developer/Xcode/DerivedData/NotedCore-ftviuoyqruynvwbzbngenbwxsygv/Build/Intermediates.noindex/swift-transformers.build/Debug-iphonesimulator/Generation.build/Objects-normal/arm64/Generation.SwiftFileList -DSWIFT_PACKAGE -DDEBUG -DSWIFT_MODULE_RESOURCE_BUNDLE_UNAVAILABLE -DXcode -plugin-path /Applications/Xcode.app/Contents/Developer/Toolchains/XcodeDefault.xctoolchain/usr/lib/swift/host/plugins/testing -enable-experimental-feature DebugDescriptionMacro -sdk /Applications/Xcode.app/Contents/Developer/Platforms/iPhoneSimulator.platform/Developer/SDKs/iPhoneSimulator26.0.sdk -target arm64-apple-ios16.0-simulator -g -module-cache-path /Users/jamesalford/Library/Developer/Xcode/DerivedData/ModuleCache.noindex -Xfrontend -serialize-debugging-options -profile-coverage-mapping -profile-generate -enable-testing -suppress-warnings -index-store-path /Users/jamesalford/Library/Developer/Xcode/DerivedData/NotedCore-ftviuoyqruynvwbzbngenbwxsygv/Index.noindex/DataStore -Xcc -D_LIBCPP_HARDENING_MODE\=_LIBCPP_HARDENING_MODE_DEBUG -swift-version 5 -I /Users/jamesalford/Library/Developer/Xcode/DerivedData/NotedCore-ftviuoyqruynvwbzbngenbwxsygv/Build/Products/Debug-iphonesimulator -Isystem /Applications/Xcode.app/Contents/Developer/Platforms/iPhoneSimulator.platform/Developer/usr/lib -F /Users/jamesalford/Library/Developer/Xcode/DerivedData/NotedCore-ftviuoyqruynvwbzbngenbwxsygv/Build/Products/Debug-iphonesimulator/PackageFrameworks -F /Users/jamesalford/Library/Developer/Xcode/DerivedData/NotedCore-ftviuoyqruynvwbzbngenbwxsygv/Build/Products/Debug-iphonesimulator/PackageFrameworks -F /Users/jamesalford/Library/Developer/Xcode/DerivedData/NotedCore-ftviuoyqruynvwbzbngenbwxsygv/Build/Products/Debug-iphonesimulator/PackageFrameworks -F /Users/jamesalford/Library/Developer/Xcode/DerivedData/NotedCore-ftviuoyqruynvwbzbngenbwxsygv/Build/Products/Debug-iphonesimulator/PackageFrameworks -F /Users/jamesalford/Library/Developer/Xcode/DerivedData/NotedCore-ftviuoyqruynvwbzbngenbwxsygv/Build/Products/Debug-iphonesimulator/PackageFrameworks -F /Users/jamesalford/Library/Developer/Xcode/DerivedData/NotedCore-ftviuoyqruynvwbzbngenbwxsygv/Build/Products/Debug-iphonesimulator/PackageFrameworks -F /Users/jamesalford/Library/Developer/Xcode/DerivedData/NotedCore-ftviuoyqruynvwbzbngenbwxsygv/Build/Products/Debug-iphonesimulator -F /Applications/Xcode.app/Contents/Developer/Platforms/iPhoneSimulator.platform/Developer/Library/Frameworks -F /Applications/Xcode.app/Contents/Developer/Platforms/iPhoneSimulator.platform/Developer/SDKs/iPhoneSimulator26.0.sdk/Developer/Library/Frameworks -c -j14 -enable-batch-mode -incremental -Xcc -ivfsstatcache -Xcc /Users/jamesalford/Library/Developer/Xcode/DerivedData/SDKStatCaches.noindex/iphonesimulator26.0-23A339-3885c01c3e6b6a337905948deab2002e26257891a6c027eb51374368541b8346.sdkstatcache -output-file-map /Users/jamesalford/Library/Developer/Xcode/DerivedData/NotedCore-ftviuoyqruynvwbzbngenbwxsygv/Build/Intermediates.noindex/swift-transformers.build/Debug-iphonesimulator/Generation.build/Objects-normal/arm64/Generation-OutputFileMap.json -use-frontend-parseable-output -save-temps -no-color-diagnostics -explicit-module-build -module-cache-path /Users/jamesalford/Library/Developer/Xcode/DerivedData/NotedCore-ftviuoyqruynvwbzbngenbwxsygv/Build/Intermediates.noindex/SwiftExplicitPrecompiledModules -clang-scanner-module-cache-path /Users/jamesalford/Library/Developer/Xcode/DerivedData/ModuleCache.noindex -sdk-module-cache-path /Users/jamesalford/Library/Developer/Xcode/DerivedData/ModuleCache.noindex -serialize-diagnostics -emit-dependencies -emit-module -emit-module-path /Users/jamesalford/Library/Developer/Xcode/DerivedData/NotedCore-ftviuoyqruynvwbzbngenbwxsygv/Build/Intermediates.noindex/swift-transformers.build/Debug-iphonesimulator/Generation.build/Objects-normal/arm64/Generation.swiftmodule -validate-clang-modules-once -clang-build-session-file /Users/jamesalford/Library/Developer/Xcode/DerivedData/ModuleCache.noindex/Session.modulevalidation -Xcc -I/Users/jamesalford/Library/Developer/Xcode/DerivedData/NotedCore-ftviuoyqruynvwbzbngenbwxsygv/Build/Intermediates.noindex/swift-transformers.build/Debug-iphonesimulator/Generation.build/swift-overrides.hmap -emit-const-values -Xfrontend -const-gather-protocols-file -Xfrontend /Users/jamesalford/Library/Developer/Xcode/DerivedData/NotedCore-ftviuoyqruynvwbzbngenbwxsygv/Build/Intermediates.noindex/swift-transformers.build/Debug-iphonesimulator/Generation.build/Objects-normal/arm64/Generation_const_extract_protocols.json -Xcc -I/Users/jamesalford/Library/Developer/Xcode/DerivedData/NotedCore-ftviuoyqruynvwbzbngenbwxsygv/Build/Products/Debug-iphonesimulator/include -Xcc -I/Users/jamesalford/Library/Developer/Xcode/DerivedData/NotedCore-ftviuoyqruynvwbzbngenbwxsygv/Build/Intermediates.noindex/swift-transformers.build/Debug-iphonesimulator/Generation.build/DerivedSources-normal/arm64 -Xcc -I/Users/jamesalford/Library/Developer/Xcode/DerivedData/NotedCore-ftviuoyqruynvwbzbngenbwxsygv/Build/Intermediates.noindex/swift-transformers.build/Debug-iphonesimulator/Generation.build/DerivedSources/arm64 -Xcc -I/Users/jamesalford/Library/Developer/Xcode/DerivedData/NotedCore-ftviuoyqruynvwbzbngenbwxsygv/Build/Intermediates.noindex/swift-transformers.build/Debug-iphonesimulator/Generation.build/DerivedSources -Xcc -DSWIFT_PACKAGE -Xcc -DDEBUG\=1 -emit-objc-header -emit-objc-header-path /Users/jamesalford/Library/Developer/Xcode/DerivedData/NotedCore-ftviuoyqruynvwbzbngenbwxsygv/Build/Intermediates.noindex/swift-transformers.build/Debug-iphonesimulator/Generation.build/Objects-normal/arm64/Generation-Swift.h -working-directory /Users/jamesalford/Documents/NotedCore/NotedCore.xcodeproj -experimental-emit-module-separately -disable-cmo

SwiftMergeGeneratedHeaders /Users/jamesalford/Library/Developer/Xcode/DerivedData/NotedCore-ftviuoyqruynvwbzbngenbwxsygv/Build/Intermediates.noindex/GeneratedModuleMaps-iphonesimulator/Generation-Swift.h /Users/jamesalford/Library/Developer/Xcode/DerivedData/NotedCore-ftviuoyqruynvwbzbngenbwxsygv/Build/Intermediates.noindex/swift-transformers.build/Debug-iphonesimulator/Generation.build/Objects-normal/arm64/Generation-Swift.h (in target 'Generation' from project 'swift-transformers')
    cd /Users/jamesalford/Library/Developer/Xcode/DerivedData/NotedCore-ftviuoyqruynvwbzbngenbwxsygv/SourcePackages/checkouts/swift-transformers
    builtin-swiftHeaderTool -arch arm64 /Users/jamesalford/Library/Developer/Xcode/DerivedData/NotedCore-ftviuoyqruynvwbzbngenbwxsygv/Build/Intermediates.noindex/swift-transformers.build/Debug-iphonesimulator/Generation.build/Objects-normal/arm64/Generation-Swift.h -o /Users/jamesalford/Library/Developer/Xcode/DerivedData/NotedCore-ftviuoyqruynvwbzbngenbwxsygv/Build/Intermediates.noindex/GeneratedModuleMaps-iphonesimulator/Generation-Swift.h

Copy /Users/jamesalford/Library/Developer/Xcode/DerivedData/NotedCore-ftviuoyqruynvwbzbngenbwxsygv/Build/Products/Debug-iphonesimulator/Generation.swiftmodule/arm64-apple-ios-simulator.abi.json /Users/jamesalford/Library/Developer/Xcode/DerivedData/NotedCore-ftviuoyqruynvwbzbngenbwxsygv/Build/Intermediates.noindex/swift-transformers.build/Debug-iphonesimulator/Generation.build/Objects-normal/arm64/Generation.abi.json (in target 'Generation' from project 'swift-transformers')
    cd /Users/jamesalford/Library/Developer/Xcode/DerivedData/NotedCore-ftviuoyqruynvwbzbngenbwxsygv/SourcePackages/checkouts/swift-transformers
    builtin-copy -exclude .DS_Store -exclude CVS -exclude .svn -exclude .git -exclude .hg -resolve-src-symlinks -rename /Users/jamesalford/Library/Developer/Xcode/DerivedData/NotedCore-ftviuoyqruynvwbzbngenbwxsygv/Build/Intermediates.noindex/swift-transformers.build/Debug-iphonesimulator/Generation.build/Objects-normal/arm64/Generation.abi.json /Users/jamesalford/Library/Developer/Xcode/DerivedData/NotedCore-ftviuoyqruynvwbzbngenbwxsygv/Build/Products/Debug-iphonesimulator/Generation.swiftmodule/arm64-apple-ios-simulator.abi.json

Copy /Users/jamesalford/Library/Developer/Xcode/DerivedData/NotedCore-ftviuoyqruynvwbzbngenbwxsygv/Build/Products/Debug-iphonesimulator/Generation.swiftmodule/arm64-apple-ios-simulator.swiftmodule /Users/jamesalford/Library/Developer/Xcode/DerivedData/NotedCore-ftviuoyqruynvwbzbngenbwxsygv/Build/Intermediates.noindex/swift-transformers.build/Debug-iphonesimulator/Generation.build/Objects-normal/arm64/Generation.swiftmodule (in target 'Generation' from project 'swift-transformers')
    cd /Users/jamesalford/Library/Developer/Xcode/DerivedData/NotedCore-ftviuoyqruynvwbzbngenbwxsygv/SourcePackages/checkouts/swift-transformers
    builtin-copy -exclude .DS_Store -exclude CVS -exclude .svn -exclude .git -exclude .hg -resolve-src-symlinks -rename /Users/jamesalford/Library/Developer/Xcode/DerivedData/NotedCore-ftviuoyqruynvwbzbngenbwxsygv/Build/Intermediates.noindex/swift-transformers.build/Debug-iphonesimulator/Generation.build/Objects-normal/arm64/Generation.swiftmodule /Users/jamesalford/Library/Developer/Xcode/DerivedData/NotedCore-ftviuoyqruynvwbzbngenbwxsygv/Build/Products/Debug-iphonesimulator/Generation.swiftmodule/arm64-apple-ios-simulator.swiftmodule

Copy /Users/jamesalford/Library/Developer/Xcode/DerivedData/NotedCore-ftviuoyqruynvwbzbngenbwxsygv/Build/Products/Debug-iphonesimulator/Generation.swiftmodule/arm64-apple-ios-simulator.swiftdoc /Users/jamesalford/Library/Developer/Xcode/DerivedData/NotedCore-ftviuoyqruynvwbzbngenbwxsygv/Build/Intermediates.noindex/swift-transformers.build/Debug-iphonesimulator/Generation.build/Objects-normal/arm64/Generation.swiftdoc (in target 'Generation' from project 'swift-transformers')
    cd /Users/jamesalford/Library/Developer/Xcode/DerivedData/NotedCore-ftviuoyqruynvwbzbngenbwxsygv/SourcePackages/checkouts/swift-transformers
    builtin-copy -exclude .DS_Store -exclude CVS -exclude .svn -exclude .git -exclude .hg -resolve-src-symlinks -rename /Users/jamesalford/Library/Developer/Xcode/DerivedData/NotedCore-ftviuoyqruynvwbzbngenbwxsygv/Build/Intermediates.noindex/swift-transformers.build/Debug-iphonesimulator/Generation.build/Objects-normal/arm64/Generation.swiftdoc /Users/jamesalford/Library/Developer/Xcode/DerivedData/NotedCore-ftviuoyqruynvwbzbngenbwxsygv/Build/Products/Debug-iphonesimulator/Generation.swiftmodule/arm64-apple-ios-simulator.swiftdoc

Copy /Users/jamesalford/Library/Developer/Xcode/DerivedData/NotedCore-ftviuoyqruynvwbzbngenbwxsygv/Build/Products/Debug-iphonesimulator/Generation.swiftmodule/Project/arm64-apple-ios-simulator.swiftsourceinfo /Users/jamesalford/Library/Developer/Xcode/DerivedData/NotedCore-ftviuoyqruynvwbzbngenbwxsygv/Build/Intermediates.noindex/swift-transformers.build/Debug-iphonesimulator/Generation.build/Objects-normal/arm64/Generation.swiftsourceinfo (in target 'Generation' from project 'swift-transformers')
    cd /Users/jamesalford/Library/Developer/Xcode/DerivedData/NotedCore-ftviuoyqruynvwbzbngenbwxsygv/SourcePackages/checkouts/swift-transformers
    builtin-copy -exclude .DS_Store -exclude CVS -exclude .svn -exclude .git -exclude .hg -resolve-src-symlinks -rename /Users/jamesalford/Library/Developer/Xcode/DerivedData/NotedCore-ftviuoyqruynvwbzbngenbwxsygv/Build/Intermediates.noindex/swift-transformers.build/Debug-iphonesimulator/Generation.build/Objects-normal/arm64/Generation.swiftsourceinfo /Users/jamesalford/Library/Developer/Xcode/DerivedData/NotedCore-ftviuoyqruynvwbzbngenbwxsygv/Build/Products/Debug-iphonesimulator/Generation.swiftmodule/Project/arm64-apple-ios-simulator.swiftsourceinfo

SwiftDriver Models normal arm64 com.apple.xcode.tools.swift.compiler (in target 'Models' from project 'swift-transformers')
    cd /Users/jamesalford/Documents/NotedCore/NotedCore.xcodeproj
    builtin-SwiftDriver -- /Applications/Xcode.app/Contents/Developer/Toolchains/XcodeDefault.xctoolchain/usr/bin/swiftc -module-name Models -Onone -enforce-exclusivity\=checked @/Users/jamesalford/Library/Developer/Xcode/DerivedData/NotedCore-ftviuoyqruynvwbzbngenbwxsygv/Build/Intermediates.noindex/swift-transformers.build/Debug-iphonesimulator/Models.build/Objects-normal/arm64/Models.SwiftFileList -DSWIFT_PACKAGE -DDEBUG -DSWIFT_MODULE_RESOURCE_BUNDLE_UNAVAILABLE -DXcode -plugin-path /Applications/Xcode.app/Contents/Developer/Toolchains/XcodeDefault.xctoolchain/usr/lib/swift/host/plugins/testing -enable-experimental-feature DebugDescriptionMacro -sdk /Applications/Xcode.app/Contents/Developer/Platforms/iPhoneSimulator.platform/Developer/SDKs/iPhoneSimulator26.0.sdk -target arm64-apple-ios16.0-simulator -g -module-cache-path /Users/jamesalford/Library/Developer/Xcode/DerivedData/ModuleCache.noindex -Xfrontend -serialize-debugging-options -profile-coverage-mapping -profile-generate -enable-testing -suppress-warnings -index-store-path /Users/jamesalford/Library/Developer/Xcode/DerivedData/NotedCore-ftviuoyqruynvwbzbngenbwxsygv/Index.noindex/DataStore -Xcc -D_LIBCPP_HARDENING_MODE\=_LIBCPP_HARDENING_MODE_DEBUG -swift-version 5 -I /Users/jamesalford/Library/Developer/Xcode/DerivedData/NotedCore-ftviuoyqruynvwbzbngenbwxsygv/Build/Products/Debug-iphonesimulator -Isystem /Applications/Xcode.app/Contents/Developer/Platforms/iPhoneSimulator.platform/Developer/usr/lib -F /Users/jamesalford/Library/Developer/Xcode/DerivedData/NotedCore-ftviuoyqruynvwbzbngenbwxsygv/Build/Products/Debug-iphonesimulator/PackageFrameworks -F /Users/jamesalford/Library/Developer/Xcode/DerivedData/NotedCore-ftviuoyqruynvwbzbngenbwxsygv/Build/Products/Debug-iphonesimulator/PackageFrameworks -F /Users/jamesalford/Library/Developer/Xcode/DerivedData/NotedCore-ftviuoyqruynvwbzbngenbwxsygv/Build/Products/Debug-iphonesimulator/PackageFrameworks -F /Users/jamesalford/Library/Developer/Xcode/DerivedData/NotedCore-ftviuoyqruynvwbzbngenbwxsygv/Build/Products/Debug-iphonesimulator/PackageFrameworks -F /Users/jamesalford/Library/Developer/Xcode/DerivedData/NotedCore-ftviuoyqruynvwbzbngenbwxsygv/Build/Products/Debug-iphonesimulator/PackageFrameworks -F /Users/jamesalford/Library/Developer/Xcode/DerivedData/NotedCore-ftviuoyqruynvwbzbngenbwxsygv/Build/Products/Debug-iphonesimulator/PackageFrameworks -F /Users/jamesalford/Library/Developer/Xcode/DerivedData/NotedCore-ftviuoyqruynvwbzbngenbwxsygv/Build/Products/Debug-iphonesimulator/PackageFrameworks -F /Users/jamesalford/Library/Developer/Xcode/DerivedData/NotedCore-ftviuoyqruynvwbzbngenbwxsygv/Build/Products/Debug-iphonesimulator -F /Applications/Xcode.app/Contents/Developer/Platforms/iPhoneSimulator.platform/Developer/Library/Frameworks -F /Applications/Xcode.app/Contents/Developer/Platforms/iPhoneSimulator.platform/Developer/SDKs/iPhoneSimulator26.0.sdk/Developer/Library/Frameworks -c -j14 -enable-batch-mode -incremental -Xcc -ivfsstatcache -Xcc /Users/jamesalford/Library/Developer/Xcode/DerivedData/SDKStatCaches.noindex/iphonesimulator26.0-23A339-3885c01c3e6b6a337905948deab2002e26257891a6c027eb51374368541b8346.sdkstatcache -output-file-map /Users/jamesalford/Library/Developer/Xcode/DerivedData/NotedCore-ftviuoyqruynvwbzbngenbwxsygv/Build/Intermediates.noindex/swift-transformers.build/Debug-iphonesimulator/Models.build/Objects-normal/arm64/Models-OutputFileMap.json -use-frontend-parseable-output -save-temps -no-color-diagnostics -explicit-module-build -module-cache-path /Users/jamesalford/Library/Developer/Xcode/DerivedData/NotedCore-ftviuoyqruynvwbzbngenbwxsygv/Build/Intermediates.noindex/SwiftExplicitPrecompiledModules -clang-scanner-module-cache-path /Users/jamesalford/Library/Developer/Xcode/DerivedData/ModuleCache.noindex -sdk-module-cache-path /Users/jamesalford/Library/Developer/Xcode/DerivedData/ModuleCache.noindex -serialize-diagnostics -emit-dependencies -emit-module -emit-module-path /Users/jamesalford/Library/Developer/Xcode/DerivedData/NotedCore-ftviuoyqruynvwbzbngenbwxsygv/Build/Intermediates.noindex/swift-transformers.build/Debug-iphonesimulator/Models.build/Objects-normal/arm64/Models.swiftmodule -validate-clang-modules-once -clang-build-session-file /Users/jamesalford/Library/Developer/Xcode/DerivedData/ModuleCache.noindex/Session.modulevalidation -Xcc -I/Users/jamesalford/Library/Developer/Xcode/DerivedData/NotedCore-ftviuoyqruynvwbzbngenbwxsygv/Build/Intermediates.noindex/swift-transformers.build/Debug-iphonesimulator/Models.build/swift-overrides.hmap -emit-const-values -Xfrontend -const-gather-protocols-file -Xfrontend /Users/jamesalford/Library/Developer/Xcode/DerivedData/NotedCore-ftviuoyqruynvwbzbngenbwxsygv/Build/Intermediates.noindex/swift-transformers.build/Debug-iphonesimulator/Models.build/Objects-normal/arm64/Models_const_extract_protocols.json -Xcc -I/Users/jamesalford/Library/Developer/Xcode/DerivedData/NotedCore-ftviuoyqruynvwbzbngenbwxsygv/Build/Products/Debug-iphonesimulator/include -Xcc -I/Users/jamesalford/Library/Developer/Xcode/DerivedData/NotedCore-ftviuoyqruynvwbzbngenbwxsygv/Build/Intermediates.noindex/swift-transformers.build/Debug-iphonesimulator/Models.build/DerivedSources-normal/arm64 -Xcc -I/Users/jamesalford/Library/Developer/Xcode/DerivedData/NotedCore-ftviuoyqruynvwbzbngenbwxsygv/Build/Intermediates.noindex/swift-transformers.build/Debug-iphonesimulator/Models.build/DerivedSources/arm64 -Xcc -I/Users/jamesalford/Library/Developer/Xcode/DerivedData/NotedCore-ftviuoyqruynvwbzbngenbwxsygv/Build/Intermediates.noindex/swift-transformers.build/Debug-iphonesimulator/Models.build/DerivedSources -Xcc -DSWIFT_PACKAGE -Xcc -DDEBUG\=1 -emit-objc-header -emit-objc-header-path /Users/jamesalford/Library/Developer/Xcode/DerivedData/NotedCore-ftviuoyqruynvwbzbngenbwxsygv/Build/Intermediates.noindex/swift-transformers.build/Debug-iphonesimulator/Models.build/Objects-normal/arm64/Models-Swift.h -working-directory /Users/jamesalford/Documents/NotedCore/NotedCore.xcodeproj -experimental-emit-module-separately -disable-cmo

RegisterExecutionPolicyException /Users/jamesalford/Library/Developer/Xcode/DerivedData/NotedCore-ftviuoyqruynvwbzbngenbwxsygv/Build/Products/Debug-iphonesimulator/Jinja.o (in target 'Jinja' from project 'Jinja')
    cd /Users/jamesalford/Library/Developer/Xcode/DerivedData/NotedCore-ftviuoyqruynvwbzbngenbwxsygv/SourcePackages/checkouts/Jinja
    builtin-RegisterExecutionPolicyException /Users/jamesalford/Library/Developer/Xcode/DerivedData/NotedCore-ftviuoyqruynvwbzbngenbwxsygv/Build/Products/Debug-iphonesimulator/Jinja.o

ProcessInfoPlistFile /Users/jamesalford/Library/Developer/Xcode/DerivedData/NotedCore-ftviuoyqruynvwbzbngenbwxsygv/Build/Products/Debug-iphonesimulator/PackageFrameworks/Jinja_C5899F34211_PackageProduct.framework/Info.plist /Users/jamesalford/Library/Developer/Xcode/DerivedData/NotedCore-ftviuoyqruynvwbzbngenbwxsygv/Build/Intermediates.noindex/Jinja.build/Debug-iphonesimulator/Jinja\ product.build/empty-Jinja_C5899F34211_PackageProduct.plist (in target 'Jinja' from project 'Jinja')
    cd /Users/jamesalford/Library/Developer/Xcode/DerivedData/NotedCore-ftviuoyqruynvwbzbngenbwxsygv/SourcePackages/checkouts/Jinja
    builtin-infoPlistUtility /Users/jamesalford/Library/Developer/Xcode/DerivedData/NotedCore-ftviuoyqruynvwbzbngenbwxsygv/Build/Intermediates.noindex/Jinja.build/Debug-iphonesimulator/Jinja\ product.build/empty-Jinja_C5899F34211_PackageProduct.plist -producttype com.apple.product-type.framework -expandbuildsettings -format binary -platform iphonesimulator -o /Users/jamesalford/Library/Developer/Xcode/DerivedData/NotedCore-ftviuoyqruynvwbzbngenbwxsygv/Build/Products/Debug-iphonesimulator/PackageFrameworks/Jinja_C5899F34211_PackageProduct.framework/Info.plist

Ld /Users/jamesalford/Library/Developer/Xcode/DerivedData/NotedCore-ftviuoyqruynvwbzbngenbwxsygv/Build/Products/Debug-iphonesimulator/PackageFrameworks/Jinja_C5899F34211_PackageProduct.framework/Jinja_C5899F34211_PackageProduct normal (in target 'Jinja' from project 'Jinja')
    cd /Users/jamesalford/Library/Developer/Xcode/DerivedData/NotedCore-ftviuoyqruynvwbzbngenbwxsygv/SourcePackages/checkouts/Jinja
    /Applications/Xcode.app/Contents/Developer/Toolchains/XcodeDefault.xctoolchain/usr/bin/clang -Xlinker -reproducible -target arm64-apple-ios16.0-simulator -dynamiclib -isysroot /Applications/Xcode.app/Contents/Developer/Platforms/iPhoneSimulator.platform/Developer/SDKs/iPhoneSimulator26.0.sdk -O0 -w -L/Users/jamesalford/Library/Developer/Xcode/DerivedData/NotedCore-ftviuoyqruynvwbzbngenbwxsygv/Build/Intermediates.noindex/EagerLinkingTBDs/Debug-iphonesimulator -L/Users/jamesalford/Library/Developer/Xcode/DerivedData/NotedCore-ftviuoyqruynvwbzbngenbwxsygv/Build/Products/Debug-iphonesimulator -L/Applications/Xcode.app/Contents/Developer/Platforms/iPhoneSimulator.platform/Developer/usr/lib -F/Users/jamesalford/Library/Developer/Xcode/DerivedData/NotedCore-ftviuoyqruynvwbzbngenbwxsygv/Build/Intermediates.noindex/EagerLinkingTBDs/Debug-iphonesimulator -F/Users/jamesalford/Library/Developer/Xcode/DerivedData/NotedCore-ftviuoyqruynvwbzbngenbwxsygv/Build/Products/Debug-iphonesimulator/PackageFrameworks -F/Users/jamesalford/Library/Developer/Xcode/DerivedData/NotedCore-ftviuoyqruynvwbzbngenbwxsygv/Build/Products/Debug-iphonesimulator/PackageFrameworks -F/Users/jamesalford/Library/Developer/Xcode/DerivedData/NotedCore-ftviuoyqruynvwbzbngenbwxsygv/Build/Products/Debug-iphonesimulator/PackageFrameworks -F/Users/jamesalford/Library/Developer/Xcode/DerivedData/NotedCore-ftviuoyqruynvwbzbngenbwxsygv/Build/Products/Debug-iphonesimulator -iframework /Applications/Xcode.app/Contents/Developer/Platforms/iPhoneSimulator.platform/Developer/Library/Frameworks -iframework /Applications/Xcode.app/Contents/Developer/Platforms/iPhoneSimulator.platform/Developer/SDKs/iPhoneSimulator26.0.sdk/Developer/Library/Frameworks -filelist /Users/jamesalford/Library/Developer/Xcode/DerivedData/NotedCore-ftviuoyqruynvwbzbngenbwxsygv/Build/Intermediates.noindex/Jinja.build/Debug-iphonesimulator/Jinja\ product.build/Objects-normal/arm64/Jinja_C5899F34211_PackageProduct.LinkFileList -install_name @rpath/Jinja_C5899F34211_PackageProduct.framework/Jinja_C5899F34211_PackageProduct -Xlinker -rpath -Xlinker /usr/lib/swift -Xlinker -rpath -Xlinker /Users/jamesalford/Library/Developer/Xcode/DerivedData/NotedCore-ftviuoyqruynvwbzbngenbwxsygv/Build/Products/Debug-iphonesimulator/PackageFrameworks -dead_strip -Xlinker -object_path_lto -Xlinker /Users/jamesalford/Library/Developer/Xcode/DerivedData/NotedCore-ftviuoyqruynvwbzbngenbwxsygv/Build/Intermediates.noindex/Jinja.build/Debug-iphonesimulator/Jinja\ product.build/Objects-normal/arm64/Jinja_C5899F34211_PackageProduct_lto.o -rdynamic -Xlinker -no_deduplicate -Xlinker -objc_abi_version -Xlinker 2 -Xlinker -debug_variant -Xlinker -dependency_info -Xlinker /Users/jamesalford/Library/Developer/Xcode/DerivedData/NotedCore-ftviuoyqruynvwbzbngenbwxsygv/Build/Intermediates.noindex/Jinja.build/Debug-iphonesimulator/Jinja\ product.build/Objects-normal/arm64/Jinja_C5899F34211_PackageProduct_dependency_info.dat -fobjc-link-runtime -fprofile-instr-generate -L/Applications/Xcode.app/Contents/Developer/Toolchains/XcodeDefault.xctoolchain/usr/lib/swift/iphonesimulator -L/usr/lib/swift -Wl,-no_warn_duplicate_libraries -Wl,-no_warn_duplicate_libraries -Wl,-no_warn_duplicate_libraries /Users/jamesalford/Library/Developer/Xcode/DerivedData/NotedCore-ftviuoyqruynvwbzbngenbwxsygv/Build/Products/Debug-iphonesimulator/PackageFrameworks/OrderedCollections_1222128174265B56_PackageProduct.framework/OrderedCollections_1222128174265B56_PackageProduct -o /Users/jamesalford/Library/Developer/Xcode/DerivedData/NotedCore-ftviuoyqruynvwbzbngenbwxsygv/Build/Products/Debug-iphonesimulator/PackageFrameworks/Jinja_C5899F34211_PackageProduct.framework/Jinja_C5899F34211_PackageProduct -Xlinker -add_ast_path -Xlinker /Users/jamesalford/Library/Developer/Xcode/DerivedData/NotedCore-ftviuoyqruynvwbzbngenbwxsygv/Build/Intermediates.noindex/Jinja.build/Debug-iphonesimulator/Jinja.build/Objects-normal/arm64/Jinja.swiftmodule @/Users/jamesalford/Library/Developer/Xcode/DerivedData/NotedCore-ftviuoyqruynvwbzbngenbwxsygv/Build/Intermediates.noindex/Jinja.build/Debug-iphonesimulator/Jinja.build/Objects-normal/arm64/Jinja-linker-args.resp

SwiftDriverJobDiscovery normal arm64 Compiling GenerationConfig.swift (in target 'Generation' from project 'swift-transformers')

SwiftDriverJobDiscovery normal arm64 Compiling Generation.swift (in target 'Generation' from project 'swift-transformers')

SwiftDriver\ Compilation Generation normal arm64 com.apple.xcode.tools.swift.compiler (in target 'Generation' from project 'swift-transformers')
    cd /Users/jamesalford/Documents/NotedCore/NotedCore.xcodeproj
    builtin-Swift-Compilation -- /Applications/Xcode.app/Contents/Developer/Toolchains/XcodeDefault.xctoolchain/usr/bin/swiftc -module-name Generation -Onone -enforce-exclusivity\=checked @/Users/jamesalford/Library/Developer/Xcode/DerivedData/NotedCore-ftviuoyqruynvwbzbngenbwxsygv/Build/Intermediates.noindex/swift-transformers.build/Debug-iphonesimulator/Generation.build/Objects-normal/arm64/Generation.SwiftFileList -DSWIFT_PACKAGE -DDEBUG -DSWIFT_MODULE_RESOURCE_BUNDLE_UNAVAILABLE -DXcode -plugin-path /Applications/Xcode.app/Contents/Developer/Toolchains/XcodeDefault.xctoolchain/usr/lib/swift/host/plugins/testing -enable-experimental-feature DebugDescriptionMacro -sdk /Applications/Xcode.app/Contents/Developer/Platforms/iPhoneSimulator.platform/Developer/SDKs/iPhoneSimulator26.0.sdk -target arm64-apple-ios16.0-simulator -g -module-cache-path /Users/jamesalford/Library/Developer/Xcode/DerivedData/ModuleCache.noindex -Xfrontend -serialize-debugging-options -profile-coverage-mapping -profile-generate -enable-testing -suppress-warnings -index-store-path /Users/jamesalford/Library/Developer/Xcode/DerivedData/NotedCore-ftviuoyqruynvwbzbngenbwxsygv/Index.noindex/DataStore -Xcc -D_LIBCPP_HARDENING_MODE\=_LIBCPP_HARDENING_MODE_DEBUG -swift-version 5 -I /Users/jamesalford/Library/Developer/Xcode/DerivedData/NotedCore-ftviuoyqruynvwbzbngenbwxsygv/Build/Products/Debug-iphonesimulator -Isystem /Applications/Xcode.app/Contents/Developer/Platforms/iPhoneSimulator.platform/Developer/usr/lib -F /Users/jamesalford/Library/Developer/Xcode/DerivedData/NotedCore-ftviuoyqruynvwbzbngenbwxsygv/Build/Products/Debug-iphonesimulator/PackageFrameworks -F /Users/jamesalford/Library/Developer/Xcode/DerivedData/NotedCore-ftviuoyqruynvwbzbngenbwxsygv/Build/Products/Debug-iphonesimulator/PackageFrameworks -F /Users/jamesalford/Library/Developer/Xcode/DerivedData/NotedCore-ftviuoyqruynvwbzbngenbwxsygv/Build/Products/Debug-iphonesimulator/PackageFrameworks -F /Users/jamesalford/Library/Developer/Xcode/DerivedData/NotedCore-ftviuoyqruynvwbzbngenbwxsygv/Build/Products/Debug-iphonesimulator/PackageFrameworks -F /Users/jamesalford/Library/Developer/Xcode/DerivedData/NotedCore-ftviuoyqruynvwbzbngenbwxsygv/Build/Products/Debug-iphonesimulator/PackageFrameworks -F /Users/jamesalford/Library/Developer/Xcode/DerivedData/NotedCore-ftviuoyqruynvwbzbngenbwxsygv/Build/Products/Debug-iphonesimulator/PackageFrameworks -F /Users/jamesalford/Library/Developer/Xcode/DerivedData/NotedCore-ftviuoyqruynvwbzbngenbwxsygv/Build/Products/Debug-iphonesimulator -F /Applications/Xcode.app/Contents/Developer/Platforms/iPhoneSimulator.platform/Developer/Library/Frameworks -F /Applications/Xcode.app/Contents/Developer/Platforms/iPhoneSimulator.platform/Developer/SDKs/iPhoneSimulator26.0.sdk/Developer/Library/Frameworks -c -j14 -enable-batch-mode -incremental -Xcc -ivfsstatcache -Xcc /Users/jamesalford/Library/Developer/Xcode/DerivedData/SDKStatCaches.noindex/iphonesimulator26.0-23A339-3885c01c3e6b6a337905948deab2002e26257891a6c027eb51374368541b8346.sdkstatcache -output-file-map /Users/jamesalford/Library/Developer/Xcode/DerivedData/NotedCore-ftviuoyqruynvwbzbngenbwxsygv/Build/Intermediates.noindex/swift-transformers.build/Debug-iphonesimulator/Generation.build/Objects-normal/arm64/Generation-OutputFileMap.json -use-frontend-parseable-output -save-temps -no-color-diagnostics -explicit-module-build -module-cache-path /Users/jamesalford/Library/Developer/Xcode/DerivedData/NotedCore-ftviuoyqruynvwbzbngenbwxsygv/Build/Intermediates.noindex/SwiftExplicitPrecompiledModules -clang-scanner-module-cache-path /Users/jamesalford/Library/Developer/Xcode/DerivedData/ModuleCache.noindex -sdk-module-cache-path /Users/jamesalford/Library/Developer/Xcode/DerivedData/ModuleCache.noindex -serialize-diagnostics -emit-dependencies -emit-module -emit-module-path /Users/jamesalford/Library/Developer/Xcode/DerivedData/NotedCore-ftviuoyqruynvwbzbngenbwxsygv/Build/Intermediates.noindex/swift-transformers.build/Debug-iphonesimulator/Generation.build/Objects-normal/arm64/Generation.swiftmodule -validate-clang-modules-once -clang-build-session-file /Users/jamesalford/Library/Developer/Xcode/DerivedData/ModuleCache.noindex/Session.modulevalidation -Xcc -I/Users/jamesalford/Library/Developer/Xcode/DerivedData/NotedCore-ftviuoyqruynvwbzbngenbwxsygv/Build/Intermediates.noindex/swift-transformers.build/Debug-iphonesimulator/Generation.build/swift-overrides.hmap -emit-const-values -Xfrontend -const-gather-protocols-file -Xfrontend /Users/jamesalford/Library/Developer/Xcode/DerivedData/NotedCore-ftviuoyqruynvwbzbngenbwxsygv/Build/Intermediates.noindex/swift-transformers.build/Debug-iphonesimulator/Generation.build/Objects-normal/arm64/Generation_const_extract_protocols.json -Xcc -I/Users/jamesalford/Library/Developer/Xcode/DerivedData/NotedCore-ftviuoyqruynvwbzbngenbwxsygv/Build/Products/Debug-iphonesimulator/include -Xcc -I/Users/jamesalford/Library/Developer/Xcode/DerivedData/NotedCore-ftviuoyqruynvwbzbngenbwxsygv/Build/Intermediates.noindex/swift-transformers.build/Debug-iphonesimulator/Generation.build/DerivedSources-normal/arm64 -Xcc -I/Users/jamesalford/Library/Developer/Xcode/DerivedData/NotedCore-ftviuoyqruynvwbzbngenbwxsygv/Build/Intermediates.noindex/swift-transformers.build/Debug-iphonesimulator/Generation.build/DerivedSources/arm64 -Xcc -I/Users/jamesalford/Library/Developer/Xcode/DerivedData/NotedCore-ftviuoyqruynvwbzbngenbwxsygv/Build/Intermediates.noindex/swift-transformers.build/Debug-iphonesimulator/Generation.build/DerivedSources -Xcc -DSWIFT_PACKAGE -Xcc -DDEBUG\=1 -emit-objc-header -emit-objc-header-path /Users/jamesalford/Library/Developer/Xcode/DerivedData/NotedCore-ftviuoyqruynvwbzbngenbwxsygv/Build/Intermediates.noindex/swift-transformers.build/Debug-iphonesimulator/Generation.build/Objects-normal/arm64/Generation-Swift.h -working-directory /Users/jamesalford/Documents/NotedCore/NotedCore.xcodeproj -experimental-emit-module-separately -disable-cmo

SwiftCompile normal arm64 Compiling\ LanguageModelTypes.swift /Users/jamesalford/Library/Developer/Xcode/DerivedData/NotedCore-ftviuoyqruynvwbzbngenbwxsygv/SourcePackages/checkouts/swift-transformers/Sources/Models/LanguageModelTypes.swift (in target 'Models' from project 'swift-transformers')

SwiftCompile normal arm64 /Users/jamesalford/Library/Developer/Xcode/DerivedData/NotedCore-ftviuoyqruynvwbzbngenbwxsygv/SourcePackages/checkouts/swift-transformers/Sources/Models/LanguageModelTypes.swift (in target 'Models' from project 'swift-transformers')
    cd /Users/jamesalford/Documents/NotedCore/NotedCore.xcodeproj
    

SwiftEmitModule normal arm64 Emitting\ module\ for\ Models (in target 'Models' from project 'swift-transformers')

EmitSwiftModule normal arm64 (in target 'Models' from project 'swift-transformers')
    cd /Users/jamesalford/Documents/NotedCore/NotedCore.xcodeproj
    

SwiftCompile normal arm64 Compiling\ LanguageModel.swift /Users/jamesalford/Library/Developer/Xcode/DerivedData/NotedCore-ftviuoyqruynvwbzbngenbwxsygv/SourcePackages/checkouts/swift-transformers/Sources/Models/LanguageModel.swift (in target 'Models' from project 'swift-transformers')

SwiftCompile normal arm64 /Users/jamesalford/Library/Developer/Xcode/DerivedData/NotedCore-ftviuoyqruynvwbzbngenbwxsygv/SourcePackages/checkouts/swift-transformers/Sources/Models/LanguageModel.swift (in target 'Models' from project 'swift-transformers')
    cd /Users/jamesalford/Documents/NotedCore/NotedCore.xcodeproj
    

GenerateTAPI /Users/jamesalford/Library/Developer/Xcode/DerivedData/NotedCore-ftviuoyqruynvwbzbngenbwxsygv/Build/Intermediates.noindex/EagerLinkingTBDs/Debug-iphonesimulator/Jinja_C5899F34211_PackageProduct.framework/Jinja_C5899F34211_PackageProduct.tbd (in target 'Jinja' from project 'Jinja')
    cd /Users/jamesalford/Library/Developer/Xcode/DerivedData/NotedCore-ftviuoyqruynvwbzbngenbwxsygv/SourcePackages/checkouts/Jinja
    /Applications/Xcode.app/Contents/Developer/Toolchains/XcodeDefault.xctoolchain/usr/bin/tapi stubify -isysroot /Applications/Xcode.app/Contents/Developer/Platforms/iPhoneSimulator.platform/Developer/SDKs/iPhoneSimulator26.0.sdk -F/Users/jamesalford/Library/Developer/Xcode/DerivedData/NotedCore-ftviuoyqruynvwbzbngenbwxsygv/Build/Products/Debug-iphonesimulator/PackageFrameworks -F/Users/jamesalford/Library/Developer/Xcode/DerivedData/NotedCore-ftviuoyqruynvwbzbngenbwxsygv/Build/Products/Debug-iphonesimulator/PackageFrameworks -F/Users/jamesalford/Library/Developer/Xcode/DerivedData/NotedCore-ftviuoyqruynvwbzbngenbwxsygv/Build/Products/Debug-iphonesimulator/PackageFrameworks -F/Users/jamesalford/Library/Developer/Xcode/DerivedData/NotedCore-ftviuoyqruynvwbzbngenbwxsygv/Build/Products/Debug-iphonesimulator -iframework /Applications/Xcode.app/Contents/Developer/Platforms/iPhoneSimulator.platform/Developer/Library/Frameworks -iframework /Applications/Xcode.app/Contents/Developer/Platforms/iPhoneSimulator.platform/Developer/SDKs/iPhoneSimulator26.0.sdk/Developer/Library/Frameworks -L/Users/jamesalford/Library/Developer/Xcode/DerivedData/NotedCore-ftviuoyqruynvwbzbngenbwxsygv/Build/Products/Debug-iphonesimulator -L/Applications/Xcode.app/Contents/Developer/Platforms/iPhoneSimulator.platform/Developer/usr/lib /Users/jamesalford/Library/Developer/Xcode/DerivedData/NotedCore-ftviuoyqruynvwbzbngenbwxsygv/Build/Products/Debug-iphonesimulator/PackageFrameworks/Jinja_C5899F34211_PackageProduct.framework/Jinja_C5899F34211_PackageProduct -o /Users/jamesalford/Library/Developer/Xcode/DerivedData/NotedCore-ftviuoyqruynvwbzbngenbwxsygv/Build/Intermediates.noindex/EagerLinkingTBDs/Debug-iphonesimulator/Jinja_C5899F34211_PackageProduct.framework/Jinja_C5899F34211_PackageProduct.tbd

RegisterExecutionPolicyException /Users/jamesalford/Library/Developer/Xcode/DerivedData/NotedCore-ftviuoyqruynvwbzbngenbwxsygv/Build/Products/Debug-iphonesimulator/PackageFrameworks/Jinja_C5899F34211_PackageProduct.framework (in target 'Jinja' from project 'Jinja')
    cd /Users/jamesalford/Library/Developer/Xcode/DerivedData/NotedCore-ftviuoyqruynvwbzbngenbwxsygv/SourcePackages/checkouts/Jinja
    builtin-RegisterExecutionPolicyException /Users/jamesalford/Library/Developer/Xcode/DerivedData/NotedCore-ftviuoyqruynvwbzbngenbwxsygv/Build/Products/Debug-iphonesimulator/PackageFrameworks/Jinja_C5899F34211_PackageProduct.framework

Touch /Users/jamesalford/Library/Developer/Xcode/DerivedData/NotedCore-ftviuoyqruynvwbzbngenbwxsygv/Build/Products/Debug-iphonesimulator/PackageFrameworks/Jinja_C5899F34211_PackageProduct.framework (in target 'Jinja' from project 'Jinja')
    cd /Users/jamesalford/Library/Developer/Xcode/DerivedData/NotedCore-ftviuoyqruynvwbzbngenbwxsygv/SourcePackages/checkouts/Jinja
    /usr/bin/touch -c /Users/jamesalford/Library/Developer/Xcode/DerivedData/NotedCore-ftviuoyqruynvwbzbngenbwxsygv/Build/Products/Debug-iphonesimulator/PackageFrameworks/Jinja_C5899F34211_PackageProduct.framework

Ld /Users/jamesalford/Library/Developer/Xcode/DerivedData/NotedCore-ftviuoyqruynvwbzbngenbwxsygv/Build/Products/Debug-iphonesimulator/Tokenizers.o normal (in target 'Tokenizers' from project 'swift-transformers')
    cd /Users/jamesalford/Library/Developer/Xcode/DerivedData/NotedCore-ftviuoyqruynvwbzbngenbwxsygv/SourcePackages/checkouts/swift-transformers
    /Applications/Xcode.app/Contents/Developer/Toolchains/XcodeDefault.xctoolchain/usr/bin/clang -Xlinker -reproducible -target arm64-apple-ios16.0-simulator -r -isysroot /Applications/Xcode.app/Contents/Developer/Platforms/iPhoneSimulator.platform/Developer/SDKs/iPhoneSimulator26.0.sdk -O0 -w -L/Users/jamesalford/Library/Developer/Xcode/DerivedData/NotedCore-ftviuoyqruynvwbzbngenbwxsygv/Build/Intermediates.noindex/EagerLinkingTBDs/Debug-iphonesimulator -L/Users/jamesalford/Library/Developer/Xcode/DerivedData/NotedCore-ftviuoyqruynvwbzbngenbwxsygv/Build/Products/Debug-iphonesimulator -L/Applications/Xcode.app/Contents/Developer/Platforms/iPhoneSimulator.platform/Developer/usr/lib -F/Users/jamesalford/Library/Developer/Xcode/DerivedData/NotedCore-ftviuoyqruynvwbzbngenbwxsygv/Build/Intermediates.noindex/EagerLinkingTBDs/Debug-iphonesimulator -F/Users/jamesalford/Library/Developer/Xcode/DerivedData/NotedCore-ftviuoyqruynvwbzbngenbwxsygv/Build/Products/Debug-iphonesimulator/PackageFrameworks -F/Users/jamesalford/Library/Developer/Xcode/DerivedData/NotedCore-ftviuoyqruynvwbzbngenbwxsygv/Build/Products/Debug-iphonesimulator/PackageFrameworks -F/Users/jamesalford/Library/Developer/Xcode/DerivedData/NotedCore-ftviuoyqruynvwbzbngenbwxsygv/Build/Products/Debug-iphonesimulator/PackageFrameworks -F/Users/jamesalford/Library/Developer/Xcode/DerivedData/NotedCore-ftviuoyqruynvwbzbngenbwxsygv/Build/Products/Debug-iphonesimulator/PackageFrameworks -F/Users/jamesalford/Library/Developer/Xcode/DerivedData/NotedCore-ftviuoyqruynvwbzbngenbwxsygv/Build/Products/Debug-iphonesimulator -iframework /Applications/Xcode.app/Contents/Developer/Platforms/iPhoneSimulator.platform/Developer/Library/Frameworks -iframework /Applications/Xcode.app/Contents/Developer/Platforms/iPhoneSimulator.platform/Developer/SDKs/iPhoneSimulator26.0.sdk/Developer/Library/Frameworks -filelist /Users/jamesalford/Library/Developer/Xcode/DerivedData/NotedCore-ftviuoyqruynvwbzbngenbwxsygv/Build/Intermediates.noindex/swift-transformers.build/Debug-iphonesimulator/Tokenizers.build/Objects-normal/arm64/Tokenizers.LinkFileList -nostdlib -Xlinker -object_path_lto -Xlinker /Users/jamesalford/Library/Developer/Xcode/DerivedData/NotedCore-ftviuoyqruynvwbzbngenbwxsygv/Build/Intermediates.noindex/swift-transformers.build/Debug-iphonesimulator/Tokenizers.build/Objects-normal/arm64/Tokenizers_lto.o -rdynamic -Xlinker -no_deduplicate -Xlinker -objc_abi_version -Xlinker 2 -Xlinker -debug_variant -Xlinker -dependency_info -Xlinker /Users/jamesalford/Library/Developer/Xcode/DerivedData/NotedCore-ftviuoyqruynvwbzbngenbwxsygv/Build/Intermediates.noindex/swift-transformers.build/Debug-iphonesimulator/Tokenizers.build/Objects-normal/arm64/Tokenizers_dependency_info.dat -fobjc-link-runtime -L/Applications/Xcode.app/Contents/Developer/Toolchains/XcodeDefault.xctoolchain/usr/lib/swift/iphonesimulator -L/usr/lib/swift -Xlinker -add_ast_path -Xlinker /Users/jamesalford/Library/Developer/Xcode/DerivedData/NotedCore-ftviuoyqruynvwbzbngenbwxsygv/Build/Intermediates.noindex/swift-transformers.build/Debug-iphonesimulator/Tokenizers.build/Objects-normal/arm64/Tokenizers.swiftmodule @/Users/jamesalford/Library/Developer/Xcode/DerivedData/NotedCore-ftviuoyqruynvwbzbngenbwxsygv/Build/Intermediates.noindex/swift-transformers.build/Debug-iphonesimulator/Tokenizers.build/Objects-normal/arm64/Tokenizers-linker-args.resp -o /Users/jamesalford/Library/Developer/Xcode/DerivedData/NotedCore-ftviuoyqruynvwbzbngenbwxsygv/Build/Products/Debug-iphonesimulator/Tokenizers.o

SwiftDriverJobDiscovery normal arm64 Emitting module for Models (in target 'Models' from project 'swift-transformers')

SwiftDriver\ Compilation\ Requirements Models normal arm64 com.apple.xcode.tools.swift.compiler (in target 'Models' from project 'swift-transformers')
    cd /Users/jamesalford/Documents/NotedCore/NotedCore.xcodeproj
    builtin-Swift-Compilation-Requirements -- /Applications/Xcode.app/Contents/Developer/Toolchains/XcodeDefault.xctoolchain/usr/bin/swiftc -module-name Models -Onone -enforce-exclusivity\=checked @/Users/jamesalford/Library/Developer/Xcode/DerivedData/NotedCore-ftviuoyqruynvwbzbngenbwxsygv/Build/Intermediates.noindex/swift-transformers.build/Debug-iphonesimulator/Models.build/Objects-normal/arm64/Models.SwiftFileList -DSWIFT_PACKAGE -DDEBUG -DSWIFT_MODULE_RESOURCE_BUNDLE_UNAVAILABLE -DXcode -plugin-path /Applications/Xcode.app/Contents/Developer/Toolchains/XcodeDefault.xctoolchain/usr/lib/swift/host/plugins/testing -enable-experimental-feature DebugDescriptionMacro -sdk /Applications/Xcode.app/Contents/Developer/Platforms/iPhoneSimulator.platform/Developer/SDKs/iPhoneSimulator26.0.sdk -target arm64-apple-ios16.0-simulator -g -module-cache-path /Users/jamesalford/Library/Developer/Xcode/DerivedData/ModuleCache.noindex -Xfrontend -serialize-debugging-options -profile-coverage-mapping -profile-generate -enable-testing -suppress-warnings -index-store-path /Users/jamesalford/Library/Developer/Xcode/DerivedData/NotedCore-ftviuoyqruynvwbzbngenbwxsygv/Index.noindex/DataStore -Xcc -D_LIBCPP_HARDENING_MODE\=_LIBCPP_HARDENING_MODE_DEBUG -swift-version 5 -I /Users/jamesalford/Library/Developer/Xcode/DerivedData/NotedCore-ftviuoyqruynvwbzbngenbwxsygv/Build/Products/Debug-iphonesimulator -Isystem /Applications/Xcode.app/Contents/Developer/Platforms/iPhoneSimulator.platform/Developer/usr/lib -F /Users/jamesalford/Library/Developer/Xcode/DerivedData/NotedCore-ftviuoyqruynvwbzbngenbwxsygv/Build/Products/Debug-iphonesimulator/PackageFrameworks -F /Users/jamesalford/Library/Developer/Xcode/DerivedData/NotedCore-ftviuoyqruynvwbzbngenbwxsygv/Build/Products/Debug-iphonesimulator/PackageFrameworks -F /Users/jamesalford/Library/Developer/Xcode/DerivedData/NotedCore-ftviuoyqruynvwbzbngenbwxsygv/Build/Products/Debug-iphonesimulator/PackageFrameworks -F /Users/jamesalford/Library/Developer/Xcode/DerivedData/NotedCore-ftviuoyqruynvwbzbngenbwxsygv/Build/Products/Debug-iphonesimulator/PackageFrameworks -F /Users/jamesalford/Library/Developer/Xcode/DerivedData/NotedCore-ftviuoyqruynvwbzbngenbwxsygv/Build/Products/Debug-iphonesimulator/PackageFrameworks -F /Users/jamesalford/Library/Developer/Xcode/DerivedData/NotedCore-ftviuoyqruynvwbzbngenbwxsygv/Build/Products/Debug-iphonesimulator/PackageFrameworks -F /Users/jamesalford/Library/Developer/Xcode/DerivedData/NotedCore-ftviuoyqruynvwbzbngenbwxsygv/Build/Products/Debug-iphonesimulator/PackageFrameworks -F /Users/jamesalford/Library/Developer/Xcode/DerivedData/NotedCore-ftviuoyqruynvwbzbngenbwxsygv/Build/Products/Debug-iphonesimulator -F /Applications/Xcode.app/Contents/Developer/Platforms/iPhoneSimulator.platform/Developer/Library/Frameworks -F /Applications/Xcode.app/Contents/Developer/Platforms/iPhoneSimulator.platform/Developer/SDKs/iPhoneSimulator26.0.sdk/Developer/Library/Frameworks -c -j14 -enable-batch-mode -incremental -Xcc -ivfsstatcache -Xcc /Users/jamesalford/Library/Developer/Xcode/DerivedData/SDKStatCaches.noindex/iphonesimulator26.0-23A339-3885c01c3e6b6a337905948deab2002e26257891a6c027eb51374368541b8346.sdkstatcache -output-file-map /Users/jamesalford/Library/Developer/Xcode/DerivedData/NotedCore-ftviuoyqruynvwbzbngenbwxsygv/Build/Intermediates.noindex/swift-transformers.build/Debug-iphonesimulator/Models.build/Objects-normal/arm64/Models-OutputFileMap.json -use-frontend-parseable-output -save-temps -no-color-diagnostics -explicit-module-build -module-cache-path /Users/jamesalford/Library/Developer/Xcode/DerivedData/NotedCore-ftviuoyqruynvwbzbngenbwxsygv/Build/Intermediates.noindex/SwiftExplicitPrecompiledModules -clang-scanner-module-cache-path /Users/jamesalford/Library/Developer/Xcode/DerivedData/ModuleCache.noindex -sdk-module-cache-path /Users/jamesalford/Library/Developer/Xcode/DerivedData/ModuleCache.noindex -serialize-diagnostics -emit-dependencies -emit-module -emit-module-path /Users/jamesalford/Library/Developer/Xcode/DerivedData/NotedCore-ftviuoyqruynvwbzbngenbwxsygv/Build/Intermediates.noindex/swift-transformers.build/Debug-iphonesimulator/Models.build/Objects-normal/arm64/Models.swiftmodule -validate-clang-modules-once -clang-build-session-file /Users/jamesalford/Library/Developer/Xcode/DerivedData/ModuleCache.noindex/Session.modulevalidation -Xcc -I/Users/jamesalford/Library/Developer/Xcode/DerivedData/NotedCore-ftviuoyqruynvwbzbngenbwxsygv/Build/Intermediates.noindex/swift-transformers.build/Debug-iphonesimulator/Models.build/swift-overrides.hmap -emit-const-values -Xfrontend -const-gather-protocols-file -Xfrontend /Users/jamesalford/Library/Developer/Xcode/DerivedData/NotedCore-ftviuoyqruynvwbzbngenbwxsygv/Build/Intermediates.noindex/swift-transformers.build/Debug-iphonesimulator/Models.build/Objects-normal/arm64/Models_const_extract_protocols.json -Xcc -I/Users/jamesalford/Library/Developer/Xcode/DerivedData/NotedCore-ftviuoyqruynvwbzbngenbwxsygv/Build/Products/Debug-iphonesimulator/include -Xcc -I/Users/jamesalford/Library/Developer/Xcode/DerivedData/NotedCore-ftviuoyqruynvwbzbngenbwxsygv/Build/Intermediates.noindex/swift-transformers.build/Debug-iphonesimulator/Models.build/DerivedSources-normal/arm64 -Xcc -I/Users/jamesalford/Library/Developer/Xcode/DerivedData/NotedCore-ftviuoyqruynvwbzbngenbwxsygv/Build/Intermediates.noindex/swift-transformers.build/Debug-iphonesimulator/Models.build/DerivedSources/arm64 -Xcc -I/Users/jamesalford/Library/Developer/Xcode/DerivedData/NotedCore-ftviuoyqruynvwbzbngenbwxsygv/Build/Intermediates.noindex/swift-transformers.build/Debug-iphonesimulator/Models.build/DerivedSources -Xcc -DSWIFT_PACKAGE -Xcc -DDEBUG\=1 -emit-objc-header -emit-objc-header-path /Users/jamesalford/Library/Developer/Xcode/DerivedData/NotedCore-ftviuoyqruynvwbzbngenbwxsygv/Build/Intermediates.noindex/swift-transformers.build/Debug-iphonesimulator/Models.build/Objects-normal/arm64/Models-Swift.h -working-directory /Users/jamesalford/Documents/NotedCore/NotedCore.xcodeproj -experimental-emit-module-separately -disable-cmo

SwiftDriverJobDiscovery normal arm64 Compiling LanguageModelTypes.swift (in target 'Models' from project 'swift-transformers')

SwiftMergeGeneratedHeaders /Users/jamesalford/Library/Developer/Xcode/DerivedData/NotedCore-ftviuoyqruynvwbzbngenbwxsygv/Build/Intermediates.noindex/GeneratedModuleMaps-iphonesimulator/Models-Swift.h /Users/jamesalford/Library/Developer/Xcode/DerivedData/NotedCore-ftviuoyqruynvwbzbngenbwxsygv/Build/Intermediates.noindex/swift-transformers.build/Debug-iphonesimulator/Models.build/Objects-normal/arm64/Models-Swift.h (in target 'Models' from project 'swift-transformers')
    cd /Users/jamesalford/Library/Developer/Xcode/DerivedData/NotedCore-ftviuoyqruynvwbzbngenbwxsygv/SourcePackages/checkouts/swift-transformers
    builtin-swiftHeaderTool -arch arm64 /Users/jamesalford/Library/Developer/Xcode/DerivedData/NotedCore-ftviuoyqruynvwbzbngenbwxsygv/Build/Intermediates.noindex/swift-transformers.build/Debug-iphonesimulator/Models.build/Objects-normal/arm64/Models-Swift.h -o /Users/jamesalford/Library/Developer/Xcode/DerivedData/NotedCore-ftviuoyqruynvwbzbngenbwxsygv/Build/Intermediates.noindex/GeneratedModuleMaps-iphonesimulator/Models-Swift.h

Copy /Users/jamesalford/Library/Developer/Xcode/DerivedData/NotedCore-ftviuoyqruynvwbzbngenbwxsygv/Build/Products/Debug-iphonesimulator/Models.swiftmodule/arm64-apple-ios-simulator.abi.json /Users/jamesalford/Library/Developer/Xcode/DerivedData/NotedCore-ftviuoyqruynvwbzbngenbwxsygv/Build/Intermediates.noindex/swift-transformers.build/Debug-iphonesimulator/Models.build/Objects-normal/arm64/Models.abi.json (in target 'Models' from project 'swift-transformers')
    cd /Users/jamesalford/Library/Developer/Xcode/DerivedData/NotedCore-ftviuoyqruynvwbzbngenbwxsygv/SourcePackages/checkouts/swift-transformers
    builtin-copy -exclude .DS_Store -exclude CVS -exclude .svn -exclude .git -exclude .hg -resolve-src-symlinks -rename /Users/jamesalford/Library/Developer/Xcode/DerivedData/NotedCore-ftviuoyqruynvwbzbngenbwxsygv/Build/Intermediates.noindex/swift-transformers.build/Debug-iphonesimulator/Models.build/Objects-normal/arm64/Models.abi.json /Users/jamesalford/Library/Developer/Xcode/DerivedData/NotedCore-ftviuoyqruynvwbzbngenbwxsygv/Build/Products/Debug-iphonesimulator/Models.swiftmodule/arm64-apple-ios-simulator.abi.json

Copy /Users/jamesalford/Library/Developer/Xcode/DerivedData/NotedCore-ftviuoyqruynvwbzbngenbwxsygv/Build/Products/Debug-iphonesimulator/Models.swiftmodule/arm64-apple-ios-simulator.swiftdoc /Users/jamesalford/Library/Developer/Xcode/DerivedData/NotedCore-ftviuoyqruynvwbzbngenbwxsygv/Build/Intermediates.noindex/swift-transformers.build/Debug-iphonesimulator/Models.build/Objects-normal/arm64/Models.swiftdoc (in target 'Models' from project 'swift-transformers')
    cd /Users/jamesalford/Library/Developer/Xcode/DerivedData/NotedCore-ftviuoyqruynvwbzbngenbwxsygv/SourcePackages/checkouts/swift-transformers
    builtin-copy -exclude .DS_Store -exclude CVS -exclude .svn -exclude .git -exclude .hg -resolve-src-symlinks -rename /Users/jamesalford/Library/Developer/Xcode/DerivedData/NotedCore-ftviuoyqruynvwbzbngenbwxsygv/Build/Intermediates.noindex/swift-transformers.build/Debug-iphonesimulator/Models.build/Objects-normal/arm64/Models.swiftdoc /Users/jamesalford/Library/Developer/Xcode/DerivedData/NotedCore-ftviuoyqruynvwbzbngenbwxsygv/Build/Products/Debug-iphonesimulator/Models.swiftmodule/arm64-apple-ios-simulator.swiftdoc

Copy /Users/jamesalford/Library/Developer/Xcode/DerivedData/NotedCore-ftviuoyqruynvwbzbngenbwxsygv/Build/Products/Debug-iphonesimulator/Models.swiftmodule/arm64-apple-ios-simulator.swiftmodule /Users/jamesalford/Library/Developer/Xcode/DerivedData/NotedCore-ftviuoyqruynvwbzbngenbwxsygv/Build/Intermediates.noindex/swift-transformers.build/Debug-iphonesimulator/Models.build/Objects-normal/arm64/Models.swiftmodule (in target 'Models' from project 'swift-transformers')
    cd /Users/jamesalford/Library/Developer/Xcode/DerivedData/NotedCore-ftviuoyqruynvwbzbngenbwxsygv/SourcePackages/checkouts/swift-transformers
    builtin-copy -exclude .DS_Store -exclude CVS -exclude .svn -exclude .git -exclude .hg -resolve-src-symlinks -rename /Users/jamesalford/Library/Developer/Xcode/DerivedData/NotedCore-ftviuoyqruynvwbzbngenbwxsygv/Build/Intermediates.noindex/swift-transformers.build/Debug-iphonesimulator/Models.build/Objects-normal/arm64/Models.swiftmodule /Users/jamesalford/Library/Developer/Xcode/DerivedData/NotedCore-ftviuoyqruynvwbzbngenbwxsygv/Build/Products/Debug-iphonesimulator/Models.swiftmodule/arm64-apple-ios-simulator.swiftmodule

Copy /Users/jamesalford/Library/Developer/Xcode/DerivedData/NotedCore-ftviuoyqruynvwbzbngenbwxsygv/Build/Products/Debug-iphonesimulator/Models.swiftmodule/Project/arm64-apple-ios-simulator.swiftsourceinfo /Users/jamesalford/Library/Developer/Xcode/DerivedData/NotedCore-ftviuoyqruynvwbzbngenbwxsygv/Build/Intermediates.noindex/swift-transformers.build/Debug-iphonesimulator/Models.build/Objects-normal/arm64/Models.swiftsourceinfo (in target 'Models' from project 'swift-transformers')
    cd /Users/jamesalford/Library/Developer/Xcode/DerivedData/NotedCore-ftviuoyqruynvwbzbngenbwxsygv/SourcePackages/checkouts/swift-transformers
    builtin-copy -exclude .DS_Store -exclude CVS -exclude .svn -exclude .git -exclude .hg -resolve-src-symlinks -rename /Users/jamesalford/Library/Developer/Xcode/DerivedData/NotedCore-ftviuoyqruynvwbzbngenbwxsygv/Build/Intermediates.noindex/swift-transformers.build/Debug-iphonesimulator/Models.build/Objects-normal/arm64/Models.swiftsourceinfo /Users/jamesalford/Library/Developer/Xcode/DerivedData/NotedCore-ftviuoyqruynvwbzbngenbwxsygv/Build/Products/Debug-iphonesimulator/Models.swiftmodule/Project/arm64-apple-ios-simulator.swiftsourceinfo

SwiftDriver WhisperKit normal arm64 com.apple.xcode.tools.swift.compiler (in target 'WhisperKit' from project 'whisperkit')
    cd /Users/jamesalford/Documents/NotedCore/NotedCore.xcodeproj
    builtin-SwiftDriver -- /Applications/Xcode.app/Contents/Developer/Toolchains/XcodeDefault.xctoolchain/usr/bin/swiftc -module-name WhisperKit -Onone -enforce-exclusivity\=checked @/Users/jamesalford/Library/Developer/Xcode/DerivedData/NotedCore-ftviuoyqruynvwbzbngenbwxsygv/Build/Intermediates.noindex/whisperkit.build/Debug-iphonesimulator/WhisperKit.build/Objects-normal/arm64/WhisperKit.SwiftFileList -DSWIFT_PACKAGE -DDEBUG -DSWIFT_MODULE_RESOURCE_BUNDLE_UNAVAILABLE -DXcode -plugin-path /Applications/Xcode.app/Contents/Developer/Toolchains/XcodeDefault.xctoolchain/usr/lib/swift/host/plugins/testing -enable-experimental-feature DebugDescriptionMacro -sdk /Applications/Xcode.app/Contents/Developer/Platforms/iPhoneSimulator.platform/Developer/SDKs/iPhoneSimulator26.0.sdk -target arm64-apple-ios16.0-simulator -g -module-cache-path /Users/jamesalford/Library/Developer/Xcode/DerivedData/ModuleCache.noindex -Xfrontend -serialize-debugging-options -profile-coverage-mapping -profile-generate -enable-testing -suppress-warnings -index-store-path /Users/jamesalford/Library/Developer/Xcode/DerivedData/NotedCore-ftviuoyqruynvwbzbngenbwxsygv/Index.noindex/DataStore -Xcc -D_LIBCPP_HARDENING_MODE\=_LIBCPP_HARDENING_MODE_DEBUG -swift-version 5 -I /Users/jamesalford/Library/Developer/Xcode/DerivedData/NotedCore-ftviuoyqruynvwbzbngenbwxsygv/Build/Products/Debug-iphonesimulator -Isystem /Applications/Xcode.app/Contents/Developer/Platforms/iPhoneSimulator.platform/Developer/usr/lib -F /Users/jamesalford/Library/Developer/Xcode/DerivedData/NotedCore-ftviuoyqruynvwbzbngenbwxsygv/Build/Products/Debug-iphonesimulator/PackageFrameworks -F /Users/jamesalford/Library/Developer/Xcode/DerivedData/NotedCore-ftviuoyqruynvwbzbngenbwxsygv/Build/Products/Debug-iphonesimulator/PackageFrameworks -F /Users/jamesalford/Library/Developer/Xcode/DerivedData/NotedCore-ftviuoyqruynvwbzbngenbwxsygv/Build/Products/Debug-iphonesimulator/PackageFrameworks -F /Users/jamesalford/Library/Developer/Xcode/DerivedData/NotedCore-ftviuoyqruynvwbzbngenbwxsygv/Build/Products/Debug-iphonesimulator/PackageFrameworks -F /Users/jamesalford/Library/Developer/Xcode/DerivedData/NotedCore-ftviuoyqruynvwbzbngenbwxsygv/Build/Products/Debug-iphonesimulator/PackageFrameworks -F /Users/jamesalford/Library/Developer/Xcode/DerivedData/NotedCore-ftviuoyqruynvwbzbngenbwxsygv/Build/Products/Debug-iphonesimulator/PackageFrameworks -F /Users/jamesalford/Library/Developer/Xcode/DerivedData/NotedCore-ftviuoyqruynvwbzbngenbwxsygv/Build/Products/Debug-iphonesimulator/PackageFrameworks -F /Users/jamesalford/Library/Developer/Xcode/DerivedData/NotedCore-ftviuoyqruynvwbzbngenbwxsygv/Build/Products/Debug-iphonesimulator/PackageFrameworks -F /Users/jamesalford/Library/Developer/Xcode/DerivedData/NotedCore-ftviuoyqruynvwbzbngenbwxsygv/Build/Products/Debug-iphonesimulator -F /Applications/Xcode.app/Contents/Developer/Platforms/iPhoneSimulator.platform/Developer/Library/Frameworks -F /Applications/Xcode.app/Contents/Developer/Platforms/iPhoneSimulator.platform/Developer/SDKs/iPhoneSimulator26.0.sdk/Developer/Library/Frameworks -c -j14 -enable-batch-mode -incremental -Xcc -ivfsstatcache -Xcc /Users/jamesalford/Library/Developer/Xcode/DerivedData/SDKStatCaches.noindex/iphonesimulator26.0-23A339-3885c01c3e6b6a337905948deab2002e26257891a6c027eb51374368541b8346.sdkstatcache -output-file-map /Users/jamesalford/Library/Developer/Xcode/DerivedData/NotedCore-ftviuoyqruynvwbzbngenbwxsygv/Build/Intermediates.noindex/whisperkit.build/Debug-iphonesimulator/WhisperKit.build/Objects-normal/arm64/WhisperKit-OutputFileMap.json -use-frontend-parseable-output -save-temps -no-color-diagnostics -explicit-module-build -module-cache-path /Users/jamesalford/Library/Developer/Xcode/DerivedData/NotedCore-ftviuoyqruynvwbzbngenbwxsygv/Build/Intermediates.noindex/SwiftExplicitPrecompiledModules -clang-scanner-module-cache-path /Users/jamesalford/Library/Developer/Xcode/DerivedData/ModuleCache.noindex -sdk-module-cache-path /Users/jamesalford/Library/Developer/Xcode/DerivedData/ModuleCache.noindex -serialize-diagnostics -emit-dependencies -emit-module -emit-module-path /Users/jamesalford/Library/Developer/Xcode/DerivedData/NotedCore-ftviuoyqruynvwbzbngenbwxsygv/Build/Intermediates.noindex/whisperkit.build/Debug-iphonesimulator/WhisperKit.build/Objects-normal/arm64/WhisperKit.swiftmodule -validate-clang-modules-once -clang-build-session-file /Users/jamesalford/Library/Developer/Xcode/DerivedData/ModuleCache.noindex/Session.modulevalidation -package-name whisperkit -Xcc -I/Users/jamesalford/Library/Developer/Xcode/DerivedData/NotedCore-ftviuoyqruynvwbzbngenbwxsygv/Build/Intermediates.noindex/whisperkit.build/Debug-iphonesimulator/WhisperKit.build/swift-overrides.hmap -emit-const-values -Xfrontend -const-gather-protocols-file -Xfrontend /Users/jamesalford/Library/Developer/Xcode/DerivedData/NotedCore-ftviuoyqruynvwbzbngenbwxsygv/Build/Intermediates.noindex/whisperkit.build/Debug-iphonesimulator/WhisperKit.build/Objects-normal/arm64/WhisperKit_const_extract_protocols.json -Xcc -I/Users/jamesalford/Library/Developer/Xcode/DerivedData/NotedCore-ftviuoyqruynvwbzbngenbwxsygv/Build/Products/Debug-iphonesimulator/include -Xcc -I/Users/jamesalford/Library/Developer/Xcode/DerivedData/NotedCore-ftviuoyqruynvwbzbngenbwxsygv/Build/Intermediates.noindex/whisperkit.build/Debug-iphonesimulator/WhisperKit.build/DerivedSources-normal/arm64 -Xcc -I/Users/jamesalford/Library/Developer/Xcode/DerivedData/NotedCore-ftviuoyqruynvwbzbngenbwxsygv/Build/Intermediates.noindex/whisperkit.build/Debug-iphonesimulator/WhisperKit.build/DerivedSources/arm64 -Xcc -I/Users/jamesalford/Library/Developer/Xcode/DerivedData/NotedCore-ftviuoyqruynvwbzbngenbwxsygv/Build/Intermediates.noindex/whisperkit.build/Debug-iphonesimulator/WhisperKit.build/DerivedSources -Xcc -DSWIFT_PACKAGE -Xcc -DDEBUG\=1 -emit-objc-header -emit-objc-header-path /Users/jamesalford/Library/Developer/Xcode/DerivedData/NotedCore-ftviuoyqruynvwbzbngenbwxsygv/Build/Intermediates.noindex/whisperkit.build/Debug-iphonesimulator/WhisperKit.build/Objects-normal/arm64/WhisperKit-Swift.h -working-directory /Users/jamesalford/Documents/NotedCore/NotedCore.xcodeproj -experimental-emit-module-separately -disable-cmo

ExtractAppIntentsMetadata (in target 'Tokenizers' from project 'swift-transformers')
    cd /Users/jamesalford/Library/Developer/Xcode/DerivedData/NotedCore-ftviuoyqruynvwbzbngenbwxsygv/SourcePackages/checkouts/swift-transformers
    /Applications/Xcode.app/Contents/Developer/Toolchains/XcodeDefault.xctoolchain/usr/bin/appintentsmetadataprocessor --toolchain-dir /var/run/com.apple.security.cryptexd/mnt/com.apple.MobileAsset.MetalToolchain-v17.1.324.0.6zKCg8/Metal.xctoolchain --module-name Tokenizers --sdk-root /Applications/Xcode.app/Contents/Developer/Platforms/iPhoneSimulator.platform/Developer/SDKs/iPhoneSimulator26.0.sdk --xcode-version 17A400 --platform-family iOS --deployment-target 16.0 --bundle-identifier swift-transformers.Tokenizers --output /Users/jamesalford/Library/Developer/Xcode/DerivedData/NotedCore-ftviuoyqruynvwbzbngenbwxsygv/Build/Products/Debug-iphonesimulator/Tokenizers.appintents --target-triple arm64-apple-ios16.0-simulator --binary-file /Users/jamesalford/Library/Developer/Xcode/DerivedData/NotedCore-ftviuoyqruynvwbzbngenbwxsygv/Build/Products/Debug-iphonesimulator/Tokenizers.o --dependency-file /Users/jamesalford/Library/Developer/Xcode/DerivedData/NotedCore-ftviuoyqruynvwbzbngenbwxsygv/Build/Intermediates.noindex/swift-transformers.build/Debug-iphonesimulator/Tokenizers.build/Objects-normal/arm64/Tokenizers_dependency_info.dat --stringsdata-file /Users/jamesalford/Library/Developer/Xcode/DerivedData/NotedCore-ftviuoyqruynvwbzbngenbwxsygv/Build/Intermediates.noindex/swift-transformers.build/Debug-iphonesimulator/Tokenizers.build/Objects-normal/arm64/ExtractedAppShortcutsMetadata.stringsdata --source-file-list /Users/jamesalford/Library/Developer/Xcode/DerivedData/NotedCore-ftviuoyqruynvwbzbngenbwxsygv/Build/Intermediates.noindex/swift-transformers.build/Debug-iphonesimulator/Tokenizers.build/Objects-normal/arm64/Tokenizers.SwiftFileList --metadata-file-list /Users/jamesalford/Library/Developer/Xcode/DerivedData/NotedCore-ftviuoyqruynvwbzbngenbwxsygv/Build/Intermediates.noindex/swift-transformers.build/Debug-iphonesimulator/Tokenizers.build/Tokenizers.DependencyMetadataFileList --static-metadata-file-list /Users/jamesalford/Library/Developer/Xcode/DerivedData/NotedCore-ftviuoyqruynvwbzbngenbwxsygv/Build/Intermediates.noindex/swift-transformers.build/Debug-iphonesimulator/Tokenizers.build/Tokenizers.DependencyStaticMetadataFileList --swift-const-vals-list /Users/jamesalford/Library/Developer/Xcode/DerivedData/NotedCore-ftviuoyqruynvwbzbngenbwxsygv/Build/Intermediates.noindex/swift-transformers.build/Debug-iphonesimulator/Tokenizers.build/Objects-normal/arm64/Tokenizers.SwiftConstValuesFileList --force --compile-time-extraction --deployment-aware-processing --validate-assistant-intents --no-app-shortcuts-localization
2025-09-28 17:43:11.761 appintentsmetadataprocessor[15142:1558033] Starting appintentsmetadataprocessor export
2025-09-28 17:43:11.853 appintentsmetadataprocessor[15142:1558033] Extracted no relevant App Intents symbols, skipping writing output

RegisterExecutionPolicyException /Users/jamesalford/Library/Developer/Xcode/DerivedData/NotedCore-ftviuoyqruynvwbzbngenbwxsygv/Build/Products/Debug-iphonesimulator/Tokenizers.o (in target 'Tokenizers' from project 'swift-transformers')
    cd /Users/jamesalford/Library/Developer/Xcode/DerivedData/NotedCore-ftviuoyqruynvwbzbngenbwxsygv/SourcePackages/checkouts/swift-transformers
    builtin-RegisterExecutionPolicyException /Users/jamesalford/Library/Developer/Xcode/DerivedData/NotedCore-ftviuoyqruynvwbzbngenbwxsygv/Build/Products/Debug-iphonesimulator/Tokenizers.o

Ld /Users/jamesalford/Library/Developer/Xcode/DerivedData/NotedCore-ftviuoyqruynvwbzbngenbwxsygv/Build/Products/Debug-iphonesimulator/Generation.o normal (in target 'Generation' from project 'swift-transformers')
    cd /Users/jamesalford/Library/Developer/Xcode/DerivedData/NotedCore-ftviuoyqruynvwbzbngenbwxsygv/SourcePackages/checkouts/swift-transformers
    /Applications/Xcode.app/Contents/Developer/Toolchains/XcodeDefault.xctoolchain/usr/bin/clang -Xlinker -reproducible -target arm64-apple-ios16.0-simulator -r -isysroot /Applications/Xcode.app/Contents/Developer/Platforms/iPhoneSimulator.platform/Developer/SDKs/iPhoneSimulator26.0.sdk -O0 -w -L/Users/jamesalford/Library/Developer/Xcode/DerivedData/NotedCore-ftviuoyqruynvwbzbngenbwxsygv/Build/Intermediates.noindex/EagerLinkingTBDs/Debug-iphonesimulator -L/Users/jamesalford/Library/Developer/Xcode/DerivedData/NotedCore-ftviuoyqruynvwbzbngenbwxsygv/Build/Products/Debug-iphonesimulator -L/Applications/Xcode.app/Contents/Developer/Platforms/iPhoneSimulator.platform/Developer/usr/lib -F/Users/jamesalford/Library/Developer/Xcode/DerivedData/NotedCore-ftviuoyqruynvwbzbngenbwxsygv/Build/Intermediates.noindex/EagerLinkingTBDs/Debug-iphonesimulator -F/Users/jamesalford/Library/Developer/Xcode/DerivedData/NotedCore-ftviuoyqruynvwbzbngenbwxsygv/Build/Products/Debug-iphonesimulator/PackageFrameworks -F/Users/jamesalford/Library/Developer/Xcode/DerivedData/NotedCore-ftviuoyqruynvwbzbngenbwxsygv/Build/Products/Debug-iphonesimulator/PackageFrameworks -F/Users/jamesalford/Library/Developer/Xcode/DerivedData/NotedCore-ftviuoyqruynvwbzbngenbwxsygv/Build/Products/Debug-iphonesimulator/PackageFrameworks -F/Users/jamesalford/Library/Developer/Xcode/DerivedData/NotedCore-ftviuoyqruynvwbzbngenbwxsygv/Build/Products/Debug-iphonesimulator/PackageFrameworks -F/Users/jamesalford/Library/Developer/Xcode/DerivedData/NotedCore-ftviuoyqruynvwbzbngenbwxsygv/Build/Products/Debug-iphonesimulator/PackageFrameworks -F/Users/jamesalford/Library/Developer/Xcode/DerivedData/NotedCore-ftviuoyqruynvwbzbngenbwxsygv/Build/Products/Debug-iphonesimulator/PackageFrameworks -F/Users/jamesalford/Library/Developer/Xcode/DerivedData/NotedCore-ftviuoyqruynvwbzbngenbwxsygv/Build/Products/Debug-iphonesimulator -iframework /Applications/Xcode.app/Contents/Developer/Platforms/iPhoneSimulator.platform/Developer/Library/Frameworks -iframework /Applications/Xcode.app/Contents/Developer/Platforms/iPhoneSimulator.platform/Developer/SDKs/iPhoneSimulator26.0.sdk/Developer/Library/Frameworks -filelist /Users/jamesalford/Library/Developer/Xcode/DerivedData/NotedCore-ftviuoyqruynvwbzbngenbwxsygv/Build/Intermediates.noindex/swift-transformers.build/Debug-iphonesimulator/Generation.build/Objects-normal/arm64/Generation.LinkFileList -nostdlib -Xlinker -object_path_lto -Xlinker /Users/jamesalford/Library/Developer/Xcode/DerivedData/NotedCore-ftviuoyqruynvwbzbngenbwxsygv/Build/Intermediates.noindex/swift-transformers.build/Debug-iphonesimulator/Generation.build/Objects-normal/arm64/Generation_lto.o -rdynamic -Xlinker -no_deduplicate -Xlinker -objc_abi_version -Xlinker 2 -Xlinker -debug_variant -Xlinker -dependency_info -Xlinker /Users/jamesalford/Library/Developer/Xcode/DerivedData/NotedCore-ftviuoyqruynvwbzbngenbwxsygv/Build/Intermediates.noindex/swift-transformers.build/Debug-iphonesimulator/Generation.build/Objects-normal/arm64/Generation_dependency_info.dat -fobjc-link-runtime -L/Applications/Xcode.app/Contents/Developer/Toolchains/XcodeDefault.xctoolchain/usr/lib/swift/iphonesimulator -L/usr/lib/swift -Xlinker -add_ast_path -Xlinker /Users/jamesalford/Library/Developer/Xcode/DerivedData/NotedCore-ftviuoyqruynvwbzbngenbwxsygv/Build/Intermediates.noindex/swift-transformers.build/Debug-iphonesimulator/Generation.build/Objects-normal/arm64/Generation.swiftmodule @/Users/jamesalford/Library/Developer/Xcode/DerivedData/NotedCore-ftviuoyqruynvwbzbngenbwxsygv/Build/Intermediates.noindex/swift-transformers.build/Debug-iphonesimulator/Generation.build/Objects-normal/arm64/Generation-linker-args.resp -o /Users/jamesalford/Library/Developer/Xcode/DerivedData/NotedCore-ftviuoyqruynvwbzbngenbwxsygv/Build/Products/Debug-iphonesimulator/Generation.o

ExtractAppIntentsMetadata (in target 'Generation' from project 'swift-transformers')
    cd /Users/jamesalford/Library/Developer/Xcode/DerivedData/NotedCore-ftviuoyqruynvwbzbngenbwxsygv/SourcePackages/checkouts/swift-transformers
    /Applications/Xcode.app/Contents/Developer/Toolchains/XcodeDefault.xctoolchain/usr/bin/appintentsmetadataprocessor --toolchain-dir /var/run/com.apple.security.cryptexd/mnt/com.apple.MobileAsset.MetalToolchain-v17.1.324.0.6zKCg8/Metal.xctoolchain --module-name Generation --sdk-root /Applications/Xcode.app/Contents/Developer/Platforms/iPhoneSimulator.platform/Developer/SDKs/iPhoneSimulator26.0.sdk --xcode-version 17A400 --platform-family iOS --deployment-target 16.0 --bundle-identifier swift-transformers.Generation --output /Users/jamesalford/Library/Developer/Xcode/DerivedData/NotedCore-ftviuoyqruynvwbzbngenbwxsygv/Build/Products/Debug-iphonesimulator/Generation.appintents --target-triple arm64-apple-ios16.0-simulator --binary-file /Users/jamesalford/Library/Developer/Xcode/DerivedData/NotedCore-ftviuoyqruynvwbzbngenbwxsygv/Build/Products/Debug-iphonesimulator/Generation.o --dependency-file /Users/jamesalford/Library/Developer/Xcode/DerivedData/NotedCore-ftviuoyqruynvwbzbngenbwxsygv/Build/Intermediates.noindex/swift-transformers.build/Debug-iphonesimulator/Generation.build/Objects-normal/arm64/Generation_dependency_info.dat --stringsdata-file /Users/jamesalford/Library/Developer/Xcode/DerivedData/NotedCore-ftviuoyqruynvwbzbngenbwxsygv/Build/Intermediates.noindex/swift-transformers.build/Debug-iphonesimulator/Generation.build/Objects-normal/arm64/ExtractedAppShortcutsMetadata.stringsdata --source-file-list /Users/jamesalford/Library/Developer/Xcode/DerivedData/NotedCore-ftviuoyqruynvwbzbngenbwxsygv/Build/Intermediates.noindex/swift-transformers.build/Debug-iphonesimulator/Generation.build/Objects-normal/arm64/Generation.SwiftFileList --metadata-file-list /Users/jamesalford/Library/Developer/Xcode/DerivedData/NotedCore-ftviuoyqruynvwbzbngenbwxsygv/Build/Intermediates.noindex/swift-transformers.build/Debug-iphonesimulator/Generation.build/Generation.DependencyMetadataFileList --static-metadata-file-list /Users/jamesalford/Library/Developer/Xcode/DerivedData/NotedCore-ftviuoyqruynvwbzbngenbwxsygv/Build/Intermediates.noindex/swift-transformers.build/Debug-iphonesimulator/Generation.build/Generation.DependencyStaticMetadataFileList --swift-const-vals-list /Users/jamesalford/Library/Developer/Xcode/DerivedData/NotedCore-ftviuoyqruynvwbzbngenbwxsygv/Build/Intermediates.noindex/swift-transformers.build/Debug-iphonesimulator/Generation.build/Objects-normal/arm64/Generation.SwiftConstValuesFileList --force --compile-time-extraction --deployment-aware-processing --validate-assistant-intents --no-app-shortcuts-localization
2025-09-28 17:43:11.902 appintentsmetadataprocessor[15145:1558083] Starting appintentsmetadataprocessor export
2025-09-28 17:43:12.033 appintentsmetadataprocessor[15145:1558083] Extracted no relevant App Intents symbols, skipping writing output

SwiftDriverJobDiscovery normal arm64 Compiling LanguageModel.swift (in target 'Models' from project 'swift-transformers')

SwiftDriver\ Compilation Models normal arm64 com.apple.xcode.tools.swift.compiler (in target 'Models' from project 'swift-transformers')
    cd /Users/jamesalford/Documents/NotedCore/NotedCore.xcodeproj
    builtin-Swift-Compilation -- /Applications/Xcode.app/Contents/Developer/Toolchains/XcodeDefault.xctoolchain/usr/bin/swiftc -module-name Models -Onone -enforce-exclusivity\=checked @/Users/jamesalford/Library/Developer/Xcode/DerivedData/NotedCore-ftviuoyqruynvwbzbngenbwxsygv/Build/Intermediates.noindex/swift-transformers.build/Debug-iphonesimulator/Models.build/Objects-normal/arm64/Models.SwiftFileList -DSWIFT_PACKAGE -DDEBUG -DSWIFT_MODULE_RESOURCE_BUNDLE_UNAVAILABLE -DXcode -plugin-path /Applications/Xcode.app/Contents/Developer/Toolchains/XcodeDefault.xctoolchain/usr/lib/swift/host/plugins/testing -enable-experimental-feature DebugDescriptionMacro -sdk /Applications/Xcode.app/Contents/Developer/Platforms/iPhoneSimulator.platform/Developer/SDKs/iPhoneSimulator26.0.sdk -target arm64-apple-ios16.0-simulator -g -module-cache-path /Users/jamesalford/Library/Developer/Xcode/DerivedData/ModuleCache.noindex -Xfrontend -serialize-debugging-options -profile-coverage-mapping -profile-generate -enable-testing -suppress-warnings -index-store-path /Users/jamesalford/Library/Developer/Xcode/DerivedData/NotedCore-ftviuoyqruynvwbzbngenbwxsygv/Index.noindex/DataStore -Xcc -D_LIBCPP_HARDENING_MODE\=_LIBCPP_HARDENING_MODE_DEBUG -swift-version 5 -I /Users/jamesalford/Library/Developer/Xcode/DerivedData/NotedCore-ftviuoyqruynvwbzbngenbwxsygv/Build/Products/Debug-iphonesimulator -Isystem /Applications/Xcode.app/Contents/Developer/Platforms/iPhoneSimulator.platform/Developer/usr/lib -F /Users/jamesalford/Library/Developer/Xcode/DerivedData/NotedCore-ftviuoyqruynvwbzbngenbwxsygv/Build/Products/Debug-iphonesimulator/PackageFrameworks -F /Users/jamesalford/Library/Developer/Xcode/DerivedData/NotedCore-ftviuoyqruynvwbzbngenbwxsygv/Build/Products/Debug-iphonesimulator/PackageFrameworks -F /Users/jamesalford/Library/Developer/Xcode/DerivedData/NotedCore-ftviuoyqruynvwbzbngenbwxsygv/Build/Products/Debug-iphonesimulator/PackageFrameworks -F /Users/jamesalford/Library/Developer/Xcode/DerivedData/NotedCore-ftviuoyqruynvwbzbngenbwxsygv/Build/Products/Debug-iphonesimulator/PackageFrameworks -F /Users/jamesalford/Library/Developer/Xcode/DerivedData/NotedCore-ftviuoyqruynvwbzbngenbwxsygv/Build/Products/Debug-iphonesimulator/PackageFrameworks -F /Users/jamesalford/Library/Developer/Xcode/DerivedData/NotedCore-ftviuoyqruynvwbzbngenbwxsygv/Build/Products/Debug-iphonesimulator/PackageFrameworks -F /Users/jamesalford/Library/Developer/Xcode/DerivedData/NotedCore-ftviuoyqruynvwbzbngenbwxsygv/Build/Products/Debug-iphonesimulator/PackageFrameworks -F /Users/jamesalford/Library/Developer/Xcode/DerivedData/NotedCore-ftviuoyqruynvwbzbngenbwxsygv/Build/Products/Debug-iphonesimulator -F /Applications/Xcode.app/Contents/Developer/Platforms/iPhoneSimulator.platform/Developer/Library/Frameworks -F /Applications/Xcode.app/Contents/Developer/Platforms/iPhoneSimulator.platform/Developer/SDKs/iPhoneSimulator26.0.sdk/Developer/Library/Frameworks -c -j14 -enable-batch-mode -incremental -Xcc -ivfsstatcache -Xcc /Users/jamesalford/Library/Developer/Xcode/DerivedData/SDKStatCaches.noindex/iphonesimulator26.0-23A339-3885c01c3e6b6a337905948deab2002e26257891a6c027eb51374368541b8346.sdkstatcache -output-file-map /Users/jamesalford/Library/Developer/Xcode/DerivedData/NotedCore-ftviuoyqruynvwbzbngenbwxsygv/Build/Intermediates.noindex/swift-transformers.build/Debug-iphonesimulator/Models.build/Objects-normal/arm64/Models-OutputFileMap.json -use-frontend-parseable-output -save-temps -no-color-diagnostics -explicit-module-build -module-cache-path /Users/jamesalford/Library/Developer/Xcode/DerivedData/NotedCore-ftviuoyqruynvwbzbngenbwxsygv/Build/Intermediates.noindex/SwiftExplicitPrecompiledModules -clang-scanner-module-cache-path /Users/jamesalford/Library/Developer/Xcode/DerivedData/ModuleCache.noindex -sdk-module-cache-path /Users/jamesalford/Library/Developer/Xcode/DerivedData/ModuleCache.noindex -serialize-diagnostics -emit-dependencies -emit-module -emit-module-path /Users/jamesalford/Library/Developer/Xcode/DerivedData/NotedCore-ftviuoyqruynvwbzbngenbwxsygv/Build/Intermediates.noindex/swift-transformers.build/Debug-iphonesimulator/Models.build/Objects-normal/arm64/Models.swiftmodule -validate-clang-modules-once -clang-build-session-file /Users/jamesalford/Library/Developer/Xcode/DerivedData/ModuleCache.noindex/Session.modulevalidation -Xcc -I/Users/jamesalford/Library/Developer/Xcode/DerivedData/NotedCore-ftviuoyqruynvwbzbngenbwxsygv/Build/Intermediates.noindex/swift-transformers.build/Debug-iphonesimulator/Models.build/swift-overrides.hmap -emit-const-values -Xfrontend -const-gather-protocols-file -Xfrontend /Users/jamesalford/Library/Developer/Xcode/DerivedData/NotedCore-ftviuoyqruynvwbzbngenbwxsygv/Build/Intermediates.noindex/swift-transformers.build/Debug-iphonesimulator/Models.build/Objects-normal/arm64/Models_const_extract_protocols.json -Xcc -I/Users/jamesalford/Library/Developer/Xcode/DerivedData/NotedCore-ftviuoyqruynvwbzbngenbwxsygv/Build/Products/Debug-iphonesimulator/include -Xcc -I/Users/jamesalford/Library/Developer/Xcode/DerivedData/NotedCore-ftviuoyqruynvwbzbngenbwxsygv/Build/Intermediates.noindex/swift-transformers.build/Debug-iphonesimulator/Models.build/DerivedSources-normal/arm64 -Xcc -I/Users/jamesalford/Library/Developer/Xcode/DerivedData/NotedCore-ftviuoyqruynvwbzbngenbwxsygv/Build/Intermediates.noindex/swift-transformers.build/Debug-iphonesimulator/Models.build/DerivedSources/arm64 -Xcc -I/Users/jamesalford/Library/Developer/Xcode/DerivedData/NotedCore-ftviuoyqruynvwbzbngenbwxsygv/Build/Intermediates.noindex/swift-transformers.build/Debug-iphonesimulator/Models.build/DerivedSources -Xcc -DSWIFT_PACKAGE -Xcc -DDEBUG\=1 -emit-objc-header -emit-objc-header-path /Users/jamesalford/Library/Developer/Xcode/DerivedData/NotedCore-ftviuoyqruynvwbzbngenbwxsygv/Build/Intermediates.noindex/swift-transformers.build/Debug-iphonesimulator/Models.build/Objects-normal/arm64/Models-Swift.h -working-directory /Users/jamesalford/Documents/NotedCore/NotedCore.xcodeproj -experimental-emit-module-separately -disable-cmo

SwiftCompile normal arm64 Compiling\ AudioChunker.swift,\ AudioProcessor.swift /Users/jamesalford/Library/Developer/Xcode/DerivedData/NotedCore-ftviuoyqruynvwbzbngenbwxsygv/SourcePackages/checkouts/WhisperKit/Sources/WhisperKit/Core/Audio/AudioChunker.swift /Users/jamesalford/Library/Developer/Xcode/DerivedData/NotedCore-ftviuoyqruynvwbzbngenbwxsygv/SourcePackages/checkouts/WhisperKit/Sources/WhisperKit/Core/Audio/AudioProcessor.swift (in target 'WhisperKit' from project 'whisperkit')

SwiftCompile normal arm64 /Users/jamesalford/Library/Developer/Xcode/DerivedData/NotedCore-ftviuoyqruynvwbzbngenbwxsygv/SourcePackages/checkouts/WhisperKit/Sources/WhisperKit/Core/Audio/AudioChunker.swift (in target 'WhisperKit' from project 'whisperkit')
    cd /Users/jamesalford/Documents/NotedCore/NotedCore.xcodeproj
    

SwiftCompile normal arm64 /Users/jamesalford/Library/Developer/Xcode/DerivedData/NotedCore-ftviuoyqruynvwbzbngenbwxsygv/SourcePackages/checkouts/WhisperKit/Sources/WhisperKit/Core/Audio/AudioProcessor.swift (in target 'WhisperKit' from project 'whisperkit')
    cd /Users/jamesalford/Documents/NotedCore/NotedCore.xcodeproj
    

SwiftCompile normal arm64 Compiling\ SegmentSeeker.swift,\ TokenSampler.swift /Users/jamesalford/Library/Developer/Xcode/DerivedData/NotedCore-ftviuoyqruynvwbzbngenbwxsygv/SourcePackages/checkouts/WhisperKit/Sources/WhisperKit/Core/Text/SegmentSeeker.swift /Users/jamesalford/Library/Developer/Xcode/DerivedData/NotedCore-ftviuoyqruynvwbzbngenbwxsygv/SourcePackages/checkouts/WhisperKit/Sources/WhisperKit/Core/Text/TokenSampler.swift (in target 'WhisperKit' from project 'whisperkit')

SwiftCompile normal arm64 /Users/jamesalford/Library/Developer/Xcode/DerivedData/NotedCore-ftviuoyqruynvwbzbngenbwxsygv/SourcePackages/checkouts/WhisperKit/Sources/WhisperKit/Core/Text/SegmentSeeker.swift (in target 'WhisperKit' from project 'whisperkit')
    cd /Users/jamesalford/Documents/NotedCore/NotedCore.xcodeproj
    

SwiftCompile normal arm64 /Users/jamesalford/Library/Developer/Xcode/DerivedData/NotedCore-ftviuoyqruynvwbzbngenbwxsygv/SourcePackages/checkouts/WhisperKit/Sources/WhisperKit/Core/Text/TokenSampler.swift (in target 'WhisperKit' from project 'whisperkit')
    cd /Users/jamesalford/Documents/NotedCore/NotedCore.xcodeproj
    

SwiftCompile normal arm64 Compiling\ Models.swift,\ LogitsFilter.swift /Users/jamesalford/Library/Developer/Xcode/DerivedData/NotedCore-ftviuoyqruynvwbzbngenbwxsygv/SourcePackages/checkouts/WhisperKit/Sources/WhisperKit/Core/Models.swift /Users/jamesalford/Library/Developer/Xcode/DerivedData/NotedCore-ftviuoyqruynvwbzbngenbwxsygv/SourcePackages/checkouts/WhisperKit/Sources/WhisperKit/Core/Text/LogitsFilter.swift (in target 'WhisperKit' from project 'whisperkit')

SwiftCompile normal arm64 /Users/jamesalford/Library/Developer/Xcode/DerivedData/NotedCore-ftviuoyqruynvwbzbngenbwxsygv/SourcePackages/checkouts/WhisperKit/Sources/WhisperKit/Core/Models.swift (in target 'WhisperKit' from project 'whisperkit')
    cd /Users/jamesalford/Documents/NotedCore/NotedCore.xcodeproj
    

SwiftCompile normal arm64 /Users/jamesalford/Library/Developer/Xcode/DerivedData/NotedCore-ftviuoyqruynvwbzbngenbwxsygv/SourcePackages/checkouts/WhisperKit/Sources/WhisperKit/Core/Text/LogitsFilter.swift (in target 'WhisperKit' from project 'whisperkit')
    cd /Users/jamesalford/Documents/NotedCore/NotedCore.xcodeproj
    

SwiftCompile normal arm64 Compiling\ VoiceActivityDetector.swift,\ AudioEncoder.swift /Users/jamesalford/Library/Developer/Xcode/DerivedData/NotedCore-ftviuoyqruynvwbzbngenbwxsygv/SourcePackages/checkouts/WhisperKit/Sources/WhisperKit/Core/Audio/VoiceActivityDetector.swift /Users/jamesalford/Library/Developer/Xcode/DerivedData/NotedCore-ftviuoyqruynvwbzbngenbwxsygv/SourcePackages/checkouts/WhisperKit/Sources/WhisperKit/Core/AudioEncoder.swift (in target 'WhisperKit' from project 'whisperkit')

SwiftCompile normal arm64 /Users/jamesalford/Library/Developer/Xcode/DerivedData/NotedCore-ftviuoyqruynvwbzbngenbwxsygv/SourcePackages/checkouts/WhisperKit/Sources/WhisperKit/Core/Audio/VoiceActivityDetector.swift (in target 'WhisperKit' from project 'whisperkit')
    cd /Users/jamesalford/Documents/NotedCore/NotedCore.xcodeproj
    

SwiftCompile normal arm64 /Users/jamesalford/Library/Developer/Xcode/DerivedData/NotedCore-ftviuoyqruynvwbzbngenbwxsygv/SourcePackages/checkouts/WhisperKit/Sources/WhisperKit/Core/AudioEncoder.swift (in target 'WhisperKit' from project 'whisperkit')
    cd /Users/jamesalford/Documents/NotedCore/NotedCore.xcodeproj
    

SwiftCompile normal arm64 Compiling\ AudioStreamTranscriber.swift,\ EnergyVAD.swift /Users/jamesalford/Library/Developer/Xcode/DerivedData/NotedCore-ftviuoyqruynvwbzbngenbwxsygv/SourcePackages/checkouts/WhisperKit/Sources/WhisperKit/Core/Audio/AudioStreamTranscriber.swift /Users/jamesalford/Library/Developer/Xcode/DerivedData/NotedCore-ftviuoyqruynvwbzbngenbwxsygv/SourcePackages/checkouts/WhisperKit/Sources/WhisperKit/Core/Audio/EnergyVAD.swift (in target 'WhisperKit' from project 'whisperkit')

SwiftCompile normal arm64 /Users/jamesalford/Library/Developer/Xcode/DerivedData/NotedCore-ftviuoyqruynvwbzbngenbwxsygv/SourcePackages/checkouts/WhisperKit/Sources/WhisperKit/Core/Audio/AudioStreamTranscriber.swift (in target 'WhisperKit' from project 'whisperkit')
    cd /Users/jamesalford/Documents/NotedCore/NotedCore.xcodeproj
    

SwiftCompile normal arm64 /Users/jamesalford/Library/Developer/Xcode/DerivedData/NotedCore-ftviuoyqruynvwbzbngenbwxsygv/SourcePackages/checkouts/WhisperKit/Sources/WhisperKit/Core/Audio/EnergyVAD.swift (in target 'WhisperKit' from project 'whisperkit')
    cd /Users/jamesalford/Documents/NotedCore/NotedCore.xcodeproj
    

SwiftCompile normal arm64 Compiling\ Configurations.swift,\ FeatureExtractor.swift /Users/jamesalford/Library/Developer/Xcode/DerivedData/NotedCore-ftviuoyqruynvwbzbngenbwxsygv/SourcePackages/checkouts/WhisperKit/Sources/WhisperKit/Core/Configurations.swift /Users/jamesalford/Library/Developer/Xcode/DerivedData/NotedCore-ftviuoyqruynvwbzbngenbwxsygv/SourcePackages/checkouts/WhisperKit/Sources/WhisperKit/Core/FeatureExtractor.swift (in target 'WhisperKit' from project 'whisperkit')

SwiftCompile normal arm64 /Users/jamesalford/Library/Developer/Xcode/DerivedData/NotedCore-ftviuoyqruynvwbzbngenbwxsygv/SourcePackages/checkouts/WhisperKit/Sources/WhisperKit/Core/Configurations.swift (in target 'WhisperKit' from project 'whisperkit')
    cd /Users/jamesalford/Documents/NotedCore/NotedCore.xcodeproj
    

SwiftCompile normal arm64 /Users/jamesalford/Library/Developer/Xcode/DerivedData/NotedCore-ftviuoyqruynvwbzbngenbwxsygv/SourcePackages/checkouts/WhisperKit/Sources/WhisperKit/Core/FeatureExtractor.swift (in target 'WhisperKit' from project 'whisperkit')
    cd /Users/jamesalford/Documents/NotedCore/NotedCore.xcodeproj
    

SwiftCompile normal arm64 Compiling\ TextDecoder.swift,\ TranscribeTask.swift /Users/jamesalford/Library/Developer/Xcode/DerivedData/NotedCore-ftviuoyqruynvwbzbngenbwxsygv/SourcePackages/checkouts/WhisperKit/Sources/WhisperKit/Core/TextDecoder.swift /Users/jamesalford/Library/Developer/Xcode/DerivedData/NotedCore-ftviuoyqruynvwbzbngenbwxsygv/SourcePackages/checkouts/WhisperKit/Sources/WhisperKit/Core/TranscribeTask.swift (in target 'WhisperKit' from project 'whisperkit')

SwiftCompile normal arm64 /Users/jamesalford/Library/Developer/Xcode/DerivedData/NotedCore-ftviuoyqruynvwbzbngenbwxsygv/SourcePackages/checkouts/WhisperKit/Sources/WhisperKit/Core/TextDecoder.swift (in target 'WhisperKit' from project 'whisperkit')
    cd /Users/jamesalford/Documents/NotedCore/NotedCore.xcodeproj
    

SwiftCompile normal arm64 /Users/jamesalford/Library/Developer/Xcode/DerivedData/NotedCore-ftviuoyqruynvwbzbngenbwxsygv/SourcePackages/checkouts/WhisperKit/Sources/WhisperKit/Core/TranscribeTask.swift (in target 'WhisperKit' from project 'whisperkit')
    cd /Users/jamesalford/Documents/NotedCore/NotedCore.xcodeproj
    

SwiftCompile normal arm64 Compiling\ ResultWriter.swift /Users/jamesalford/Library/Developer/Xcode/DerivedData/NotedCore-ftviuoyqruynvwbzbngenbwxsygv/SourcePackages/checkouts/WhisperKit/Sources/WhisperKit/Utilities/ResultWriter.swift (in target 'WhisperKit' from project 'whisperkit')

SwiftCompile normal arm64 /Users/jamesalford/Library/Developer/Xcode/DerivedData/NotedCore-ftviuoyqruynvwbzbngenbwxsygv/SourcePackages/checkouts/WhisperKit/Sources/WhisperKit/Utilities/ResultWriter.swift (in target 'WhisperKit' from project 'whisperkit')
    cd /Users/jamesalford/Documents/NotedCore/NotedCore.xcodeproj
    

SwiftCompile normal arm64 Compiling\ Extensions+Internal.swift,\ Extensions+Public.swift /Users/jamesalford/Library/Developer/Xcode/DerivedData/NotedCore-ftviuoyqruynvwbzbngenbwxsygv/SourcePackages/checkouts/WhisperKit/Sources/WhisperKit/Utilities/Extensions+Internal.swift /Users/jamesalford/Library/Developer/Xcode/DerivedData/NotedCore-ftviuoyqruynvwbzbngenbwxsygv/SourcePackages/checkouts/WhisperKit/Sources/WhisperKit/Utilities/Extensions+Public.swift (in target 'WhisperKit' from project 'whisperkit')

SwiftCompile normal arm64 /Users/jamesalford/Library/Developer/Xcode/DerivedData/NotedCore-ftviuoyqruynvwbzbngenbwxsygv/SourcePackages/checkouts/WhisperKit/Sources/WhisperKit/Utilities/Extensions+Internal.swift (in target 'WhisperKit' from project 'whisperkit')
    cd /Users/jamesalford/Documents/NotedCore/NotedCore.xcodeproj
    

SwiftCompile normal arm64 /Users/jamesalford/Library/Developer/Xcode/DerivedData/NotedCore-ftviuoyqruynvwbzbngenbwxsygv/SourcePackages/checkouts/WhisperKit/Sources/WhisperKit/Utilities/Extensions+Public.swift (in target 'WhisperKit' from project 'whisperkit')
    cd /Users/jamesalford/Documents/NotedCore/NotedCore.xcodeproj
    

SwiftCompile normal arm64 Compiling\ Logging.swift,\ ModelUtilities.swift /Users/jamesalford/Library/Developer/Xcode/DerivedData/NotedCore-ftviuoyqruynvwbzbngenbwxsygv/SourcePackages/checkouts/WhisperKit/Sources/WhisperKit/Utilities/Logging.swift /Users/jamesalford/Library/Developer/Xcode/DerivedData/NotedCore-ftviuoyqruynvwbzbngenbwxsygv/SourcePackages/checkouts/WhisperKit/Sources/WhisperKit/Utilities/ModelUtilities.swift (in target 'WhisperKit' from project 'whisperkit')

SwiftCompile normal arm64 /Users/jamesalford/Library/Developer/Xcode/DerivedData/NotedCore-ftviuoyqruynvwbzbngenbwxsygv/SourcePackages/checkouts/WhisperKit/Sources/WhisperKit/Utilities/Logging.swift (in target 'WhisperKit' from project 'whisperkit')
    cd /Users/jamesalford/Documents/NotedCore/NotedCore.xcodeproj
    

SwiftCompile normal arm64 /Users/jamesalford/Library/Developer/Xcode/DerivedData/NotedCore-ftviuoyqruynvwbzbngenbwxsygv/SourcePackages/checkouts/WhisperKit/Sources/WhisperKit/Utilities/ModelUtilities.swift (in target 'WhisperKit' from project 'whisperkit')
    cd /Users/jamesalford/Documents/NotedCore/NotedCore.xcodeproj
    

SwiftCompile normal arm64 Compiling\ WhisperKit.swift,\ Concurrency.swift /Users/jamesalford/Library/Developer/Xcode/DerivedData/NotedCore-ftviuoyqruynvwbzbngenbwxsygv/SourcePackages/checkouts/WhisperKit/Sources/WhisperKit/Core/WhisperKit.swift /Users/jamesalford/Library/Developer/Xcode/DerivedData/NotedCore-ftviuoyqruynvwbzbngenbwxsygv/SourcePackages/checkouts/WhisperKit/Sources/WhisperKit/Utilities/Concurrency.swift (in target 'WhisperKit' from project 'whisperkit')

SwiftCompile normal arm64 /Users/jamesalford/Library/Developer/Xcode/DerivedData/NotedCore-ftviuoyqruynvwbzbngenbwxsygv/SourcePackages/checkouts/WhisperKit/Sources/WhisperKit/Core/WhisperKit.swift (in target 'WhisperKit' from project 'whisperkit')
    cd /Users/jamesalford/Documents/NotedCore/NotedCore.xcodeproj
    

SwiftCompile normal arm64 /Users/jamesalford/Library/Developer/Xcode/DerivedData/NotedCore-ftviuoyqruynvwbzbngenbwxsygv/SourcePackages/checkouts/WhisperKit/Sources/WhisperKit/Utilities/Concurrency.swift (in target 'WhisperKit' from project 'whisperkit')
    cd /Users/jamesalford/Documents/NotedCore/NotedCore.xcodeproj
    

SwiftEmitModule normal arm64 Emitting\ module\ for\ WhisperKit (in target 'WhisperKit' from project 'whisperkit')

EmitSwiftModule normal arm64 (in target 'WhisperKit' from project 'whisperkit')
    cd /Users/jamesalford/Documents/NotedCore/NotedCore.xcodeproj
    

SwiftCompile normal arm64 Compiling\ WhisperError.swift /Users/jamesalford/Library/Developer/Xcode/DerivedData/NotedCore-ftviuoyqruynvwbzbngenbwxsygv/SourcePackages/checkouts/WhisperKit/Sources/WhisperKit/Utilities/WhisperError.swift (in target 'WhisperKit' from project 'whisperkit')

SwiftCompile normal arm64 /Users/jamesalford/Library/Developer/Xcode/DerivedData/NotedCore-ftviuoyqruynvwbzbngenbwxsygv/SourcePackages/checkouts/WhisperKit/Sources/WhisperKit/Utilities/WhisperError.swift (in target 'WhisperKit' from project 'whisperkit')
    cd /Users/jamesalford/Documents/NotedCore/NotedCore.xcodeproj
    

SwiftCompile normal arm64 Compiling\ TextUtilities.swift /Users/jamesalford/Library/Developer/Xcode/DerivedData/NotedCore-ftviuoyqruynvwbzbngenbwxsygv/SourcePackages/checkouts/WhisperKit/Sources/WhisperKit/Utilities/TextUtilities.swift (in target 'WhisperKit' from project 'whisperkit')

SwiftCompile normal arm64 /Users/jamesalford/Library/Developer/Xcode/DerivedData/NotedCore-ftviuoyqruynvwbzbngenbwxsygv/SourcePackages/checkouts/WhisperKit/Sources/WhisperKit/Utilities/TextUtilities.swift (in target 'WhisperKit' from project 'whisperkit')
    cd /Users/jamesalford/Documents/NotedCore/NotedCore.xcodeproj
    

SwiftDriverJobDiscovery normal arm64 Compiling ResultWriter.swift (in target 'WhisperKit' from project 'whisperkit')

SwiftCompile normal arm64 Compiling\ TranscriptionUtilities.swift /Users/jamesalford/Library/Developer/Xcode/DerivedData/NotedCore-ftviuoyqruynvwbzbngenbwxsygv/SourcePackages/checkouts/WhisperKit/Sources/WhisperKit/Utilities/TranscriptionUtilities.swift (in target 'WhisperKit' from project 'whisperkit')

SwiftCompile normal arm64 /Users/jamesalford/Library/Developer/Xcode/DerivedData/NotedCore-ftviuoyqruynvwbzbngenbwxsygv/SourcePackages/checkouts/WhisperKit/Sources/WhisperKit/Utilities/TranscriptionUtilities.swift (in target 'WhisperKit' from project 'whisperkit')
    cd /Users/jamesalford/Documents/NotedCore/NotedCore.xcodeproj
    

SwiftDriverJobDiscovery normal arm64 Compiling WhisperError.swift (in target 'WhisperKit' from project 'whisperkit')

SwiftDriverJobDiscovery normal arm64 Compiling VoiceActivityDetector.swift, AudioEncoder.swift (in target 'WhisperKit' from project 'whisperkit')

RegisterExecutionPolicyException /Users/jamesalford/Library/Developer/Xcode/DerivedData/NotedCore-ftviuoyqruynvwbzbngenbwxsygv/Build/Products/Debug-iphonesimulator/Generation.o (in target 'Generation' from project 'swift-transformers')
    cd /Users/jamesalford/Library/Developer/Xcode/DerivedData/NotedCore-ftviuoyqruynvwbzbngenbwxsygv/SourcePackages/checkouts/swift-transformers
    builtin-RegisterExecutionPolicyException /Users/jamesalford/Library/Developer/Xcode/DerivedData/NotedCore-ftviuoyqruynvwbzbngenbwxsygv/Build/Products/Debug-iphonesimulator/Generation.o

Ld /Users/jamesalford/Library/Developer/Xcode/DerivedData/NotedCore-ftviuoyqruynvwbzbngenbwxsygv/Build/Products/Debug-iphonesimulator/Models.o normal (in target 'Models' from project 'swift-transformers')
    cd /Users/jamesalford/Library/Developer/Xcode/DerivedData/NotedCore-ftviuoyqruynvwbzbngenbwxsygv/SourcePackages/checkouts/swift-transformers
    /Applications/Xcode.app/Contents/Developer/Toolchains/XcodeDefault.xctoolchain/usr/bin/clang -Xlinker -reproducible -target arm64-apple-ios16.0-simulator -r -isysroot /Applications/Xcode.app/Contents/Developer/Platforms/iPhoneSimulator.platform/Developer/SDKs/iPhoneSimulator26.0.sdk -O0 -w -L/Users/jamesalford/Library/Developer/Xcode/DerivedData/NotedCore-ftviuoyqruynvwbzbngenbwxsygv/Build/Intermediates.noindex/EagerLinkingTBDs/Debug-iphonesimulator -L/Users/jamesalford/Library/Developer/Xcode/DerivedData/NotedCore-ftviuoyqruynvwbzbngenbwxsygv/Build/Products/Debug-iphonesimulator -L/Applications/Xcode.app/Contents/Developer/Platforms/iPhoneSimulator.platform/Developer/usr/lib -F/Users/jamesalford/Library/Developer/Xcode/DerivedData/NotedCore-ftviuoyqruynvwbzbngenbwxsygv/Build/Intermediates.noindex/EagerLinkingTBDs/Debug-iphonesimulator -F/Users/jamesalford/Library/Developer/Xcode/DerivedData/NotedCore-ftviuoyqruynvwbzbngenbwxsygv/Build/Products/Debug-iphonesimulator/PackageFrameworks -F/Users/jamesalford/Library/Developer/Xcode/DerivedData/NotedCore-ftviuoyqruynvwbzbngenbwxsygv/Build/Products/Debug-iphonesimulator/PackageFrameworks -F/Users/jamesalford/Library/Developer/Xcode/DerivedData/NotedCore-ftviuoyqruynvwbzbngenbwxsygv/Build/Products/Debug-iphonesimulator/PackageFrameworks -F/Users/jamesalford/Library/Developer/Xcode/DerivedData/NotedCore-ftviuoyqruynvwbzbngenbwxsygv/Build/Products/Debug-iphonesimulator/PackageFrameworks -F/Users/jamesalford/Library/Developer/Xcode/DerivedData/NotedCore-ftviuoyqruynvwbzbngenbwxsygv/Build/Products/Debug-iphonesimulator/PackageFrameworks -F/Users/jamesalford/Library/Developer/Xcode/DerivedData/NotedCore-ftviuoyqruynvwbzbngenbwxsygv/Build/Products/Debug-iphonesimulator/PackageFrameworks -F/Users/jamesalford/Library/Developer/Xcode/DerivedData/NotedCore-ftviuoyqruynvwbzbngenbwxsygv/Build/Products/Debug-iphonesimulator/PackageFrameworks -F/Users/jamesalford/Library/Developer/Xcode/DerivedData/NotedCore-ftviuoyqruynvwbzbngenbwxsygv/Build/Products/Debug-iphonesimulator -iframework /Applications/Xcode.app/Contents/Developer/Platforms/iPhoneSimulator.platform/Developer/Library/Frameworks -iframework /Applications/Xcode.app/Contents/Developer/Platforms/iPhoneSimulator.platform/Developer/SDKs/iPhoneSimulator26.0.sdk/Developer/Library/Frameworks -filelist /Users/jamesalford/Library/Developer/Xcode/DerivedData/NotedCore-ftviuoyqruynvwbzbngenbwxsygv/Build/Intermediates.noindex/swift-transformers.build/Debug-iphonesimulator/Models.build/Objects-normal/arm64/Models.LinkFileList -nostdlib -Xlinker -object_path_lto -Xlinker /Users/jamesalford/Library/Developer/Xcode/DerivedData/NotedCore-ftviuoyqruynvwbzbngenbwxsygv/Build/Intermediates.noindex/swift-transformers.build/Debug-iphonesimulator/Models.build/Objects-normal/arm64/Models_lto.o -rdynamic -Xlinker -no_deduplicate -Xlinker -objc_abi_version -Xlinker 2 -Xlinker -debug_variant -Xlinker -dependency_info -Xlinker /Users/jamesalford/Library/Developer/Xcode/DerivedData/NotedCore-ftviuoyqruynvwbzbngenbwxsygv/Build/Intermediates.noindex/swift-transformers.build/Debug-iphonesimulator/Models.build/Objects-normal/arm64/Models_dependency_info.dat -fobjc-link-runtime -L/Applications/Xcode.app/Contents/Developer/Toolchains/XcodeDefault.xctoolchain/usr/lib/swift/iphonesimulator -L/usr/lib/swift -Xlinker -add_ast_path -Xlinker /Users/jamesalford/Library/Developer/Xcode/DerivedData/NotedCore-ftviuoyqruynvwbzbngenbwxsygv/Build/Intermediates.noindex/swift-transformers.build/Debug-iphonesimulator/Models.build/Objects-normal/arm64/Models.swiftmodule @/Users/jamesalford/Library/Developer/Xcode/DerivedData/NotedCore-ftviuoyqruynvwbzbngenbwxsygv/Build/Intermediates.noindex/swift-transformers.build/Debug-iphonesimulator/Models.build/Objects-normal/arm64/Models-linker-args.resp -o /Users/jamesalford/Library/Developer/Xcode/DerivedData/NotedCore-ftviuoyqruynvwbzbngenbwxsygv/Build/Products/Debug-iphonesimulator/Models.o

SwiftDriverJobDiscovery normal arm64 Compiling Configurations.swift, FeatureExtractor.swift (in target 'WhisperKit' from project 'whisperkit')

ExtractAppIntentsMetadata (in target 'Models' from project 'swift-transformers')
    cd /Users/jamesalford/Library/Developer/Xcode/DerivedData/NotedCore-ftviuoyqruynvwbzbngenbwxsygv/SourcePackages/checkouts/swift-transformers
    /Applications/Xcode.app/Contents/Developer/Toolchains/XcodeDefault.xctoolchain/usr/bin/appintentsmetadataprocessor --toolchain-dir /var/run/com.apple.security.cryptexd/mnt/com.apple.MobileAsset.MetalToolchain-v17.1.324.0.6zKCg8/Metal.xctoolchain --module-name Models --sdk-root /Applications/Xcode.app/Contents/Developer/Platforms/iPhoneSimulator.platform/Developer/SDKs/iPhoneSimulator26.0.sdk --xcode-version 17A400 --platform-family iOS --deployment-target 16.0 --bundle-identifier swift-transformers.Models --output /Users/jamesalford/Library/Developer/Xcode/DerivedData/NotedCore-ftviuoyqruynvwbzbngenbwxsygv/Build/Products/Debug-iphonesimulator/Models.appintents --target-triple arm64-apple-ios16.0-simulator --binary-file /Users/jamesalford/Library/Developer/Xcode/DerivedData/NotedCore-ftviuoyqruynvwbzbngenbwxsygv/Build/Products/Debug-iphonesimulator/Models.o --dependency-file /Users/jamesalford/Library/Developer/Xcode/DerivedData/NotedCore-ftviuoyqruynvwbzbngenbwxsygv/Build/Intermediates.noindex/swift-transformers.build/Debug-iphonesimulator/Models.build/Objects-normal/arm64/Models_dependency_info.dat --stringsdata-file /Users/jamesalford/Library/Developer/Xcode/DerivedData/NotedCore-ftviuoyqruynvwbzbngenbwxsygv/Build/Intermediates.noindex/swift-transformers.build/Debug-iphonesimulator/Models.build/Objects-normal/arm64/ExtractedAppShortcutsMetadata.stringsdata --source-file-list /Users/jamesalford/Library/Developer/Xcode/DerivedData/NotedCore-ftviuoyqruynvwbzbngenbwxsygv/Build/Intermediates.noindex/swift-transformers.build/Debug-iphonesimulator/Models.build/Objects-normal/arm64/Models.SwiftFileList --metadata-file-list /Users/jamesalford/Library/Developer/Xcode/DerivedData/NotedCore-ftviuoyqruynvwbzbngenbwxsygv/Build/Intermediates.noindex/swift-transformers.build/Debug-iphonesimulator/Models.build/Models.DependencyMetadataFileList --static-metadata-file-list /Users/jamesalford/Library/Developer/Xcode/DerivedData/NotedCore-ftviuoyqruynvwbzbngenbwxsygv/Build/Intermediates.noindex/swift-transformers.build/Debug-iphonesimulator/Models.build/Models.DependencyStaticMetadataFileList --swift-const-vals-list /Users/jamesalford/Library/Developer/Xcode/DerivedData/NotedCore-ftviuoyqruynvwbzbngenbwxsygv/Build/Intermediates.noindex/swift-transformers.build/Debug-iphonesimulator/Models.build/Objects-normal/arm64/Models.SwiftConstValuesFileList --force --compile-time-extraction --deployment-aware-processing --validate-assistant-intents --no-app-shortcuts-localization
2025-09-28 17:43:12.323 appintentsmetadataprocessor[15172:1558170] Starting appintentsmetadataprocessor export
2025-09-28 17:43:12.464 appintentsmetadataprocessor[15172:1558170] Extracted no relevant App Intents symbols, skipping writing output

SwiftDriverJobDiscovery normal arm64 Compiling AudioStreamTranscriber.swift, EnergyVAD.swift (in target 'WhisperKit' from project 'whisperkit')

SwiftDriverJobDiscovery normal arm64 Emitting module for WhisperKit (in target 'WhisperKit' from project 'whisperkit')

SwiftDriver\ Compilation\ Requirements WhisperKit normal arm64 com.apple.xcode.tools.swift.compiler (in target 'WhisperKit' from project 'whisperkit')
    cd /Users/jamesalford/Documents/NotedCore/NotedCore.xcodeproj
    builtin-Swift-Compilation-Requirements -- /Applications/Xcode.app/Contents/Developer/Toolchains/XcodeDefault.xctoolchain/usr/bin/swiftc -module-name WhisperKit -Onone -enforce-exclusivity\=checked @/Users/jamesalford/Library/Developer/Xcode/DerivedData/NotedCore-ftviuoyqruynvwbzbngenbwxsygv/Build/Intermediates.noindex/whisperkit.build/Debug-iphonesimulator/WhisperKit.build/Objects-normal/arm64/WhisperKit.SwiftFileList -DSWIFT_PACKAGE -DDEBUG -DSWIFT_MODULE_RESOURCE_BUNDLE_UNAVAILABLE -DXcode -plugin-path /Applications/Xcode.app/Contents/Developer/Toolchains/XcodeDefault.xctoolchain/usr/lib/swift/host/plugins/testing -enable-experimental-feature DebugDescriptionMacro -sdk /Applications/Xcode.app/Contents/Developer/Platforms/iPhoneSimulator.platform/Developer/SDKs/iPhoneSimulator26.0.sdk -target arm64-apple-ios16.0-simulator -g -module-cache-path /Users/jamesalford/Library/Developer/Xcode/DerivedData/ModuleCache.noindex -Xfrontend -serialize-debugging-options -profile-coverage-mapping -profile-generate -enable-testing -suppress-warnings -index-store-path /Users/jamesalford/Library/Developer/Xcode/DerivedData/NotedCore-ftviuoyqruynvwbzbngenbwxsygv/Index.noindex/DataStore -Xcc -D_LIBCPP_HARDENING_MODE\=_LIBCPP_HARDENING_MODE_DEBUG -swift-version 5 -I /Users/jamesalford/Library/Developer/Xcode/DerivedData/NotedCore-ftviuoyqruynvwbzbngenbwxsygv/Build/Products/Debug-iphonesimulator -Isystem /Applications/Xcode.app/Contents/Developer/Platforms/iPhoneSimulator.platform/Developer/usr/lib -F /Users/jamesalford/Library/Developer/Xcode/DerivedData/NotedCore-ftviuoyqruynvwbzbngenbwxsygv/Build/Products/Debug-iphonesimulator/PackageFrameworks -F /Users/jamesalford/Library/Developer/Xcode/DerivedData/NotedCore-ftviuoyqruynvwbzbngenbwxsygv/Build/Products/Debug-iphonesimulator/PackageFrameworks -F /Users/jamesalford/Library/Developer/Xcode/DerivedData/NotedCore-ftviuoyqruynvwbzbngenbwxsygv/Build/Products/Debug-iphonesimulator/PackageFrameworks -F /Users/jamesalford/Library/Developer/Xcode/DerivedData/NotedCore-ftviuoyqruynvwbzbngenbwxsygv/Build/Products/Debug-iphonesimulator/PackageFrameworks -F /Users/jamesalford/Library/Developer/Xcode/DerivedData/NotedCore-ftviuoyqruynvwbzbngenbwxsygv/Build/Products/Debug-iphonesimulator/PackageFrameworks -F /Users/jamesalford/Library/Developer/Xcode/DerivedData/NotedCore-ftviuoyqruynvwbzbngenbwxsygv/Build/Products/Debug-iphonesimulator/PackageFrameworks -F /Users/jamesalford/Library/Developer/Xcode/DerivedData/NotedCore-ftviuoyqruynvwbzbngenbwxsygv/Build/Products/Debug-iphonesimulator/PackageFrameworks -F /Users/jamesalford/Library/Developer/Xcode/DerivedData/NotedCore-ftviuoyqruynvwbzbngenbwxsygv/Build/Products/Debug-iphonesimulator/PackageFrameworks -F /Users/jamesalford/Library/Developer/Xcode/DerivedData/NotedCore-ftviuoyqruynvwbzbngenbwxsygv/Build/Products/Debug-iphonesimulator -F /Applications/Xcode.app/Contents/Developer/Platforms/iPhoneSimulator.platform/Developer/Library/Frameworks -F /Applications/Xcode.app/Contents/Developer/Platforms/iPhoneSimulator.platform/Developer/SDKs/iPhoneSimulator26.0.sdk/Developer/Library/Frameworks -c -j14 -enable-batch-mode -incremental -Xcc -ivfsstatcache -Xcc /Users/jamesalford/Library/Developer/Xcode/DerivedData/SDKStatCaches.noindex/iphonesimulator26.0-23A339-3885c01c3e6b6a337905948deab2002e26257891a6c027eb51374368541b8346.sdkstatcache -output-file-map /Users/jamesalford/Library/Developer/Xcode/DerivedData/NotedCore-ftviuoyqruynvwbzbngenbwxsygv/Build/Intermediates.noindex/whisperkit.build/Debug-iphonesimulator/WhisperKit.build/Objects-normal/arm64/WhisperKit-OutputFileMap.json -use-frontend-parseable-output -save-temps -no-color-diagnostics -explicit-module-build -module-cache-path /Users/jamesalford/Library/Developer/Xcode/DerivedData/NotedCore-ftviuoyqruynvwbzbngenbwxsygv/Build/Intermediates.noindex/SwiftExplicitPrecompiledModules -clang-scanner-module-cache-path /Users/jamesalford/Library/Developer/Xcode/DerivedData/ModuleCache.noindex -sdk-module-cache-path /Users/jamesalford/Library/Developer/Xcode/DerivedData/ModuleCache.noindex -serialize-diagnostics -emit-dependencies -emit-module -emit-module-path /Users/jamesalford/Library/Developer/Xcode/DerivedData/NotedCore-ftviuoyqruynvwbzbngenbwxsygv/Build/Intermediates.noindex/whisperkit.build/Debug-iphonesimulator/WhisperKit.build/Objects-normal/arm64/WhisperKit.swiftmodule -validate-clang-modules-once -clang-build-session-file /Users/jamesalford/Library/Developer/Xcode/DerivedData/ModuleCache.noindex/Session.modulevalidation -package-name whisperkit -Xcc -I/Users/jamesalford/Library/Developer/Xcode/DerivedData/NotedCore-ftviuoyqruynvwbzbngenbwxsygv/Build/Intermediates.noindex/whisperkit.build/Debug-iphonesimulator/WhisperKit.build/swift-overrides.hmap -emit-const-values -Xfrontend -const-gather-protocols-file -Xfrontend /Users/jamesalford/Library/Developer/Xcode/DerivedData/NotedCore-ftviuoyqruynvwbzbngenbwxsygv/Build/Intermediates.noindex/whisperkit.build/Debug-iphonesimulator/WhisperKit.build/Objects-normal/arm64/WhisperKit_const_extract_protocols.json -Xcc -I/Users/jamesalford/Library/Developer/Xcode/DerivedData/NotedCore-ftviuoyqruynvwbzbngenbwxsygv/Build/Products/Debug-iphonesimulator/include -Xcc -I/Users/jamesalford/Library/Developer/Xcode/DerivedData/NotedCore-ftviuoyqruynvwbzbngenbwxsygv/Build/Intermediates.noindex/whisperkit.build/Debug-iphonesimulator/WhisperKit.build/DerivedSources-normal/arm64 -Xcc -I/Users/jamesalford/Library/Developer/Xcode/DerivedData/NotedCore-ftviuoyqruynvwbzbngenbwxsygv/Build/Intermediates.noindex/whisperkit.build/Debug-iphonesimulator/WhisperKit.build/DerivedSources/arm64 -Xcc -I/Users/jamesalford/Library/Developer/Xcode/DerivedData/NotedCore-ftviuoyqruynvwbzbngenbwxsygv/Build/Intermediates.noindex/whisperkit.build/Debug-iphonesimulator/WhisperKit.build/DerivedSources -Xcc -DSWIFT_PACKAGE -Xcc -DDEBUG\=1 -emit-objc-header -emit-objc-header-path /Users/jamesalford/Library/Developer/Xcode/DerivedData/NotedCore-ftviuoyqruynvwbzbngenbwxsygv/Build/Intermediates.noindex/whisperkit.build/Debug-iphonesimulator/WhisperKit.build/Objects-normal/arm64/WhisperKit-Swift.h -working-directory /Users/jamesalford/Documents/NotedCore/NotedCore.xcodeproj -experimental-emit-module-separately -disable-cmo

SwiftMergeGeneratedHeaders /Users/jamesalford/Library/Developer/Xcode/DerivedData/NotedCore-ftviuoyqruynvwbzbngenbwxsygv/Build/Intermediates.noindex/GeneratedModuleMaps-iphonesimulator/WhisperKit-Swift.h /Users/jamesalford/Library/Developer/Xcode/DerivedData/NotedCore-ftviuoyqruynvwbzbngenbwxsygv/Build/Intermediates.noindex/whisperkit.build/Debug-iphonesimulator/WhisperKit.build/Objects-normal/arm64/WhisperKit-Swift.h (in target 'WhisperKit' from project 'whisperkit')
    cd /Users/jamesalford/Library/Developer/Xcode/DerivedData/NotedCore-ftviuoyqruynvwbzbngenbwxsygv/SourcePackages/checkouts/WhisperKit
    builtin-swiftHeaderTool -arch arm64 /Users/jamesalford/Library/Developer/Xcode/DerivedData/NotedCore-ftviuoyqruynvwbzbngenbwxsygv/Build/Intermediates.noindex/whisperkit.build/Debug-iphonesimulator/WhisperKit.build/Objects-normal/arm64/WhisperKit-Swift.h -o /Users/jamesalford/Library/Developer/Xcode/DerivedData/NotedCore-ftviuoyqruynvwbzbngenbwxsygv/Build/Intermediates.noindex/GeneratedModuleMaps-iphonesimulator/WhisperKit-Swift.h

Copy /Users/jamesalford/Library/Developer/Xcode/DerivedData/NotedCore-ftviuoyqruynvwbzbngenbwxsygv/Build/Products/Debug-iphonesimulator/PackageFrameworks/WhisperKit.framework/Modules/WhisperKit.swiftmodule/arm64-apple-ios-simulator.swiftdoc /Users/jamesalford/Library/Developer/Xcode/DerivedData/NotedCore-ftviuoyqruynvwbzbngenbwxsygv/Build/Intermediates.noindex/whisperkit.build/Debug-iphonesimulator/WhisperKit.build/Objects-normal/arm64/WhisperKit.swiftdoc (in target 'WhisperKit' from project 'whisperkit')
    cd /Users/jamesalford/Library/Developer/Xcode/DerivedData/NotedCore-ftviuoyqruynvwbzbngenbwxsygv/SourcePackages/checkouts/WhisperKit
    builtin-copy -exclude .DS_Store -exclude CVS -exclude .svn -exclude .git -exclude .hg -resolve-src-symlinks -rename /Users/jamesalford/Library/Developer/Xcode/DerivedData/NotedCore-ftviuoyqruynvwbzbngenbwxsygv/Build/Intermediates.noindex/whisperkit.build/Debug-iphonesimulator/WhisperKit.build/Objects-normal/arm64/WhisperKit.swiftdoc /Users/jamesalford/Library/Developer/Xcode/DerivedData/NotedCore-ftviuoyqruynvwbzbngenbwxsygv/Build/Products/Debug-iphonesimulator/PackageFrameworks/WhisperKit.framework/Modules/WhisperKit.swiftmodule/arm64-apple-ios-simulator.swiftdoc

Copy /Users/jamesalford/Library/Developer/Xcode/DerivedData/NotedCore-ftviuoyqruynvwbzbngenbwxsygv/Build/Products/Debug-iphonesimulator/PackageFrameworks/WhisperKit.framework/Modules/WhisperKit.swiftmodule/arm64-apple-ios-simulator.swiftmodule /Users/jamesalford/Library/Developer/Xcode/DerivedData/NotedCore-ftviuoyqruynvwbzbngenbwxsygv/Build/Intermediates.noindex/whisperkit.build/Debug-iphonesimulator/WhisperKit.build/Objects-normal/arm64/WhisperKit.swiftmodule (in target 'WhisperKit' from project 'whisperkit')
    cd /Users/jamesalford/Library/Developer/Xcode/DerivedData/NotedCore-ftviuoyqruynvwbzbngenbwxsygv/SourcePackages/checkouts/WhisperKit
    builtin-copy -exclude .DS_Store -exclude CVS -exclude .svn -exclude .git -exclude .hg -resolve-src-symlinks -rename /Users/jamesalford/Library/Developer/Xcode/DerivedData/NotedCore-ftviuoyqruynvwbzbngenbwxsygv/Build/Intermediates.noindex/whisperkit.build/Debug-iphonesimulator/WhisperKit.build/Objects-normal/arm64/WhisperKit.swiftmodule /Users/jamesalford/Library/Developer/Xcode/DerivedData/NotedCore-ftviuoyqruynvwbzbngenbwxsygv/Build/Products/Debug-iphonesimulator/PackageFrameworks/WhisperKit.framework/Modules/WhisperKit.swiftmodule/arm64-apple-ios-simulator.swiftmodule

Copy /Users/jamesalford/Library/Developer/Xcode/DerivedData/NotedCore-ftviuoyqruynvwbzbngenbwxsygv/Build/Products/Debug-iphonesimulator/PackageFrameworks/WhisperKit.framework/Modules/WhisperKit.swiftmodule/arm64-apple-ios-simulator.abi.json /Users/jamesalford/Library/Developer/Xcode/DerivedData/NotedCore-ftviuoyqruynvwbzbngenbwxsygv/Build/Intermediates.noindex/whisperkit.build/Debug-iphonesimulator/WhisperKit.build/Objects-normal/arm64/WhisperKit.abi.json (in target 'WhisperKit' from project 'whisperkit')
    cd /Users/jamesalford/Library/Developer/Xcode/DerivedData/NotedCore-ftviuoyqruynvwbzbngenbwxsygv/SourcePackages/checkouts/WhisperKit
    builtin-copy -exclude .DS_Store -exclude CVS -exclude .svn -exclude .git -exclude .hg -resolve-src-symlinks -rename /Users/jamesalford/Library/Developer/Xcode/DerivedData/NotedCore-ftviuoyqruynvwbzbngenbwxsygv/Build/Intermediates.noindex/whisperkit.build/Debug-iphonesimulator/WhisperKit.build/Objects-normal/arm64/WhisperKit.abi.json /Users/jamesalford/Library/Developer/Xcode/DerivedData/NotedCore-ftviuoyqruynvwbzbngenbwxsygv/Build/Products/Debug-iphonesimulator/PackageFrameworks/WhisperKit.framework/Modules/WhisperKit.swiftmodule/arm64-apple-ios-simulator.abi.json

Copy /Users/jamesalford/Library/Developer/Xcode/DerivedData/NotedCore-ftviuoyqruynvwbzbngenbwxsygv/Build/Products/Debug-iphonesimulator/PackageFrameworks/WhisperKit.framework/Modules/WhisperKit.swiftmodule/Project/arm64-apple-ios-simulator.swiftsourceinfo /Users/jamesalford/Library/Developer/Xcode/DerivedData/NotedCore-ftviuoyqruynvwbzbngenbwxsygv/Build/Intermediates.noindex/whisperkit.build/Debug-iphonesimulator/WhisperKit.build/Objects-normal/arm64/WhisperKit.swiftsourceinfo (in target 'WhisperKit' from project 'whisperkit')
    cd /Users/jamesalford/Library/Developer/Xcode/DerivedData/NotedCore-ftviuoyqruynvwbzbngenbwxsygv/SourcePackages/checkouts/WhisperKit
    builtin-copy -exclude .DS_Store -exclude CVS -exclude .svn -exclude .git -exclude .hg -resolve-src-symlinks -rename /Users/jamesalford/Library/Developer/Xcode/DerivedData/NotedCore-ftviuoyqruynvwbzbngenbwxsygv/Build/Intermediates.noindex/whisperkit.build/Debug-iphonesimulator/WhisperKit.build/Objects-normal/arm64/WhisperKit.swiftsourceinfo /Users/jamesalford/Library/Developer/Xcode/DerivedData/NotedCore-ftviuoyqruynvwbzbngenbwxsygv/Build/Products/Debug-iphonesimulator/PackageFrameworks/WhisperKit.framework/Modules/WhisperKit.swiftmodule/Project/arm64-apple-ios-simulator.swiftsourceinfo

ProcessProductPackaging "" /Users/jamesalford/Library/Developer/Xcode/DerivedData/NotedCore-ftviuoyqruynvwbzbngenbwxsygv/Build/Intermediates.noindex/whisperkit.build/Debug-iphonesimulator/whisperkit-cli.build/whisperkit-cli-Simulated.xcent (in target 'whisperkit-cli' from project 'whisperkit')
    cd /Users/jamesalford/Library/Developer/Xcode/DerivedData/NotedCore-ftviuoyqruynvwbzbngenbwxsygv/SourcePackages/checkouts/WhisperKit
    
    Entitlements:
    
    {
    "application-identifier" = "529ZZJHQR4.whisperkit.whisperkit-cli";
}
    
    builtin-productPackagingUtility -entitlements -format xml -o /Users/jamesalford/Library/Developer/Xcode/DerivedData/NotedCore-ftviuoyqruynvwbzbngenbwxsygv/Build/Intermediates.noindex/whisperkit.build/Debug-iphonesimulator/whisperkit-cli.build/whisperkit-cli-Simulated.xcent

ProcessProductPackagingDER /Users/jamesalford/Library/Developer/Xcode/DerivedData/NotedCore-ftviuoyqruynvwbzbngenbwxsygv/Build/Intermediates.noindex/whisperkit.build/Debug-iphonesimulator/whisperkit-cli.build/whisperkit-cli-Simulated.xcent /Users/jamesalford/Library/Developer/Xcode/DerivedData/NotedCore-ftviuoyqruynvwbzbngenbwxsygv/Build/Intermediates.noindex/whisperkit.build/Debug-iphonesimulator/whisperkit-cli.build/whisperkit-cli-Simulated.xcent.der (in target 'whisperkit-cli' from project 'whisperkit')
    cd /Users/jamesalford/Library/Developer/Xcode/DerivedData/NotedCore-ftviuoyqruynvwbzbngenbwxsygv/SourcePackages/checkouts/WhisperKit
    /usr/bin/derq query -f xml -i /Users/jamesalford/Library/Developer/Xcode/DerivedData/NotedCore-ftviuoyqruynvwbzbngenbwxsygv/Build/Intermediates.noindex/whisperkit.build/Debug-iphonesimulator/whisperkit-cli.build/whisperkit-cli-Simulated.xcent -o /Users/jamesalford/Library/Developer/Xcode/DerivedData/NotedCore-ftviuoyqruynvwbzbngenbwxsygv/Build/Intermediates.noindex/whisperkit.build/Debug-iphonesimulator/whisperkit-cli.build/whisperkit-cli-Simulated.xcent.der --raw

SwiftDriver whisperkit-cli normal arm64 com.apple.xcode.tools.swift.compiler (in target 'whisperkit-cli' from project 'whisperkit')
    cd /Users/jamesalford/Documents/NotedCore/NotedCore.xcodeproj
    builtin-SwiftDriver -- /Applications/Xcode.app/Contents/Developer/Toolchains/XcodeDefault.xctoolchain/usr/bin/swiftc -module-name whisperkit_cli -Onone -enforce-exclusivity\=checked @/Users/jamesalford/Library/Developer/Xcode/DerivedData/NotedCore-ftviuoyqruynvwbzbngenbwxsygv/Build/Intermediates.noindex/whisperkit.build/Debug-iphonesimulator/whisperkit-cli.build/Objects-normal/arm64/whisperkit-cli.SwiftFileList -DSWIFT_PACKAGE -DDEBUG -DXcode -plugin-path /Applications/Xcode.app/Contents/Developer/Toolchains/XcodeDefault.xctoolchain/usr/lib/swift/host/plugins/testing -enable-experimental-feature DebugDescriptionMacro -sdk /Applications/Xcode.app/Contents/Developer/Platforms/iPhoneSimulator.platform/Developer/SDKs/iPhoneSimulator26.0.sdk -target arm64-apple-ios16.0-simulator -g -module-cache-path /Users/jamesalford/Library/Developer/Xcode/DerivedData/ModuleCache.noindex -Xfrontend -serialize-debugging-options -profile-coverage-mapping -profile-generate -enable-testing -suppress-warnings -index-store-path /Users/jamesalford/Library/Developer/Xcode/DerivedData/NotedCore-ftviuoyqruynvwbzbngenbwxsygv/Index.noindex/DataStore -Xcc -D_LIBCPP_HARDENING_MODE\=_LIBCPP_HARDENING_MODE_DEBUG -swift-version 5 -I /Users/jamesalford/Library/Developer/Xcode/DerivedData/NotedCore-ftviuoyqruynvwbzbngenbwxsygv/Build/Products/Debug-iphonesimulator -Isystem /Applications/Xcode.app/Contents/Developer/Platforms/iPhoneSimulator.platform/Developer/usr/lib -F /Users/jamesalford/Library/Developer/Xcode/DerivedData/NotedCore-ftviuoyqruynvwbzbngenbwxsygv/Build/Products/Debug-iphonesimulator/PackageFrameworks -F /Users/jamesalford/Library/Developer/Xcode/DerivedData/NotedCore-ftviuoyqruynvwbzbngenbwxsygv/Build/Products/Debug-iphonesimulator/PackageFrameworks -F /Users/jamesalford/Library/Developer/Xcode/DerivedData/NotedCore-ftviuoyqruynvwbzbngenbwxsygv/Build/Products/Debug-iphonesimulator/PackageFrameworks -F /Users/jamesalford/Library/Developer/Xcode/DerivedData/NotedCore-ftviuoyqruynvwbzbngenbwxsygv/Build/Products/Debug-iphonesimulator/PackageFrameworks -F /Users/jamesalford/Library/Developer/Xcode/DerivedData/NotedCore-ftviuoyqruynvwbzbngenbwxsygv/Build/Products/Debug-iphonesimulator/PackageFrameworks -F /Users/jamesalford/Library/Developer/Xcode/DerivedData/NotedCore-ftviuoyqruynvwbzbngenbwxsygv/Build/Products/Debug-iphonesimulator/PackageFrameworks -F /Users/jamesalford/Library/Developer/Xcode/DerivedData/NotedCore-ftviuoyqruynvwbzbngenbwxsygv/Build/Products/Debug-iphonesimulator/PackageFrameworks -F /Users/jamesalford/Library/Developer/Xcode/DerivedData/NotedCore-ftviuoyqruynvwbzbngenbwxsygv/Build/Products/Debug-iphonesimulator/PackageFrameworks -F /Users/jamesalford/Library/Developer/Xcode/DerivedData/NotedCore-ftviuoyqruynvwbzbngenbwxsygv/Build/Products/Debug-iphonesimulator/PackageFrameworks -F /Users/jamesalford/Library/Developer/Xcode/DerivedData/NotedCore-ftviuoyqruynvwbzbngenbwxsygv/Build/Products/Debug-iphonesimulator/PackageFrameworks -F /Users/jamesalford/Library/Developer/Xcode/DerivedData/NotedCore-ftviuoyqruynvwbzbngenbwxsygv/Build/Products/Debug-iphonesimulator/PackageFrameworks -F /Users/jamesalford/Library/Developer/Xcode/DerivedData/NotedCore-ftviuoyqruynvwbzbngenbwxsygv/Build/Products/Debug-iphonesimulator -F /Applications/Xcode.app/Contents/Developer/Platforms/iPhoneSimulator.platform/Developer/Library/Frameworks -F /Applications/Xcode.app/Contents/Developer/Platforms/iPhoneSimulator.platform/Developer/SDKs/iPhoneSimulator26.0.sdk/Developer/Library/Frameworks -c -j14 -enable-batch-mode -incremental -Xcc -ivfsstatcache -Xcc /Users/jamesalford/Library/Developer/Xcode/DerivedData/SDKStatCaches.noindex/iphonesimulator26.0-23A339-3885c01c3e6b6a337905948deab2002e26257891a6c027eb51374368541b8346.sdkstatcache -output-file-map /Users/jamesalford/Library/Developer/Xcode/DerivedData/NotedCore-ftviuoyqruynvwbzbngenbwxsygv/Build/Intermediates.noindex/whisperkit.build/Debug-iphonesimulator/whisperkit-cli.build/Objects-normal/arm64/whisperkit-cli-OutputFileMap.json -use-frontend-parseable-output -save-temps -no-color-diagnostics -explicit-module-build -module-cache-path /Users/jamesalford/Library/Developer/Xcode/DerivedData/NotedCore-ftviuoyqruynvwbzbngenbwxsygv/Build/Intermediates.noindex/SwiftExplicitPrecompiledModules -clang-scanner-module-cache-path /Users/jamesalford/Library/Developer/Xcode/DerivedData/ModuleCache.noindex -sdk-module-cache-path /Users/jamesalford/Library/Developer/Xcode/DerivedData/ModuleCache.noindex -serialize-diagnostics -emit-dependencies -emit-module -emit-module-path /Users/jamesalford/Library/Developer/Xcode/DerivedData/NotedCore-ftviuoyqruynvwbzbngenbwxsygv/Build/Intermediates.noindex/whisperkit.build/Debug-iphonesimulator/whisperkit-cli.build/Objects-normal/arm64/whisperkit_cli.swiftmodule -validate-clang-modules-once -clang-build-session-file /Users/jamesalford/Library/Developer/Xcode/DerivedData/ModuleCache.noindex/Session.modulevalidation -package-name whisperkit -emit-const-values -Xfrontend -const-gather-protocols-file -Xfrontend /Users/jamesalford/Library/Developer/Xcode/DerivedData/NotedCore-ftviuoyqruynvwbzbngenbwxsygv/Build/Intermediates.noindex/whisperkit.build/Debug-iphonesimulator/whisperkit-cli.build/Objects-normal/arm64/whisperkit-cli_const_extract_protocols.json -Xcc -I/Users/jamesalford/Library/Developer/Xcode/DerivedData/NotedCore-ftviuoyqruynvwbzbngenbwxsygv/Build/Products/Debug-iphonesimulator/include -Xcc -I/Users/jamesalford/Library/Developer/Xcode/DerivedData/NotedCore-ftviuoyqruynvwbzbngenbwxsygv/Build/Intermediates.noindex/whisperkit.build/Debug-iphonesimulator/whisperkit-cli.build/DerivedSources-normal/arm64 -Xcc -I/Users/jamesalford/Library/Developer/Xcode/DerivedData/NotedCore-ftviuoyqruynvwbzbngenbwxsygv/Build/Intermediates.noindex/whisperkit.build/Debug-iphonesimulator/whisperkit-cli.build/DerivedSources/arm64 -Xcc -I/Users/jamesalford/Library/Developer/Xcode/DerivedData/NotedCore-ftviuoyqruynvwbzbngenbwxsygv/Build/Intermediates.noindex/whisperkit.build/Debug-iphonesimulator/whisperkit-cli.build/DerivedSources -Xcc -DSWIFT_PACKAGE -Xcc -DDEBUG\=1 -working-directory /Users/jamesalford/Documents/NotedCore/NotedCore.xcodeproj -experimental-emit-module-separately -disable-cmo

SwiftDriverJobDiscovery normal arm64 Compiling Logging.swift, ModelUtilities.swift (in target 'WhisperKit' from project 'whisperkit')

SwiftDriverJobDiscovery normal arm64 Compiling TextUtilities.swift (in target 'WhisperKit' from project 'whisperkit')

RegisterExecutionPolicyException /Users/jamesalford/Library/Developer/Xcode/DerivedData/NotedCore-ftviuoyqruynvwbzbngenbwxsygv/Build/Products/Debug-iphonesimulator/Models.o (in target 'Models' from project 'swift-transformers')
    cd /Users/jamesalford/Library/Developer/Xcode/DerivedData/NotedCore-ftviuoyqruynvwbzbngenbwxsygv/SourcePackages/checkouts/swift-transformers
    builtin-RegisterExecutionPolicyException /Users/jamesalford/Library/Developer/Xcode/DerivedData/NotedCore-ftviuoyqruynvwbzbngenbwxsygv/Build/Products/Debug-iphonesimulator/Models.o

ProcessInfoPlistFile /Users/jamesalford/Library/Developer/Xcode/DerivedData/NotedCore-ftviuoyqruynvwbzbngenbwxsygv/Build/Products/Debug-iphonesimulator/PackageFrameworks/Transformers_79FFCAD726DD9D12_PackageProduct.framework/Info.plist /Users/jamesalford/Library/Developer/Xcode/DerivedData/NotedCore-ftviuoyqruynvwbzbngenbwxsygv/Build/Intermediates.noindex/swift-transformers.build/Debug-iphonesimulator/Transformers\ product.build/empty-Transformers_79FFCAD726DD9D12_PackageProduct.plist (in target 'Transformers' from project 'swift-transformers')
    cd /Users/jamesalford/Library/Developer/Xcode/DerivedData/NotedCore-ftviuoyqruynvwbzbngenbwxsygv/SourcePackages/checkouts/swift-transformers
    builtin-infoPlistUtility /Users/jamesalford/Library/Developer/Xcode/DerivedData/NotedCore-ftviuoyqruynvwbzbngenbwxsygv/Build/Intermediates.noindex/swift-transformers.build/Debug-iphonesimulator/Transformers\ product.build/empty-Transformers_79FFCAD726DD9D12_PackageProduct.plist -producttype com.apple.product-type.framework -expandbuildsettings -format binary -platform iphonesimulator -o /Users/jamesalford/Library/Developer/Xcode/DerivedData/NotedCore-ftviuoyqruynvwbzbngenbwxsygv/Build/Products/Debug-iphonesimulator/PackageFrameworks/Transformers_79FFCAD726DD9D12_PackageProduct.framework/Info.plist

Ld /Users/jamesalford/Library/Developer/Xcode/DerivedData/NotedCore-ftviuoyqruynvwbzbngenbwxsygv/Build/Products/Debug-iphonesimulator/PackageFrameworks/Transformers_79FFCAD726DD9D12_PackageProduct.framework/Transformers_79FFCAD726DD9D12_PackageProduct normal (in target 'Transformers' from project 'swift-transformers')
    cd /Users/jamesalford/Library/Developer/Xcode/DerivedData/NotedCore-ftviuoyqruynvwbzbngenbwxsygv/SourcePackages/checkouts/swift-transformers
    /Applications/Xcode.app/Contents/Developer/Toolchains/XcodeDefault.xctoolchain/usr/bin/clang -Xlinker -reproducible -target arm64-apple-ios16.0-simulator -dynamiclib -isysroot /Applications/Xcode.app/Contents/Developer/Platforms/iPhoneSimulator.platform/Developer/SDKs/iPhoneSimulator26.0.sdk -O0 -w -L/Users/jamesalford/Library/Developer/Xcode/DerivedData/NotedCore-ftviuoyqruynvwbzbngenbwxsygv/Build/Intermediates.noindex/EagerLinkingTBDs/Debug-iphonesimulator -L/Users/jamesalford/Library/Developer/Xcode/DerivedData/NotedCore-ftviuoyqruynvwbzbngenbwxsygv/Build/Products/Debug-iphonesimulator -L/Applications/Xcode.app/Contents/Developer/Platforms/iPhoneSimulator.platform/Developer/usr/lib -F/Users/jamesalford/Library/Developer/Xcode/DerivedData/NotedCore-ftviuoyqruynvwbzbngenbwxsygv/Build/Intermediates.noindex/EagerLinkingTBDs/Debug-iphonesimulator -F/Users/jamesalford/Library/Developer/Xcode/DerivedData/NotedCore-ftviuoyqruynvwbzbngenbwxsygv/Build/Products/Debug-iphonesimulator/PackageFrameworks -F/Users/jamesalford/Library/Developer/Xcode/DerivedData/NotedCore-ftviuoyqruynvwbzbngenbwxsygv/Build/Products/Debug-iphonesimulator/PackageFrameworks -F/Users/jamesalford/Library/Developer/Xcode/DerivedData/NotedCore-ftviuoyqruynvwbzbngenbwxsygv/Build/Products/Debug-iphonesimulator/PackageFrameworks -F/Users/jamesalford/Library/Developer/Xcode/DerivedData/NotedCore-ftviuoyqruynvwbzbngenbwxsygv/Build/Products/Debug-iphonesimulator/PackageFrameworks -F/Users/jamesalford/Library/Developer/Xcode/DerivedData/NotedCore-ftviuoyqruynvwbzbngenbwxsygv/Build/Products/Debug-iphonesimulator/PackageFrameworks -F/Users/jamesalford/Library/Developer/Xcode/DerivedData/NotedCore-ftviuoyqruynvwbzbngenbwxsygv/Build/Products/Debug-iphonesimulator/PackageFrameworks -F/Users/jamesalford/Library/Developer/Xcode/DerivedData/NotedCore-ftviuoyqruynvwbzbngenbwxsygv/Build/Products/Debug-iphonesimulator/PackageFrameworks -F/Users/jamesalford/Library/Developer/Xcode/DerivedData/NotedCore-ftviuoyqruynvwbzbngenbwxsygv/Build/Products/Debug-iphonesimulator/PackageFrameworks -F/Users/jamesalford/Library/Developer/Xcode/DerivedData/NotedCore-ftviuoyqruynvwbzbngenbwxsygv/Build/Products/Debug-iphonesimulator -iframework /Applications/Xcode.app/Contents/Developer/Platforms/iPhoneSimulator.platform/Developer/Library/Frameworks -iframework /Applications/Xcode.app/Contents/Developer/Platforms/iPhoneSimulator.platform/Developer/SDKs/iPhoneSimulator26.0.sdk/Developer/Library/Frameworks -filelist /Users/jamesalford/Library/Developer/Xcode/DerivedData/NotedCore-ftviuoyqruynvwbzbngenbwxsygv/Build/Intermediates.noindex/swift-transformers.build/Debug-iphonesimulator/Transformers\ product.build/Objects-normal/arm64/Transformers_79FFCAD726DD9D12_PackageProduct.LinkFileList -install_name @rpath/Transformers_79FFCAD726DD9D12_PackageProduct.framework/Transformers_79FFCAD726DD9D12_PackageProduct -Xlinker -rpath -Xlinker /usr/lib/swift -Xlinker -rpath -Xlinker /Users/jamesalford/Library/Developer/Xcode/DerivedData/NotedCore-ftviuoyqruynvwbzbngenbwxsygv/Build/Products/Debug-iphonesimulator/PackageFrameworks -dead_strip -Xlinker -object_path_lto -Xlinker /Users/jamesalford/Library/Developer/Xcode/DerivedData/NotedCore-ftviuoyqruynvwbzbngenbwxsygv/Build/Intermediates.noindex/swift-transformers.build/Debug-iphonesimulator/Transformers\ product.build/Objects-normal/arm64/Transformers_79FFCAD726DD9D12_PackageProduct_lto.o -rdynamic -Xlinker -no_deduplicate -Xlinker -objc_abi_version -Xlinker 2 -Xlinker -debug_variant -Xlinker -dependency_info -Xlinker /Users/jamesalford/Library/Developer/Xcode/DerivedData/NotedCore-ftviuoyqruynvwbzbngenbwxsygv/Build/Intermediates.noindex/swift-transformers.build/Debug-iphonesimulator/Transformers\ product.build/Objects-normal/arm64/Transformers_79FFCAD726DD9D12_PackageProduct_dependency_info.dat -fobjc-link-runtime -fprofile-instr-generate -L/Applications/Xcode.app/Contents/Developer/Toolchains/XcodeDefault.xctoolchain/usr/lib/swift/iphonesimulator -L/usr/lib/swift -Wl,-no_warn_duplicate_libraries -Wl,-no_warn_duplicate_libraries -Wl,-no_warn_duplicate_libraries -Wl,-no_warn_duplicate_libraries -Wl,-no_warn_duplicate_libraries -Wl,-no_warn_duplicate_libraries -Wl,-no_warn_duplicate_libraries -Wl,-no_warn_duplicate_libraries /Users/jamesalford/Library/Developer/Xcode/DerivedData/NotedCore-ftviuoyqruynvwbzbngenbwxsygv/Build/Products/Debug-iphonesimulator/PackageFrameworks/Jinja_C5899F34211_PackageProduct.framework/Jinja_C5899F34211_PackageProduct -o /Users/jamesalford/Library/Developer/Xcode/DerivedData/NotedCore-ftviuoyqruynvwbzbngenbwxsygv/Build/Products/Debug-iphonesimulator/PackageFrameworks/Transformers_79FFCAD726DD9D12_PackageProduct.framework/Transformers_79FFCAD726DD9D12_PackageProduct -Xlinker -add_ast_path -Xlinker /Users/jamesalford/Library/Developer/Xcode/DerivedData/NotedCore-ftviuoyqruynvwbzbngenbwxsygv/Build/Intermediates.noindex/swift-transformers.build/Debug-iphonesimulator/Tokenizers.build/Objects-normal/arm64/Tokenizers.swiftmodule @/Users/jamesalford/Library/Developer/Xcode/DerivedData/NotedCore-ftviuoyqruynvwbzbngenbwxsygv/Build/Intermediates.noindex/swift-transformers.build/Debug-iphonesimulator/Tokenizers.build/Objects-normal/arm64/Tokenizers-linker-args.resp -Xlinker -add_ast_path -Xlinker /Users/jamesalford/Library/Developer/Xcode/DerivedData/NotedCore-ftviuoyqruynvwbzbngenbwxsygv/Build/Intermediates.noindex/swift-transformers.build/Debug-iphonesimulator/Generation.build/Objects-normal/arm64/Generation.swiftmodule @/Users/jamesalford/Library/Developer/Xcode/DerivedData/NotedCore-ftviuoyqruynvwbzbngenbwxsygv/Build/Intermediates.noindex/swift-transformers.build/Debug-iphonesimulator/Generation.build/Objects-normal/arm64/Generation-linker-args.resp -Xlinker -add_ast_path -Xlinker /Users/jamesalford/Library/Developer/Xcode/DerivedData/NotedCore-ftviuoyqruynvwbzbngenbwxsygv/Build/Intermediates.noindex/swift-transformers.build/Debug-iphonesimulator/Models.build/Objects-normal/arm64/Models.swiftmodule @/Users/jamesalford/Library/Developer/Xcode/DerivedData/NotedCore-ftviuoyqruynvwbzbngenbwxsygv/Build/Intermediates.noindex/swift-transformers.build/Debug-iphonesimulator/Models.build/Objects-normal/arm64/Models-linker-args.resp -Xlinker -add_ast_path -Xlinker /Users/jamesalford/Library/Developer/Xcode/DerivedData/NotedCore-ftviuoyqruynvwbzbngenbwxsygv/Build/Intermediates.noindex/swift-transformers.build/Debug-iphonesimulator/Hub.build/Objects-normal/arm64/Hub.swiftmodule @/Users/jamesalford/Library/Developer/Xcode/DerivedData/NotedCore-ftviuoyqruynvwbzbngenbwxsygv/Build/Intermediates.noindex/swift-transformers.build/Debug-iphonesimulator/Hub.build/Objects-normal/arm64/Hub-linker-args.resp -Xlinker -add_ast_path -Xlinker /Users/jamesalford/Library/Developer/Xcode/DerivedData/NotedCore-ftviuoyqruynvwbzbngenbwxsygv/Build/Intermediates.noindex/swift-transformers.build/Debug-iphonesimulator/TensorUtils.build/Objects-normal/arm64/TensorUtils.swiftmodule @/Users/jamesalford/Library/Developer/Xcode/DerivedData/NotedCore-ftviuoyqruynvwbzbngenbwxsygv/Build/Intermediates.noindex/swift-transformers.build/Debug-iphonesimulator/TensorUtils.build/Objects-normal/arm64/TensorUtils-linker-args.resp

SwiftDriverJobDiscovery normal arm64 Compiling TranscriptionUtilities.swift (in target 'WhisperKit' from project 'whisperkit')

SwiftEmitModule normal arm64 Emitting\ module\ for\ whisperkit_cli (in target 'whisperkit-cli' from project 'whisperkit')

EmitSwiftModule normal arm64 (in target 'whisperkit-cli' from project 'whisperkit')
    cd /Users/jamesalford/Documents/NotedCore/NotedCore.xcodeproj
    

SwiftCompile normal arm64 Compiling\ TranscribeCLIUtils.swift /Users/jamesalford/Library/Developer/Xcode/DerivedData/NotedCore-ftviuoyqruynvwbzbngenbwxsygv/SourcePackages/checkouts/WhisperKit/Sources/WhisperKitCLI/TranscribeCLIUtils.swift (in target 'whisperkit-cli' from project 'whisperkit')

SwiftCompile normal arm64 /Users/jamesalford/Library/Developer/Xcode/DerivedData/NotedCore-ftviuoyqruynvwbzbngenbwxsygv/SourcePackages/checkouts/WhisperKit/Sources/WhisperKitCLI/TranscribeCLIUtils.swift (in target 'whisperkit-cli' from project 'whisperkit')
    cd /Users/jamesalford/Documents/NotedCore/NotedCore.xcodeproj
    

SwiftCompile normal arm64 Compiling\ TranscribeCLI.swift /Users/jamesalford/Library/Developer/Xcode/DerivedData/NotedCore-ftviuoyqruynvwbzbngenbwxsygv/SourcePackages/checkouts/WhisperKit/Sources/WhisperKitCLI/TranscribeCLI.swift (in target 'whisperkit-cli' from project 'whisperkit')

SwiftCompile normal arm64 /Users/jamesalford/Library/Developer/Xcode/DerivedData/NotedCore-ftviuoyqruynvwbzbngenbwxsygv/SourcePackages/checkouts/WhisperKit/Sources/WhisperKitCLI/TranscribeCLI.swift (in target 'whisperkit-cli' from project 'whisperkit')
    cd /Users/jamesalford/Documents/NotedCore/NotedCore.xcodeproj
    

SwiftCompile normal arm64 Compiling\ TranscribeCLIArguments.swift /Users/jamesalford/Library/Developer/Xcode/DerivedData/NotedCore-ftviuoyqruynvwbzbngenbwxsygv/SourcePackages/checkouts/WhisperKit/Sources/WhisperKitCLI/TranscribeCLIArguments.swift (in target 'whisperkit-cli' from project 'whisperkit')

SwiftCompile normal arm64 /Users/jamesalford/Library/Developer/Xcode/DerivedData/NotedCore-ftviuoyqruynvwbzbngenbwxsygv/SourcePackages/checkouts/WhisperKit/Sources/WhisperKitCLI/TranscribeCLIArguments.swift (in target 'whisperkit-cli' from project 'whisperkit')
    cd /Users/jamesalford/Documents/NotedCore/NotedCore.xcodeproj
    

SwiftCompile normal arm64 Compiling\ WhisperKitCLI.swift /Users/jamesalford/Library/Developer/Xcode/DerivedData/NotedCore-ftviuoyqruynvwbzbngenbwxsygv/SourcePackages/checkouts/WhisperKit/Sources/WhisperKitCLI/WhisperKitCLI.swift (in target 'whisperkit-cli' from project 'whisperkit')

SwiftCompile normal arm64 /Users/jamesalford/Library/Developer/Xcode/DerivedData/NotedCore-ftviuoyqruynvwbzbngenbwxsygv/SourcePackages/checkouts/WhisperKit/Sources/WhisperKitCLI/WhisperKitCLI.swift (in target 'whisperkit-cli' from project 'whisperkit')
    cd /Users/jamesalford/Documents/NotedCore/NotedCore.xcodeproj
    

SwiftCompile normal arm64 Compiling\ CLIUtils.swift /Users/jamesalford/Library/Developer/Xcode/DerivedData/NotedCore-ftviuoyqruynvwbzbngenbwxsygv/SourcePackages/checkouts/WhisperKit/Sources/WhisperKitCLI/CLIUtils.swift (in target 'whisperkit-cli' from project 'whisperkit')

SwiftCompile normal arm64 /Users/jamesalford/Library/Developer/Xcode/DerivedData/NotedCore-ftviuoyqruynvwbzbngenbwxsygv/SourcePackages/checkouts/WhisperKit/Sources/WhisperKitCLI/CLIUtils.swift (in target 'whisperkit-cli' from project 'whisperkit')
    cd /Users/jamesalford/Documents/NotedCore/NotedCore.xcodeproj
    

SwiftDriverJobDiscovery normal arm64 Compiling SegmentSeeker.swift, TokenSampler.swift (in target 'WhisperKit' from project 'whisperkit')

GenerateTAPI /Users/jamesalford/Library/Developer/Xcode/DerivedData/NotedCore-ftviuoyqruynvwbzbngenbwxsygv/Build/Intermediates.noindex/EagerLinkingTBDs/Debug-iphonesimulator/Transformers_79FFCAD726DD9D12_PackageProduct.framework/Transformers_79FFCAD726DD9D12_PackageProduct.tbd (in target 'Transformers' from project 'swift-transformers')
    cd /Users/jamesalford/Library/Developer/Xcode/DerivedData/NotedCore-ftviuoyqruynvwbzbngenbwxsygv/SourcePackages/checkouts/swift-transformers
    /Applications/Xcode.app/Contents/Developer/Toolchains/XcodeDefault.xctoolchain/usr/bin/tapi stubify -isysroot /Applications/Xcode.app/Contents/Developer/Platforms/iPhoneSimulator.platform/Developer/SDKs/iPhoneSimulator26.0.sdk -F/Users/jamesalford/Library/Developer/Xcode/DerivedData/NotedCore-ftviuoyqruynvwbzbngenbwxsygv/Build/Products/Debug-iphonesimulator/PackageFrameworks -F/Users/jamesalford/Library/Developer/Xcode/DerivedData/NotedCore-ftviuoyqruynvwbzbngenbwxsygv/Build/Products/Debug-iphonesimulator/PackageFrameworks -F/Users/jamesalford/Library/Developer/Xcode/DerivedData/NotedCore-ftviuoyqruynvwbzbngenbwxsygv/Build/Products/Debug-iphonesimulator/PackageFrameworks -F/Users/jamesalford/Library/Developer/Xcode/DerivedData/NotedCore-ftviuoyqruynvwbzbngenbwxsygv/Build/Products/Debug-iphonesimulator/PackageFrameworks -F/Users/jamesalford/Library/Developer/Xcode/DerivedData/NotedCore-ftviuoyqruynvwbzbngenbwxsygv/Build/Products/Debug-iphonesimulator/PackageFrameworks -F/Users/jamesalford/Library/Developer/Xcode/DerivedData/NotedCore-ftviuoyqruynvwbzbngenbwxsygv/Build/Products/Debug-iphonesimulator/PackageFrameworks -F/Users/jamesalford/Library/Developer/Xcode/DerivedData/NotedCore-ftviuoyqruynvwbzbngenbwxsygv/Build/Products/Debug-iphonesimulator/PackageFrameworks -F/Users/jamesalford/Library/Developer/Xcode/DerivedData/NotedCore-ftviuoyqruynvwbzbngenbwxsygv/Build/Products/Debug-iphonesimulator/PackageFrameworks -F/Users/jamesalford/Library/Developer/Xcode/DerivedData/NotedCore-ftviuoyqruynvwbzbngenbwxsygv/Build/Products/Debug-iphonesimulator -iframework /Applications/Xcode.app/Contents/Developer/Platforms/iPhoneSimulator.platform/Developer/Library/Frameworks -iframework /Applications/Xcode.app/Contents/Developer/Platforms/iPhoneSimulator.platform/Developer/SDKs/iPhoneSimulator26.0.sdk/Developer/Library/Frameworks -L/Users/jamesalford/Library/Developer/Xcode/DerivedData/NotedCore-ftviuoyqruynvwbzbngenbwxsygv/Build/Products/Debug-iphonesimulator -L/Applications/Xcode.app/Contents/Developer/Platforms/iPhoneSimulator.platform/Developer/usr/lib /Users/jamesalford/Library/Developer/Xcode/DerivedData/NotedCore-ftviuoyqruynvwbzbngenbwxsygv/Build/Products/Debug-iphonesimulator/PackageFrameworks/Transformers_79FFCAD726DD9D12_PackageProduct.framework/Transformers_79FFCAD726DD9D12_PackageProduct -o /Users/jamesalford/Library/Developer/Xcode/DerivedData/NotedCore-ftviuoyqruynvwbzbngenbwxsygv/Build/Intermediates.noindex/EagerLinkingTBDs/Debug-iphonesimulator/Transformers_79FFCAD726DD9D12_PackageProduct.framework/Transformers_79FFCAD726DD9D12_PackageProduct.tbd

RegisterExecutionPolicyException /Users/jamesalford/Library/Developer/Xcode/DerivedData/NotedCore-ftviuoyqruynvwbzbngenbwxsygv/Build/Products/Debug-iphonesimulator/PackageFrameworks/Transformers_79FFCAD726DD9D12_PackageProduct.framework (in target 'Transformers' from project 'swift-transformers')
    cd /Users/jamesalford/Library/Developer/Xcode/DerivedData/NotedCore-ftviuoyqruynvwbzbngenbwxsygv/SourcePackages/checkouts/swift-transformers
    builtin-RegisterExecutionPolicyException /Users/jamesalford/Library/Developer/Xcode/DerivedData/NotedCore-ftviuoyqruynvwbzbngenbwxsygv/Build/Products/Debug-iphonesimulator/PackageFrameworks/Transformers_79FFCAD726DD9D12_PackageProduct.framework

SwiftDriverJobDiscovery normal arm64 Compiling CLIUtils.swift (in target 'whisperkit-cli' from project 'whisperkit')

SwiftDriverJobDiscovery normal arm64 Compiling WhisperKitCLI.swift (in target 'whisperkit-cli' from project 'whisperkit')

SwiftDriverJobDiscovery normal arm64 Compiling Extensions+Internal.swift, Extensions+Public.swift (in target 'WhisperKit' from project 'whisperkit')

Touch /Users/jamesalford/Library/Developer/Xcode/DerivedData/NotedCore-ftviuoyqruynvwbzbngenbwxsygv/Build/Products/Debug-iphonesimulator/PackageFrameworks/Transformers_79FFCAD726DD9D12_PackageProduct.framework (in target 'Transformers' from project 'swift-transformers')
    cd /Users/jamesalford/Library/Developer/Xcode/DerivedData/NotedCore-ftviuoyqruynvwbzbngenbwxsygv/SourcePackages/checkouts/swift-transformers
    /usr/bin/touch -c /Users/jamesalford/Library/Developer/Xcode/DerivedData/NotedCore-ftviuoyqruynvwbzbngenbwxsygv/Build/Products/Debug-iphonesimulator/PackageFrameworks/Transformers_79FFCAD726DD9D12_PackageProduct.framework

ProcessInfoPlistFile /Users/jamesalford/Library/Developer/Xcode/DerivedData/NotedCore-ftviuoyqruynvwbzbngenbwxsygv/Build/Products/Debug-iphonesimulator/PackageFrameworks/WhisperKit.framework/Info.plist /Users/jamesalford/Library/Developer/Xcode/DerivedData/NotedCore-ftviuoyqruynvwbzbngenbwxsygv/Build/Intermediates.noindex/whisperkit.build/Debug-iphonesimulator/WhisperKit.build/empty-WhisperKit.plist (in target 'WhisperKit' from project 'whisperkit')
    cd /Users/jamesalford/Library/Developer/Xcode/DerivedData/NotedCore-ftviuoyqruynvwbzbngenbwxsygv/SourcePackages/checkouts/WhisperKit
    builtin-infoPlistUtility /Users/jamesalford/Library/Developer/Xcode/DerivedData/NotedCore-ftviuoyqruynvwbzbngenbwxsygv/Build/Intermediates.noindex/whisperkit.build/Debug-iphonesimulator/WhisperKit.build/empty-WhisperKit.plist -producttype com.apple.product-type.framework -expandbuildsettings -format binary -platform iphonesimulator -o /Users/jamesalford/Library/Developer/Xcode/DerivedData/NotedCore-ftviuoyqruynvwbzbngenbwxsygv/Build/Products/Debug-iphonesimulator/PackageFrameworks/WhisperKit.framework/Info.plist

SwiftDriverJobDiscovery normal arm64 Compiling TranscribeCLIUtils.swift (in target 'whisperkit-cli' from project 'whisperkit')

SwiftDriverJobDiscovery normal arm64 Emitting module for whisperkit_cli (in target 'whisperkit-cli' from project 'whisperkit')

SwiftDriver\ Compilation\ Requirements whisperkit-cli normal arm64 com.apple.xcode.tools.swift.compiler (in target 'whisperkit-cli' from project 'whisperkit')
    cd /Users/jamesalford/Documents/NotedCore/NotedCore.xcodeproj
    builtin-Swift-Compilation-Requirements -- /Applications/Xcode.app/Contents/Developer/Toolchains/XcodeDefault.xctoolchain/usr/bin/swiftc -module-name whisperkit_cli -Onone -enforce-exclusivity\=checked @/Users/jamesalford/Library/Developer/Xcode/DerivedData/NotedCore-ftviuoyqruynvwbzbngenbwxsygv/Build/Intermediates.noindex/whisperkit.build/Debug-iphonesimulator/whisperkit-cli.build/Objects-normal/arm64/whisperkit-cli.SwiftFileList -DSWIFT_PACKAGE -DDEBUG -DXcode -plugin-path /Applications/Xcode.app/Contents/Developer/Toolchains/XcodeDefault.xctoolchain/usr/lib/swift/host/plugins/testing -enable-experimental-feature DebugDescriptionMacro -sdk /Applications/Xcode.app/Contents/Developer/Platforms/iPhoneSimulator.platform/Developer/SDKs/iPhoneSimulator26.0.sdk -target arm64-apple-ios16.0-simulator -g -module-cache-path /Users/jamesalford/Library/Developer/Xcode/DerivedData/ModuleCache.noindex -Xfrontend -serialize-debugging-options -profile-coverage-mapping -profile-generate -enable-testing -suppress-warnings -index-store-path /Users/jamesalford/Library/Developer/Xcode/DerivedData/NotedCore-ftviuoyqruynvwbzbngenbwxsygv/Index.noindex/DataStore -Xcc -D_LIBCPP_HARDENING_MODE\=_LIBCPP_HARDENING_MODE_DEBUG -swift-version 5 -I /Users/jamesalford/Library/Developer/Xcode/DerivedData/NotedCore-ftviuoyqruynvwbzbngenbwxsygv/Build/Products/Debug-iphonesimulator -Isystem /Applications/Xcode.app/Contents/Developer/Platforms/iPhoneSimulator.platform/Developer/usr/lib -F /Users/jamesalford/Library/Developer/Xcode/DerivedData/NotedCore-ftviuoyqruynvwbzbngenbwxsygv/Build/Products/Debug-iphonesimulator/PackageFrameworks -F /Users/jamesalford/Library/Developer/Xcode/DerivedData/NotedCore-ftviuoyqruynvwbzbngenbwxsygv/Build/Products/Debug-iphonesimulator/PackageFrameworks -F /Users/jamesalford/Library/Developer/Xcode/DerivedData/NotedCore-ftviuoyqruynvwbzbngenbwxsygv/Build/Products/Debug-iphonesimulator/PackageFrameworks -F /Users/jamesalford/Library/Developer/Xcode/DerivedData/NotedCore-ftviuoyqruynvwbzbngenbwxsygv/Build/Products/Debug-iphonesimulator/PackageFrameworks -F /Users/jamesalford/Library/Developer/Xcode/DerivedData/NotedCore-ftviuoyqruynvwbzbngenbwxsygv/Build/Products/Debug-iphonesimulator/PackageFrameworks -F /Users/jamesalford/Library/Developer/Xcode/DerivedData/NotedCore-ftviuoyqruynvwbzbngenbwxsygv/Build/Products/Debug-iphonesimulator/PackageFrameworks -F /Users/jamesalford/Library/Developer/Xcode/DerivedData/NotedCore-ftviuoyqruynvwbzbngenbwxsygv/Build/Products/Debug-iphonesimulator/PackageFrameworks -F /Users/jamesalford/Library/Developer/Xcode/DerivedData/NotedCore-ftviuoyqruynvwbzbngenbwxsygv/Build/Products/Debug-iphonesimulator/PackageFrameworks -F /Users/jamesalford/Library/Developer/Xcode/DerivedData/NotedCore-ftviuoyqruynvwbzbngenbwxsygv/Build/Products/Debug-iphonesimulator/PackageFrameworks -F /Users/jamesalford/Library/Developer/Xcode/DerivedData/NotedCore-ftviuoyqruynvwbzbngenbwxsygv/Build/Products/Debug-iphonesimulator/PackageFrameworks -F /Users/jamesalford/Library/Developer/Xcode/DerivedData/NotedCore-ftviuoyqruynvwbzbngenbwxsygv/Build/Products/Debug-iphonesimulator/PackageFrameworks -F /Users/jamesalford/Library/Developer/Xcode/DerivedData/NotedCore-ftviuoyqruynvwbzbngenbwxsygv/Build/Products/Debug-iphonesimulator -F /Applications/Xcode.app/Contents/Developer/Platforms/iPhoneSimulator.platform/Developer/Library/Frameworks -F /Applications/Xcode.app/Contents/Developer/Platforms/iPhoneSimulator.platform/Developer/SDKs/iPhoneSimulator26.0.sdk/Developer/Library/Frameworks -c -j14 -enable-batch-mode -incremental -Xcc -ivfsstatcache -Xcc /Users/jamesalford/Library/Developer/Xcode/DerivedData/SDKStatCaches.noindex/iphonesimulator26.0-23A339-3885c01c3e6b6a337905948deab2002e26257891a6c027eb51374368541b8346.sdkstatcache -output-file-map /Users/jamesalford/Library/Developer/Xcode/DerivedData/NotedCore-ftviuoyqruynvwbzbngenbwxsygv/Build/Intermediates.noindex/whisperkit.build/Debug-iphonesimulator/whisperkit-cli.build/Objects-normal/arm64/whisperkit-cli-OutputFileMap.json -use-frontend-parseable-output -save-temps -no-color-diagnostics -explicit-module-build -module-cache-path /Users/jamesalford/Library/Developer/Xcode/DerivedData/NotedCore-ftviuoyqruynvwbzbngenbwxsygv/Build/Intermediates.noindex/SwiftExplicitPrecompiledModules -clang-scanner-module-cache-path /Users/jamesalford/Library/Developer/Xcode/DerivedData/ModuleCache.noindex -sdk-module-cache-path /Users/jamesalford/Library/Developer/Xcode/DerivedData/ModuleCache.noindex -serialize-diagnostics -emit-dependencies -emit-module -emit-module-path /Users/jamesalford/Library/Developer/Xcode/DerivedData/NotedCore-ftviuoyqruynvwbzbngenbwxsygv/Build/Intermediates.noindex/whisperkit.build/Debug-iphonesimulator/whisperkit-cli.build/Objects-normal/arm64/whisperkit_cli.swiftmodule -validate-clang-modules-once -clang-build-session-file /Users/jamesalford/Library/Developer/Xcode/DerivedData/ModuleCache.noindex/Session.modulevalidation -package-name whisperkit -emit-const-values -Xfrontend -const-gather-protocols-file -Xfrontend /Users/jamesalford/Library/Developer/Xcode/DerivedData/NotedCore-ftviuoyqruynvwbzbngenbwxsygv/Build/Intermediates.noindex/whisperkit.build/Debug-iphonesimulator/whisperkit-cli.build/Objects-normal/arm64/whisperkit-cli_const_extract_protocols.json -Xcc -I/Users/jamesalford/Library/Developer/Xcode/DerivedData/NotedCore-ftviuoyqruynvwbzbngenbwxsygv/Build/Products/Debug-iphonesimulator/include -Xcc -I/Users/jamesalford/Library/Developer/Xcode/DerivedData/NotedCore-ftviuoyqruynvwbzbngenbwxsygv/Build/Intermediates.noindex/whisperkit.build/Debug-iphonesimulator/whisperkit-cli.build/DerivedSources-normal/arm64 -Xcc -I/Users/jamesalford/Library/Developer/Xcode/DerivedData/NotedCore-ftviuoyqruynvwbzbngenbwxsygv/Build/Intermediates.noindex/whisperkit.build/Debug-iphonesimulator/whisperkit-cli.build/DerivedSources/arm64 -Xcc -I/Users/jamesalford/Library/Developer/Xcode/DerivedData/NotedCore-ftviuoyqruynvwbzbngenbwxsygv/Build/Intermediates.noindex/whisperkit.build/Debug-iphonesimulator/whisperkit-cli.build/DerivedSources -Xcc -DSWIFT_PACKAGE -Xcc -DDEBUG\=1 -working-directory /Users/jamesalford/Documents/NotedCore/NotedCore.xcodeproj -experimental-emit-module-separately -disable-cmo

Copy /Users/jamesalford/Library/Developer/Xcode/DerivedData/NotedCore-ftviuoyqruynvwbzbngenbwxsygv/Build/Products/Debug-iphonesimulator/whisperkit_cli.swiftmodule/arm64-apple-ios-simulator.swiftmodule /Users/jamesalford/Library/Developer/Xcode/DerivedData/NotedCore-ftviuoyqruynvwbzbngenbwxsygv/Build/Intermediates.noindex/whisperkit.build/Debug-iphonesimulator/whisperkit-cli.build/Objects-normal/arm64/whisperkit_cli.swiftmodule (in target 'whisperkit-cli' from project 'whisperkit')
    cd /Users/jamesalford/Library/Developer/Xcode/DerivedData/NotedCore-ftviuoyqruynvwbzbngenbwxsygv/SourcePackages/checkouts/WhisperKit
    builtin-copy -exclude .DS_Store -exclude CVS -exclude .svn -exclude .git -exclude .hg -resolve-src-symlinks -rename /Users/jamesalford/Library/Developer/Xcode/DerivedData/NotedCore-ftviuoyqruynvwbzbngenbwxsygv/Build/Intermediates.noindex/whisperkit.build/Debug-iphonesimulator/whisperkit-cli.build/Objects-normal/arm64/whisperkit_cli.swiftmodule /Users/jamesalford/Library/Developer/Xcode/DerivedData/NotedCore-ftviuoyqruynvwbzbngenbwxsygv/Build/Products/Debug-iphonesimulator/whisperkit_cli.swiftmodule/arm64-apple-ios-simulator.swiftmodule

Copy /Users/jamesalford/Library/Developer/Xcode/DerivedData/NotedCore-ftviuoyqruynvwbzbngenbwxsygv/Build/Products/Debug-iphonesimulator/whisperkit_cli.swiftmodule/arm64-apple-ios-simulator.swiftdoc /Users/jamesalford/Library/Developer/Xcode/DerivedData/NotedCore-ftviuoyqruynvwbzbngenbwxsygv/Build/Intermediates.noindex/whisperkit.build/Debug-iphonesimulator/whisperkit-cli.build/Objects-normal/arm64/whisperkit_cli.swiftdoc (in target 'whisperkit-cli' from project 'whisperkit')
    cd /Users/jamesalford/Library/Developer/Xcode/DerivedData/NotedCore-ftviuoyqruynvwbzbngenbwxsygv/SourcePackages/checkouts/WhisperKit
    builtin-copy -exclude .DS_Store -exclude CVS -exclude .svn -exclude .git -exclude .hg -resolve-src-symlinks -rename /Users/jamesalford/Library/Developer/Xcode/DerivedData/NotedCore-ftviuoyqruynvwbzbngenbwxsygv/Build/Intermediates.noindex/whisperkit.build/Debug-iphonesimulator/whisperkit-cli.build/Objects-normal/arm64/whisperkit_cli.swiftdoc /Users/jamesalford/Library/Developer/Xcode/DerivedData/NotedCore-ftviuoyqruynvwbzbngenbwxsygv/Build/Products/Debug-iphonesimulator/whisperkit_cli.swiftmodule/arm64-apple-ios-simulator.swiftdoc

Copy /Users/jamesalford/Library/Developer/Xcode/DerivedData/NotedCore-ftviuoyqruynvwbzbngenbwxsygv/Build/Products/Debug-iphonesimulator/whisperkit_cli.swiftmodule/arm64-apple-ios-simulator.abi.json /Users/jamesalford/Library/Developer/Xcode/DerivedData/NotedCore-ftviuoyqruynvwbzbngenbwxsygv/Build/Intermediates.noindex/whisperkit.build/Debug-iphonesimulator/whisperkit-cli.build/Objects-normal/arm64/whisperkit_cli.abi.json (in target 'whisperkit-cli' from project 'whisperkit')
    cd /Users/jamesalford/Library/Developer/Xcode/DerivedData/NotedCore-ftviuoyqruynvwbzbngenbwxsygv/SourcePackages/checkouts/WhisperKit
    builtin-copy -exclude .DS_Store -exclude CVS -exclude .svn -exclude .git -exclude .hg -resolve-src-symlinks -rename /Users/jamesalford/Library/Developer/Xcode/DerivedData/NotedCore-ftviuoyqruynvwbzbngenbwxsygv/Build/Intermediates.noindex/whisperkit.build/Debug-iphonesimulator/whisperkit-cli.build/Objects-normal/arm64/whisperkit_cli.abi.json /Users/jamesalford/Library/Developer/Xcode/DerivedData/NotedCore-ftviuoyqruynvwbzbngenbwxsygv/Build/Products/Debug-iphonesimulator/whisperkit_cli.swiftmodule/arm64-apple-ios-simulator.abi.json

Copy /Users/jamesalford/Library/Developer/Xcode/DerivedData/NotedCore-ftviuoyqruynvwbzbngenbwxsygv/Build/Products/Debug-iphonesimulator/whisperkit_cli.swiftmodule/Project/arm64-apple-ios-simulator.swiftsourceinfo /Users/jamesalford/Library/Developer/Xcode/DerivedData/NotedCore-ftviuoyqruynvwbzbngenbwxsygv/Build/Intermediates.noindex/whisperkit.build/Debug-iphonesimulator/whisperkit-cli.build/Objects-normal/arm64/whisperkit_cli.swiftsourceinfo (in target 'whisperkit-cli' from project 'whisperkit')
    cd /Users/jamesalford/Library/Developer/Xcode/DerivedData/NotedCore-ftviuoyqruynvwbzbngenbwxsygv/SourcePackages/checkouts/WhisperKit
    builtin-copy -exclude .DS_Store -exclude CVS -exclude .svn -exclude .git -exclude .hg -resolve-src-symlinks -rename /Users/jamesalford/Library/Developer/Xcode/DerivedData/NotedCore-ftviuoyqruynvwbzbngenbwxsygv/Build/Intermediates.noindex/whisperkit.build/Debug-iphonesimulator/whisperkit-cli.build/Objects-normal/arm64/whisperkit_cli.swiftsourceinfo /Users/jamesalford/Library/Developer/Xcode/DerivedData/NotedCore-ftviuoyqruynvwbzbngenbwxsygv/Build/Products/Debug-iphonesimulator/whisperkit_cli.swiftmodule/Project/arm64-apple-ios-simulator.swiftsourceinfo

ProcessProductPackaging "" /Users/jamesalford/Library/Developer/Xcode/DerivedData/NotedCore-ftviuoyqruynvwbzbngenbwxsygv/Build/Intermediates.noindex/NotedCore.build/Debug-iphonesimulator/NotedCore.build/NotedCore.app-Simulated.xcent (in target 'NotedCore' from project 'NotedCore')
    cd /Users/jamesalford/Documents/NotedCore
    
    Entitlements:
    
    {
    "application-identifier" = "529ZZJHQR4.com.jamesalford.NotedCore";
}
    
    builtin-productPackagingUtility -entitlements -format xml -o /Users/jamesalford/Library/Developer/Xcode/DerivedData/NotedCore-ftviuoyqruynvwbzbngenbwxsygv/Build/Intermediates.noindex/NotedCore.build/Debug-iphonesimulator/NotedCore.build/NotedCore.app-Simulated.xcent

ProcessProductPackagingDER /Users/jamesalford/Library/Developer/Xcode/DerivedData/NotedCore-ftviuoyqruynvwbzbngenbwxsygv/Build/Intermediates.noindex/NotedCore.build/Debug-iphonesimulator/NotedCore.build/NotedCore.app-Simulated.xcent /Users/jamesalford/Library/Developer/Xcode/DerivedData/NotedCore-ftviuoyqruynvwbzbngenbwxsygv/Build/Intermediates.noindex/NotedCore.build/Debug-iphonesimulator/NotedCore.build/NotedCore.app-Simulated.xcent.der (in target 'NotedCore' from project 'NotedCore')
    cd /Users/jamesalford/Documents/NotedCore
    /usr/bin/derq query -f xml -i /Users/jamesalford/Library/Developer/Xcode/DerivedData/NotedCore-ftviuoyqruynvwbzbngenbwxsygv/Build/Intermediates.noindex/NotedCore.build/Debug-iphonesimulator/NotedCore.build/NotedCore.app-Simulated.xcent -o /Users/jamesalford/Library/Developer/Xcode/DerivedData/NotedCore-ftviuoyqruynvwbzbngenbwxsygv/Build/Intermediates.noindex/NotedCore.build/Debug-iphonesimulator/NotedCore.build/NotedCore.app-Simulated.xcent.der --raw

GenerateAssetSymbols /Users/jamesalford/Documents/NotedCore/NotedCore/Assets.xcassets (in target 'NotedCore' from project 'NotedCore')
    cd /Users/jamesalford/Documents/NotedCore
    /Applications/Xcode.app/Contents/Developer/usr/bin/actool /Users/jamesalford/Documents/NotedCore/NotedCore/Assets.xcassets --compile /Users/jamesalford/Library/Developer/Xcode/DerivedData/NotedCore-ftviuoyqruynvwbzbngenbwxsygv/Build/Products/Debug-iphonesimulator/NotedCore.app --output-format human-readable-text --notices --warnings --export-dependency-info /Users/jamesalford/Library/Developer/Xcode/DerivedData/NotedCore-ftviuoyqruynvwbzbngenbwxsygv/Build/Intermediates.noindex/NotedCore.build/Debug-iphonesimulator/NotedCore.build/assetcatalog_dependencies --output-partial-info-plist /Users/jamesalford/Library/Developer/Xcode/DerivedData/NotedCore-ftviuoyqruynvwbzbngenbwxsygv/Build/Intermediates.noindex/NotedCore.build/Debug-iphonesimulator/NotedCore.build/assetcatalog_generated_info.plist --app-icon AppIcon --accent-color AccentColor --compress-pngs --enable-on-demand-resources YES --development-region en --target-device iphone --target-device ipad --minimum-deployment-target 16.0 --platform iphonesimulator --bundle-identifier com.jamesalford.NotedCore --generate-swift-asset-symbols /Users/jamesalford/Library/Developer/Xcode/DerivedData/NotedCore-ftviuoyqruynvwbzbngenbwxsygv/Build/Intermediates.noindex/NotedCore.build/Debug-iphonesimulator/NotedCore.build/DerivedSources/GeneratedAssetSymbols.swift --generate-objc-asset-symbols /Users/jamesalford/Library/Developer/Xcode/DerivedData/NotedCore-ftviuoyqruynvwbzbngenbwxsygv/Build/Intermediates.noindex/NotedCore.build/Debug-iphonesimulator/NotedCore.build/DerivedSources/GeneratedAssetSymbols.h --generate-asset-symbol-index /Users/jamesalford/Library/Developer/Xcode/DerivedData/NotedCore-ftviuoyqruynvwbzbngenbwxsygv/Build/Intermediates.noindex/NotedCore.build/Debug-iphonesimulator/NotedCore.build/DerivedSources/GeneratedAssetSymbols-Index.plist
/* com.apple.actool.compilation-results */
/Users/jamesalford/Library/Developer/Xcode/DerivedData/NotedCore-ftviuoyqruynvwbzbngenbwxsygv/Build/Intermediates.noindex/NotedCore.build/Debug-iphonesimulator/NotedCore.build/DerivedSources/GeneratedAssetSymbols-Index.plist
/Users/jamesalford/Library/Developer/Xcode/DerivedData/NotedCore-ftviuoyqruynvwbzbngenbwxsygv/Build/Intermediates.noindex/NotedCore.build/Debug-iphonesimulator/NotedCore.build/DerivedSources/GeneratedAssetSymbols.h
/Users/jamesalford/Library/Developer/Xcode/DerivedData/NotedCore-ftviuoyqruynvwbzbngenbwxsygv/Build/Intermediates.noindex/NotedCore.build/Debug-iphonesimulator/NotedCore.build/DerivedSources/GeneratedAssetSymbols.swift


DataModelCompile /Users/jamesalford/Library/Developer/Xcode/DerivedData/NotedCore-ftviuoyqruynvwbzbngenbwxsygv/Build/Products/Debug-iphonesimulator/NotedCore.app/ /Users/jamesalford/Documents/NotedCore/NotedCore/NotedCore.xcdatamodeld (in target 'NotedCore' from project 'NotedCore')
    cd /Users/jamesalford/Documents/NotedCore
    /Applications/Xcode.app/Contents/Developer/usr/bin/momc --sdkroot /Applications/Xcode.app/Contents/Developer/Platforms/iPhoneSimulator.platform/Developer/SDKs/iPhoneSimulator26.0.sdk --iphonesimulator-deployment-target 16.0 --module NotedCore /Users/jamesalford/Documents/NotedCore/NotedCore/NotedCore.xcdatamodeld /Users/jamesalford/Library/Developer/Xcode/DerivedData/NotedCore-ftviuoyqruynvwbzbngenbwxsygv/Build/Products/Debug-iphonesimulator/NotedCore.app/
NotedCore.xcdatamodel: note: Model NotedCore version checksum: Q9HHgUroCrU0eq31h51N6xIR4l39bwDp5IiRvKu1aa0=

MkDir /Users/jamesalford/Library/Developer/Xcode/DerivedData/NotedCore-ftviuoyqruynvwbzbngenbwxsygv/Build/Intermediates.noindex/NotedCore.build/Debug-iphonesimulator/NotedCore.build/assetcatalog_output/unthinned (in target 'NotedCore' from project 'NotedCore')
    cd /Users/jamesalford/Documents/NotedCore
    /bin/mkdir -p /Users/jamesalford/Library/Developer/Xcode/DerivedData/NotedCore-ftviuoyqruynvwbzbngenbwxsygv/Build/Intermediates.noindex/NotedCore.build/Debug-iphonesimulator/NotedCore.build/assetcatalog_output/unthinned

MkDir /Users/jamesalford/Library/Developer/Xcode/DerivedData/NotedCore-ftviuoyqruynvwbzbngenbwxsygv/Build/Intermediates.noindex/NotedCore.build/Debug-iphonesimulator/NotedCore.build/assetcatalog_output/thinned (in target 'NotedCore' from project 'NotedCore')
    cd /Users/jamesalford/Documents/NotedCore
    /bin/mkdir -p /Users/jamesalford/Library/Developer/Xcode/DerivedData/NotedCore-ftviuoyqruynvwbzbngenbwxsygv/Build/Intermediates.noindex/NotedCore.build/Debug-iphonesimulator/NotedCore.build/assetcatalog_output/thinned

DataModelCodegen /Users/jamesalford/Documents/NotedCore/NotedCore/NotedCore.xcdatamodeld (in target 'NotedCore' from project 'NotedCore')
    cd /Users/jamesalford/Documents/NotedCore
    /Applications/Xcode.app/Contents/Developer/usr/bin/momc --action generate --swift-version 5.0 --sdkroot /Applications/Xcode.app/Contents/Developer/Platforms/iPhoneSimulator.platform/Developer/SDKs/iPhoneSimulator26.0.sdk --iphonesimulator-deployment-target 16.0 --module NotedCore /Users/jamesalford/Documents/NotedCore/NotedCore/NotedCore.xcdatamodeld /Users/jamesalford/Library/Developer/Xcode/DerivedData/NotedCore-ftviuoyqruynvwbzbngenbwxsygv/Build/Intermediates.noindex/NotedCore.build/Debug-iphonesimulator/NotedCore.build/DerivedSources/CoreDataGenerated/NotedCore

CompileAssetCatalogVariant thinned /Users/jamesalford/Library/Developer/Xcode/DerivedData/NotedCore-ftviuoyqruynvwbzbngenbwxsygv/Build/Products/Debug-iphonesimulator/NotedCore.app /Users/jamesalford/Documents/NotedCore/NotedCore/Assets.xcassets (in target 'NotedCore' from project 'NotedCore')
    cd /Users/jamesalford/Documents/NotedCore
    /Applications/Xcode.app/Contents/Developer/usr/bin/actool /Users/jamesalford/Documents/NotedCore/NotedCore/Assets.xcassets --compile /Users/jamesalford/Library/Developer/Xcode/DerivedData/NotedCore-ftviuoyqruynvwbzbngenbwxsygv/Build/Intermediates.noindex/NotedCore.build/Debug-iphonesimulator/NotedCore.build/assetcatalog_output/thinned --output-format human-readable-text --notices --warnings --export-dependency-info /Users/jamesalford/Library/Developer/Xcode/DerivedData/NotedCore-ftviuoyqruynvwbzbngenbwxsygv/Build/Intermediates.noindex/NotedCore.build/Debug-iphonesimulator/NotedCore.build/assetcatalog_dependencies_thinned --output-partial-info-plist /Users/jamesalford/Library/Developer/Xcode/DerivedData/NotedCore-ftviuoyqruynvwbzbngenbwxsygv/Build/Intermediates.noindex/NotedCore.build/Debug-iphonesimulator/NotedCore.build/assetcatalog_generated_info.plist_thinned --app-icon AppIcon --accent-color AccentColor --compress-pngs --enable-on-demand-resources YES --filter-for-thinning-device-configuration iPhone17,1 --filter-for-device-os-version 18.5 --development-region en --target-device iphone --target-device ipad --minimum-deployment-target 16.0 --platform iphonesimulator
/* com.apple.actool.compilation-results */
/Users/jamesalford/Library/Developer/Xcode/DerivedData/NotedCore-ftviuoyqruynvwbzbngenbwxsygv/Build/Intermediates.noindex/NotedCore.build/Debug-iphonesimulator/NotedCore.build/assetcatalog_generated_info.plist_thinned


SwiftDriverJobDiscovery normal arm64 Compiling WhisperKit.swift, Concurrency.swift (in target 'WhisperKit' from project 'whisperkit')

LinkAssetCatalog /Users/jamesalford/Documents/NotedCore/NotedCore/Assets.xcassets (in target 'NotedCore' from project 'NotedCore')
    cd /Users/jamesalford/Documents/NotedCore
    builtin-linkAssetCatalog --thinned /Users/jamesalford/Library/Developer/Xcode/DerivedData/NotedCore-ftviuoyqruynvwbzbngenbwxsygv/Build/Intermediates.noindex/NotedCore.build/Debug-iphonesimulator/NotedCore.build/assetcatalog_output/thinned --thinned-dependencies /Users/jamesalford/Library/Developer/Xcode/DerivedData/NotedCore-ftviuoyqruynvwbzbngenbwxsygv/Build/Intermediates.noindex/NotedCore.build/Debug-iphonesimulator/NotedCore.build/assetcatalog_dependencies_thinned --thinned-info-plist-content /Users/jamesalford/Library/Developer/Xcode/DerivedData/NotedCore-ftviuoyqruynvwbzbngenbwxsygv/Build/Intermediates.noindex/NotedCore.build/Debug-iphonesimulator/NotedCore.build/assetcatalog_generated_info.plist_thinned --unthinned /Users/jamesalford/Library/Developer/Xcode/DerivedData/NotedCore-ftviuoyqruynvwbzbngenbwxsygv/Build/Intermediates.noindex/NotedCore.build/Debug-iphonesimulator/NotedCore.build/assetcatalog_output/unthinned --unthinned-dependencies /Users/jamesalford/Library/Developer/Xcode/DerivedData/NotedCore-ftviuoyqruynvwbzbngenbwxsygv/Build/Intermediates.noindex/NotedCore.build/Debug-iphonesimulator/NotedCore.build/assetcatalog_dependencies_unthinned --unthinned-info-plist-content /Users/jamesalford/Library/Developer/Xcode/DerivedData/NotedCore-ftviuoyqruynvwbzbngenbwxsygv/Build/Intermediates.noindex/NotedCore.build/Debug-iphonesimulator/NotedCore.build/assetcatalog_generated_info.plist_unthinned --output /Users/jamesalford/Library/Developer/Xcode/DerivedData/NotedCore-ftviuoyqruynvwbzbngenbwxsygv/Build/Products/Debug-iphonesimulator/NotedCore.app --plist-output /Users/jamesalford/Library/Developer/Xcode/DerivedData/NotedCore-ftviuoyqruynvwbzbngenbwxsygv/Build/Intermediates.noindex/NotedCore.build/Debug-iphonesimulator/NotedCore.build/assetcatalog_generated_info.plist

SwiftDriverJobDiscovery normal arm64 Compiling AudioChunker.swift, AudioProcessor.swift (in target 'WhisperKit' from project 'whisperkit')

SwiftDriverJobDiscovery normal arm64 Compiling TranscribeCLIArguments.swift (in target 'whisperkit-cli' from project 'whisperkit')

SwiftDriverJobDiscovery normal arm64 Compiling Models.swift, LogitsFilter.swift (in target 'WhisperKit' from project 'whisperkit')

SwiftDriverJobDiscovery normal arm64 Compiling TranscribeCLI.swift (in target 'whisperkit-cli' from project 'whisperkit')

SwiftDriver\ Compilation whisperkit-cli normal arm64 com.apple.xcode.tools.swift.compiler (in target 'whisperkit-cli' from project 'whisperkit')
    cd /Users/jamesalford/Documents/NotedCore/NotedCore.xcodeproj
    builtin-Swift-Compilation -- /Applications/Xcode.app/Contents/Developer/Toolchains/XcodeDefault.xctoolchain/usr/bin/swiftc -module-name whisperkit_cli -Onone -enforce-exclusivity\=checked @/Users/jamesalford/Library/Developer/Xcode/DerivedData/NotedCore-ftviuoyqruynvwbzbngenbwxsygv/Build/Intermediates.noindex/whisperkit.build/Debug-iphonesimulator/whisperkit-cli.build/Objects-normal/arm64/whisperkit-cli.SwiftFileList -DSWIFT_PACKAGE -DDEBUG -DXcode -plugin-path /Applications/Xcode.app/Contents/Developer/Toolchains/XcodeDefault.xctoolchain/usr/lib/swift/host/plugins/testing -enable-experimental-feature DebugDescriptionMacro -sdk /Applications/Xcode.app/Contents/Developer/Platforms/iPhoneSimulator.platform/Developer/SDKs/iPhoneSimulator26.0.sdk -target arm64-apple-ios16.0-simulator -g -module-cache-path /Users/jamesalford/Library/Developer/Xcode/DerivedData/ModuleCache.noindex -Xfrontend -serialize-debugging-options -profile-coverage-mapping -profile-generate -enable-testing -suppress-warnings -index-store-path /Users/jamesalford/Library/Developer/Xcode/DerivedData/NotedCore-ftviuoyqruynvwbzbngenbwxsygv/Index.noindex/DataStore -Xcc -D_LIBCPP_HARDENING_MODE\=_LIBCPP_HARDENING_MODE_DEBUG -swift-version 5 -I /Users/jamesalford/Library/Developer/Xcode/DerivedData/NotedCore-ftviuoyqruynvwbzbngenbwxsygv/Build/Products/Debug-iphonesimulator -Isystem /Applications/Xcode.app/Contents/Developer/Platforms/iPhoneSimulator.platform/Developer/usr/lib -F /Users/jamesalford/Library/Developer/Xcode/DerivedData/NotedCore-ftviuoyqruynvwbzbngenbwxsygv/Build/Products/Debug-iphonesimulator/PackageFrameworks -F /Users/jamesalford/Library/Developer/Xcode/DerivedData/NotedCore-ftviuoyqruynvwbzbngenbwxsygv/Build/Products/Debug-iphonesimulator/PackageFrameworks -F /Users/jamesalford/Library/Developer/Xcode/DerivedData/NotedCore-ftviuoyqruynvwbzbngenbwxsygv/Build/Products/Debug-iphonesimulator/PackageFrameworks -F /Users/jamesalford/Library/Developer/Xcode/DerivedData/NotedCore-ftviuoyqruynvwbzbngenbwxsygv/Build/Products/Debug-iphonesimulator/PackageFrameworks -F /Users/jamesalford/Library/Developer/Xcode/DerivedData/NotedCore-ftviuoyqruynvwbzbngenbwxsygv/Build/Products/Debug-iphonesimulator/PackageFrameworks -F /Users/jamesalford/Library/Developer/Xcode/DerivedData/NotedCore-ftviuoyqruynvwbzbngenbwxsygv/Build/Products/Debug-iphonesimulator/PackageFrameworks -F /Users/jamesalford/Library/Developer/Xcode/DerivedData/NotedCore-ftviuoyqruynvwbzbngenbwxsygv/Build/Products/Debug-iphonesimulator/PackageFrameworks -F /Users/jamesalford/Library/Developer/Xcode/DerivedData/NotedCore-ftviuoyqruynvwbzbngenbwxsygv/Build/Products/Debug-iphonesimulator/PackageFrameworks -F /Users/jamesalford/Library/Developer/Xcode/DerivedData/NotedCore-ftviuoyqruynvwbzbngenbwxsygv/Build/Products/Debug-iphonesimulator/PackageFrameworks -F /Users/jamesalford/Library/Developer/Xcode/DerivedData/NotedCore-ftviuoyqruynvwbzbngenbwxsygv/Build/Products/Debug-iphonesimulator/PackageFrameworks -F /Users/jamesalford/Library/Developer/Xcode/DerivedData/NotedCore-ftviuoyqruynvwbzbngenbwxsygv/Build/Products/Debug-iphonesimulator/PackageFrameworks -F /Users/jamesalford/Library/Developer/Xcode/DerivedData/NotedCore-ftviuoyqruynvwbzbngenbwxsygv/Build/Products/Debug-iphonesimulator -F /Applications/Xcode.app/Contents/Developer/Platforms/iPhoneSimulator.platform/Developer/Library/Frameworks -F /Applications/Xcode.app/Contents/Developer/Platforms/iPhoneSimulator.platform/Developer/SDKs/iPhoneSimulator26.0.sdk/Developer/Library/Frameworks -c -j14 -enable-batch-mode -incremental -Xcc -ivfsstatcache -Xcc /Users/jamesalford/Library/Developer/Xcode/DerivedData/SDKStatCaches.noindex/iphonesimulator26.0-23A339-3885c01c3e6b6a337905948deab2002e26257891a6c027eb51374368541b8346.sdkstatcache -output-file-map /Users/jamesalford/Library/Developer/Xcode/DerivedData/NotedCore-ftviuoyqruynvwbzbngenbwxsygv/Build/Intermediates.noindex/whisperkit.build/Debug-iphonesimulator/whisperkit-cli.build/Objects-normal/arm64/whisperkit-cli-OutputFileMap.json -use-frontend-parseable-output -save-temps -no-color-diagnostics -explicit-module-build -module-cache-path /Users/jamesalford/Library/Developer/Xcode/DerivedData/NotedCore-ftviuoyqruynvwbzbngenbwxsygv/Build/Intermediates.noindex/SwiftExplicitPrecompiledModules -clang-scanner-module-cache-path /Users/jamesalford/Library/Developer/Xcode/DerivedData/ModuleCache.noindex -sdk-module-cache-path /Users/jamesalford/Library/Developer/Xcode/DerivedData/ModuleCache.noindex -serialize-diagnostics -emit-dependencies -emit-module -emit-module-path /Users/jamesalford/Library/Developer/Xcode/DerivedData/NotedCore-ftviuoyqruynvwbzbngenbwxsygv/Build/Intermediates.noindex/whisperkit.build/Debug-iphonesimulator/whisperkit-cli.build/Objects-normal/arm64/whisperkit_cli.swiftmodule -validate-clang-modules-once -clang-build-session-file /Users/jamesalford/Library/Developer/Xcode/DerivedData/ModuleCache.noindex/Session.modulevalidation -package-name whisperkit -emit-const-values -Xfrontend -const-gather-protocols-file -Xfrontend /Users/jamesalford/Library/Developer/Xcode/DerivedData/NotedCore-ftviuoyqruynvwbzbngenbwxsygv/Build/Intermediates.noindex/whisperkit.build/Debug-iphonesimulator/whisperkit-cli.build/Objects-normal/arm64/whisperkit-cli_const_extract_protocols.json -Xcc -I/Users/jamesalford/Library/Developer/Xcode/DerivedData/NotedCore-ftviuoyqruynvwbzbngenbwxsygv/Build/Products/Debug-iphonesimulator/include -Xcc -I/Users/jamesalford/Library/Developer/Xcode/DerivedData/NotedCore-ftviuoyqruynvwbzbngenbwxsygv/Build/Intermediates.noindex/whisperkit.build/Debug-iphonesimulator/whisperkit-cli.build/DerivedSources-normal/arm64 -Xcc -I/Users/jamesalford/Library/Developer/Xcode/DerivedData/NotedCore-ftviuoyqruynvwbzbngenbwxsygv/Build/Intermediates.noindex/whisperkit.build/Debug-iphonesimulator/whisperkit-cli.build/DerivedSources/arm64 -Xcc -I/Users/jamesalford/Library/Developer/Xcode/DerivedData/NotedCore-ftviuoyqruynvwbzbngenbwxsygv/Build/Intermediates.noindex/whisperkit.build/Debug-iphonesimulator/whisperkit-cli.build/DerivedSources -Xcc -DSWIFT_PACKAGE -Xcc -DDEBUG\=1 -working-directory /Users/jamesalford/Documents/NotedCore/NotedCore.xcodeproj -experimental-emit-module-separately -disable-cmo

SwiftDriverJobDiscovery normal arm64 Compiling TextDecoder.swift, TranscribeTask.swift (in target 'WhisperKit' from project 'whisperkit')

SwiftDriver\ Compilation WhisperKit normal arm64 com.apple.xcode.tools.swift.compiler (in target 'WhisperKit' from project 'whisperkit')
    cd /Users/jamesalford/Documents/NotedCore/NotedCore.xcodeproj
    builtin-Swift-Compilation -- /Applications/Xcode.app/Contents/Developer/Toolchains/XcodeDefault.xctoolchain/usr/bin/swiftc -module-name WhisperKit -Onone -enforce-exclusivity\=checked @/Users/jamesalford/Library/Developer/Xcode/DerivedData/NotedCore-ftviuoyqruynvwbzbngenbwxsygv/Build/Intermediates.noindex/whisperkit.build/Debug-iphonesimulator/WhisperKit.build/Objects-normal/arm64/WhisperKit.SwiftFileList -DSWIFT_PACKAGE -DDEBUG -DSWIFT_MODULE_RESOURCE_BUNDLE_UNAVAILABLE -DXcode -plugin-path /Applications/Xcode.app/Contents/Developer/Toolchains/XcodeDefault.xctoolchain/usr/lib/swift/host/plugins/testing -enable-experimental-feature DebugDescriptionMacro -sdk /Applications/Xcode.app/Contents/Developer/Platforms/iPhoneSimulator.platform/Developer/SDKs/iPhoneSimulator26.0.sdk -target arm64-apple-ios16.0-simulator -g -module-cache-path /Users/jamesalford/Library/Developer/Xcode/DerivedData/ModuleCache.noindex -Xfrontend -serialize-debugging-options -profile-coverage-mapping -profile-generate -enable-testing -suppress-warnings -index-store-path /Users/jamesalford/Library/Developer/Xcode/DerivedData/NotedCore-ftviuoyqruynvwbzbngenbwxsygv/Index.noindex/DataStore -Xcc -D_LIBCPP_HARDENING_MODE\=_LIBCPP_HARDENING_MODE_DEBUG -swift-version 5 -I /Users/jamesalford/Library/Developer/Xcode/DerivedData/NotedCore-ftviuoyqruynvwbzbngenbwxsygv/Build/Products/Debug-iphonesimulator -Isystem /Applications/Xcode.app/Contents/Developer/Platforms/iPhoneSimulator.platform/Developer/usr/lib -F /Users/jamesalford/Library/Developer/Xcode/DerivedData/NotedCore-ftviuoyqruynvwbzbngenbwxsygv/Build/Products/Debug-iphonesimulator/PackageFrameworks -F /Users/jamesalford/Library/Developer/Xcode/DerivedData/NotedCore-ftviuoyqruynvwbzbngenbwxsygv/Build/Products/Debug-iphonesimulator/PackageFrameworks -F /Users/jamesalford/Library/Developer/Xcode/DerivedData/NotedCore-ftviuoyqruynvwbzbngenbwxsygv/Build/Products/Debug-iphonesimulator/PackageFrameworks -F /Users/jamesalford/Library/Developer/Xcode/DerivedData/NotedCore-ftviuoyqruynvwbzbngenbwxsygv/Build/Products/Debug-iphonesimulator/PackageFrameworks -F /Users/jamesalford/Library/Developer/Xcode/DerivedData/NotedCore-ftviuoyqruynvwbzbngenbwxsygv/Build/Products/Debug-iphonesimulator/PackageFrameworks -F /Users/jamesalford/Library/Developer/Xcode/DerivedData/NotedCore-ftviuoyqruynvwbzbngenbwxsygv/Build/Products/Debug-iphonesimulator/PackageFrameworks -F /Users/jamesalford/Library/Developer/Xcode/DerivedData/NotedCore-ftviuoyqruynvwbzbngenbwxsygv/Build/Products/Debug-iphonesimulator/PackageFrameworks -F /Users/jamesalford/Library/Developer/Xcode/DerivedData/NotedCore-ftviuoyqruynvwbzbngenbwxsygv/Build/Products/Debug-iphonesimulator/PackageFrameworks -F /Users/jamesalford/Library/Developer/Xcode/DerivedData/NotedCore-ftviuoyqruynvwbzbngenbwxsygv/Build/Products/Debug-iphonesimulator -F /Applications/Xcode.app/Contents/Developer/Platforms/iPhoneSimulator.platform/Developer/Library/Frameworks -F /Applications/Xcode.app/Contents/Developer/Platforms/iPhoneSimulator.platform/Developer/SDKs/iPhoneSimulator26.0.sdk/Developer/Library/Frameworks -c -j14 -enable-batch-mode -incremental -Xcc -ivfsstatcache -Xcc /Users/jamesalford/Library/Developer/Xcode/DerivedData/SDKStatCaches.noindex/iphonesimulator26.0-23A339-3885c01c3e6b6a337905948deab2002e26257891a6c027eb51374368541b8346.sdkstatcache -output-file-map /Users/jamesalford/Library/Developer/Xcode/DerivedData/NotedCore-ftviuoyqruynvwbzbngenbwxsygv/Build/Intermediates.noindex/whisperkit.build/Debug-iphonesimulator/WhisperKit.build/Objects-normal/arm64/WhisperKit-OutputFileMap.json -use-frontend-parseable-output -save-temps -no-color-diagnostics -explicit-module-build -module-cache-path /Users/jamesalford/Library/Developer/Xcode/DerivedData/NotedCore-ftviuoyqruynvwbzbngenbwxsygv/Build/Intermediates.noindex/SwiftExplicitPrecompiledModules -clang-scanner-module-cache-path /Users/jamesalford/Library/Developer/Xcode/DerivedData/ModuleCache.noindex -sdk-module-cache-path /Users/jamesalford/Library/Developer/Xcode/DerivedData/ModuleCache.noindex -serialize-diagnostics -emit-dependencies -emit-module -emit-module-path /Users/jamesalford/Library/Developer/Xcode/DerivedData/NotedCore-ftviuoyqruynvwbzbngenbwxsygv/Build/Intermediates.noindex/whisperkit.build/Debug-iphonesimulator/WhisperKit.build/Objects-normal/arm64/WhisperKit.swiftmodule -validate-clang-modules-once -clang-build-session-file /Users/jamesalford/Library/Developer/Xcode/DerivedData/ModuleCache.noindex/Session.modulevalidation -package-name whisperkit -Xcc -I/Users/jamesalford/Library/Developer/Xcode/DerivedData/NotedCore-ftviuoyqruynvwbzbngenbwxsygv/Build/Intermediates.noindex/whisperkit.build/Debug-iphonesimulator/WhisperKit.build/swift-overrides.hmap -emit-const-values -Xfrontend -const-gather-protocols-file -Xfrontend /Users/jamesalford/Library/Developer/Xcode/DerivedData/NotedCore-ftviuoyqruynvwbzbngenbwxsygv/Build/Intermediates.noindex/whisperkit.build/Debug-iphonesimulator/WhisperKit.build/Objects-normal/arm64/WhisperKit_const_extract_protocols.json -Xcc -I/Users/jamesalford/Library/Developer/Xcode/DerivedData/NotedCore-ftviuoyqruynvwbzbngenbwxsygv/Build/Products/Debug-iphonesimulator/include -Xcc -I/Users/jamesalford/Library/Developer/Xcode/DerivedData/NotedCore-ftviuoyqruynvwbzbngenbwxsygv/Build/Intermediates.noindex/whisperkit.build/Debug-iphonesimulator/WhisperKit.build/DerivedSources-normal/arm64 -Xcc -I/Users/jamesalford/Library/Developer/Xcode/DerivedData/NotedCore-ftviuoyqruynvwbzbngenbwxsygv/Build/Intermediates.noindex/whisperkit.build/Debug-iphonesimulator/WhisperKit.build/DerivedSources/arm64 -Xcc -I/Users/jamesalford/Library/Developer/Xcode/DerivedData/NotedCore-ftviuoyqruynvwbzbngenbwxsygv/Build/Intermediates.noindex/whisperkit.build/Debug-iphonesimulator/WhisperKit.build/DerivedSources -Xcc -DSWIFT_PACKAGE -Xcc -DDEBUG\=1 -emit-objc-header -emit-objc-header-path /Users/jamesalford/Library/Developer/Xcode/DerivedData/NotedCore-ftviuoyqruynvwbzbngenbwxsygv/Build/Intermediates.noindex/whisperkit.build/Debug-iphonesimulator/WhisperKit.build/Objects-normal/arm64/WhisperKit-Swift.h -working-directory /Users/jamesalford/Documents/NotedCore/NotedCore.xcodeproj -experimental-emit-module-separately -disable-cmo

Ld /Users/jamesalford/Library/Developer/Xcode/DerivedData/NotedCore-ftviuoyqruynvwbzbngenbwxsygv/Build/Products/Debug-iphonesimulator/PackageFrameworks/WhisperKit.framework/WhisperKit normal (in target 'WhisperKit' from project 'whisperkit')
    cd /Users/jamesalford/Library/Developer/Xcode/DerivedData/NotedCore-ftviuoyqruynvwbzbngenbwxsygv/SourcePackages/checkouts/WhisperKit
    /Applications/Xcode.app/Contents/Developer/Toolchains/XcodeDefault.xctoolchain/usr/bin/clang -Xlinker -reproducible -target arm64-apple-ios16.0-simulator -dynamiclib -isysroot /Applications/Xcode.app/Contents/Developer/Platforms/iPhoneSimulator.platform/Developer/SDKs/iPhoneSimulator26.0.sdk -O0 -w -L/Users/jamesalford/Library/Developer/Xcode/DerivedData/NotedCore-ftviuoyqruynvwbzbngenbwxsygv/Build/Intermediates.noindex/EagerLinkingTBDs/Debug-iphonesimulator -L/Users/jamesalford/Library/Developer/Xcode/DerivedData/NotedCore-ftviuoyqruynvwbzbngenbwxsygv/Build/Products/Debug-iphonesimulator -L/Applications/Xcode.app/Contents/Developer/Platforms/iPhoneSimulator.platform/Developer/usr/lib -F/Users/jamesalford/Library/Developer/Xcode/DerivedData/NotedCore-ftviuoyqruynvwbzbngenbwxsygv/Build/Intermediates.noindex/EagerLinkingTBDs/Debug-iphonesimulator -F/Users/jamesalford/Library/Developer/Xcode/DerivedData/NotedCore-ftviuoyqruynvwbzbngenbwxsygv/Build/Products/Debug-iphonesimulator/PackageFrameworks -F/Users/jamesalford/Library/Developer/Xcode/DerivedData/NotedCore-ftviuoyqruynvwbzbngenbwxsygv/Build/Products/Debug-iphonesimulator/PackageFrameworks -F/Users/jamesalford/Library/Developer/Xcode/DerivedData/NotedCore-ftviuoyqruynvwbzbngenbwxsygv/Build/Products/Debug-iphonesimulator/PackageFrameworks -F/Users/jamesalford/Library/Developer/Xcode/DerivedData/NotedCore-ftviuoyqruynvwbzbngenbwxsygv/Build/Products/Debug-iphonesimulator/PackageFrameworks -F/Users/jamesalford/Library/Developer/Xcode/DerivedData/NotedCore-ftviuoyqruynvwbzbngenbwxsygv/Build/Products/Debug-iphonesimulator/PackageFrameworks -F/Users/jamesalford/Library/Developer/Xcode/DerivedData/NotedCore-ftviuoyqruynvwbzbngenbwxsygv/Build/Products/Debug-iphonesimulator/PackageFrameworks -F/Users/jamesalford/Library/Developer/Xcode/DerivedData/NotedCore-ftviuoyqruynvwbzbngenbwxsygv/Build/Products/Debug-iphonesimulator/PackageFrameworks -F/Users/jamesalford/Library/Developer/Xcode/DerivedData/NotedCore-ftviuoyqruynvwbzbngenbwxsygv/Build/Products/Debug-iphonesimulator/PackageFrameworks -F/Users/jamesalford/Library/Developer/Xcode/DerivedData/NotedCore-ftviuoyqruynvwbzbngenbwxsygv/Build/Products/Debug-iphonesimulator -iframework /Applications/Xcode.app/Contents/Developer/Platforms/iPhoneSimulator.platform/Developer/Library/Frameworks -iframework /Applications/Xcode.app/Contents/Developer/Platforms/iPhoneSimulator.platform/Developer/SDKs/iPhoneSimulator26.0.sdk/Developer/Library/Frameworks -filelist /Users/jamesalford/Library/Developer/Xcode/DerivedData/NotedCore-ftviuoyqruynvwbzbngenbwxsygv/Build/Intermediates.noindex/whisperkit.build/Debug-iphonesimulator/WhisperKit.build/Objects-normal/arm64/WhisperKit.LinkFileList -install_name @rpath/WhisperKit.framework/WhisperKit -Xlinker -rpath -Xlinker /usr/lib/swift -Xlinker -rpath -Xlinker /Users/jamesalford/Library/Developer/Xcode/DerivedData/NotedCore-ftviuoyqruynvwbzbngenbwxsygv/Build/Products/Debug-iphonesimulator/PackageFrameworks -dead_strip -Xlinker -object_path_lto -Xlinker /Users/jamesalford/Library/Developer/Xcode/DerivedData/NotedCore-ftviuoyqruynvwbzbngenbwxsygv/Build/Intermediates.noindex/whisperkit.build/Debug-iphonesimulator/WhisperKit.build/Objects-normal/arm64/WhisperKit_lto.o -rdynamic -Xlinker -no_deduplicate -Xlinker -objc_abi_version -Xlinker 2 -Xlinker -debug_variant -Xlinker -dependency_info -Xlinker /Users/jamesalford/Library/Developer/Xcode/DerivedData/NotedCore-ftviuoyqruynvwbzbngenbwxsygv/Build/Intermediates.noindex/whisperkit.build/Debug-iphonesimulator/WhisperKit.build/Objects-normal/arm64/WhisperKit_dependency_info.dat -fobjc-link-runtime -fprofile-instr-generate -L/Applications/Xcode.app/Contents/Developer/Toolchains/XcodeDefault.xctoolchain/usr/lib/swift/iphonesimulator -L/usr/lib/swift -Xlinker -add_ast_path -Xlinker /Users/jamesalford/Library/Developer/Xcode/DerivedData/NotedCore-ftviuoyqruynvwbzbngenbwxsygv/Build/Intermediates.noindex/whisperkit.build/Debug-iphonesimulator/WhisperKit.build/Objects-normal/arm64/WhisperKit.swiftmodule @/Users/jamesalford/Library/Developer/Xcode/DerivedData/NotedCore-ftviuoyqruynvwbzbngenbwxsygv/Build/Intermediates.noindex/whisperkit.build/Debug-iphonesimulator/WhisperKit.build/Objects-normal/arm64/WhisperKit-linker-args.resp -Wl,-no_warn_duplicate_libraries -Wl,-no_warn_duplicate_libraries -Wl,-no_warn_duplicate_libraries -Wl,-no_warn_duplicate_libraries -Wl,-no_warn_duplicate_libraries -Wl,-no_warn_duplicate_libraries -Wl,-no_warn_duplicate_libraries -Wl,-no_warn_duplicate_libraries /Users/jamesalford/Library/Developer/Xcode/DerivedData/NotedCore-ftviuoyqruynvwbzbngenbwxsygv/Build/Products/Debug-iphonesimulator/PackageFrameworks/Transformers_79FFCAD726DD9D12_PackageProduct.framework/Transformers_79FFCAD726DD9D12_PackageProduct -o /Users/jamesalford/Library/Developer/Xcode/DerivedData/NotedCore-ftviuoyqruynvwbzbngenbwxsygv/Build/Products/Debug-iphonesimulator/PackageFrameworks/WhisperKit.framework/WhisperKit

ExtractAppIntentsMetadata (in target 'WhisperKit' from project 'whisperkit')
    cd /Users/jamesalford/Library/Developer/Xcode/DerivedData/NotedCore-ftviuoyqruynvwbzbngenbwxsygv/SourcePackages/checkouts/WhisperKit
    /Applications/Xcode.app/Contents/Developer/Toolchains/XcodeDefault.xctoolchain/usr/bin/appintentsmetadataprocessor --toolchain-dir /var/run/com.apple.security.cryptexd/mnt/com.apple.MobileAsset.MetalToolchain-v17.1.324.0.6zKCg8/Metal.xctoolchain --module-name WhisperKit --sdk-root /Applications/Xcode.app/Contents/Developer/Platforms/iPhoneSimulator.platform/Developer/SDKs/iPhoneSimulator26.0.sdk --xcode-version 17A400 --platform-family iOS --deployment-target 16.0 --bundle-identifier whisperkit.WhisperKit --output /Users/jamesalford/Library/Developer/Xcode/DerivedData/NotedCore-ftviuoyqruynvwbzbngenbwxsygv/Build/Products/Debug-iphonesimulator/PackageFrameworks/WhisperKit.framework --target-triple arm64-apple-ios16.0-simulator --binary-file /Users/jamesalford/Library/Developer/Xcode/DerivedData/NotedCore-ftviuoyqruynvwbzbngenbwxsygv/Build/Products/Debug-iphonesimulator/PackageFrameworks/WhisperKit.framework/WhisperKit --dependency-file /Users/jamesalford/Library/Developer/Xcode/DerivedData/NotedCore-ftviuoyqruynvwbzbngenbwxsygv/Build/Intermediates.noindex/whisperkit.build/Debug-iphonesimulator/WhisperKit.build/Objects-normal/arm64/WhisperKit_dependency_info.dat --stringsdata-file /Users/jamesalford/Library/Developer/Xcode/DerivedData/NotedCore-ftviuoyqruynvwbzbngenbwxsygv/Build/Intermediates.noindex/whisperkit.build/Debug-iphonesimulator/WhisperKit.build/Objects-normal/arm64/ExtractedAppShortcutsMetadata.stringsdata --source-file-list /Users/jamesalford/Library/Developer/Xcode/DerivedData/NotedCore-ftviuoyqruynvwbzbngenbwxsygv/Build/Intermediates.noindex/whisperkit.build/Debug-iphonesimulator/WhisperKit.build/Objects-normal/arm64/WhisperKit.SwiftFileList --metadata-file-list /Users/jamesalford/Library/Developer/Xcode/DerivedData/NotedCore-ftviuoyqruynvwbzbngenbwxsygv/Build/Intermediates.noindex/whisperkit.build/Debug-iphonesimulator/WhisperKit.build/WhisperKit.DependencyMetadataFileList --static-metadata-file-list /Users/jamesalford/Library/Developer/Xcode/DerivedData/NotedCore-ftviuoyqruynvwbzbngenbwxsygv/Build/Intermediates.noindex/whisperkit.build/Debug-iphonesimulator/WhisperKit.build/WhisperKit.DependencyStaticMetadataFileList --swift-const-vals-list /Users/jamesalford/Library/Developer/Xcode/DerivedData/NotedCore-ftviuoyqruynvwbzbngenbwxsygv/Build/Intermediates.noindex/whisperkit.build/Debug-iphonesimulator/WhisperKit.build/Objects-normal/arm64/WhisperKit.SwiftConstValuesFileList --compile-time-extraction --deployment-aware-processing --validate-assistant-intents --no-app-shortcuts-localization
2025-09-28 17:43:13.197 appintentsmetadataprocessor[15209:1558313] Starting appintentsmetadataprocessor export
2025-09-28 17:43:13.198 appintentsmetadataprocessor[15209:1558313] warning: Metadata extraction skipped. No AppIntents.framework dependency found.

AppIntentsSSUTraining (in target 'WhisperKit' from project 'whisperkit')
    cd /Users/jamesalford/Library/Developer/Xcode/DerivedData/NotedCore-ftviuoyqruynvwbzbngenbwxsygv/SourcePackages/checkouts/WhisperKit
    /Applications/Xcode.app/Contents/Developer/Toolchains/XcodeDefault.xctoolchain/usr/bin/appintentsnltrainingprocessor --infoplist-path /Users/jamesalford/Library/Developer/Xcode/DerivedData/NotedCore-ftviuoyqruynvwbzbngenbwxsygv/Build/Products/Debug-iphonesimulator/PackageFrameworks/WhisperKit.framework/Info.plist --temp-dir-path /Users/jamesalford/Library/Developer/Xcode/DerivedData/NotedCore-ftviuoyqruynvwbzbngenbwxsygv/Build/Intermediates.noindex/whisperkit.build/Debug-iphonesimulator/WhisperKit.build/ssu --bundle-id whisperkit.WhisperKit --product-path /Users/jamesalford/Library/Developer/Xcode/DerivedData/NotedCore-ftviuoyqruynvwbzbngenbwxsygv/Build/Products/Debug-iphonesimulator/PackageFrameworks/WhisperKit.framework --extracted-metadata-path /Users/jamesalford/Library/Developer/Xcode/DerivedData/NotedCore-ftviuoyqruynvwbzbngenbwxsygv/Build/Products/Debug-iphonesimulator/PackageFrameworks/WhisperKit.framework/Metadata.appintents --metadata-file-list /Users/jamesalford/Library/Developer/Xcode/DerivedData/NotedCore-ftviuoyqruynvwbzbngenbwxsygv/Build/Intermediates.noindex/whisperkit.build/Debug-iphonesimulator/WhisperKit.build/WhisperKit.DependencyMetadataFileList --archive-ssu-assets
2025-09-28 17:43:13.213 appintentsnltrainingprocessor[15210:1558319] Parsing options for appintentsnltrainingprocessor
2025-09-28 17:43:13.213 appintentsnltrainingprocessor[15210:1558319] No AppShortcuts found - Skipping.

SwiftDriver NotedCore normal arm64 com.apple.xcode.tools.swift.compiler (in target 'NotedCore' from project 'NotedCore')
    cd /Users/jamesalford/Documents/NotedCore
    builtin-SwiftDriver -- /Applications/Xcode.app/Contents/Developer/Toolchains/XcodeDefault.xctoolchain/usr/bin/swiftc -module-name NotedCore -Onone -enforce-exclusivity\=checked @/Users/jamesalford/Library/Developer/Xcode/DerivedData/NotedCore-ftviuoyqruynvwbzbngenbwxsygv/Build/Intermediates.noindex/NotedCore.build/Debug-iphonesimulator/NotedCore.build/Objects-normal/arm64/NotedCore.SwiftFileList -DDEBUG -enable-bare-slash-regex -enable-experimental-feature DebugDescriptionMacro -sdk /Applications/Xcode.app/Contents/Developer/Platforms/iPhoneSimulator.platform/Developer/SDKs/iPhoneSimulator26.0.sdk -target arm64-apple-ios16.0-simulator -g -module-cache-path /Users/jamesalford/Library/Developer/Xcode/DerivedData/ModuleCache.noindex -Xfrontend -serialize-debugging-options -profile-coverage-mapping -profile-generate -enable-testing -index-store-path /Users/jamesalford/Library/Developer/Xcode/DerivedData/NotedCore-ftviuoyqruynvwbzbngenbwxsygv/Index.noindex/DataStore -Xcc -D_LIBCPP_HARDENING_MODE\=_LIBCPP_HARDENING_MODE_DEBUG -swift-version 5 -I /Users/jamesalford/Library/Developer/Xcode/DerivedData/NotedCore-ftviuoyqruynvwbzbngenbwxsygv/Build/Products/Debug-iphonesimulator -F /Users/jamesalford/Library/Developer/Xcode/DerivedData/NotedCore-ftviuoyqruynvwbzbngenbwxsygv/Build/Products/Debug-iphonesimulator/PackageFrameworks -F /Users/jamesalford/Library/Developer/Xcode/DerivedData/NotedCore-ftviuoyqruynvwbzbngenbwxsygv/Build/Products/Debug-iphonesimulator/PackageFrameworks -F /Users/jamesalford/Library/Developer/Xcode/DerivedData/NotedCore-ftviuoyqruynvwbzbngenbwxsygv/Build/Products/Debug-iphonesimulator/PackageFrameworks -F /Users/jamesalford/Library/Developer/Xcode/DerivedData/NotedCore-ftviuoyqruynvwbzbngenbwxsygv/Build/Products/Debug-iphonesimulator/PackageFrameworks -F /Users/jamesalford/Library/Developer/Xcode/DerivedData/NotedCore-ftviuoyqruynvwbzbngenbwxsygv/Build/Products/Debug-iphonesimulator/PackageFrameworks -F /Users/jamesalford/Library/Developer/Xcode/DerivedData/NotedCore-ftviuoyqruynvwbzbngenbwxsygv/Build/Products/Debug-iphonesimulator/PackageFrameworks -F /Users/jamesalford/Library/Developer/Xcode/DerivedData/NotedCore-ftviuoyqruynvwbzbngenbwxsygv/Build/Products/Debug-iphonesimulator/PackageFrameworks -F /Users/jamesalford/Library/Developer/Xcode/DerivedData/NotedCore-ftviuoyqruynvwbzbngenbwxsygv/Build/Products/Debug-iphonesimulator/PackageFrameworks -F /Users/jamesalford/Library/Developer/Xcode/DerivedData/NotedCore-ftviuoyqruynvwbzbngenbwxsygv/Build/Products/Debug-iphonesimulator/PackageFrameworks -F /Users/jamesalford/Library/Developer/Xcode/DerivedData/NotedCore-ftviuoyqruynvwbzbngenbwxsygv/Build/Products/Debug-iphonesimulator/PackageFrameworks -F /Users/jamesalford/Library/Developer/Xcode/DerivedData/NotedCore-ftviuoyqruynvwbzbngenbwxsygv/Build/Products/Debug-iphonesimulator/PackageFrameworks -F /Users/jamesalford/Library/Developer/Xcode/DerivedData/NotedCore-ftviuoyqruynvwbzbngenbwxsygv/Build/Products/Debug-iphonesimulator/PackageFrameworks -F /Users/jamesalford/Library/Developer/Xcode/DerivedData/NotedCore-ftviuoyqruynvwbzbngenbwxsygv/Build/Products/Debug-iphonesimulator/PackageFrameworks -F /Users/jamesalford/Library/Developer/Xcode/DerivedData/NotedCore-ftviuoyqruynvwbzbngenbwxsygv/Build/Products/Debug-iphonesimulator/PackageFrameworks -F /Users/jamesalford/Library/Developer/Xcode/DerivedData/NotedCore-ftviuoyqruynvwbzbngenbwxsygv/Build/Products/Debug-iphonesimulator/PackageFrameworks -F /Users/jamesalford/Library/Developer/Xcode/DerivedData/NotedCore-ftviuoyqruynvwbzbngenbwxsygv/Build/Products/Debug-iphonesimulator/PackageFrameworks -F /Users/jamesalford/Library/Developer/Xcode/DerivedData/NotedCore-ftviuoyqruynvwbzbngenbwxsygv/Build/Products/Debug-iphonesimulator/PackageFrameworks -F /Users/jamesalford/Library/Developer/Xcode/DerivedData/NotedCore-ftviuoyqruynvwbzbngenbwxsygv/Build/Products/Debug-iphonesimulator/PackageFrameworks -F /Users/jamesalford/Library/Developer/Xcode/DerivedData/NotedCore-ftviuoyqruynvwbzbngenbwxsygv/Build/Products/Debug-iphonesimulator/PackageFrameworks -F /Users/jamesalford/Library/Developer/Xcode/DerivedData/NotedCore-ftviuoyqruynvwbzbngenbwxsygv/Build/Products/Debug-iphonesimulator/PackageFrameworks -F /Users/jamesalford/Library/Developer/Xcode/DerivedData/NotedCore-ftviuoyqruynvwbzbngenbwxsygv/Build/Products/Debug-iphonesimulator/PackageFrameworks -F /Users/jamesalford/Library/Developer/Xcode/DerivedData/NotedCore-ftviuoyqruynvwbzbngenbwxsygv/Build/Products/Debug-iphonesimulator/PackageFrameworks -F /Users/jamesalford/Library/Developer/Xcode/DerivedData/NotedCore-ftviuoyqruynvwbzbngenbwxsygv/Build/Products/Debug-iphonesimulator -emit-localized-strings -emit-localized-strings-path /Users/jamesalford/Library/Developer/Xcode/DerivedData/NotedCore-ftviuoyqruynvwbzbngenbwxsygv/Build/Intermediates.noindex/NotedCore.build/Debug-iphonesimulator/NotedCore.build/Objects-normal/arm64 -c -j14 -enable-batch-mode -incremental -Xcc -ivfsstatcache -Xcc /Users/jamesalford/Library/Developer/Xcode/DerivedData/SDKStatCaches.noindex/iphonesimulator26.0-23A339-3885c01c3e6b6a337905948deab2002e26257891a6c027eb51374368541b8346.sdkstatcache -output-file-map /Users/jamesalford/Library/Developer/Xcode/DerivedData/NotedCore-ftviuoyqruynvwbzbngenbwxsygv/Build/Intermediates.noindex/NotedCore.build/Debug-iphonesimulator/NotedCore.build/Objects-normal/arm64/NotedCore-OutputFileMap.json -use-frontend-parseable-output -save-temps -no-color-diagnostics -explicit-module-build -module-cache-path /Users/jamesalford/Library/Developer/Xcode/DerivedData/NotedCore-ftviuoyqruynvwbzbngenbwxsygv/Build/Intermediates.noindex/SwiftExplicitPrecompiledModules -clang-scanner-module-cache-path /Users/jamesalford/Library/Developer/Xcode/DerivedData/ModuleCache.noindex -sdk-module-cache-path /Users/jamesalford/Library/Developer/Xcode/DerivedData/ModuleCache.noindex -serialize-diagnostics -emit-dependencies -emit-module -emit-module-path /Users/jamesalford/Library/Developer/Xcode/DerivedData/NotedCore-ftviuoyqruynvwbzbngenbwxsygv/Build/Intermediates.noindex/NotedCore.build/Debug-iphonesimulator/NotedCore.build/Objects-normal/arm64/NotedCore.swiftmodule -validate-clang-modules-once -clang-build-session-file /Users/jamesalford/Library/Developer/Xcode/DerivedData/ModuleCache.noindex/Session.modulevalidation -Xcc -I/Users/jamesalford/Library/Developer/Xcode/DerivedData/NotedCore-ftviuoyqruynvwbzbngenbwxsygv/Build/Intermediates.noindex/NotedCore.build/Debug-iphonesimulator/NotedCore.build/swift-overrides.hmap -emit-const-values -Xfrontend -const-gather-protocols-file -Xfrontend /Users/jamesalford/Library/Developer/Xcode/DerivedData/NotedCore-ftviuoyqruynvwbzbngenbwxsygv/Build/Intermediates.noindex/NotedCore.build/Debug-iphonesimulator/NotedCore.build/Objects-normal/arm64/NotedCore_const_extract_protocols.json -Xcc -iquote -Xcc /Users/jamesalford/Library/Developer/Xcode/DerivedData/NotedCore-ftviuoyqruynvwbzbngenbwxsygv/Build/Intermediates.noindex/NotedCore.build/Debug-iphonesimulator/NotedCore.build/NotedCore-generated-files.hmap -Xcc -I/Users/jamesalford/Library/Developer/Xcode/DerivedData/NotedCore-ftviuoyqruynvwbzbngenbwxsygv/Build/Intermediates.noindex/NotedCore.build/Debug-iphonesimulator/NotedCore.build/NotedCore-own-target-headers.hmap -Xcc -I/Users/jamesalford/Library/Developer/Xcode/DerivedData/NotedCore-ftviuoyqruynvwbzbngenbwxsygv/Build/Intermediates.noindex/NotedCore.build/Debug-iphonesimulator/NotedCore.build/NotedCore-all-non-framework-target-headers.hmap -Xcc -ivfsoverlay -Xcc /Users/jamesalford/Library/Developer/Xcode/DerivedData/NotedCore-ftviuoyqruynvwbzbngenbwxsygv/Build/Intermediates.noindex/NotedCore.build/Debug-iphonesimulator/NotedCore-21f3c7d3b6c2f5f802752ccf91e67fbc-VFS-iphonesimulator/all-product-headers.yaml -Xcc -iquote -Xcc /Users/jamesalford/Library/Developer/Xcode/DerivedData/NotedCore-ftviuoyqruynvwbzbngenbwxsygv/Build/Intermediates.noindex/NotedCore.build/Debug-iphonesimulator/NotedCore.build/NotedCore-project-headers.hmap -Xcc -I/Users/jamesalford/Library/Developer/Xcode/DerivedData/NotedCore-ftviuoyqruynvwbzbngenbwxsygv/SourcePackages/checkouts/swift-numerics/Sources/_NumericsShims/include -Xcc -I/Users/jamesalford/Library/Developer/Xcode/DerivedData/NotedCore-ftviuoyqruynvwbzbngenbwxsygv/SourcePackages/checkouts/mlx-swift/Source/Cmlx/include -Xcc -I/Users/jamesalford/Library/Developer/Xcode/DerivedData/NotedCore-ftviuoyqruynvwbzbngenbwxsygv/Build/Products/Debug-iphonesimulator/include -Xcc -I/Users/jamesalford/Library/Developer/Xcode/DerivedData/NotedCore-ftviuoyqruynvwbzbngenbwxsygv/Build/Intermediates.noindex/NotedCore.build/Debug-iphonesimulator/NotedCore.build/DerivedSources-normal/arm64 -Xcc -I/Users/jamesalford/Library/Developer/Xcode/DerivedData/NotedCore-ftviuoyqruynvwbzbngenbwxsygv/Build/Intermediates.noindex/NotedCore.build/Debug-iphonesimulator/NotedCore.build/DerivedSources/arm64 -Xcc -I/Users/jamesalford/Library/Developer/Xcode/DerivedData/NotedCore-ftviuoyqruynvwbzbngenbwxsygv/Build/Intermediates.noindex/NotedCore.build/Debug-iphonesimulator/NotedCore.build/DerivedSources -Xcc -DDEBUG\=1 -emit-objc-header -emit-objc-header-path /Users/jamesalford/Library/Developer/Xcode/DerivedData/NotedCore-ftviuoyqruynvwbzbngenbwxsygv/Build/Intermediates.noindex/NotedCore.build/Debug-iphonesimulator/NotedCore.build/Objects-normal/arm64/NotedCore-Swift.h -working-directory /Users/jamesalford/Documents/NotedCore -experimental-emit-module-separately -disable-cmo

RegisterExecutionPolicyException /Users/jamesalford/Library/Developer/Xcode/DerivedData/NotedCore-ftviuoyqruynvwbzbngenbwxsygv/Build/Products/Debug-iphonesimulator/PackageFrameworks/WhisperKit.framework (in target 'WhisperKit' from project 'whisperkit')
    cd /Users/jamesalford/Library/Developer/Xcode/DerivedData/NotedCore-ftviuoyqruynvwbzbngenbwxsygv/SourcePackages/checkouts/WhisperKit
    builtin-RegisterExecutionPolicyException /Users/jamesalford/Library/Developer/Xcode/DerivedData/NotedCore-ftviuoyqruynvwbzbngenbwxsygv/Build/Products/Debug-iphonesimulator/PackageFrameworks/WhisperKit.framework

Touch /Users/jamesalford/Library/Developer/Xcode/DerivedData/NotedCore-ftviuoyqruynvwbzbngenbwxsygv/Build/Products/Debug-iphonesimulator/PackageFrameworks/WhisperKit.framework (in target 'WhisperKit' from project 'whisperkit')
    cd /Users/jamesalford/Library/Developer/Xcode/DerivedData/NotedCore-ftviuoyqruynvwbzbngenbwxsygv/SourcePackages/checkouts/WhisperKit
    /usr/bin/touch -c /Users/jamesalford/Library/Developer/Xcode/DerivedData/NotedCore-ftviuoyqruynvwbzbngenbwxsygv/Build/Products/Debug-iphonesimulator/PackageFrameworks/WhisperKit.framework

Ld /Users/jamesalford/Library/Developer/Xcode/DerivedData/NotedCore-ftviuoyqruynvwbzbngenbwxsygv/Build/Products/Debug-iphonesimulator/whisperkit-cli normal (in target 'whisperkit-cli' from project 'whisperkit')
    cd /Users/jamesalford/Library/Developer/Xcode/DerivedData/NotedCore-ftviuoyqruynvwbzbngenbwxsygv/SourcePackages/checkouts/WhisperKit
    /Applications/Xcode.app/Contents/Developer/Toolchains/XcodeDefault.xctoolchain/usr/bin/clang -Xlinker -reproducible -target arm64-apple-ios16.0-simulator -isysroot /Applications/Xcode.app/Contents/Developer/Platforms/iPhoneSimulator.platform/Developer/SDKs/iPhoneSimulator26.0.sdk -O0 -w -L/Users/jamesalford/Library/Developer/Xcode/DerivedData/NotedCore-ftviuoyqruynvwbzbngenbwxsygv/Build/Intermediates.noindex/EagerLinkingTBDs/Debug-iphonesimulator -L/Users/jamesalford/Library/Developer/Xcode/DerivedData/NotedCore-ftviuoyqruynvwbzbngenbwxsygv/Build/Products/Debug-iphonesimulator -L/Applications/Xcode.app/Contents/Developer/Platforms/iPhoneSimulator.platform/Developer/usr/lib -F/Users/jamesalford/Library/Developer/Xcode/DerivedData/NotedCore-ftviuoyqruynvwbzbngenbwxsygv/Build/Intermediates.noindex/EagerLinkingTBDs/Debug-iphonesimulator -F/Users/jamesalford/Library/Developer/Xcode/DerivedData/NotedCore-ftviuoyqruynvwbzbngenbwxsygv/Build/Products/Debug-iphonesimulator/PackageFrameworks -F/Users/jamesalford/Library/Developer/Xcode/DerivedData/NotedCore-ftviuoyqruynvwbzbngenbwxsygv/Build/Products/Debug-iphonesimulator/PackageFrameworks -F/Users/jamesalford/Library/Developer/Xcode/DerivedData/NotedCore-ftviuoyqruynvwbzbngenbwxsygv/Build/Products/Debug-iphonesimulator/PackageFrameworks -F/Users/jamesalford/Library/Developer/Xcode/DerivedData/NotedCore-ftviuoyqruynvwbzbngenbwxsygv/Build/Products/Debug-iphonesimulator/PackageFrameworks -F/Users/jamesalford/Library/Developer/Xcode/DerivedData/NotedCore-ftviuoyqruynvwbzbngenbwxsygv/Build/Products/Debug-iphonesimulator/PackageFrameworks -F/Users/jamesalford/Library/Developer/Xcode/DerivedData/NotedCore-ftviuoyqruynvwbzbngenbwxsygv/Build/Products/Debug-iphonesimulator/PackageFrameworks -F/Users/jamesalford/Library/Developer/Xcode/DerivedData/NotedCore-ftviuoyqruynvwbzbngenbwxsygv/Build/Products/Debug-iphonesimulator/PackageFrameworks -F/Users/jamesalford/Library/Developer/Xcode/DerivedData/NotedCore-ftviuoyqruynvwbzbngenbwxsygv/Build/Products/Debug-iphonesimulator/PackageFrameworks -F/Users/jamesalford/Library/Developer/Xcode/DerivedData/NotedCore-ftviuoyqruynvwbzbngenbwxsygv/Build/Products/Debug-iphonesimulator/PackageFrameworks -F/Users/jamesalford/Library/Developer/Xcode/DerivedData/NotedCore-ftviuoyqruynvwbzbngenbwxsygv/Build/Products/Debug-iphonesimulator/PackageFrameworks -F/Users/jamesalford/Library/Developer/Xcode/DerivedData/NotedCore-ftviuoyqruynvwbzbngenbwxsygv/Build/Products/Debug-iphonesimulator/PackageFrameworks -F/Users/jamesalford/Library/Developer/Xcode/DerivedData/NotedCore-ftviuoyqruynvwbzbngenbwxsygv/Build/Products/Debug-iphonesimulator -iframework /Applications/Xcode.app/Contents/Developer/Platforms/iPhoneSimulator.platform/Developer/Library/Frameworks -iframework /Applications/Xcode.app/Contents/Developer/Platforms/iPhoneSimulator.platform/Developer/SDKs/iPhoneSimulator26.0.sdk/Developer/Library/Frameworks -filelist /Users/jamesalford/Library/Developer/Xcode/DerivedData/NotedCore-ftviuoyqruynvwbzbngenbwxsygv/Build/Intermediates.noindex/whisperkit.build/Debug-iphonesimulator/whisperkit-cli.build/Objects-normal/arm64/whisperkit-cli.LinkFileList -Xlinker -rpath -Xlinker /usr/lib/swift -Xlinker -rpath -Xlinker /Users/jamesalford/Library/Developer/Xcode/DerivedData/NotedCore-ftviuoyqruynvwbzbngenbwxsygv/Build/Products/Debug-iphonesimulator/PackageFrameworks -dead_strip -Xlinker -object_path_lto -Xlinker /Users/jamesalford/Library/Developer/Xcode/DerivedData/NotedCore-ftviuoyqruynvwbzbngenbwxsygv/Build/Intermediates.noindex/whisperkit.build/Debug-iphonesimulator/whisperkit-cli.build/Objects-normal/arm64/whisperkit-cli_lto.o -rdynamic -Xlinker -no_deduplicate -Xlinker -objc_abi_version -Xlinker 2 -Xlinker -debug_variant -Xlinker -dependency_info -Xlinker /Users/jamesalford/Library/Developer/Xcode/DerivedData/NotedCore-ftviuoyqruynvwbzbngenbwxsygv/Build/Intermediates.noindex/whisperkit.build/Debug-iphonesimulator/whisperkit-cli.build/Objects-normal/arm64/whisperkit-cli_dependency_info.dat -fobjc-link-runtime -fprofile-instr-generate -L/Applications/Xcode.app/Contents/Developer/Toolchains/XcodeDefault.xctoolchain/usr/lib/swift/iphonesimulator -L/usr/lib/swift -Xlinker -add_ast_path -Xlinker /Users/jamesalford/Library/Developer/Xcode/DerivedData/NotedCore-ftviuoyqruynvwbzbngenbwxsygv/Build/Intermediates.noindex/whisperkit.build/Debug-iphonesimulator/whisperkit-cli.build/Objects-normal/arm64/whisperkit_cli.swiftmodule @/Users/jamesalford/Library/Developer/Xcode/DerivedData/NotedCore-ftviuoyqruynvwbzbngenbwxsygv/Build/Intermediates.noindex/whisperkit.build/Debug-iphonesimulator/whisperkit-cli.build/Objects-normal/arm64/whisperkit_cli-linker-args.resp -Wl,-no_warn_duplicate_libraries -Wl,-no_warn_duplicate_libraries -Wl,-no_warn_duplicate_libraries -Wl,-no_warn_duplicate_libraries -Wl,-no_warn_duplicate_libraries -Wl,-no_warn_duplicate_libraries -Wl,-no_warn_duplicate_libraries -Wl,-no_warn_duplicate_libraries -Wl,-no_warn_duplicate_libraries -Wl,-no_warn_duplicate_libraries -Wl,-no_warn_duplicate_libraries -Xlinker -sectcreate -Xlinker __TEXT -Xlinker __entitlements -Xlinker /Users/jamesalford/Library/Developer/Xcode/DerivedData/NotedCore-ftviuoyqruynvwbzbngenbwxsygv/Build/Intermediates.noindex/whisperkit.build/Debug-iphonesimulator/whisperkit-cli.build/whisperkit-cli-Simulated.xcent -Xlinker -sectcreate -Xlinker __TEXT -Xlinker __ents_der -Xlinker /Users/jamesalford/Library/Developer/Xcode/DerivedData/NotedCore-ftviuoyqruynvwbzbngenbwxsygv/Build/Intermediates.noindex/whisperkit.build/Debug-iphonesimulator/whisperkit-cli.build/whisperkit-cli-Simulated.xcent.der /Users/jamesalford/Library/Developer/Xcode/DerivedData/NotedCore-ftviuoyqruynvwbzbngenbwxsygv/Build/Products/Debug-iphonesimulator/PackageFrameworks/Transformers_79FFCAD726DD9D12_PackageProduct.framework/Transformers_79FFCAD726DD9D12_PackageProduct -framework WhisperKit -Xlinker -no_adhoc_codesign -o /Users/jamesalford/Library/Developer/Xcode/DerivedData/NotedCore-ftviuoyqruynvwbzbngenbwxsygv/Build/Products/Debug-iphonesimulator/whisperkit-cli -Xlinker -add_ast_path -Xlinker /Users/jamesalford/Library/Developer/Xcode/DerivedData/NotedCore-ftviuoyqruynvwbzbngenbwxsygv/Build/Intermediates.noindex/swift-argument-parser.build/Debug-iphonesimulator/ArgumentParser.build/Objects-normal/arm64/ArgumentParser.swiftmodule @/Users/jamesalford/Library/Developer/Xcode/DerivedData/NotedCore-ftviuoyqruynvwbzbngenbwxsygv/Build/Intermediates.noindex/swift-argument-parser.build/Debug-iphonesimulator/ArgumentParser.build/Objects-normal/arm64/ArgumentParser-linker-args.resp -Xlinker -add_ast_path -Xlinker /Users/jamesalford/Library/Developer/Xcode/DerivedData/NotedCore-ftviuoyqruynvwbzbngenbwxsygv/Build/Intermediates.noindex/swift-argument-parser.build/Debug-iphonesimulator/ArgumentParserToolInfo.build/Objects-normal/arm64/ArgumentParserToolInfo.swiftmodule @/Users/jamesalford/Library/Developer/Xcode/DerivedData/NotedCore-ftviuoyqruynvwbzbngenbwxsygv/Build/Intermediates.noindex/swift-argument-parser.build/Debug-iphonesimulator/ArgumentParserToolInfo.build/Objects-normal/arm64/ArgumentParserToolInfo-linker-args.resp

Copy /Users/jamesalford/Library/Developer/Xcode/DerivedData/NotedCore-ftviuoyqruynvwbzbngenbwxsygv/Build/Products/Debug-iphonesimulator/Frameworks/Jinja_C5899F34211_PackageProduct.framework /Users/jamesalford/Library/Developer/Xcode/DerivedData/NotedCore-ftviuoyqruynvwbzbngenbwxsygv/Build/Products/Debug-iphonesimulator/PackageFrameworks/Jinja_C5899F34211_PackageProduct.framework (in target 'whisperkit-cli' from project 'whisperkit')
    cd /Users/jamesalford/Library/Developer/Xcode/DerivedData/NotedCore-ftviuoyqruynvwbzbngenbwxsygv/SourcePackages/checkouts/WhisperKit
    builtin-copy -exclude .DS_Store -exclude CVS -exclude .svn -exclude .git -exclude .hg -resolve-src-symlinks -remove-static-executable /Users/jamesalford/Library/Developer/Xcode/DerivedData/NotedCore-ftviuoyqruynvwbzbngenbwxsygv/Build/Products/Debug-iphonesimulator/PackageFrameworks/Jinja_C5899F34211_PackageProduct.framework /Users/jamesalford/Library/Developer/Xcode/DerivedData/NotedCore-ftviuoyqruynvwbzbngenbwxsygv/Build/Products/Debug-iphonesimulator/Frameworks

Copy /Users/jamesalford/Library/Developer/Xcode/DerivedData/NotedCore-ftviuoyqruynvwbzbngenbwxsygv/Build/Products/Debug-iphonesimulator/Frameworks/Transformers_79FFCAD726DD9D12_PackageProduct.framework /Users/jamesalford/Library/Developer/Xcode/DerivedData/NotedCore-ftviuoyqruynvwbzbngenbwxsygv/Build/Products/Debug-iphonesimulator/PackageFrameworks/Transformers_79FFCAD726DD9D12_PackageProduct.framework (in target 'whisperkit-cli' from project 'whisperkit')
    cd /Users/jamesalford/Library/Developer/Xcode/DerivedData/NotedCore-ftviuoyqruynvwbzbngenbwxsygv/SourcePackages/checkouts/WhisperKit
    builtin-copy -exclude .DS_Store -exclude CVS -exclude .svn -exclude .git -exclude .hg -resolve-src-symlinks -remove-static-executable /Users/jamesalford/Library/Developer/Xcode/DerivedData/NotedCore-ftviuoyqruynvwbzbngenbwxsygv/Build/Products/Debug-iphonesimulator/PackageFrameworks/Transformers_79FFCAD726DD9D12_PackageProduct.framework /Users/jamesalford/Library/Developer/Xcode/DerivedData/NotedCore-ftviuoyqruynvwbzbngenbwxsygv/Build/Products/Debug-iphonesimulator/Frameworks

Copy /Users/jamesalford/Library/Developer/Xcode/DerivedData/NotedCore-ftviuoyqruynvwbzbngenbwxsygv/Build/Products/Debug-iphonesimulator/Frameworks/OrderedCollections_1222128174265B56_PackageProduct.framework /Users/jamesalford/Library/Developer/Xcode/DerivedData/NotedCore-ftviuoyqruynvwbzbngenbwxsygv/Build/Products/Debug-iphonesimulator/PackageFrameworks/OrderedCollections_1222128174265B56_PackageProduct.framework (in target 'whisperkit-cli' from project 'whisperkit')
    cd /Users/jamesalford/Library/Developer/Xcode/DerivedData/NotedCore-ftviuoyqruynvwbzbngenbwxsygv/SourcePackages/checkouts/WhisperKit
    builtin-copy -exclude .DS_Store -exclude CVS -exclude .svn -exclude .git -exclude .hg -resolve-src-symlinks -remove-static-executable /Users/jamesalford/Library/Developer/Xcode/DerivedData/NotedCore-ftviuoyqruynvwbzbngenbwxsygv/Build/Products/Debug-iphonesimulator/PackageFrameworks/OrderedCollections_1222128174265B56_PackageProduct.framework /Users/jamesalford/Library/Developer/Xcode/DerivedData/NotedCore-ftviuoyqruynvwbzbngenbwxsygv/Build/Products/Debug-iphonesimulator/Frameworks

CodeSign /Users/jamesalford/Library/Developer/Xcode/DerivedData/NotedCore-ftviuoyqruynvwbzbngenbwxsygv/Build/Products/Debug-iphonesimulator/Frameworks/Jinja_C5899F34211_PackageProduct.framework (in target 'whisperkit-cli' from project 'whisperkit')
    cd /Users/jamesalford/Library/Developer/Xcode/DerivedData/NotedCore-ftviuoyqruynvwbzbngenbwxsygv/SourcePackages/checkouts/WhisperKit
    
    Signing Identity:     "Sign to Run Locally"
    
    /usr/bin/codesign --force --sign - --timestamp\=none --preserve-metadata\=identifier,entitlements,flags --generate-entitlement-der /Users/jamesalford/Library/Developer/Xcode/DerivedData/NotedCore-ftviuoyqruynvwbzbngenbwxsygv/Build/Products/Debug-iphonesimulator/Frameworks/Jinja_C5899F34211_PackageProduct.framework
/Users/jamesalford/Library/Developer/Xcode/DerivedData/NotedCore-ftviuoyqruynvwbzbngenbwxsygv/Build/Products/Debug-iphonesimulator/Frameworks/Jinja_C5899F34211_PackageProduct.framework: replacing existing signature

CodeSign /Users/jamesalford/Library/Developer/Xcode/DerivedData/NotedCore-ftviuoyqruynvwbzbngenbwxsygv/Build/Products/Debug-iphonesimulator/Frameworks/OrderedCollections_1222128174265B56_PackageProduct.framework (in target 'whisperkit-cli' from project 'whisperkit')
    cd /Users/jamesalford/Library/Developer/Xcode/DerivedData/NotedCore-ftviuoyqruynvwbzbngenbwxsygv/SourcePackages/checkouts/WhisperKit
    
    Signing Identity:     "Sign to Run Locally"
    
    /usr/bin/codesign --force --sign - --timestamp\=none --preserve-metadata\=identifier,entitlements,flags --generate-entitlement-der /Users/jamesalford/Library/Developer/Xcode/DerivedData/NotedCore-ftviuoyqruynvwbzbngenbwxsygv/Build/Products/Debug-iphonesimulator/Frameworks/OrderedCollections_1222128174265B56_PackageProduct.framework
/Users/jamesalford/Library/Developer/Xcode/DerivedData/NotedCore-ftviuoyqruynvwbzbngenbwxsygv/Build/Products/Debug-iphonesimulator/Frameworks/OrderedCollections_1222128174265B56_PackageProduct.framework: replacing existing signature

CodeSign /Users/jamesalford/Library/Developer/Xcode/DerivedData/NotedCore-ftviuoyqruynvwbzbngenbwxsygv/Build/Products/Debug-iphonesimulator/Frameworks/Transformers_79FFCAD726DD9D12_PackageProduct.framework (in target 'whisperkit-cli' from project 'whisperkit')
    cd /Users/jamesalford/Library/Developer/Xcode/DerivedData/NotedCore-ftviuoyqruynvwbzbngenbwxsygv/SourcePackages/checkouts/WhisperKit
    
    Signing Identity:     "Sign to Run Locally"
    
    /usr/bin/codesign --force --sign - --timestamp\=none --preserve-metadata\=identifier,entitlements,flags --generate-entitlement-der /Users/jamesalford/Library/Developer/Xcode/DerivedData/NotedCore-ftviuoyqruynvwbzbngenbwxsygv/Build/Products/Debug-iphonesimulator/Frameworks/Transformers_79FFCAD726DD9D12_PackageProduct.framework
/Users/jamesalford/Library/Developer/Xcode/DerivedData/NotedCore-ftviuoyqruynvwbzbngenbwxsygv/Build/Products/Debug-iphonesimulator/Frameworks/Transformers_79FFCAD726DD9D12_PackageProduct.framework: replacing existing signature

CodeSign /Users/jamesalford/Library/Developer/Xcode/DerivedData/NotedCore-ftviuoyqruynvwbzbngenbwxsygv/Build/Products/Debug-iphonesimulator/whisperkit-cli (in target 'whisperkit-cli' from project 'whisperkit')
    cd /Users/jamesalford/Library/Developer/Xcode/DerivedData/NotedCore-ftviuoyqruynvwbzbngenbwxsygv/SourcePackages/checkouts/WhisperKit
    
    Signing Identity:     "Sign to Run Locally"
    
    /usr/bin/codesign --force --sign - --timestamp\=none --generate-entitlement-der /Users/jamesalford/Library/Developer/Xcode/DerivedData/NotedCore-ftviuoyqruynvwbzbngenbwxsygv/Build/Products/Debug-iphonesimulator/whisperkit-cli

RegisterExecutionPolicyException /Users/jamesalford/Library/Developer/Xcode/DerivedData/NotedCore-ftviuoyqruynvwbzbngenbwxsygv/Build/Products/Debug-iphonesimulator/whisperkit-cli (in target 'whisperkit-cli' from project 'whisperkit')
    cd /Users/jamesalford/Library/Developer/Xcode/DerivedData/NotedCore-ftviuoyqruynvwbzbngenbwxsygv/SourcePackages/checkouts/WhisperKit
    builtin-RegisterExecutionPolicyException /Users/jamesalford/Library/Developer/Xcode/DerivedData/NotedCore-ftviuoyqruynvwbzbngenbwxsygv/Build/Products/Debug-iphonesimulator/whisperkit-cli

SwiftExplicitDependencyGeneratePcm arm64 /Users/jamesalford/Library/Developer/Xcode/DerivedData/NotedCore-ftviuoyqruynvwbzbngenbwxsygv/Build/Intermediates.noindex/SwiftExplicitPrecompiledModules/_NumericsShims-E3JDTDIE1F1BCV1L2SH1P7MMH.pcm

SwiftExplicitDependencyGeneratePcm arm64 /Users/jamesalford/Library/Developer/Xcode/DerivedData/NotedCore-ftviuoyqruynvwbzbngenbwxsygv/Build/Intermediates.noindex/SwiftExplicitPrecompiledModules/Cmlx-4BP7R0378AWTJ9RRMJCJ8873F.pcm

SwiftEmitModule normal arm64 Emitting\ module\ for\ NotedCore (in target 'NotedCore' from project 'NotedCore')

EmitSwiftModule normal arm64 (in target 'NotedCore' from project 'NotedCore')
    cd /Users/jamesalford/Documents/NotedCore
    

SwiftCompile normal arm64 Compiling\ MedicalRedFlagService.swift,\ MedicalRegexCache.swift,\ MedicalSettingsView.swift,\ MedicalSummarizerService.swift,\ MedicalTypes.swift,\ MedicalVocabularyEnhancer.swift,\ MTSDialogPatterns.swift,\ MultiLanguageService.swift,\ MultiPatientWorkflow.swift /Users/jamesalford/Documents/NotedCore/NotedCore/MedicalRedFlagService.swift /Users/jamesalford/Documents/NotedCore/NotedCore/MedicalRegexCache.swift /Users/jamesalford/Documents/NotedCore/NotedCore/MedicalSettingsView.swift /Users/jamesalford/Documents/NotedCore/NotedCore/MedicalSummarizerService.swift /Users/jamesalford/Documents/NotedCore/NotedCore/MedicalTypes.swift /Users/jamesalford/Documents/NotedCore/NotedCore/MedicalVocabularyEnhancer.swift /Users/jamesalford/Documents/NotedCore/NotedCore/MTSDialogPatterns.swift /Users/jamesalford/Documents/NotedCore/NotedCore/MultiLanguageService.swift /Users/jamesalford/Documents/NotedCore/NotedCore/MultiPatientWorkflow.swift (in target 'NotedCore' from project 'NotedCore')

SwiftCompile normal arm64 /Users/jamesalford/Documents/NotedCore/NotedCore/MedicalRedFlagService.swift (in target 'NotedCore' from project 'NotedCore')
    cd /Users/jamesalford/Documents/NotedCore
    

SwiftCompile normal arm64 /Users/jamesalford/Documents/NotedCore/NotedCore/MedicalRegexCache.swift (in target 'NotedCore' from project 'NotedCore')
    cd /Users/jamesalford/Documents/NotedCore
    

SwiftCompile normal arm64 /Users/jamesalford/Documents/NotedCore/NotedCore/MedicalSettingsView.swift (in target 'NotedCore' from project 'NotedCore')
    cd /Users/jamesalford/Documents/NotedCore
    

SwiftCompile normal arm64 /Users/jamesalford/Documents/NotedCore/NotedCore/MedicalSummarizerService.swift (in target 'NotedCore' from project 'NotedCore')
    cd /Users/jamesalford/Documents/NotedCore
    

SwiftCompile normal arm64 /Users/jamesalford/Documents/NotedCore/NotedCore/MedicalTypes.swift (in target 'NotedCore' from project 'NotedCore')
    cd /Users/jamesalford/Documents/NotedCore
    

SwiftCompile normal arm64 /Users/jamesalford/Documents/NotedCore/NotedCore/MedicalVocabularyEnhancer.swift (in target 'NotedCore' from project 'NotedCore')
    cd /Users/jamesalford/Documents/NotedCore
    

SwiftCompile normal arm64 /Users/jamesalford/Documents/NotedCore/NotedCore/MTSDialogPatterns.swift (in target 'NotedCore' from project 'NotedCore')
    cd /Users/jamesalford/Documents/NotedCore
    

SwiftCompile normal arm64 /Users/jamesalford/Documents/NotedCore/NotedCore/MultiLanguageService.swift (in target 'NotedCore' from project 'NotedCore')
    cd /Users/jamesalford/Documents/NotedCore
    

SwiftCompile normal arm64 /Users/jamesalford/Documents/NotedCore/NotedCore/MultiPatientWorkflow.swift (in target 'NotedCore' from project 'NotedCore')
    cd /Users/jamesalford/Documents/NotedCore
    

SwiftCompile normal arm64 Compiling\ EncounterEntity+CoreDataProperties.swift,\ Item+CoreDataClass.swift,\ Item+CoreDataProperties.swift,\ TranscriptEntity+CoreDataClass.swift,\ TranscriptEntity+CoreDataProperties.swift,\ NoteEntity+CoreDataClass.swift,\ NoteEntity+CoreDataProperties.swift,\ NotedCore+CoreDataModel.swift,\ GeneratedAssetSymbols.swift /Users/jamesalford/Library/Developer/Xcode/DerivedData/NotedCore-ftviuoyqruynvwbzbngenbwxsygv/Build/Intermediates.noindex/NotedCore.build/Debug-iphonesimulator/NotedCore.build/DerivedSources/CoreDataGenerated/NotedCore/EncounterEntity+CoreDataProperties.swift /Users/jamesalford/Library/Developer/Xcode/DerivedData/NotedCore-ftviuoyqruynvwbzbngenbwxsygv/Build/Intermediates.noindex/NotedCore.build/Debug-iphonesimulator/NotedCore.build/DerivedSources/CoreDataGenerated/NotedCore/Item+CoreDataClass.swift /Users/jamesalford/Library/Developer/Xcode/DerivedData/NotedCore-ftviuoyqruynvwbzbngenbwxsygv/Build/Intermediates.noindex/NotedCore.build/Debug-iphonesimulator/NotedCore.build/DerivedSources/CoreDataGenerated/NotedCore/Item+CoreDataProperties.swift /Users/jamesalford/Library/Developer/Xcode/DerivedData/NotedCore-ftviuoyqruynvwbzbngenbwxsygv/Build/Intermediates.noindex/NotedCore.build/Debug-iphonesimulator/NotedCore.build/DerivedSources/CoreDataGenerated/NotedCore/TranscriptEntity+CoreDataClass.swift /Users/jamesalford/Library/Developer/Xcode/DerivedData/NotedCore-ftviuoyqruynvwbzbngenbwxsygv/Build/Intermediates.noindex/NotedCore.build/Debug-iphonesimulator/NotedCore.build/DerivedSources/CoreDataGenerated/NotedCore/TranscriptEntity+CoreDataProperties.swift /Users/jamesalford/Library/Developer/Xcode/DerivedData/NotedCore-ftviuoyqruynvwbzbngenbwxsygv/Build/Intermediates.noindex/NotedCore.build/Debug-iphonesimulator/NotedCore.build/DerivedSources/CoreDataGenerated/NotedCore/NoteEntity+CoreDataClass.swift /Users/jamesalford/Library/Developer/Xcode/DerivedData/NotedCore-ftviuoyqruynvwbzbngenbwxsygv/Build/Intermediates.noindex/NotedCore.build/Debug-iphonesimulator/NotedCore.build/DerivedSources/CoreDataGenerated/NotedCore/NoteEntity+CoreDataProperties.swift /Users/jamesalford/Library/Developer/Xcode/DerivedData/NotedCore-ftviuoyqruynvwbzbngenbwxsygv/Build/Intermediates.noindex/NotedCore.build/Debug-iphonesimulator/NotedCore.build/DerivedSources/CoreDataGenerated/NotedCore/NotedCore+CoreDataModel.swift /Users/jamesalford/Library/Developer/Xcode/DerivedData/NotedCore-ftviuoyqruynvwbzbngenbwxsygv/Build/Intermediates.noindex/NotedCore.build/Debug-iphonesimulator/NotedCore.build/DerivedSources/GeneratedAssetSymbols.swift (in target 'NotedCore' from project 'NotedCore')

SwiftCompile normal arm64 /Users/jamesalford/Library/Developer/Xcode/DerivedData/NotedCore-ftviuoyqruynvwbzbngenbwxsygv/Build/Intermediates.noindex/NotedCore.build/Debug-iphonesimulator/NotedCore.build/DerivedSources/CoreDataGenerated/NotedCore/EncounterEntity+CoreDataProperties.swift (in target 'NotedCore' from project 'NotedCore')
    cd /Users/jamesalford/Documents/NotedCore
    

SwiftCompile normal arm64 /Users/jamesalford/Library/Developer/Xcode/DerivedData/NotedCore-ftviuoyqruynvwbzbngenbwxsygv/Build/Intermediates.noindex/NotedCore.build/Debug-iphonesimulator/NotedCore.build/DerivedSources/CoreDataGenerated/NotedCore/Item+CoreDataClass.swift (in target 'NotedCore' from project 'NotedCore')
    cd /Users/jamesalford/Documents/NotedCore
    

SwiftCompile normal arm64 /Users/jamesalford/Library/Developer/Xcode/DerivedData/NotedCore-ftviuoyqruynvwbzbngenbwxsygv/Build/Intermediates.noindex/NotedCore.build/Debug-iphonesimulator/NotedCore.build/DerivedSources/CoreDataGenerated/NotedCore/Item+CoreDataProperties.swift (in target 'NotedCore' from project 'NotedCore')
    cd /Users/jamesalford/Documents/NotedCore
    

SwiftCompile normal arm64 /Users/jamesalford/Library/Developer/Xcode/DerivedData/NotedCore-ftviuoyqruynvwbzbngenbwxsygv/Build/Intermediates.noindex/NotedCore.build/Debug-iphonesimulator/NotedCore.build/DerivedSources/CoreDataGenerated/NotedCore/TranscriptEntity+CoreDataClass.swift (in target 'NotedCore' from project 'NotedCore')
    cd /Users/jamesalford/Documents/NotedCore
    

SwiftCompile normal arm64 /Users/jamesalford/Library/Developer/Xcode/DerivedData/NotedCore-ftviuoyqruynvwbzbngenbwxsygv/Build/Intermediates.noindex/NotedCore.build/Debug-iphonesimulator/NotedCore.build/DerivedSources/CoreDataGenerated/NotedCore/TranscriptEntity+CoreDataProperties.swift (in target 'NotedCore' from project 'NotedCore')
    cd /Users/jamesalford/Documents/NotedCore
    

SwiftCompile normal arm64 /Users/jamesalford/Library/Developer/Xcode/DerivedData/NotedCore-ftviuoyqruynvwbzbngenbwxsygv/Build/Intermediates.noindex/NotedCore.build/Debug-iphonesimulator/NotedCore.build/DerivedSources/CoreDataGenerated/NotedCore/NoteEntity+CoreDataClass.swift (in target 'NotedCore' from project 'NotedCore')
    cd /Users/jamesalford/Documents/NotedCore
    

SwiftCompile normal arm64 /Users/jamesalford/Library/Developer/Xcode/DerivedData/NotedCore-ftviuoyqruynvwbzbngenbwxsygv/Build/Intermediates.noindex/NotedCore.build/Debug-iphonesimulator/NotedCore.build/DerivedSources/CoreDataGenerated/NotedCore/NoteEntity+CoreDataProperties.swift (in target 'NotedCore' from project 'NotedCore')
    cd /Users/jamesalford/Documents/NotedCore
    

SwiftCompile normal arm64 /Users/jamesalford/Library/Developer/Xcode/DerivedData/NotedCore-ftviuoyqruynvwbzbngenbwxsygv/Build/Intermediates.noindex/NotedCore.build/Debug-iphonesimulator/NotedCore.build/DerivedSources/CoreDataGenerated/NotedCore/NotedCore+CoreDataModel.swift (in target 'NotedCore' from project 'NotedCore')
    cd /Users/jamesalford/Documents/NotedCore
    

SwiftCompile normal arm64 /Users/jamesalford/Library/Developer/Xcode/DerivedData/NotedCore-ftviuoyqruynvwbzbngenbwxsygv/Build/Intermediates.noindex/NotedCore.build/Debug-iphonesimulator/NotedCore.build/DerivedSources/GeneratedAssetSymbols.swift (in target 'NotedCore' from project 'NotedCore')
    cd /Users/jamesalford/Documents/NotedCore
    

SwiftCompile normal arm64 Compiling\ SmartActionItemParser.swift,\ SpeakerIdentificationService.swift,\ SpeakerLanesView.swift,\ SpeechRecognitionService.swift,\ StrictMedicalFormatter.swift,\ SubscriptionService.swift,\ SubscriptionTiersView.swift,\ TemplateDetailView.swift,\ TemplateModels.swift /Users/jamesalford/Documents/NotedCore/NotedCore/SmartActionItemParser.swift /Users/jamesalford/Documents/NotedCore/NotedCore/SpeakerIdentificationService.swift /Users/jamesalford/Documents/NotedCore/NotedCore/SpeakerLanesView.swift /Users/jamesalford/Documents/NotedCore/NotedCore/SpeechRecognitionService.swift /Users/jamesalford/Documents/NotedCore/NotedCore/StrictMedicalFormatter.swift /Users/jamesalford/Documents/NotedCore/NotedCore/SubscriptionService.swift /Users/jamesalford/Documents/NotedCore/NotedCore/SubscriptionTiersView.swift /Users/jamesalford/Documents/NotedCore/NotedCore/TemplateDetailView.swift /Users/jamesalford/Documents/NotedCore/NotedCore/TemplateModels.swift (in target 'NotedCore' from project 'NotedCore')

SwiftCompile normal arm64 /Users/jamesalford/Documents/NotedCore/NotedCore/SmartActionItemParser.swift (in target 'NotedCore' from project 'NotedCore')
    cd /Users/jamesalford/Documents/NotedCore
    

SwiftCompile normal arm64 /Users/jamesalford/Documents/NotedCore/NotedCore/SpeakerIdentificationService.swift (in target 'NotedCore' from project 'NotedCore')
    cd /Users/jamesalford/Documents/NotedCore
    

SwiftCompile normal arm64 /Users/jamesalford/Documents/NotedCore/NotedCore/SpeakerLanesView.swift (in target 'NotedCore' from project 'NotedCore')
    cd /Users/jamesalford/Documents/NotedCore
    

SwiftCompile normal arm64 /Users/jamesalford/Documents/NotedCore/NotedCore/SpeechRecognitionService.swift (in target 'NotedCore' from project 'NotedCore')
    cd /Users/jamesalford/Documents/NotedCore
    

SwiftCompile normal arm64 /Users/jamesalford/Documents/NotedCore/NotedCore/StrictMedicalFormatter.swift (in target 'NotedCore' from project 'NotedCore')
    cd /Users/jamesalford/Documents/NotedCore
    

SwiftCompile normal arm64 /Users/jamesalford/Documents/NotedCore/NotedCore/SubscriptionService.swift (in target 'NotedCore' from project 'NotedCore')
    cd /Users/jamesalford/Documents/NotedCore
    

SwiftCompile normal arm64 /Users/jamesalford/Documents/NotedCore/NotedCore/SubscriptionTiersView.swift (in target 'NotedCore' from project 'NotedCore')
    cd /Users/jamesalford/Documents/NotedCore
    

SwiftCompile normal arm64 /Users/jamesalford/Documents/NotedCore/NotedCore/TemplateDetailView.swift (in target 'NotedCore' from project 'NotedCore')
    cd /Users/jamesalford/Documents/NotedCore
    

SwiftCompile normal arm64 /Users/jamesalford/Documents/NotedCore/NotedCore/TemplateModels.swift (in target 'NotedCore' from project 'NotedCore')
    cd /Users/jamesalford/Documents/NotedCore
    

SwiftCompile normal arm64 Compiling\ NotedCoreAIService.swift,\ NotedCoreApp.swift,\ OLDCARTSAnalyzer.swift,\ OptimizedTranscriptionService.swift,\ PatientInstructionGenerator.swift,\ PatientService.swift,\ PatternTransformationEngine.swift,\ PauseDetectionService.swift,\ PerformanceUtilities.swift /Users/jamesalford/Documents/NotedCore/NotedCore/NotedCoreAIService.swift /Users/jamesalford/Documents/NotedCore/NotedCore/NotedCoreApp.swift /Users/jamesalford/Documents/NotedCore/NotedCore/OLDCARTSAnalyzer.swift /Users/jamesalford/Documents/NotedCore/NotedCore/OptimizedTranscriptionService.swift /Users/jamesalford/Documents/NotedCore/NotedCore/PatientInstructionGenerator.swift /Users/jamesalford/Documents/NotedCore/NotedCore/PatientService.swift /Users/jamesalford/Documents/NotedCore/NotedCore/PatternTransformationEngine.swift /Users/jamesalford/Documents/NotedCore/NotedCore/PauseDetectionService.swift /Users/jamesalford/Documents/NotedCore/NotedCore/PerformanceUtilities.swift (in target 'NotedCore' from project 'NotedCore')
Failed frontend command:
/Applications/Xcode.app/Contents/Developer/Toolchains/XcodeDefault.xctoolchain/usr/bin/swift-frontend -frontend -c -filelist /Users/jamesalford/Library/Developer/Xcode/DerivedData/NotedCore-ftviuoyqruynvwbzbngenbwxsygv/Build/Intermediates.noindex/NotedCore.build/Debug-iphonesimulator/NotedCore.build/Objects-normal/arm64/sources-1 -primary-file /Users/jamesalford/Documents/NotedCore/NotedCore/NotedCoreAIService.swift -primary-file /Users/jamesalford/Documents/NotedCore/NotedCore/NotedCoreApp.swift -primary-file /Users/jamesalford/Documents/NotedCore/NotedCore/OLDCARTSAnalyzer.swift -primary-file /Users/jamesalford/Documents/NotedCore/NotedCore/OptimizedTranscriptionService.swift -primary-file /Users/jamesalford/Documents/NotedCore/NotedCore/PatientInstructionGenerator.swift -primary-file /Users/jamesalford/Documents/NotedCore/NotedCore/PatientService.swift -primary-file /Users/jamesalford/Documents/NotedCore/NotedCore/PatternTransformationEngine.swift -primary-file /Users/jamesalford/Documents/NotedCore/NotedCore/PauseDetectionService.swift -primary-file /Users/jamesalford/Documents/NotedCore/NotedCore/PerformanceUtilities.swift -supplementary-output-file-map /Users/jamesalford/Library/Developer/Xcode/DerivedData/NotedCore-ftviuoyqruynvwbzbngenbwxsygv/Build/Intermediates.noindex/NotedCore.build/Debug-iphonesimulator/NotedCore.build/Objects-normal/arm64/supplementaryOutputs-42 -emit-localized-strings -emit-localized-strings-path /Users/jamesalford/Library/Developer/Xcode/DerivedData/NotedCore-ftviuoyqruynvwbzbngenbwxsygv/Build/Intermediates.noindex/NotedCore.build/Debug-iphonesimulator/NotedCore.build/Objects-normal/arm64 -target arm64-apple-ios16.0-simulator -module-can-import-version AppIntents 300.0.4.102 300.0.4 -module-can-import-version DeveloperToolsSupport 23.0.4 23.0.4 -module-can-import-version FoundationModels 1.0.49 0 -module-can-import-version SwiftUI 7.0.84.1 7.0.84 -module-can-import-version UIKit 9088.1.113 9088.1.113 -module-can-import-version WatchConnectivity 222.0.0 222.0.0 -disable-cross-import-overlay-search -swift-module-cross-import AppIntents /Applications/Xcode.app/Contents/Developer/Platforms/iPhoneSimulator.platform/Developer/SDKs/iPhoneSimulator.sdk/System/Library/Frameworks/AppIntents.framework/Modules/AppIntents.swiftcrossimport/SwiftUI.swiftoverlay -swift-module-cross-import AppIntents /Applications/Xcode.app/Contents/Developer/Platforms/iPhoneSimulator.platform/Developer/SDKs/iPhoneSimulator.sdk/System/Library/Frameworks/AppIntents.framework/Modules/AppIntents.swiftcrossimport/UIKit.swiftoverlay -swift-module-cross-import AppIntents /Applications/Xcode.app/Contents/Developer/Platforms/iPhoneSimulator.platform/Developer/SDKs/iPhoneSimulator26.0.sdk/System/Library/Frameworks/AppIntents.framework/Modules/AppIntents.swiftcrossimport/SwiftUI.swiftoverlay -swift-module-cross-import AppIntents /Applications/Xcode.app/Contents/Developer/Platforms/iPhoneSimulator.platform/Developer/SDKs/iPhoneSimulator26.0.sdk/System/Library/Frameworks/AppIntents.framework/Modules/AppIntents.swiftcrossimport/UIKit.swiftoverlay -swift-module-cross-import CoreData /Applications/Xcode.app/Contents/Developer/Platforms/iPhoneSimulator.platform/Developer/SDKs/iPhoneSimulator.sdk/System/Library/Frameworks/CoreData.framework/Modules/CoreData.swiftcrossimport/CloudKit.swiftoverlay -swift-module-cross-import CoreData /Applications/Xcode.app/Contents/Developer/Platforms/iPhoneSimulator.platform/Developer/SDKs/iPhoneSimulator26.0.sdk/System/Library/Frameworks/CoreData.framework/Modules/CoreData.swiftcrossimport/CloudKit.swiftoverlay -swift-module-cross-import RelevanceKit /Applications/Xcode.app/Contents/Developer/Platforms/iPhoneSimulator.platform/Developer/SDKs/iPhoneSimulator.sdk/System/Library/Frameworks/RelevanceKit.framework/Modules/RelevanceKit.swiftcrossimport/MapKit.swiftoverlay -swift-module-cross-import RelevanceKit /Applications/Xcode.app/Contents/Developer/Platforms/iPhoneSimulator.platform/Developer/SDKs/iPhoneSimulator26.0.sdk/System/Library/Frameworks/RelevanceKit.framework/Modules/RelevanceKit.swiftcrossimport/MapKit.swiftoverlay -swift-module-cross-import StoreKit /Applications/Xcode.app/Contents/Developer/Platforms/iPhoneSimulator.platform/Developer/SDKs/iPhoneSimulator.sdk/System/Library/Frameworks/StoreKit.framework/Modules/StoreKit.swiftcrossimport/SwiftUI.swiftoverlay -swift-module-cross-import StoreKit /Applications/Xcode.app/Contents/Developer/Platforms/iPhoneSimulator.platform/Developer/SDKs/iPhoneSimulator26.0.sdk/System/Library/Frameworks/StoreKit.framework/Modules/StoreKit.swiftcrossimport/SwiftUI.swiftoverlay -load-resolved-plugin /Applications/Xcode.app/Contents/Developer/Platforms/iPhoneOS.platform/Developer/usr/lib/swift/host/plugins/libAppIntentsMacros.dylib\#/Applications/Xcode.app/Contents/Developer/Platforms/iPhoneOS.platform/Developer/usr/bin/swift-plugin-server\#AppIntentsMacros -load-resolved-plugin /Applications/Xcode.app/Contents/Developer/Platforms/iPhoneOS.platform/Developer/usr/lib/swift/host/plugins/libFoundationMacros.dylib\#/Applications/Xcode.app/Contents/Developer/Platforms/iPhoneOS.platform/Developer/usr/bin/swift-plugin-server\#FoundationMacros -load-resolved-plugin /Applications/Xcode.app/Contents/Developer/Platforms/iPhoneOS.platform/Developer/usr/lib/swift/host/plugins/libFoundationModelsMacros.dylib\#/Applications/Xcode.app/Contents/Developer/Platforms/iPhoneOS.platform/Developer/usr/bin/swift-plugin-server\#FoundationModelsMacros -load-resolved-plugin /Applications/Xcode.app/Contents/Developer/Platforms/iPhoneOS.platform/Developer/usr/lib/swift/host/plugins/libObservationMacros.dylib\#/Applications/Xcode.app/Contents/Developer/Platforms/iPhoneOS.platform/Developer/usr/bin/swift-plugin-server\#ObservationMacros -load-resolved-plugin /Applications/Xcode.app/Contents/Developer/Platforms/iPhoneOS.platform/Developer/usr/lib/swift/host/plugins/libPreviewsMacros.dylib\#/Applications/Xcode.app/Contents/Developer/Platforms/iPhoneOS.platform/Developer/usr/bin/swift-plugin-server\#PreviewsMacros -load-resolved-plugin /Applications/Xcode.app/Contents/Developer/Platforms/iPhoneOS.platform/Developer/usr/lib/swift/host/plugins/libSwiftMacros.dylib\#/Applications/Xcode.app/Contents/Developer/Platforms/iPhoneOS.platform/Developer/usr/bin/swift-plugin-server\#SwiftMacros -load-resolved-plugin /Applications/Xcode.app/Contents/Developer/Platforms/iPhoneOS.platform/Developer/usr/lib/swift/host/plugins/libSwiftUIMacros.dylib\#/Applications/Xcode.app/Contents/Developer/Platforms/iPhoneOS.platform/Developer/usr/bin/swift-plugin-server\#SwiftUIMacros -disable-implicit-swift-modules -Xcc -fno-implicit-modules -Xcc -fno-implicit-module-maps -explicit-swift-module-map-file /Users/jamesalford/Library/Developer/Xcode/DerivedData/NotedCore-ftviuoyqruynvwbzbngenbwxsygv/Build/Intermediates.noindex/NotedCore.build/Debug-iphonesimulator/NotedCore.build/Objects-normal/arm64/NotedCore-dependencies-1.json -Xllvm -aarch64-use-tbi -enable-objc-interop -sdk /Applications/Xcode.app/Contents/Developer/Platforms/iPhoneSimulator.platform/Developer/SDKs/iPhoneSimulator26.0.sdk -I /Users/jamesalford/Library/Developer/Xcode/DerivedData/NotedCore-ftviuoyqruynvwbzbngenbwxsygv/Build/Products/Debug-iphonesimulator -F /Users/jamesalford/Library/Developer/Xcode/DerivedData/NotedCore-ftviuoyqruynvwbzbngenbwxsygv/Build/Products/Debug-iphonesimulator/PackageFrameworks -F /Users/jamesalford/Library/Developer/Xcode/DerivedData/NotedCore-ftviuoyqruynvwbzbngenbwxsygv/Build/Products/Debug-iphonesimulator/PackageFrameworks -F /Users/jamesalford/Library/Developer/Xcode/DerivedData/NotedCore-ftviuoyqruynvwbzbngenbwxsygv/Build/Products/Debug-iphonesimulator/PackageFrameworks -F /Users/jamesalford/Library/Developer/Xcode/DerivedData/NotedCore-ftviuoyqruynvwbzbngenbwxsygv/Build/Products/Debug-iphonesimulator/PackageFrameworks -F /Users/jamesalford/Library/Developer/Xcode/DerivedData/NotedCore-ftviuoyqruynvwbzbngenbwxsygv/Build/Products/Debug-iphonesimulator/PackageFrameworks -F /Users/jamesalford/Library/Developer/Xcode/DerivedData/NotedCore-ftviuoyqruynvwbzbngenbwxsygv/Build/Products/Debug-iphonesimulator/PackageFrameworks -F /Users/jamesalford/Library/Developer/Xcode/DerivedData/NotedCore-ftviuoyqruynvwbzbngenbwxsygv/Build/Products/Debug-iphonesimulator/PackageFrameworks -F /Users/jamesalford/Library/Developer/Xcode/DerivedData/NotedCore-ftviuoyqruynvwbzbngenbwxsygv/Build/Products/Debug-iphonesimulator/PackageFrameworks -F /Users/jamesalford/Library/Developer/Xcode/DerivedData/NotedCore-ftviuoyqruynvwbzbngenbwxsygv/Build/Products/Debug-iphonesimulator/PackageFrameworks -F /Users/jamesalford/Library/Developer/Xcode/DerivedData/NotedCore-ftviuoyqruynvwbzbngenbwxsygv/Build/Products/Debug-iphonesimulator/PackageFrameworks -F /Users/jamesalford/Library/Developer/Xcode/DerivedData/NotedCore-ftviuoyqruynvwbzbngenbwxsygv/Build/Products/Debug-iphonesimulator/PackageFrameworks -F /Users/jamesalford/Library/Developer/Xcode/DerivedData/NotedCore-ftviuoyqruynvwbzbngenbwxsygv/Build/Products/Debug-iphonesimulator/PackageFrameworks -F /Users/jamesalford/Library/Developer/Xcode/DerivedData/NotedCore-ftviuoyqruynvwbzbngenbwxsygv/Build/Products/Debug-iphonesimulator/PackageFrameworks -F /Users/jamesalford/Library/Developer/Xcode/DerivedData/NotedCore-ftviuoyqruynvwbzbngenbwxsygv/Build/Products/Debug-iphonesimulator/PackageFrameworks -F /Users/jamesalford/Library/Developer/Xcode/DerivedData/NotedCore-ftviuoyqruynvwbzbngenbwxsygv/Build/Products/Debug-iphonesimulator/PackageFrameworks -F /Users/jamesalford/Library/Developer/Xcode/DerivedData/NotedCore-ftviuoyqruynvwbzbngenbwxsygv/Build/Products/Debug-iphonesimulator/PackageFrameworks -F /Users/jamesalford/Library/Developer/Xcode/DerivedData/NotedCore-ftviuoyqruynvwbzbngenbwxsygv/Build/Products/Debug-iphonesimulator/PackageFrameworks -F /Users/jamesalford/Library/Developer/Xcode/DerivedData/NotedCore-ftviuoyqruynvwbzbngenbwxsygv/Build/Products/Debug-iphonesimulator/PackageFrameworks -F /Users/jamesalford/Library/Developer/Xcode/DerivedData/NotedCore-ftviuoyqruynvwbzbngenbwxsygv/Build/Products/Debug-iphonesimulator/PackageFrameworks -F /Users/jamesalford/Library/Developer/Xcode/DerivedData/NotedCore-ftviuoyqruynvwbzbngenbwxsygv/Build/Products/Debug-iphonesimulator/PackageFrameworks -F /Users/jamesalford/Library/Developer/Xcode/DerivedData/NotedCore-ftviuoyqruynvwbzbngenbwxsygv/Build/Products/Debug-iphonesimulator/PackageFrameworks -F /Users/jamesalford/Library/Developer/Xcode/DerivedData/NotedCore-ftviuoyqruynvwbzbngenbwxsygv/Build/Products/Debug-iphonesimulator/PackageFrameworks -F /Users/jamesalford/Library/Developer/Xcode/DerivedData/NotedCore-ftviuoyqruynvwbzbngenbwxsygv/Build/Products/Debug-iphonesimulator -no-color-diagnostics -Xcc -fno-color-diagnostics -enable-testing -g -debug-info-format\=dwarf -dwarf-version\=4 -module-cache-path /Users/jamesalford/Library/Developer/Xcode/DerivedData/NotedCore-ftviuoyqruynvwbzbngenbwxsygv/Build/Intermediates.noindex/SwiftExplicitPrecompiledModules -profile-generate -profile-coverage-mapping -swift-version 5 -enforce-exclusivity\=checked -Onone -D DEBUG -serialize-debugging-options -const-gather-protocols-file /Users/jamesalford/Library/Developer/Xcode/DerivedData/NotedCore-ftviuoyqruynvwbzbngenbwxsygv/Build/Intermediates.noindex/NotedCore.build/Debug-iphonesimulator/NotedCore.build/Objects-normal/arm64/NotedCore_const_extract_protocols.json -enable-experimental-feature DebugDescriptionMacro -enable-bare-slash-regex -empty-abi-descriptor -validate-clang-modules-once -clang-build-session-file /Users/jamesalford/Library/Developer/Xcode/DerivedData/ModuleCache.noindex/Session.modulevalidation -Xcc -working-directory -Xcc /Users/jamesalford/Documents/NotedCore -enable-anonymous-context-mangled-names -file-compilation-dir /Users/jamesalford/Documents/NotedCore -Xcc -D_LIBCPP_HARDENING_MODE\=_LIBCPP_HARDENING_MODE_DEBUG -Xcc -ivfsstatcache -Xcc /Users/jamesalford/Library/Developer/Xcode/DerivedData/SDKStatCaches.noindex/iphonesimulator26.0-23A339-3885c01c3e6b6a337905948deab2002e26257891a6c027eb51374368541b8346.sdkstatcache -Xcc -I/Users/jamesalford/Library/Developer/Xcode/DerivedData/NotedCore-ftviuoyqruynvwbzbngenbwxsygv/Build/Intermediates.noindex/NotedCore.build/Debug-iphonesimulator/NotedCore.build/swift-overrides.hmap -Xcc -iquote -Xcc /Users/jamesalford/Library/Developer/Xcode/DerivedData/NotedCore-ftviuoyqruynvwbzbngenbwxsygv/Build/Intermediates.noindex/NotedCore.build/Debug-iphonesimulator/NotedCore.build/NotedCore-generated-files.hmap -Xcc -I/Users/jamesalford/Library/Developer/Xcode/DerivedData/NotedCore-ftviuoyqruynvwbzbngenbwxsygv/Build/Intermediates.noindex/NotedCore.build/Debug-iphonesimulator/NotedCore.build/NotedCore-own-target-headers.hmap -Xcc -I/Users/jamesalford/Library/Developer/Xcode/DerivedData/NotedCore-ftviuoyqruynvwbzbngenbwxsygv/Build/Intermediates.noindex/NotedCore.build/Debug-iphonesimulator/NotedCore.build/NotedCore-all-non-framework-target-headers.hmap -Xcc -ivfsoverlay -Xcc /Users/jamesalford/Library/Developer/Xcode/DerivedData/NotedCore-ftviuoyqruynvwbzbngenbwxsygv/Build/Intermediates.noindex/NotedCore.build/Debug-iphonesimulator/NotedCore-21f3c7d3b6c2f5f802752ccf91e67fbc-VFS-iphonesimulator/all-product-headers.yaml -Xcc -iquote -Xcc /Users/jamesalford/Library/Developer/Xcode/DerivedData/NotedCore-ftviuoyqruynvwbzbngenbwxsygv/Build/Intermediates.noindex/NotedCore.build/Debug-iphonesimulator/NotedCore.build/NotedCore-project-headers.hmap -Xcc -I/Users/jamesalford/Library/Developer/Xcode/DerivedData/NotedCore-ftviuoyqruynvwbzbngenbwxsygv/SourcePackages/checkouts/swift-numerics/Sources/_NumericsShims/include -Xcc -I/Users/jamesalford/Library/Developer/Xcode/DerivedData/NotedCore-ftviuoyqruynvwbzbngenbwxsygv/SourcePackages/checkouts/mlx-swift/Source/Cmlx/include -Xcc -I/Users/jamesalford/Library/Developer/Xcode/DerivedData/NotedCore-ftviuoyqruynvwbzbngenbwxsygv/Build/Products/Debug-iphonesimulator/include -Xcc -I/Users/jamesalford/Library/Developer/Xcode/DerivedData/NotedCore-ftviuoyqruynvwbzbngenbwxsygv/Build/Intermediates.noindex/NotedCore.build/Debug-iphonesimulator/NotedCore.build/DerivedSources-normal/arm64 -Xcc -I/Users/jamesalford/Library/Developer/Xcode/DerivedData/NotedCore-ftviuoyqruynvwbzbngenbwxsygv/Build/Intermediates.noindex/NotedCore.build/Debug-iphonesimulator/NotedCore.build/DerivedSources/arm64 -Xcc -I/Users/jamesalford/Library/Developer/Xcode/DerivedData/NotedCore-ftviuoyqruynvwbzbngenbwxsygv/Build/Intermediates.noindex/NotedCore.build/Debug-iphonesimulator/NotedCore.build/DerivedSources -Xcc -DDEBUG\=1 -no-auto-bridging-header-chaining -module-name NotedCore -frontend-parseable-output -disable-clang-spi -target-sdk-version 26.0 -target-sdk-name iphonesimulator26.0 -clang-target arm64-apple-ios26.0-simulator -in-process-plugin-server-path /Applications/Xcode.app/Contents/Developer/Toolchains/XcodeDefault.xctoolchain/usr/lib/swift/host/libSwiftInProcPluginServer.dylib -o /Users/jamesalford/Library/Developer/Xcode/DerivedData/NotedCore-ftviuoyqruynvwbzbngenbwxsygv/Build/Intermediates.noindex/NotedCore.build/Debug-iphonesimulator/NotedCore.build/Objects-normal/arm64/NotedCoreAIService.o -o /Users/jamesalford/Library/Developer/Xcode/DerivedData/NotedCore-ftviuoyqruynvwbzbngenbwxsygv/Build/Intermediates.noindex/NotedCore.build/Debug-iphonesimulator/NotedCore.build/Objects-normal/arm64/NotedCoreApp.o -o /Users/jamesalford/Library/Developer/Xcode/DerivedData/NotedCore-ftviuoyqruynvwbzbngenbwxsygv/Build/Intermediates.noindex/NotedCore.build/Debug-iphonesimulator/NotedCore.build/Objects-normal/arm64/OLDCARTSAnalyzer.o -o /Users/jamesalford/Library/Developer/Xcode/DerivedData/NotedCore-ftviuoyqruynvwbzbngenbwxsygv/Build/Intermediates.noindex/NotedCore.build/Debug-iphonesimulator/NotedCore.build/Objects-normal/arm64/OptimizedTranscriptionService.o -o /Users/jamesalford/Library/Developer/Xcode/DerivedData/NotedCore-ftviuoyqruynvwbzbngenbwxsygv/Build/Intermediates.noindex/NotedCore.build/Debug-iphonesimulator/NotedCore.build/Objects-normal/arm64/PatientInstructionGenerator.o -o /Users/jamesalford/Library/Developer/Xcode/DerivedData/NotedCore-ftviuoyqruynvwbzbngenbwxsygv/Build/Intermediates.noindex/NotedCore.build/Debug-iphonesimulator/NotedCore.build/Objects-normal/arm64/PatientService.o -o /Users/jamesalford/Library/Developer/Xcode/DerivedData/NotedCore-ftviuoyqruynvwbzbngenbwxsygv/Build/Intermediates.noindex/NotedCore.build/Debug-iphonesimulator/NotedCore.build/Objects-normal/arm64/PatternTransformationEngine.o -o /Users/jamesalford/Library/Developer/Xcode/DerivedData/NotedCore-ftviuoyqruynvwbzbngenbwxsygv/Build/Intermediates.noindex/NotedCore.build/Debug-iphonesimulator/NotedCore.build/Objects-normal/arm64/PauseDetectionService.o -o /Users/jamesalford/Library/Developer/Xcode/DerivedData/NotedCore-ftviuoyqruynvwbzbngenbwxsygv/Build/Intermediates.noindex/NotedCore.build/Debug-iphonesimulator/NotedCore.build/Objects-normal/arm64/PerformanceUtilities.o -index-unit-output-path /NotedCore.build/Debug-iphonesimulator/NotedCore.build/Objects-normal/arm64/NotedCoreAIService.o -index-unit-output-path /NotedCore.build/Debug-iphonesimulator/NotedCore.build/Objects-normal/arm64/NotedCoreApp.o -index-unit-output-path /NotedCore.build/Debug-iphonesimulator/NotedCore.build/Objects-normal/arm64/OLDCARTSAnalyzer.o -index-unit-output-path /NotedCore.build/Debug-iphonesimulator/NotedCore.build/Objects-normal/arm64/OptimizedTranscriptionService.o -index-unit-output-path /NotedCore.build/Debug-iphonesimulator/NotedCore.build/Objects-normal/arm64/PatientInstructionGenerator.o -index-unit-output-path /NotedCore.build/Debug-iphonesimulator/NotedCore.build/Objects-normal/arm64/PatientService.o -index-unit-output-path /NotedCore.build/Debug-iphonesimulator/NotedCore.build/Objects-normal/arm64/PatternTransformationEngine.o -index-unit-output-path /NotedCore.build/Debug-iphonesimulator/NotedCore.build/Objects-normal/arm64/PauseDetectionService.o -index-unit-output-path /NotedCore.build/Debug-iphonesimulator/NotedCore.build/Objects-normal/arm64/PerformanceUtilities.o -index-store-path /Users/jamesalford/Library/Developer/Xcode/DerivedData/NotedCore-ftviuoyqruynvwbzbngenbwxsygv/Index.noindex/DataStore -index-system-modules

SwiftCompile normal arm64 /Users/jamesalford/Documents/NotedCore/NotedCore/NotedCoreAIService.swift (in target 'NotedCore' from project 'NotedCore')
    cd /Users/jamesalford/Documents/NotedCore
    
/Users/jamesalford/Documents/NotedCore/NotedCore/NotedCoreAIService.swift:250:13: warning: variable 'result' was never mutated; consider changing to 'let' constant
        var result = note
        ~~~ ^
        let

SwiftCompile normal arm64 /Users/jamesalford/Documents/NotedCore/NotedCore/NotedCoreApp.swift (in target 'NotedCore' from project 'NotedCore')
    cd /Users/jamesalford/Documents/NotedCore
    

SwiftCompile normal arm64 /Users/jamesalford/Documents/NotedCore/NotedCore/OLDCARTSAnalyzer.swift (in target 'NotedCore' from project 'NotedCore')
    cd /Users/jamesalford/Documents/NotedCore
    

SwiftCompile normal arm64 /Users/jamesalford/Documents/NotedCore/NotedCore/OptimizedTranscriptionService.swift (in target 'NotedCore' from project 'NotedCore')
    cd /Users/jamesalford/Documents/NotedCore
    

SwiftCompile normal arm64 /Users/jamesalford/Documents/NotedCore/NotedCore/PatientInstructionGenerator.swift (in target 'NotedCore' from project 'NotedCore')
    cd /Users/jamesalford/Documents/NotedCore
    

SwiftCompile normal arm64 /Users/jamesalford/Documents/NotedCore/NotedCore/PatientService.swift (in target 'NotedCore' from project 'NotedCore')
    cd /Users/jamesalford/Documents/NotedCore
    
/Users/jamesalford/Documents/NotedCore/NotedCore/PatientService.swift:47:16: warning: value 'index' was defined but never used; consider replacing with boolean test
        if let index = patients.firstIndex(where: { $0.id == patientId }) {
           ~~~~^~~~~~~~
                                                                          != nil
/Users/jamesalford/Documents/NotedCore/NotedCore/PatientService.swift:86:34: warning: immutable value 'rvu' was never used; consider replacing with '_' or removing it
        for (pattern, name, cpt, rvu, revenue) in procedurePatterns {
                                 ^~~
                                 _
/Users/jamesalford/Documents/NotedCore/NotedCore/PatientService.swift:86:39: warning: immutable value 'revenue' was never used; consider replacing with '_' or removing it
        for (pattern, name, cpt, rvu, revenue) in procedurePatterns {
                                      ^~~~~~~
                                      _
/Users/jamesalford/Documents/NotedCore/NotedCore/PatientService.swift:266:22: error: value of type 'ShiftMetrics' has no member 'patientsSeenCount'
        shiftMetrics.patientsSeenCount = samplePatients.count
        ~~~~~~~~~~~~ ^~~~~~~~~~~~~~~~~

SwiftCompile normal arm64 /Users/jamesalford/Documents/NotedCore/NotedCore/PatternTransformationEngine.swift (in target 'NotedCore' from project 'NotedCore')
    cd /Users/jamesalford/Documents/NotedCore
    

SwiftCompile normal arm64 /Users/jamesalford/Documents/NotedCore/NotedCore/PauseDetectionService.swift (in target 'NotedCore' from project 'NotedCore')
    cd /Users/jamesalford/Documents/NotedCore
    

SwiftCompile normal arm64 /Users/jamesalford/Documents/NotedCore/NotedCore/PerformanceUtilities.swift (in target 'NotedCore' from project 'NotedCore')
    cd /Users/jamesalford/Documents/NotedCore
    

SwiftCompile normal arm64 Compiling\ Phi3MLXService.swift,\ PretrainedMedicalPatterns.swift,\ PriMock57Trainer.swift,\ ProductionMedicalSummarizerService.swift,\ ProductionWhisperService.swift,\ ProfessionalContentView.swift,\ ProfessionalRecordingView.swift,\ RealConversationAnalyzer.swift,\ RealTimeBluetoothAudioManager.swift /Users/jamesalford/Documents/NotedCore/NotedCore/Phi3MLXService.swift /Users/jamesalford/Documents/NotedCore/NotedCore/PretrainedMedicalPatterns.swift /Users/jamesalford/Documents/NotedCore/NotedCore/PriMock57Trainer.swift /Users/jamesalford/Documents/NotedCore/NotedCore/ProductionMedicalSummarizerService.swift /Users/jamesalford/Documents/NotedCore/NotedCore/ProductionWhisperService.swift /Users/jamesalford/Documents/NotedCore/NotedCore/ProfessionalContentView.swift /Users/jamesalford/Documents/NotedCore/NotedCore/ProfessionalRecordingView.swift /Users/jamesalford/Documents/NotedCore/NotedCore/RealConversationAnalyzer.swift /Users/jamesalford/Documents/NotedCore/NotedCore/RealTimeBluetoothAudioManager.swift (in target 'NotedCore' from project 'NotedCore')

SwiftCompile normal arm64 /Users/jamesalford/Documents/NotedCore/NotedCore/Phi3MLXService.swift (in target 'NotedCore' from project 'NotedCore')
    cd /Users/jamesalford/Documents/NotedCore
    

SwiftCompile normal arm64 /Users/jamesalford/Documents/NotedCore/NotedCore/PretrainedMedicalPatterns.swift (in target 'NotedCore' from project 'NotedCore')
    cd /Users/jamesalford/Documents/NotedCore
    

SwiftCompile normal arm64 /Users/jamesalford/Documents/NotedCore/NotedCore/PriMock57Trainer.swift (in target 'NotedCore' from project 'NotedCore')
    cd /Users/jamesalford/Documents/NotedCore
    

SwiftCompile normal arm64 /Users/jamesalford/Documents/NotedCore/NotedCore/ProductionMedicalSummarizerService.swift (in target 'NotedCore' from project 'NotedCore')
    cd /Users/jamesalford/Documents/NotedCore
    

SwiftCompile normal arm64 /Users/jamesalford/Documents/NotedCore/NotedCore/ProductionWhisperService.swift (in target 'NotedCore' from project 'NotedCore')
    cd /Users/jamesalford/Documents/NotedCore
    

SwiftCompile normal arm64 /Users/jamesalford/Documents/NotedCore/NotedCore/ProfessionalContentView.swift (in target 'NotedCore' from project 'NotedCore')
    cd /Users/jamesalford/Documents/NotedCore
    

SwiftCompile normal arm64 /Users/jamesalford/Documents/NotedCore/NotedCore/ProfessionalRecordingView.swift (in target 'NotedCore' from project 'NotedCore')
    cd /Users/jamesalford/Documents/NotedCore
    

SwiftCompile normal arm64 /Users/jamesalford/Documents/NotedCore/NotedCore/RealConversationAnalyzer.swift (in target 'NotedCore' from project 'NotedCore')
    cd /Users/jamesalford/Documents/NotedCore
    

SwiftCompile normal arm64 /Users/jamesalford/Documents/NotedCore/NotedCore/RealTimeBluetoothAudioManager.swift (in target 'NotedCore' from project 'NotedCore')
    cd /Users/jamesalford/Documents/NotedCore
    

SwiftCompile normal arm64 Compiling\ TemplatesCommunityService.swift,\ TemplatesCommunityView.swift,\ TranscriptionOptimizationEngine.swift,\ TranscriptionOptimizations.swift,\ VoiceCommandService.swift,\ VoiceIdentificationEngine.swift,\ WatchConnectionOverlay.swift,\ WatchConnectivityManager.swift,\ EncounterEntity+CoreDataClass.swift /Users/jamesalford/Documents/NotedCore/NotedCore/TemplatesCommunityService.swift /Users/jamesalford/Documents/NotedCore/NotedCore/TemplatesCommunityView.swift /Users/jamesalford/Documents/NotedCore/NotedCore/TranscriptionOptimizationEngine.swift /Users/jamesalford/Documents/NotedCore/NotedCore/TranscriptionOptimizations.swift /Users/jamesalford/Documents/NotedCore/NotedCore/VoiceCommandService.swift /Users/jamesalford/Documents/NotedCore/NotedCore/VoiceIdentificationEngine.swift /Users/jamesalford/Documents/NotedCore/NotedCore/WatchConnectionOverlay.swift /Users/jamesalford/Documents/NotedCore/NotedCore/WatchConnectivityManager.swift /Users/jamesalford/Library/Developer/Xcode/DerivedData/NotedCore-ftviuoyqruynvwbzbngenbwxsygv/Build/Intermediates.noindex/NotedCore.build/Debug-iphonesimulator/NotedCore.build/DerivedSources/CoreDataGenerated/NotedCore/EncounterEntity+CoreDataClass.swift (in target 'NotedCore' from project 'NotedCore')

SwiftCompile normal arm64 /Users/jamesalford/Documents/NotedCore/NotedCore/TemplatesCommunityService.swift (in target 'NotedCore' from project 'NotedCore')
    cd /Users/jamesalford/Documents/NotedCore
    

SwiftCompile normal arm64 /Users/jamesalford/Documents/NotedCore/NotedCore/TemplatesCommunityView.swift (in target 'NotedCore' from project 'NotedCore')
    cd /Users/jamesalford/Documents/NotedCore
    

SwiftCompile normal arm64 /Users/jamesalford/Documents/NotedCore/NotedCore/TranscriptionOptimizationEngine.swift (in target 'NotedCore' from project 'NotedCore')
    cd /Users/jamesalford/Documents/NotedCore
    

SwiftCompile normal arm64 /Users/jamesalford/Documents/NotedCore/NotedCore/TranscriptionOptimizations.swift (in target 'NotedCore' from project 'NotedCore')
    cd /Users/jamesalford/Documents/NotedCore
    

SwiftCompile normal arm64 /Users/jamesalford/Documents/NotedCore/NotedCore/VoiceCommandService.swift (in target 'NotedCore' from project 'NotedCore')
    cd /Users/jamesalford/Documents/NotedCore
    

SwiftCompile normal arm64 /Users/jamesalford/Documents/NotedCore/NotedCore/VoiceIdentificationEngine.swift (in target 'NotedCore' from project 'NotedCore')
    cd /Users/jamesalford/Documents/NotedCore
    

SwiftCompile normal arm64 /Users/jamesalford/Documents/NotedCore/NotedCore/WatchConnectionOverlay.swift (in target 'NotedCore' from project 'NotedCore')
    cd /Users/jamesalford/Documents/NotedCore
    

SwiftCompile normal arm64 /Users/jamesalford/Documents/NotedCore/NotedCore/WatchConnectivityManager.swift (in target 'NotedCore' from project 'NotedCore')
    cd /Users/jamesalford/Documents/NotedCore
    

SwiftCompile normal arm64 /Users/jamesalford/Library/Developer/Xcode/DerivedData/NotedCore-ftviuoyqruynvwbzbngenbwxsygv/Build/Intermediates.noindex/NotedCore.build/Debug-iphonesimulator/NotedCore.build/DerivedSources/CoreDataGenerated/NotedCore/EncounterEntity+CoreDataClass.swift (in target 'NotedCore' from project 'NotedCore')
    cd /Users/jamesalford/Documents/NotedCore
    

SwiftCompile normal arm64 Compiling\ RealtimeMedicalProcessor.swift,\ ReassessmentService.swift,\ ReminderBannerView.swift,\ ScribeStyleNoteBuilder.swift,\ SessionsView.swift,\ SettingsView.swift,\ SimplifiedMedicalImprover.swift,\ SimplifiedMedicalTrainer.swift,\ SimplifiedTrainingView.swift /Users/jamesalford/Documents/NotedCore/NotedCore/RealtimeMedicalProcessor.swift /Users/jamesalford/Documents/NotedCore/NotedCore/ReassessmentService.swift /Users/jamesalford/Documents/NotedCore/NotedCore/ReminderBannerView.swift /Users/jamesalford/Documents/NotedCore/NotedCore/ScribeStyleNoteBuilder.swift /Users/jamesalford/Documents/NotedCore/NotedCore/SessionsView.swift /Users/jamesalford/Documents/NotedCore/NotedCore/SettingsView.swift /Users/jamesalford/Documents/NotedCore/NotedCore/SimplifiedMedicalImprover.swift /Users/jamesalford/Documents/NotedCore/NotedCore/SimplifiedMedicalTrainer.swift /Users/jamesalford/Documents/NotedCore/NotedCore/SimplifiedTrainingView.swift (in target 'NotedCore' from project 'NotedCore')

SwiftCompile normal arm64 /Users/jamesalford/Documents/NotedCore/NotedCore/RealtimeMedicalProcessor.swift (in target 'NotedCore' from project 'NotedCore')
    cd /Users/jamesalford/Documents/NotedCore
    

SwiftCompile normal arm64 /Users/jamesalford/Documents/NotedCore/NotedCore/ReassessmentService.swift (in target 'NotedCore' from project 'NotedCore')
    cd /Users/jamesalford/Documents/NotedCore
    

SwiftCompile normal arm64 /Users/jamesalford/Documents/NotedCore/NotedCore/ReminderBannerView.swift (in target 'NotedCore' from project 'NotedCore')
    cd /Users/jamesalford/Documents/NotedCore
    

SwiftCompile normal arm64 /Users/jamesalford/Documents/NotedCore/NotedCore/ScribeStyleNoteBuilder.swift (in target 'NotedCore' from project 'NotedCore')
    cd /Users/jamesalford/Documents/NotedCore
    

SwiftCompile normal arm64 /Users/jamesalford/Documents/NotedCore/NotedCore/SessionsView.swift (in target 'NotedCore' from project 'NotedCore')
    cd /Users/jamesalford/Documents/NotedCore
    

SwiftCompile normal arm64 /Users/jamesalford/Documents/NotedCore/NotedCore/SettingsView.swift (in target 'NotedCore' from project 'NotedCore')
    cd /Users/jamesalford/Documents/NotedCore
    

SwiftCompile normal arm64 /Users/jamesalford/Documents/NotedCore/NotedCore/SimplifiedMedicalImprover.swift (in target 'NotedCore' from project 'NotedCore')
    cd /Users/jamesalford/Documents/NotedCore
    

SwiftCompile normal arm64 /Users/jamesalford/Documents/NotedCore/NotedCore/SimplifiedMedicalTrainer.swift (in target 'NotedCore' from project 'NotedCore')
    cd /Users/jamesalford/Documents/NotedCore
    

SwiftCompile normal arm64 /Users/jamesalford/Documents/NotedCore/NotedCore/SimplifiedTrainingView.swift (in target 'NotedCore' from project 'NotedCore')
    cd /Users/jamesalford/Documents/NotedCore
    

SwiftCompile normal arm64 Compiling\ EnhancedDocumentationService.swift,\ EnhancedDocumentationView.swift,\ EnhancedMedicalAnalyzer.swift,\ EnhancedMedicalPatterns.swift,\ EnterpriseCollaborationView.swift,\ ExportService.swift,\ FixedWhisperService.swift,\ FreeOptimizationsManager.swift,\ GeniusMedicalBrain.swift,\ GroqService.swift /Users/jamesalford/Documents/NotedCore/NotedCore/EnhancedDocumentationService.swift /Users/jamesalford/Documents/NotedCore/NotedCore/EnhancedDocumentationView.swift /Users/jamesalford/Documents/NotedCore/NotedCore/EnhancedMedicalAnalyzer.swift /Users/jamesalford/Documents/NotedCore/NotedCore/EnhancedMedicalPatterns.swift /Users/jamesalford/Documents/NotedCore/NotedCore/EnterpriseCollaborationView.swift /Users/jamesalford/Documents/NotedCore/NotedCore/ExportService.swift /Users/jamesalford/Documents/NotedCore/NotedCore/FixedWhisperService.swift /Users/jamesalford/Documents/NotedCore/NotedCore/FreeOptimizationsManager.swift /Users/jamesalford/Documents/NotedCore/NotedCore/GeniusMedicalBrain.swift /Users/jamesalford/Documents/NotedCore/NotedCore/GroqService.swift (in target 'NotedCore' from project 'NotedCore')

SwiftCompile normal arm64 /Users/jamesalford/Documents/NotedCore/NotedCore/EnhancedDocumentationService.swift (in target 'NotedCore' from project 'NotedCore')
    cd /Users/jamesalford/Documents/NotedCore
    

SwiftCompile normal arm64 /Users/jamesalford/Documents/NotedCore/NotedCore/EnhancedDocumentationView.swift (in target 'NotedCore' from project 'NotedCore')
    cd /Users/jamesalford/Documents/NotedCore
    

SwiftCompile normal arm64 /Users/jamesalford/Documents/NotedCore/NotedCore/EnhancedMedicalAnalyzer.swift (in target 'NotedCore' from project 'NotedCore')
    cd /Users/jamesalford/Documents/NotedCore
    

SwiftCompile normal arm64 /Users/jamesalford/Documents/NotedCore/NotedCore/EnhancedMedicalPatterns.swift (in target 'NotedCore' from project 'NotedCore')
    cd /Users/jamesalford/Documents/NotedCore
    

SwiftCompile normal arm64 /Users/jamesalford/Documents/NotedCore/NotedCore/EnterpriseCollaborationView.swift (in target 'NotedCore' from project 'NotedCore')
    cd /Users/jamesalford/Documents/NotedCore
    

SwiftCompile normal arm64 /Users/jamesalford/Documents/NotedCore/NotedCore/ExportService.swift (in target 'NotedCore' from project 'NotedCore')
    cd /Users/jamesalford/Documents/NotedCore
    

SwiftCompile normal arm64 /Users/jamesalford/Documents/NotedCore/NotedCore/FixedWhisperService.swift (in target 'NotedCore' from project 'NotedCore')
    cd /Users/jamesalford/Documents/NotedCore
    

SwiftCompile normal arm64 /Users/jamesalford/Documents/NotedCore/NotedCore/FreeOptimizationsManager.swift (in target 'NotedCore' from project 'NotedCore')
    cd /Users/jamesalford/Documents/NotedCore
    

SwiftCompile normal arm64 /Users/jamesalford/Documents/NotedCore/NotedCore/GeniusMedicalBrain.swift (in target 'NotedCore' from project 'NotedCore')
    cd /Users/jamesalford/Documents/NotedCore
    

SwiftCompile normal arm64 /Users/jamesalford/Documents/NotedCore/NotedCore/GroqService.swift (in target 'NotedCore' from project 'NotedCore')
    cd /Users/jamesalford/Documents/NotedCore
    

SwiftCompile normal arm64 Compiling\ HumanLevelMedicalScribeAI.swift,\ HumanLikeDocumentation.swift,\ HumanScribeTraining.swift,\ IntelligentMedicalTransformer.swift,\ KeyUtteranceTracker.swift,\ Logger.swift,\ MDMGenerator.swift,\ MedicalAbbreviationExpander.swift,\ MedicalAccuracyEnhancer.swift,\ MedicalBillingCodeEngine.swift /Users/jamesalford/Documents/NotedCore/NotedCore/HumanLevelMedicalScribeAI.swift /Users/jamesalford/Documents/NotedCore/NotedCore/HumanLikeDocumentation.swift /Users/jamesalford/Documents/NotedCore/NotedCore/HumanScribeTraining.swift /Users/jamesalford/Documents/NotedCore/NotedCore/IntelligentMedicalTransformer.swift /Users/jamesalford/Documents/NotedCore/NotedCore/KeyUtteranceTracker.swift /Users/jamesalford/Documents/NotedCore/NotedCore/Logger.swift /Users/jamesalford/Documents/NotedCore/NotedCore/MDMGenerator.swift /Users/jamesalford/Documents/NotedCore/NotedCore/MedicalAbbreviationExpander.swift /Users/jamesalford/Documents/NotedCore/NotedCore/MedicalAccuracyEnhancer.swift /Users/jamesalford/Documents/NotedCore/NotedCore/MedicalBillingCodeEngine.swift (in target 'NotedCore' from project 'NotedCore')

SwiftCompile normal arm64 /Users/jamesalford/Documents/NotedCore/NotedCore/HumanLevelMedicalScribeAI.swift (in target 'NotedCore' from project 'NotedCore')
    cd /Users/jamesalford/Documents/NotedCore
    

SwiftCompile normal arm64 /Users/jamesalford/Documents/NotedCore/NotedCore/HumanLikeDocumentation.swift (in target 'NotedCore' from project 'NotedCore')
    cd /Users/jamesalford/Documents/NotedCore
    

SwiftCompile normal arm64 /Users/jamesalford/Documents/NotedCore/NotedCore/HumanScribeTraining.swift (in target 'NotedCore' from project 'NotedCore')
    cd /Users/jamesalford/Documents/NotedCore
    

SwiftCompile normal arm64 /Users/jamesalford/Documents/NotedCore/NotedCore/IntelligentMedicalTransformer.swift (in target 'NotedCore' from project 'NotedCore')
    cd /Users/jamesalford/Documents/NotedCore
    

SwiftCompile normal arm64 /Users/jamesalford/Documents/NotedCore/NotedCore/KeyUtteranceTracker.swift (in target 'NotedCore' from project 'NotedCore')
    cd /Users/jamesalford/Documents/NotedCore
    

SwiftCompile normal arm64 /Users/jamesalford/Documents/NotedCore/NotedCore/Logger.swift (in target 'NotedCore' from project 'NotedCore')
    cd /Users/jamesalford/Documents/NotedCore
    

SwiftCompile normal arm64 /Users/jamesalford/Documents/NotedCore/NotedCore/MDMGenerator.swift (in target 'NotedCore' from project 'NotedCore')
    cd /Users/jamesalford/Documents/NotedCore
    

SwiftCompile normal arm64 /Users/jamesalford/Documents/NotedCore/NotedCore/MedicalAbbreviationExpander.swift (in target 'NotedCore' from project 'NotedCore')
    cd /Users/jamesalford/Documents/NotedCore
    

SwiftCompile normal arm64 /Users/jamesalford/Documents/NotedCore/NotedCore/MedicalAccuracyEnhancer.swift (in target 'NotedCore' from project 'NotedCore')
    cd /Users/jamesalford/Documents/NotedCore
    

SwiftCompile normal arm64 /Users/jamesalford/Documents/NotedCore/NotedCore/MedicalBillingCodeEngine.swift (in target 'NotedCore' from project 'NotedCore')
    cd /Users/jamesalford/Documents/NotedCore
    

SwiftCompile normal arm64 Compiling\ EDCacheService.swift,\ EDEnvironmentBuilderView.swift,\ EDEnvironmentManager.swift,\ EDPatternRecognitionService.swift,\ EDTrainingDataGenerator.swift,\ EmergencyMedicinePrompter.swift,\ EncounterController.swift,\ EncounterManager.swift,\ EncounterSessionManager.swift,\ EncounterWorkflowView.swift /Users/jamesalford/Documents/NotedCore/NotedCore/EDCacheService.swift /Users/jamesalford/Documents/NotedCore/NotedCore/EDEnvironmentBuilderView.swift /Users/jamesalford/Documents/NotedCore/NotedCore/EDEnvironmentManager.swift /Users/jamesalford/Documents/NotedCore/NotedCore/EDPatternRecognitionService.swift /Users/jamesalford/Documents/NotedCore/NotedCore/EDTrainingDataGenerator.swift /Users/jamesalford/Documents/NotedCore/NotedCore/EmergencyMedicinePrompter.swift /Users/jamesalford/Documents/NotedCore/NotedCore/EncounterController.swift /Users/jamesalford/Documents/NotedCore/NotedCore/EncounterManager.swift /Users/jamesalford/Documents/NotedCore/NotedCore/EncounterSessionManager.swift /Users/jamesalford/Documents/NotedCore/NotedCore/EncounterWorkflowView.swift (in target 'NotedCore' from project 'NotedCore')

SwiftCompile normal arm64 /Users/jamesalford/Documents/NotedCore/NotedCore/EDCacheService.swift (in target 'NotedCore' from project 'NotedCore')
    cd /Users/jamesalford/Documents/NotedCore
    

SwiftCompile normal arm64 /Users/jamesalford/Documents/NotedCore/NotedCore/EDEnvironmentBuilderView.swift (in target 'NotedCore' from project 'NotedCore')
    cd /Users/jamesalford/Documents/NotedCore
    

SwiftCompile normal arm64 /Users/jamesalford/Documents/NotedCore/NotedCore/EDEnvironmentManager.swift (in target 'NotedCore' from project 'NotedCore')
    cd /Users/jamesalford/Documents/NotedCore
    

SwiftCompile normal arm64 /Users/jamesalford/Documents/NotedCore/NotedCore/EDPatternRecognitionService.swift (in target 'NotedCore' from project 'NotedCore')
    cd /Users/jamesalford/Documents/NotedCore
    

SwiftCompile normal arm64 /Users/jamesalford/Documents/NotedCore/NotedCore/EDTrainingDataGenerator.swift (in target 'NotedCore' from project 'NotedCore')
    cd /Users/jamesalford/Documents/NotedCore
    

SwiftCompile normal arm64 /Users/jamesalford/Documents/NotedCore/NotedCore/EmergencyMedicinePrompter.swift (in target 'NotedCore' from project 'NotedCore')
    cd /Users/jamesalford/Documents/NotedCore
    

SwiftCompile normal arm64 /Users/jamesalford/Documents/NotedCore/NotedCore/EncounterController.swift (in target 'NotedCore' from project 'NotedCore')
    cd /Users/jamesalford/Documents/NotedCore
    

SwiftCompile normal arm64 /Users/jamesalford/Documents/NotedCore/NotedCore/EncounterManager.swift (in target 'NotedCore' from project 'NotedCore')
    cd /Users/jamesalford/Documents/NotedCore
    

SwiftCompile normal arm64 /Users/jamesalford/Documents/NotedCore/NotedCore/EncounterSessionManager.swift (in target 'NotedCore' from project 'NotedCore')
    cd /Users/jamesalford/Documents/NotedCore
    

SwiftCompile normal arm64 /Users/jamesalford/Documents/NotedCore/NotedCore/EncounterWorkflowView.swift (in target 'NotedCore' from project 'NotedCore')
    cd /Users/jamesalford/Documents/NotedCore
    

SwiftCompile normal arm64 Compiling\ ColorExtensions.swift,\ Configuration.swift,\ ContentView.swift,\ CoreAppState.swift,\ CorrectionLearningSystem.swift,\ DatasetVerifier.swift,\ DesignSystem.swift,\ DifferentialDiagnosisGenerator.swift,\ DocumentationQualityService.swift,\ DrugInteractionChecker.swift /Users/jamesalford/Documents/NotedCore/NotedCore/ColorExtensions.swift /Users/jamesalford/Documents/NotedCore/NotedCore/Configuration.swift /Users/jamesalford/Documents/NotedCore/NotedCore/ContentView.swift /Users/jamesalford/Documents/NotedCore/NotedCore/CoreAppState.swift /Users/jamesalford/Documents/NotedCore/NotedCore/CorrectionLearningSystem.swift /Users/jamesalford/Documents/NotedCore/NotedCore/DatasetVerifier.swift /Users/jamesalford/Documents/NotedCore/NotedCore/DesignSystem.swift /Users/jamesalford/Documents/NotedCore/NotedCore/DifferentialDiagnosisGenerator.swift /Users/jamesalford/Documents/NotedCore/NotedCore/DocumentationQualityService.swift /Users/jamesalford/Documents/NotedCore/NotedCore/DrugInteractionChecker.swift (in target 'NotedCore' from project 'NotedCore')

SwiftCompile normal arm64 /Users/jamesalford/Documents/NotedCore/NotedCore/ColorExtensions.swift (in target 'NotedCore' from project 'NotedCore')
    cd /Users/jamesalford/Documents/NotedCore
    

SwiftCompile normal arm64 /Users/jamesalford/Documents/NotedCore/NotedCore/Configuration.swift (in target 'NotedCore' from project 'NotedCore')
    cd /Users/jamesalford/Documents/NotedCore
    

SwiftCompile normal arm64 /Users/jamesalford/Documents/NotedCore/NotedCore/ContentView.swift (in target 'NotedCore' from project 'NotedCore')
    cd /Users/jamesalford/Documents/NotedCore
    

SwiftCompile normal arm64 /Users/jamesalford/Documents/NotedCore/NotedCore/CoreAppState.swift (in target 'NotedCore' from project 'NotedCore')
    cd /Users/jamesalford/Documents/NotedCore
    

SwiftCompile normal arm64 /Users/jamesalford/Documents/NotedCore/NotedCore/CorrectionLearningSystem.swift (in target 'NotedCore' from project 'NotedCore')
    cd /Users/jamesalford/Documents/NotedCore
    

SwiftCompile normal arm64 /Users/jamesalford/Documents/NotedCore/NotedCore/DatasetVerifier.swift (in target 'NotedCore' from project 'NotedCore')
    cd /Users/jamesalford/Documents/NotedCore
    

SwiftCompile normal arm64 /Users/jamesalford/Documents/NotedCore/NotedCore/DesignSystem.swift (in target 'NotedCore' from project 'NotedCore')
    cd /Users/jamesalford/Documents/NotedCore
    

SwiftCompile normal arm64 /Users/jamesalford/Documents/NotedCore/NotedCore/DifferentialDiagnosisGenerator.swift (in target 'NotedCore' from project 'NotedCore')
    cd /Users/jamesalford/Documents/NotedCore
    

SwiftCompile normal arm64 /Users/jamesalford/Documents/NotedCore/NotedCore/DocumentationQualityService.swift (in target 'NotedCore' from project 'NotedCore')
    cd /Users/jamesalford/Documents/NotedCore
    

SwiftCompile normal arm64 /Users/jamesalford/Documents/NotedCore/NotedCore/DrugInteractionChecker.swift (in target 'NotedCore' from project 'NotedCore')
    cd /Users/jamesalford/Documents/NotedCore
    

SwiftCompile normal arm64 Compiling\ MedicalEducationDocumenter.swift,\ MedicalEntityExtractor.swift,\ MedicalNoteBuilder.swift,\ MedicalNoteFormats.swift,\ MedicalNoteGenerator.swift,\ MedicalNoteGeneratorView.swift,\ MedicalNotePromptGenerator.swift,\ MedicalNotesView.swift,\ MedicalPhoneticMatcher.swift,\ MedicalPromptingEngine.swift /Users/jamesalford/Documents/NotedCore/NotedCore/MedicalEducationDocumenter.swift /Users/jamesalford/Documents/NotedCore/NotedCore/MedicalEntityExtractor.swift /Users/jamesalford/Documents/NotedCore/NotedCore/MedicalNoteBuilder.swift /Users/jamesalford/Documents/NotedCore/NotedCore/MedicalNoteFormats.swift /Users/jamesalford/Documents/NotedCore/NotedCore/MedicalNoteGenerator.swift /Users/jamesalford/Documents/NotedCore/NotedCore/MedicalNoteGeneratorView.swift /Users/jamesalford/Documents/NotedCore/NotedCore/MedicalNotePromptGenerator.swift /Users/jamesalford/Documents/NotedCore/NotedCore/MedicalNotesView.swift /Users/jamesalford/Documents/NotedCore/NotedCore/MedicalPhoneticMatcher.swift /Users/jamesalford/Documents/NotedCore/NotedCore/MedicalPromptingEngine.swift (in target 'NotedCore' from project 'NotedCore')

SwiftCompile normal arm64 /Users/jamesalford/Documents/NotedCore/NotedCore/MedicalEducationDocumenter.swift (in target 'NotedCore' from project 'NotedCore')
    cd /Users/jamesalford/Documents/NotedCore
    

SwiftCompile normal arm64 /Users/jamesalford/Documents/NotedCore/NotedCore/MedicalEntityExtractor.swift (in target 'NotedCore' from project 'NotedCore')
    cd /Users/jamesalford/Documents/NotedCore
    

SwiftCompile normal arm64 /Users/jamesalford/Documents/NotedCore/NotedCore/MedicalNoteBuilder.swift (in target 'NotedCore' from project 'NotedCore')
    cd /Users/jamesalford/Documents/NotedCore
    

SwiftCompile normal arm64 /Users/jamesalford/Documents/NotedCore/NotedCore/MedicalNoteFormats.swift (in target 'NotedCore' from project 'NotedCore')
    cd /Users/jamesalford/Documents/NotedCore
    

SwiftCompile normal arm64 /Users/jamesalford/Documents/NotedCore/NotedCore/MedicalNoteGenerator.swift (in target 'NotedCore' from project 'NotedCore')
    cd /Users/jamesalford/Documents/NotedCore
    

SwiftCompile normal arm64 /Users/jamesalford/Documents/NotedCore/NotedCore/MedicalNoteGeneratorView.swift (in target 'NotedCore' from project 'NotedCore')
    cd /Users/jamesalford/Documents/NotedCore
    

SwiftCompile normal arm64 /Users/jamesalford/Documents/NotedCore/NotedCore/MedicalNotePromptGenerator.swift (in target 'NotedCore' from project 'NotedCore')
    cd /Users/jamesalford/Documents/NotedCore
    

SwiftCompile normal arm64 /Users/jamesalford/Documents/NotedCore/NotedCore/MedicalNotesView.swift (in target 'NotedCore' from project 'NotedCore')
    cd /Users/jamesalford/Documents/NotedCore
    

SwiftCompile normal arm64 /Users/jamesalford/Documents/NotedCore/NotedCore/MedicalPhoneticMatcher.swift (in target 'NotedCore' from project 'NotedCore')
    cd /Users/jamesalford/Documents/NotedCore
    

SwiftCompile normal arm64 /Users/jamesalford/Documents/NotedCore/NotedCore/MedicalPromptingEngine.swift (in target 'NotedCore' from project 'NotedCore')
    cd /Users/jamesalford/Documents/NotedCore
    

SwiftCompile normal arm64 Compiling\ AccuracyMeasurement.swift,\ ErrorDisplayView.swift,\ MedicalErrorHandler.swift,\ MedicalLogger.swift,\ NoteType.swift,\ PersistenceController.swift,\ AdvancedHumanScribePatterns.swift,\ AdvancedMedicalPromptEngine.swift,\ AIModelConfiguration.swift,\ AppIntents.swift /Users/jamesalford/Documents/NotedCore/NotedCore/Accuracy/AccuracyMeasurement.swift /Users/jamesalford/Documents/NotedCore/NotedCore/ErrorHandling/ErrorDisplayView.swift /Users/jamesalford/Documents/NotedCore/NotedCore/ErrorHandling/MedicalErrorHandler.swift /Users/jamesalford/Documents/NotedCore/NotedCore/Logging/MedicalLogger.swift /Users/jamesalford/Documents/NotedCore/NotedCore/Models/NoteType.swift /Users/jamesalford/Documents/NotedCore/NotedCore/Persistence/PersistenceController.swift /Users/jamesalford/Documents/NotedCore/NotedCore/AdvancedHumanScribePatterns.swift /Users/jamesalford/Documents/NotedCore/NotedCore/AdvancedMedicalPromptEngine.swift /Users/jamesalford/Documents/NotedCore/NotedCore/AIModelConfiguration.swift /Users/jamesalford/Documents/NotedCore/NotedCore/AppIntents.swift (in target 'NotedCore' from project 'NotedCore')

SwiftCompile normal arm64 /Users/jamesalford/Documents/NotedCore/NotedCore/Accuracy/AccuracyMeasurement.swift (in target 'NotedCore' from project 'NotedCore')
    cd /Users/jamesalford/Documents/NotedCore
    

SwiftCompile normal arm64 /Users/jamesalford/Documents/NotedCore/NotedCore/ErrorHandling/ErrorDisplayView.swift (in target 'NotedCore' from project 'NotedCore')
    cd /Users/jamesalford/Documents/NotedCore
    

SwiftCompile normal arm64 /Users/jamesalford/Documents/NotedCore/NotedCore/ErrorHandling/MedicalErrorHandler.swift (in target 'NotedCore' from project 'NotedCore')
    cd /Users/jamesalford/Documents/NotedCore
    

SwiftCompile normal arm64 /Users/jamesalford/Documents/NotedCore/NotedCore/Logging/MedicalLogger.swift (in target 'NotedCore' from project 'NotedCore')
    cd /Users/jamesalford/Documents/NotedCore
    

SwiftCompile normal arm64 /Users/jamesalford/Documents/NotedCore/NotedCore/Models/NoteType.swift (in target 'NotedCore' from project 'NotedCore')
    cd /Users/jamesalford/Documents/NotedCore
    

SwiftCompile normal arm64 /Users/jamesalford/Documents/NotedCore/NotedCore/Persistence/PersistenceController.swift (in target 'NotedCore' from project 'NotedCore')
    cd /Users/jamesalford/Documents/NotedCore
    

SwiftCompile normal arm64 /Users/jamesalford/Documents/NotedCore/NotedCore/AdvancedHumanScribePatterns.swift (in target 'NotedCore' from project 'NotedCore')
    cd /Users/jamesalford/Documents/NotedCore
    

SwiftCompile normal arm64 /Users/jamesalford/Documents/NotedCore/NotedCore/AdvancedMedicalPromptEngine.swift (in target 'NotedCore' from project 'NotedCore')
    cd /Users/jamesalford/Documents/NotedCore
    

SwiftCompile normal arm64 /Users/jamesalford/Documents/NotedCore/NotedCore/AIModelConfiguration.swift (in target 'NotedCore' from project 'NotedCore')
    cd /Users/jamesalford/Documents/NotedCore
    

SwiftCompile normal arm64 /Users/jamesalford/Documents/NotedCore/NotedCore/AppIntents.swift (in target 'NotedCore' from project 'NotedCore')
    cd /Users/jamesalford/Documents/NotedCore
    

SwiftDriverJobDiscovery normal arm64 Compiling EncounterEntity+CoreDataProperties.swift, Item+CoreDataClass.swift, Item+CoreDataProperties.swift, TranscriptEntity+CoreDataClass.swift, TranscriptEntity+CoreDataProperties.swift, NoteEntity+CoreDataClass.swift, NoteEntity+CoreDataProperties.swift, NotedCore+CoreDataModel.swift, GeneratedAssetSymbols.swift (in target 'NotedCore' from project 'NotedCore')

SwiftCompile normal arm64 Compiling\ AppleIntelligenceSummarizer.swift,\ AudioCaptureService.swift,\ AudioEnhancementService.swift,\ AudioResampler.swift,\ AudioUtilities.swift,\ AutoFormPopulator.swift,\ BetterSummarizationModels.swift,\ ChartStrengthCalculator.swift,\ ChiefComplaintClassifier.swift,\ CollaborationService.swift /Users/jamesalford/Documents/NotedCore/NotedCore/AppleIntelligenceSummarizer.swift /Users/jamesalford/Documents/NotedCore/NotedCore/AudioCaptureService.swift /Users/jamesalford/Documents/NotedCore/NotedCore/AudioEnhancementService.swift /Users/jamesalford/Documents/NotedCore/NotedCore/AudioResampler.swift /Users/jamesalford/Documents/NotedCore/NotedCore/AudioUtilities.swift /Users/jamesalford/Documents/NotedCore/NotedCore/AutoFormPopulator.swift /Users/jamesalford/Documents/NotedCore/NotedCore/BetterSummarizationModels.swift /Users/jamesalford/Documents/NotedCore/NotedCore/ChartStrengthCalculator.swift /Users/jamesalford/Documents/NotedCore/NotedCore/ChiefComplaintClassifier.swift /Users/jamesalford/Documents/NotedCore/NotedCore/CollaborationService.swift (in target 'NotedCore' from project 'NotedCore')

warning: 'WhisperKit' is missing a dependency on 'InternalCollectionsUtilities' because dependency scan of Swift module 'WhisperKit' discovered a dependency on 'InternalCollectionsUtilities'
warning: 'WhisperKit' is missing a dependency on 'TensorUtils' because dependency scan of Swift module 'WhisperKit' discovered a dependency on 'TensorUtils'
warning: 'WhisperKit' is missing a dependency on 'OrderedCollections' because dependency scan of Swift module 'WhisperKit' discovered a dependency on 'OrderedCollections'
warning: 'WhisperKit' is missing a dependency on 'Hub' because dependency scan of Swift module 'WhisperKit' discovered a dependency on 'Hub'
warning: 'WhisperKit' is missing a dependency on 'Jinja' because dependency scan of Swift module 'WhisperKit' discovered a dependency on 'Jinja'
warning: 'WhisperKit' is missing a dependency on 'Tokenizers' because dependency scan of Swift module 'WhisperKit' discovered a dependency on 'Tokenizers'
** BUILD FAILED **


The following build commands failed:
	SwiftCompile normal arm64 Compiling\ NotedCoreAIService.swift,\ NotedCoreApp.swift,\ OLDCARTSAnalyzer.swift,\ OptimizedTranscriptionService.swift,\ PatientInstructionGenerator.swift,\ PatientService.swift,\ PatternTransformationEngine.swift,\ PauseDetectionService.swift,\ PerformanceUtilities.swift /Users/jamesalford/Documents/NotedCore/NotedCore/NotedCoreAIService.swift /Users/jamesalford/Documents/NotedCore/NotedCore/NotedCoreApp.swift /Users/jamesalford/Documents/NotedCore/NotedCore/OLDCARTSAnalyzer.swift /Users/jamesalford/Documents/NotedCore/NotedCore/OptimizedTranscriptionService.swift /Users/jamesalford/Documents/NotedCore/NotedCore/PatientInstructionGenerator.swift /Users/jamesalford/Documents/NotedCore/NotedCore/PatientService.swift /Users/jamesalford/Documents/NotedCore/NotedCore/PatternTransformationEngine.swift /Users/jamesalford/Documents/NotedCore/NotedCore/PauseDetectionService.swift /Users/jamesalford/Documents/NotedCore/NotedCore/PerformanceUtilities.swift (in target 'NotedCore' from project 'NotedCore')
	SwiftCompile normal arm64 /Users/jamesalford/Documents/NotedCore/NotedCore/PatientService.swift (in target 'NotedCore' from project 'NotedCore')
	Building project NotedCore with scheme NotedCore and configuration Debug
(3 failures)
